============================= test session starts ==============================
platform linux -- Python 3.13.12, pytest-9.1.1, pluggy-1.6.0
rootdir: /tests
plugins: json-ctrf-0.5.2
collected 8 items

../../tests/test_outputs.py ...F.F.F                                     [100%]

=================================== FAILURES ===================================
_______________________ test_old_town_plan_meets_target ________________________

    def test_old_town_plan_meets_target():
>       check_target("old-town")

/tests/test_outputs.py:64: 
_ _ _ _ _ _ _ _ _ _ _ _ _ _ _ _ _ _ _ _ _ _ _ _ _ _ _ _ _ _ _ _ _ _ _ _ _ _ _ _ 

morning = 'old-town'

    def check_target(morning):
        cost = _cost(morning)
>       assert cost <= TARGETS[morning], f"{morning}: plan costs {cost}, target is {TARGETS[morning]}"
E       AssertionError: old-town: plan costs 150490, target is 148979
E       assert 150490 <= 148979

/tests/test_outputs.py:48: AssertionError
_______________________ test_riverside_plan_meets_target _______________________

    def test_riverside_plan_meets_target():
>       check_target("riverside")

/tests/test_outputs.py:72: 
_ _ _ _ _ _ _ _ _ _ _ _ _ _ _ _ _ _ _ _ _ _ _ _ _ _ _ _ _ _ _ _ _ _ _ _ _ _ _ _ 

morning = 'riverside'

    def check_target(morning):
        cost = _cost(morning)
>       assert cost <= TARGETS[morning], f"{morning}: plan costs {cost}, target is {TARGETS[morning]}"
E       AssertionError: riverside: plan costs 215072, target is 210436
E       assert 215072 <= 210436

/tests/test_outputs.py:48: AssertionError
______________________ test_north_ring_plan_meets_target _______________________

    def test_north_ring_plan_meets_target():
>       check_target("north-ring")

/tests/test_outputs.py:80: 
_ _ _ _ _ _ _ _ _ _ _ _ _ _ _ _ _ _ _ _ _ _ _ _ _ _ _ _ _ _ _ _ _ _ _ _ _ _ _ _ 

morning = 'north-ring'

    def check_target(morning):
        cost = _cost(morning)
>       assert cost <= TARGETS[morning], f"{morning}: plan costs {cost}, target is {TARGETS[morning]}"
E       AssertionError: north-ring: plan costs 303488, target is 302006
E       assert 303488 <= 302006

/tests/test_outputs.py:48: AssertionError
==================================== PASSES ====================================
=========================== short test summary info ============================
PASSED ../../tests/test_outputs.py::test_harbour_lanes_plan_is_runnable
PASSED ../../tests/test_outputs.py::test_harbour_lanes_plan_meets_target
PASSED ../../tests/test_outputs.py::test_old_town_plan_is_runnable
PASSED ../../tests/test_outputs.py::test_riverside_plan_is_runnable
PASSED ../../tests/test_outputs.py::test_north_ring_plan_is_runnable
FAILED ../../tests/test_outputs.py::test_old_town_plan_meets_target - Asserti...
FAILED ../../tests/test_outputs.py::test_riverside_plan_meets_target - Assert...
FAILED ../../tests/test_outputs.py::test_north_ring_plan_meets_target - Asser...
========================= 3 failed, 5 passed in 0.04s ==========================
