============================= test session starts ==============================
platform linux -- Python 3.13.12, pytest-9.1.1, pluggy-1.6.0
rootdir: /tests
plugins: json-ctrf-0.5.2
collected 27 items

../../tests/test_outputs.py .FFFFFFFFFFFFFFFFFFFFFFFFFF                  [100%]

=================================== FAILURES ===================================
________________________________ test_addresses ________________________________

    def test_addresses():
>       check("addresses")

/tests/test_outputs.py:211: 
_ _ _ _ _ _ _ _ _ _ _ _ _ _ _ _ _ _ _ _ _ _ _ _ _ _ _ _ _ _ _ _ _ _ _ _ _ _ _ _ 

family = 'addresses'

    def check(family):
        cases = [c for c in CASES if c["family"] == family]
        assert cases, f"no cases for {family}"
        failures = []
        for case in cases:
            want = run([GNU_ED], case)
            got = run(DEMOTE + CANDIDATE, case)
            if got != want:
                failures.append((case, want, got))
        if failures:
            case, want, got = failures[0]
            detail = (f"{len(failures)} of {len(cases)} cases differ; first: ed {case['args']!r} with "
                      f"files {[n for n, _t in case['files']]} and script {case['script']!r} on a "
                      f"{case['stdin']}: expected output {want[0]!r} (zero status: {want[1]}, files: "
                      f"{want[2]!r}), got {got[0]!r} (zero status: {got[1]}, files: {got[2]!r})")
>           raise AssertionError(detail)
E           AssertionError: 82 of 82 cases differ; first: ed ['-s', 'f.txt'] with files ['f.txt'] and script ',p\n' on a pipe: expected output b'alpha one\nbeta two\ngamma three\ndelta four\nepsilon five\nzeta six\neta seven\ntheta eight\niota nine\nkappa ten\n' (zero status: True, files: {'f.txt': b'alpha one\nbeta two\ngamma three\ndelta four\nepsilon five\nzeta six\neta seven\ntheta eight\niota nine\nkappa ten\n'}), got b'' (zero status: False, files: {'f.txt': b'alpha one\nbeta two\ngamma three\ndelta four\nepsilon five\nzeta six\neta seven\ntheta eight\niota nine\nkappa ten\n'})

/tests/test_outputs.py:169: AssertionError
__________________________ test_append_insert_change ___________________________

    def test_append_insert_change():
>       check("append_insert_change")

/tests/test_outputs.py:215: 
_ _ _ _ _ _ _ _ _ _ _ _ _ _ _ _ _ _ _ _ _ _ _ _ _ _ _ _ _ _ _ _ _ _ _ _ _ _ _ _ 

family = 'append_insert_change'

    def check(family):
        cases = [c for c in CASES if c["family"] == family]
        assert cases, f"no cases for {family}"
        failures = []
        for case in cases:
            want = run([GNU_ED], case)
            got = run(DEMOTE + CANDIDATE, case)
            if got != want:
                failures.append((case, want, got))
        if failures:
            case, want, got = failures[0]
            detail = (f"{len(failures)} of {len(cases)} cases differ; first: ed {case['args']!r} with "
                      f"files {[n for n, _t in case['files']]} and script {case['script']!r} on a "
                      f"{case['stdin']}: expected output {want[0]!r} (zero status: {want[1]}, files: "
                      f"{want[2]!r}), got {got[0]!r} (zero status: {got[1]}, files: {got[2]!r})")
>           raise AssertionError(detail)
E           AssertionError: 43 of 43 cases differ; first: ed ['-s', 'f.txt'] with files ['f.txt'] and script '2a\nnew line\n.\n,p\n' on a pipe: expected output b'alpha one\nbeta two\nnew line\ngamma three\ndelta four\nepsilon five\nzeta six\neta seven\ntheta eight\niota nine\nkappa ten\n?\n' (zero status: False, files: {'f.txt': b'alpha one\nbeta two\ngamma three\ndelta four\nepsilon five\nzeta six\neta seven\ntheta eight\niota nine\nkappa ten\n'}), got b'' (zero status: False, files: {'f.txt': b'alpha one\nbeta two\ngamma three\ndelta four\nepsilon five\nzeta six\neta seven\ntheta eight\niota nine\nkappa ten\n'})

/tests/test_outputs.py:169: AssertionError
__________________________ test_delete_join_move_copy __________________________

    def test_delete_join_move_copy():
>       check("delete_join_move_copy")

/tests/test_outputs.py:219: 
_ _ _ _ _ _ _ _ _ _ _ _ _ _ _ _ _ _ _ _ _ _ _ _ _ _ _ _ _ _ _ _ _ _ _ _ _ _ _ _ 

family = 'delete_join_move_copy'

    def check(family):
        cases = [c for c in CASES if c["family"] == family]
        assert cases, f"no cases for {family}"
        failures = []
        for case in cases:
            want = run([GNU_ED], case)
            got = run(DEMOTE + CANDIDATE, case)
            if got != want:
                failures.append((case, want, got))
        if failures:
            case, want, got = failures[0]
            detail = (f"{len(failures)} of {len(cases)} cases differ; first: ed {case['args']!r} with "
                      f"files {[n for n, _t in case['files']]} and script {case['script']!r} on a "
                      f"{case['stdin']}: expected output {want[0]!r} (zero status: {want[1]}, files: "
                      f"{want[2]!r}), got {got[0]!r} (zero status: {got[1]}, files: {got[2]!r})")
>           raise AssertionError(detail)
E           AssertionError: 29 of 29 cases differ; first: ed ['-s', 'f.txt'] with files ['f.txt'] and script '2,4d\n,p\n.=\n' on a pipe: expected output b'alpha one\nepsilon five\nzeta six\neta seven\ntheta eight\niota nine\nkappa ten\n7\n?\n' (zero status: False, files: {'f.txt': b'alpha one\nbeta two\ngamma three\ndelta four\nepsilon five\nzeta six\neta seven\ntheta eight\niota nine\nkappa ten\n'}), got b'' (zero status: False, files: {'f.txt': b'alpha one\nbeta two\ngamma three\ndelta four\nepsilon five\nzeta six\neta seven\ntheta eight\niota nine\nkappa ten\n'})

/tests/test_outputs.py:169: AssertionError
_______________________________ test_substitute ________________________________

    def test_substitute():
>       check("substitute")

/tests/test_outputs.py:223: 
_ _ _ _ _ _ _ _ _ _ _ _ _ _ _ _ _ _ _ _ _ _ _ _ _ _ _ _ _ _ _ _ _ _ _ _ _ _ _ _ 

family = 'substitute'

    def check(family):
        cases = [c for c in CASES if c["family"] == family]
        assert cases, f"no cases for {family}"
        failures = []
        for case in cases:
            want = run([GNU_ED], case)
            got = run(DEMOTE + CANDIDATE, case)
            if got != want:
                failures.append((case, want, got))
        if failures:
            case, want, got = failures[0]
            detail = (f"{len(failures)} of {len(cases)} cases differ; first: ed {case['args']!r} with "
                      f"files {[n for n, _t in case['files']]} and script {case['script']!r} on a "
                      f"{case['stdin']}: expected output {want[0]!r} (zero status: {want[1]}, files: "
                      f"{want[2]!r}), got {got[0]!r} (zero status: {got[1]}, files: {got[2]!r})")
>           raise AssertionError(detail)
E           AssertionError: 79 of 79 cases differ; first: ed ['-s', 'f.txt'] with files ['f.txt'] and script 's/one/ONE/\np\n' on a pipe: expected output b'?\nkappa ten\n' (zero status: False, files: {'f.txt': b'alpha one\nbeta two\ngamma three\ndelta four\nepsilon five\nzeta six\neta seven\ntheta eight\niota nine\nkappa ten\n'}), got b'' (zero status: False, files: {'f.txt': b'alpha one\nbeta two\ngamma three\ndelta four\nepsilon five\nzeta six\neta seven\ntheta eight\niota nine\nkappa ten\n'})

/tests/test_outputs.py:169: AssertionError
_____________________________ test_global_commands _____________________________

    def test_global_commands():
>       check("global_commands")

/tests/test_outputs.py:227: 
_ _ _ _ _ _ _ _ _ _ _ _ _ _ _ _ _ _ _ _ _ _ _ _ _ _ _ _ _ _ _ _ _ _ _ _ _ _ _ _ 

family = 'global_commands'

    def check(family):
        cases = [c for c in CASES if c["family"] == family]
        assert cases, f"no cases for {family}"
        failures = []
        for case in cases:
            want = run([GNU_ED], case)
            got = run(DEMOTE + CANDIDATE, case)
            if got != want:
                failures.append((case, want, got))
        if failures:
            case, want, got = failures[0]
            detail = (f"{len(failures)} of {len(cases)} cases differ; first: ed {case['args']!r} with "
                      f"files {[n for n, _t in case['files']]} and script {case['script']!r} on a "
                      f"{case['stdin']}: expected output {want[0]!r} (zero status: {want[1]}, files: "
                      f"{want[2]!r}), got {got[0]!r} (zero status: {got[1]}, files: {got[2]!r})")
>           raise AssertionError(detail)
E           AssertionError: 61 of 62 cases differ; first: ed ['-s', 'f.txt'] with files ['f.txt'] and script 'g/e/p\n' on a pipe: expected output b'alpha one\nbeta two\ngamma three\ndelta four\nepsilon five\nzeta six\neta seven\ntheta eight\niota nine\nkappa ten\n' (zero status: True, files: {'f.txt': b'alpha one\nbeta two\ngamma three\ndelta four\nepsilon five\nzeta six\neta seven\ntheta eight\niota nine\nkappa ten\n'}), got b'' (zero status: False, files: {'f.txt': b'alpha one\nbeta two\ngamma three\ndelta four\nepsilon five\nzeta six\neta seven\ntheta eight\niota nine\nkappa ten\n'})

/tests/test_outputs.py:169: AssertionError
__________________________________ test_undo ___________________________________

    def test_undo():
>       check("undo")

/tests/test_outputs.py:231: 
_ _ _ _ _ _ _ _ _ _ _ _ _ _ _ _ _ _ _ _ _ _ _ _ _ _ _ _ _ _ _ _ _ _ _ _ _ _ _ _ 

family = 'undo'

    def check(family):
        cases = [c for c in CASES if c["family"] == family]
        assert cases, f"no cases for {family}"
        failures = []
        for case in cases:
            want = run([GNU_ED], case)
            got = run(DEMOTE + CANDIDATE, case)
            if got != want:
                failures.append((case, want, got))
        if failures:
            case, want, got = failures[0]
            detail = (f"{len(failures)} of {len(cases)} cases differ; first: ed {case['args']!r} with "
                      f"files {[n for n, _t in case['files']]} and script {case['script']!r} on a "
                      f"{case['stdin']}: expected output {want[0]!r} (zero status: {want[1]}, files: "
                      f"{want[2]!r}), got {got[0]!r} (zero status: {got[1]}, files: {got[2]!r})")
>           raise AssertionError(detail)
E           AssertionError: 16 of 16 cases differ; first: ed ['-s', 'f.txt'] with files ['f.txt'] and script '2d\nu\nu\n,p\n' on a pipe: expected output b'alpha one\ngamma three\ndelta four\nepsilon five\nzeta six\neta seven\ntheta eight\niota nine\nkappa ten\n?\n' (zero status: False, files: {'f.txt': b'alpha one\nbeta two\ngamma three\ndelta four\nepsilon five\nzeta six\neta seven\ntheta eight\niota nine\nkappa ten\n'}), got b'' (zero status: False, files: {'f.txt': b'alpha one\nbeta two\ngamma three\ndelta four\nepsilon five\nzeta six\neta seven\ntheta eight\niota nine\nkappa ten\n'})

/tests/test_outputs.py:169: AssertionError
____________________________ test_print_list_number ____________________________

    def test_print_list_number():
>       check("print_list_number")

/tests/test_outputs.py:235: 
_ _ _ _ _ _ _ _ _ _ _ _ _ _ _ _ _ _ _ _ _ _ _ _ _ _ _ _ _ _ _ _ _ _ _ _ _ _ _ _ 

family = 'print_list_number'

    def check(family):
        cases = [c for c in CASES if c["family"] == family]
        assert cases, f"no cases for {family}"
        failures = []
        for case in cases:
            want = run([GNU_ED], case)
            got = run(DEMOTE + CANDIDATE, case)
            if got != want:
                failures.append((case, want, got))
        if failures:
            case, want, got = failures[0]
            detail = (f"{len(failures)} of {len(cases)} cases differ; first: ed {case['args']!r} with "
                      f"files {[n for n, _t in case['files']]} and script {case['script']!r} on a "
                      f"{case['stdin']}: expected output {want[0]!r} (zero status: {want[1]}, files: "
                      f"{want[2]!r}), got {got[0]!r} (zero status: {got[1]}, files: {got[2]!r})")
>           raise AssertionError(detail)
E           AssertionError: 11 of 11 cases differ; first: ed ['-s', 'f.txt'] with files ['f.txt'] and script '1,3n\n' on a pipe: expected output b'1\talpha one\n2\tbeta two\n3\tgamma three\n' (zero status: True, files: {'f.txt': b'alpha one\nbeta two\ngamma three\ndelta four\nepsilon five\nzeta six\neta seven\ntheta eight\niota nine\nkappa ten\n\x01tab\there\\back\x7f\nxxxxxxxxxxxxxxxxxxxxxxxxxxxxxxxxxxxxxxxxxxxxxxxxxxxxxxxxxxxxxxxxxxxxxxxxxxxxxxxxxxxxxxxxxxxxxxxxxxxxxxxxxxxxxxxxxxxxxxxxxxxxxxxxxxxxxxxxxxxxxxxxxxxxxx\n'}), got b'' (zero status: False, files: {'f.txt': b'alpha one\nbeta two\ngamma three\ndelta four\nepsilon five\nzeta six\neta seven\ntheta eight\niota nine\nkappa ten\n\x01tab\there\\back\x7f\nxxxxxxxxxxxxxxxxxxxxxxxxxxxxxxxxxxxxxxxxxxxxxxxxxxxxxxxxxxxxxxxxxxxxxxxxxxxxxxxxxxxxxxxxxxxxxxxxxxxxxxxxxxxxxxxxxxxxxxxxxxxxxxxxxxxxxxxxxxxxxxxxxxxxxx\n'})

/tests/test_outputs.py:169: AssertionError
__________________________________ test_regex __________________________________

    def test_regex():
>       check("regex")

/tests/test_outputs.py:239: 
_ _ _ _ _ _ _ _ _ _ _ _ _ _ _ _ _ _ _ _ _ _ _ _ _ _ _ _ _ _ _ _ _ _ _ _ _ _ _ _ 

family = 'regex'

    def check(family):
        cases = [c for c in CASES if c["family"] == family]
        assert cases, f"no cases for {family}"
        failures = []
        for case in cases:
            want = run([GNU_ED], case)
            got = run(DEMOTE + CANDIDATE, case)
            if got != want:
                failures.append((case, want, got))
        if failures:
            case, want, got = failures[0]
            detail = (f"{len(failures)} of {len(cases)} cases differ; first: ed {case['args']!r} with "
                      f"files {[n for n, _t in case['files']]} and script {case['script']!r} on a "
                      f"{case['stdin']}: expected output {want[0]!r} (zero status: {want[1]}, files: "
                      f"{want[2]!r}), got {got[0]!r} (zero status: {got[1]}, files: {got[2]!r})")
>           raise AssertionError(detail)
E           AssertionError: 65 of 65 cases differ; first: ed ['-s', 'f.txt'] with files ['f.txt'] and script ',g/^[[:upper:]]/p\n' on a pipe: expected output b'ABC 12 34\n' (zero status: True, files: {'f.txt': b'a\tb  c\nfoo bar foo\nxx\n\n  lead\ntrail  \nfoofoo\nbar\nabc\nABC 12 34\nabab\naaa\n'}), got b'' (zero status: False, files: {'f.txt': b'a\tb  c\nfoo bar foo\nxx\n\n  lead\ntrail  \nfoofoo\nbar\nabc\nABC 12 34\nabab\naaa\n'})

/tests/test_outputs.py:169: AssertionError
_____________________________ test_regex_extended ______________________________

    def test_regex_extended():
>       check("regex_extended")

/tests/test_outputs.py:243: 
_ _ _ _ _ _ _ _ _ _ _ _ _ _ _ _ _ _ _ _ _ _ _ _ _ _ _ _ _ _ _ _ _ _ _ _ _ _ _ _ 

family = 'regex_extended'

    def check(family):
        cases = [c for c in CASES if c["family"] == family]
        assert cases, f"no cases for {family}"
        failures = []
        for case in cases:
            want = run([GNU_ED], case)
            got = run(DEMOTE + CANDIDATE, case)
            if got != want:
                failures.append((case, want, got))
        if failures:
            case, want, got = failures[0]
            detail = (f"{len(failures)} of {len(cases)} cases differ; first: ed {case['args']!r} with "
                      f"files {[n for n, _t in case['files']]} and script {case['script']!r} on a "
                      f"{case['stdin']}: expected output {want[0]!r} (zero status: {want[1]}, files: "
                      f"{want[2]!r}), got {got[0]!r} (zero status: {got[1]}, files: {got[2]!r})")
>           raise AssertionError(detail)
E           AssertionError: 14 of 14 cases differ; first: ed ['-s', '-E', 'f.txt'] with files ['f.txt'] and script ',s/o+/0/g\n,p\n' on a pipe: expected output b'a\tb  c\nf0 bar f0\nxx\n\n  lead\ntrail  \nf0f0\nbar\nabc\nabab\naaa\n?\n' (zero status: False, files: {'f.txt': b'a\tb  c\nfoo bar foo\nxx\n\n  lead\ntrail  \nfoofoo\nbar\nabc\nabab\naaa\n'}), got b'' (zero status: False, files: {'f.txt': b'a\tb  c\nfoo bar foo\nxx\n\n  lead\ntrail  \nfoofoo\nbar\nabc\nabab\naaa\n'})

/tests/test_outputs.py:169: AssertionError
_____________________________ test_files_and_write _____________________________

    def test_files_and_write():
>       check("files_and_write")

/tests/test_outputs.py:247: 
_ _ _ _ _ _ _ _ _ _ _ _ _ _ _ _ _ _ _ _ _ _ _ _ _ _ _ _ _ _ _ _ _ _ _ _ _ _ _ _ 

family = 'files_and_write'

    def check(family):
        cases = [c for c in CASES if c["family"] == family]
        assert cases, f"no cases for {family}"
        failures = []
        for case in cases:
            want = run([GNU_ED], case)
            got = run(DEMOTE + CANDIDATE, case)
            if got != want:
                failures.append((case, want, got))
        if failures:
            case, want, got = failures[0]
            detail = (f"{len(failures)} of {len(cases)} cases differ; first: ed {case['args']!r} with "
                      f"files {[n for n, _t in case['files']]} and script {case['script']!r} on a "
                      f"{case['stdin']}: expected output {want[0]!r} (zero status: {want[1]}, files: "
                      f"{want[2]!r}), got {got[0]!r} (zero status: {got[1]}, files: {got[2]!r})")
>           raise AssertionError(detail)
E           AssertionError: 72 of 72 cases differ; first: ed ['-s', 'f.txt'] with files ['f.txt', 'other.txt'] and script 'w out.txt\n' on a pipe: expected output b'' (zero status: True, files: {'f.txt': b'alpha one\nbeta two\ngamma three\ndelta four\nepsilon five\nzeta six\neta seven\ntheta eight\niota nine\nkappa ten\n', 'other.txt': b'o1\no2\no3\n', 'out.txt': b'alpha one\nbeta two\ngamma three\ndelta four\nepsilon five\nzeta six\neta seven\ntheta eight\niota nine\nkappa ten\n'}), got b'' (zero status: False, files: {'f.txt': b'alpha one\nbeta two\ngamma three\ndelta four\nepsilon five\nzeta six\neta seven\ntheta eight\niota nine\nkappa ten\n', 'other.txt': b'o1\no2\no3\n'})

/tests/test_outputs.py:169: AssertionError
_____________________________ test_errors_and_exit _____________________________

    def test_errors_and_exit():
>       check("errors_and_exit")

/tests/test_outputs.py:251: 
_ _ _ _ _ _ _ _ _ _ _ _ _ _ _ _ _ _ _ _ _ _ _ _ _ _ _ _ _ _ _ _ _ _ _ _ _ _ _ _ 

family = 'errors_and_exit'

    def check(family):
        cases = [c for c in CASES if c["family"] == family]
        assert cases, f"no cases for {family}"
        failures = []
        for case in cases:
            want = run([GNU_ED], case)
            got = run(DEMOTE + CANDIDATE, case)
            if got != want:
                failures.append((case, want, got))
        if failures:
            case, want, got = failures[0]
            detail = (f"{len(failures)} of {len(cases)} cases differ; first: ed {case['args']!r} with "
                      f"files {[n for n, _t in case['files']]} and script {case['script']!r} on a "
                      f"{case['stdin']}: expected output {want[0]!r} (zero status: {want[1]}, files: "
                      f"{want[2]!r}), got {got[0]!r} (zero status: {got[1]}, files: {got[2]!r})")
>           raise AssertionError(detail)
E           AssertionError: 30 of 30 cases differ; first: ed ['-s', 'f.txt'] with files ['f.txt'] and script '20p\n,p\n' on a pipe: expected output b'?\nalpha one\nbeta two\ngamma three\ndelta four\nepsilon five\nzeta six\neta seven\ntheta eight\niota nine\nkappa ten\n' (zero status: False, files: {'f.txt': b'alpha one\nbeta two\ngamma three\ndelta four\nepsilon five\nzeta six\neta seven\ntheta eight\niota nine\nkappa ten\n'}), got b'' (zero status: False, files: {'f.txt': b'alpha one\nbeta two\ngamma three\ndelta four\nepsilon five\nzeta six\neta seven\ntheta eight\niota nine\nkappa ten\n'})

/tests/test_outputs.py:169: AssertionError
_________________________________ test_options _________________________________

    def test_options():
>       check("options")

/tests/test_outputs.py:255: 
_ _ _ _ _ _ _ _ _ _ _ _ _ _ _ _ _ _ _ _ _ _ _ _ _ _ _ _ _ _ _ _ _ _ _ _ _ _ _ _ 

family = 'options'

    def check(family):
        cases = [c for c in CASES if c["family"] == family]
        assert cases, f"no cases for {family}"
        failures = []
        for case in cases:
            want = run([GNU_ED], case)
            got = run(DEMOTE + CANDIDATE, case)
            if got != want:
                failures.append((case, want, got))
        if failures:
            case, want, got = failures[0]
            detail = (f"{len(failures)} of {len(cases)} cases differ; first: ed {case['args']!r} with "
                      f"files {[n for n, _t in case['files']]} and script {case['script']!r} on a "
                      f"{case['stdin']}: expected output {want[0]!r} (zero status: {want[1]}, files: "
                      f"{want[2]!r}), got {got[0]!r} (zero status: {got[1]}, files: {got[2]!r})")
>           raise AssertionError(detail)
E           AssertionError: 9 of 10 cases differ; first: ed ['-s'] with files [] and script ',p\n' on a pipe: expected output b'?\n' (zero status: False, files: {}), got b'' (zero status: False, files: {})

/tests/test_outputs.py:169: AssertionError
_____________________________ test_mixed_scripts_1 _____________________________

    def test_mixed_scripts_1():
>       check("mixed_scripts_1")

/tests/test_outputs.py:259: 
_ _ _ _ _ _ _ _ _ _ _ _ _ _ _ _ _ _ _ _ _ _ _ _ _ _ _ _ _ _ _ _ _ _ _ _ _ _ _ _ 

family = 'mixed_scripts_1'

    def check(family):
        cases = [c for c in CASES if c["family"] == family]
        assert cases, f"no cases for {family}"
        failures = []
        for case in cases:
            want = run([GNU_ED], case)
            got = run(DEMOTE + CANDIDATE, case)
            if got != want:
                failures.append((case, want, got))
        if failures:
            case, want, got = failures[0]
            detail = (f"{len(failures)} of {len(cases)} cases differ; first: ed {case['args']!r} with "
                      f"files {[n for n, _t in case['files']]} and script {case['script']!r} on a "
                      f"{case['stdin']}: expected output {want[0]!r} (zero status: {want[1]}, files: "
                      f"{want[2]!r}), got {got[0]!r} (zero status: {got[1]}, files: {got[2]!r})")
>           raise AssertionError(detail)
E           AssertionError: 30 of 30 cases differ; first: ed ['-s', 'f.txt'] with files ['f.txt', 'other.txt'] and script '-;v/e/s/e/E/\n,9n\n$;/o\\|a/\n+,d\n,w \nu\nu\ns\nr missing.txt\n,n\n' on a file: expected output b'1\talpha one\n2\tbeta two\n3\tgamma three\n4\tdelta four\n5\tepsilon five\n6\tzeta six\n7\teta seven\n8\ttheta eight\n9\tiota nine\nalpha one\n?\n' (zero status: False, files: {'f.txt': b'alpha one\ngamma three\ndelta four\nepsilon five\nzeta six\neta seven\ntheta eight\niota nine\nkappa ten\n', 'other.txt': b'o1\no2\n'}), got b'' (zero status: False, files: {'f.txt': b'alpha one\nbeta two\ngamma three\ndelta four\nepsilon five\nzeta six\neta seven\ntheta eight\niota nine\nkappa ten\n', 'other.txt': b'o1\no2\n'})

/tests/test_outputs.py:169: AssertionError
_____________________________ test_mixed_scripts_2 _____________________________

    def test_mixed_scripts_2():
>       check("mixed_scripts_2")

/tests/test_outputs.py:263: 
_ _ _ _ _ _ _ _ _ _ _ _ _ _ _ _ _ _ _ _ _ _ _ _ _ _ _ _ _ _ _ _ _ _ _ _ _ _ _ _ 

family = 'mixed_scripts_2'

    def check(family):
        cases = [c for c in CASES if c["family"] == family]
        assert cases, f"no cases for {family}"
        failures = []
        for case in cases:
            want = run([GNU_ED], case)
            got = run(DEMOTE + CANDIDATE, case)
            if got != want:
                failures.append((case, want, got))
        if failures:
            case, want, got = failures[0]
            detail = (f"{len(failures)} of {len(cases)} cases differ; first: ed {case['args']!r} with "
                      f"files {[n for n, _t in case['files']]} and script {case['script']!r} on a "
                      f"{case['stdin']}: expected output {want[0]!r} (zero status: {want[1]}, files: "
                      f"{want[2]!r}), got {got[0]!r} (zero status: {got[1]}, files: {got[2]!r})")
>           raise AssertionError(detail)
E           AssertionError: 26 of 26 cases differ; first: ed ['-s', '-l', 'f.txt'] with files ['f.txt', 'other.txt'] and script "/e/;--j\n?a?+1,/t/s/\\(.\\)\\(.\\)/\\2\\1/3g\n4n\n,=\n//;6+2p\nr other.txt\n.w f.txt\n-;+-t'a\n,n\n" on a pipe: expected output b'?\n?\n4\tdelta four\n10\nzeta six\neta seven\ntheta eight\n?\n1\talpha one\n2\tbeta two\n3\tgamma three\n4\tdelta four\n5\tepsilon five\n6\tzeta six\n7\teta seven\n8\ttheta eight\n9\tiota nine\n10\tkappa ten\n11\to1\n12\to2\n?\n' (zero status: True, files: {'f.txt': b'o2\n', 'other.txt': b'o1\no2\n'}), got b'' (zero status: False, files: {'f.txt': b'alpha one\nbeta two\ngamma three\ndelta four\nepsilon five\nzeta six\neta seven\ntheta eight\niota nine\nkappa ten\n', 'other.txt': b'o1\no2\n'})

/tests/test_outputs.py:169: AssertionError
_____________________________ test_mixed_scripts_3 _____________________________

    def test_mixed_scripts_3():
>       check("mixed_scripts_3")

/tests/test_outputs.py:267: 
_ _ _ _ _ _ _ _ _ _ _ _ _ _ _ _ _ _ _ _ _ _ _ _ _ _ _ _ _ _ _ _ _ _ _ _ _ _ _ _ 

family = 'mixed_scripts_3'

    def check(family):
        cases = [c for c in CASES if c["family"] == family]
        assert cases, f"no cases for {family}"
        failures = []
        for case in cases:
            want = run([GNU_ED], case)
            got = run(DEMOTE + CANDIDATE, case)
            if got != want:
                failures.append((case, want, got))
        if failures:
            case, want, got = failures[0]
            detail = (f"{len(failures)} of {len(cases)} cases differ; first: ed {case['args']!r} with "
                      f"files {[n for n, _t in case['files']]} and script {case['script']!r} on a "
                      f"{case['stdin']}: expected output {want[0]!r} (zero status: {want[1]}, files: "
                      f"{want[2]!r}), got {got[0]!r} (zero status: {got[1]}, files: {got[2]!r})")
>           raise AssertionError(detail)
E           AssertionError: 23 of 23 cases differ; first: ed ['-s', '-E', 'f.txt'] with files ['f.txt', 'other.txt'] and script '$,/o\\|a/-2kb\n+=\n.-1d\n/t/,+-2a\n\n.\n11;n\n,w out.txt\n,n\n' on a file: expected output b'?\n' (zero status: False, files: {'f.txt': b'alpha one\nbeta two\ngamma three\ndelta four\nepsilon five\nzeta six\neta seven\ntheta eight\niota nine\nkappa ten\n', 'other.txt': b'o1\no2\n'}), got b'' (zero status: False, files: {'f.txt': b'alpha one\nbeta two\ngamma three\ndelta four\nepsilon five\nzeta six\neta seven\ntheta eight\niota nine\nkappa ten\n', 'other.txt': b'o1\no2\n'})

/tests/test_outputs.py:169: AssertionError
_____________________________ test_mixed_scripts_4 _____________________________

    def test_mixed_scripts_4():
>       check("mixed_scripts_4")

/tests/test_outputs.py:271: 
_ _ _ _ _ _ _ _ _ _ _ _ _ _ _ _ _ _ _ _ _ _ _ _ _ _ _ _ _ _ _ _ _ _ _ _ _ _ _ _ 

family = 'mixed_scripts_4'

    def check(family):
        cases = [c for c in CASES if c["family"] == family]
        assert cases, f"no cases for {family}"
        failures = []
        for case in cases:
            want = run([GNU_ED], case)
            got = run(DEMOTE + CANDIDATE, case)
            if got != want:
                failures.append((case, want, got))
        if failures:
            case, want, got = failures[0]
            detail = (f"{len(failures)} of {len(cases)} cases differ; first: ed {case['args']!r} with "
                      f"files {[n for n, _t in case['files']]} and script {case['script']!r} on a "
                      f"{case['stdin']}: expected output {want[0]!r} (zero status: {want[1]}, files: "
                      f"{want[2]!r}), got {got[0]!r} (zero status: {got[1]}, files: {got[2]!r})")
>           raise AssertionError(detail)
E           AssertionError: 26 of 26 cases differ; first: ed ['-s', 'f.txt'] with files ['f.txt', 'other.txt'] and script "'ag/e/j\n/t/i\n\n.\n;-t\n,n\n" on a pipe: expected output b'?\n?\n1\talpha one\n2\t\n3\tbeta two\n4\tgamma three\n5\tdelta four\n6\tepsilon five\n7\tzeta six\n8\teta seven\n9\ttheta eight\n10\tiota nine\n11\tkappa ten\n?\n' (zero status: False, files: {'f.txt': b'alpha one\nbeta two\ngamma three\ndelta four\nepsilon five\nzeta six\neta seven\ntheta eight\niota nine\nkappa ten\n', 'other.txt': b'o1\no2\n'}), got b'' (zero status: False, files: {'f.txt': b'alpha one\nbeta two\ngamma three\ndelta four\nepsilon five\nzeta six\neta seven\ntheta eight\niota nine\nkappa ten\n', 'other.txt': b'o1\no2\n'})

/tests/test_outputs.py:169: AssertionError
_____________________________ test_mixed_scripts_5 _____________________________

    def test_mixed_scripts_5():
>       check("mixed_scripts_5")

/tests/test_outputs.py:275: 
_ _ _ _ _ _ _ _ _ _ _ _ _ _ _ _ _ _ _ _ _ _ _ _ _ _ _ _ _ _ _ _ _ _ _ _ _ _ _ _ 

family = 'mixed_scripts_5'

    def check(family):
        cases = [c for c in CASES if c["family"] == family]
        assert cases, f"no cases for {family}"
        failures = []
        for case in cases:
            want = run([GNU_ED], case)
            got = run(DEMOTE + CANDIDATE, case)
            if got != want:
                failures.append((case, want, got))
        if failures:
            case, want, got = failures[0]
            detail = (f"{len(failures)} of {len(cases)} cases differ; first: ed {case['args']!r} with "
                      f"files {[n for n, _t in case['files']]} and script {case['script']!r} on a "
                      f"{case['stdin']}: expected output {want[0]!r} (zero status: {want[1]}, files: "
                      f"{want[2]!r}), got {got[0]!r} (zero status: {got[1]}, files: {got[2]!r})")
>           raise AssertionError(detail)
E           AssertionError: 17 of 17 cases differ; first: ed ['-s', 'f.txt'] with files ['f.txt', 'other.txt'] and script '5pn\n//,/t/d\n;/e/=\n?a?;/o\\|a/+2d\n-;/t/a\n\ne.e\n.\n,/t/n\n,n\n' on a pipe: expected output b'5\tepsilon five\n?\n6\n1\talpha one\n2\tbeta two\n3\tgamma three\n4\ttheta eight\n5\t\n6\te.e\n7\tiota nine\n1\talpha one\n2\tbeta two\n3\tgamma three\n4\ttheta eight\n5\t\n6\te.e\n7\tiota nine\n8\tkappa ten\n?\n' (zero status: False, files: {'f.txt': b'alpha one\nbeta two\ngamma three\ndelta four\nepsilon five\nzeta six\neta seven\ntheta eight\niota nine\nkappa ten\n', 'other.txt': b'o1\no2\n'}), got b'' (zero status: False, files: {'f.txt': b'alpha one\nbeta two\ngamma three\ndelta four\nepsilon five\nzeta six\neta seven\ntheta eight\niota nine\nkappa ten\n', 'other.txt': b'o1\no2\n'})

/tests/test_outputs.py:169: AssertionError
_____________________________ test_mixed_scripts_6 _____________________________

    def test_mixed_scripts_6():
>       check("mixed_scripts_6")

/tests/test_outputs.py:279: 
_ _ _ _ _ _ _ _ _ _ _ _ _ _ _ _ _ _ _ _ _ _ _ _ _ _ _ _ _ _ _ _ _ _ _ _ _ _ _ _ 

family = 'mixed_scripts_6'

    def check(family):
        cases = [c for c in CASES if c["family"] == family]
        assert cases, f"no cases for {family}"
        failures = []
        for case in cases:
            want = run([GNU_ED], case)
            got = run(DEMOTE + CANDIDATE, case)
            if got != want:
                failures.append((case, want, got))
        if failures:
            case, want, got = failures[0]
            detail = (f"{len(failures)} of {len(cases)} cases differ; first: ed {case['args']!r} with "
                      f"files {[n for n, _t in case['files']]} and script {case['script']!r} on a "
                      f"{case['stdin']}: expected output {want[0]!r} (zero status: {want[1]}, files: "
                      f"{want[2]!r}), got {got[0]!r} (zero status: {got[1]}, files: {got[2]!r})")
>           raise AssertionError(detail)
E           AssertionError: 11 of 11 cases differ; first: ed ['-s', 'f.txt'] with files ['f.txt', 'other.txt'] and script 'c\n\n.\n/o\\|a/;.d\n/o\\|a/,+s/\\(.\\)\\(.\\)/&&/n\n/nomatch/;d\n,n\n' on a pipe: expected output b'2\tgagamma three\n?\n1\tbeta two\n2\tgagamma three\n3\tdelta four\n4\tepsilon five\n5\tzeta six\n6\teta seven\n7\ttheta eight\n8\tiota nine\n9\t\n?\n' (zero status: False, files: {'f.txt': b'alpha one\nbeta two\ngamma three\ndelta four\nepsilon five\nzeta six\neta seven\ntheta eight\niota nine\nkappa ten\n', 'other.txt': b'o1\no2\n'}), got b'' (zero status: False, files: {'f.txt': b'alpha one\nbeta two\ngamma three\ndelta four\nepsilon five\nzeta six\neta seven\ntheta eight\niota nine\nkappa ten\n', 'other.txt': b'o1\no2\n'})

/tests/test_outputs.py:169: AssertionError
_______________________________ test_generated_1 _______________________________

    def test_generated_1():
>       check("generated_1")

/tests/test_outputs.py:283: 
_ _ _ _ _ _ _ _ _ _ _ _ _ _ _ _ _ _ _ _ _ _ _ _ _ _ _ _ _ _ _ _ _ _ _ _ _ _ _ _ 

family = 'generated_1'

    def check(family):
        cases = [c for c in CASES if c["family"] == family]
        assert cases, f"no cases for {family}"
        failures = []
        for case in cases:
            want = run([GNU_ED], case)
            got = run(DEMOTE + CANDIDATE, case)
            if got != want:
                failures.append((case, want, got))
        if failures:
            case, want, got = failures[0]
            detail = (f"{len(failures)} of {len(cases)} cases differ; first: ed {case['args']!r} with "
                      f"files {[n for n, _t in case['files']]} and script {case['script']!r} on a "
                      f"{case['stdin']}: expected output {want[0]!r} (zero status: {want[1]}, files: "
                      f"{want[2]!r}), got {got[0]!r} (zero status: {got[1]}, files: {got[2]!r})")
>           raise AssertionError(detail)
E           AssertionError: 80 of 80 cases differ; first: ed ['f.txt', '-E'] with files ['f.txt', 'other.txt'] and script "1,2k\nupn\na\nbeta\n\n.\n$-1,++=\n=\ns.a^b.%.gn\n//,'a-s.^$.\\&.0\n'b+1\n;sp\n,p\n" on a pipe: expected output b'31\n?\n?\n?\n7\n?\n?\n?\n?\nx1 y2 z3\n123\na!b\nalpha one\n{2}\nbeta\n\n?\n' (zero status: False, files: {'f.txt': b'x1 y2 z3\n123\na!b\nalpha one\n{2}\n', 'other.txt': b'#hash\ntab\there\na-b\nalpha one\ntab\there\na|b\nMixed Case\nx1 y2 z3\nunder_score\n\nfoo bar foo\nfoo bar foo\n'}), got b'' (zero status: False, files: {'f.txt': b'x1 y2 z3\n123\na!b\nalpha one\n{2}\n', 'other.txt': b'#hash\ntab\there\na-b\nalpha one\ntab\there\na|b\nMixed Case\nx1 y2 z3\nunder_score\n\nfoo bar foo\nfoo bar foo\n'})

/tests/test_outputs.py:169: AssertionError
_______________________________ test_generated_2 _______________________________

    def test_generated_2():
>       check("generated_2")

/tests/test_outputs.py:287: 
_ _ _ _ _ _ _ _ _ _ _ _ _ _ _ _ _ _ _ _ _ _ _ _ _ _ _ _ _ _ _ _ _ _ _ _ _ _ _ _ 

family = 'generated_2'

    def check(family):
        cases = [c for c in CASES if c["family"] == family]
        assert cases, f"no cases for {family}"
        failures = []
        for case in cases:
            want = run([GNU_ED], case)
            got = run(DEMOTE + CANDIDATE, case)
            if got != want:
                failures.append((case, want, got))
        if failures:
            case, want, got = failures[0]
            detail = (f"{len(failures)} of {len(cases)} cases differ; first: ed {case['args']!r} with "
                      f"files {[n for n, _t in case['files']]} and script {case['script']!r} on a "
                      f"{case['stdin']}: expected output {want[0]!r} (zero status: {want[1]}, files: "
                      f"{want[2]!r}), got {got[0]!r} (zero status: {got[1]}, files: {got[2]!r})")
>           raise AssertionError(detail)
E           AssertionError: 80 of 80 cases differ; first: ed ['new.txt'] with files ['f.txt', 'other.txt'] and script "a\n/slash/\na-b\nbeta two\n.\n'bd\n+u\n3,p\n,s,a^,%,g\n//,1i\na|b\nq y\n.\nipn\nq y\ne.e\n.\n$,4,-2s|*a|%|0\n,p\n" on a pipe: expected output b'?\n?\nbeta two\n?\n?\n?\n?\nbeta two\n4\te.e\n?\n/slash/\na-b\nq y\ne.e\nbeta two\n?\n' (zero status: False, files: {'f.txt': b'[-a]\ntab\there\naaa\n[-a]\na.b\nphalp\nalpha one\nMixed Case\na.b\nMixed Case\nMixed Case\n  lead\nepsilon five\na.b\n', 'other.txt': b'Mixed Case\n/slash/\nepsilon five\n/slash/\nMixed Case\nfoo bar foo\na.b\ntab\there\nx1 y2 z3\n123\n\n0\na!b\n'}), got b'' (zero status: False, files: {'f.txt': b'[-a]\ntab\there\naaa\n[-a]\na.b\nphalp\nalpha one\nMixed Case\na.b\nMixed Case\nMixed Case\n  lead\nepsilon five\na.b\n', 'other.txt': b'Mixed Case\n/slash/\nepsilon five\n/slash/\nMixed Case\nfoo bar foo\na.b\ntab\there\nx1 y2 z3\n123\n\n0\na!b\n'})

/tests/test_outputs.py:169: AssertionError
_______________________________ test_generated_3 _______________________________

    def test_generated_3():
>       check("generated_3")

/tests/test_outputs.py:291: 
_ _ _ _ _ _ _ _ _ _ _ _ _ _ _ _ _ _ _ _ _ _ _ _ _ _ _ _ _ _ _ _ _ _ _ _ _ _ _ _ 

family = 'generated_3'

    def check(family):
        cases = [c for c in CASES if c["family"] == family]
        assert cases, f"no cases for {family}"
        failures = []
        for case in cases:
            want = run([GNU_ED], case)
            got = run(DEMOTE + CANDIDATE, case)
            if got != want:
                failures.append((case, want, got))
        if failures:
            case, want, got = failures[0]
            detail = (f"{len(failures)} of {len(cases)} cases differ; first: ed {case['args']!r} with "
                      f"files {[n for n, _t in case['files']]} and script {case['script']!r} on a "
                      f"{case['stdin']}: expected output {want[0]!r} (zero status: {want[1]}, files: "
                      f"{want[2]!r}), got {got[0]!r} (zero status: {got[1]}, files: {got[2]!r})")
>           raise AssertionError(detail)
E           AssertionError: 80 of 80 cases differ; first: ed ['-s', 'f.txt'] with files ['f.txt', 'other.txt'] and script '3+ka\n\n /^\\*/ , - r other.txt\nc\n.\nf\tother.txt\n,p\n' on a file: expected output b'?\n' (zero status: False, files: {'f.txt': b'alpha one\ndelta four\na|b\n0\nfoo bar foo\nunder_score\na.b\n', 'other.txt': b'epsilon five\n#hash\nabab\n/slash/\n  lead\n  lead\n'}), got b'' (zero status: False, files: {'f.txt': b'alpha one\ndelta four\na|b\n0\nfoo bar foo\nunder_score\na.b\n', 'other.txt': b'epsilon five\n#hash\nabab\n/slash/\n  lead\n  lead\n'})

/tests/test_outputs.py:169: AssertionError
_______________________________ test_generated_4 _______________________________

    def test_generated_4():
>       check("generated_4")

/tests/test_outputs.py:295: 
_ _ _ _ _ _ _ _ _ _ _ _ _ _ _ _ _ _ _ _ _ _ _ _ _ _ _ _ _ _ _ _ _ _ _ _ _ _ _ _ 

family = 'generated_4'

    def check(family):
        cases = [c for c in CASES if c["family"] == family]
        assert cases, f"no cases for {family}"
        failures = []
        for case in cases:
            want = run([GNU_ED], case)
            got = run(DEMOTE + CANDIDATE, case)
            if got != want:
                failures.append((case, want, got))
        if failures:
            case, want, got = failures[0]
            detail = (f"{len(failures)} of {len(cases)} cases differ; first: ed {case['args']!r} with "
                      f"files {[n for n, _t in case['files']]} and script {case['script']!r} on a "
                      f"{case['stdin']}: expected output {want[0]!r} (zero status: {want[1]}, files: "
                      f"{want[2]!r}), got {got[0]!r} (zero status: {got[1]}, files: {got[2]!r})")
>           raise AssertionError(detail)
E           AssertionError: 80 of 80 cases differ; first: ed ['-s', 'f.txt'] with files ['f.txt', 'other.txt'] and script '??d\ns,a^,%,pn\n+2=\n,$-1t+-n\n,n\n' on a pipe: expected output b'?\n?\n?\n11\t  lead\n1\tab*c\n2\tdelta four\n3\t0\n4\tepsilon five\n5\t  lead\n6\talpha one\n7\tab*c\n8\tdelta four\n9\t0\n10\tepsilon five\n11\t  lead\n?\n' (zero status: False, files: {'f.txt': b'ab*c\ndelta four\n0\nepsilon five\n  lead\nalpha one\n', 'other.txt': b'gamma three\ntrail  \n/slash/\nunder_score\nabab\n0\na!b\n'}), got b'' (zero status: False, files: {'f.txt': b'ab*c\ndelta four\n0\nepsilon five\n  lead\nalpha one\n', 'other.txt': b'gamma three\ntrail  \n/slash/\nunder_score\nabab\n0\na!b\n'})

/tests/test_outputs.py:169: AssertionError
_______________________________ test_generated_5 _______________________________

    def test_generated_5():
>       check("generated_5")

/tests/test_outputs.py:299: 
_ _ _ _ _ _ _ _ _ _ _ _ _ _ _ _ _ _ _ _ _ _ _ _ _ _ _ _ _ _ _ _ _ _ _ _ _ _ _ _ 

family = 'generated_5'

    def check(family):
        cases = [c for c in CASES if c["family"] == family]
        assert cases, f"no cases for {family}"
        failures = []
        for case in cases:
            want = run([GNU_ED], case)
            got = run(DEMOTE + CANDIDATE, case)
            if got != want:
                failures.append((case, want, got))
        if failures:
            case, want, got = failures[0]
            detail = (f"{len(failures)} of {len(cases)} cases differ; first: ed {case['args']!r} with "
                      f"files {[n for n, _t in case['files']]} and script {case['script']!r} on a "
                      f"{case['stdin']}: expected output {want[0]!r} (zero status: {want[1]}, files: "
                      f"{want[2]!r}), got {got[0]!r} (zero status: {got[1]}, files: {got[2]!r})")
>           raise AssertionError(detail)
E           AssertionError: 80 of 80 cases differ; first: ed ['f.txt', '-s'] with files ['f.txt', 'other.txt'] and script 'f\tmissing.txt\ns;^\\*;\\\\;n\n4+,.s|o\\{0,1\\}|a\\\nb|gp\n,t--pn\n/a/,jpp\nw\n' on a pipe: expected output b'missing.txt\n?\n?\n10\tx1 y2 z3\n?\n' (zero status: False, files: {'f.txt': b'under_score\ntrail  \nback\\slash\n{2}\nback\\slash\nx1 y2 z3\n', 'missing.txt': b'under_score\ntrail  \nback\\slash\n{2}\nunder_score\ntrail  \nback\\slash\n{2}\nback\\slash\nx1 y2 z3\nback\\slash\nx1 y2 z3\n', 'other.txt': b'123\nabab\nab*c\n#hash\n{2}\n0\nfoo bar foo\nx1 y2 z3\naaa\nMixed Case\n\na!b\na-b\n'}), got b'' (zero status: False, files: {'f.txt': b'under_score\ntrail  \nback\\slash\n{2}\nback\\slash\nx1 y2 z3\n', 'other.txt': b'123\nabab\nab*c\n#hash\n{2}\n0\nfoo bar foo\nx1 y2 z3\naaa\nMixed Case\n\na!b\na-b\n'})

/tests/test_outputs.py:169: AssertionError
_______________________________ test_generated_6 _______________________________

    def test_generated_6():
>       check("generated_6")

/tests/test_outputs.py:303: 
_ _ _ _ _ _ _ _ _ _ _ _ _ _ _ _ _ _ _ _ _ _ _ _ _ _ _ _ _ _ _ _ _ _ _ _ _ _ _ _ 

family = 'generated_6'

    def check(family):
        cases = [c for c in CASES if c["family"] == family]
        assert cases, f"no cases for {family}"
        failures = []
        for case in cases:
            want = run([GNU_ED], case)
            got = run(DEMOTE + CANDIDATE, case)
            if got != want:
                failures.append((case, want, got))
        if failures:
            case, want, got = failures[0]
            detail = (f"{len(failures)} of {len(cases)} cases differ; first: ed {case['args']!r} with "
                      f"files {[n for n, _t in case['files']]} and script {case['script']!r} on a "
                      f"{case['stdin']}: expected output {want[0]!r} (zero status: {want[1]}, files: "
                      f"{want[2]!r}), got {got[0]!r} (zero status: {got[1]}, files: {got[2]!r})")
>           raise AssertionError(detail)
E           AssertionError: 80 of 80 cases differ; first: ed ['-sE', 'new.txt'] with files ['f.txt', 'other.txt'] and script "a\ntt th t\n  lead\nx1 y2 z3\ne.e\nfoo bar foo\n/slash/\nab*c\n.\n'as/a^b/\\1\ns3\ns/a/b/q\n,p\n" on a pipe: expected output b'?\n?\n?\ntt th t\n  lead\nx1 y2 z3\ne.e\nfoo bar foo\n/slash/\nab*c\n?\n' (zero status: False, files: {'f.txt': b'a|b\n#hash\n', 'other.txt': b'under_score\n/slash/\nunder_score\nx1 y2 z3\nphalp\n\nphalp\nepsilon five\n123\n\na|b\ngamma three\nbeta two\n'}), got b'' (zero status: False, files: {'f.txt': b'a|b\n#hash\n', 'other.txt': b'under_score\n/slash/\nunder_score\nx1 y2 z3\nphalp\n\nphalp\nepsilon five\n123\n\na|b\ngamma three\nbeta two\n'})

/tests/test_outputs.py:169: AssertionError
_______________________________ test_generated_7 _______________________________

    def test_generated_7():
>       check("generated_7")

/tests/test_outputs.py:307: 
_ _ _ _ _ _ _ _ _ _ _ _ _ _ _ _ _ _ _ _ _ _ _ _ _ _ _ _ _ _ _ _ _ _ _ _ _ _ _ _ 

family = 'generated_7'

    def check(family):
        cases = [c for c in CASES if c["family"] == family]
        assert cases, f"no cases for {family}"
        failures = []
        for case in cases:
            want = run([GNU_ED], case)
            got = run(DEMOTE + CANDIDATE, case)
            if got != want:
                failures.append((case, want, got))
        if failures:
            case, want, got = failures[0]
            detail = (f"{len(failures)} of {len(cases)} cases differ; first: ed {case['args']!r} with "
                      f"files {[n for n, _t in case['files']]} and script {case['script']!r} on a "
                      f"{case['stdin']}: expected output {want[0]!r} (zero status: {want[1]}, files: "
                      f"{want[2]!r}), got {got[0]!r} (zero status: {got[1]}, files: {got[2]!r})")
>           raise AssertionError(detail)
E           AssertionError: 80 of 80 cases differ; first: ed ['f.txt'] with files ['f.txt', 'other.txt'] and script '%s.|.\\\n\n/o\\{0,1\\}/ +1;v.\\(ab\\)*.-1p\n1s/a/b/2g3\n,# note\ni\n.\n2 +1ip\ne.e\nbeta\n..\n.\ng,[.],s/./&&/\\\n.=\np\n,s,[[=a=]],E,gn\n,p\n' on a file: expected output b'8\n?\n' (zero status: False, files: {'f.txt': b'{2}\ne.e\n', 'other.txt': b'epsilon five\na!b\na|b\nphalp\na-b\nab*c\n'}), got b'' (zero status: False, files: {'f.txt': b'{2}\ne.e\n', 'other.txt': b'epsilon five\na!b\na|b\nphalp\na-b\nab*c\n'})

/tests/test_outputs.py:169: AssertionError
_______________________________ test_generated_8 _______________________________

    def test_generated_8():
>       check("generated_8")

/tests/test_outputs.py:311: 
_ _ _ _ _ _ _ _ _ _ _ _ _ _ _ _ _ _ _ _ _ _ _ _ _ _ _ _ _ _ _ _ _ _ _ _ _ _ _ _ 

family = 'generated_8'

    def check(family):
        cases = [c for c in CASES if c["family"] == family]
        assert cases, f"no cases for {family}"
        failures = []
        for case in cases:
            want = run([GNU_ED], case)
            got = run(DEMOTE + CANDIDATE, case)
            if got != want:
                failures.append((case, want, got))
        if failures:
            case, want, got = failures[0]
            detail = (f"{len(failures)} of {len(cases)} cases differ; first: ed {case['args']!r} with "
                      f"files {[n for n, _t in case['files']]} and script {case['script']!r} on a "
                      f"{case['stdin']}: expected output {want[0]!r} (zero status: {want[1]}, files: "
                      f"{want[2]!r}), got {got[0]!r} (zero status: {got[1]}, files: {got[2]!r})")
>           raise AssertionError(detail)
E           AssertionError: 80 of 80 cases differ; first: ed ['f.txt', '-s'] with files ['f.txt', 'other.txt'] and script '%m$p\n9jpn\ns#[[:digit:]]#\napn\nnew\n.\n5-s;1;\\\n;I\n,n\n' on a file: expected output b'/slash/\n?\n' (zero status: False, files: {'f.txt': b'phalp\nMixed Case\ne.e\ne.e\na|b\nabab\na|b\n/slash/\n', 'other.txt': b'a-b\nabab\nback\\slash\n'}), got b'' (zero status: False, files: {'f.txt': b'phalp\nMixed Case\ne.e\ne.e\na|b\nabab\na|b\n/slash/\n', 'other.txt': b'a-b\nabab\nback\\slash\n'})

/tests/test_outputs.py:169: AssertionError
==================================== PASSES ====================================
=========================== short test summary info ============================
PASSED ../../tests/test_outputs.py::test_launcher_stops_delegation_and_foreign_code
FAILED ../../tests/test_outputs.py::test_addresses - AssertionError: 82 of 82...
FAILED ../../tests/test_outputs.py::test_append_insert_change - AssertionErro...
FAILED ../../tests/test_outputs.py::test_delete_join_move_copy - AssertionErr...
FAILED ../../tests/test_outputs.py::test_substitute - AssertionError: 79 of 7...
FAILED ../../tests/test_outputs.py::test_global_commands - AssertionError: 61...
FAILED ../../tests/test_outputs.py::test_undo - AssertionError: 16 of 16 case...
FAILED ../../tests/test_outputs.py::test_print_list_number - AssertionError: ...
FAILED ../../tests/test_outputs.py::test_regex - AssertionError: 65 of 65 cas...
FAILED ../../tests/test_outputs.py::test_regex_extended - AssertionError: 14 ...
FAILED ../../tests/test_outputs.py::test_files_and_write - AssertionError: 72...
FAILED ../../tests/test_outputs.py::test_errors_and_exit - AssertionError: 30...
FAILED ../../tests/test_outputs.py::test_options - AssertionError: 9 of 10 ca...
FAILED ../../tests/test_outputs.py::test_mixed_scripts_1 - AssertionError: 30...
FAILED ../../tests/test_outputs.py::test_mixed_scripts_2 - AssertionError: 26...
FAILED ../../tests/test_outputs.py::test_mixed_scripts_3 - AssertionError: 23...
FAILED ../../tests/test_outputs.py::test_mixed_scripts_4 - AssertionError: 26...
FAILED ../../tests/test_outputs.py::test_mixed_scripts_5 - AssertionError: 17...
FAILED ../../tests/test_outputs.py::test_mixed_scripts_6 - AssertionError: 11...
FAILED ../../tests/test_outputs.py::test_generated_1 - AssertionError: 80 of ...
FAILED ../../tests/test_outputs.py::test_generated_2 - AssertionError: 80 of ...
FAILED ../../tests/test_outputs.py::test_generated_3 - AssertionError: 80 of ...
FAILED ../../tests/test_outputs.py::test_generated_4 - AssertionError: 80 of ...
FAILED ../../tests/test_outputs.py::test_generated_5 - AssertionError: 80 of ...
FAILED ../../tests/test_outputs.py::test_generated_6 - AssertionError: 80 of ...
FAILED ../../tests/test_outputs.py::test_generated_7 - AssertionError: 80 of ...
FAILED ../../tests/test_outputs.py::test_generated_8 - AssertionError: 80 of ...
======================== 26 failed, 1 passed in 56.15s =========================
