============================= test session starts ==============================
platform linux -- Python 3.13.12, pytest-9.1.1, pluggy-1.6.0
rootdir: /tests
plugins: json-ctrf-0.5.2
collected 16 items

../../tests/test_outputs.py ............F...                             [100%]

=================================== FAILURES ===================================
________________________ test_generated_agreement_files ________________________

    def test_generated_agreement_files():
        """Seeded day rentals over the rest of the rule 1.3 domain, as sealed and under fresh labels: every file twice,
        under branch names that are empty, one letter, long, non-ASCII, quoted, backslashed, spaced or freshly drawn."""
        check_family("generated")
        rng = random.Random(RELABEL_SEED)
        rows = load("generated")
        for index, branch in enumerate(BRANCHES):
            row = rows[index % len(rows)]
            run, expected = relabel(row, rng, branch)
            within_limits(run)
>           compare(bill_run(run), expected, f"generated {row['agreements']['branch']} as branch {run['branch']!r} (seed {RELABEL_SEED})")
                    ^^^^^^^^^^^^^

/tests/test_outputs.py:332: 
_ _ _ _ _ _ _ _ _ _ _ _ _ _ _ _ _ _ _ _ _ _ _ _ _ _ _ _ _ _ _ _ _ _ _ _ _ _ _ _ 

agreements = {'branch': '', 'agreements': [{'id': 'JG-U5X', 'out': '2084-06-21T12:40', 'in': '2084-06-27T08:07', 'odometer_out': 99...242, ...}, {'id': '61I1PPN1S', 'out': '2002-10-27T17:48', 'in': '2002-11-18T19:11', 'odometer_out': 959377, ...}, ...]}
shipped = False

    def bill_run(agreements, shipped=False):
        """Run the driver on one agreement file (the candidate's package, or the shipped copy); return its parsed stdout."""
        stage = tempfile.mkdtemp()
        work = tempfile.mkdtemp()
        os.chmod(stage, 0o755)
        os.chmod(work, 0o777)
        path = os.path.join(stage, STAGE_NAMES[JOBS[0] % len(STAGE_NAMES)])
        JOBS[0] += 1
        os.makedirs(os.path.dirname(path), mode=0o755, exist_ok=True)
        for parent in Path(path).relative_to(stage).parents:
            os.chmod(os.path.join(stage, parent), 0o755)
        with open(path, "w", encoding="utf-8") as handle:
            json.dump(agreements, handle, ensure_ascii=False)
        os.chmod(path, 0o644)
        remaining = DEADLINE - time.monotonic()
        assert remaining > 0, "verifier time budget exhausted"
        uid, driver = (SHIPPED_UID, str(SHIPPED_RUN / "app" / "tools" / "rentcharge_run.py")) if shipped else (CANDIDATE_UID, str(DELIVERED_DRIVER))
        code, out, err = run_as(uid, ["python3", "-I", "-S", driver, path], work, remaining)
        shutil.rmtree(stage, ignore_errors=True)
        shutil.rmtree(work, ignore_errors=True)
>       assert code == 0, f"driver exited {code} on {path}: {err[-2000:]}"
E       AssertionError: driver exited 1 on /tmp/tmpl5f6za43/bills.2031.05.json.txt: Traceback (most recent call last):
E           File "/app/tools/rentcharge_run.py", line 24, in <module>
E             sys.exit(main(sys.argv))
E                      ~~~~^^^^^^^^^^
E           File "/app/tools/rentcharge_run.py", line 18, in main
E             json.dump(bill_run(agreements), sys.stdout)
E                       ~~~~~~~~^^^^^^^^^^^^
E           File "/app/tools/../src/rentcharge/run.py", line 28, in bill_run
E             raise ValueError("branch required")
E         ValueError: branch required
E         
E       assert 1 == 0

/tests/test_outputs.py:165: AssertionError
==================================== PASSES ====================================
=========================== short test summary info ============================
PASSED ../../tests/test_outputs.py::test_rule_2_3_whole_days_and_59_minutes_free
PASSED ../../tests/test_outputs.py::test_rule_3_2_allowance_150_miles_a_day
PASSED ../../tests/test_outputs.py::test_rule_2_4_odometer_turns_over
PASSED ../../tests/test_outputs.py::test_rule_3_3_refuelling_fee
PASSED ../../tests/test_outputs.py::test_rule_4_1_fuel_is_not_taxed
PASSED ../../tests/test_outputs.py::test_rule_1_2_tax_half_cent_goes_up
PASSED ../../tests/test_outputs.py::test_bill_order_and_file_totals
PASSED ../../tests/test_outputs.py::test_rental_under_a_day_keeps_todays_days
PASSED ../../tests/test_outputs.py::test_rule_3_2_allowance_on_a_rental_under_a_day
PASSED ../../tests/test_outputs.py::test_car_back_as_full_or_fuller_keeps_todays_fuel_charge
PASSED ../../tests/test_outputs.py::test_figures_left_to_todays_code_together
PASSED ../../tests/test_outputs.py::test_rule_1_3_limits_reached
PASSED ../../tests/test_outputs.py::test_candidate_cannot_read_verifier_state
PASSED ../../tests/test_outputs.py::test_only_the_package_changed
PASSED ../../tests/test_outputs.py::test_submitted_driver_unchanged
FAILED ../../tests/test_outputs.py::test_generated_agreement_files - Assertio...
========================= 1 failed, 15 passed in 1.21s =========================
