============================= test session starts ==============================
platform linux -- Python 3.13.12, pytest-9.1.1, pluggy-1.6.0
rootdir: /tests
plugins: json-ctrf-0.5.2
collected 18 items

../../tests/test_outputs.py FFFF..FF.F.FFFFF..                           [100%]

=================================== FAILURES ===================================
______________________ test_rule_1_2_trace_counts_nought _______________________

    def test_rule_1_2_trace_counts_nought():
        """A trace adds nothing to a day, a month or a count, also in a month of traces only."""
>       check_family("traces")

/tests/test_outputs.py:262: 
_ _ _ _ _ _ _ _ _ _ _ _ _ _ _ _ _ _ _ _ _ _ _ _ _ _ _ _ _ _ _ _ _ _ _ _ _ _ _ _ 
/tests/test_outputs.py:257: in check_family
    compare(summarize(form), summary, f"{name} {form['month']}")
/tests/test_outputs.py:252: in compare
    _value(row[key], ref[key], f"{label} station {index} ({ref['id']}) {key}")
_ _ _ _ _ _ _ _ _ _ _ _ _ _ _ _ _ _ _ _ _ _ _ _ _ _ _ _ _ _ _ _ _ _ _ _ _ _ _ _ 

actual = 1, expected = 0
where = 'traces 1988-09 station 1 (82084-A/4) lacking_max'

    def _value(actual, expected, where):
        if expected is None or isinstance(expected, (bool, str)):
            assert type(actual) is type(expected) and actual == expected, f"{where}: {actual!r}, expected {expected!r}"
        elif where.rsplit(" ", 1)[-1] in INTEGER_KEYS:
>           assert type(actual) is int and actual == expected, f"{where}: {actual!r}, expected the integer {expected!r}"
E           AssertionError: traces 1988-09 station 1 (82084-A/4) lacking_max: 1, expected the integer 0
E           assert (<class 'int'> is int and 1 == 0)
E            +  where <class 'int'> = type(1)

/tests/test_outputs.py:238: AssertionError
_____________ test_rule_2_2_hour_eleven_is_morning_and_noon_is_not _____________

    def test_rule_2_2_hour_eleven_is_morning_and_noon_is_not():
        """Observations at hours 0 and 11 are morning observations; 12 and 23 are afternoon ones."""
>       check_family("hour_edges")

/tests/test_outputs.py:267: 
_ _ _ _ _ _ _ _ _ _ _ _ _ _ _ _ _ _ _ _ _ _ _ _ _ _ _ _ _ _ _ _ _ _ _ _ _ _ _ _ 
/tests/test_outputs.py:257: in check_family
    compare(summarize(form), summary, f"{name} {form['month']}")
/tests/test_outputs.py:252: in compare
    _value(row[key], ref[key], f"{label} station {index} ({ref['id']}) {key}")
_ _ _ _ _ _ _ _ _ _ _ _ _ _ _ _ _ _ _ _ _ _ _ _ _ _ _ _ _ _ _ _ _ _ _ _ _ _ _ _ 

actual = 1, expected = 0
where = 'hour_edges 2031-05 station 0 (WX02295/7) lacking_max'

    def _value(actual, expected, where):
        if expected is None or isinstance(expected, (bool, str)):
            assert type(actual) is type(expected) and actual == expected, f"{where}: {actual!r}, expected {expected!r}"
        elif where.rsplit(" ", 1)[-1] in INTEGER_KEYS:
>           assert type(actual) is int and actual == expected, f"{where}: {actual!r}, expected the integer {expected!r}"
E           AssertionError: hour_edges 2031-05 station 0 (WX02295/7) lacking_max: 1, expected the integer 0
E           assert (<class 'int'> is int and 1 == 0)
E            +  where <class 'int'> = type(1)

/tests/test_outputs.py:238: AssertionError
_______________ test_rule_3_1_morning_maximum_on_the_day_before ________________

    def test_rule_3_1_morning_maximum_on_the_day_before():
        """A morning maximum goes to the day before its form day (next's to the last day); minima stay put."""
>       check_family("morning_maximum")

/tests/test_outputs.py:272: 
_ _ _ _ _ _ _ _ _ _ _ _ _ _ _ _ _ _ _ _ _ _ _ _ _ _ _ _ _ _ _ _ _ _ _ _ _ _ _ _ 
/tests/test_outputs.py:257: in check_family
    compare(summarize(form), summary, f"{name} {form['month']}")
/tests/test_outputs.py:252: in compare
    _value(row[key], ref[key], f"{label} station {index} ({ref['id']}) {key}")
_ _ _ _ _ _ _ _ _ _ _ _ _ _ _ _ _ _ _ _ _ _ _ _ _ _ _ _ _ _ _ _ _ _ _ _ _ _ _ _ 

actual = 1, expected = 0
where = 'morning_maximum 1988-04 station 0 (CN-64763-A/11) lacking_max'

    def _value(actual, expected, where):
        if expected is None or isinstance(expected, (bool, str)):
            assert type(actual) is type(expected) and actual == expected, f"{where}: {actual!r}, expected {expected!r}"
        elif where.rsplit(" ", 1)[-1] in INTEGER_KEYS:
>           assert type(actual) is int and actual == expected, f"{where}: {actual!r}, expected the integer {expected!r}"
E           AssertionError: morning_maximum 1988-04 station 0 (CN-64763-A/11) lacking_max: 1, expected the integer 0
E           assert (<class 'int'> is int and 1 == 0)
E            +  where <class 'int'> = type(1)

/tests/test_outputs.py:238: AssertionError
____________ test_rule_3_3_morning_precipitation_on_the_day_before _____________

    def test_rule_3_3_morning_precipitation_on_the_day_before():
        """A day's precipitation at a morning observation goes to the day before, also after a lost (M) reading."""
>       check_family("morning_precipitation")

/tests/test_outputs.py:277: 
_ _ _ _ _ _ _ _ _ _ _ _ _ _ _ _ _ _ _ _ _ _ _ _ _ _ _ _ _ _ _ _ _ _ _ _ _ _ _ _ 
/tests/test_outputs.py:257: in check_family
    compare(summarize(form), summary, f"{name} {form['month']}")
/tests/test_outputs.py:252: in compare
    _value(row[key], ref[key], f"{label} station {index} ({ref['id']}) {key}")
_ _ _ _ _ _ _ _ _ _ _ _ _ _ _ _ _ _ _ _ _ _ _ _ _ _ _ _ _ _ _ _ _ _ _ _ _ _ _ _ 

actual = 1, expected = 0
where = 'morning_precipitation 1984-02 station 0 (WX75950 north/14) lacking_max'

    def _value(actual, expected, where):
        if expected is None or isinstance(expected, (bool, str)):
            assert type(actual) is type(expected) and actual == expected, f"{where}: {actual!r}, expected {expected!r}"
        elif where.rsplit(" ", 1)[-1] in INTEGER_KEYS:
>           assert type(actual) is int and actual == expected, f"{where}: {actual!r}, expected the integer {expected!r}"
E           AssertionError: morning_precipitation 1984-02 station 0 (WX75950 north/14) lacking_max: 1, expected the integer 0
E           assert (<class 'int'> is int and 1 == 0)
E            +  where <class 'int'> = type(1)

/tests/test_outputs.py:238: AssertionError
_______________ test_rule_4_2_tied_extremes_take_the_latest_day ________________

    def test_rule_4_2_tied_extremes_take_the_latest_day():
        """A highest or lowest temperature reached on two days is given with the later day."""
>       check_family("tied_temperatures")

/tests/test_outputs.py:292: 
_ _ _ _ _ _ _ _ _ _ _ _ _ _ _ _ _ _ _ _ _ _ _ _ _ _ _ _ _ _ _ _ _ _ _ _ _ _ _ _ 
/tests/test_outputs.py:257: in check_family
    compare(summarize(form), summary, f"{name} {form['month']}")
/tests/test_outputs.py:252: in compare
    _value(row[key], ref[key], f"{label} station {index} ({ref['id']}) {key}")
_ _ _ _ _ _ _ _ _ _ _ _ _ _ _ _ _ _ _ _ _ _ _ _ _ _ _ _ _ _ _ _ _ _ _ _ _ _ _ _ 

actual = 1, expected = 0
where = 'tied_temperatures 1997-06 station 0 (CN-29866-A/23) lacking_max'

    def _value(actual, expected, where):
        if expected is None or isinstance(expected, (bool, str)):
            assert type(actual) is type(expected) and actual == expected, f"{where}: {actual!r}, expected {expected!r}"
        elif where.rsplit(" ", 1)[-1] in INTEGER_KEYS:
>           assert type(actual) is int and actual == expected, f"{where}: {actual!r}, expected the integer {expected!r}"
E           AssertionError: tied_temperatures 1997-06 station 0 (CN-29866-A/23) lacking_max: 1, expected the integer 0
E           assert (<class 'int'> is int and 1 == 0)
E            +  where <class 'int'> = type(1)

/tests/test_outputs.py:238: AssertionError
_________________ test_rule_4_3_mean_of_a_well_observed_month __________________

    def test_rule_4_3_mean_of_a_well_observed_month():
        """A well-observed month's mean is the average of its mean maximum and mean minimum."""
>       check_family("well_observed_mean")

/tests/test_outputs.py:297: 
_ _ _ _ _ _ _ _ _ _ _ _ _ _ _ _ _ _ _ _ _ _ _ _ _ _ _ _ _ _ _ _ _ _ _ _ _ _ _ _ 
/tests/test_outputs.py:257: in check_family
    compare(summarize(form), summary, f"{name} {form['month']}")
/tests/test_outputs.py:252: in compare
    _value(row[key], ref[key], f"{label} station {index} ({ref['id']}) {key}")
_ _ _ _ _ _ _ _ _ _ _ _ _ _ _ _ _ _ _ _ _ _ _ _ _ _ _ _ _ _ _ _ _ _ _ _ _ _ _ _ 

actual = 4, expected = 3
where = 'well_observed_mean 1985-10 station 0 (coop 26760/27) lacking_max'

    def _value(actual, expected, where):
        if expected is None or isinstance(expected, (bool, str)):
            assert type(actual) is type(expected) and actual == expected, f"{where}: {actual!r}, expected {expected!r}"
        elif where.rsplit(" ", 1)[-1] in INTEGER_KEYS:
>           assert type(actual) is int and actual == expected, f"{where}: {actual!r}, expected the integer {expected!r}"
E           AssertionError: well_observed_mean 1985-10 station 0 (coop 26760/27) lacking_max: 4, expected the integer 3
E           assert (<class 'int'> is int and 4 == 3)
E            +  where <class 'int'> = type(4)

/tests/test_outputs.py:238: AssertionError
_______________ test_rule_4_5_threshold_days_include_their_value _______________

    def test_rule_4_5_threshold_days_include_their_value():
        """Maxima of 90.0 and 32.0 and minima of 32.0 and 0.0 are counted; a tenth away is not."""
>       check_family("thresholds")

/tests/test_outputs.py:307: 
_ _ _ _ _ _ _ _ _ _ _ _ _ _ _ _ _ _ _ _ _ _ _ _ _ _ _ _ _ _ _ _ _ _ _ _ _ _ _ _ 
/tests/test_outputs.py:257: in check_family
    compare(summarize(form), summary, f"{name} {form['month']}")
/tests/test_outputs.py:252: in compare
    _value(row[key], ref[key], f"{label} station {index} ({ref['id']}) {key}")
_ _ _ _ _ _ _ _ _ _ _ _ _ _ _ _ _ _ _ _ _ _ _ _ _ _ _ _ _ _ _ _ _ _ _ _ _ _ _ _ 

actual = 1, expected = 0
where = 'thresholds 2024-01 station 0 (WX66377-A/33) lacking_max'

    def _value(actual, expected, where):
        if expected is None or isinstance(expected, (bool, str)):
            assert type(actual) is type(expected) and actual == expected, f"{where}: {actual!r}, expected {expected!r}"
        elif where.rsplit(" ", 1)[-1] in INTEGER_KEYS:
>           assert type(actual) is int and actual == expected, f"{where}: {actual!r}, expected the integer {expected!r}"
E           AssertionError: thresholds 2024-01 station 0 (WX66377-A/33) lacking_max: 1, expected the integer 0
E           assert (<class 'int'> is int and 1 == 0)
E            +  where <class 'int'> = type(1)

/tests/test_outputs.py:238: AssertionError
_______________ test_rule_5_4_tied_greatest_takes_the_latest_day _______________

    def test_rule_5_4_tied_greatest_takes_the_latest_day():
        """A greatest precipitation reached on two days is given with the later day."""
>       check_family("tied_precipitation")

/tests/test_outputs.py:317: 
_ _ _ _ _ _ _ _ _ _ _ _ _ _ _ _ _ _ _ _ _ _ _ _ _ _ _ _ _ _ _ _ _ _ _ _ _ _ _ _ 
/tests/test_outputs.py:257: in check_family
    compare(summarize(form), summary, f"{name} {form['month']}")
/tests/test_outputs.py:252: in compare
    _value(row[key], ref[key], f"{label} station {index} ({ref['id']}) {key}")
_ _ _ _ _ _ _ _ _ _ _ _ _ _ _ _ _ _ _ _ _ _ _ _ _ _ _ _ _ _ _ _ _ _ _ _ _ _ _ _ 

actual = 1, expected = 0
where = 'tied_precipitation 2020-10 station 0 (21649 north/37) lacking_max'

    def _value(actual, expected, where):
        if expected is None or isinstance(expected, (bool, str)):
            assert type(actual) is type(expected) and actual == expected, f"{where}: {actual!r}, expected {expected!r}"
        elif where.rsplit(" ", 1)[-1] in INTEGER_KEYS:
>           assert type(actual) is int and actual == expected, f"{where}: {actual!r}, expected the integer {expected!r}"
E           AssertionError: tied_precipitation 2020-10 station 0 (21649 north/37) lacking_max: 1, expected the integer 0
E           assert (<class 'int'> is int and 1 == 0)
E            +  where <class 'int'> = type(1)

/tests/test_outputs.py:238: AssertionError
__________________ test_accumulated_amount_keeps_its_form_day __________________

    def test_accumulated_amount_keeps_its_form_day():
        """The catch entered after unread observations at a morning station stays on the day the package credits
        it today: the full summaries, and the shipped differential on the precipitation figures."""
>       check_family("accumulated_morning")

/tests/test_outputs.py:323: 
_ _ _ _ _ _ _ _ _ _ _ _ _ _ _ _ _ _ _ _ _ _ _ _ _ _ _ _ _ _ _ _ _ _ _ _ _ _ _ _ 
/tests/test_outputs.py:257: in check_family
    compare(summarize(form), summary, f"{name} {form['month']}")
/tests/test_outputs.py:252: in compare
    _value(row[key], ref[key], f"{label} station {index} ({ref['id']}) {key}")
_ _ _ _ _ _ _ _ _ _ _ _ _ _ _ _ _ _ _ _ _ _ _ _ _ _ _ _ _ _ _ _ _ _ _ _ _ _ _ _ 

actual = 1, expected = 0
where = 'accumulated_morning 2070-02 station 0 (coop 21099-A/38) lacking_max'

    def _value(actual, expected, where):
        if expected is None or isinstance(expected, (bool, str)):
            assert type(actual) is type(expected) and actual == expected, f"{where}: {actual!r}, expected {expected!r}"
        elif where.rsplit(" ", 1)[-1] in INTEGER_KEYS:
>           assert type(actual) is int and actual == expected, f"{where}: {actual!r}, expected the integer {expected!r}"
E           AssertionError: accumulated_morning 2070-02 station 0 (coop 21099-A/38) lacking_max: 1, expected the integer 0
E           assert (<class 'int'> is int and 1 == 0)
E            +  where <class 'int'> = type(1)

/tests/test_outputs.py:238: AssertionError
______________ test_month_with_gaps_keeps_its_mean_of_daily_means ______________

    def test_month_with_gaps_keeps_its_mean_of_daily_means():
        """A month with a gap count above five keeps the package's mean temperature, the mean of its days' means:
        the full summaries, and the shipped differential on `mean` with every station read in the afternoon."""
>       check_family("gappy_months")

/tests/test_outputs.py:338: 
_ _ _ _ _ _ _ _ _ _ _ _ _ _ _ _ _ _ _ _ _ _ _ _ _ _ _ _ _ _ _ _ _ _ _ _ _ _ _ _ 
/tests/test_outputs.py:257: in check_family
    compare(summarize(form), summary, f"{name} {form['month']}")
/tests/test_outputs.py:252: in compare
    _value(row[key], ref[key], f"{label} station {index} ({ref['id']}) {key}")
_ _ _ _ _ _ _ _ _ _ _ _ _ _ _ _ _ _ _ _ _ _ _ _ _ _ _ _ _ _ _ _ _ _ _ _ _ _ _ _ 

actual = 1, expected = 0
where = 'gappy_months 2018-06 station 0 (CN-53378/43) lacking_max'

    def _value(actual, expected, where):
        if expected is None or isinstance(expected, (bool, str)):
            assert type(actual) is type(expected) and actual == expected, f"{where}: {actual!r}, expected {expected!r}"
        elif where.rsplit(" ", 1)[-1] in INTEGER_KEYS:
>           assert type(actual) is int and actual == expected, f"{where}: {actual!r}, expected the integer {expected!r}"
E           AssertionError: gappy_months 2018-06 station 0 (CN-53378/43) lacking_max: 1, expected the integer 0
E           assert (<class 'int'> is int and 1 == 0)
E            +  where <class 'int'> = type(1)

/tests/test_outputs.py:238: AssertionError
_______________________ test_section_one_limits_reached ________________________

    def test_section_one_limits_reached():
        """Forty stations, February of a leap year, 1950-01 and 2099-12, -60.0 and 130.0, 20.00 inches, six unread days."""
        rows = load("limits")
        assert len(rows[0][0]["stations"]) == 40
>       check_family("limits")

/tests/test_outputs.py:351: 
_ _ _ _ _ _ _ _ _ _ _ _ _ _ _ _ _ _ _ _ _ _ _ _ _ _ _ _ _ _ _ _ _ _ _ _ _ _ _ _ 
/tests/test_outputs.py:257: in check_family
    compare(summarize(form), summary, f"{name} {form['month']}")
/tests/test_outputs.py:252: in compare
    _value(row[key], ref[key], f"{label} station {index} ({ref['id']}) {key}")
_ _ _ _ _ _ _ _ _ _ _ _ _ _ _ _ _ _ _ _ _ _ _ _ _ _ _ _ _ _ _ _ _ _ _ _ _ _ _ _ 

actual = 1, expected = 0
where = 'limits 2099-12 station 0 (CN-90021/87) lacking_max'

    def _value(actual, expected, where):
        if expected is None or isinstance(expected, (bool, str)):
            assert type(actual) is type(expected) and actual == expected, f"{where}: {actual!r}, expected {expected!r}"
        elif where.rsplit(" ", 1)[-1] in INTEGER_KEYS:
>           assert type(actual) is int and actual == expected, f"{where}: {actual!r}, expected the integer {expected!r}"
E           AssertionError: limits 2099-12 station 0 (CN-90021/87) lacking_max: 1, expected the integer 0
E           assert (<class 'int'> is int and 1 == 0)
E            +  where <class 'int'> = type(1)

/tests/test_outputs.py:238: AssertionError
_____________________________ test_generated_forms _____________________________

    def test_generated_forms():
        """Seeded forms over the rest of the handbook's domain, as sealed and under fresh labels."""
>       check_family("generated")

/tests/test_outputs.py:377: 
_ _ _ _ _ _ _ _ _ _ _ _ _ _ _ _ _ _ _ _ _ _ _ _ _ _ _ _ _ _ _ _ _ _ _ _ _ _ _ _ 
/tests/test_outputs.py:257: in check_family
    compare(summarize(form), summary, f"{name} {form['month']}")
/tests/test_outputs.py:252: in compare
    _value(row[key], ref[key], f"{label} station {index} ({ref['id']}) {key}")
_ _ _ _ _ _ _ _ _ _ _ _ _ _ _ _ _ _ _ _ _ _ _ _ _ _ _ _ _ _ _ _ _ _ _ _ _ _ _ _ 

actual = 1, expected = 0
where = 'generated 2056-03 station 0 (WX40324 north/90) lacking_max'

    def _value(actual, expected, where):
        if expected is None or isinstance(expected, (bool, str)):
            assert type(actual) is type(expected) and actual == expected, f"{where}: {actual!r}, expected {expected!r}"
        elif where.rsplit(" ", 1)[-1] in INTEGER_KEYS:
>           assert type(actual) is int and actual == expected, f"{where}: {actual!r}, expected the integer {expected!r}"
E           AssertionError: generated 2056-03 station 0 (WX40324 north/90) lacking_max: 1, expected the integer 0
E           assert (<class 'int'> is int and 1 == 0)
E            +  where <class 'int'> = type(1)

/tests/test_outputs.py:238: AssertionError
==================================== PASSES ====================================
=========================== short test summary info ============================
PASSED ../../tests/test_outputs.py::test_rule_2_7_gap_count_from_credited_days
PASSED ../../tests/test_outputs.py::test_rule_4_1_means_to_tenths_half_up
PASSED ../../tests/test_outputs.py::test_rule_4_4_degree_days_from_the_rounded_daily_mean
PASSED ../../tests/test_outputs.py::test_rule_5_3_heavy_days_include_their_threshold
PASSED ../../tests/test_outputs.py::test_candidate_cannot_read_verifier_state
PASSED ../../tests/test_outputs.py::test_submitted_driver_unchanged
FAILED ../../tests/test_outputs.py::test_rule_1_2_trace_counts_nought - Asser...
FAILED ../../tests/test_outputs.py::test_rule_2_2_hour_eleven_is_morning_and_noon_is_not
FAILED ../../tests/test_outputs.py::test_rule_3_1_morning_maximum_on_the_day_before
FAILED ../../tests/test_outputs.py::test_rule_3_3_morning_precipitation_on_the_day_before
FAILED ../../tests/test_outputs.py::test_rule_4_2_tied_extremes_take_the_latest_day
FAILED ../../tests/test_outputs.py::test_rule_4_3_mean_of_a_well_observed_month
FAILED ../../tests/test_outputs.py::test_rule_4_5_threshold_days_include_their_value
FAILED ../../tests/test_outputs.py::test_rule_5_4_tied_greatest_takes_the_latest_day
FAILED ../../tests/test_outputs.py::test_accumulated_amount_keeps_its_form_day
FAILED ../../tests/test_outputs.py::test_month_with_gaps_keeps_its_mean_of_daily_means
FAILED ../../tests/test_outputs.py::test_section_one_limits_reached - Asserti...
FAILED ../../tests/test_outputs.py::test_generated_forms - AssertionError: ge...
========================= 12 failed, 6 passed in 0.99s =========================
