============================= test session starts ==============================
platform linux -- Python 3.13.12, pytest-9.1.1, pluggy-1.6.0
rootdir: /tests
plugins: json-ctrf-0.5.2
collected 18 items

../../tests/test_outputs.py FF............FF..                           [100%]

=================================== FAILURES ===================================
______________________ test_rule_1_2_trace_counts_nought _______________________

    def test_rule_1_2_trace_counts_nought():
        """A trace adds nothing to a day, a month or a count, also in a month of traces only."""
>       check_family("traces")

/tests/test_outputs.py:262: 
_ _ _ _ _ _ _ _ _ _ _ _ _ _ _ _ _ _ _ _ _ _ _ _ _ _ _ _ _ _ _ _ _ _ _ _ _ _ _ _ 
/tests/test_outputs.py:257: in check_family
    compare(summarize(form), summary, f"{name} {form['month']}")
/tests/test_outputs.py:252: in compare
    _value(row[key], ref[key], f"{label} station {index} ({ref['id']}) {key}")
_ _ _ _ _ _ _ _ _ _ _ _ _ _ _ _ _ _ _ _ _ _ _ _ _ _ _ _ _ _ _ _ _ _ _ _ _ _ _ _ 

actual = '82084-A/4', expected = 'CN-95265-A/3'
where = 'traces 1988-09 station 0 (CN-95265-A/3) id'

    def _value(actual, expected, where):
        if expected is None or isinstance(expected, (bool, str)):
>           assert type(actual) is type(expected) and actual == expected, f"{where}: {actual!r}, expected {expected!r}"
E           AssertionError: traces 1988-09 station 0 (CN-95265-A/3) id: '82084-A/4', expected 'CN-95265-A/3'
E           assert (<class 'str'> is <class 'str'> and '82084-A/4' == 'CN-95265-A/3'
E            +  where <class 'str'> = type('82084-A/4')
E            +  and   <class 'str'> = type('CN-95265-A/3')
E             
E             - CN-95265-A/3
E             + 82084-A/4)

/tests/test_outputs.py:236: AssertionError
_____________ test_rule_2_2_hour_eleven_is_morning_and_noon_is_not _____________

    def test_rule_2_2_hour_eleven_is_morning_and_noon_is_not():
        """Observations at hours 0 and 11 are morning observations; 12 and 23 are afternoon ones."""
>       check_family("hour_edges")

/tests/test_outputs.py:267: 
_ _ _ _ _ _ _ _ _ _ _ _ _ _ _ _ _ _ _ _ _ _ _ _ _ _ _ _ _ _ _ _ _ _ _ _ _ _ _ _ 
/tests/test_outputs.py:257: in check_family
    compare(summarize(form), summary, f"{name} {form['month']}")
/tests/test_outputs.py:252: in compare
    _value(row[key], ref[key], f"{label} station {index} ({ref['id']}) {key}")
_ _ _ _ _ _ _ _ _ _ _ _ _ _ _ _ _ _ _ _ _ _ _ _ _ _ _ _ _ _ _ _ _ _ _ _ _ _ _ _ 

actual = 'CN-57506/10', expected = 'WX02295/7'
where = 'hour_edges 2031-05 station 0 (WX02295/7) id'

    def _value(actual, expected, where):
        if expected is None or isinstance(expected, (bool, str)):
>           assert type(actual) is type(expected) and actual == expected, f"{where}: {actual!r}, expected {expected!r}"
E           AssertionError: hour_edges 2031-05 station 0 (WX02295/7) id: 'CN-57506/10', expected 'WX02295/7'
E           assert (<class 'str'> is <class 'str'> and 'CN-57506/10' == 'WX02295/7'
E            +  where <class 'str'> = type('CN-57506/10')
E            +  and   <class 'str'> = type('WX02295/7')
E             
E             - WX02295/7
E             + CN-57506/10)

/tests/test_outputs.py:236: AssertionError
_______________________ test_section_one_limits_reached ________________________

    def test_section_one_limits_reached():
        """Forty stations, February of a leap year, 1950-01 and 2099-12, -60.0 and 130.0, 20.00 inches, six unread days."""
        rows = load("limits")
        assert len(rows[0][0]["stations"]) == 40
>       check_family("limits")

/tests/test_outputs.py:351: 
_ _ _ _ _ _ _ _ _ _ _ _ _ _ _ _ _ _ _ _ _ _ _ _ _ _ _ _ _ _ _ _ _ _ _ _ _ _ _ _ 
/tests/test_outputs.py:257: in check_family
    compare(summarize(form), summary, f"{name} {form['month']}")
/tests/test_outputs.py:252: in compare
    _value(row[key], ref[key], f"{label} station {index} ({ref['id']}) {key}")
_ _ _ _ _ _ _ _ _ _ _ _ _ _ _ _ _ _ _ _ _ _ _ _ _ _ _ _ _ _ _ _ _ _ _ _ _ _ _ _ 

actual = '31065/80', expected = 'coop 63493-A/46'
where = 'limits 2096-02 station 0 (coop 63493-A/46) id'

    def _value(actual, expected, where):
        if expected is None or isinstance(expected, (bool, str)):
>           assert type(actual) is type(expected) and actual == expected, f"{where}: {actual!r}, expected {expected!r}"
E           AssertionError: limits 2096-02 station 0 (coop 63493-A/46) id: '31065/80', expected 'coop 63493-A/46'
E           assert (<class 'str'> is <class 'str'> and '31065/80' == 'coop 63493-A/46'
E            +  where <class 'str'> = type('31065/80')
E            +  and   <class 'str'> = type('coop 63493-A/46')
E             
E             - coop 63493-A/46
E             + 31065/80)

/tests/test_outputs.py:236: AssertionError
_____________________________ test_generated_forms _____________________________

    def test_generated_forms():
        """Seeded forms over the rest of the handbook's domain, as sealed and under fresh labels."""
>       check_family("generated")

/tests/test_outputs.py:377: 
_ _ _ _ _ _ _ _ _ _ _ _ _ _ _ _ _ _ _ _ _ _ _ _ _ _ _ _ _ _ _ _ _ _ _ _ _ _ _ _ 
/tests/test_outputs.py:257: in check_family
    compare(summarize(form), summary, f"{name} {form['month']}")
/tests/test_outputs.py:252: in compare
    _value(row[key], ref[key], f"{label} station {index} ({ref['id']}) {key}")
_ _ _ _ _ _ _ _ _ _ _ _ _ _ _ _ _ _ _ _ _ _ _ _ _ _ _ _ _ _ _ _ _ _ _ _ _ _ _ _ 

actual = '57809 north/94', expected = 'WX16137/92'
where = 'generated 1952-06 station 0 (WX16137/92) id'

    def _value(actual, expected, where):
        if expected is None or isinstance(expected, (bool, str)):
>           assert type(actual) is type(expected) and actual == expected, f"{where}: {actual!r}, expected {expected!r}"
E           AssertionError: generated 1952-06 station 0 (WX16137/92) id: '57809 north/94', expected 'WX16137/92'
E           assert (<class 'str'> is <class 'str'> and '57809 north/94' == 'WX16137/92'
E            +  where <class 'str'> = type('57809 north/94')
E            +  and   <class 'str'> = type('WX16137/92')
E             
E             - WX16137/92
E             + 57809 north/94)

/tests/test_outputs.py:236: AssertionError
==================================== PASSES ====================================
=========================== short test summary info ============================
PASSED ../../tests/test_outputs.py::test_rule_3_1_morning_maximum_on_the_day_before
PASSED ../../tests/test_outputs.py::test_rule_3_3_morning_precipitation_on_the_day_before
PASSED ../../tests/test_outputs.py::test_rule_2_7_gap_count_from_credited_days
PASSED ../../tests/test_outputs.py::test_rule_4_1_means_to_tenths_half_up
PASSED ../../tests/test_outputs.py::test_rule_4_2_tied_extremes_take_the_latest_day
PASSED ../../tests/test_outputs.py::test_rule_4_3_mean_of_a_well_observed_month
PASSED ../../tests/test_outputs.py::test_rule_4_4_degree_days_from_the_rounded_daily_mean
PASSED ../../tests/test_outputs.py::test_rule_4_5_threshold_days_include_their_value
PASSED ../../tests/test_outputs.py::test_rule_5_3_heavy_days_include_their_threshold
PASSED ../../tests/test_outputs.py::test_rule_5_4_tied_greatest_takes_the_latest_day
PASSED ../../tests/test_outputs.py::test_accumulated_amount_keeps_its_form_day
PASSED ../../tests/test_outputs.py::test_month_with_gaps_keeps_its_mean_of_daily_means
PASSED ../../tests/test_outputs.py::test_candidate_cannot_read_verifier_state
PASSED ../../tests/test_outputs.py::test_submitted_driver_unchanged
FAILED ../../tests/test_outputs.py::test_rule_1_2_trace_counts_nought - Asser...
FAILED ../../tests/test_outputs.py::test_rule_2_2_hour_eleven_is_morning_and_noon_is_not
FAILED ../../tests/test_outputs.py::test_section_one_limits_reached - Asserti...
FAILED ../../tests/test_outputs.py::test_generated_forms - AssertionError: ge...
========================= 4 failed, 14 passed in 1.50s =========================
