============================= test session starts ==============================
platform linux -- Python 3.13.12, pytest-9.1.1, pluggy-1.6.0
rootdir: /tests
plugins: json-ctrf-0.5.2
collected 18 items

../../tests/test_outputs.py ..............F...                           [100%]

=================================== FAILURES ===================================
_______________________ test_section_one_limits_reached ________________________

    def test_section_one_limits_reached():
        """Forty stations, February of a leap year, 1950-01 and 2099-12, -60.0 and 130.0, 20.00 inches, six unread days."""
        rows = load("limits")
        assert len(rows[0][0]["stations"]) == 40
>       check_family("limits")

/tests/test_outputs.py:351: 
_ _ _ _ _ _ _ _ _ _ _ _ _ _ _ _ _ _ _ _ _ _ _ _ _ _ _ _ _ _ _ _ _ _ _ _ _ _ _ _ 
/tests/test_outputs.py:257: in check_family
    compare(summarize(form), summary, f"{name} {form['month']}")
_ _ _ _ _ _ _ _ _ _ _ _ _ _ _ _ _ _ _ _ _ _ _ _ _ _ _ _ _ _ _ _ _ _ _ _ _ _ _ _ 

actual = {'network': 'Upper Basin Cooperative Network', 'month': '2096-02', 'stations': [{'id': 'coop 63493-A/46', 'complete': ...: 0, 'lacking_min': 0, ...}, {'id': '38445 north/51', 'complete': True, 'lacking_max': 0, 'lacking_min': 0, ...}, ...]}
expected = {'network': 'Upper Basin Cooperative Network', 'month': '2096-02', 'stations': [{'id': 'coop 63493-A/46', 'complete': ...: 0, 'lacking_min': 0, ...}, {'id': '38445 north/51', 'complete': True, 'lacking_max': 0, 'lacking_min': 0, ...}, ...]}
label = 'limits 2096-02'
keys = ['id', 'complete', 'lacking_max', 'lacking_min', 'mean_max', 'mean_min', ...]

    def compare(actual, expected, label, keys=KEYS):
        assert isinstance(actual, dict) and set(actual) >= {"network", "month", "stations"}, f"{label}: top-level keys"
        for key in ("network", "month"):
            _value(actual[key], expected[key], f"{label} {key}")
        got, want = actual["stations"], expected["stations"]
>       assert isinstance(got, list) and len(got) == len(want), f"{label}: {len(got) if isinstance(got, list) else got!r} stations, expected {len(want)}"
E       AssertionError: limits 2096-02: 32 stations, expected 40
E       assert (True and 32 == 40)
E        +  where True = isinstance([{'id': 'coop 63493-A/46', 'complete': True, 'lacking_max': 0, 'lacking_min': 0, ...}, {'id': 'CN-59395/47', 'complete...': 0, 'lacking_min': 0, ...}, {'id': '38445 north/51', 'complete': True, 'lacking_max': 0, 'lacking_min': 0, ...}, ...], list)
E        +  and   32 = len([{'id': 'coop 63493-A/46', 'complete': True, 'lacking_max': 0, 'lacking_min': 0, ...}, {'id': 'CN-59395/47', 'complete...': 0, 'lacking_min': 0, ...}, {'id': '38445 north/51', 'complete': True, 'lacking_max': 0, 'lacking_min': 0, ...}, ...])
E        +  and   40 = len([{'id': 'coop 63493-A/46', 'complete': True, 'lacking_max': 0, 'lacking_min': 0, ...}, {'id': 'CN-59395/47', 'complete...': 0, 'lacking_min': 0, ...}, {'id': '38445 north/51', 'complete': True, 'lacking_max': 0, 'lacking_min': 0, ...}, ...])

/tests/test_outputs.py:248: AssertionError
==================================== PASSES ====================================
=========================== short test summary info ============================
PASSED ../../tests/test_outputs.py::test_rule_1_2_trace_counts_nought
PASSED ../../tests/test_outputs.py::test_rule_2_2_hour_eleven_is_morning_and_noon_is_not
PASSED ../../tests/test_outputs.py::test_rule_3_1_morning_maximum_on_the_day_before
PASSED ../../tests/test_outputs.py::test_rule_3_3_morning_precipitation_on_the_day_before
PASSED ../../tests/test_outputs.py::test_rule_2_7_gap_count_from_credited_days
PASSED ../../tests/test_outputs.py::test_rule_4_1_means_to_tenths_half_up
PASSED ../../tests/test_outputs.py::test_rule_4_2_tied_extremes_take_the_latest_day
PASSED ../../tests/test_outputs.py::test_rule_4_3_mean_of_a_well_observed_month
PASSED ../../tests/test_outputs.py::test_rule_4_4_degree_days_from_the_rounded_daily_mean
PASSED ../../tests/test_outputs.py::test_rule_4_5_threshold_days_include_their_value
PASSED ../../tests/test_outputs.py::test_rule_5_3_heavy_days_include_their_threshold
PASSED ../../tests/test_outputs.py::test_rule_5_4_tied_greatest_takes_the_latest_day
PASSED ../../tests/test_outputs.py::test_accumulated_amount_keeps_its_form_day
PASSED ../../tests/test_outputs.py::test_month_with_gaps_keeps_its_mean_of_daily_means
PASSED ../../tests/test_outputs.py::test_generated_forms
PASSED ../../tests/test_outputs.py::test_candidate_cannot_read_verifier_state
PASSED ../../tests/test_outputs.py::test_submitted_driver_unchanged
FAILED ../../tests/test_outputs.py::test_section_one_limits_reached - Asserti...
========================= 1 failed, 17 passed in 1.47s =========================
