============================= test session starts ==============================
platform linux -- Python 3.13.12, pytest-9.1.1, pluggy-1.6.0
rootdir: /tests
plugins: json-ctrf-0.5.2
collected 18 items

../../tests/test_outputs.py F.F..F.F......FF..                           [100%]

=================================== FAILURES ===================================
______________________ test_rule_1_2_trace_counts_nought _______________________

    def test_rule_1_2_trace_counts_nought():
        """A trace adds nothing to a day, a month or a count, also in a month of traces only."""
>       check_family("traces")

/tests/test_outputs.py:262: 
_ _ _ _ _ _ _ _ _ _ _ _ _ _ _ _ _ _ _ _ _ _ _ _ _ _ _ _ _ _ _ _ _ _ _ _ _ _ _ _ 
/tests/test_outputs.py:257: in check_family
    compare(summarize(form), summary, f"{name} {form['month']}")
/tests/test_outputs.py:252: in compare
    _value(row[key], ref[key], f"{label} station {index} ({ref['id']}) {key}")
_ _ _ _ _ _ _ _ _ _ _ _ _ _ _ _ _ _ _ _ _ _ _ _ _ _ _ _ _ _ _ _ _ _ _ _ _ _ _ _ 

actual = -2.9, expected = -2.8
where = 'traces 2011-08 station 0 (coop 75207/2) mean'

    def _value(actual, expected, where):
        if expected is None or isinstance(expected, (bool, str)):
            assert type(actual) is type(expected) and actual == expected, f"{where}: {actual!r}, expected {expected!r}"
        elif where.rsplit(" ", 1)[-1] in INTEGER_KEYS:
            assert type(actual) is int and actual == expected, f"{where}: {actual!r}, expected the integer {expected!r}"
        else:
>           assert isinstance(actual, (int, float)) and not isinstance(actual, bool) and actual == expected, f"{where}: {actual!r}, expected {expected!r}"
E           AssertionError: traces 2011-08 station 0 (coop 75207/2) mean: -2.9, expected -2.8
E           assert (True and not False and -2.9 == -2.8)
E            +  where True = isinstance(-2.9, (<class 'int'>, <class 'float'>))
E            +  and   False = isinstance(-2.9, bool)

/tests/test_outputs.py:240: AssertionError
_______________ test_rule_3_1_morning_maximum_on_the_day_before ________________

    def test_rule_3_1_morning_maximum_on_the_day_before():
        """A morning maximum goes to the day before its form day (next's to the last day); minima stay put."""
>       check_family("morning_maximum")

/tests/test_outputs.py:272: 
_ _ _ _ _ _ _ _ _ _ _ _ _ _ _ _ _ _ _ _ _ _ _ _ _ _ _ _ _ _ _ _ _ _ _ _ _ _ _ _ 
/tests/test_outputs.py:257: in check_family
    compare(summarize(form), summary, f"{name} {form['month']}")
/tests/test_outputs.py:252: in compare
    _value(row[key], ref[key], f"{label} station {index} ({ref['id']}) {key}")
_ _ _ _ _ _ _ _ _ _ _ _ _ _ _ _ _ _ _ _ _ _ _ _ _ _ _ _ _ _ _ _ _ _ _ _ _ _ _ _ 

actual = 2382, expected = 2380
where = 'morning_maximum 1988-04 station 0 (CN-64763-A/11) heating_dd'

    def _value(actual, expected, where):
        if expected is None or isinstance(expected, (bool, str)):
            assert type(actual) is type(expected) and actual == expected, f"{where}: {actual!r}, expected {expected!r}"
        elif where.rsplit(" ", 1)[-1] in INTEGER_KEYS:
>           assert type(actual) is int and actual == expected, f"{where}: {actual!r}, expected the integer {expected!r}"
E           AssertionError: morning_maximum 1988-04 station 0 (CN-64763-A/11) heating_dd: 2382, expected the integer 2380
E           assert (<class 'int'> is int and 2382 == 2380)
E            +  where <class 'int'> = type(2382)

/tests/test_outputs.py:238: AssertionError
____________________ test_rule_4_1_means_to_tenths_half_up _____________________

    def test_rule_4_1_means_to_tenths_half_up():
        """Mean maximum and minimum to tenths, an exact half going to the higher tenth, below nought too."""
>       check_family("means")

/tests/test_outputs.py:287: 
_ _ _ _ _ _ _ _ _ _ _ _ _ _ _ _ _ _ _ _ _ _ _ _ _ _ _ _ _ _ _ _ _ _ _ _ _ _ _ _ 
/tests/test_outputs.py:257: in check_family
    compare(summarize(form), summary, f"{name} {form['month']}")
/tests/test_outputs.py:252: in compare
    _value(row[key], ref[key], f"{label} station {index} ({ref['id']}) {key}")
_ _ _ _ _ _ _ _ _ _ _ _ _ _ _ _ _ _ _ _ _ _ _ _ _ _ _ _ _ _ _ _ _ _ _ _ _ _ _ _ 

actual = -26.9, expected = -26.8
where = 'means 2024-04 station 0 (coop 52037-A/20) mean_max'

    def _value(actual, expected, where):
        if expected is None or isinstance(expected, (bool, str)):
            assert type(actual) is type(expected) and actual == expected, f"{where}: {actual!r}, expected {expected!r}"
        elif where.rsplit(" ", 1)[-1] in INTEGER_KEYS:
            assert type(actual) is int and actual == expected, f"{where}: {actual!r}, expected the integer {expected!r}"
        else:
>           assert isinstance(actual, (int, float)) and not isinstance(actual, bool) and actual == expected, f"{where}: {actual!r}, expected {expected!r}"
E           AssertionError: means 2024-04 station 0 (coop 52037-A/20) mean_max: -26.9, expected -26.8
E           assert (True and not False and -26.9 == -26.8)
E            +  where True = isinstance(-26.9, (<class 'int'>, <class 'float'>))
E            +  and   False = isinstance(-26.9, bool)

/tests/test_outputs.py:240: AssertionError
_________________ test_rule_4_3_mean_of_a_well_observed_month __________________

    def test_rule_4_3_mean_of_a_well_observed_month():
        """A well-observed month's mean is the average of its mean maximum and mean minimum."""
>       check_family("well_observed_mean")

/tests/test_outputs.py:297: 
_ _ _ _ _ _ _ _ _ _ _ _ _ _ _ _ _ _ _ _ _ _ _ _ _ _ _ _ _ _ _ _ _ _ _ _ _ _ _ _ 
/tests/test_outputs.py:257: in check_family
    compare(summarize(form), summary, f"{name} {form['month']}")
/tests/test_outputs.py:252: in compare
    _value(row[key], ref[key], f"{label} station {index} ({ref['id']}) {key}")
_ _ _ _ _ _ _ _ _ _ _ _ _ _ _ _ _ _ _ _ _ _ _ _ _ _ _ _ _ _ _ _ _ _ _ _ _ _ _ _ 

actual = 1655, expected = 1654
where = 'well_observed_mean 2057-10 station 0 (CN-68986-A/28) heating_dd'

    def _value(actual, expected, where):
        if expected is None or isinstance(expected, (bool, str)):
            assert type(actual) is type(expected) and actual == expected, f"{where}: {actual!r}, expected {expected!r}"
        elif where.rsplit(" ", 1)[-1] in INTEGER_KEYS:
>           assert type(actual) is int and actual == expected, f"{where}: {actual!r}, expected the integer {expected!r}"
E           AssertionError: well_observed_mean 2057-10 station 0 (CN-68986-A/28) heating_dd: 1655, expected the integer 1654
E           assert (<class 'int'> is int and 1655 == 1654)
E            +  where <class 'int'> = type(1655)

/tests/test_outputs.py:238: AssertionError
_______________________ test_section_one_limits_reached ________________________

    def test_section_one_limits_reached():
        """Forty stations, February of a leap year, 1950-01 and 2099-12, -60.0 and 130.0, 20.00 inches, six unread days."""
        rows = load("limits")
        assert len(rows[0][0]["stations"]) == 40
>       check_family("limits")

/tests/test_outputs.py:351: 
_ _ _ _ _ _ _ _ _ _ _ _ _ _ _ _ _ _ _ _ _ _ _ _ _ _ _ _ _ _ _ _ _ _ _ _ _ _ _ _ 
/tests/test_outputs.py:257: in check_family
    compare(summarize(form), summary, f"{name} {form['month']}")
/tests/test_outputs.py:252: in compare
    _value(row[key], ref[key], f"{label} station {index} ({ref['id']}) {key}")
_ _ _ _ _ _ _ _ _ _ _ _ _ _ _ _ _ _ _ _ _ _ _ _ _ _ _ _ _ _ _ _ _ _ _ _ _ _ _ _ 

actual = 1881, expected = 1880
where = 'limits 2096-02 station 2 (coop 52134-A/48) heating_dd'

    def _value(actual, expected, where):
        if expected is None or isinstance(expected, (bool, str)):
            assert type(actual) is type(expected) and actual == expected, f"{where}: {actual!r}, expected {expected!r}"
        elif where.rsplit(" ", 1)[-1] in INTEGER_KEYS:
>           assert type(actual) is int and actual == expected, f"{where}: {actual!r}, expected the integer {expected!r}"
E           AssertionError: limits 2096-02 station 2 (coop 52134-A/48) heating_dd: 1881, expected the integer 1880
E           assert (<class 'int'> is int and 1881 == 1880)
E            +  where <class 'int'> = type(1881)

/tests/test_outputs.py:238: AssertionError
_____________________________ test_generated_forms _____________________________

    def test_generated_forms():
        """Seeded forms over the rest of the handbook's domain, as sealed and under fresh labels."""
>       check_family("generated")

/tests/test_outputs.py:377: 
_ _ _ _ _ _ _ _ _ _ _ _ _ _ _ _ _ _ _ _ _ _ _ _ _ _ _ _ _ _ _ _ _ _ _ _ _ _ _ _ 
/tests/test_outputs.py:257: in check_family
    compare(summarize(form), summary, f"{name} {form['month']}")
/tests/test_outputs.py:252: in compare
    _value(row[key], ref[key], f"{label} station {index} ({ref['id']}) {key}")
_ _ _ _ _ _ _ _ _ _ _ _ _ _ _ _ _ _ _ _ _ _ _ _ _ _ _ _ _ _ _ _ _ _ _ _ _ _ _ _ 

actual = 1944, expected = 1943
where = 'generated 1952-06 station 1 (WX09927 north/93) heating_dd'

    def _value(actual, expected, where):
        if expected is None or isinstance(expected, (bool, str)):
            assert type(actual) is type(expected) and actual == expected, f"{where}: {actual!r}, expected {expected!r}"
        elif where.rsplit(" ", 1)[-1] in INTEGER_KEYS:
>           assert type(actual) is int and actual == expected, f"{where}: {actual!r}, expected the integer {expected!r}"
E           AssertionError: generated 1952-06 station 1 (WX09927 north/93) heating_dd: 1944, expected the integer 1943
E           assert (<class 'int'> is int and 1944 == 1943)
E            +  where <class 'int'> = type(1944)

/tests/test_outputs.py:238: AssertionError
==================================== PASSES ====================================
=========================== short test summary info ============================
PASSED ../../tests/test_outputs.py::test_rule_2_2_hour_eleven_is_morning_and_noon_is_not
PASSED ../../tests/test_outputs.py::test_rule_3_3_morning_precipitation_on_the_day_before
PASSED ../../tests/test_outputs.py::test_rule_2_7_gap_count_from_credited_days
PASSED ../../tests/test_outputs.py::test_rule_4_2_tied_extremes_take_the_latest_day
PASSED ../../tests/test_outputs.py::test_rule_4_4_degree_days_from_the_rounded_daily_mean
PASSED ../../tests/test_outputs.py::test_rule_4_5_threshold_days_include_their_value
PASSED ../../tests/test_outputs.py::test_rule_5_3_heavy_days_include_their_threshold
PASSED ../../tests/test_outputs.py::test_rule_5_4_tied_greatest_takes_the_latest_day
PASSED ../../tests/test_outputs.py::test_accumulated_amount_keeps_its_form_day
PASSED ../../tests/test_outputs.py::test_month_with_gaps_keeps_its_mean_of_daily_means
PASSED ../../tests/test_outputs.py::test_candidate_cannot_read_verifier_state
PASSED ../../tests/test_outputs.py::test_submitted_driver_unchanged
FAILED ../../tests/test_outputs.py::test_rule_1_2_trace_counts_nought - Asser...
FAILED ../../tests/test_outputs.py::test_rule_3_1_morning_maximum_on_the_day_before
FAILED ../../tests/test_outputs.py::test_rule_4_1_means_to_tenths_half_up - A...
FAILED ../../tests/test_outputs.py::test_rule_4_3_mean_of_a_well_observed_month
FAILED ../../tests/test_outputs.py::test_section_one_limits_reached - Asserti...
FAILED ../../tests/test_outputs.py::test_generated_forms - AssertionError: ge...
========================= 6 failed, 12 passed in 1.17s =========================
