============================= test session starts ==============================
platform linux -- Python 3.13.12, pytest-9.1.1, pluggy-1.6.0
rootdir: /tests
plugins: json-ctrf-0.5.2
collected 18 items

../../tests/test_outputs.py FF.....F.....FFF..                           [100%]

=================================== FAILURES ===================================
______________________ test_rule_1_2_trace_counts_nought _______________________

    def test_rule_1_2_trace_counts_nought():
        """A trace adds nothing to a day, a month or a count, also in a month of traces only."""
>       check_family("traces")

/tests/test_outputs.py:262: 
_ _ _ _ _ _ _ _ _ _ _ _ _ _ _ _ _ _ _ _ _ _ _ _ _ _ _ _ _ _ _ _ _ _ _ _ _ _ _ _ 
/tests/test_outputs.py:257: in check_family
    compare(summarize(form), summary, f"{name} {form['month']}")
/tests/test_outputs.py:252: in compare
    _value(row[key], ref[key], f"{label} station {index} ({ref['id']}) {key}")
_ _ _ _ _ _ _ _ _ _ _ _ _ _ _ _ _ _ _ _ _ _ _ _ _ _ _ _ _ _ _ _ _ _ _ _ _ _ _ _ 

actual = 1.7, expected = 2.0
where = 'traces 2011-08 station 0 (coop 75207/2) mean_max'

    def _value(actual, expected, where):
        if expected is None or isinstance(expected, (bool, str)):
            assert type(actual) is type(expected) and actual == expected, f"{where}: {actual!r}, expected {expected!r}"
        elif where.rsplit(" ", 1)[-1] in INTEGER_KEYS:
            assert type(actual) is int and actual == expected, f"{where}: {actual!r}, expected the integer {expected!r}"
        else:
>           assert isinstance(actual, (int, float)) and not isinstance(actual, bool) and actual == expected, f"{where}: {actual!r}, expected {expected!r}"
E           AssertionError: traces 2011-08 station 0 (coop 75207/2) mean_max: 1.7, expected 2.0
E           assert (True and not False and 1.7 == 2.0)
E            +  where True = isinstance(1.7, (<class 'int'>, <class 'float'>))
E            +  and   False = isinstance(1.7, bool)

/tests/test_outputs.py:240: AssertionError
_____________ test_rule_2_2_hour_eleven_is_morning_and_noon_is_not _____________

    def test_rule_2_2_hour_eleven_is_morning_and_noon_is_not():
        """Observations at hours 0 and 11 are morning observations; 12 and 23 are afternoon ones."""
>       check_family("hour_edges")

/tests/test_outputs.py:267: 
_ _ _ _ _ _ _ _ _ _ _ _ _ _ _ _ _ _ _ _ _ _ _ _ _ _ _ _ _ _ _ _ _ _ _ _ _ _ _ _ 
/tests/test_outputs.py:257: in check_family
    compare(summarize(form), summary, f"{name} {form['month']}")
/tests/test_outputs.py:252: in compare
    _value(row[key], ref[key], f"{label} station {index} ({ref['id']}) {key}")
_ _ _ _ _ _ _ _ _ _ _ _ _ _ _ _ _ _ _ _ _ _ _ _ _ _ _ _ _ _ _ _ _ _ _ _ _ _ _ _ 

actual = 15.9, expected = 15.6
where = 'hour_edges 2031-05 station 2 (coop 80051-A/9) mean_max'

    def _value(actual, expected, where):
        if expected is None or isinstance(expected, (bool, str)):
            assert type(actual) is type(expected) and actual == expected, f"{where}: {actual!r}, expected {expected!r}"
        elif where.rsplit(" ", 1)[-1] in INTEGER_KEYS:
            assert type(actual) is int and actual == expected, f"{where}: {actual!r}, expected the integer {expected!r}"
        else:
>           assert isinstance(actual, (int, float)) and not isinstance(actual, bool) and actual == expected, f"{where}: {actual!r}, expected {expected!r}"
E           AssertionError: hour_edges 2031-05 station 2 (coop 80051-A/9) mean_max: 15.9, expected 15.6
E           assert (True and not False and 15.9 == 15.6)
E            +  where True = isinstance(15.9, (<class 'int'>, <class 'float'>))
E            +  and   False = isinstance(15.9, bool)

/tests/test_outputs.py:240: AssertionError
_________________ test_rule_4_3_mean_of_a_well_observed_month __________________

    def test_rule_4_3_mean_of_a_well_observed_month():
        """A well-observed month's mean is the average of its mean maximum and mean minimum."""
>       check_family("well_observed_mean")

/tests/test_outputs.py:297: 
_ _ _ _ _ _ _ _ _ _ _ _ _ _ _ _ _ _ _ _ _ _ _ _ _ _ _ _ _ _ _ _ _ _ _ _ _ _ _ _ 
/tests/test_outputs.py:257: in check_family
    compare(summarize(form), summary, f"{name} {form['month']}")
/tests/test_outputs.py:252: in compare
    _value(row[key], ref[key], f"{label} station {index} ({ref['id']}) {key}")
_ _ _ _ _ _ _ _ _ _ _ _ _ _ _ _ _ _ _ _ _ _ _ _ _ _ _ _ _ _ _ _ _ _ _ _ _ _ _ _ 

actual = 5.3, expected = 7.3
where = 'well_observed_mean 2057-10 station 0 (CN-68986-A/28) mean_max'

    def _value(actual, expected, where):
        if expected is None or isinstance(expected, (bool, str)):
            assert type(actual) is type(expected) and actual == expected, f"{where}: {actual!r}, expected {expected!r}"
        elif where.rsplit(" ", 1)[-1] in INTEGER_KEYS:
            assert type(actual) is int and actual == expected, f"{where}: {actual!r}, expected the integer {expected!r}"
        else:
>           assert isinstance(actual, (int, float)) and not isinstance(actual, bool) and actual == expected, f"{where}: {actual!r}, expected {expected!r}"
E           AssertionError: well_observed_mean 2057-10 station 0 (CN-68986-A/28) mean_max: 5.3, expected 7.3
E           assert (True and not False and 5.3 == 7.3)
E            +  where True = isinstance(5.3, (<class 'int'>, <class 'float'>))
E            +  and   False = isinstance(5.3, bool)

/tests/test_outputs.py:240: AssertionError
______________ test_month_with_gaps_keeps_its_mean_of_daily_means ______________

    def test_month_with_gaps_keeps_its_mean_of_daily_means():
        """A month with a gap count above five keeps the package's mean temperature, the mean of its days' means:
        the full summaries, and the shipped differential on `mean` with every station read in the afternoon."""
>       check_family("gappy_months")

/tests/test_outputs.py:338: 
_ _ _ _ _ _ _ _ _ _ _ _ _ _ _ _ _ _ _ _ _ _ _ _ _ _ _ _ _ _ _ _ _ _ _ _ _ _ _ _ 
/tests/test_outputs.py:257: in check_family
    compare(summarize(form), summary, f"{name} {form['month']}")
/tests/test_outputs.py:252: in compare
    _value(row[key], ref[key], f"{label} station {index} ({ref['id']}) {key}")
_ _ _ _ _ _ _ _ _ _ _ _ _ _ _ _ _ _ _ _ _ _ _ _ _ _ _ _ _ _ _ _ _ _ _ _ _ _ _ _ 

actual = 84.4, expected = 83.9
where = 'gappy_months 2034-08 station 0 (67769-A/44) mean_max'

    def _value(actual, expected, where):
        if expected is None or isinstance(expected, (bool, str)):
            assert type(actual) is type(expected) and actual == expected, f"{where}: {actual!r}, expected {expected!r}"
        elif where.rsplit(" ", 1)[-1] in INTEGER_KEYS:
            assert type(actual) is int and actual == expected, f"{where}: {actual!r}, expected the integer {expected!r}"
        else:
>           assert isinstance(actual, (int, float)) and not isinstance(actual, bool) and actual == expected, f"{where}: {actual!r}, expected {expected!r}"
E           AssertionError: gappy_months 2034-08 station 0 (67769-A/44) mean_max: 84.4, expected 83.9
E           assert (True and not False and 84.4 == 83.9)
E            +  where True = isinstance(84.4, (<class 'int'>, <class 'float'>))
E            +  and   False = isinstance(84.4, bool)

/tests/test_outputs.py:240: AssertionError
_______________________ test_section_one_limits_reached ________________________

    def test_section_one_limits_reached():
        """Forty stations, February of a leap year, 1950-01 and 2099-12, -60.0 and 130.0, 20.00 inches, six unread days."""
        rows = load("limits")
        assert len(rows[0][0]["stations"]) == 40
>       check_family("limits")

/tests/test_outputs.py:351: 
_ _ _ _ _ _ _ _ _ _ _ _ _ _ _ _ _ _ _ _ _ _ _ _ _ _ _ _ _ _ _ _ _ _ _ _ _ _ _ _ 
/tests/test_outputs.py:257: in check_family
    compare(summarize(form), summary, f"{name} {form['month']}")
/tests/test_outputs.py:252: in compare
    _value(row[key], ref[key], f"{label} station {index} ({ref['id']}) {key}")
_ _ _ _ _ _ _ _ _ _ _ _ _ _ _ _ _ _ _ _ _ _ _ _ _ _ _ _ _ _ _ _ _ _ _ _ _ _ _ _ 

actual = 18.1, expected = 18.5
where = 'limits 2096-02 station 0 (coop 63493-A/46) mean_max'

    def _value(actual, expected, where):
        if expected is None or isinstance(expected, (bool, str)):
            assert type(actual) is type(expected) and actual == expected, f"{where}: {actual!r}, expected {expected!r}"
        elif where.rsplit(" ", 1)[-1] in INTEGER_KEYS:
            assert type(actual) is int and actual == expected, f"{where}: {actual!r}, expected the integer {expected!r}"
        else:
>           assert isinstance(actual, (int, float)) and not isinstance(actual, bool) and actual == expected, f"{where}: {actual!r}, expected {expected!r}"
E           AssertionError: limits 2096-02 station 0 (coop 63493-A/46) mean_max: 18.1, expected 18.5
E           assert (True and not False and 18.1 == 18.5)
E            +  where True = isinstance(18.1, (<class 'int'>, <class 'float'>))
E            +  and   False = isinstance(18.1, bool)

/tests/test_outputs.py:240: AssertionError
_____________________________ test_generated_forms _____________________________

    def test_generated_forms():
        """Seeded forms over the rest of the handbook's domain, as sealed and under fresh labels."""
>       check_family("generated")

/tests/test_outputs.py:377: 
_ _ _ _ _ _ _ _ _ _ _ _ _ _ _ _ _ _ _ _ _ _ _ _ _ _ _ _ _ _ _ _ _ _ _ _ _ _ _ _ 
/tests/test_outputs.py:257: in check_family
    compare(summarize(form), summary, f"{name} {form['month']}")
/tests/test_outputs.py:252: in compare
    _value(row[key], ref[key], f"{label} station {index} ({ref['id']}) {key}")
_ _ _ _ _ _ _ _ _ _ _ _ _ _ _ _ _ _ _ _ _ _ _ _ _ _ _ _ _ _ _ _ _ _ _ _ _ _ _ _ 

actual = '1952-06-28', expected = '1952-06-29'
where = 'generated 1952-06 station 0 (WX16137/92) highest_day'

    def _value(actual, expected, where):
        if expected is None or isinstance(expected, (bool, str)):
>           assert type(actual) is type(expected) and actual == expected, f"{where}: {actual!r}, expected {expected!r}"
E           AssertionError: generated 1952-06 station 0 (WX16137/92) highest_day: '1952-06-28', expected '1952-06-29'
E           assert (<class 'str'> is <class 'str'> and '1952-06-28' == '1952-06-29'
E            +  where <class 'str'> = type('1952-06-28')
E            +  and   <class 'str'> = type('1952-06-29')
E             
E             - 1952-06-29
E             ?          ^
E             + 1952-06-28
E             ?          ^)

/tests/test_outputs.py:236: AssertionError
==================================== PASSES ====================================
=========================== short test summary info ============================
PASSED ../../tests/test_outputs.py::test_rule_3_1_morning_maximum_on_the_day_before
PASSED ../../tests/test_outputs.py::test_rule_3_3_morning_precipitation_on_the_day_before
PASSED ../../tests/test_outputs.py::test_rule_2_7_gap_count_from_credited_days
PASSED ../../tests/test_outputs.py::test_rule_4_1_means_to_tenths_half_up
PASSED ../../tests/test_outputs.py::test_rule_4_2_tied_extremes_take_the_latest_day
PASSED ../../tests/test_outputs.py::test_rule_4_4_degree_days_from_the_rounded_daily_mean
PASSED ../../tests/test_outputs.py::test_rule_4_5_threshold_days_include_their_value
PASSED ../../tests/test_outputs.py::test_rule_5_3_heavy_days_include_their_threshold
PASSED ../../tests/test_outputs.py::test_rule_5_4_tied_greatest_takes_the_latest_day
PASSED ../../tests/test_outputs.py::test_accumulated_amount_keeps_its_form_day
PASSED ../../tests/test_outputs.py::test_candidate_cannot_read_verifier_state
PASSED ../../tests/test_outputs.py::test_submitted_driver_unchanged
FAILED ../../tests/test_outputs.py::test_rule_1_2_trace_counts_nought - Asser...
FAILED ../../tests/test_outputs.py::test_rule_2_2_hour_eleven_is_morning_and_noon_is_not
FAILED ../../tests/test_outputs.py::test_rule_4_3_mean_of_a_well_observed_month
FAILED ../../tests/test_outputs.py::test_month_with_gaps_keeps_its_mean_of_daily_means
FAILED ../../tests/test_outputs.py::test_section_one_limits_reached - Asserti...
FAILED ../../tests/test_outputs.py::test_generated_forms - AssertionError: ge...
========================= 6 failed, 12 passed in 1.10s =========================
