ok  C3          c3-temperature-capped-at-120             rejected on its own witness
ok  C3          c3-temperature-floored-at-minus-50       rejected on its own witness
ok  C3          c3-amount-capped-at-10-inches            rejected on its own witness
ok  C3          c3-well-observed-strict-at-five          rejected on its own witness
ok  C4          c4-no-pair-mean-nought                   rejected on its own witness
ok  C4          c4-dry-month-greatest-nought             rejected on its own witness
ok  C5          c5-stations-capped-at-32                 rejected on its own witness
ok  C6          c6-network-name-truncated                rejected on its own witness
ok  C8          c8-mean-half-even                        rejected on its own witness
ok  C8          c8-half-away-from-zero                   rejected on its own witness
ok  C8          c8-dd-mean-truncated                     rejected on its own witness
ok  C9          c9-noon-is-morning                       rejected on its own witness
ok  C9          c9-midnight-is-afternoon                 rejected on its own witness
ok  C11         c11-credited-amount-overwrites           rejected on its own witness
ok  C12         c12-lost-reading-starts-accumulation     rejected on its own witness
ok  C12         c12-minimum-shifted-too                  rejected on its own witness
ok  C14         c14-next-ignored                         rejected on its own witness
ok  C15         c15-stations-sorted-by-id                rejected on its own witness
ok  C10         c10-month-length-fixed                   rejected on its own witness
ok  C13         c13-trace-counted-in-days                rejected on its own witness
ok  alternative alt-fraction-rounding                    accepted (alternative)
ok  alternative alt-extra-key-and-int-temperatures       accepted (alternative)

22/22 as expected; classes untouched (say why each does not apply): C1, C2, C7, C16, C17, C18
