============================= test session starts ==============================
platform linux -- Python 3.13.12, pytest-9.1.1, pluggy-1.6.0
rootdir: /tests
plugins: json-ctrf-0.5.2
collected 37 items

../../tests/test_outputs.py .F...............FFF.................        [100%]

=================================== FAILURES ===================================
________________________ test_leftmost_longest_matching ________________________

    def test_leftmost_longest_matching():
>       check("leftmost_longest")

/tests/test_outputs.py:158: 
_ _ _ _ _ _ _ _ _ _ _ _ _ _ _ _ _ _ _ _ _ _ _ _ _ _ _ _ _ _ _ _ _ _ _ _ _ _ _ _ 

family = 'leftmost_longest'

    def check(family):
        cases = [c for c in CASES if c["family"] == family]
        assert cases, f"no cases for {family}"
        failures = []
        for case in cases:
            path = workdir(case)
            try:
                want = run([GNU_SED], case, path)
                got = run(DEMOTE + CANDIDATE, case, path)
            finally:
                shutil.rmtree(path, ignore_errors=True)
            if got != want:
                failures.append((case, want, got))
        if failures:
            case, want, got = failures[0]
            files = [name for name, _text in case.get("files", [])]
            detail = (f"{len(failures)} of {len(cases)} cases differ; first: sed {arguments(case)!r} "
                      f"with files {files} on stdin {case['input'][:60]!r}: expected {want[0]!r} "
                      f"(status {want[1]}), got {got[0]!r} (status {got[1]})")
>           raise AssertionError(detail)
E           AssertionError: 1 of 14 cases differ; first: sed ['-E', '-e', 's/(a|aa)*b/X/'] with files [] on stdin 'aaaaaaaaaaaaaaaaaaaaaaaaaaaaaaaaaaaaaaaaaaaaa\n': expected b'aaaaaaaaaaaaaaaaaaaaaaaaaaaaaaaaaaaaaaaaaaaaa\n' (status 0), got None (status timeout)

/tests/test_outputs.py:150: AssertionError
_____________________________ test_mixed_scripts_1 _____________________________

    def test_mixed_scripts_1():
>       check("mixed_scripts_1")

/tests/test_outputs.py:222: 
_ _ _ _ _ _ _ _ _ _ _ _ _ _ _ _ _ _ _ _ _ _ _ _ _ _ _ _ _ _ _ _ _ _ _ _ _ _ _ _ 

family = 'mixed_scripts_1'

    def check(family):
        cases = [c for c in CASES if c["family"] == family]
        assert cases, f"no cases for {family}"
        failures = []
        for case in cases:
            path = workdir(case)
            try:
                want = run([GNU_SED], case, path)
                got = run(DEMOTE + CANDIDATE, case, path)
            finally:
                shutil.rmtree(path, ignore_errors=True)
            if got != want:
                failures.append((case, want, got))
        if failures:
            case, want, got = failures[0]
            files = [name for name, _text in case.get("files", [])]
            detail = (f"{len(failures)} of {len(cases)} cases differ; first: sed {arguments(case)!r} "
                      f"with files {files} on stdin {case['input'][:60]!r}: expected {want[0]!r} "
                      f"(status {want[1]}), got {got[0]!r} (status {got[1]})")
>           raise AssertionError(detail)
E           AssertionError: 1 of 80 cases differ; first: sed ['-E', '-e', '$s/(a|aa)*b/[&]/g;D'] with files [] on stdin '3.14 is pi\n42\n-7 and +8\n1e10\n0x1F\n': expected b'' (status 0), got None (status timeout)

/tests/test_outputs.py:150: AssertionError
_____________________________ test_mixed_scripts_2 _____________________________

    def test_mixed_scripts_2():
>       check("mixed_scripts_2")

/tests/test_outputs.py:226: 
_ _ _ _ _ _ _ _ _ _ _ _ _ _ _ _ _ _ _ _ _ _ _ _ _ _ _ _ _ _ _ _ _ _ _ _ _ _ _ _ 

family = 'mixed_scripts_2'

    def check(family):
        cases = [c for c in CASES if c["family"] == family]
        assert cases, f"no cases for {family}"
        failures = []
        for case in cases:
            path = workdir(case)
            try:
                want = run([GNU_SED], case, path)
                got = run(DEMOTE + CANDIDATE, case, path)
            finally:
                shutil.rmtree(path, ignore_errors=True)
            if got != want:
                failures.append((case, want, got))
        if failures:
            case, want, got = failures[0]
            files = [name for name, _text in case.get("files", [])]
            detail = (f"{len(failures)} of {len(cases)} cases differ; first: sed {arguments(case)!r} "
                      f"with files {files} on stdin {case['input'][:60]!r}: expected {want[0]!r} "
                      f"(status {want[1]}), got {got[0]!r} (status {got[1]})")
>           raise AssertionError(detail)
E           AssertionError: 1 of 74 cases differ; first: sed ['-E', '-n', '-e', '6,$G;6,/e/s/(^|,)[a-z]/&&/p;H;s/(a|aa)*b/[&]/2'] with files [] on stdin 'aaa bbb aaa\nabab abba\nbaaab\nqq\n': expected b'' (status 0), got None (status timeout)

/tests/test_outputs.py:150: AssertionError
_____________________________ test_mixed_scripts_3 _____________________________

    def test_mixed_scripts_3():
>       check("mixed_scripts_3")

/tests/test_outputs.py:230: 
_ _ _ _ _ _ _ _ _ _ _ _ _ _ _ _ _ _ _ _ _ _ _ _ _ _ _ _ _ _ _ _ _ _ _ _ _ _ _ _ 

family = 'mixed_scripts_3'

    def check(family):
        cases = [c for c in CASES if c["family"] == family]
        assert cases, f"no cases for {family}"
        failures = []
        for case in cases:
            path = workdir(case)
            try:
                want = run([GNU_SED], case, path)
                got = run(DEMOTE + CANDIDATE, case, path)
            finally:
                shutil.rmtree(path, ignore_errors=True)
            if got != want:
                failures.append((case, want, got))
        if failures:
            case, want, got = failures[0]
            files = [name for name, _text in case.get("files", [])]
            detail = (f"{len(failures)} of {len(cases)} cases differ; first: sed {arguments(case)!r} "
                      f"with files {files} on stdin {case['input'][:60]!r}: expected {want[0]!r} "
                      f"(status {want[1]}), got {got[0]!r} (status {got[1]})")
>           raise AssertionError(detail)
E           AssertionError: 1 of 75 cases differ; first: sed ['-E', '-e', '$!N;i\\\nINS\ns/(a|aa)*b//'] with files [] on stdin 'tab\there\\back\nint integer in\nxabcxabxa\nfoobarbaz\n': expected b'INS\nt\there\\back\nint integer in\nINS\nxcxabxa\nfoobarbaz\n' (status 0), got None (status timeout)

/tests/test_outputs.py:150: AssertionError
==================================== PASSES ====================================
=========================== short test summary info ============================
PASSED ../../tests/test_outputs.py::test_substitution_and_regex_escapes
PASSED ../../tests/test_outputs.py::test_bracket_expressions
PASSED ../../tests/test_outputs.py::test_step_and_regex_addresses
PASSED ../../tests/test_outputs.py::test_plus_ranges
PASSED ../../tests/test_outputs.py::test_multiple_ranges
PASSED ../../tests/test_outputs.py::test_zero_address
PASSED ../../tests/test_outputs.py::test_append_insert_change
PASSED ../../tests/test_outputs.py::test_hold_space
PASSED ../../tests/test_outputs.py::test_multiline_commands
PASSED ../../tests/test_outputs.py::test_branching_and_t_flag
PASSED ../../tests/test_outputs.py::test_quit_and_exit_status
PASSED ../../tests/test_outputs.py::test_z_and_line_numbers
PASSED ../../tests/test_outputs.py::test_comments_and_first_line
PASSED ../../tests/test_outputs.py::test_several_files
PASSED ../../tests/test_outputs.py::test_options_and_script_argument
PASSED ../../tests/test_outputs.py::test_empty_input
PASSED ../../tests/test_outputs.py::test_mixed_scripts_4
PASSED ../../tests/test_outputs.py::test_matrix_escapes
PASSED ../../tests/test_outputs.py::test_matrix_regex_escapes
PASSED ../../tests/test_outputs.py::test_matrix_s_flags
PASSED ../../tests/test_outputs.py::test_matrix_groups
PASSED ../../tests/test_outputs.py::test_matrix_intervals
PASSED ../../tests/test_outputs.py::test_matrix_quit
PASSED ../../tests/test_outputs.py::test_matrix_t_flag
PASSED ../../tests/test_outputs.py::test_matrix_blocks
PASSED ../../tests/test_outputs.py::test_matrix_files
PASSED ../../tests/test_outputs.py::test_matrix_append
PASSED ../../tests/test_outputs.py::test_matrix_long_input
PASSED ../../tests/test_outputs.py::test_matrix_anchors
PASSED ../../tests/test_outputs.py::test_matrix_ranges
PASSED ../../tests/test_outputs.py::test_matrix_delimiters
PASSED ../../tests/test_outputs.py::test_matrix_brackets
PASSED ../../tests/test_outputs.py::test_editing_is_done_in_python
FAILED ../../tests/test_outputs.py::test_leftmost_longest_matching - Assertio...
FAILED ../../tests/test_outputs.py::test_mixed_scripts_1 - AssertionError: 1 ...
FAILED ../../tests/test_outputs.py::test_mixed_scripts_2 - AssertionError: 1 ...
FAILED ../../tests/test_outputs.py::test_mixed_scripts_3 - AssertionError: 1 ...
=================== 4 failed, 33 passed in 100.45s (0:01:40) ===================
