============================= test session starts ==============================
platform linux -- Python 3.13.12, pytest-9.1.1, pluggy-1.6.0
rootdir: /tests
plugins: json-ctrf-0.5.2
collected 54 items

../../tests/test_outputs.py ............................................ [ 81%]
..........                                                               [100%]

==================================== PASSES ====================================
=========================== short test summary info ============================
PASSED ../../tests/test_outputs.py::test_every_case_has_an_expected_statement
PASSED ../../tests/test_outputs.py::test_band_boundaries
PASSED ../../tests/test_outputs.py::test_credit_balances
PASSED ../../tests/test_outputs.py::test_date_and_region
PASSED ../../tests/test_outputs.py::test_district_run
PASSED ../../tests/test_outputs.py::test_empty_file
PASSED ../../tests/test_outputs.py::test_header_missing
PASSED ../../tests/test_outputs.py::test_header_only
PASSED ../../tests/test_outputs.py::test_header_out_of_place
PASSED ../../tests/test_outputs.py::test_large_commercial_accounts
PASSED ../../tests/test_outputs.py::test_long_run
PASSED ../../tests/test_outputs.py::test_meter_rollover
PASSED ../../tests/test_outputs.py::test_names_of_every_shape
PASSED ../../tests/test_outputs.py::test_postings_account_identifiers
PASSED ../../tests/test_outputs.py::test_postings_amount_forms
PASSED ../../tests/test_outputs.py::test_postings_empty
PASSED ../../tests/test_outputs.py::test_postings_kinds_and_accounts
PASSED ../../tests/test_outputs.py::test_postings_memos
PASSED ../../tests/test_outputs.py::test_postings_ordinary
PASSED ../../tests/test_outputs.py::test_postings_rounding_modes
PASSED ../../tests/test_outputs.py::test_postings_with_fewer_fields
PASSED ../../tests/test_outputs.py::test_rejected_records
PASSED ../../tests/test_outputs.py::test_rounding_boundaries
PASSED ../../tests/test_outputs.py::test_short_lines
PASSED ../../tests/test_outputs.py::test_two_headers
PASSED ../../tests/test_outputs.py::test_zero_amounts
PASSED ../../tests/test_outputs.py::test_other_record_types
PASSED ../../tests/test_outputs.py::test_short_header
PASSED ../../tests/test_outputs.py::test_header_date_and_part_region
PASSED ../../tests/test_outputs.py::test_blank_line_first
PASSED ../../tests/test_outputs.py::test_generated_01
PASSED ../../tests/test_outputs.py::test_generated_02
PASSED ../../tests/test_outputs.py::test_generated_03
PASSED ../../tests/test_outputs.py::test_generated_04
PASSED ../../tests/test_outputs.py::test_generated_05
PASSED ../../tests/test_outputs.py::test_generated_06
PASSED ../../tests/test_outputs.py::test_generated_07
PASSED ../../tests/test_outputs.py::test_generated_08
PASSED ../../tests/test_outputs.py::test_generated_09
PASSED ../../tests/test_outputs.py::test_generated_10
PASSED ../../tests/test_outputs.py::test_generated_11
PASSED ../../tests/test_outputs.py::test_generated_12
PASSED ../../tests/test_outputs.py::test_generated_13
PASSED ../../tests/test_outputs.py::test_generated_14
PASSED ../../tests/test_outputs.py::test_generated_15
PASSED ../../tests/test_outputs.py::test_generated_16
PASSED ../../tests/test_outputs.py::test_generated_17
PASSED ../../tests/test_outputs.py::test_generated_18
PASSED ../../tests/test_outputs.py::test_generated_19
PASSED ../../tests/test_outputs.py::test_generated_20
PASSED ../../tests/test_outputs.py::test_generated_21
PASSED ../../tests/test_outputs.py::test_generated_22
PASSED ../../tests/test_outputs.py::test_generated_23
PASSED ../../tests/test_outputs.py::test_generated_24
============================== 54 passed in 1.70s ==============================
