============================= test session starts ==============================
platform linux -- Python 3.13.12, pytest-9.1.1, pluggy-1.6.0
rootdir: /tests
plugins: json-ctrf-0.5.2
collected 26 items

../../tests/test_outputs.py .F......F...............FF                   [100%]

=================================== FAILURES ===================================
___________ test_rule_2_2_line_of_exactly_2000_cents_is_a_weeks_pay ____________

    def test_rule_2_2_line_of_exactly_2000_cents_is_a_weeks_pay():
        """A line of exactly 2,000 cents on an edge payday is a week's pay and moves to the week it pays."""
>       check_family("weeks_pay_threshold")

/tests/test_outputs.py:253: 
_ _ _ _ _ _ _ _ _ _ _ _ _ _ _ _ _ _ _ _ _ _ _ _ _ _ _ _ _ _ _ _ _ _ _ _ _ _ _ _ 
/tests/test_outputs.py:243: in check_family
    compare(run(row["job"]), row["statements"], f"{name} job {number}")
_ _ _ _ _ _ _ _ _ _ _ _ _ _ _ _ _ _ _ _ _ _ _ _ _ _ _ _ _ _ _ _ _ _ _ _ _ _ _ _ 

actual = {'statements': [{'claim': 'W809008', 'aww': 112567, 'rate': 75045, 'waiting_days': 3, ...}, {'claim': 'W616009', 'aww'...30, 'rate': 77687, 'waiting_days': 3, ...}, {'claim': 'W358011', 'aww': 63623, 'rate': 42415, 'waiting_days': 3, ...}]}
expected = {'statements': [{'claim': 'W809008', 'aww': 112721, 'rate': 75147, 'waiting_days': 3, ...}, {'claim': 'W616009', 'aww'...84, 'rate': 77789, 'waiting_days': 3, ...}, {'claim': 'W358011', 'aww': 63470, 'rate': 42313, 'waiting_days': 3, ...}]}
label = 'weeks_pay_threshold job 0'

    def compare(actual, expected, label):
        """The whole output: one key, statements in job order, each with exactly the README's keys, every value
        but the claim number an integer (a float or a boolean is not), all equal to the expected ones."""
        assert isinstance(actual, dict) and list(actual) == ["statements"], f"{label}: top-level keys {list(actual) if isinstance(actual, dict) else actual!r}"
        got, want = actual["statements"], expected["statements"]
        assert isinstance(got, list) and len(got) == len(want), f"{label}: {len(got) if isinstance(got, list) else got!r} statements, expected {len(want)}"
        for index, (row, ref) in enumerate(zip(got, want)):
            where = f"{label} statement {index} ({ref['claim']!r})"
            assert isinstance(row, dict) and set(row) == FIELDS, f"{where}: keys {sorted(row) if isinstance(row, dict) else row!r}"
            for key in sorted(FIELDS):
>               assert type(row[key]) is type(ref[key]) and row[key] == ref[key], f"{where} {key}: {row[key]!r}, expected {ref[key]!r}"
E               AssertionError: weeks_pay_threshold job 0 statement 0 ('W809008') aww: 112567, expected 112721
E               assert (<class 'int'> is <class 'int'> and 112567 == 112721)
E                +  where <class 'int'> = type(112567)
E                +  and   <class 'int'> = type(112721)

/tests/test_outputs.py:238: AssertionError
____________________ test_rule_3_5_low_wage_rate_is_the_aww ____________________

    def test_rule_3_5_low_wage_rate_is_the_aww():
        """An average weekly wage below the minimum is itself the weekly rate; one at the minimum is not below it."""
>       check_family("low_wage_rate")

/tests/test_outputs.py:288: 
_ _ _ _ _ _ _ _ _ _ _ _ _ _ _ _ _ _ _ _ _ _ _ _ _ _ _ _ _ _ _ _ _ _ _ _ _ _ _ _ 
/tests/test_outputs.py:243: in check_family
    compare(run(row["job"]), row["statements"], f"{name} job {number}")
_ _ _ _ _ _ _ _ _ _ _ _ _ _ _ _ _ _ _ _ _ _ _ _ _ _ _ _ _ _ _ _ _ _ _ _ _ _ _ _ 

actual = {'statements': [{'claim': 'W884039', 'aww': 44999, 'rate': 44999, 'waiting_days': 3, ...}, {'claim': 'W799040', 'aww':...0000, 'rate': 30000, 'waiting_days': 3, ...}, {'claim': 'W937042', 'aww': 1846, 'rate': 1846, 'waiting_days': 3, ...}]}
expected = {'statements': [{'claim': 'W884039', 'aww': 44999, 'rate': 44999, 'waiting_days': 3, ...}, {'claim': 'W799040', 'aww':...0000, 'rate': 30000, 'waiting_days': 3, ...}, {'claim': 'W937042', 'aww': 2000, 'rate': 2000, 'waiting_days': 3, ...}]}
label = 'low_wage_rate job 0'

    def compare(actual, expected, label):
        """The whole output: one key, statements in job order, each with exactly the README's keys, every value
        but the claim number an integer (a float or a boolean is not), all equal to the expected ones."""
        assert isinstance(actual, dict) and list(actual) == ["statements"], f"{label}: top-level keys {list(actual) if isinstance(actual, dict) else actual!r}"
        got, want = actual["statements"], expected["statements"]
        assert isinstance(got, list) and len(got) == len(want), f"{label}: {len(got) if isinstance(got, list) else got!r} statements, expected {len(want)}"
        for index, (row, ref) in enumerate(zip(got, want)):
            where = f"{label} statement {index} ({ref['claim']!r})"
            assert isinstance(row, dict) and set(row) == FIELDS, f"{where}: keys {sorted(row) if isinstance(row, dict) else row!r}"
            for key in sorted(FIELDS):
>               assert type(row[key]) is type(ref[key]) and row[key] == ref[key], f"{where} {key}: {row[key]!r}, expected {ref[key]!r}"
E               AssertionError: low_wage_rate job 0 statement 3 ('W937042') aww: 1846, expected 2000
E               assert (<class 'int'> is <class 'int'> and 1846 == 2000)
E                +  where <class 'int'> = type(1846)
E                +  and   <class 'int'> = type(2000)

/tests/test_outputs.py:238: AssertionError
________________ test_register_of_more_than_52_distinct_paydays ________________

    def test_register_of_more_than_52_distinct_paydays():
        """1.4 allows a register of every Friday for 400 days before the injury to 30 after: 53 and 57 distinct
        paydays of 2,000 cents, 12 and 13 of them counting toward the base period, worked by hand."""
        rates = [{"from": "2016-01-01", "max": 400_000, "min": 1_000}]
        for lines, aww, rate in [(53, 1_846, 1_231), (57, 2_000, 1_333)]:
            paydays = [((date(2024, 1, 5) + timedelta(days=7 * k)).isoformat(), 2_000) for k in range(lines)]
            claim, statement = _worked(f"SPAN{lines}", "2025-01-06", paydays, aww, rate)
            job = {"rates": rates, "claims": [claim]}
            within_limits(job)
            assert not trap_inputs(job) and len({p for p, _c in claim["wages"]}) == lines
            assert manual_model.statements(job) == {"statements": [statement]}
>           compare(run(job), {"statements": [statement]}, f"register of {lines} distinct paydays")

/tests/test_outputs.py:486: 
_ _ _ _ _ _ _ _ _ _ _ _ _ _ _ _ _ _ _ _ _ _ _ _ _ _ _ _ _ _ _ _ _ _ _ _ _ _ _ _ 

actual = {'statements': [{'claim': 'SPAN53', 'aww': 2000, 'rate': 1333, 'waiting_days': 1, ...}]}
expected = {'statements': [{'claim': 'SPAN53', 'aww': 1846, 'rate': 1231, 'waiting_days': 1, ...}]}
label = 'register of 53 distinct paydays'

    def compare(actual, expected, label):
        """The whole output: one key, statements in job order, each with exactly the README's keys, every value
        but the claim number an integer (a float or a boolean is not), all equal to the expected ones."""
        assert isinstance(actual, dict) and list(actual) == ["statements"], f"{label}: top-level keys {list(actual) if isinstance(actual, dict) else actual!r}"
        got, want = actual["statements"], expected["statements"]
        assert isinstance(got, list) and len(got) == len(want), f"{label}: {len(got) if isinstance(got, list) else got!r} statements, expected {len(want)}"
        for index, (row, ref) in enumerate(zip(got, want)):
            where = f"{label} statement {index} ({ref['claim']!r})"
            assert isinstance(row, dict) and set(row) == FIELDS, f"{where}: keys {sorted(row) if isinstance(row, dict) else row!r}"
            for key in sorted(FIELDS):
>               assert type(row[key]) is type(ref[key]) and row[key] == ref[key], f"{where} {key}: {row[key]!r}, expected {ref[key]!r}"
E               AssertionError: register of 53 distinct paydays statement 0 ('SPAN53') aww: 2000, expected 1846
E               assert (<class 'int'> is <class 'int'> and 2000 == 1846)
E                +  where <class 'int'> = type(2000)
E                +  and   <class 'int'> = type(1846)

/tests/test_outputs.py:238: AssertionError
_________________________ test_jobs_drawn_at_run_time __________________________

    def test_jobs_drawn_at_run_time():
        """Jobs with every figure and date drawn on this run, graded against the verifier's copy of the model."""
        rng = random.Random(DRAW_SEED)
        for number in range(4):
            job = _draw_job(rng)
            within_limits(job)
            assert not trap_inputs(job), f"drawn job {number} carries {trap_inputs(job)}"
            assert len({p for p, c in job["claims"][0]["wages"] if c >= WEEKS_PAY}) > 52
>           compare(run(job), manual_model.statements(job), f"drawn job {number} (seed {DRAW_SEED})")

/tests/test_outputs.py:548: 
_ _ _ _ _ _ _ _ _ _ _ _ _ _ _ _ _ _ _ _ _ _ _ _ _ _ _ _ _ _ _ _ _ _ _ _ _ _ _ _ 

actual = {'statements': [{'claim': '6', 'aww': 196456, 'rate': 130971, 'waiting_days': 3, ...}, {'claim': 'U4A34SHC1DYC6N9NXNLH...00, 'rate': 2000, 'waiting_days': 3, ...}, {'claim': 'G', 'aww': 263549, 'rate': 175699, 'waiting_days': 3, ...}, ...]}
expected = {'statements': [{'claim': '6', 'aww': 196456, 'rate': 130971, 'waiting_days': 3, ...}, {'claim': 'U4A34SHC1DYC6N9NXNLH...00, 'rate': 2000, 'waiting_days': 3, ...}, {'claim': 'G', 'aww': 263549, 'rate': 175699, 'waiting_days': 3, ...}, ...]}
label = 'drawn job 0 (seed 14831368418263993713)'

    def compare(actual, expected, label):
        """The whole output: one key, statements in job order, each with exactly the README's keys, every value
        but the claim number an integer (a float or a boolean is not), all equal to the expected ones."""
        assert isinstance(actual, dict) and list(actual) == ["statements"], f"{label}: top-level keys {list(actual) if isinstance(actual, dict) else actual!r}"
        got, want = actual["statements"], expected["statements"]
        assert isinstance(got, list) and len(got) == len(want), f"{label}: {len(got) if isinstance(got, list) else got!r} statements, expected {len(want)}"
        for index, (row, ref) in enumerate(zip(got, want)):
            where = f"{label} statement {index} ({ref['claim']!r})"
            assert isinstance(row, dict) and set(row) == FIELDS, f"{where}: keys {sorted(row) if isinstance(row, dict) else row!r}"
            for key in sorted(FIELDS):
>               assert type(row[key]) is type(ref[key]) and row[key] == ref[key], f"{where} {key}: {row[key]!r}, expected {ref[key]!r}"
E               AssertionError: drawn job 0 (seed 14831368418263993713) statement 12 (' 58MAQ8 ') aww: 1077, expected 923
E               assert (<class 'int'> is <class 'int'> and 1077 == 923)
E                +  where <class 'int'> = type(1077)
E                +  and   <class 'int'> = type(923)

/tests/test_outputs.py:238: AssertionError
==================================== PASSES ====================================
=========================== short test summary info ============================
PASSED ../../tests/test_outputs.py::test_rule_3_1_weeks_pay_counts_toward_the_week_it_pays
PASSED ../../tests/test_outputs.py::test_rule_2_3_base_period_ends_before_the_week_of_injury
PASSED ../../tests/test_outputs.py::test_rule_3_3_average_weekly_wage_divides_by_thirteen
PASSED ../../tests/test_outputs.py::test_rule_3_3_no_week_paid_gives_nought
PASSED ../../tests/test_outputs.py::test_rule_3_4_rate_is_two_thirds
PASSED ../../tests/test_outputs.py::test_rule_3_4_maximum_and_minimum_bound_the_rate
PASSED ../../tests/test_outputs.py::test_rule_2_4_row_in_force_on_the_date_of_injury
PASSED ../../tests/test_outputs.py::test_rule_2_5_both_ends_of_a_period_count
PASSED ../../tests/test_outputs.py::test_rule_2_6_three_waiting_days
PASSED ../../tests/test_outputs.py::test_rule_4_1_retroactive_from_fourteen_days
PASSED ../../tests/test_outputs.py::test_rule_4_3_amount_rounded_to_the_cent
PASSED ../../tests/test_outputs.py::test_rule_5_1_partial_week_pays_two_thirds_capped_at_the_rate
PASSED ../../tests/test_outputs.py::test_rule_2_8_week_of_exactly_1000_cents_is_partial_disability
PASSED ../../tests/test_outputs.py::test_rule_2_7_week_earning_the_aww_has_no_wage_loss
PASSED ../../tests/test_outputs.py::test_correction_below_a_weeks_pay_keeps_its_paydays_week
PASSED ../../tests/test_outputs.py::test_week_below_1000_cents_keeps_todays_share
PASSED ../../tests/test_outputs.py::test_statement_order_and_keys
PASSED ../../tests/test_outputs.py::test_section_one_limits_reached
PASSED ../../tests/test_outputs.py::test_rule_3_4_row_figures_at_their_ends_decide_the_rate
PASSED ../../tests/test_outputs.py::test_generated_jobs
PASSED ../../tests/test_outputs.py::test_candidate_cannot_read_verifier_state
PASSED ../../tests/test_outputs.py::test_submitted_driver_unchanged
FAILED ../../tests/test_outputs.py::test_rule_2_2_line_of_exactly_2000_cents_is_a_weeks_pay
FAILED ../../tests/test_outputs.py::test_rule_3_5_low_wage_rate_is_the_aww - ...
FAILED ../../tests/test_outputs.py::test_register_of_more_than_52_distinct_paydays
FAILED ../../tests/test_outputs.py::test_jobs_drawn_at_run_time - AssertionEr...
========================= 4 failed, 22 passed in 1.54s =========================
