============================= test session starts ==============================
platform linux -- Python 3.13.12, pytest-9.1.1, pluggy-1.6.0
rootdir: /tests
plugins: json-ctrf-0.5.2
collected 26 items

../../tests/test_outputs.py ...........F.......F.....F                   [100%]

=================================== FAILURES ===================================
_________________ test_rule_4_1_retroactive_from_fourteen_days _________________

    def test_rule_4_1_retroactive_from_fourteen_days():
        """The waiting days are paid back from fourteen disability days (13, 14 in one and three periods, 15)."""
>       check_family("retroactive_days")

/tests/test_outputs.py:303: 
_ _ _ _ _ _ _ _ _ _ _ _ _ _ _ _ _ _ _ _ _ _ _ _ _ _ _ _ _ _ _ _ _ _ _ _ _ _ _ _ 
/tests/test_outputs.py:243: in check_family
    compare(run(row["job"]), row["statements"], f"{name} job {number}")
_ _ _ _ _ _ _ _ _ _ _ _ _ _ _ _ _ _ _ _ _ _ _ _ _ _ _ _ _ _ _ _ _ _ _ _ _ _ _ _ 

actual = {'statements': [{'claim': 'W335052', 'aww': 128564, 'rate': 85709, 'waiting_days': 3, ...}, {'claim': 'W629053', 'aww'...67, 'rate': 51245, 'waiting_days': 3, ...}, {'claim': 'W482055', 'aww': 54565, 'rate': 36377, 'waiting_days': 3, ...}]}
expected = {'statements': [{'claim': 'W335052', 'aww': 128564, 'rate': 85709, 'waiting_days': 3, ...}, {'claim': 'W629053', 'aww'...67, 'rate': 51245, 'waiting_days': 3, ...}, {'claim': 'W482055', 'aww': 54565, 'rate': 36377, 'waiting_days': 3, ...}]}
label = 'retroactive_days job 0'

    def compare(actual, expected, label):
        """The whole output: one key, statements in job order, each with exactly the README's keys, every value
        but the claim number an integer (a float or a boolean is not), all equal to the expected ones."""
        assert isinstance(actual, dict) and list(actual) == ["statements"], f"{label}: top-level keys {list(actual) if isinstance(actual, dict) else actual!r}"
        got, want = actual["statements"], expected["statements"]
        assert isinstance(got, list) and len(got) == len(want), f"{label}: {len(got) if isinstance(got, list) else got!r} statements, expected {len(want)}"
        for index, (row, ref) in enumerate(zip(got, want)):
            where = f"{label} statement {index} ({ref['claim']!r})"
            assert isinstance(row, dict) and set(row) == FIELDS, f"{where}: keys {sorted(row) if isinstance(row, dict) else row!r}"
            for key in sorted(FIELDS):
>               assert type(row[key]) is type(ref[key]) and row[key] == ref[key], f"{where} {key}: {row[key]!r}, expected {ref[key]!r}"
E               AssertionError: retroactive_days job 0 statement 1 ('W629053') retro_days: 0, expected 3
E               assert (<class 'int'> is <class 'int'> and 0 == 3)
E                +  where <class 'int'> = type(0)
E                +  and   <class 'int'> = type(3)

/tests/test_outputs.py:238: AssertionError
_______________________ test_section_one_limits_reached ________________________

    def test_section_one_limits_reached():
        """40 rate rows, 200 claims, 120 wage lines, 12 periods, 104 partial weeks, 1 and 500,000 cents, 2016 and 2035."""
>       check_family("limits_claims")

/tests/test_outputs.py:396: 
_ _ _ _ _ _ _ _ _ _ _ _ _ _ _ _ _ _ _ _ _ _ _ _ _ _ _ _ _ _ _ _ _ _ _ _ _ _ _ _ 
/tests/test_outputs.py:243: in check_family
    compare(run(row["job"]), row["statements"], f"{name} job {number}")
_ _ _ _ _ _ _ _ _ _ _ _ _ _ _ _ _ _ _ _ _ _ _ _ _ _ _ _ _ _ _ _ _ _ _ _ _ _ _ _ 

actual = {'statements': [{'claim': 'W320102', 'aww': 60512, 'rate': 40341, 'waiting_days': 3, ...}, {'claim': 'W189103', 'aww':...ww': 79050, 'rate': 78777, 'waiting_days': 3, ...}, {'claim': 'W667106', 'aww': 0, 'rate': 0, 'waiting_days': 1, ...}]}
expected = {'statements': [{'claim': 'W320102', 'aww': 60512, 'rate': 40341, 'waiting_days': 3, ...}, {'claim': 'W189103', 'aww':...ww': 79050, 'rate': 78777, 'waiting_days': 3, ...}, {'claim': 'W667106', 'aww': 0, 'rate': 0, 'waiting_days': 1, ...}]}
label = 'limits_claims job 0'

    def compare(actual, expected, label):
        """The whole output: one key, statements in job order, each with exactly the README's keys, every value
        but the claim number an integer (a float or a boolean is not), all equal to the expected ones."""
        assert isinstance(actual, dict) and list(actual) == ["statements"], f"{label}: top-level keys {list(actual) if isinstance(actual, dict) else actual!r}"
        got, want = actual["statements"], expected["statements"]
        assert isinstance(got, list) and len(got) == len(want), f"{label}: {len(got) if isinstance(got, list) else got!r} statements, expected {len(want)}"
        for index, (row, ref) in enumerate(zip(got, want)):
            where = f"{label} statement {index} ({ref['claim']!r})"
            assert isinstance(row, dict) and set(row) == FIELDS, f"{where}: keys {sorted(row) if isinstance(row, dict) else row!r}"
            for key in sorted(FIELDS):
>               assert type(row[key]) is type(ref[key]) and row[key] == ref[key], f"{where} {key}: {row[key]!r}, expected {ref[key]!r}"
E               AssertionError: limits_claims job 0 statement 0 ('W320102') retro_days: 0, expected 3
E               assert (<class 'int'> is <class 'int'> and 0 == 3)
E                +  where <class 'int'> = type(0)
E                +  and   <class 'int'> = type(3)

/tests/test_outputs.py:238: AssertionError
_________________________ test_jobs_drawn_at_run_time __________________________

    def test_jobs_drawn_at_run_time():
        """Jobs with every figure and date drawn on this run, graded against the verifier's copy of the model."""
        rng = random.Random(DRAW_SEED)
        for number in range(4):
            job = _draw_job(rng)
            within_limits(job)
            assert not trap_inputs(job), f"drawn job {number} carries {trap_inputs(job)}"
            assert len({p for p, c in job["claims"][0]["wages"] if c >= WEEKS_PAY}) > 52
>           compare(run(job), manual_model.statements(job), f"drawn job {number} (seed {DRAW_SEED})")

/tests/test_outputs.py:548: 
_ _ _ _ _ _ _ _ _ _ _ _ _ _ _ _ _ _ _ _ _ _ _ _ _ _ _ _ _ _ _ _ _ _ _ _ _ _ _ _ 

actual = {'statements': [{'claim': 'Z', 'aww': 76907, 'rate': 76907, 'waiting_days': 3, ...}, {'claim': 'V6T2CCX9M339LEACXJ0ZZ0... 'aww': 6130, 'rate': 6130, 'waiting_days': 3, ...}, {'claim': 'R', 'aww': 0, 'rate': 0, 'waiting_days': 3, ...}, ...]}
expected = {'statements': [{'claim': 'Z', 'aww': 76907, 'rate': 76907, 'waiting_days': 3, ...}, {'claim': 'V6T2CCX9M339LEACXJ0ZZ0... 'aww': 6130, 'rate': 6130, 'waiting_days': 3, ...}, {'claim': 'R', 'aww': 0, 'rate': 0, 'waiting_days': 3, ...}, ...]}
label = 'drawn job 2 (seed 6540337905981261755)'

    def compare(actual, expected, label):
        """The whole output: one key, statements in job order, each with exactly the README's keys, every value
        but the claim number an integer (a float or a boolean is not), all equal to the expected ones."""
        assert isinstance(actual, dict) and list(actual) == ["statements"], f"{label}: top-level keys {list(actual) if isinstance(actual, dict) else actual!r}"
        got, want = actual["statements"], expected["statements"]
        assert isinstance(got, list) and len(got) == len(want), f"{label}: {len(got) if isinstance(got, list) else got!r} statements, expected {len(want)}"
        for index, (row, ref) in enumerate(zip(got, want)):
            where = f"{label} statement {index} ({ref['claim']!r})"
            assert isinstance(row, dict) and set(row) == FIELDS, f"{where}: keys {sorted(row) if isinstance(row, dict) else row!r}"
            for key in sorted(FIELDS):
>               assert type(row[key]) is type(ref[key]) and row[key] == ref[key], f"{where} {key}: {row[key]!r}, expected {ref[key]!r}"
E               AssertionError: drawn job 2 (seed 6540337905981261755) statement 18 ('W"\\/S3AJK5VZ') retro_days: 0, expected 3
E               assert (<class 'int'> is <class 'int'> and 0 == 3)
E                +  where <class 'int'> = type(0)
E                +  and   <class 'int'> = type(3)

/tests/test_outputs.py:238: AssertionError
==================================== PASSES ====================================
=========================== short test summary info ============================
PASSED ../../tests/test_outputs.py::test_rule_3_1_weeks_pay_counts_toward_the_week_it_pays
PASSED ../../tests/test_outputs.py::test_rule_2_2_line_of_exactly_2000_cents_is_a_weeks_pay
PASSED ../../tests/test_outputs.py::test_rule_2_3_base_period_ends_before_the_week_of_injury
PASSED ../../tests/test_outputs.py::test_rule_3_3_average_weekly_wage_divides_by_thirteen
PASSED ../../tests/test_outputs.py::test_rule_3_3_no_week_paid_gives_nought
PASSED ../../tests/test_outputs.py::test_rule_3_4_rate_is_two_thirds
PASSED ../../tests/test_outputs.py::test_rule_3_4_maximum_and_minimum_bound_the_rate
PASSED ../../tests/test_outputs.py::test_rule_2_4_row_in_force_on_the_date_of_injury
PASSED ../../tests/test_outputs.py::test_rule_3_5_low_wage_rate_is_the_aww
PASSED ../../tests/test_outputs.py::test_rule_2_5_both_ends_of_a_period_count
PASSED ../../tests/test_outputs.py::test_rule_2_6_three_waiting_days
PASSED ../../tests/test_outputs.py::test_rule_4_3_amount_rounded_to_the_cent
PASSED ../../tests/test_outputs.py::test_rule_5_1_partial_week_pays_two_thirds_capped_at_the_rate
PASSED ../../tests/test_outputs.py::test_rule_2_8_week_of_exactly_1000_cents_is_partial_disability
PASSED ../../tests/test_outputs.py::test_rule_2_7_week_earning_the_aww_has_no_wage_loss
PASSED ../../tests/test_outputs.py::test_correction_below_a_weeks_pay_keeps_its_paydays_week
PASSED ../../tests/test_outputs.py::test_week_below_1000_cents_keeps_todays_share
PASSED ../../tests/test_outputs.py::test_statement_order_and_keys
PASSED ../../tests/test_outputs.py::test_rule_3_4_row_figures_at_their_ends_decide_the_rate
PASSED ../../tests/test_outputs.py::test_generated_jobs
PASSED ../../tests/test_outputs.py::test_candidate_cannot_read_verifier_state
PASSED ../../tests/test_outputs.py::test_submitted_driver_unchanged
PASSED ../../tests/test_outputs.py::test_register_of_more_than_52_distinct_paydays
FAILED ../../tests/test_outputs.py::test_rule_4_1_retroactive_from_fourteen_days
FAILED ../../tests/test_outputs.py::test_section_one_limits_reached - Asserti...
FAILED ../../tests/test_outputs.py::test_jobs_drawn_at_run_time - AssertionEr...
========================= 3 failed, 23 passed in 1.60s =========================
