============================= test session starts ==============================
platform linux -- Python 3.13.12, pytest-9.1.1, pluggy-1.6.0
rootdir: /tests
plugins: json-ctrf-0.5.2
collected 22 items

../../tests/test_outputs.py FFFFFFFFFFFFFFFFFFFF..                       [100%]

=================================== FAILURES ===================================
____________ test_rule_3_1_reference_duration_uses_85_dba_and_3_db _____________

    def test_rule_3_1_reference_duration_uses_85_dba_and_3_db():
        """Doses follow the 85 dBA criterion and 3 dB exchange rate, at levels from 80.0 to 115.0 dBA."""
>       check_family("reference_duration")

/tests/test_outputs.py:237: 
_ _ _ _ _ _ _ _ _ _ _ _ _ _ _ _ _ _ _ _ _ _ _ _ _ _ _ _ _ _ _ _ _ _ _ _ _ _ _ _ 
/tests/test_outputs.py:219: in check_family
    compare(reduce(row["survey"]), row["report"], f"{name} {row['survey']['survey']}")
/tests/test_outputs.py:214: in compare
    _row(row, ref, keys, f"{label} {section}[{index}] ({ref.get('id', ref['group'])})")
/tests/test_outputs.py:200: in _row
    _number(a, e, f"{where} dose")
_ _ _ _ _ _ _ _ _ _ _ _ _ _ _ _ _ _ _ _ _ _ _ _ _ _ _ _ _ _ _ _ _ _ _ _ _ _ _ _ 

actual = 50.0, expected = 100.0
where = 'reference_duration HC4-0001 workers[0] (A1) dose'

    def _number(actual, expected, where):
        assert isinstance(actual, (int, float)) and not isinstance(actual, bool), f"{where}: {actual!r} is not a number"
        bound = REL * abs(expected) if abs(expected) >= 1 else ABS
>       assert abs(actual - expected) <= bound, f"{where}: {actual!r}, expected {expected!r}"
E       AssertionError: reference_duration HC4-0001 workers[0] (A1) dose: 50.0, expected 100.0
E       assert 50.0 <= 5e-09
E        +  where 50.0 = abs((50.0 - 100.0))

/tests/test_outputs.py:188: AssertionError
________________ test_rule_2_3_reading_at_the_threshold_counts _________________

    def test_rule_2_3_reading_at_the_threshold_counts():
        """A reading exactly at 80.0 dBA adds dose; 79.9 dBA does not."""
>       check_family("threshold")

/tests/test_outputs.py:242: 
_ _ _ _ _ _ _ _ _ _ _ _ _ _ _ _ _ _ _ _ _ _ _ _ _ _ _ _ _ _ _ _ _ _ _ _ _ _ _ _ 
/tests/test_outputs.py:219: in check_family
    compare(reduce(row["survey"]), row["report"], f"{name} {row['survey']['survey']}")
/tests/test_outputs.py:214: in compare
    _row(row, ref, keys, f"{label} {section}[{index}] ({ref.get('id', ref['group'])})")
/tests/test_outputs.py:200: in _row
    _number(a, e, f"{where} dose")
_ _ _ _ _ _ _ _ _ _ _ _ _ _ _ _ _ _ _ _ _ _ _ _ _ _ _ _ _ _ _ _ _ _ _ _ _ _ _ _ 

actual = 100.0, expected = 174.489118321
where = 'threshold HC4-0003 workers[0] (A1) dose'

    def _number(actual, expected, where):
        assert isinstance(actual, (int, float)) and not isinstance(actual, bool), f"{where}: {actual!r} is not a number"
        bound = REL * abs(expected) if abs(expected) >= 1 else ABS
>       assert abs(actual - expected) <= bound, f"{where}: {actual!r}, expected {expected!r}"
E       AssertionError: threshold HC4-0003 workers[0] (A1) dose: 100.0, expected 174.489118321
E       assert 74.489118321 <= 8.724455916050001e-09
E        +  where 74.489118321 = abs((100.0 - 174.489118321))

/tests/test_outputs.py:188: AssertionError
_________ test_rule_2_4_sampled_time_includes_readings_below_threshold _________

    def test_rule_2_4_sampled_time_includes_readings_below_threshold():
        """Sampled time counts every reading, quiet ones at 40.0 to 79.9 dBA included."""
>       check_family("sampled_time")

/tests/test_outputs.py:247: 
_ _ _ _ _ _ _ _ _ _ _ _ _ _ _ _ _ _ _ _ _ _ _ _ _ _ _ _ _ _ _ _ _ _ _ _ _ _ _ _ 
/tests/test_outputs.py:219: in check_family
    compare(reduce(row["survey"]), row["report"], f"{name} {row['survey']['survey']}")
/tests/test_outputs.py:214: in compare
    _row(row, ref, keys, f"{label} {section}[{index}] ({ref.get('id', ref['group'])})")
/tests/test_outputs.py:200: in _row
    _number(a, e, f"{where} dose")
_ _ _ _ _ _ _ _ _ _ _ _ _ _ _ _ _ _ _ _ _ _ _ _ _ _ _ _ _ _ _ _ _ _ _ _ _ _ _ _ 

actual = 131.9507910772894, expected = 251.984209979
where = 'sampled_time HC4-0005 workers[0] (A1) dose'

    def _number(actual, expected, where):
        assert isinstance(actual, (int, float)) and not isinstance(actual, bool), f"{where}: {actual!r} is not a number"
        bound = REL * abs(expected) if abs(expected) >= 1 else ABS
>       assert abs(actual - expected) <= bound, f"{where}: {actual!r}, expected {expected!r}"
E       AssertionError: sampled_time HC4-0005 workers[0] (A1) dose: 131.9507910772894, expected 251.984209979
E       assert 120.0334189017106 <= 1.2599210498950002e-08
E        +  where 120.0334189017106 = abs((131.9507910772894 - 251.984209979))

/tests/test_outputs.py:188: AssertionError
_____________ test_rule_2_2_run_logged_at_nought_is_not_a_reading ______________

    def test_rule_2_2_run_logged_at_nought_is_not_a_reading():
        """A run logged at 0.0 is not a reading, so its minutes stay out of sampled time."""
>       check_family("paused_runs")

/tests/test_outputs.py:252: 
_ _ _ _ _ _ _ _ _ _ _ _ _ _ _ _ _ _ _ _ _ _ _ _ _ _ _ _ _ _ _ _ _ _ _ _ _ _ _ _ 
/tests/test_outputs.py:219: in check_family
    compare(reduce(row["survey"]), row["report"], f"{name} {row['survey']['survey']}")
/tests/test_outputs.py:214: in compare
    _row(row, ref, keys, f"{label} {section}[{index}] ({ref.get('id', ref['group'])})")
/tests/test_outputs.py:200: in _row
    _number(a, e, f"{where} dose")
_ _ _ _ _ _ _ _ _ _ _ _ _ _ _ _ _ _ _ _ _ _ _ _ _ _ _ _ _ _ _ _ _ _ _ _ _ _ _ _ 

actual = 90.37485030641213, expected = 281.193596109
where = 'paused_runs HC4-0007 workers[0] (A1) dose'

    def _number(actual, expected, where):
        assert isinstance(actual, (int, float)) and not isinstance(actual, bool), f"{where}: {actual!r} is not a number"
        bound = REL * abs(expected) if abs(expected) >= 1 else ABS
>       assert abs(actual - expected) <= bound, f"{where}: {actual!r}, expected {expected!r}"
E       AssertionError: paused_runs HC4-0007 workers[0] (A1) dose: 90.37485030641213, expected 281.193596109
E       assert 190.81874580258787 <= 1.405967980545e-08
E        +  where 190.81874580258787 = abs((90.37485030641213 - 281.193596109))

/tests/test_outputs.py:188: AssertionError
_____________ test_rule_3_3_partial_survey_projected_to_own_shift ______________

    def test_rule_3_3_partial_survey_projected_to_own_shift():
        """A partial survey is projected to the worker's own shift, not to eight hours."""
>       check_family("partial_surveys")

/tests/test_outputs.py:257: 
_ _ _ _ _ _ _ _ _ _ _ _ _ _ _ _ _ _ _ _ _ _ _ _ _ _ _ _ _ _ _ _ _ _ _ _ _ _ _ _ 
/tests/test_outputs.py:219: in check_family
    compare(reduce(row["survey"]), row["report"], f"{name} {row['survey']['survey']}")
/tests/test_outputs.py:214: in compare
    _row(row, ref, keys, f"{label} {section}[{index}] ({ref.get('id', ref['group'])})")
/tests/test_outputs.py:200: in _row
    _number(a, e, f"{where} dose")
_ _ _ _ _ _ _ _ _ _ _ _ _ _ _ _ _ _ _ _ _ _ _ _ _ _ _ _ _ _ _ _ _ _ _ _ _ _ _ _ 

actual = 125.0, expected = 476.22031559
where = 'partial_surveys HC4-0009 workers[0] (A1) dose'

    def _number(actual, expected, where):
        assert isinstance(actual, (int, float)) and not isinstance(actual, bool), f"{where}: {actual!r} is not a number"
        bound = REL * abs(expected) if abs(expected) >= 1 else ABS
>       assert abs(actual - expected) <= bound, f"{where}: {actual!r}, expected {expected!r}"
E       AssertionError: partial_surveys HC4-0009 workers[0] (A1) dose: 125.0, expected 476.22031559
E       assert 351.22031559 <= 2.38110157795e-08
E        +  where 351.22031559 = abs((125.0 - 476.22031559))

/tests/test_outputs.py:188: AssertionError
__________ test_rule_3_3_survey_as_long_as_shift_keeps_measured_dose ___________

    def test_rule_3_3_survey_as_long_as_shift_keeps_measured_dose():
        """A survey of the whole shift or longer keeps its measured dose."""
>       check_family("whole_shift")

/tests/test_outputs.py:262: 
_ _ _ _ _ _ _ _ _ _ _ _ _ _ _ _ _ _ _ _ _ _ _ _ _ _ _ _ _ _ _ _ _ _ _ _ _ _ _ _ 
/tests/test_outputs.py:219: in check_family
    compare(reduce(row["survey"]), row["report"], f"{name} {row['survey']['survey']}")
/tests/test_outputs.py:214: in compare
    _row(row, ref, keys, f"{label} {section}[{index}] ({ref.get('id', ref['group'])})")
/tests/test_outputs.py:200: in _row
    _number(a, e, f"{where} dose")
_ _ _ _ _ _ _ _ _ _ _ _ _ _ _ _ _ _ _ _ _ _ _ _ _ _ _ _ _ _ _ _ _ _ _ _ _ _ _ _ 

actual = 75.78582832551989, expected = 175.0
where = 'whole_shift HC4-0011 workers[0] (A1) dose'

    def _number(actual, expected, where):
        assert isinstance(actual, (int, float)) and not isinstance(actual, bool), f"{where}: {actual!r} is not a number"
        bound = REL * abs(expected) if abs(expected) >= 1 else ABS
>       assert abs(actual - expected) <= bound, f"{where}: {actual!r}, expected {expected!r}"
E       AssertionError: whole_shift HC4-0011 workers[0] (A1) dose: 75.78582832551989, expected 175.0
E       assert 99.21417167448011 <= 8.75e-09
E        +  where 99.21417167448011 = abs((75.78582832551989 - 175.0))

/tests/test_outputs.py:188: AssertionError
____________ test_rule_2_5_partial_survey_at_exactly_three_quarters ____________

    def test_rule_2_5_partial_survey_at_exactly_three_quarters():
        """Sampled time of exactly three quarters of the shift is a partial survey, on shifts of 60 to 1,440 minutes."""
>       check_family("three_quarters")

/tests/test_outputs.py:267: 
_ _ _ _ _ _ _ _ _ _ _ _ _ _ _ _ _ _ _ _ _ _ _ _ _ _ _ _ _ _ _ _ _ _ _ _ _ _ _ _ 
/tests/test_outputs.py:219: in check_family
    compare(reduce(row["survey"]), row["report"], f"{name} {row['survey']['survey']}")
/tests/test_outputs.py:214: in compare
    _row(row, ref, keys, f"{label} {section}[{index}] ({ref.get('id', ref['group'])})")
/tests/test_outputs.py:200: in _row
    _number(a, e, f"{where} dose")
_ _ _ _ _ _ _ _ _ _ _ _ _ _ _ _ _ _ _ _ _ _ _ _ _ _ _ _ _ _ _ _ _ _ _ _ _ _ _ _ 

actual = 100.0, expected = 396.850262992
where = 'three_quarters HC4-0013 workers[0] (A1) dose'

    def _number(actual, expected, where):
        assert isinstance(actual, (int, float)) and not isinstance(actual, bool), f"{where}: {actual!r} is not a number"
        bound = REL * abs(expected) if abs(expected) >= 1 else ABS
>       assert abs(actual - expected) <= bound, f"{where}: {actual!r}, expected {expected!r}"
E       AssertionError: three_quarters HC4-0013 workers[0] (A1) dose: 100.0, expected 396.850262992
E       assert 296.850262992 <= 1.9842513149600002e-08
E        +  where 296.850262992 = abs((100.0 - 396.850262992))

/tests/test_outputs.py:188: AssertionError
___________ test_survey_below_three_quarters_keeps_todays_projection ___________

    def test_survey_below_three_quarters_keeps_todays_projection():
        """The manual gives no rule for the shift dose of a survey below three quarters: today's step stands."""
>       check_family("below_three_quarters")

/tests/test_outputs.py:272: 
_ _ _ _ _ _ _ _ _ _ _ _ _ _ _ _ _ _ _ _ _ _ _ _ _ _ _ _ _ _ _ _ _ _ _ _ _ _ _ _ 
/tests/test_outputs.py:219: in check_family
    compare(reduce(row["survey"]), row["report"], f"{name} {row['survey']['survey']}")
/tests/test_outputs.py:214: in compare
    _row(row, ref, keys, f"{label} {section}[{index}] ({ref.get('id', ref['group'])})")
/tests/test_outputs.py:200: in _row
    _number(a, e, f"{where} dose")
_ _ _ _ _ _ _ _ _ _ _ _ _ _ _ _ _ _ _ _ _ _ _ _ _ _ _ _ _ _ _ _ _ _ _ _ _ _ _ _ 

actual = 100.0, expected = 317.480210394
where = 'below_three_quarters HC4-0015 workers[0] (X1) dose'

    def _number(actual, expected, where):
        assert isinstance(actual, (int, float)) and not isinstance(actual, bool), f"{where}: {actual!r} is not a number"
        bound = REL * abs(expected) if abs(expected) >= 1 else ABS
>       assert abs(actual - expected) <= bound, f"{where}: {actual!r}, expected {expected!r}"
E       AssertionError: below_three_quarters HC4-0015 workers[0] (X1) dose: 100.0, expected 317.480210394
E       assert 217.48021039399998 <= 1.58740105197e-08
E        +  where 217.48021039399998 = abs((100.0 - 317.480210394))

/tests/test_outputs.py:188: AssertionError
_____________ test_survey_that_measured_nothing_keeps_todays_dose ______________

    def test_survey_that_measured_nothing_keeps_todays_dose():
        """A survey that measured nothing keeps today's shift dose of nought."""
>       check_family("measured_nothing")

/tests/test_outputs.py:278: 
_ _ _ _ _ _ _ _ _ _ _ _ _ _ _ _ _ _ _ _ _ _ _ _ _ _ _ _ _ _ _ _ _ _ _ _ _ _ _ _ 
/tests/test_outputs.py:219: in check_family
    compare(reduce(row["survey"]), row["report"], f"{name} {row['survey']['survey']}")
/tests/test_outputs.py:214: in compare
    _row(row, ref, keys, f"{label} {section}[{index}] ({ref.get('id', ref['group'])})")
/tests/test_outputs.py:200: in _row
    _number(a, e, f"{where} dose")
_ _ _ _ _ _ _ _ _ _ _ _ _ _ _ _ _ _ _ _ _ _ _ _ _ _ _ _ _ _ _ _ _ _ _ _ _ _ _ _ 

actual = 100.0, expected = 317.480210394
where = 'measured_nothing HC4-0017 workers[1] (A2) dose'

    def _number(actual, expected, where):
        assert isinstance(actual, (int, float)) and not isinstance(actual, bool), f"{where}: {actual!r} is not a number"
        bound = REL * abs(expected) if abs(expected) >= 1 else ABS
>       assert abs(actual - expected) <= bound, f"{where}: {actual!r}, expected {expected!r}"
E       AssertionError: measured_nothing HC4-0017 workers[1] (A2) dose: 100.0, expected 317.480210394
E       assert 217.48021039399998 <= 1.58740105197e-08
E        +  where 217.48021039399998 = abs((100.0 - 317.480210394))

/tests/test_outputs.py:188: AssertionError
____________ test_reading_above_ceiling_keeps_todays_counted_level _____________

    def test_reading_above_ceiling_keeps_todays_counted_level():
        """A reading above the ceiling level is counted where today's step counts it, and flags the ceiling."""
>       check_family("above_ceiling")

/tests/test_outputs.py:284: 
_ _ _ _ _ _ _ _ _ _ _ _ _ _ _ _ _ _ _ _ _ _ _ _ _ _ _ _ _ _ _ _ _ _ _ _ _ _ _ _ 
/tests/test_outputs.py:219: in check_family
    compare(reduce(row["survey"]), row["report"], f"{name} {row['survey']['survey']}")
/tests/test_outputs.py:214: in compare
    _row(row, ref, keys, f"{label} {section}[{index}] ({ref.get('id', ref['group'])})")
/tests/test_outputs.py:200: in _row
    _number(a, e, f"{where} dose")
_ _ _ _ _ _ _ _ _ _ _ _ _ _ _ _ _ _ _ _ _ _ _ _ _ _ _ _ _ _ _ _ _ _ _ _ _ _ _ _ 

actual = 247.61904761904762, expected = 5178.55258133
where = 'above_ceiling HC4-0019 workers[0] (Y1) dose'

    def _number(actual, expected, where):
        assert isinstance(actual, (int, float)) and not isinstance(actual, bool), f"{where}: {actual!r} is not a number"
        bound = REL * abs(expected) if abs(expected) >= 1 else ABS
>       assert abs(actual - expected) <= bound, f"{where}: {actual!r}, expected {expected!r}"
E       AssertionError: above_ceiling HC4-0019 workers[0] (Y1) dose: 247.61904761904762, expected 5178.55258133
E       assert 4930.933533710952 <= 2.589276290665e-07
E        +  where 4930.933533710952 = abs((247.61904761904762 - 5178.55258133))

/tests/test_outputs.py:188: AssertionError
__________ test_rule_5_1_reading_at_the_ceiling_level_is_not_flagged ___________

    def test_rule_5_1_reading_at_the_ceiling_level_is_not_flagged():
        """A reading of exactly 115.0 dBA does not flag the ceiling."""
>       check_family("ceiling_level")

/tests/test_outputs.py:290: 
_ _ _ _ _ _ _ _ _ _ _ _ _ _ _ _ _ _ _ _ _ _ _ _ _ _ _ _ _ _ _ _ _ _ _ _ _ _ _ _ 
/tests/test_outputs.py:219: in check_family
    compare(reduce(row["survey"]), row["report"], f"{name} {row['survey']['survey']}")
/tests/test_outputs.py:214: in compare
    _row(row, ref, keys, f"{label} {section}[{index}] ({ref.get('id', ref['group'])})")
/tests/test_outputs.py:200: in _row
    _number(a, e, f"{where} dose")
_ _ _ _ _ _ _ _ _ _ _ _ _ _ _ _ _ _ _ _ _ _ _ _ _ _ _ _ _ _ _ _ _ _ _ _ _ _ _ _ 

actual = 3200.0, expected = 213.333333333
where = 'ceiling_level HC4-0021 workers[0] (A1) dose'

    def _number(actual, expected, where):
        assert isinstance(actual, (int, float)) and not isinstance(actual, bool), f"{where}: {actual!r} is not a number"
        bound = REL * abs(expected) if abs(expected) >= 1 else ABS
>       assert abs(actual - expected) <= bound, f"{where}: {actual!r}, expected {expected!r}"
E       AssertionError: ceiling_level HC4-0021 workers[0] (A1) dose: 3200.0, expected 213.333333333
E       assert 2986.666666667 <= 1.0666666666650002e-08
E        +  where 2986.666666667 = abs((3200.0 - 213.333333333))

/tests/test_outputs.py:188: AssertionError
_______________________ test_rule_5_2_impulse_at_140_dbc _______________________

    def test_rule_5_2_impulse_at_140_dbc():
        """A peak of 140.0 dBC is an impulse and makes the worker "over"; 139.9 dBC is not."""
>       check_family("impulse")

/tests/test_outputs.py:295: 
_ _ _ _ _ _ _ _ _ _ _ _ _ _ _ _ _ _ _ _ _ _ _ _ _ _ _ _ _ _ _ _ _ _ _ _ _ _ _ _ 
/tests/test_outputs.py:219: in check_family
    compare(reduce(row["survey"]), row["report"], f"{name} {row['survey']['survey']}")
/tests/test_outputs.py:214: in compare
    _row(row, ref, keys, f"{label} {section}[{index}] ({ref.get('id', ref['group'])})")
/tests/test_outputs.py:200: in _row
    _number(a, e, f"{where} dose")
_ _ _ _ _ _ _ _ _ _ _ _ _ _ _ _ _ _ _ _ _ _ _ _ _ _ _ _ _ _ _ _ _ _ _ _ _ _ _ _ 

actual = 28.71745887492587, expected = 39.6850262992
where = 'impulse HC4-0022 workers[0] (A1) dose'

    def _number(actual, expected, where):
        assert isinstance(actual, (int, float)) and not isinstance(actual, bool), f"{where}: {actual!r} is not a number"
        bound = REL * abs(expected) if abs(expected) >= 1 else ABS
>       assert abs(actual - expected) <= bound, f"{where}: {actual!r}, expected {expected!r}"
E       AssertionError: impulse HC4-0022 workers[0] (A1) dose: 28.71745887492587, expected 39.6850262992
E       assert 10.967567424274126 <= 1.98425131496e-09
E        +  where 10.967567424274126 = abs((28.71745887492587 - 39.6850262992))

/tests/test_outputs.py:188: AssertionError
__________________________ test_rule_4_1_twa_formula ___________________________

    def test_rule_4_1_twa_formula():
        """The TWA is 85 + 3 log2(D / 100); a dose of nought has no TWA."""
>       check_family("twa")

/tests/test_outputs.py:300: 
_ _ _ _ _ _ _ _ _ _ _ _ _ _ _ _ _ _ _ _ _ _ _ _ _ _ _ _ _ _ _ _ _ _ _ _ _ _ _ _ 
/tests/test_outputs.py:219: in check_family
    compare(reduce(row["survey"]), row["report"], f"{name} {row['survey']['survey']}")
/tests/test_outputs.py:214: in compare
    _row(row, ref, keys, f"{label} {section}[{index}] ({ref.get('id', ref['group'])})")
/tests/test_outputs.py:200: in _row
    _number(a, e, f"{where} dose")
_ _ _ _ _ _ _ _ _ _ _ _ _ _ _ _ _ _ _ _ _ _ _ _ _ _ _ _ _ _ _ _ _ _ _ _ _ _ _ _ 

actual = 75.7858283255199, expected = 200.0
where = 'twa HC4-0023 workers[0] (A1) dose'

    def _number(actual, expected, where):
        assert isinstance(actual, (int, float)) and not isinstance(actual, bool), f"{where}: {actual!r} is not a number"
        bound = REL * abs(expected) if abs(expected) >= 1 else ABS
>       assert abs(actual - expected) <= bound, f"{where}: {actual!r}, expected {expected!r}"
E       AssertionError: twa HC4-0023 workers[0] (A1) dose: 75.7858283255199, expected 200.0
E       assert 124.2141716744801 <= 1e-08
E        +  where 124.2141716744801 = abs((75.7858283255199 - 200.0))

/tests/test_outputs.py:188: AssertionError
__________________ test_rule_1_2_twa_rounded_to_nearest_tenth __________________

    def test_rule_1_2_twa_rounded_to_nearest_tenth():
        """The reported TWA is the nearest tenth, on both sides of each tenth."""
>       check_family("rounding")

/tests/test_outputs.py:305: 
_ _ _ _ _ _ _ _ _ _ _ _ _ _ _ _ _ _ _ _ _ _ _ _ _ _ _ _ _ _ _ _ _ _ _ _ _ _ _ _ 
/tests/test_outputs.py:219: in check_family
    compare(reduce(row["survey"]), row["report"], f"{name} {row['survey']['survey']}")
/tests/test_outputs.py:214: in compare
    _row(row, ref, keys, f"{label} {section}[{index}] ({ref.get('id', ref['group'])})")
/tests/test_outputs.py:200: in _row
    _number(a, e, f"{where} dose")
_ _ _ _ _ _ _ _ _ _ _ _ _ _ _ _ _ _ _ _ _ _ _ _ _ _ _ _ _ _ _ _ _ _ _ _ _ _ _ _ 

actual = 70.71067811865477, expected = 80.5520924319
where = 'rounding HC4-0024 workers[0] (R0) dose'

    def _number(actual, expected, where):
        assert isinstance(actual, (int, float)) and not isinstance(actual, bool), f"{where}: {actual!r} is not a number"
        bound = REL * abs(expected) if abs(expected) >= 1 else ABS
>       assert abs(actual - expected) <= bound, f"{where}: {actual!r}, expected {expected!r}"
E       AssertionError: rounding HC4-0024 workers[0] (R0) dose: 70.71067811865477, expected 80.5520924319
E       assert 9.841414313245224 <= 4.027604621595e-09
E        +  where 9.841414313245224 = abs((70.71067811865477 - 80.5520924319))

/tests/test_outputs.py:188: AssertionError
___________________ test_rule_5_3_status_bands_at_82_and_85 ____________________

    def test_rule_5_3_status_bands_at_82_and_85():
        """Status bands at 82.0 and 85.0 dB on the reported TWA, and "over" for a flagged worker."""
>       check_family("status")

/tests/test_outputs.py:310: 
_ _ _ _ _ _ _ _ _ _ _ _ _ _ _ _ _ _ _ _ _ _ _ _ _ _ _ _ _ _ _ _ _ _ _ _ _ _ _ _ 
/tests/test_outputs.py:219: in check_family
    compare(reduce(row["survey"]), row["report"], f"{name} {row['survey']['survey']}")
/tests/test_outputs.py:214: in compare
    _row(row, ref, keys, f"{label} {section}[{index}] ({ref.get('id', ref['group'])})")
/tests/test_outputs.py:200: in _row
    _number(a, e, f"{where} dose")
_ _ _ _ _ _ _ _ _ _ _ _ _ _ _ _ _ _ _ _ _ _ _ _ _ _ _ _ _ _ _ _ _ _ _ _ _ _ _ _ 

actual = 32.533546386048364, expected = 48.8579984217
where = 'status HC4-0025 workers[0] (S1) dose'

    def _number(actual, expected, where):
        assert isinstance(actual, (int, float)) and not isinstance(actual, bool), f"{where}: {actual!r} is not a number"
        bound = REL * abs(expected) if abs(expected) >= 1 else ABS
>       assert abs(actual - expected) <= bound, f"{where}: {actual!r}, expected {expected!r}"
E       AssertionError: status HC4-0025 workers[0] (S1) dose: 32.533546386048364, expected 48.8579984217
E       assert 16.32445203565164 <= 2.4428999210850004e-09
E        +  where 16.32445203565164 = abs((32.533546386048364 - 48.8579984217))

/tests/test_outputs.py:188: AssertionError
_______________ test_rule_6_1_group_dose_is_mean_of_shift_doses ________________

    def test_rule_6_1_group_dose_is_mean_of_shift_doses():
        """A group's dose is the mean of its members' shift doses; its TWA and status follow from it."""
>       check_family("groups")

/tests/test_outputs.py:315: 
_ _ _ _ _ _ _ _ _ _ _ _ _ _ _ _ _ _ _ _ _ _ _ _ _ _ _ _ _ _ _ _ _ _ _ _ _ _ _ _ 
/tests/test_outputs.py:219: in check_family
    compare(reduce(row["survey"]), row["report"], f"{name} {row['survey']['survey']}")
/tests/test_outputs.py:214: in compare
    _row(row, ref, keys, f"{label} {section}[{index}] ({ref.get('id', ref['group'])})")
/tests/test_outputs.py:200: in _row
    _number(a, e, f"{where} dose")
_ _ _ _ _ _ _ _ _ _ _ _ _ _ _ _ _ _ _ _ _ _ _ _ _ _ _ _ _ _ _ _ _ _ _ _ _ _ _ _ 

actual = 200.0, expected = 1007.93683992
where = 'groups HC4-0026 workers[0] (A1) dose'

    def _number(actual, expected, where):
        assert isinstance(actual, (int, float)) and not isinstance(actual, bool), f"{where}: {actual!r} is not a number"
        bound = REL * abs(expected) if abs(expected) >= 1 else ABS
>       assert abs(actual - expected) <= bound, f"{where}: {actual!r}, expected {expected!r}"
E       AssertionError: groups HC4-0026 workers[0] (A1) dose: 200.0, expected 1007.93683992
E       assert 807.93683992 <= 5.0396841996e-08
E        +  where 807.93683992 = abs((200.0 - 1007.93683992))

/tests/test_outputs.py:188: AssertionError
_______________ test_rule_6_1_quiet_member_counts_in_group_mean ________________

    def test_rule_6_1_quiet_member_counts_in_group_mean():
        """A quiet member's shift dose of nought counts in the group mean."""
>       check_family("quiet_members")

/tests/test_outputs.py:320: 
_ _ _ _ _ _ _ _ _ _ _ _ _ _ _ _ _ _ _ _ _ _ _ _ _ _ _ _ _ _ _ _ _ _ _ _ _ _ _ _ 
/tests/test_outputs.py:219: in check_family
    compare(reduce(row["survey"]), row["report"], f"{name} {row['survey']['survey']}")
/tests/test_outputs.py:214: in compare
    _row(row, ref, keys, f"{label} {section}[{index}] ({ref.get('id', ref['group'])})")
/tests/test_outputs.py:200: in _row
    _number(a, e, f"{where} dose")
_ _ _ _ _ _ _ _ _ _ _ _ _ _ _ _ _ _ _ _ _ _ _ _ _ _ _ _ _ _ _ _ _ _ _ _ _ _ _ _ 

actual = 100.0, expected = 317.480210394
where = 'quiet_members HC4-0027 workers[0] (A1) dose'

    def _number(actual, expected, where):
        assert isinstance(actual, (int, float)) and not isinstance(actual, bool), f"{where}: {actual!r} is not a number"
        bound = REL * abs(expected) if abs(expected) >= 1 else ABS
>       assert abs(actual - expected) <= bound, f"{where}: {actual!r}, expected {expected!r}"
E       AssertionError: quiet_members HC4-0027 workers[0] (A1) dose: 100.0, expected 317.480210394
E       assert 217.48021039399998 <= 1.58740105197e-08
E        +  where 217.48021039399998 = abs((100.0 - 317.480210394))

/tests/test_outputs.py:188: AssertionError
______________________ test_report_order_and_group_codes _______________________

    def test_report_order_and_group_codes():
        """Workers stay in survey order; groups come in ascending character order of their codes."""
>       check_family("report_order")

/tests/test_outputs.py:325: 
_ _ _ _ _ _ _ _ _ _ _ _ _ _ _ _ _ _ _ _ _ _ _ _ _ _ _ _ _ _ _ _ _ _ _ _ _ _ _ _ 
/tests/test_outputs.py:219: in check_family
    compare(reduce(row["survey"]), row["report"], f"{name} {row['survey']['survey']}")
/tests/test_outputs.py:214: in compare
    _row(row, ref, keys, f"{label} {section}[{index}] ({ref.get('id', ref['group'])})")
/tests/test_outputs.py:200: in _row
    _number(a, e, f"{where} dose")
_ _ _ _ _ _ _ _ _ _ _ _ _ _ _ _ _ _ _ _ _ _ _ _ _ _ _ _ _ _ _ _ _ _ _ _ _ _ _ _ 

actual = 57.43491774985174, expected = 125.992104989
where = 'report_order HC4-0029 workers[0] (Z-9) dose'

    def _number(actual, expected, where):
        assert isinstance(actual, (int, float)) and not isinstance(actual, bool), f"{where}: {actual!r} is not a number"
        bound = REL * abs(expected) if abs(expected) >= 1 else ABS
>       assert abs(actual - expected) <= bound, f"{where}: {actual!r}, expected {expected!r}"
E       AssertionError: report_order HC4-0029 workers[0] (Z-9) dose: 57.43491774985174, expected 125.992104989
E       assert 68.55718723914825 <= 6.29960524945e-09
E        +  where 68.55718723914825 = abs((57.43491774985174 - 125.992104989))

/tests/test_outputs.py:188: AssertionError
_______________________ test_section_one_limits_reached ________________________

    def test_section_one_limits_reached():
        """300 workers under 40 codes, a 1,500-run log, a 2,880-minute log, 500 peaks and the range ends."""
        rows = load("limits_workers") + load("limits_logs")
        workers = rows[0]["survey"]["workers"]
        assert len(workers) == 300 and len({w["group"] for w in workers}) == 40
        logs = rows[1]["survey"]["workers"]
        assert len(logs[0]["log"]) == 1500 and sum(m for m, _ in logs[1]["log"]) == 2880 and len(logs[2]["peaks"]) == 500
>       check_family("limits_workers")

/tests/test_outputs.py:335: 
_ _ _ _ _ _ _ _ _ _ _ _ _ _ _ _ _ _ _ _ _ _ _ _ _ _ _ _ _ _ _ _ _ _ _ _ _ _ _ _ 
/tests/test_outputs.py:219: in check_family
    compare(reduce(row["survey"]), row["report"], f"{name} {row['survey']['survey']}")
/tests/test_outputs.py:214: in compare
    _row(row, ref, keys, f"{label} {section}[{index}] ({ref.get('id', ref['group'])})")
/tests/test_outputs.py:200: in _row
    _number(a, e, f"{where} dose")
_ _ _ _ _ _ _ _ _ _ _ _ _ _ _ _ _ _ _ _ _ _ _ _ _ _ _ _ _ _ _ _ _ _ _ _ _ _ _ _ 

actual = 89.81090284641962, expected = 127.600074143
where = 'limits_workers HC4-0030 workers[1] (L001-) dose'

    def _number(actual, expected, where):
        assert isinstance(actual, (int, float)) and not isinstance(actual, bool), f"{where}: {actual!r} is not a number"
        bound = REL * abs(expected) if abs(expected) >= 1 else ABS
>       assert abs(actual - expected) <= bound, f"{where}: {actual!r}, expected {expected!r}"
E       AssertionError: limits_workers HC4-0030 workers[1] (L001-) dose: 89.81090284641962, expected 127.600074143
E       assert 37.78917129658038 <= 6.3800037071500006e-09
E        +  where 37.78917129658038 = abs((89.81090284641962 - 127.600074143))

/tests/test_outputs.py:188: AssertionError
____________________________ test_generated_surveys ____________________________

    def test_generated_surveys():
        """Seeded surveys over the rest of the section 1 domain, as sealed and under fresh labels."""
>       check_family("generated")

/tests/test_outputs.py:363: 
_ _ _ _ _ _ _ _ _ _ _ _ _ _ _ _ _ _ _ _ _ _ _ _ _ _ _ _ _ _ _ _ _ _ _ _ _ _ _ _ 
/tests/test_outputs.py:219: in check_family
    compare(reduce(row["survey"]), row["report"], f"{name} {row['survey']['survey']}")
/tests/test_outputs.py:214: in compare
    _row(row, ref, keys, f"{label} {section}[{index}] ({ref.get('id', ref['group'])})")
/tests/test_outputs.py:200: in _row
    _number(a, e, f"{where} dose")
_ _ _ _ _ _ _ _ _ _ _ _ _ _ _ _ _ _ _ _ _ _ _ _ _ _ _ _ _ _ _ _ _ _ _ _ _ _ _ _ 

actual = 43.45732057728004, expected = 1.21385644452
where = 'generated HC4-0032 workers[0] (ONBHDRZ) dose'

    def _number(actual, expected, where):
        assert isinstance(actual, (int, float)) and not isinstance(actual, bool), f"{where}: {actual!r} is not a number"
        bound = REL * abs(expected) if abs(expected) >= 1 else ABS
>       assert abs(actual - expected) <= bound, f"{where}: {actual!r}, expected {expected!r}"
E       AssertionError: generated HC4-0032 workers[0] (ONBHDRZ) dose: 43.45732057728004, expected 1.21385644452
E       assert 42.243464132760046 <= 6.0692822226e-11
E        +  where 42.243464132760046 = abs((43.45732057728004 - 1.21385644452))

/tests/test_outputs.py:188: AssertionError
==================================== PASSES ====================================
=========================== short test summary info ============================
PASSED ../../tests/test_outputs.py::test_candidate_cannot_read_verifier_state
PASSED ../../tests/test_outputs.py::test_submitted_driver_unchanged
FAILED ../../tests/test_outputs.py::test_rule_3_1_reference_duration_uses_85_dba_and_3_db
FAILED ../../tests/test_outputs.py::test_rule_2_3_reading_at_the_threshold_counts
FAILED ../../tests/test_outputs.py::test_rule_2_4_sampled_time_includes_readings_below_threshold
FAILED ../../tests/test_outputs.py::test_rule_2_2_run_logged_at_nought_is_not_a_reading
FAILED ../../tests/test_outputs.py::test_rule_3_3_partial_survey_projected_to_own_shift
FAILED ../../tests/test_outputs.py::test_rule_3_3_survey_as_long_as_shift_keeps_measured_dose
FAILED ../../tests/test_outputs.py::test_rule_2_5_partial_survey_at_exactly_three_quarters
FAILED ../../tests/test_outputs.py::test_survey_below_three_quarters_keeps_todays_projection
FAILED ../../tests/test_outputs.py::test_survey_that_measured_nothing_keeps_todays_dose
FAILED ../../tests/test_outputs.py::test_reading_above_ceiling_keeps_todays_counted_level
FAILED ../../tests/test_outputs.py::test_rule_5_1_reading_at_the_ceiling_level_is_not_flagged
FAILED ../../tests/test_outputs.py::test_rule_5_2_impulse_at_140_dbc - Assert...
FAILED ../../tests/test_outputs.py::test_rule_4_1_twa_formula - AssertionErro...
FAILED ../../tests/test_outputs.py::test_rule_1_2_twa_rounded_to_nearest_tenth
FAILED ../../tests/test_outputs.py::test_rule_5_3_status_bands_at_82_and_85
FAILED ../../tests/test_outputs.py::test_rule_6_1_group_dose_is_mean_of_shift_doses
FAILED ../../tests/test_outputs.py::test_rule_6_1_quiet_member_counts_in_group_mean
FAILED ../../tests/test_outputs.py::test_report_order_and_group_codes - Asser...
FAILED ../../tests/test_outputs.py::test_section_one_limits_reached - Asserti...
FAILED ../../tests/test_outputs.py::test_generated_surveys - AssertionError: ...
========================= 20 failed, 2 passed in 1.16s =========================
