addressed-undo-accepted pass reward 0 failed 9
zero-lower-bound-rejected pass reward 0 failed 8
append-suffix-ignored pass reward 0 failed 9
tab-separator-rejected pass reward 0 failed 8
join-keeps-mark pass reward 0 failed 1
open-s-prints-first-line pass reward 0 failed 5
repeat-form-accepts-n pass reward 0 failed 1
E-count-ignores-s pass reward 0 failed 3
leading-hyphen-starts-range pass reward 0 failed 5
global-s-without-match-fails pass reward 0 failed 9
fork-exec-helper-delegation pass reward 0 failed 17
delegate-to-system-ed pass reward 0 failed 17
empty-append-keeps-undo pass reward 0 failed 4
eof-quits-quietly pass reward 0 failed 25
global-keeps-touched-lines pass reward 0 failed 7
leftmost-first-regex pass reward 0 failed 4
loose-exit-ignored pass reward 0 failed 15
pipe-stops-on-error pass reward 0 failed 26
ranged-s-current-last-addressed pass reward 0 failed 5
reversed-range-rejected-for-a pass reward 0 failed 10
semicolon-keeps-current pass reward 0 failed 15
short-initial-load pass reward 0 failed 1
undo-not-undoable pass reward 0 failed 8
unescaped-brace-rejected pass reward 0 failed 1
w-for-W pass reward 0 failed 5
DONE
