============================= test session starts ==============================
platform linux -- Python 3.13.12, pytest-9.1.1, pluggy-1.6.0
rootdir: /tests
plugins: json-ctrf-0.5.2
collected 54 items

../../tests/test_outputs.py ..........F................................. [ 81%]
..........                                                               [100%]

=================================== FAILURES ===================================
________________________________ test_long_run _________________________________

    def test_long_run():
>       check("long_run")

/tests/test_outputs.py:194: 
_ _ _ _ _ _ _ _ _ _ _ _ _ _ _ _ _ _ _ _ _ _ _ _ _ _ _ _ _ _ _ _ _ _ _ _ _ _ _ _ 
/tests/test_outputs.py:114: in check
    compare(_run_port(name), _expected(name))
_ _ _ _ _ _ _ _ _ _ _ _ _ _ _ _ _ _ _ _ _ _ _ _ _ _ _ _ _ _ _ _ _ _ _ _ _ _ _ _ 

got = b'STATEMENTS FOR ALL DISTRICTS        DATED 30/09/2025\n\nACCOUNT ****5035  INES TANAKA              TARIFF D\nREADING...109.17 WHOLE    109 BAL    12,560.55   run 100\nPOSTED   97  REJECTED   3  PAID      $9,270.42   OTHER     $3,969.20\n'
want = b'STATEMENTS FOR ALL DISTRICTS        DATED 30/09/2025\n\nACCOUNT ****5035  INES TANAKA              TARIFF D\nREADING...HOLE      1 BAL       104.17   last posting of\nPOSTED  478  REJECTED  22  PAID     $47,106.60   OTHER    $15,781.15\n'

    def compare(got, want):
        if got == want:
            return
        got_lines, want_lines = got.split(b"\n"), want.split(b"\n")
        for number, (a, b) in enumerate(zip(got_lines, want_lines), start=1):
            if a != b:
>               pytest.fail(f"line {number} differs:\n  port: {a!r}\n  job:  {b!r}")
E               Failed: line 4159 differs:
E                 port: b'POSTED   97  REJECTED   3  PAID      $9,270.42   OTHER     $3,969.20'
E                 job:  b'PAY 48653505      286.04 WHOLE    286 BAL       465.68   run 101'

/tests/test_outputs.py:109: Failed
==================================== PASSES ====================================
=========================== short test summary info ============================
PASSED ../../tests/test_outputs.py::test_every_case_has_an_expected_statement
PASSED ../../tests/test_outputs.py::test_band_boundaries
PASSED ../../tests/test_outputs.py::test_credit_balances
PASSED ../../tests/test_outputs.py::test_date_and_region
PASSED ../../tests/test_outputs.py::test_district_run
PASSED ../../tests/test_outputs.py::test_empty_file
PASSED ../../tests/test_outputs.py::test_header_missing
PASSED ../../tests/test_outputs.py::test_header_only
PASSED ../../tests/test_outputs.py::test_header_out_of_place
PASSED ../../tests/test_outputs.py::test_large_commercial_accounts
PASSED ../../tests/test_outputs.py::test_meter_rollover
PASSED ../../tests/test_outputs.py::test_names_of_every_shape
PASSED ../../tests/test_outputs.py::test_postings_amount_forms
PASSED ../../tests/test_outputs.py::test_postings_empty
PASSED ../../tests/test_outputs.py::test_postings_kinds_and_accounts
PASSED ../../tests/test_outputs.py::test_postings_memos
PASSED ../../tests/test_outputs.py::test_postings_ordinary
PASSED ../../tests/test_outputs.py::test_postings_rounding_modes
PASSED ../../tests/test_outputs.py::test_postings_with_fewer_fields
PASSED ../../tests/test_outputs.py::test_rejected_records
PASSED ../../tests/test_outputs.py::test_rounding_boundaries
PASSED ../../tests/test_outputs.py::test_short_lines
PASSED ../../tests/test_outputs.py::test_two_headers
PASSED ../../tests/test_outputs.py::test_zero_amounts
PASSED ../../tests/test_outputs.py::test_other_record_types
PASSED ../../tests/test_outputs.py::test_short_header
PASSED ../../tests/test_outputs.py::test_header_date_and_part_region
PASSED ../../tests/test_outputs.py::test_blank_line_first
PASSED ../../tests/test_outputs.py::test_generated_01
PASSED ../../tests/test_outputs.py::test_generated_02
PASSED ../../tests/test_outputs.py::test_generated_03
PASSED ../../tests/test_outputs.py::test_generated_04
PASSED ../../tests/test_outputs.py::test_generated_05
PASSED ../../tests/test_outputs.py::test_generated_06
PASSED ../../tests/test_outputs.py::test_generated_07
PASSED ../../tests/test_outputs.py::test_generated_08
PASSED ../../tests/test_outputs.py::test_generated_09
PASSED ../../tests/test_outputs.py::test_generated_10
PASSED ../../tests/test_outputs.py::test_generated_11
PASSED ../../tests/test_outputs.py::test_generated_12
PASSED ../../tests/test_outputs.py::test_generated_13
PASSED ../../tests/test_outputs.py::test_generated_14
PASSED ../../tests/test_outputs.py::test_generated_15
PASSED ../../tests/test_outputs.py::test_generated_16
PASSED ../../tests/test_outputs.py::test_generated_17
PASSED ../../tests/test_outputs.py::test_generated_18
PASSED ../../tests/test_outputs.py::test_generated_19
PASSED ../../tests/test_outputs.py::test_generated_20
PASSED ../../tests/test_outputs.py::test_generated_21
PASSED ../../tests/test_outputs.py::test_generated_22
PASSED ../../tests/test_outputs.py::test_generated_23
PASSED ../../tests/test_outputs.py::test_generated_24
PASSED ../../tests/test_outputs.py::test_supplied_production_sample
FAILED ../../tests/test_outputs.py::test_long_run - Failed: line 4159 differs:
========================= 1 failed, 53 passed in 5.83s =========================
