============================= test session starts ==============================
platform linux -- Python 3.13.12, pytest-9.1.1, pluggy-1.6.0
rootdir: /tests
plugins: json-ctrf-0.5.2
collected 19 items

../../tests/test_outputs.py FFFFFFFFFFF..FFFF..                          [100%]

=================================== FAILURES ===================================
____________ test_rule_2_2_record_amplitude_uses_magnification_2080 ____________

    def test_rule_2_2_record_amplitude_uses_magnification_2080():
        """Station magnitudes at listed distances, depth 0: the record amplitude uses magnification 2080."""
>       check_file("gain.jsonl")

/tests/test_outputs.py:182: 
_ _ _ _ _ _ _ _ _ _ _ _ _ _ _ _ _ _ _ _ _ _ _ _ _ _ _ _ _ _ _ _ _ _ _ _ _ _ _ _ 
/tests/test_outputs.py:177: in check_file
    compare(reduce(row["bulletin"]), row["report"], f"{name} bulletin {number}")
/tests/test_outputs.py:163: in compare
    _number(event["ml"], ref["ml"], f"{where} ml")
_ _ _ _ _ _ _ _ _ _ _ _ _ _ _ _ _ _ _ _ _ _ _ _ _ _ _ _ _ _ _ _ _ _ _ _ _ _ _ _ 

actual = 4.1, expected = 4.144597325
where = 'gain.jsonl bulletin 0 event ev000001 ml'

    def _number(actual, expected, where):
        if expected is None:
            assert actual is None, f"{where}: {actual!r}, expected null"
            return
        assert isinstance(actual, (int, float)) and not isinstance(actual, bool), f"{where}: {actual!r} is not a number"
>       assert abs(actual - expected) <= TOL + SLACK, f"{where}: {actual!r}, expected {expected!r}"
E       AssertionError: gain.jsonl bulletin 0 event ev000001 ml: 4.1, expected 4.144597325
E       assert 0.04459732500000069 <= (1e-06 + 1e-09)
E        +  where 0.04459732500000069 = abs((4.1 - 4.144597325))

/tests/test_outputs.py:152: AssertionError
_____________ test_rule_2_2_record_amplitude_is_half_peak_to_peak ______________

    def test_rule_2_2_record_amplitude_is_half_peak_to_peak():
        """Single readings at listed distances with no correction: the record amplitude is half the peak-to-peak value."""
>       check_file("half.jsonl")

/tests/test_outputs.py:187: 
_ _ _ _ _ _ _ _ _ _ _ _ _ _ _ _ _ _ _ _ _ _ _ _ _ _ _ _ _ _ _ _ _ _ _ _ _ _ _ _ 
/tests/test_outputs.py:177: in check_file
    compare(reduce(row["bulletin"]), row["report"], f"{name} bulletin {number}")
/tests/test_outputs.py:163: in compare
    _number(event["ml"], ref["ml"], f"{where} ml")
_ _ _ _ _ _ _ _ _ _ _ _ _ _ _ _ _ _ _ _ _ _ _ _ _ _ _ _ _ _ _ _ _ _ _ _ _ _ _ _ 

actual = 3.0, expected = 3.017033339
where = 'half.jsonl bulletin 0 event half-1 ml'

    def _number(actual, expected, where):
        if expected is None:
            assert actual is None, f"{where}: {actual!r}, expected null"
            return
        assert isinstance(actual, (int, float)) and not isinstance(actual, bool), f"{where}: {actual!r} is not a number"
>       assert abs(actual - expected) <= TOL + SLACK, f"{where}: {actual!r}, expected {expected!r}"
E       AssertionError: half.jsonl bulletin 0 event half-1 ml: 3.0, expected 3.017033339
E       assert 0.017033339000000147 <= (1e-06 + 1e-09)
E        +  where 0.017033339000000147 = abs((3.0 - 3.017033339))

/tests/test_outputs.py:152: AssertionError
___ test_rule_2_3_station_mean_leaves_out_amplitudes_under_three_times_noise ___

    def test_rule_2_3_station_mean_leaves_out_amplitudes_under_three_times_noise():
        """Only amplitudes at least three times their channel's noise enter a station's mean, on either side close to the line."""
>       check_file("readings.jsonl")

/tests/test_outputs.py:192: 
_ _ _ _ _ _ _ _ _ _ _ _ _ _ _ _ _ _ _ _ _ _ _ _ _ _ _ _ _ _ _ _ _ _ _ _ _ _ _ _ 
/tests/test_outputs.py:177: in check_file
    compare(reduce(row["bulletin"]), row["report"], f"{name} bulletin {number}")
/tests/test_outputs.py:163: in compare
    _number(event["ml"], ref["ml"], f"{where} ml")
_ _ _ _ _ _ _ _ _ _ _ _ _ _ _ _ _ _ _ _ _ _ _ _ _ _ _ _ _ _ _ _ _ _ _ _ _ _ _ _ 

actual = 4.4, expected = 4.374439778
where = 'readings.jsonl bulletin 0 event ev000002 ml'

    def _number(actual, expected, where):
        if expected is None:
            assert actual is None, f"{where}: {actual!r}, expected null"
            return
        assert isinstance(actual, (int, float)) and not isinstance(actual, bool), f"{where}: {actual!r} is not a number"
>       assert abs(actual - expected) <= TOL + SLACK, f"{where}: {actual!r}, expected {expected!r}"
E       AssertionError: readings.jsonl bulletin 0 event ev000002 ml: 4.4, expected 4.374439778
E       assert 0.025560222000000188 <= (1e-06 + 1e-09)
E        +  where 0.025560222000000188 = abs((4.4 - 4.374439778))

/tests/test_outputs.py:152: AssertionError
____________________ test_rule_3_1_distance_is_hypocentral _____________________

    def test_rule_3_1_distance_is_hypocentral():
        """The distance reported, corrected for and tested against the table is the hypocentral distance."""
>       check_file("hypocentral.jsonl")

/tests/test_outputs.py:197: 
_ _ _ _ _ _ _ _ _ _ _ _ _ _ _ _ _ _ _ _ _ _ _ _ _ _ _ _ _ _ _ _ _ _ _ _ _ _ _ _ 
/tests/test_outputs.py:177: in check_file
    compare(reduce(row["bulletin"]), row["report"], f"{name} bulletin {number}")
/tests/test_outputs.py:163: in compare
    _number(event["ml"], ref["ml"], f"{where} ml")
_ _ _ _ _ _ _ _ _ _ _ _ _ _ _ _ _ _ _ _ _ _ _ _ _ _ _ _ _ _ _ _ _ _ _ _ _ _ _ _ 

actual = 3.0, expected = 2.963958329
where = 'hypocentral.jsonl bulletin 0 event ev000001 ml'

    def _number(actual, expected, where):
        if expected is None:
            assert actual is None, f"{where}: {actual!r}, expected null"
            return
        assert isinstance(actual, (int, float)) and not isinstance(actual, bool), f"{where}: {actual!r} is not a number"
>       assert abs(actual - expected) <= TOL + SLACK, f"{where}: {actual!r}, expected {expected!r}"
E       AssertionError: hypocentral.jsonl bulletin 0 event ev000001 ml: 3.0, expected 2.963958329
E       assert 0.036041671 <= (1e-06 + 1e-09)
E        +  where 0.036041671 = abs((3.0 - 2.963958329))

/tests/test_outputs.py:152: AssertionError
___________ test_rule_3_3_correction_linear_between_listed_distances ___________

    def test_rule_3_3_correction_linear_between_listed_distances():
        """Between two listed distances the correction is interpolated linearly in distance."""
>       check_file("interpolation.jsonl")

/tests/test_outputs.py:202: 
_ _ _ _ _ _ _ _ _ _ _ _ _ _ _ _ _ _ _ _ _ _ _ _ _ _ _ _ _ _ _ _ _ _ _ _ _ _ _ _ 
/tests/test_outputs.py:177: in check_file
    compare(reduce(row["bulletin"]), row["report"], f"{name} bulletin {number}")
/tests/test_outputs.py:163: in compare
    _number(event["ml"], ref["ml"], f"{where} ml")
_ _ _ _ _ _ _ _ _ _ _ _ _ _ _ _ _ _ _ _ _ _ _ _ _ _ _ _ _ _ _ _ _ _ _ _ _ _ _ _ 

actual = 2.9, expected = 2.931645208
where = 'interpolation.jsonl bulletin 0 event ev000002 ml'

    def _number(actual, expected, where):
        if expected is None:
            assert actual is None, f"{where}: {actual!r}, expected null"
            return
        assert isinstance(actual, (int, float)) and not isinstance(actual, bool), f"{where}: {actual!r} is not a number"
>       assert abs(actual - expected) <= TOL + SLACK, f"{where}: {actual!r}, expected {expected!r}"
E       AssertionError: interpolation.jsonl bulletin 0 event ev000002 ml: 2.9, expected 2.931645208
E       assert 0.031645208000000036 <= (1e-06 + 1e-09)
E        +  where 0.031645208000000036 = abs((2.9 - 2.931645208))

/tests/test_outputs.py:152: AssertionError
________________ test_rule_3_3_listed_distances_and_table_ends _________________

    def test_rule_3_3_listed_distances_and_table_ends():
        """At listed distances the correction is the listed value; stations just inside either end of the table contribute."""
>       check_file("table_ends.jsonl")

/tests/test_outputs.py:207: 
_ _ _ _ _ _ _ _ _ _ _ _ _ _ _ _ _ _ _ _ _ _ _ _ _ _ _ _ _ _ _ _ _ _ _ _ _ _ _ _ 
/tests/test_outputs.py:177: in check_file
    compare(reduce(row["bulletin"]), row["report"], f"{name} bulletin {number}")
/tests/test_outputs.py:163: in compare
    _number(event["ml"], ref["ml"], f"{where} ml")
_ _ _ _ _ _ _ _ _ _ _ _ _ _ _ _ _ _ _ _ _ _ _ _ _ _ _ _ _ _ _ _ _ _ _ _ _ _ _ _ 

actual = 3.4, expected = 3.380948692
where = 'table_ends.jsonl bulletin 0 event ev000001 ml'

    def _number(actual, expected, where):
        if expected is None:
            assert actual is None, f"{where}: {actual!r}, expected null"
            return
        assert isinstance(actual, (int, float)) and not isinstance(actual, bool), f"{where}: {actual!r} is not a number"
>       assert abs(actual - expected) <= TOL + SLACK, f"{where}: {actual!r}, expected {expected!r}"
E       AssertionError: table_ends.jsonl bulletin 0 event ev000001 ml: 3.4, expected 3.380948692
E       assert 0.019051307999999878 <= (1e-06 + 1e-09)
E        +  where 0.019051307999999878 = abs((3.4 - 3.380948692))

/tests/test_outputs.py:152: AssertionError
__________ test_station_beyond_the_table_keeps_the_shipped_correction __________

    def test_station_beyond_the_table_keeps_the_shipped_correction():
        """A station nearer than 10 km or beyond 600 km keeps today's correction calculation and does not contribute."""
>       check_file("off_table.jsonl")

/tests/test_outputs.py:212: 
_ _ _ _ _ _ _ _ _ _ _ _ _ _ _ _ _ _ _ _ _ _ _ _ _ _ _ _ _ _ _ _ _ _ _ _ _ _ _ _ 
/tests/test_outputs.py:177: in check_file
    compare(reduce(row["bulletin"]), row["report"], f"{name} bulletin {number}")
/tests/test_outputs.py:163: in compare
    _number(event["ml"], ref["ml"], f"{where} ml")
_ _ _ _ _ _ _ _ _ _ _ _ _ _ _ _ _ _ _ _ _ _ _ _ _ _ _ _ _ _ _ _ _ _ _ _ _ _ _ _ 

actual = 4.8, expected = 4.766399876
where = 'off_table.jsonl bulletin 0 event ev000001 ml'

    def _number(actual, expected, where):
        if expected is None:
            assert actual is None, f"{where}: {actual!r}, expected null"
            return
        assert isinstance(actual, (int, float)) and not isinstance(actual, bool), f"{where}: {actual!r} is not a number"
>       assert abs(actual - expected) <= TOL + SLACK, f"{where}: {actual!r}, expected {expected!r}"
E       AssertionError: off_table.jsonl bulletin 0 event ev000001 ml: 4.8, expected 4.766399876
E       assert 0.033600123999999454 <= (1e-06 + 1e-09)
E        +  where 0.033600123999999454 = abs((4.8 - 4.766399876))

/tests/test_outputs.py:152: AssertionError
__________________ test_rule_4_2_station_correction_is_added ___________________

    def test_rule_4_2_station_correction_is_added():
        """Station corrections from -1.0 to +1.0 are added to each channel magnitude."""
>       check_file("correction.jsonl")

/tests/test_outputs.py:217: 
_ _ _ _ _ _ _ _ _ _ _ _ _ _ _ _ _ _ _ _ _ _ _ _ _ _ _ _ _ _ _ _ _ _ _ _ _ _ _ _ 
/tests/test_outputs.py:177: in check_file
    compare(reduce(row["bulletin"]), row["report"], f"{name} bulletin {number}")
/tests/test_outputs.py:163: in compare
    _number(event["ml"], ref["ml"], f"{where} ml")
_ _ _ _ _ _ _ _ _ _ _ _ _ _ _ _ _ _ _ _ _ _ _ _ _ _ _ _ _ _ _ _ _ _ _ _ _ _ _ _ 

actual = 4.4, expected = 4.390670289
where = 'correction.jsonl bulletin 0 event ev000001 ml'

    def _number(actual, expected, where):
        if expected is None:
            assert actual is None, f"{where}: {actual!r}, expected null"
            return
        assert isinstance(actual, (int, float)) and not isinstance(actual, bool), f"{where}: {actual!r} is not a number"
>       assert abs(actual - expected) <= TOL + SLACK, f"{where}: {actual!r}, expected {expected!r}"
E       AssertionError: correction.jsonl bulletin 0 event ev000001 ml: 4.4, expected 4.390670289
E       assert 0.009329711000000351 <= (1e-06 + 1e-09)
E        +  where 0.009329711000000351 = abs((4.4 - 4.390670289))

/tests/test_outputs.py:152: AssertionError
________ test_rule_4_3_station_magnitude_is_mean_of_channel_magnitudes _________

    def test_rule_4_3_station_magnitude_is_mean_of_channel_magnitudes():
        """A station's magnitude is the mean of its readings' channel magnitudes, whatever their channel codes, not its largest channel."""
>       check_file("station_mean.jsonl")

/tests/test_outputs.py:222: 
_ _ _ _ _ _ _ _ _ _ _ _ _ _ _ _ _ _ _ _ _ _ _ _ _ _ _ _ _ _ _ _ _ _ _ _ _ _ _ _ 
/tests/test_outputs.py:177: in check_file
    compare(reduce(row["bulletin"]), row["report"], f"{name} bulletin {number}")
/tests/test_outputs.py:163: in compare
    _number(event["ml"], ref["ml"], f"{where} ml")
_ _ _ _ _ _ _ _ _ _ _ _ _ _ _ _ _ _ _ _ _ _ _ _ _ _ _ _ _ _ _ _ _ _ _ _ _ _ _ _ 

actual = 2.4, expected = 2.38425622
where = 'station_mean.jsonl bulletin 0 event ev000002 ml'

    def _number(actual, expected, where):
        if expected is None:
            assert actual is None, f"{where}: {actual!r}, expected null"
            return
        assert isinstance(actual, (int, float)) and not isinstance(actual, bool), f"{where}: {actual!r} is not a number"
>       assert abs(actual - expected) <= TOL + SLACK, f"{where}: {actual!r}, expected {expected!r}"
E       AssertionError: station_mean.jsonl bulletin 0 event ev000002 ml: 2.4, expected 2.38425622
E       assert 0.015743779999999763 <= (1e-06 + 1e-09)
E        +  where 0.015743779999999763 = abs((2.4 - 2.38425622))

/tests/test_outputs.py:152: AssertionError
_________________ test_two_sensors_of_one_site_are_one_station _________________

    def test_two_sensors_of_one_site_are_one_station():
        """A station with two recordings pools their readings and counts once in the median and the three-station minimum."""
>       check_file("shared_station.jsonl")

/tests/test_outputs.py:227: 
_ _ _ _ _ _ _ _ _ _ _ _ _ _ _ _ _ _ _ _ _ _ _ _ _ _ _ _ _ _ _ _ _ _ _ _ _ _ _ _ 
/tests/test_outputs.py:177: in check_file
    compare(reduce(row["bulletin"]), row["report"], f"{name} bulletin {number}")
/tests/test_outputs.py:163: in compare
    _number(event["ml"], ref["ml"], f"{where} ml")
_ _ _ _ _ _ _ _ _ _ _ _ _ _ _ _ _ _ _ _ _ _ _ _ _ _ _ _ _ _ _ _ _ _ _ _ _ _ _ _ 

actual = 3.3, expected = 3.315989421
where = 'shared_station.jsonl bulletin 0 event ev000002 ml'

    def _number(actual, expected, where):
        if expected is None:
            assert actual is None, f"{where}: {actual!r}, expected null"
            return
        assert isinstance(actual, (int, float)) and not isinstance(actual, bool), f"{where}: {actual!r} is not a number"
>       assert abs(actual - expected) <= TOL + SLACK, f"{where}: {actual!r}, expected {expected!r}"
E       AssertionError: shared_station.jsonl bulletin 0 event ev000002 ml: 3.3, expected 3.315989421
E       assert 0.015989421000000004 <= (1e-06 + 1e-09)
E        +  where 0.015989421000000004 = abs((3.3 - 3.315989421))

/tests/test_outputs.py:152: AssertionError
__________ test_rule_5_2_network_magnitude_is_median_of_contributors ___________

    def test_rule_5_2_network_magnitude_is_median_of_contributors():
        """With an odd number of contributing stations the network magnitude is the middle one."""
>       check_file("median.jsonl")

/tests/test_outputs.py:232: 
_ _ _ _ _ _ _ _ _ _ _ _ _ _ _ _ _ _ _ _ _ _ _ _ _ _ _ _ _ _ _ _ _ _ _ _ _ _ _ _ 
/tests/test_outputs.py:177: in check_file
    compare(reduce(row["bulletin"]), row["report"], f"{name} bulletin {number}")
/tests/test_outputs.py:163: in compare
    _number(event["ml"], ref["ml"], f"{where} ml")
_ _ _ _ _ _ _ _ _ _ _ _ _ _ _ _ _ _ _ _ _ _ _ _ _ _ _ _ _ _ _ _ _ _ _ _ _ _ _ _ 

actual = 5.5, expected = 5.478907399
where = 'median.jsonl bulletin 0 event ev000001 ml'

    def _number(actual, expected, where):
        if expected is None:
            assert actual is None, f"{where}: {actual!r}, expected null"
            return
        assert isinstance(actual, (int, float)) and not isinstance(actual, bool), f"{where}: {actual!r} is not a number"
>       assert abs(actual - expected) <= TOL + SLACK, f"{where}: {actual!r}, expected {expected!r}"
E       AssertionError: median.jsonl bulletin 0 event ev000001 ml: 5.5, expected 5.478907399
E       assert 0.02109260100000032 <= (1e-06 + 1e-09)
E        +  where 0.02109260100000032 = abs((5.5 - 5.478907399))

/tests/test_outputs.py:152: AssertionError
__________ test_rule_5_3_three_contributors_give_a_network_magnitude ___________

    def test_rule_5_3_three_contributors_give_a_network_magnitude():
        """Events with exactly three contributing stations get a network magnitude."""
>       check_file("three.jsonl")

/tests/test_outputs.py:247: 
_ _ _ _ _ _ _ _ _ _ _ _ _ _ _ _ _ _ _ _ _ _ _ _ _ _ _ _ _ _ _ _ _ _ _ _ _ _ _ _ 
/tests/test_outputs.py:177: in check_file
    compare(reduce(row["bulletin"]), row["report"], f"{name} bulletin {number}")
/tests/test_outputs.py:163: in compare
    _number(event["ml"], ref["ml"], f"{where} ml")
_ _ _ _ _ _ _ _ _ _ _ _ _ _ _ _ _ _ _ _ _ _ _ _ _ _ _ _ _ _ _ _ _ _ _ _ _ _ _ _ 

actual = 3.2, expected = 3.233172105
where = 'three.jsonl bulletin 0 event ev000001 ml'

    def _number(actual, expected, where):
        if expected is None:
            assert actual is None, f"{where}: {actual!r}, expected null"
            return
        assert isinstance(actual, (int, float)) and not isinstance(actual, bool), f"{where}: {actual!r} is not a number"
>       assert abs(actual - expected) <= TOL + SLACK, f"{where}: {actual!r}, expected {expected!r}"
E       AssertionError: three.jsonl bulletin 0 event ev000001 ml: 3.2, expected 3.233172105
E       assert 0.033172104999999785 <= (1e-06 + 1e-09)
E        +  where 0.033172104999999785 = abs((3.2 - 3.233172105))

/tests/test_outputs.py:152: AssertionError
_______________________ test_section_one_limits_reached ________________________

    def test_section_one_limits_reached():
        """Fifty events, two hundred stations, forty recordings, and every amplitude, noise, depth and correction limit."""
        rows = load("limits.jsonl")
        bulletin = rows[0]["bulletin"]
        assert len(bulletin["events"]) == 50 and len(bulletin["stations"]) == 200
        assert max(len(e["recordings"]) for e in bulletin["events"]) == 40
>       check_file("limits.jsonl")

/tests/test_outputs.py:256: 
_ _ _ _ _ _ _ _ _ _ _ _ _ _ _ _ _ _ _ _ _ _ _ _ _ _ _ _ _ _ _ _ _ _ _ _ _ _ _ _ 
/tests/test_outputs.py:177: in check_file
    compare(reduce(row["bulletin"]), row["report"], f"{name} bulletin {number}")
/tests/test_outputs.py:163: in compare
    _number(event["ml"], ref["ml"], f"{where} ml")
_ _ _ _ _ _ _ _ _ _ _ _ _ _ _ _ _ _ _ _ _ _ _ _ _ _ _ _ _ _ _ _ _ _ _ _ _ _ _ _ 

actual = 2.2, expected = 2.153753906
where = 'limits.jsonl bulletin 0 event Z ml'

    def _number(actual, expected, where):
        if expected is None:
            assert actual is None, f"{where}: {actual!r}, expected null"
            return
        assert isinstance(actual, (int, float)) and not isinstance(actual, bool), f"{where}: {actual!r} is not a number"
>       assert abs(actual - expected) <= TOL + SLACK, f"{where}: {actual!r}, expected {expected!r}"
E       AssertionError: limits.jsonl bulletin 0 event Z ml: 2.2, expected 2.153753906
E       assert 0.04624609400000024 <= (1e-06 + 1e-09)
E        +  where 0.04624609400000024 = abs((2.2 - 2.153753906))

/tests/test_outputs.py:152: AssertionError
__________________ test_report_keeps_file_and_recording_order __________________

    def test_report_keeps_file_and_recording_order():
        """Events keep file order and station rows keep recording order, whatever the ids and codes, at any length they may have."""
>       check_file("order.jsonl")

/tests/test_outputs.py:261: 
_ _ _ _ _ _ _ _ _ _ _ _ _ _ _ _ _ _ _ _ _ _ _ _ _ _ _ _ _ _ _ _ _ _ _ _ _ _ _ _ 
/tests/test_outputs.py:177: in check_file
    compare(reduce(row["bulletin"]), row["report"], f"{name} bulletin {number}")
/tests/test_outputs.py:163: in compare
    _number(event["ml"], ref["ml"], f"{where} ml")
_ _ _ _ _ _ _ _ _ _ _ _ _ _ _ _ _ _ _ _ _ _ _ _ _ _ _ _ _ _ _ _ _ _ _ _ _ _ _ _ 

actual = 4.6, expected = 4.642662926
where = 'order.jsonl bulletin 0 event v77vy7uvv97vu64 ml'

    def _number(actual, expected, where):
        if expected is None:
            assert actual is None, f"{where}: {actual!r}, expected null"
            return
        assert isinstance(actual, (int, float)) and not isinstance(actual, bool), f"{where}: {actual!r} is not a number"
>       assert abs(actual - expected) <= TOL + SLACK, f"{where}: {actual!r}, expected {expected!r}"
E       AssertionError: order.jsonl bulletin 0 event v77vy7uvv97vu64 ml: 4.6, expected 4.642662926
E       assert 0.04266292600000021 <= (1e-06 + 1e-09)
E        +  where 0.04266292600000021 = abs((4.6 - 4.642662926))

/tests/test_outputs.py:152: AssertionError
___________________________ test_generated_bulletins ___________________________

    def test_generated_bulletins():
        """Generated bulletins across the envelope: depths, distances, one or two channels, corrections, event sizes."""
>       check_file("generated.jsonl")

/tests/test_outputs.py:266: 
_ _ _ _ _ _ _ _ _ _ _ _ _ _ _ _ _ _ _ _ _ _ _ _ _ _ _ _ _ _ _ _ _ _ _ _ _ _ _ _ 
/tests/test_outputs.py:177: in check_file
    compare(reduce(row["bulletin"]), row["report"], f"{name} bulletin {number}")
/tests/test_outputs.py:163: in compare
    _number(event["ml"], ref["ml"], f"{where} ml")
_ _ _ _ _ _ _ _ _ _ _ _ _ _ _ _ _ _ _ _ _ _ _ _ _ _ _ _ _ _ _ _ _ _ _ _ _ _ _ _ 

actual = 4.3, expected = 4.295944884
where = 'generated.jsonl bulletin 0 event ev000001 ml'

    def _number(actual, expected, where):
        if expected is None:
            assert actual is None, f"{where}: {actual!r}, expected null"
            return
        assert isinstance(actual, (int, float)) and not isinstance(actual, bool), f"{where}: {actual!r} is not a number"
>       assert abs(actual - expected) <= TOL + SLACK, f"{where}: {actual!r}, expected {expected!r}"
E       AssertionError: generated.jsonl bulletin 0 event ev000001 ml: 4.3, expected 4.295944884
E       assert 0.00405511599999997 <= (1e-06 + 1e-09)
E        +  where 0.00405511599999997 = abs((4.3 - 4.295944884))

/tests/test_outputs.py:152: AssertionError
==================================== PASSES ====================================
=========================== short test summary info ============================
PASSED ../../tests/test_outputs.py::test_rule_5_2_even_number_takes_mean_of_middle_two
PASSED ../../tests/test_outputs.py::test_rule_5_3_fewer_than_three_contributors_has_no_network_magnitude
PASSED ../../tests/test_outputs.py::test_sandbox_cannot_read_ground_truth
PASSED ../../tests/test_outputs.py::test_submitted_driver_matches_ours
FAILED ../../tests/test_outputs.py::test_rule_2_2_record_amplitude_uses_magnification_2080
FAILED ../../tests/test_outputs.py::test_rule_2_2_record_amplitude_is_half_peak_to_peak
FAILED ../../tests/test_outputs.py::test_rule_2_3_station_mean_leaves_out_amplitudes_under_three_times_noise
FAILED ../../tests/test_outputs.py::test_rule_3_1_distance_is_hypocentral - A...
FAILED ../../tests/test_outputs.py::test_rule_3_3_correction_linear_between_listed_distances
FAILED ../../tests/test_outputs.py::test_rule_3_3_listed_distances_and_table_ends
FAILED ../../tests/test_outputs.py::test_station_beyond_the_table_keeps_the_shipped_correction
FAILED ../../tests/test_outputs.py::test_rule_4_2_station_correction_is_added
FAILED ../../tests/test_outputs.py::test_rule_4_3_station_magnitude_is_mean_of_channel_magnitudes
FAILED ../../tests/test_outputs.py::test_two_sensors_of_one_site_are_one_station
FAILED ../../tests/test_outputs.py::test_rule_5_2_network_magnitude_is_median_of_contributors
FAILED ../../tests/test_outputs.py::test_rule_5_3_three_contributors_give_a_network_magnitude
FAILED ../../tests/test_outputs.py::test_section_one_limits_reached - Asserti...
FAILED ../../tests/test_outputs.py::test_report_keeps_file_and_recording_order
FAILED ../../tests/test_outputs.py::test_generated_bulletins - AssertionError...
========================= 15 failed, 4 passed in 1.07s =========================
