============================= test session starts ==============================
platform linux -- Python 3.13.12, pytest-9.1.1, pluggy-1.6.0
rootdir: /tests
plugins: json-ctrf-0.5.2
collected 19 items

../../tests/test_outputs.py FFFFFFFFFFFFFFFFF..                          [100%]

=================================== FAILURES ===================================
____________ test_rule_2_2_record_amplitude_uses_magnification_2080 ____________

    def test_rule_2_2_record_amplitude_uses_magnification_2080():
        """Station magnitudes at listed distances, depth 0: the record amplitude uses magnification 2080."""
>       check_file("gain.jsonl")

/tests/test_outputs.py:182: 
_ _ _ _ _ _ _ _ _ _ _ _ _ _ _ _ _ _ _ _ _ _ _ _ _ _ _ _ _ _ _ _ _ _ _ _ _ _ _ _ 
/tests/test_outputs.py:177: in check_file
    compare(reduce(row["bulletin"]), row["report"], f"{name} bulletin {number}")
_ _ _ _ _ _ _ _ _ _ _ _ _ _ _ _ _ _ _ _ _ _ _ _ _ _ _ _ _ _ _ _ _ _ _ _ _ _ _ _ 

actual = {'events': [{'id': 'ev000001', 'ml': 4.144597324611451, 'stations': [{'code': '8CZYF', 'distance_km': 100.0, 'ml': 4.9...ibutes': True}, {'code': '8CZYF', 'distance_km': 150.0, 'ml': 3.516952374802322, 'contributes': True}], 'type': 'ML'}]}
expected = {'events': [{'id': 'ev000001', 'ml': 4.144597325, 'stations': [{'code': '8CZYF', 'contributes': True, 'distance_km': 1...nce_km': 400.0, 'ml': 2.089791171}, {'code': '8CZYF', 'contributes': True, 'distance_km': 150.0, 'ml': 3.516952375}]}]}
label = 'gain.jsonl bulletin 0'

    def compare(actual, expected, label):
        assert isinstance(actual, dict) and set(actual) == {"events"}, f"{label}: top-level keys"
        got, want = actual["events"], expected["events"]
        assert isinstance(got, list) and len(got) == len(want), f"{label}: {len(want)} events expected"
        for event, ref in zip(got, want):
            where = f"{label} event {ref['id']}"
>           assert isinstance(event, dict) and set(event) == {"id", "ml", "stations"}, f"{where}: keys"
E           AssertionError: gain.jsonl bulletin 0 event ev000001: keys
E           assert (True and {'id', 'ml', ...ions', 'type'} == {'id', 'ml', 'stations'}
E            +  where True = isinstance({'id': 'ev000001', 'ml': 4.144597324611451, 'stations': [{'code': '8CZYF', 'distance_km': 100.0, 'ml': 4.9208714037192...contributes': True}, {'code': 'QO', 'distance_km': 20.0, 'ml': 3.5850375471281097, 'contributes': True}], 'type': 'ML'}, dict)
E             
E             Extra items in the left set:
E             'type'
E             Use -v to get more diff)

/tests/test_outputs.py:161: AssertionError
_____________ test_rule_2_2_record_amplitude_is_half_peak_to_peak ______________

    def test_rule_2_2_record_amplitude_is_half_peak_to_peak():
        """Single readings at listed distances with no correction: the record amplitude is half the peak-to-peak value."""
>       check_file("half.jsonl")

/tests/test_outputs.py:187: 
_ _ _ _ _ _ _ _ _ _ _ _ _ _ _ _ _ _ _ _ _ _ _ _ _ _ _ _ _ _ _ _ _ _ _ _ _ _ _ _ 
/tests/test_outputs.py:177: in check_file
    compare(reduce(row["bulletin"]), row["report"], f"{name} bulletin {number}")
_ _ _ _ _ _ _ _ _ _ _ _ _ _ _ _ _ _ _ _ _ _ _ _ _ _ _ _ _ _ _ _ _ _ _ _ _ _ _ _ 

actual = {'events': [{'id': 'half-1', 'ml': 3.0170333392987803, 'stations': [{'code': 'HALF', 'distance_km': 100.0, 'ml': 3.017...ontributes': True}, {'code': 'WA', 'distance_km': 50.0, 'ml': 6.898063334962762, 'contributes': True}], 'type': 'ML'}]}
expected = {'events': [{'id': 'half-1', 'ml': 3.017033339, 'stations': [{'code': 'HALF', 'contributes': True, 'distance_km': 100....istance_km': 200.0, 'ml': 0.848063335}, {'code': 'WA', 'contributes': True, 'distance_km': 50.0, 'ml': 6.898063335}]}]}
label = 'half.jsonl bulletin 0'

    def compare(actual, expected, label):
        assert isinstance(actual, dict) and set(actual) == {"events"}, f"{label}: top-level keys"
        got, want = actual["events"], expected["events"]
        assert isinstance(got, list) and len(got) == len(want), f"{label}: {len(want)} events expected"
        for event, ref in zip(got, want):
            where = f"{label} event {ref['id']}"
>           assert isinstance(event, dict) and set(event) == {"id", "ml", "stations"}, f"{where}: keys"
E           AssertionError: half.jsonl bulletin 0 event half-1: keys
E           assert (True and {'id', 'ml', ...ions', 'type'} == {'id', 'ml', 'stations'}
E            +  where True = isinstance({'id': 'half-1', 'ml': 3.0170333392987803, 'stations': [{'code': 'HALF', 'distance_km': 100.0, 'ml': 3.017033339298780...'contributes': True}, {'code': 'WA', 'distance_km': 50.0, 'ml': 6.898063334962762, 'contributes': True}], 'type': 'ML'}, dict)
E             
E             Extra items in the left set:
E             'type'
E             Use -v to get more diff)

/tests/test_outputs.py:161: AssertionError
___ test_rule_2_3_station_mean_leaves_out_amplitudes_under_three_times_noise ___

    def test_rule_2_3_station_mean_leaves_out_amplitudes_under_three_times_noise():
        """Only amplitudes at least three times their channel's noise enter a station's mean, on either side close to the line."""
>       check_file("readings.jsonl")

/tests/test_outputs.py:192: 
_ _ _ _ _ _ _ _ _ _ _ _ _ _ _ _ _ _ _ _ _ _ _ _ _ _ _ _ _ _ _ _ _ _ _ _ _ _ _ _ 
/tests/test_outputs.py:177: in check_file
    compare(reduce(row["bulletin"]), row["report"], f"{name} bulletin {number}")
_ _ _ _ _ _ _ _ _ _ _ _ _ _ _ _ _ _ _ _ _ _ _ _ _ _ _ _ _ _ _ _ _ _ _ _ _ _ _ _ 

actual = {'events': [{'id': 'ev000001', 'ml': 3.729764403819961, 'stations': [{'code': 'DFZV', 'distance_km': 92.85800988606206...ue}, {'code': '7V26', 'distance_km': 584.806745857125, 'ml': 4.3676765624960785, 'contributes': True}], 'type': 'ML'}]}
expected = {'events': [{'id': 'ev000001', 'ml': 3.729764404, 'stations': [{'code': 'DFZV', 'contributes': True, 'distance_km': 92...4073727, 'ml': 5.888319661}, {'code': '7V26', 'contributes': True, 'distance_km': 584.806745857, 'ml': 4.367676562}]}]}
label = 'readings.jsonl bulletin 0'

    def compare(actual, expected, label):
        assert isinstance(actual, dict) and set(actual) == {"events"}, f"{label}: top-level keys"
        got, want = actual["events"], expected["events"]
        assert isinstance(got, list) and len(got) == len(want), f"{label}: {len(want)} events expected"
        for event, ref in zip(got, want):
            where = f"{label} event {ref['id']}"
>           assert isinstance(event, dict) and set(event) == {"id", "ml", "stations"}, f"{where}: keys"
E           AssertionError: readings.jsonl bulletin 0 event ev000001: keys
E           assert (True and {'id', 'ml', ...ions', 'type'} == {'id', 'ml', 'stations'}
E            +  where True = isinstance({'id': 'ev000001', 'ml': 3.729764403819961, 'stations': [{'code': 'DFZV', 'distance_km': 92.85800988606206, 'ml': -0.2... True}, {'code': 'W', 'distance_km': 189.73629067735038, 'ml': 3.5494349921060087, 'contributes': True}], 'type': 'ML'}, dict)
E             
E             Extra items in the left set:
E             'type'
E             Use -v to get more diff)

/tests/test_outputs.py:161: AssertionError
____________________ test_rule_3_1_distance_is_hypocentral _____________________

    def test_rule_3_1_distance_is_hypocentral():
        """The distance reported, corrected for and tested against the table is the hypocentral distance."""
>       check_file("hypocentral.jsonl")

/tests/test_outputs.py:197: 
_ _ _ _ _ _ _ _ _ _ _ _ _ _ _ _ _ _ _ _ _ _ _ _ _ _ _ _ _ _ _ _ _ _ _ _ _ _ _ _ 
/tests/test_outputs.py:177: in check_file
    compare(reduce(row["bulletin"]), row["report"], f"{name} bulletin {number}")
_ _ _ _ _ _ _ _ _ _ _ _ _ _ _ _ _ _ _ _ _ _ _ _ _ _ _ _ _ _ _ _ _ _ _ _ _ _ _ _ 

actual = {'events': [{'id': 'ev000001', 'ml': 2.9639583288701137, 'stations': [{'code': 'LKG5', 'distance_km': 11.5277925033373...e}, {'code': 'XCMSM', 'distance_km': 43.58222114578375, 'ml': 5.951186203478655, 'contributes': True}], 'type': 'ML'}]}
expected = {'events': [{'id': 'ev000001', 'ml': 2.963958329, 'stations': [{'code': 'LKG5', 'contributes': True, 'distance_km': 11...9159741, 'ml': 6.404971536}, {'code': 'XCMSM', 'contributes': True, 'distance_km': 43.582221146, 'ml': 5.951186203}]}]}
label = 'hypocentral.jsonl bulletin 0'

    def compare(actual, expected, label):
        assert isinstance(actual, dict) and set(actual) == {"events"}, f"{label}: top-level keys"
        got, want = actual["events"], expected["events"]
        assert isinstance(got, list) and len(got) == len(want), f"{label}: {len(want)} events expected"
        for event, ref in zip(got, want):
            where = f"{label} event {ref['id']}"
>           assert isinstance(event, dict) and set(event) == {"id", "ml", "stations"}, f"{where}: keys"
E           AssertionError: hypocentral.jsonl bulletin 0 event ev000001: keys
E           assert (True and {'id', 'ml', ...ions', 'type'} == {'id', 'ml', 'stations'}
E            +  where True = isinstance({'id': 'ev000001', 'ml': 2.9639583288701137, 'stations': [{'code': 'LKG5', 'distance_km': 11.527792503337317, 'ml': -0... True}, {'code': '43', 'distance_km': 394.1873919850812, 'ml': 2.9639583288701137, 'contributes': True}], 'type': 'ML'}, dict)
E             
E             Extra items in the left set:
E             'type'
E             Use -v to get more diff)

/tests/test_outputs.py:161: AssertionError
___________ test_rule_3_3_correction_linear_between_listed_distances ___________

    def test_rule_3_3_correction_linear_between_listed_distances():
        """Between two listed distances the correction is interpolated linearly in distance."""
>       check_file("interpolation.jsonl")

/tests/test_outputs.py:202: 
_ _ _ _ _ _ _ _ _ _ _ _ _ _ _ _ _ _ _ _ _ _ _ _ _ _ _ _ _ _ _ _ _ _ _ _ _ _ _ _ 
/tests/test_outputs.py:177: in check_file
    compare(reduce(row["bulletin"]), row["report"], f"{name} bulletin {number}")
_ _ _ _ _ _ _ _ _ _ _ _ _ _ _ _ _ _ _ _ _ _ _ _ _ _ _ _ _ _ _ _ _ _ _ _ _ _ _ _ 

actual = {'events': [{'id': 'ev000001', 'ml': 4.590094056897407, 'stations': [{'code': '4', 'distance_km': 261.6, 'ml': 4.65012...ntributes': True}, {'code': 'A', 'distance_km': 133.6, 'ml': 1.5221017948783668, 'contributes': True}], 'type': 'ML'}]}
expected = {'events': [{'id': 'ev000001', 'ml': 4.590094057, 'stations': [{'code': '4', 'contributes': True, 'distance_km': 261.6...distance_km': 25.9, 'ml': 3.797011679}, {'code': 'A', 'contributes': True, 'distance_km': 133.6, 'ml': 1.522101795}]}]}
label = 'interpolation.jsonl bulletin 0'

    def compare(actual, expected, label):
        assert isinstance(actual, dict) and set(actual) == {"events"}, f"{label}: top-level keys"
        got, want = actual["events"], expected["events"]
        assert isinstance(got, list) and len(got) == len(want), f"{label}: {len(want)} events expected"
        for event, ref in zip(got, want):
            where = f"{label} event {ref['id']}"
>           assert isinstance(event, dict) and set(event) == {"id", "ml", "stations"}, f"{where}: keys"
E           AssertionError: interpolation.jsonl bulletin 0 event ev000001: keys
E           assert (True and {'id', 'ml', ...ions', 'type'} == {'id', 'ml', 'stations'}
E            +  where True = isinstance({'id': 'ev000001', 'ml': 4.590094056897407, 'stations': [{'code': '4', 'distance_km': 261.6, 'ml': 4.650127814415599, ...tributes': True}, {'code': 'J3H57', 'distance_km': 152.4, 'ml': 4.530060299379215, 'contributes': True}], 'type': 'ML'}, dict)
E             
E             Extra items in the left set:
E             'type'
E             Use -v to get more diff)

/tests/test_outputs.py:161: AssertionError
________________ test_rule_3_3_listed_distances_and_table_ends _________________

    def test_rule_3_3_listed_distances_and_table_ends():
        """At listed distances the correction is the listed value; stations just inside either end of the table contribute."""
>       check_file("table_ends.jsonl")

/tests/test_outputs.py:207: 
_ _ _ _ _ _ _ _ _ _ _ _ _ _ _ _ _ _ _ _ _ _ _ _ _ _ _ _ _ _ _ _ _ _ _ _ _ _ _ _ 
/tests/test_outputs.py:177: in check_file
    compare(reduce(row["bulletin"]), row["report"], f"{name} bulletin {number}")
_ _ _ _ _ _ _ _ _ _ _ _ _ _ _ _ _ _ _ _ _ _ _ _ _ _ _ _ _ _ _ _ _ _ _ _ _ _ _ _ 

actual = {'events': [{'id': 'ev000001', 'ml': 3.380948691605617, 'stations': [{'code': 'F', 'distance_km': 10.01, 'ml': 4.23547...ue}, {'code': '3S5', 'distance_km': 39.671778382119456, 'ml': 4.281595570358693, 'contributes': True}], 'type': 'ML'}]}
expected = {'events': [{'id': 'ev000001', 'ml': 3.380948692, 'stations': [{'code': 'F', 'contributes': True, 'distance_km': 10.01....188957644, 'ml': 6.272460785}, {'code': '3S5', 'contributes': True, 'distance_km': 39.671778382, 'ml': 4.28159557}]}]}
label = 'table_ends.jsonl bulletin 0'

    def compare(actual, expected, label):
        assert isinstance(actual, dict) and set(actual) == {"events"}, f"{label}: top-level keys"
        got, want = actual["events"], expected["events"]
        assert isinstance(got, list) and len(got) == len(want), f"{label}: {len(want)} events expected"
        for event, ref in zip(got, want):
            where = f"{label} event {ref['id']}"
>           assert isinstance(event, dict) and set(event) == {"id", "ml", "stations"}, f"{where}: keys"
E           AssertionError: table_ends.jsonl bulletin 0 event ev000001: keys
E           assert (True and {'id', 'ml', ...ions', 'type'} == {'id', 'ml', 'stations'}
E            +  where True = isinstance({'id': 'ev000001', 'ml': 3.380948691605617, 'stations': [{'code': 'F', 'distance_km': 10.01, 'ml': 4.23547328643844, '...ntributes': True}, {'code': '3S5', 'distance_km': 30.0, 'ml': -0.9297541469258758, 'contributes': True}], 'type': 'ML'}, dict)
E             
E             Extra items in the left set:
E             'type'
E             Use -v to get more diff)

/tests/test_outputs.py:161: AssertionError
__________ test_station_beyond_the_table_keeps_the_shipped_correction __________

    def test_station_beyond_the_table_keeps_the_shipped_correction():
        """A station nearer than 10 km or beyond 600 km keeps today's correction calculation and does not contribute."""
>       check_file("off_table.jsonl")

/tests/test_outputs.py:212: 
_ _ _ _ _ _ _ _ _ _ _ _ _ _ _ _ _ _ _ _ _ _ _ _ _ _ _ _ _ _ _ _ _ _ _ _ _ _ _ _ 
/tests/test_outputs.py:177: in check_file
    compare(reduce(row["bulletin"]), row["report"], f"{name} bulletin {number}")
_ _ _ _ _ _ _ _ _ _ _ _ _ _ _ _ _ _ _ _ _ _ _ _ _ _ _ _ _ _ _ _ _ _ _ _ _ _ _ _ 

actual = {'events': [{'id': 'ev000001', 'ml': 4.7663998756359565, 'stations': [{'code': 'J7D', 'distance_km': 32.2, 'ml': 6.101...': False}, {'code': 'P51', 'distance_km': 1000.0, 'ml': 3.264985540523671, 'contributes': False}], 'type': 'ML'}, ...]}
expected = {'events': [{'id': 'ev000001', 'ml': 4.766399876, 'stations': [{'code': 'J7D', 'contributes': True, 'distance_km': 32...._km': 1.0, 'ml': 3.977598126}, {'code': 'P51', 'contributes': False, 'distance_km': 1000.0, 'ml': 3.264985541}]}, ...]}
label = 'off_table.jsonl bulletin 0'

    def compare(actual, expected, label):
        assert isinstance(actual, dict) and set(actual) == {"events"}, f"{label}: top-level keys"
        got, want = actual["events"], expected["events"]
        assert isinstance(got, list) and len(got) == len(want), f"{label}: {len(want)} events expected"
        for event, ref in zip(got, want):
            where = f"{label} event {ref['id']}"
>           assert isinstance(event, dict) and set(event) == {"id", "ml", "stations"}, f"{where}: keys"
E           AssertionError: off_table.jsonl bulletin 0 event ev000001: keys
E           assert (True and {'id', 'ml', ...ions', 'type'} == {'id', 'ml', 'stations'}
E            +  where True = isinstance({'id': 'ev000001', 'ml': 4.7663998756359565, 'stations': [{'code': 'J7D', 'distance_km': 32.2, 'ml': 6.101776408718281...ibutes': False}, {'code': 'N0L09', 'distance_km': 760.8, 'ml': 8.098176381386985, 'contributes': False}], 'type': 'ML'}, dict)
E             
E             Extra items in the left set:
E             'type'
E             Use -v to get more diff)

/tests/test_outputs.py:161: AssertionError
__________________ test_rule_4_2_station_correction_is_added ___________________

    def test_rule_4_2_station_correction_is_added():
        """Station corrections from -1.0 to +1.0 are added to each channel magnitude."""
>       check_file("correction.jsonl")

/tests/test_outputs.py:217: 
_ _ _ _ _ _ _ _ _ _ _ _ _ _ _ _ _ _ _ _ _ _ _ _ _ _ _ _ _ _ _ _ _ _ _ _ _ _ _ _ 
/tests/test_outputs.py:177: in check_file
    compare(reduce(row["bulletin"]), row["report"], f"{name} bulletin {number}")
_ _ _ _ _ _ _ _ _ _ _ _ _ _ _ _ _ _ _ _ _ _ _ _ _ _ _ _ _ _ _ _ _ _ _ _ _ _ _ _ 

actual = {'events': [{'id': 'ev000001', 'ml': 4.390670289099282, 'stations': [{'code': 'R', 'distance_km': 400.0, 'ml': 2.91878...tributes': True}, {'code': 'AU23', 'distance_km': 50.0, 'ml': 5.714186099483965, 'contributes': True}], 'type': 'ML'}]}
expected = {'events': [{'id': 'ev000001', 'ml': 4.390670289, 'stations': [{'code': 'R', 'contributes': True, 'distance_km': 400.0...stance_km': 30.0, 'ml': 1.210123326}, {'code': 'AU23', 'contributes': True, 'distance_km': 50.0, 'ml': 5.714186099}]}]}
label = 'correction.jsonl bulletin 0'

    def compare(actual, expected, label):
        assert isinstance(actual, dict) and set(actual) == {"events"}, f"{label}: top-level keys"
        got, want = actual["events"], expected["events"]
        assert isinstance(got, list) and len(got) == len(want), f"{label}: {len(want)} events expected"
        for event, ref in zip(got, want):
            where = f"{label} event {ref['id']}"
>           assert isinstance(event, dict) and set(event) == {"id", "ml", "stations"}, f"{where}: keys"
E           AssertionError: correction.jsonl bulletin 0 event ev000001: keys
E           assert (True and {'id', 'ml', ...ions', 'type'} == {'id', 'ml', 'stations'}
E            +  where True = isinstance({'id': 'ev000001', 'ml': 4.390670289099282, 'stations': [{'code': 'R', 'distance_km': 400.0, 'ml': 2.9187872003545348,...contributes': True}, {'code': 'X75', 'distance_km': 30.0, 'ml': 5.136656891438685, 'contributes': True}], 'type': 'ML'}, dict)
E             
E             Extra items in the left set:
E             'type'
E             Use -v to get more diff)

/tests/test_outputs.py:161: AssertionError
________ test_rule_4_3_station_magnitude_is_mean_of_channel_magnitudes _________

    def test_rule_4_3_station_magnitude_is_mean_of_channel_magnitudes():
        """A station's magnitude is the mean of its readings' channel magnitudes, whatever their channel codes, not its largest channel."""
>       check_file("station_mean.jsonl")

/tests/test_outputs.py:222: 
_ _ _ _ _ _ _ _ _ _ _ _ _ _ _ _ _ _ _ _ _ _ _ _ _ _ _ _ _ _ _ _ _ _ _ _ _ _ _ _ 
/tests/test_outputs.py:177: in check_file
    compare(reduce(row["bulletin"]), row["report"], f"{name} bulletin {number}")
_ _ _ _ _ _ _ _ _ _ _ _ _ _ _ _ _ _ _ _ _ _ _ _ _ _ _ _ _ _ _ _ _ _ _ _ _ _ _ _ 

actual = {'events': [{'id': 'ev000001', 'ml': 2.674088122357373, 'stations': [{'code': 'ZGV4', 'distance_km': 89.15295844782719...ue}, {'code': 'V8', 'distance_km': 108.63240768757727, 'ml': 0.8496326415084618, 'contributes': True}], 'type': 'ML'}]}
expected = {'events': [{'id': 'ev000001', 'ml': 2.674088122, 'stations': [{'code': 'ZGV4', 'contributes': True, 'distance_km': 89...935751358, 'ml': 2.679089485}, {'code': 'V8', 'contributes': True, 'distance_km': 108.632407688, 'ml': 0.849632642}]}]}
label = 'station_mean.jsonl bulletin 0'

    def compare(actual, expected, label):
        assert isinstance(actual, dict) and set(actual) == {"events"}, f"{label}: top-level keys"
        got, want = actual["events"], expected["events"]
        assert isinstance(got, list) and len(got) == len(want), f"{label}: {len(want)} events expected"
        for event, ref in zip(got, want):
            where = f"{label} event {ref['id']}"
>           assert isinstance(event, dict) and set(event) == {"id", "ml", "stations"}, f"{where}: keys"
E           AssertionError: station_mean.jsonl bulletin 0 event ev000001: keys
E           assert (True and {'id', 'ml', ...ions', 'type'} == {'id', 'ml', 'stations'}
E            +  where True = isinstance({'id': 'ev000001', 'ml': 2.674088122357373, 'stations': [{'code': 'ZGV4', 'distance_km': 89.15295844782719, 'ml': 3.08...True}, {'code': 'V8', 'distance_km': 190.52123241255813, 'ml': 1.3987638851234112, 'contributes': True}], 'type': 'ML'}, dict)
E             
E             Extra items in the left set:
E             'type'
E             Use -v to get more diff)

/tests/test_outputs.py:161: AssertionError
_________________ test_two_sensors_of_one_site_are_one_station _________________

    def test_two_sensors_of_one_site_are_one_station():
        """A station with two recordings pools their readings and counts once in the median and the three-station minimum."""
>       check_file("shared_station.jsonl")

/tests/test_outputs.py:227: 
_ _ _ _ _ _ _ _ _ _ _ _ _ _ _ _ _ _ _ _ _ _ _ _ _ _ _ _ _ _ _ _ _ _ _ _ _ _ _ _ 
/tests/test_outputs.py:177: in check_file
    compare(reduce(row["bulletin"]), row["report"], f"{name} bulletin {number}")
_ _ _ _ _ _ _ _ _ _ _ _ _ _ _ _ _ _ _ _ _ _ _ _ _ _ _ _ _ _ _ _ _ _ _ _ _ _ _ _ 

actual = {'events': [{'id': 'ev000001', 'ml': None, 'stations': [{'code': 'N', 'distance_km': 41.29600464936045, 'ml': 1.781356...e}, {'code': 'GYTX4', 'distance_km': 70.36376908608578, 'ml': 5.415819645489501, 'contributes': True}], 'type': 'ML'}]}
expected = {'events': [{'id': 'ev000001', 'ml': None, 'stations': [{'code': 'N', 'contributes': True, 'distance_km': 41.296004649...3449439, 'ml': 4.916775134}, {'code': 'GYTX4', 'contributes': True, 'distance_km': 70.363769086, 'ml': 5.415819645}]}]}
label = 'shared_station.jsonl bulletin 0'

    def compare(actual, expected, label):
        assert isinstance(actual, dict) and set(actual) == {"events"}, f"{label}: top-level keys"
        got, want = actual["events"], expected["events"]
        assert isinstance(got, list) and len(got) == len(want), f"{label}: {len(want)} events expected"
        for event, ref in zip(got, want):
            where = f"{label} event {ref['id']}"
>           assert isinstance(event, dict) and set(event) == {"id", "ml", "stations"}, f"{where}: keys"
E           AssertionError: shared_station.jsonl bulletin 0 event ev000001: keys
E           assert (True and {'id', 'ml', ...ions', 'type'} == {'id', 'ml', 'stations'}
E            +  where True = isinstance({'id': 'ev000001', 'ml': None, 'stations': [{'code': 'N', 'distance_km': 41.29600464936045, 'ml': 1.7813560622580262, ...e}, {'code': 'GYTX4', 'distance_km': 156.70673246545599, 'ml': 2.9052944647843773, 'contributes': True}], 'type': 'ML'}, dict)
E             
E             Extra items in the left set:
E             'type'
E             Use -v to get more diff)

/tests/test_outputs.py:161: AssertionError
__________ test_rule_5_2_network_magnitude_is_median_of_contributors ___________

    def test_rule_5_2_network_magnitude_is_median_of_contributors():
        """With an odd number of contributing stations the network magnitude is the middle one."""
>       check_file("median.jsonl")

/tests/test_outputs.py:232: 
_ _ _ _ _ _ _ _ _ _ _ _ _ _ _ _ _ _ _ _ _ _ _ _ _ _ _ _ _ _ _ _ _ _ _ _ _ _ _ _ 
/tests/test_outputs.py:177: in check_file
    compare(reduce(row["bulletin"]), row["report"], f"{name} bulletin {number}")
_ _ _ _ _ _ _ _ _ _ _ _ _ _ _ _ _ _ _ _ _ _ _ _ _ _ _ _ _ _ _ _ _ _ _ _ _ _ _ _ 

actual = {'events': [{'id': 'ev000001', 'ml': 5.478907399165337, 'stations': [{'code': '0', 'distance_km': 105.56159339456751, ..., {'code': '0', 'distance_km': 437.12245423908394, 'ml': 7.369164812418868, 'contributes': True}, ...], 'type': 'ML'}]}
expected = {'events': [{'id': 'ev000001', 'ml': 5.478907399, 'stations': [{'code': '0', 'contributes': True, 'distance_km': 105.5...30298, 'ml': 3.628436896}, {'code': '0', 'contributes': True, 'distance_km': 437.122454239, 'ml': 7.369164812}, ...]}]}
label = 'median.jsonl bulletin 0'

    def compare(actual, expected, label):
        assert isinstance(actual, dict) and set(actual) == {"events"}, f"{label}: top-level keys"
        got, want = actual["events"], expected["events"]
        assert isinstance(got, list) and len(got) == len(want), f"{label}: {len(want)} events expected"
        for event, ref in zip(got, want):
            where = f"{label} event {ref['id']}"
>           assert isinstance(event, dict) and set(event) == {"id", "ml", "stations"}, f"{where}: keys"
E           AssertionError: median.jsonl bulletin 0 event ev000001: keys
E           assert (True and {'id', 'ml', ...ions', 'type'} == {'id', 'ml', 'stations'}
E            +  where True = isinstance({'id': 'ev000001', 'ml': 5.478907399165337, 'stations': [{'code': '0', 'distance_km': 105.56159339456751, 'ml': 5.4789... True}, {'code': 'TZ4', 'distance_km': 78.39317572340082, 'ml': 8.757791172968435, 'contributes': True}], 'type': 'ML'}, dict)
E             
E             Extra items in the left set:
E             'type'
E             Use -v to get more diff)

/tests/test_outputs.py:161: AssertionError
______________ test_rule_5_2_even_number_takes_mean_of_middle_two ______________

    def test_rule_5_2_even_number_takes_mean_of_middle_two():
        """With an even number of contributing stations the network magnitude is the mean of the two middle ones."""
>       check_file("median_even.jsonl")

/tests/test_outputs.py:237: 
_ _ _ _ _ _ _ _ _ _ _ _ _ _ _ _ _ _ _ _ _ _ _ _ _ _ _ _ _ _ _ _ _ _ _ _ _ _ _ _ 
/tests/test_outputs.py:177: in check_file
    compare(reduce(row["bulletin"]), row["report"], f"{name} bulletin {number}")
_ _ _ _ _ _ _ _ _ _ _ _ _ _ _ _ _ _ _ _ _ _ _ _ _ _ _ _ _ _ _ _ _ _ _ _ _ _ _ _ 

actual = {'events': [{'id': 'ev000001', 'ml': 3.67977286709629, 'stations': [{'code': 'I', 'distance_km': 24.69109151090733, 'm..., {'code': 'V', 'distance_km': 71.94720286432266, 'ml': 2.5740174211411175, 'contributes': True}, ...], 'type': 'ML'}]}
expected = {'events': [{'id': 'ev000001', 'ml': 3.679772867, 'stations': [{'code': 'I', 'contributes': True, 'distance_km': 24.69...2286553, 'ml': 4.37789165}, {'code': 'V', 'contributes': True, 'distance_km': 71.947202864, 'ml': 2.574017421}, ...]}]}
label = 'median_even.jsonl bulletin 0'

    def compare(actual, expected, label):
        assert isinstance(actual, dict) and set(actual) == {"events"}, f"{label}: top-level keys"
        got, want = actual["events"], expected["events"]
        assert isinstance(got, list) and len(got) == len(want), f"{label}: {len(want)} events expected"
        for event, ref in zip(got, want):
            where = f"{label} event {ref['id']}"
>           assert isinstance(event, dict) and set(event) == {"id", "ml", "stations"}, f"{where}: keys"
E           AssertionError: median_even.jsonl bulletin 0 event ev000001: keys
E           assert (True and {'id', 'ml', ...ions', 'type'} == {'id', 'ml', 'stations'}
E            +  where True = isinstance({'id': 'ev000001', 'ml': 3.67977286709629, 'stations': [{'code': 'I', 'distance_km': 24.69109151090733, 'ml': 6.459965...ue}, {'code': '21Q1A', 'distance_km': 87.13787924892365, 'ml': 3.1500975758370524, 'contributes': True}], 'type': 'ML'}, dict)
E             
E             Extra items in the left set:
E             'type'
E             Use -v to get more diff)

/tests/test_outputs.py:161: AssertionError
_____ test_rule_5_3_fewer_than_three_contributors_has_no_network_magnitude _____

    def test_rule_5_3_fewer_than_three_contributors_has_no_network_magnitude():
        """Events with one or two contributing stations report a null network magnitude."""
>       check_file("fewer_than_three.jsonl")

/tests/test_outputs.py:242: 
_ _ _ _ _ _ _ _ _ _ _ _ _ _ _ _ _ _ _ _ _ _ _ _ _ _ _ _ _ _ _ _ _ _ _ _ _ _ _ _ 
/tests/test_outputs.py:177: in check_file
    compare(reduce(row["bulletin"]), row["report"], f"{name} bulletin {number}")
_ _ _ _ _ _ _ _ _ _ _ _ _ _ _ _ _ _ _ _ _ _ _ _ _ _ _ _ _ _ _ _ _ _ _ _ _ _ _ _ 

actual = {'events': [{'id': 'ev000001', 'ml': None, 'stations': [{'code': 'RY', 'distance_km': 102.90286682109493, 'ml': 5.0184...rue}, {'code': '7', 'distance_km': 21.550174013218548, 'ml': -1.267101416685587, 'contributes': True}], 'type': 'ML'}]}
expected = {'events': [{'id': 'ev000001', 'ml': None, 'stations': [{'code': 'RY', 'contributes': True, 'distance_km': 102.9028668...3.38443358, 'ml': 1.284509753}, {'code': '7', 'contributes': True, 'distance_km': 21.550174013, 'ml': -1.267101417}]}]}
label = 'fewer_than_three.jsonl bulletin 0'

    def compare(actual, expected, label):
        assert isinstance(actual, dict) and set(actual) == {"events"}, f"{label}: top-level keys"
        got, want = actual["events"], expected["events"]
        assert isinstance(got, list) and len(got) == len(want), f"{label}: {len(want)} events expected"
        for event, ref in zip(got, want):
            where = f"{label} event {ref['id']}"
>           assert isinstance(event, dict) and set(event) == {"id", "ml", "stations"}, f"{where}: keys"
E           AssertionError: fewer_than_three.jsonl bulletin 0 event ev000001: keys
E           assert (True and {'id', 'ml', ...ions', 'type'} == {'id', 'ml', 'stations'}
E            +  where True = isinstance({'id': 'ev000001', 'ml': None, 'stations': [{'code': 'RY', 'distance_km': 102.90286682109493, 'ml': 5.018461788252076, 'contributes': True}], 'type': 'ML'}, dict)
E             
E             Extra items in the left set:
E             'type'
E             Use -v to get more diff)

/tests/test_outputs.py:161: AssertionError
__________ test_rule_5_3_three_contributors_give_a_network_magnitude ___________

    def test_rule_5_3_three_contributors_give_a_network_magnitude():
        """Events with exactly three contributing stations get a network magnitude."""
>       check_file("three.jsonl")

/tests/test_outputs.py:247: 
_ _ _ _ _ _ _ _ _ _ _ _ _ _ _ _ _ _ _ _ _ _ _ _ _ _ _ _ _ _ _ _ _ _ _ _ _ _ _ _ 
/tests/test_outputs.py:177: in check_file
    compare(reduce(row["bulletin"]), row["report"], f"{name} bulletin {number}")
_ _ _ _ _ _ _ _ _ _ _ _ _ _ _ _ _ _ _ _ _ _ _ _ _ _ _ _ _ _ _ _ _ _ _ _ _ _ _ _ 

actual = {'events': [{'id': 'ev000001', 'ml': 3.233172104948755, 'stations': [{'code': '0F', 'distance_km': 28.411617342207045,...ue}, {'code': '861', 'distance_km': 114.29260693500696, 'ml': 3.127345357760325, 'contributes': True}], 'type': 'ML'}]}
expected = {'events': [{'id': 'ev000001', 'ml': 3.233172105, 'stations': [{'code': '0F', 'contributes': True, 'distance_km': 28.4...23798341, 'ml': 5.826224082}, {'code': '861', 'contributes': True, 'distance_km': 114.292606935, 'ml': 3.127345358}]}]}
label = 'three.jsonl bulletin 0'

    def compare(actual, expected, label):
        assert isinstance(actual, dict) and set(actual) == {"events"}, f"{label}: top-level keys"
        got, want = actual["events"], expected["events"]
        assert isinstance(got, list) and len(got) == len(want), f"{label}: {len(want)} events expected"
        for event, ref in zip(got, want):
            where = f"{label} event {ref['id']}"
>           assert isinstance(event, dict) and set(event) == {"id", "ml", "stations"}, f"{where}: keys"
E           AssertionError: three.jsonl bulletin 0 event ev000001: keys
E           assert (True and {'id', 'ml', ...ions', 'type'} == {'id', 'ml', 'stations'}
E            +  where True = isinstance({'id': 'ev000001', 'ml': 3.233172104948755, 'stations': [{'code': '0F', 'distance_km': 28.411617342207045, 'ml': 3.221...: True}, {'code': 'X4', 'distance_km': 133.9030246110968, 'ml': 3.233172104948755, 'contributes': True}], 'type': 'ML'}, dict)
E             
E             Extra items in the left set:
E             'type'
E             Use -v to get more diff)

/tests/test_outputs.py:161: AssertionError
_______________________ test_section_one_limits_reached ________________________

    def test_section_one_limits_reached():
        """Fifty events, two hundred stations, forty recordings, and every amplitude, noise, depth and correction limit."""
        rows = load("limits.jsonl")
        bulletin = rows[0]["bulletin"]
        assert len(bulletin["events"]) == 50 and len(bulletin["stations"]) == 200
        assert max(len(e["recordings"]) for e in bulletin["events"]) == 40
>       check_file("limits.jsonl")

/tests/test_outputs.py:256: 
_ _ _ _ _ _ _ _ _ _ _ _ _ _ _ _ _ _ _ _ _ _ _ _ _ _ _ _ _ _ _ _ _ _ _ _ _ _ _ _ 
/tests/test_outputs.py:177: in check_file
    compare(reduce(row["bulletin"]), row["report"], f"{name} bulletin {number}")
_ _ _ _ _ _ _ _ _ _ _ _ _ _ _ _ _ _ _ _ _ _ _ _ _ _ _ _ _ _ _ _ _ _ _ _ _ _ _ _ 

actual = {'events': [{'id': 'LLLLLLLLLLLLLLLLLLLL', 'ml': 4.1459900173845625, 'stations': [{'code': 'K2', 'distance_km': 80.454...code': 'N4IGF', 'distance_km': 132.19924356818385, 'ml': 2.900058378856963, 'contributes': True}], 'type': 'ML'}, ...]}
expected = {'events': [{'id': 'LLLLLLLLLLLLLLLLLLLL', 'ml': 4.145990017, 'stations': [{'code': 'K2', 'contributes': True, 'distan...l': None, 'stations': [{'code': 'N4IGF', 'contributes': True, 'distance_km': 132.199243568, 'ml': 2.900058379}]}, ...]}
label = 'limits.jsonl bulletin 0'

    def compare(actual, expected, label):
        assert isinstance(actual, dict) and set(actual) == {"events"}, f"{label}: top-level keys"
        got, want = actual["events"], expected["events"]
        assert isinstance(got, list) and len(got) == len(want), f"{label}: {len(want)} events expected"
        for event, ref in zip(got, want):
            where = f"{label} event {ref['id']}"
>           assert isinstance(event, dict) and set(event) == {"id", "ml", "stations"}, f"{where}: keys"
E           AssertionError: limits.jsonl bulletin 0 event LLLLLLLLLLLLLLLLLLLL: keys
E           assert (True and {'id', 'ml', ...ions', 'type'} == {'id', 'ml', 'stations'}
E            +  where True = isinstance({'id': 'LLLLLLLLLLLLLLLLLLLL', 'ml': 4.1459900173845625, 'stations': [{'code': 'K2', 'distance_km': 80.45470775535762,... {'code': 'K8UMC', 'distance_km': 258.9471181534948, 'ml': 3.309175869037664, 'contributes': True}, ...], 'type': 'ML'}, dict)
E             
E             Extra items in the left set:
E             'type'
E             Use -v to get more diff)

/tests/test_outputs.py:161: AssertionError
__________________ test_report_keeps_file_and_recording_order __________________

    def test_report_keeps_file_and_recording_order():
        """Events keep file order and station rows keep recording order, whatever the ids and codes, at any length they may have."""
>       check_file("order.jsonl")

/tests/test_outputs.py:261: 
_ _ _ _ _ _ _ _ _ _ _ _ _ _ _ _ _ _ _ _ _ _ _ _ _ _ _ _ _ _ _ _ _ _ _ _ _ _ _ _ 
/tests/test_outputs.py:177: in check_file
    compare(reduce(row["bulletin"]), row["report"], f"{name} bulletin {number}")
_ _ _ _ _ _ _ _ _ _ _ _ _ _ _ _ _ _ _ _ _ _ _ _ _ _ _ _ _ _ _ _ _ _ _ _ _ _ _ _ 

actual = {'events': [{'id': 'v77vy7uvv97vu64', 'ml': 4.642662925552957, 'stations': [{'code': '9JK', 'distance_km': 51.28898517...e}, {'code': '5Z2O', 'distance_km': 170.58587280311346, 'ml': 2.805063375688164, 'contributes': True}], 'type': 'ML'}]}
expected = {'events': [{'id': 'v77vy7uvv97vu64', 'ml': 4.642662926, 'stations': [{'code': '9JK', 'contributes': True, 'distance_k...0441257, 'ml': 4.279057247}, {'code': '5Z2O', 'contributes': True, 'distance_km': 170.585872803, 'ml': 2.805063376}]}]}
label = 'order.jsonl bulletin 0'

    def compare(actual, expected, label):
        assert isinstance(actual, dict) and set(actual) == {"events"}, f"{label}: top-level keys"
        got, want = actual["events"], expected["events"]
        assert isinstance(got, list) and len(got) == len(want), f"{label}: {len(want)} events expected"
        for event, ref in zip(got, want):
            where = f"{label} event {ref['id']}"
>           assert isinstance(event, dict) and set(event) == {"id", "ml", "stations"}, f"{where}: keys"
E           AssertionError: order.jsonl bulletin 0 event v77vy7uvv97vu64: keys
E           assert (True and {'id', 'ml', ...ions', 'type'} == {'id', 'ml', 'stations'}
E            +  where True = isinstance({'id': 'v77vy7uvv97vu64', 'ml': 4.642662925552957, 'stations': [{'code': '9JK', 'distance_km': 51.28898517225702, 'ml'...ue}, {'code': 'K', 'distance_km': 77.07788269017254, 'ml': 6.722473668672505, 'contributes': True}, ...], 'type': 'ML'}, dict)
E             
E             Extra items in the left set:
E             'type'
E             Use -v to get more diff)

/tests/test_outputs.py:161: AssertionError
___________________________ test_generated_bulletins ___________________________

    def test_generated_bulletins():
        """Generated bulletins across the envelope: depths, distances, one or two channels, corrections, event sizes."""
>       check_file("generated.jsonl")

/tests/test_outputs.py:266: 
_ _ _ _ _ _ _ _ _ _ _ _ _ _ _ _ _ _ _ _ _ _ _ _ _ _ _ _ _ _ _ _ _ _ _ _ _ _ _ _ 
/tests/test_outputs.py:177: in check_file
    compare(reduce(row["bulletin"]), row["report"], f"{name} bulletin {number}")
_ _ _ _ _ _ _ _ _ _ _ _ _ _ _ _ _ _ _ _ _ _ _ _ _ _ _ _ _ _ _ _ _ _ _ _ _ _ _ _ 

actual = {'events': [{'id': 'ev000001', 'ml': 4.295944883959281, 'stations': [{'code': 'B87GA', 'distance_km': 72.6490880878762...code': 'WXOE', 'distance_km': 106.30921879122242, 'ml': 6.1670508214335475, 'contributes': True}, ...], 'type': 'ML'}]}
expected = {'events': [{'id': 'ev000001', 'ml': 4.295944884, 'stations': [{'code': 'B87GA', 'contributes': True, 'distance_km': 7...54, 'ml': 6.066753952}, {'code': 'WXOE', 'contributes': True, 'distance_km': 106.309218791, 'ml': 6.167050821}, ...]}]}
label = 'generated.jsonl bulletin 0'

    def compare(actual, expected, label):
        assert isinstance(actual, dict) and set(actual) == {"events"}, f"{label}: top-level keys"
        got, want = actual["events"], expected["events"]
        assert isinstance(got, list) and len(got) == len(want), f"{label}: {len(want)} events expected"
        for event, ref in zip(got, want):
            where = f"{label} event {ref['id']}"
>           assert isinstance(event, dict) and set(event) == {"id", "ml", "stations"}, f"{where}: keys"
E           AssertionError: generated.jsonl bulletin 0 event ev000001: keys
E           assert (True and {'id', 'ml', ...ions', 'type'} == {'id', 'ml', 'stations'}
E            +  where True = isinstance({'id': 'ev000001', 'ml': 4.295944883959281, 'stations': [{'code': 'B87GA', 'distance_km': 72.64908808787624, 'ml': 0.2...ue}, {'code': '6NZ07', 'distance_km': 205.03316804848916, 'ml': 4.295944883959281, 'contributes': True}], 'type': 'ML'}, dict)
E             
E             Extra items in the left set:
E             'type'
E             Use -v to get more diff)

/tests/test_outputs.py:161: AssertionError
==================================== PASSES ====================================
=========================== short test summary info ============================
PASSED ../../tests/test_outputs.py::test_sandbox_cannot_read_ground_truth
PASSED ../../tests/test_outputs.py::test_submitted_driver_matches_ours
FAILED ../../tests/test_outputs.py::test_rule_2_2_record_amplitude_uses_magnification_2080
FAILED ../../tests/test_outputs.py::test_rule_2_2_record_amplitude_is_half_peak_to_peak
FAILED ../../tests/test_outputs.py::test_rule_2_3_station_mean_leaves_out_amplitudes_under_three_times_noise
FAILED ../../tests/test_outputs.py::test_rule_3_1_distance_is_hypocentral - A...
FAILED ../../tests/test_outputs.py::test_rule_3_3_correction_linear_between_listed_distances
FAILED ../../tests/test_outputs.py::test_rule_3_3_listed_distances_and_table_ends
FAILED ../../tests/test_outputs.py::test_station_beyond_the_table_keeps_the_shipped_correction
FAILED ../../tests/test_outputs.py::test_rule_4_2_station_correction_is_added
FAILED ../../tests/test_outputs.py::test_rule_4_3_station_magnitude_is_mean_of_channel_magnitudes
FAILED ../../tests/test_outputs.py::test_two_sensors_of_one_site_are_one_station
FAILED ../../tests/test_outputs.py::test_rule_5_2_network_magnitude_is_median_of_contributors
FAILED ../../tests/test_outputs.py::test_rule_5_2_even_number_takes_mean_of_middle_two
FAILED ../../tests/test_outputs.py::test_rule_5_3_fewer_than_three_contributors_has_no_network_magnitude
FAILED ../../tests/test_outputs.py::test_rule_5_3_three_contributors_give_a_network_magnitude
FAILED ../../tests/test_outputs.py::test_section_one_limits_reached - Asserti...
FAILED ../../tests/test_outputs.py::test_report_keeps_file_and_recording_order
FAILED ../../tests/test_outputs.py::test_generated_bulletins - AssertionError...
========================= 17 failed, 2 passed in 1.05s =========================
