============================= test session starts ==============================
platform linux -- Python 3.13.12, pytest-9.1.1, pluggy-1.6.0
rootdir: /tests
plugins: json-ctrf-0.5.2
collected 19 items

../../tests/test_outputs.py F.FFFFFFFFFF.FFFF..                          [100%]

=================================== FAILURES ===================================
____________ test_rule_2_2_record_amplitude_uses_magnification_2080 ____________

    def test_rule_2_2_record_amplitude_uses_magnification_2080():
        """Station magnitudes at listed distances, depth 0: the record amplitude uses magnification 2080."""
>       check_file("gain.jsonl")

/tests/test_outputs.py:182: 
_ _ _ _ _ _ _ _ _ _ _ _ _ _ _ _ _ _ _ _ _ _ _ _ _ _ _ _ _ _ _ _ _ _ _ _ _ _ _ _ 
/tests/test_outputs.py:177: in check_file
    compare(reduce(row["bulletin"]), row["report"], f"{name} bulletin {number}")
_ _ _ _ _ _ _ _ _ _ _ _ _ _ _ _ _ _ _ _ _ _ _ _ _ _ _ _ _ _ _ _ _ _ _ _ _ _ _ _ 

actual = {'events': [{'id': 'ev000001', 'ml': 4.144597324611451, 'stations': [{'code': '828HH', 'distance_km': 100.0, 'ml': 4.1...29433479, 'contributes': True}, {'code': 'V6P3', 'distance_km': 200.0, 'ml': 7.65063501503494, 'contributes': True}]}]}
expected = {'events': [{'id': 'ev000001', 'ml': 4.144597325, 'stations': [{'code': '8CZYF', 'contributes': True, 'distance_km': 1...nce_km': 400.0, 'ml': 2.089791171}, {'code': '8CZYF', 'contributes': True, 'distance_km': 150.0, 'ml': 3.516952375}]}]}
label = 'gain.jsonl bulletin 0'

    def compare(actual, expected, label):
        assert isinstance(actual, dict) and set(actual) == {"events"}, f"{label}: top-level keys"
        got, want = actual["events"], expected["events"]
        assert isinstance(got, list) and len(got) == len(want), f"{label}: {len(want)} events expected"
        for event, ref in zip(got, want):
            where = f"{label} event {ref['id']}"
            assert isinstance(event, dict) and set(event) == {"id", "ml", "stations"}, f"{where}: keys"
            assert type(event["id"]) is str and event["id"] == ref["id"], f"{where}: id {event['id']!r}"
            _number(event["ml"], ref["ml"], f"{where} ml")
            rows = event["stations"]
            assert isinstance(rows, list) and len(rows) == len(ref["stations"]), f"{where}: station rows"
            for index, (row, exp) in enumerate(zip(rows, ref["stations"])):
                at = f"{where} station {index} ({exp['code']})"
                assert isinstance(row, dict) and set(row) == {"code", "distance_km", "ml", "contributes"}, f"{at}: keys"
>               assert type(row["code"]) is str and row["code"] == exp["code"], f"{at}: code {row['code']!r}"
E               AssertionError: gain.jsonl bulletin 0 event ev000001 station 0 (8CZYF): code '828HH'
E               assert (<class 'str'> is str and '828HH' == '8CZYF'
E                +  where <class 'str'> = type('828HH')
E                 
E                 - 8CZYF
E                 + 828HH)

/tests/test_outputs.py:169: AssertionError
___ test_rule_2_3_station_mean_leaves_out_amplitudes_under_three_times_noise ___

    def test_rule_2_3_station_mean_leaves_out_amplitudes_under_three_times_noise():
        """Only amplitudes at least three times their channel's noise enter a station's mean, on either side close to the line."""
>       check_file("readings.jsonl")

/tests/test_outputs.py:192: 
_ _ _ _ _ _ _ _ _ _ _ _ _ _ _ _ _ _ _ _ _ _ _ _ _ _ _ _ _ _ _ _ _ _ _ _ _ _ _ _ 
/tests/test_outputs.py:177: in check_file
    compare(reduce(row["bulletin"]), row["report"], f"{name} bulletin {number}")
_ _ _ _ _ _ _ _ _ _ _ _ _ _ _ _ _ _ _ _ _ _ _ _ _ _ _ _ _ _ _ _ _ _ _ _ _ _ _ _ 

actual = {'events': [{'id': 'ev000001', 'ml': 3.729764403819961, 'stations': [{'code': 'DFZV', 'distance_km': 92.85800988606206...tributes': True}, {'code': 'Z74G', 'distance_km': 52.92050642236901, 'ml': 0.5000435489243409, 'contributes': True}]}]}
expected = {'events': [{'id': 'ev000001', 'ml': 3.729764404, 'stations': [{'code': 'DFZV', 'contributes': True, 'distance_km': 92...4073727, 'ml': 5.888319661}, {'code': '7V26', 'contributes': True, 'distance_km': 584.806745857, 'ml': 4.367676562}]}]}
label = 'readings.jsonl bulletin 0'

    def compare(actual, expected, label):
        assert isinstance(actual, dict) and set(actual) == {"events"}, f"{label}: top-level keys"
        got, want = actual["events"], expected["events"]
        assert isinstance(got, list) and len(got) == len(want), f"{label}: {len(want)} events expected"
        for event, ref in zip(got, want):
            where = f"{label} event {ref['id']}"
            assert isinstance(event, dict) and set(event) == {"id", "ml", "stations"}, f"{where}: keys"
            assert type(event["id"]) is str and event["id"] == ref["id"], f"{where}: id {event['id']!r}"
            _number(event["ml"], ref["ml"], f"{where} ml")
            rows = event["stations"]
            assert isinstance(rows, list) and len(rows) == len(ref["stations"]), f"{where}: station rows"
            for index, (row, exp) in enumerate(zip(rows, ref["stations"])):
                at = f"{where} station {index} ({exp['code']})"
                assert isinstance(row, dict) and set(row) == {"code", "distance_km", "ml", "contributes"}, f"{at}: keys"
>               assert type(row["code"]) is str and row["code"] == exp["code"], f"{at}: code {row['code']!r}"
E               AssertionError: readings.jsonl bulletin 0 event ev000002 station 0 (W): code 'F5IOS'
E               assert (<class 'str'> is str and 'F5IOS' == 'W'
E                +  where <class 'str'> = type('F5IOS')
E                 
E                 - W
E                 + F5IOS)

/tests/test_outputs.py:169: AssertionError
____________________ test_rule_3_1_distance_is_hypocentral _____________________

    def test_rule_3_1_distance_is_hypocentral():
        """The distance reported, corrected for and tested against the table is the hypocentral distance."""
>       check_file("hypocentral.jsonl")

/tests/test_outputs.py:197: 
_ _ _ _ _ _ _ _ _ _ _ _ _ _ _ _ _ _ _ _ _ _ _ _ _ _ _ _ _ _ _ _ _ _ _ _ _ _ _ _ 
/tests/test_outputs.py:177: in check_file
    compare(reduce(row["bulletin"]), row["report"], f"{name} bulletin {number}")
_ _ _ _ _ _ _ _ _ _ _ _ _ _ _ _ _ _ _ _ _ _ _ _ _ _ _ _ _ _ _ _ _ _ _ _ _ _ _ _ 

actual = {'events': [{'id': 'ev000001', 'ml': 2.9639583288701137, 'stations': [{'code': '2', 'distance_km': 97.85264431787216, ...tributes': True}, {'code': 'XCMSM', 'distance_km': 43.58222114578375, 'ml': 5.951186203478655, 'contributes': True}]}]}
expected = {'events': [{'id': 'ev000001', 'ml': 2.963958329, 'stations': [{'code': 'LKG5', 'contributes': True, 'distance_km': 11...9159741, 'ml': 6.404971536}, {'code': 'XCMSM', 'contributes': True, 'distance_km': 43.582221146, 'ml': 5.951186203}]}]}
label = 'hypocentral.jsonl bulletin 0'

    def compare(actual, expected, label):
        assert isinstance(actual, dict) and set(actual) == {"events"}, f"{label}: top-level keys"
        got, want = actual["events"], expected["events"]
        assert isinstance(got, list) and len(got) == len(want), f"{label}: {len(want)} events expected"
        for event, ref in zip(got, want):
            where = f"{label} event {ref['id']}"
            assert isinstance(event, dict) and set(event) == {"id", "ml", "stations"}, f"{where}: keys"
            assert type(event["id"]) is str and event["id"] == ref["id"], f"{where}: id {event['id']!r}"
            _number(event["ml"], ref["ml"], f"{where} ml")
            rows = event["stations"]
            assert isinstance(rows, list) and len(rows) == len(ref["stations"]), f"{where}: station rows"
            for index, (row, exp) in enumerate(zip(rows, ref["stations"])):
                at = f"{where} station {index} ({exp['code']})"
                assert isinstance(row, dict) and set(row) == {"code", "distance_km", "ml", "contributes"}, f"{at}: keys"
>               assert type(row["code"]) is str and row["code"] == exp["code"], f"{at}: code {row['code']!r}"
E               AssertionError: hypocentral.jsonl bulletin 0 event ev000001 station 0 (LKG5): code '2'
E               assert (<class 'str'> is str and '2' == 'LKG5'
E                +  where <class 'str'> = type('2')
E                 
E                 - LKG5
E                 + 2)

/tests/test_outputs.py:169: AssertionError
___________ test_rule_3_3_correction_linear_between_listed_distances ___________

    def test_rule_3_3_correction_linear_between_listed_distances():
        """Between two listed distances the correction is interpolated linearly in distance."""
>       check_file("interpolation.jsonl")

/tests/test_outputs.py:202: 
_ _ _ _ _ _ _ _ _ _ _ _ _ _ _ _ _ _ _ _ _ _ _ _ _ _ _ _ _ _ _ _ _ _ _ _ _ _ _ _ 
/tests/test_outputs.py:177: in check_file
    compare(reduce(row["bulletin"]), row["report"], f"{name} bulletin {number}")
_ _ _ _ _ _ _ _ _ _ _ _ _ _ _ _ _ _ _ _ _ _ _ _ _ _ _ _ _ _ _ _ _ _ _ _ _ _ _ _ 

actual = {'events': [{'id': 'ev000001', 'ml': 4.590094056897407, 'stations': [{'code': '4', 'distance_km': 261.6, 'ml': 4.65012...3288021, 'contributes': True}, {'code': 'IG1R', 'distance_km': 84.2, 'ml': 2.4086230158217683, 'contributes': True}]}]}
expected = {'events': [{'id': 'ev000001', 'ml': 4.590094057, 'stations': [{'code': '4', 'contributes': True, 'distance_km': 261.6...distance_km': 25.9, 'ml': 3.797011679}, {'code': 'A', 'contributes': True, 'distance_km': 133.6, 'ml': 1.522101795}]}]}
label = 'interpolation.jsonl bulletin 0'

    def compare(actual, expected, label):
        assert isinstance(actual, dict) and set(actual) == {"events"}, f"{label}: top-level keys"
        got, want = actual["events"], expected["events"]
        assert isinstance(got, list) and len(got) == len(want), f"{label}: {len(want)} events expected"
        for event, ref in zip(got, want):
            where = f"{label} event {ref['id']}"
            assert isinstance(event, dict) and set(event) == {"id", "ml", "stations"}, f"{where}: keys"
            assert type(event["id"]) is str and event["id"] == ref["id"], f"{where}: id {event['id']!r}"
            _number(event["ml"], ref["ml"], f"{where} ml")
            rows = event["stations"]
            assert isinstance(rows, list) and len(rows) == len(ref["stations"]), f"{where}: station rows"
            for index, (row, exp) in enumerate(zip(rows, ref["stations"])):
                at = f"{where} station {index} ({exp['code']})"
                assert isinstance(row, dict) and set(row) == {"code", "distance_km", "ml", "contributes"}, f"{at}: keys"
>               assert type(row["code"]) is str and row["code"] == exp["code"], f"{at}: code {row['code']!r}"
E               AssertionError: interpolation.jsonl bulletin 0 event ev000001 station 1 (K0): code 'IG1R'
E               assert (<class 'str'> is str and 'IG1R' == 'K0'
E                +  where <class 'str'> = type('IG1R')
E                 
E                 - K0
E                 + IG1R)

/tests/test_outputs.py:169: AssertionError
________________ test_rule_3_3_listed_distances_and_table_ends _________________

    def test_rule_3_3_listed_distances_and_table_ends():
        """At listed distances the correction is the listed value; stations just inside either end of the table contribute."""
>       check_file("table_ends.jsonl")

/tests/test_outputs.py:207: 
_ _ _ _ _ _ _ _ _ _ _ _ _ _ _ _ _ _ _ _ _ _ _ _ _ _ _ _ _ _ _ _ _ _ _ _ _ _ _ _ 
/tests/test_outputs.py:177: in check_file
    compare(reduce(row["bulletin"]), row["report"], f"{name} bulletin {number}")
_ _ _ _ _ _ _ _ _ _ _ _ _ _ _ _ _ _ _ _ _ _ _ _ _ _ _ _ _ _ _ _ _ _ _ _ _ _ _ _ 

actual = {'events': [{'id': 'ev000001', 'ml': 3.380948691605617, 'stations': [{'code': '3S5', 'distance_km': 30.0, 'ml': -0.929...ntributes': True}, {'code': 'P', 'distance_km': 10.060318086422516, 'ml': -0.3136371782477898, 'contributes': True}]}]}
expected = {'events': [{'id': 'ev000001', 'ml': 3.380948692, 'stations': [{'code': 'F', 'contributes': True, 'distance_km': 10.01....188957644, 'ml': 6.272460785}, {'code': '3S5', 'contributes': True, 'distance_km': 39.671778382, 'ml': 4.28159557}]}]}
label = 'table_ends.jsonl bulletin 0'

    def compare(actual, expected, label):
        assert isinstance(actual, dict) and set(actual) == {"events"}, f"{label}: top-level keys"
        got, want = actual["events"], expected["events"]
        assert isinstance(got, list) and len(got) == len(want), f"{label}: {len(want)} events expected"
        for event, ref in zip(got, want):
            where = f"{label} event {ref['id']}"
            assert isinstance(event, dict) and set(event) == {"id", "ml", "stations"}, f"{where}: keys"
            assert type(event["id"]) is str and event["id"] == ref["id"], f"{where}: id {event['id']!r}"
            _number(event["ml"], ref["ml"], f"{where} ml")
            rows = event["stations"]
            assert isinstance(rows, list) and len(rows) == len(ref["stations"]), f"{where}: station rows"
            for index, (row, exp) in enumerate(zip(rows, ref["stations"])):
                at = f"{where} station {index} ({exp['code']})"
                assert isinstance(row, dict) and set(row) == {"code", "distance_km", "ml", "contributes"}, f"{at}: keys"
>               assert type(row["code"]) is str and row["code"] == exp["code"], f"{at}: code {row['code']!r}"
E               AssertionError: table_ends.jsonl bulletin 0 event ev000001 station 0 (F): code '3S5'
E               assert (<class 'str'> is str and '3S5' == 'F'
E                +  where <class 'str'> = type('3S5')
E                 
E                 - F
E                 + 3S5)

/tests/test_outputs.py:169: AssertionError
__________ test_station_beyond_the_table_keeps_the_shipped_correction __________

    def test_station_beyond_the_table_keeps_the_shipped_correction():
        """A station nearer than 10 km or beyond 600 km keeps today's correction calculation and does not contribute."""
>       check_file("off_table.jsonl")

/tests/test_outputs.py:212: 
_ _ _ _ _ _ _ _ _ _ _ _ _ _ _ _ _ _ _ _ _ _ _ _ _ _ _ _ _ _ _ _ _ _ _ _ _ _ _ _ 
/tests/test_outputs.py:177: in check_file
    compare(reduce(row["bulletin"]), row["report"], f"{name} bulletin {number}")
_ _ _ _ _ _ _ _ _ _ _ _ _ _ _ _ _ _ _ _ _ _ _ _ _ _ _ _ _ _ _ _ _ _ _ _ _ _ _ _ 

actual = {'events': [{'id': 'ev000001', 'ml': 4.7663998756359565, 'stations': [{'code': '55G', 'distance_km': 12.4, 'ml': 4.766..., 'contributes': False}, {'code': 'P51', 'distance_km': 1000.0, 'ml': 3.264985540523671, 'contributes': False}]}, ...]}
expected = {'events': [{'id': 'ev000001', 'ml': 4.766399876, 'stations': [{'code': 'J7D', 'contributes': True, 'distance_km': 32...._km': 1.0, 'ml': 3.977598126}, {'code': 'P51', 'contributes': False, 'distance_km': 1000.0, 'ml': 3.264985541}]}, ...]}
label = 'off_table.jsonl bulletin 0'

    def compare(actual, expected, label):
        assert isinstance(actual, dict) and set(actual) == {"events"}, f"{label}: top-level keys"
        got, want = actual["events"], expected["events"]
        assert isinstance(got, list) and len(got) == len(want), f"{label}: {len(want)} events expected"
        for event, ref in zip(got, want):
            where = f"{label} event {ref['id']}"
            assert isinstance(event, dict) and set(event) == {"id", "ml", "stations"}, f"{where}: keys"
            assert type(event["id"]) is str and event["id"] == ref["id"], f"{where}: id {event['id']!r}"
            _number(event["ml"], ref["ml"], f"{where} ml")
            rows = event["stations"]
            assert isinstance(rows, list) and len(rows) == len(ref["stations"]), f"{where}: station rows"
            for index, (row, exp) in enumerate(zip(rows, ref["stations"])):
                at = f"{where} station {index} ({exp['code']})"
                assert isinstance(row, dict) and set(row) == {"code", "distance_km", "ml", "contributes"}, f"{at}: keys"
>               assert type(row["code"]) is str and row["code"] == exp["code"], f"{at}: code {row['code']!r}"
E               AssertionError: off_table.jsonl bulletin 0 event ev000001 station 0 (J7D): code '55G'
E               assert (<class 'str'> is str and '55G' == 'J7D'
E                +  where <class 'str'> = type('55G')
E                 
E                 - J7D
E                 + 55G)

/tests/test_outputs.py:169: AssertionError
__________________ test_rule_4_2_station_correction_is_added ___________________

    def test_rule_4_2_station_correction_is_added():
        """Station corrections from -1.0 to +1.0 are added to each channel magnitude."""
>       check_file("correction.jsonl")

/tests/test_outputs.py:217: 
_ _ _ _ _ _ _ _ _ _ _ _ _ _ _ _ _ _ _ _ _ _ _ _ _ _ _ _ _ _ _ _ _ _ _ _ _ _ _ _ 
/tests/test_outputs.py:177: in check_file
    compare(reduce(row["bulletin"]), row["report"], f"{name} bulletin {number}")
_ _ _ _ _ _ _ _ _ _ _ _ _ _ _ _ _ _ _ _ _ _ _ _ _ _ _ _ _ _ _ _ _ _ _ _ _ _ _ _ 

actual = {'events': [{'id': 'ev000001', 'ml': 4.390670289099282, 'stations': [{'code': '378', 'distance_km': 400.0, 'ml': 4.390...326290724, 'contributes': True}, {'code': 'RS', 'distance_km': 400.0, 'ml': 2.664681710485713, 'contributes': True}]}]}
expected = {'events': [{'id': 'ev000001', 'ml': 4.390670289, 'stations': [{'code': 'R', 'contributes': True, 'distance_km': 400.0...stance_km': 30.0, 'ml': 1.210123326}, {'code': 'AU23', 'contributes': True, 'distance_km': 50.0, 'ml': 5.714186099}]}]}
label = 'correction.jsonl bulletin 0'

    def compare(actual, expected, label):
        assert isinstance(actual, dict) and set(actual) == {"events"}, f"{label}: top-level keys"
        got, want = actual["events"], expected["events"]
        assert isinstance(got, list) and len(got) == len(want), f"{label}: {len(want)} events expected"
        for event, ref in zip(got, want):
            where = f"{label} event {ref['id']}"
            assert isinstance(event, dict) and set(event) == {"id", "ml", "stations"}, f"{where}: keys"
            assert type(event["id"]) is str and event["id"] == ref["id"], f"{where}: id {event['id']!r}"
            _number(event["ml"], ref["ml"], f"{where} ml")
            rows = event["stations"]
            assert isinstance(rows, list) and len(rows) == len(ref["stations"]), f"{where}: station rows"
            for index, (row, exp) in enumerate(zip(rows, ref["stations"])):
                at = f"{where} station {index} ({exp['code']})"
                assert isinstance(row, dict) and set(row) == {"code", "distance_km", "ml", "contributes"}, f"{at}: keys"
>               assert type(row["code"]) is str and row["code"] == exp["code"], f"{at}: code {row['code']!r}"
E               AssertionError: correction.jsonl bulletin 0 event ev000001 station 0 (R): code '378'
E               assert (<class 'str'> is str and '378' == 'R'
E                +  where <class 'str'> = type('378')
E                 
E                 - R
E                 + 378)

/tests/test_outputs.py:169: AssertionError
________ test_rule_4_3_station_magnitude_is_mean_of_channel_magnitudes _________

    def test_rule_4_3_station_magnitude_is_mean_of_channel_magnitudes():
        """A station's magnitude is the mean of its readings' channel magnitudes, whatever their channel codes, not its largest channel."""
>       check_file("station_mean.jsonl")

/tests/test_outputs.py:222: 
_ _ _ _ _ _ _ _ _ _ _ _ _ _ _ _ _ _ _ _ _ _ _ _ _ _ _ _ _ _ _ _ _ _ _ _ _ _ _ _ 
/tests/test_outputs.py:177: in check_file
    compare(reduce(row["bulletin"]), row["report"], f"{name} bulletin {number}")
_ _ _ _ _ _ _ _ _ _ _ _ _ _ _ _ _ _ _ _ _ _ _ _ _ _ _ _ _ _ _ _ _ _ _ _ _ _ _ _ 

actual = {'events': [{'id': 'ev000001', 'ml': 2.674088122357373, 'stations': [{'code': 'FV5', 'distance_km': 182.30002742731554...ntributes': True}, {'code': 'V8', 'distance_km': 108.63240768757727, 'ml': 0.8496326415084618, 'contributes': True}]}]}
expected = {'events': [{'id': 'ev000001', 'ml': 2.674088122, 'stations': [{'code': 'ZGV4', 'contributes': True, 'distance_km': 89...935751358, 'ml': 2.679089485}, {'code': 'V8', 'contributes': True, 'distance_km': 108.632407688, 'ml': 0.849632642}]}]}
label = 'station_mean.jsonl bulletin 0'

    def compare(actual, expected, label):
        assert isinstance(actual, dict) and set(actual) == {"events"}, f"{label}: top-level keys"
        got, want = actual["events"], expected["events"]
        assert isinstance(got, list) and len(got) == len(want), f"{label}: {len(want)} events expected"
        for event, ref in zip(got, want):
            where = f"{label} event {ref['id']}"
            assert isinstance(event, dict) and set(event) == {"id", "ml", "stations"}, f"{where}: keys"
            assert type(event["id"]) is str and event["id"] == ref["id"], f"{where}: id {event['id']!r}"
            _number(event["ml"], ref["ml"], f"{where} ml")
            rows = event["stations"]
            assert isinstance(rows, list) and len(rows) == len(ref["stations"]), f"{where}: station rows"
            for index, (row, exp) in enumerate(zip(rows, ref["stations"])):
                at = f"{where} station {index} ({exp['code']})"
                assert isinstance(row, dict) and set(row) == {"code", "distance_km", "ml", "contributes"}, f"{at}: keys"
>               assert type(row["code"]) is str and row["code"] == exp["code"], f"{at}: code {row['code']!r}"
E               AssertionError: station_mean.jsonl bulletin 0 event ev000001 station 0 (ZGV4): code 'FV5'
E               assert (<class 'str'> is str and 'FV5' == 'ZGV4'
E                +  where <class 'str'> = type('FV5')
E                 
E                 - ZGV4
E                 + FV5)

/tests/test_outputs.py:169: AssertionError
_________________ test_two_sensors_of_one_site_are_one_station _________________

    def test_two_sensors_of_one_site_are_one_station():
        """A station with two recordings pools their readings and counts once in the median and the three-station minimum."""
>       check_file("shared_station.jsonl")

/tests/test_outputs.py:227: 
_ _ _ _ _ _ _ _ _ _ _ _ _ _ _ _ _ _ _ _ _ _ _ _ _ _ _ _ _ _ _ _ _ _ _ _ _ _ _ _ 
/tests/test_outputs.py:177: in check_file
    compare(reduce(row["bulletin"]), row["report"], f"{name} bulletin {number}")
_ _ _ _ _ _ _ _ _ _ _ _ _ _ _ _ _ _ _ _ _ _ _ _ _ _ _ _ _ _ _ _ _ _ _ _ _ _ _ _ 

actual = {'events': [{'id': 'ev000001', 'ml': None, 'stations': [{'code': 'GYTX4', 'distance_km': 156.70673246545599, 'ml': 2.9...contributes': True}, {'code': 'N', 'distance_km': 227.68245430862697, 'ml': 4.449956151977676, 'contributes': True}]}]}
expected = {'events': [{'id': 'ev000001', 'ml': None, 'stations': [{'code': 'N', 'contributes': True, 'distance_km': 41.296004649...3449439, 'ml': 4.916775134}, {'code': 'GYTX4', 'contributes': True, 'distance_km': 70.363769086, 'ml': 5.415819645}]}]}
label = 'shared_station.jsonl bulletin 0'

    def compare(actual, expected, label):
        assert isinstance(actual, dict) and set(actual) == {"events"}, f"{label}: top-level keys"
        got, want = actual["events"], expected["events"]
        assert isinstance(got, list) and len(got) == len(want), f"{label}: {len(want)} events expected"
        for event, ref in zip(got, want):
            where = f"{label} event {ref['id']}"
            assert isinstance(event, dict) and set(event) == {"id", "ml", "stations"}, f"{where}: keys"
            assert type(event["id"]) is str and event["id"] == ref["id"], f"{where}: id {event['id']!r}"
            _number(event["ml"], ref["ml"], f"{where} ml")
            rows = event["stations"]
            assert isinstance(rows, list) and len(rows) == len(ref["stations"]), f"{where}: station rows"
            for index, (row, exp) in enumerate(zip(rows, ref["stations"])):
                at = f"{where} station {index} ({exp['code']})"
                assert isinstance(row, dict) and set(row) == {"code", "distance_km", "ml", "contributes"}, f"{at}: keys"
>               assert type(row["code"]) is str and row["code"] == exp["code"], f"{at}: code {row['code']!r}"
E               AssertionError: shared_station.jsonl bulletin 0 event ev000001 station 0 (N): code 'GYTX4'
E               assert (<class 'str'> is str and 'GYTX4' == 'N'
E                +  where <class 'str'> = type('GYTX4')
E                 
E                 - N
E                 + GYTX4)

/tests/test_outputs.py:169: AssertionError
__________ test_rule_5_2_network_magnitude_is_median_of_contributors ___________

    def test_rule_5_2_network_magnitude_is_median_of_contributors():
        """With an odd number of contributing stations the network magnitude is the middle one."""
>       check_file("median.jsonl")

/tests/test_outputs.py:232: 
_ _ _ _ _ _ _ _ _ _ _ _ _ _ _ _ _ _ _ _ _ _ _ _ _ _ _ _ _ _ _ _ _ _ _ _ _ _ _ _ 
/tests/test_outputs.py:177: in check_file
    compare(reduce(row["bulletin"]), row["report"], f"{name} bulletin {number}")
_ _ _ _ _ _ _ _ _ _ _ _ _ _ _ _ _ _ _ _ _ _ _ _ _ _ _ _ _ _ _ _ _ _ _ _ _ _ _ _ 

actual = {'events': [{'id': 'ev000001', 'ml': 5.478907399165337, 'stations': [{'code': '0', 'distance_km': 105.56159339456751, ...es': True}, {'code': 'I3V5G', 'distance_km': 148.29258241732794, 'ml': 5.149214858789533, 'contributes': True}, ...]}]}
expected = {'events': [{'id': 'ev000001', 'ml': 5.478907399, 'stations': [{'code': '0', 'contributes': True, 'distance_km': 105.5...30298, 'ml': 3.628436896}, {'code': '0', 'contributes': True, 'distance_km': 437.122454239, 'ml': 7.369164812}, ...]}]}
label = 'median.jsonl bulletin 0'

    def compare(actual, expected, label):
        assert isinstance(actual, dict) and set(actual) == {"events"}, f"{label}: top-level keys"
        got, want = actual["events"], expected["events"]
        assert isinstance(got, list) and len(got) == len(want), f"{label}: {len(want)} events expected"
        for event, ref in zip(got, want):
            where = f"{label} event {ref['id']}"
            assert isinstance(event, dict) and set(event) == {"id", "ml", "stations"}, f"{where}: keys"
            assert type(event["id"]) is str and event["id"] == ref["id"], f"{where}: id {event['id']!r}"
            _number(event["ml"], ref["ml"], f"{where} ml")
            rows = event["stations"]
            assert isinstance(rows, list) and len(rows) == len(ref["stations"]), f"{where}: station rows"
            for index, (row, exp) in enumerate(zip(rows, ref["stations"])):
                at = f"{where} station {index} ({exp['code']})"
                assert isinstance(row, dict) and set(row) == {"code", "distance_km", "ml", "contributes"}, f"{at}: keys"
>               assert type(row["code"]) is str and row["code"] == exp["code"], f"{at}: code {row['code']!r}"
E               AssertionError: median.jsonl bulletin 0 event ev000002 station 2 (G7Z): code 'CAM90'
E               assert (<class 'str'> is str and 'CAM90' == 'G7Z'
E                +  where <class 'str'> = type('CAM90')
E                 
E                 - G7Z
E                 + CAM90)

/tests/test_outputs.py:169: AssertionError
______________ test_rule_5_2_even_number_takes_mean_of_middle_two ______________

    def test_rule_5_2_even_number_takes_mean_of_middle_two():
        """With an even number of contributing stations the network magnitude is the mean of the two middle ones."""
>       check_file("median_even.jsonl")

/tests/test_outputs.py:237: 
_ _ _ _ _ _ _ _ _ _ _ _ _ _ _ _ _ _ _ _ _ _ _ _ _ _ _ _ _ _ _ _ _ _ _ _ _ _ _ _ 
/tests/test_outputs.py:177: in check_file
    compare(reduce(row["bulletin"]), row["report"], f"{name} bulletin {number}")
_ _ _ _ _ _ _ _ _ _ _ _ _ _ _ _ _ _ _ _ _ _ _ _ _ _ _ _ _ _ _ _ _ _ _ _ _ _ _ _ 

actual = {'events': [{'id': 'ev000001', 'ml': 3.67977286709629, 'stations': [{'code': '21Q1A', 'distance_km': 87.13787924892365...tes': True}, {'code': 'FEDH', 'distance_km': 24.142286552851616, 'ml': 4.377891650095291, 'contributes': True}, ...]}]}
expected = {'events': [{'id': 'ev000001', 'ml': 3.679772867, 'stations': [{'code': 'I', 'contributes': True, 'distance_km': 24.69...2286553, 'ml': 4.37789165}, {'code': 'V', 'contributes': True, 'distance_km': 71.947202864, 'ml': 2.574017421}, ...]}]}
label = 'median_even.jsonl bulletin 0'

    def compare(actual, expected, label):
        assert isinstance(actual, dict) and set(actual) == {"events"}, f"{label}: top-level keys"
        got, want = actual["events"], expected["events"]
        assert isinstance(got, list) and len(got) == len(want), f"{label}: {len(want)} events expected"
        for event, ref in zip(got, want):
            where = f"{label} event {ref['id']}"
            assert isinstance(event, dict) and set(event) == {"id", "ml", "stations"}, f"{where}: keys"
            assert type(event["id"]) is str and event["id"] == ref["id"], f"{where}: id {event['id']!r}"
            _number(event["ml"], ref["ml"], f"{where} ml")
            rows = event["stations"]
            assert isinstance(rows, list) and len(rows) == len(ref["stations"]), f"{where}: station rows"
            for index, (row, exp) in enumerate(zip(rows, ref["stations"])):
                at = f"{where} station {index} ({exp['code']})"
                assert isinstance(row, dict) and set(row) == {"code", "distance_km", "ml", "contributes"}, f"{at}: keys"
>               assert type(row["code"]) is str and row["code"] == exp["code"], f"{at}: code {row['code']!r}"
E               AssertionError: median_even.jsonl bulletin 0 event ev000001 station 0 (I): code '21Q1A'
E               assert (<class 'str'> is str and '21Q1A' == 'I'
E                +  where <class 'str'> = type('21Q1A')
E                 
E                 - I
E                 + 21Q1A)

/tests/test_outputs.py:169: AssertionError
__________ test_rule_5_3_three_contributors_give_a_network_magnitude ___________

    def test_rule_5_3_three_contributors_give_a_network_magnitude():
        """Events with exactly three contributing stations get a network magnitude."""
>       check_file("three.jsonl")

/tests/test_outputs.py:247: 
_ _ _ _ _ _ _ _ _ _ _ _ _ _ _ _ _ _ _ _ _ _ _ _ _ _ _ _ _ _ _ _ _ _ _ _ _ _ _ _ 
/tests/test_outputs.py:177: in check_file
    compare(reduce(row["bulletin"]), row["report"], f"{name} bulletin {number}")
_ _ _ _ _ _ _ _ _ _ _ _ _ _ _ _ _ _ _ _ _ _ _ _ _ _ _ _ _ _ _ _ _ _ _ _ _ _ _ _ 

actual = {'events': [{'id': 'ev000001', 'ml': 3.233172104948755, 'stations': [{'code': '0F', 'distance_km': 28.411617342207045,...ontributes': True}, {'code': 'RB', 'distance_km': 200.23798340974173, 'ml': 5.826224082221482, 'contributes': True}]}]}
expected = {'events': [{'id': 'ev000001', 'ml': 3.233172105, 'stations': [{'code': '0F', 'contributes': True, 'distance_km': 28.4...23798341, 'ml': 5.826224082}, {'code': '861', 'contributes': True, 'distance_km': 114.292606935, 'ml': 3.127345358}]}]}
label = 'three.jsonl bulletin 0'

    def compare(actual, expected, label):
        assert isinstance(actual, dict) and set(actual) == {"events"}, f"{label}: top-level keys"
        got, want = actual["events"], expected["events"]
        assert isinstance(got, list) and len(got) == len(want), f"{label}: {len(want)} events expected"
        for event, ref in zip(got, want):
            where = f"{label} event {ref['id']}"
            assert isinstance(event, dict) and set(event) == {"id", "ml", "stations"}, f"{where}: keys"
            assert type(event["id"]) is str and event["id"] == ref["id"], f"{where}: id {event['id']!r}"
            _number(event["ml"], ref["ml"], f"{where} ml")
            rows = event["stations"]
            assert isinstance(rows, list) and len(rows) == len(ref["stations"]), f"{where}: station rows"
            for index, (row, exp) in enumerate(zip(rows, ref["stations"])):
                at = f"{where} station {index} ({exp['code']})"
                assert isinstance(row, dict) and set(row) == {"code", "distance_km", "ml", "contributes"}, f"{at}: keys"
>               assert type(row["code"]) is str and row["code"] == exp["code"], f"{at}: code {row['code']!r}"
E               AssertionError: three.jsonl bulletin 0 event ev000003 station 0 (GB2B7): code 'DMW'
E               assert (<class 'str'> is str and 'DMW' == 'GB2B7'
E                +  where <class 'str'> = type('DMW')
E                 
E                 - GB2B7
E                 + DMW)

/tests/test_outputs.py:169: AssertionError
_______________________ test_section_one_limits_reached ________________________

    def test_section_one_limits_reached():
        """Fifty events, two hundred stations, forty recordings, and every amplitude, noise, depth and correction limit."""
        rows = load("limits.jsonl")
        bulletin = rows[0]["bulletin"]
        assert len(bulletin["events"]) == 50 and len(bulletin["stations"]) == 200
        assert max(len(e["recordings"]) for e in bulletin["events"]) == 40
>       check_file("limits.jsonl")

/tests/test_outputs.py:256: 
_ _ _ _ _ _ _ _ _ _ _ _ _ _ _ _ _ _ _ _ _ _ _ _ _ _ _ _ _ _ _ _ _ _ _ _ _ _ _ _ 
/tests/test_outputs.py:177: in check_file
    compare(reduce(row["bulletin"]), row["report"], f"{name} bulletin {number}")
_ _ _ _ _ _ _ _ _ _ _ _ _ _ _ _ _ _ _ _ _ _ _ _ _ _ _ _ _ _ _ _ _ _ _ _ _ _ _ _ 

actual = {'events': [{'id': 'LLLLLLLLLLLLLLLLLLLL', 'ml': 4.1459900173845625, 'stations': [{'code': '0', 'distance_km': 211.393...stations': [{'code': 'N4IGF', 'distance_km': 132.19924356818385, 'ml': 2.900058378856963, 'contributes': True}]}, ...]}
expected = {'events': [{'id': 'LLLLLLLLLLLLLLLLLLLL', 'ml': 4.145990017, 'stations': [{'code': 'K2', 'contributes': True, 'distan...l': None, 'stations': [{'code': 'N4IGF', 'contributes': True, 'distance_km': 132.199243568, 'ml': 2.900058379}]}, ...]}
label = 'limits.jsonl bulletin 0'

    def compare(actual, expected, label):
        assert isinstance(actual, dict) and set(actual) == {"events"}, f"{label}: top-level keys"
        got, want = actual["events"], expected["events"]
        assert isinstance(got, list) and len(got) == len(want), f"{label}: {len(want)} events expected"
        for event, ref in zip(got, want):
            where = f"{label} event {ref['id']}"
            assert isinstance(event, dict) and set(event) == {"id", "ml", "stations"}, f"{where}: keys"
            assert type(event["id"]) is str and event["id"] == ref["id"], f"{where}: id {event['id']!r}"
            _number(event["ml"], ref["ml"], f"{where} ml")
            rows = event["stations"]
            assert isinstance(rows, list) and len(rows) == len(ref["stations"]), f"{where}: station rows"
            for index, (row, exp) in enumerate(zip(rows, ref["stations"])):
                at = f"{where} station {index} ({exp['code']})"
                assert isinstance(row, dict) and set(row) == {"code", "distance_km", "ml", "contributes"}, f"{at}: keys"
>               assert type(row["code"]) is str and row["code"] == exp["code"], f"{at}: code {row['code']!r}"
E               AssertionError: limits.jsonl bulletin 0 event LLLLLLLLLLLLLLLLLLLL station 0 (K2): code '0'
E               assert (<class 'str'> is str and '0' == 'K2'
E                +  where <class 'str'> = type('0')
E                 
E                 - K2
E                 + 0)

/tests/test_outputs.py:169: AssertionError
__________________ test_report_keeps_file_and_recording_order __________________

    def test_report_keeps_file_and_recording_order():
        """Events keep file order and station rows keep recording order, whatever the ids and codes, at any length they may have."""
>       check_file("order.jsonl")

/tests/test_outputs.py:261: 
_ _ _ _ _ _ _ _ _ _ _ _ _ _ _ _ _ _ _ _ _ _ _ _ _ _ _ _ _ _ _ _ _ _ _ _ _ _ _ _ 
/tests/test_outputs.py:177: in check_file
    compare(reduce(row["bulletin"]), row["report"], f"{name} bulletin {number}")
_ _ _ _ _ _ _ _ _ _ _ _ _ _ _ _ _ _ _ _ _ _ _ _ _ _ _ _ _ _ _ _ _ _ _ _ _ _ _ _ 

actual = {'events': [{'id': 'v77vy7uvv97vu64', 'ml': 4.642662925552957, 'stations': [{'code': '11VBY', 'distance_km': 582.27334...ributes': True}, {'code': 'UR', 'distance_km': 181.30044125704714, 'ml': -0.01898463091880309, 'contributes': True}]}]}
expected = {'events': [{'id': 'v77vy7uvv97vu64', 'ml': 4.642662926, 'stations': [{'code': '9JK', 'contributes': True, 'distance_k...0441257, 'ml': 4.279057247}, {'code': '5Z2O', 'contributes': True, 'distance_km': 170.585872803, 'ml': 2.805063376}]}]}
label = 'order.jsonl bulletin 0'

    def compare(actual, expected, label):
        assert isinstance(actual, dict) and set(actual) == {"events"}, f"{label}: top-level keys"
        got, want = actual["events"], expected["events"]
        assert isinstance(got, list) and len(got) == len(want), f"{label}: {len(want)} events expected"
        for event, ref in zip(got, want):
            where = f"{label} event {ref['id']}"
            assert isinstance(event, dict) and set(event) == {"id", "ml", "stations"}, f"{where}: keys"
            assert type(event["id"]) is str and event["id"] == ref["id"], f"{where}: id {event['id']!r}"
            _number(event["ml"], ref["ml"], f"{where} ml")
            rows = event["stations"]
            assert isinstance(rows, list) and len(rows) == len(ref["stations"]), f"{where}: station rows"
            for index, (row, exp) in enumerate(zip(rows, ref["stations"])):
                at = f"{where} station {index} ({exp['code']})"
                assert isinstance(row, dict) and set(row) == {"code", "distance_km", "ml", "contributes"}, f"{at}: keys"
>               assert type(row["code"]) is str and row["code"] == exp["code"], f"{at}: code {row['code']!r}"
E               AssertionError: order.jsonl bulletin 0 event v77vy7uvv97vu64 station 0 (9JK): code '11VBY'
E               assert (<class 'str'> is str and '11VBY' == '9JK'
E                +  where <class 'str'> = type('11VBY')
E                 
E                 - 9JK
E                 + 11VBY)

/tests/test_outputs.py:169: AssertionError
___________________________ test_generated_bulletins ___________________________

    def test_generated_bulletins():
        """Generated bulletins across the envelope: depths, distances, one or two channels, corrections, event sizes."""
>       check_file("generated.jsonl")

/tests/test_outputs.py:266: 
_ _ _ _ _ _ _ _ _ _ _ _ _ _ _ _ _ _ _ _ _ _ _ _ _ _ _ _ _ _ _ _ _ _ _ _ _ _ _ _ 
/tests/test_outputs.py:177: in check_file
    compare(reduce(row["bulletin"]), row["report"], f"{name} bulletin {number}")
_ _ _ _ _ _ _ _ _ _ _ _ _ _ _ _ _ _ _ _ _ _ _ _ _ _ _ _ _ _ _ _ _ _ _ _ _ _ _ _ 

actual = {'events': [{'id': 'ev000001', 'ml': 4.295944883959281, 'stations': [{'code': '6NZ07', 'distance_km': 205.033168048489...es': True}, {'code': 'KJLAE', 'distance_km': 322.95203978299935, 'ml': 4.123678269166728, 'contributes': True}, ...]}]}
expected = {'events': [{'id': 'ev000001', 'ml': 4.295944884, 'stations': [{'code': 'B87GA', 'contributes': True, 'distance_km': 7...54, 'ml': 6.066753952}, {'code': 'WXOE', 'contributes': True, 'distance_km': 106.309218791, 'ml': 6.167050821}, ...]}]}
label = 'generated.jsonl bulletin 0'

    def compare(actual, expected, label):
        assert isinstance(actual, dict) and set(actual) == {"events"}, f"{label}: top-level keys"
        got, want = actual["events"], expected["events"]
        assert isinstance(got, list) and len(got) == len(want), f"{label}: {len(want)} events expected"
        for event, ref in zip(got, want):
            where = f"{label} event {ref['id']}"
            assert isinstance(event, dict) and set(event) == {"id", "ml", "stations"}, f"{where}: keys"
            assert type(event["id"]) is str and event["id"] == ref["id"], f"{where}: id {event['id']!r}"
            _number(event["ml"], ref["ml"], f"{where} ml")
            rows = event["stations"]
            assert isinstance(rows, list) and len(rows) == len(ref["stations"]), f"{where}: station rows"
            for index, (row, exp) in enumerate(zip(rows, ref["stations"])):
                at = f"{where} station {index} ({exp['code']})"
                assert isinstance(row, dict) and set(row) == {"code", "distance_km", "ml", "contributes"}, f"{at}: keys"
>               assert type(row["code"]) is str and row["code"] == exp["code"], f"{at}: code {row['code']!r}"
E               AssertionError: generated.jsonl bulletin 0 event ev000001 station 0 (B87GA): code '6NZ07'
E               assert (<class 'str'> is str and '6NZ07' == 'B87GA'
E                +  where <class 'str'> = type('6NZ07')
E                 
E                 - B87GA
E                 + 6NZ07)

/tests/test_outputs.py:169: AssertionError
==================================== PASSES ====================================
=========================== short test summary info ============================
PASSED ../../tests/test_outputs.py::test_rule_2_2_record_amplitude_is_half_peak_to_peak
PASSED ../../tests/test_outputs.py::test_rule_5_3_fewer_than_three_contributors_has_no_network_magnitude
PASSED ../../tests/test_outputs.py::test_sandbox_cannot_read_ground_truth
PASSED ../../tests/test_outputs.py::test_submitted_driver_matches_ours
FAILED ../../tests/test_outputs.py::test_rule_2_2_record_amplitude_uses_magnification_2080
FAILED ../../tests/test_outputs.py::test_rule_2_3_station_mean_leaves_out_amplitudes_under_three_times_noise
FAILED ../../tests/test_outputs.py::test_rule_3_1_distance_is_hypocentral - A...
FAILED ../../tests/test_outputs.py::test_rule_3_3_correction_linear_between_listed_distances
FAILED ../../tests/test_outputs.py::test_rule_3_3_listed_distances_and_table_ends
FAILED ../../tests/test_outputs.py::test_station_beyond_the_table_keeps_the_shipped_correction
FAILED ../../tests/test_outputs.py::test_rule_4_2_station_correction_is_added
FAILED ../../tests/test_outputs.py::test_rule_4_3_station_magnitude_is_mean_of_channel_magnitudes
FAILED ../../tests/test_outputs.py::test_two_sensors_of_one_site_are_one_station
FAILED ../../tests/test_outputs.py::test_rule_5_2_network_magnitude_is_median_of_contributors
FAILED ../../tests/test_outputs.py::test_rule_5_2_even_number_takes_mean_of_middle_two
FAILED ../../tests/test_outputs.py::test_rule_5_3_three_contributors_give_a_network_magnitude
FAILED ../../tests/test_outputs.py::test_section_one_limits_reached - Asserti...
FAILED ../../tests/test_outputs.py::test_report_keeps_file_and_recording_order
FAILED ../../tests/test_outputs.py::test_generated_bulletins - AssertionError...
========================= 15 failed, 4 passed in 0.93s =========================
