============================= test session starts ==============================
platform linux -- Python 3.13.12, pytest-9.1.1, pluggy-1.6.0
rootdir: /tests
plugins: json-ctrf-0.5.2
collected 25 items

../../tests/test_outputs.py FFFFFFFFFF.F.F.FFFFFFFF..                    [100%]

=================================== FAILURES ===================================
_______________ test_rule_3_1_carton_shipment_counts_by_receipt ________________

    def test_rule_3_1_carton_shipment_counts_by_receipt():
        """A carton shipment counts toward the quarter it is received in, the fourth day after its invoice."""
>       check_family("carton_receipt")

/tests/test_outputs.py:223: 
_ _ _ _ _ _ _ _ _ _ _ _ _ _ _ _ _ _ _ _ _ _ _ _ _ _ _ _ _ _ _ _ _ _ _ _ _ _ _ _ 
/tests/test_outputs.py:217: in check_family
    compare(run(row["job"]), row["settlements"], f"{name} job {number}")
_ _ _ _ _ _ _ _ _ _ _ _ _ _ _ _ _ _ _ _ _ _ _ _ _ _ _ _ _ _ _ _ _ _ _ _ _ _ _ _ 

actual = {'settlements': [{'account': '61J7S8P', 'purchases': 3914924, 'returns': 0, 'net': 3914924, ...}, {'account': 'SV0X6DRE', 'purchases': 93779342, 'returns': 0, 'net': 93779342, ...}]}
expected = [{'account': '61J7S8P', 'purchases': 181508578, 'returns': 0, 'net': 181508578, ...}, {'account': 'SV0X6DRE', 'purchases': 74399454, 'returns': 0, 'net': 74399454, ...}]
label = 'carton_receipt job 0'

    def compare(actual, expected, label):
        """The whole output: one key, settlements in job order, each with exactly the README's keys, every value
        but the account code an integer (a float or a boolean is not), all equal to the expected ones."""
        assert isinstance(actual, dict) and list(actual) == ["settlements"], f"{label}: top-level {actual!r:.200}"
        got = actual["settlements"]
        assert isinstance(got, list) and len(got) == len(expected), f"{label}: {len(got) if isinstance(got, list) else got!r} settlements, expected {len(expected)}"
        for index, (row, ref) in enumerate(zip(got, expected)):
            where = f"{label} settlement {index} ({ref['account']!r})"
            assert isinstance(row, dict) and set(row) == set(FIELDS) and len(row) == len(FIELDS), f"{where}: keys {sorted(row) if isinstance(row, dict) else row!r}"
            for key in FIELDS:
>               assert type(row[key]) is type(ref[key]) and row[key] == ref[key], f"{where} {key}: {row[key]!r}, expected {ref[key]!r}"
E               AssertionError: carton_receipt job 0 settlement 0 ('61J7S8P') purchases: 3914924, expected 181508578
E               assert (<class 'int'> is <class 'int'> and 3914924 == 181508578)
E                +  where <class 'int'> = type(3914924)
E                +  and   <class 'int'> = type(181508578)

/tests/test_outputs.py:211: AssertionError
______________ test_rule_2_2_line_of_exactly_12_units_is_a_carton ______________

    def test_rule_2_2_line_of_exactly_12_units_is_a_carton():
        """Lines of exactly 12 units invoiced in the four days before either quarter edge move with their receipt."""
>       check_family("carton_threshold")

/tests/test_outputs.py:228: 
_ _ _ _ _ _ _ _ _ _ _ _ _ _ _ _ _ _ _ _ _ _ _ _ _ _ _ _ _ _ _ _ _ _ _ _ _ _ _ _ 
/tests/test_outputs.py:217: in check_family
    compare(run(row["job"]), row["settlements"], f"{name} job {number}")
_ _ _ _ _ _ _ _ _ _ _ _ _ _ _ _ _ _ _ _ _ _ _ _ _ _ _ _ _ _ _ _ _ _ _ _ _ _ _ _ 

actual = {'settlements': [{'account': 'VCKZA', 'purchases': 132516, 'returns': 0, 'net': 132516, ...}, {'account': 'L3W7FZ6H', ...es': 90048, 'returns': 0, 'net': 90048, ...}, {'account': 'K', 'purchases': 222120, 'returns': 0, 'net': 222120, ...}]}
expected = [{'account': 'VCKZA', 'purchases': 5604, 'returns': 0, 'net': 5604, ...}, {'account': 'L3W7FZ6H', 'purchases': 65484, 'returns': 0, 'net': 65484, ...}, {'account': 'K', 'purchases': 87516, 'returns': 0, 'net': 87516, ...}]
label = 'carton_threshold job 0'

    def compare(actual, expected, label):
        """The whole output: one key, settlements in job order, each with exactly the README's keys, every value
        but the account code an integer (a float or a boolean is not), all equal to the expected ones."""
        assert isinstance(actual, dict) and list(actual) == ["settlements"], f"{label}: top-level {actual!r:.200}"
        got = actual["settlements"]
        assert isinstance(got, list) and len(got) == len(expected), f"{label}: {len(got) if isinstance(got, list) else got!r} settlements, expected {len(expected)}"
        for index, (row, ref) in enumerate(zip(got, expected)):
            where = f"{label} settlement {index} ({ref['account']!r})"
            assert isinstance(row, dict) and set(row) == set(FIELDS) and len(row) == len(FIELDS), f"{where}: keys {sorted(row) if isinstance(row, dict) else row!r}"
            for key in FIELDS:
>               assert type(row[key]) is type(ref[key]) and row[key] == ref[key], f"{where} {key}: {row[key]!r}, expected {ref[key]!r}"
E               AssertionError: carton_threshold job 0 settlement 0 ('VCKZA') purchases: 132516, expected 5604
E               assert (<class 'int'> is <class 'int'> and 132516 == 5604)
E                +  where <class 'int'> = type(132516)
E                +  and   <class 'int'> = type(5604)

/tests/test_outputs.py:211: AssertionError
__________________ test_rule_3_3_returns_less_40_cents_a_unit __________________

    def test_rule_3_3_returns_less_40_cents_a_unit():
        """Returns taken back in the quarter are credited at their value less 40 cents a unit."""
>       check_family("returns_charge")

/tests/test_outputs.py:233: 
_ _ _ _ _ _ _ _ _ _ _ _ _ _ _ _ _ _ _ _ _ _ _ _ _ _ _ _ _ _ _ _ _ _ _ _ _ _ _ _ 
/tests/test_outputs.py:217: in check_family
    compare(run(row["job"]), row["settlements"], f"{name} job {number}")
_ _ _ _ _ _ _ _ _ _ _ _ _ _ _ _ _ _ _ _ _ _ _ _ _ _ _ _ _ _ _ _ _ _ _ _ _ _ _ _ 

actual = {'settlements': [{'account': 'U7EZAG4N', 'purchases': 0, 'returns': 13818640, 'net': -13818640, ...}, {'account': 'S1WYC0RN', 'purchases': 18490269, 'returns': 36754887, 'net': -18264618, ...}]}
expected = [{'account': 'U7EZAG4N', 'purchases': 0, 'returns': 13805440, 'net': -13805440, ...}, {'account': 'S1WYC0RN', 'purchases': 18490269, 'returns': 36683277, 'net': -18193008, ...}]
label = 'returns_charge job 0'

    def compare(actual, expected, label):
        """The whole output: one key, settlements in job order, each with exactly the README's keys, every value
        but the account code an integer (a float or a boolean is not), all equal to the expected ones."""
        assert isinstance(actual, dict) and list(actual) == ["settlements"], f"{label}: top-level {actual!r:.200}"
        got = actual["settlements"]
        assert isinstance(got, list) and len(got) == len(expected), f"{label}: {len(got) if isinstance(got, list) else got!r} settlements, expected {len(expected)}"
        for index, (row, ref) in enumerate(zip(got, expected)):
            where = f"{label} settlement {index} ({ref['account']!r})"
            assert isinstance(row, dict) and set(row) == set(FIELDS) and len(row) == len(FIELDS), f"{where}: keys {sorted(row) if isinstance(row, dict) else row!r}"
            for key in FIELDS:
>               assert type(row[key]) is type(ref[key]) and row[key] == ref[key], f"{where} {key}: {row[key]!r}, expected {ref[key]!r}"
E               AssertionError: returns_charge job 0 settlement 0 ('U7EZAG4N') returns: 13818640, expected 13805440
E               assert (<class 'int'> is <class 'int'> and 13818640 == 13805440)
E                +  where <class 'int'> = type(13818640)
E                +  and   <class 'int'> = type(13805440)

/tests/test_outputs.py:211: AssertionError
__________________ test_rule_3_3_returns_on_the_quarter_edges __________________

    def test_rule_3_3_returns_on_the_quarter_edges():
        """Returns on the first and last day count; the day before and the day after do not."""
>       check_family("returns_edges")

/tests/test_outputs.py:238: 
_ _ _ _ _ _ _ _ _ _ _ _ _ _ _ _ _ _ _ _ _ _ _ _ _ _ _ _ _ _ _ _ _ _ _ _ _ _ _ _ 
/tests/test_outputs.py:217: in check_family
    compare(run(row["job"]), row["settlements"], f"{name} job {number}")
_ _ _ _ _ _ _ _ _ _ _ _ _ _ _ _ _ _ _ _ _ _ _ _ _ _ _ _ _ _ _ _ _ _ _ _ _ _ _ _ 

actual = {'settlements': [{'account': '9PHC0BAJYTCWTTJ', 'purchases': 4916145, 'returns': 65850, 'net': 4850295, ...}, {'accoun...80, 'net': 4572580, ...}, {'account': 'K8RL7MACV74Y', 'purchases': 26916724, 'returns': 206973, 'net': 26709751, ...}]}
expected = [{'account': '9PHC0BAJYTCWTTJ', 'purchases': 4916145, 'returns': 65580, 'net': 4850565, ...}, {'account': '-WYCVYUCY93...600, 'net': 4572760, ...}, {'account': 'K8RL7MACV74Y', 'purchases': 26916724, 'returns': 205953, 'net': 26710771, ...}]
label = 'returns_edges job 0'

    def compare(actual, expected, label):
        """The whole output: one key, settlements in job order, each with exactly the README's keys, every value
        but the account code an integer (a float or a boolean is not), all equal to the expected ones."""
        assert isinstance(actual, dict) and list(actual) == ["settlements"], f"{label}: top-level {actual!r:.200}"
        got = actual["settlements"]
        assert isinstance(got, list) and len(got) == len(expected), f"{label}: {len(got) if isinstance(got, list) else got!r} settlements, expected {len(expected)}"
        for index, (row, ref) in enumerate(zip(got, expected)):
            where = f"{label} settlement {index} ({ref['account']!r})"
            assert isinstance(row, dict) and set(row) == set(FIELDS) and len(row) == len(FIELDS), f"{where}: keys {sorted(row) if isinstance(row, dict) else row!r}"
            for key in FIELDS:
>               assert type(row[key]) is type(ref[key]) and row[key] == ref[key], f"{where} {key}: {row[key]!r}, expected {ref[key]!r}"
E               AssertionError: returns_edges job 0 settlement 0 ('9PHC0BAJYTCWTTJ') returns: 65850, expected 65580
E               assert (<class 'int'> is <class 'int'> and 65850 == 65580)
E                +  where <class 'int'> = type(65850)
E                +  and   <class 'int'> = type(65580)

/tests/test_outputs.py:211: AssertionError
________________ test_rule_3_5_tier_is_picked_on_net_purchases _________________

    def test_rule_3_5_tier_is_picked_on_net_purchases():
        """Returns that take net purchases below a threshold that gross purchases pass drop the tier."""
>       check_family("tier_net")

/tests/test_outputs.py:243: 
_ _ _ _ _ _ _ _ _ _ _ _ _ _ _ _ _ _ _ _ _ _ _ _ _ _ _ _ _ _ _ _ _ _ _ _ _ _ _ _ 
/tests/test_outputs.py:217: in check_family
    compare(run(row["job"]), row["settlements"], f"{name} job {number}")
_ _ _ _ _ _ _ _ _ _ _ _ _ _ _ _ _ _ _ _ _ _ _ _ _ _ _ _ _ _ _ _ _ _ _ _ _ _ _ _ 

actual = {'settlements': [{'account': 'X4PVUE1VW', 'purchases': 1124000, 'returns': 273000, 'net': 851000, ...}, {'account': 'FU89GB0', 'purchases': 1040500, 'returns': 274950, 'net': 765550, ...}]}
expected = [{'account': 'X4PVUE1VW', 'purchases': 1124000, 'returns': 268800, 'net': 855200, ...}, {'account': 'FU89GB0', 'purchases': 1040500, 'returns': 270720, 'net': 769780, ...}]
label = 'tier_net job 0'

    def compare(actual, expected, label):
        """The whole output: one key, settlements in job order, each with exactly the README's keys, every value
        but the account code an integer (a float or a boolean is not), all equal to the expected ones."""
        assert isinstance(actual, dict) and list(actual) == ["settlements"], f"{label}: top-level {actual!r:.200}"
        got = actual["settlements"]
        assert isinstance(got, list) and len(got) == len(expected), f"{label}: {len(got) if isinstance(got, list) else got!r} settlements, expected {len(expected)}"
        for index, (row, ref) in enumerate(zip(got, expected)):
            where = f"{label} settlement {index} ({ref['account']!r})"
            assert isinstance(row, dict) and set(row) == set(FIELDS) and len(row) == len(FIELDS), f"{where}: keys {sorted(row) if isinstance(row, dict) else row!r}"
            for key in FIELDS:
>               assert type(row[key]) is type(ref[key]) and row[key] == ref[key], f"{where} {key}: {row[key]!r}, expected {ref[key]!r}"
E               AssertionError: tier_net job 0 settlement 0 ('X4PVUE1VW') returns: 273000, expected 268800
E               assert (<class 'int'> is <class 'int'> and 273000 == 268800)
E                +  where <class 'int'> = type(273000)
E                +  and   <class 'int'> = type(268800)

/tests/test_outputs.py:211: AssertionError
___________________ test_rule_2_6_net_exactly_on_a_threshold ___________________

    def test_rule_2_6_net_exactly_on_a_threshold():
        """Net purchases exactly on a threshold reach that tier, directly and after returns; a cent short does not."""
>       check_family("tier_threshold")

/tests/test_outputs.py:248: 
_ _ _ _ _ _ _ _ _ _ _ _ _ _ _ _ _ _ _ _ _ _ _ _ _ _ _ _ _ _ _ _ _ _ _ _ _ _ _ _ 
/tests/test_outputs.py:217: in check_family
    compare(run(row["job"]), row["settlements"], f"{name} job {number}")
_ _ _ _ _ _ _ _ _ _ _ _ _ _ _ _ _ _ _ _ _ _ _ _ _ _ _ _ _ _ _ _ _ _ _ _ _ _ _ _ 

actual = {'settlements': [{'account': 'ENQM3-V', 'purchases': 1200000, 'returns': 0, 'net': 1200000, ...}, {'account': 'WN3D42D...: 0, 'net': 3600012, ...}, {'account': 'DUD3PZHCV81-K', 'purchases': 1300000, 'returns': 115000, 'net': 1185000, ...}]}
expected = [{'account': 'ENQM3-V', 'purchases': 1200000, 'returns': 0, 'net': 1200000, ...}, {'account': 'WN3D42DUR5', 'purchases...': 0, 'net': 3600012, ...}, {'account': 'DUD3PZHCV81-K', 'purchases': 1300000, 'returns': 100000, 'net': 1200000, ...}]
label = 'tier_threshold job 0'

    def compare(actual, expected, label):
        """The whole output: one key, settlements in job order, each with exactly the README's keys, every value
        but the account code an integer (a float or a boolean is not), all equal to the expected ones."""
        assert isinstance(actual, dict) and list(actual) == ["settlements"], f"{label}: top-level {actual!r:.200}"
        got = actual["settlements"]
        assert isinstance(got, list) and len(got) == len(expected), f"{label}: {len(got) if isinstance(got, list) else got!r} settlements, expected {len(expected)}"
        for index, (row, ref) in enumerate(zip(got, expected)):
            where = f"{label} settlement {index} ({ref['account']!r})"
            assert isinstance(row, dict) and set(row) == set(FIELDS) and len(row) == len(FIELDS), f"{where}: keys {sorted(row) if isinstance(row, dict) else row!r}"
            for key in FIELDS:
>               assert type(row[key]) is type(ref[key]) and row[key] == ref[key], f"{where} {key}: {row[key]!r}, expected {ref[key]!r}"
E               AssertionError: tier_threshold job 0 settlement 0 ('ENQM3-V') tier_bp: 50, expected 300
E               assert (<class 'int'> is <class 'int'> and 50 == 300)
E                +  where <class 'int'> = type(50)
E                +  and   <class 'int'> = type(300)

/tests/test_outputs.py:211: AssertionError
________________ test_rule_2_6_net_below_nought_reaches_no_tier ________________

    def test_rule_2_6_net_below_nought_reaches_no_tier():
        """Returns heavier than purchases: net below nought, rate and rebate nought."""
>       check_family("net_below_nought")

/tests/test_outputs.py:253: 
_ _ _ _ _ _ _ _ _ _ _ _ _ _ _ _ _ _ _ _ _ _ _ _ _ _ _ _ _ _ _ _ _ _ _ _ _ _ _ _ 
/tests/test_outputs.py:217: in check_family
    compare(run(row["job"]), row["settlements"], f"{name} job {number}")
_ _ _ _ _ _ _ _ _ _ _ _ _ _ _ _ _ _ _ _ _ _ _ _ _ _ _ _ _ _ _ _ _ _ _ _ _ _ _ _ 

actual = {'settlements': [{'account': 'JE2G', 'purchases': 16000, 'returns': 161000, 'net': -145000, ...}, {'account': '1ZF40LA...: 119875, 'net': -109375, ...}, {'account': '4SQ5FZ0WEQB', 'purchases': 8500, 'returns': 154875, 'net': -146375, ...}]}
expected = [{'account': 'JE2G', 'purchases': 16000, 'returns': 158240, 'net': -142240, ...}, {'account': '1ZF40LA4D8L9AE2', 'purc...': 117820, 'net': -107320, ...}, {'account': '4SQ5FZ0WEQB', 'purchases': 8500, 'returns': 152220, 'net': -143720, ...}]
label = 'net_below_nought job 0'

    def compare(actual, expected, label):
        """The whole output: one key, settlements in job order, each with exactly the README's keys, every value
        but the account code an integer (a float or a boolean is not), all equal to the expected ones."""
        assert isinstance(actual, dict) and list(actual) == ["settlements"], f"{label}: top-level {actual!r:.200}"
        got = actual["settlements"]
        assert isinstance(got, list) and len(got) == len(expected), f"{label}: {len(got) if isinstance(got, list) else got!r} settlements, expected {len(expected)}"
        for index, (row, ref) in enumerate(zip(got, expected)):
            where = f"{label} settlement {index} ({ref['account']!r})"
            assert isinstance(row, dict) and set(row) == set(FIELDS) and len(row) == len(FIELDS), f"{where}: keys {sorted(row) if isinstance(row, dict) else row!r}"
            for key in FIELDS:
>               assert type(row[key]) is type(ref[key]) and row[key] == ref[key], f"{where} {key}: {row[key]!r}, expected {ref[key]!r}"
E               AssertionError: net_below_nought job 0 settlement 0 ('JE2G') returns: 161000, expected 158240
E               assert (<class 'int'> is <class 'int'> and 161000 == 158240)
E                +  where <class 'int'> = type(161000)
E                +  and   <class 'int'> = type(158240)

/tests/test_outputs.py:211: AssertionError
_________________ test_rule_3_6_volume_rebate_rounded_half_up __________________

    def test_rule_3_6_volume_rebate_rounded_half_up():
        """The volume rebate is rounded to the nearest cent, an exact half going up."""
>       check_family("rebate_rounding")

/tests/test_outputs.py:258: 
_ _ _ _ _ _ _ _ _ _ _ _ _ _ _ _ _ _ _ _ _ _ _ _ _ _ _ _ _ _ _ _ _ _ _ _ _ _ _ _ 
/tests/test_outputs.py:217: in check_family
    compare(run(row["job"]), row["settlements"], f"{name} job {number}")
_ _ _ _ _ _ _ _ _ _ _ _ _ _ _ _ _ _ _ _ _ _ _ _ _ _ _ _ _ _ _ _ _ _ _ _ _ _ _ _ 

actual = {'settlements': [{'account': 'XCQHB4L', 'purchases': 528461, 'returns': 0, 'net': 528461, ...}, {'account': 'ATMQW77DG...: 5167612, 'returns': 0, 'net': 5167612, ...}, {'account': '37', 'purchases': 10100, 'returns': 0, 'net': 10100, ...}]}
expected = [{'account': 'XCQHB4L', 'purchases': 528461, 'returns': 0, 'net': 528461, ...}, {'account': 'ATMQW77DGM53CLTX', 'purch...': 5167612, 'returns': 0, 'net': 5167612, ...}, {'account': '37', 'purchases': 10100, 'returns': 0, 'net': 10100, ...}]
label = 'rebate_rounding job 0'

    def compare(actual, expected, label):
        """The whole output: one key, settlements in job order, each with exactly the README's keys, every value
        but the account code an integer (a float or a boolean is not), all equal to the expected ones."""
        assert isinstance(actual, dict) and list(actual) == ["settlements"], f"{label}: top-level {actual!r:.200}"
        got = actual["settlements"]
        assert isinstance(got, list) and len(got) == len(expected), f"{label}: {len(got) if isinstance(got, list) else got!r} settlements, expected {len(expected)}"
        for index, (row, ref) in enumerate(zip(got, expected)):
            where = f"{label} settlement {index} ({ref['account']!r})"
            assert isinstance(row, dict) and set(row) == set(FIELDS) and len(row) == len(FIELDS), f"{where}: keys {sorted(row) if isinstance(row, dict) else row!r}"
            for key in FIELDS:
>               assert type(row[key]) is type(ref[key]) and row[key] == ref[key], f"{where} {key}: {row[key]!r}, expected {ref[key]!r}"
E               AssertionError: rebate_rounding job 0 settlement 0 ('XCQHB4L') rebate: 369, expected 370
E               assert (<class 'int'> is <class 'int'> and 369 == 370)
E                +  where <class 'int'> = type(369)
E                +  and   <class 'int'> = type(370)

/tests/test_outputs.py:211: AssertionError
__________________ test_rule_4_1_growth_bonus_on_the_increase __________________

    def test_rule_4_1_growth_bonus_on_the_increase():
        """The growth bonus is 200 basis points of the increase over last year's net purchases."""
>       check_family("growth_increase")

/tests/test_outputs.py:263: 
_ _ _ _ _ _ _ _ _ _ _ _ _ _ _ _ _ _ _ _ _ _ _ _ _ _ _ _ _ _ _ _ _ _ _ _ _ _ _ _ 
/tests/test_outputs.py:217: in check_family
    compare(run(row["job"]), row["settlements"], f"{name} job {number}")
_ _ _ _ _ _ _ _ _ _ _ _ _ _ _ _ _ _ _ _ _ _ _ _ _ _ _ _ _ _ _ _ _ _ _ _ _ _ _ _ 

actual = {'settlements': [{'account': 'Z8B7R', 'purchases': 45607205, 'returns': 0, 'net': 45607205, ...}, {'account': 'DQR3X87JECF9W6', 'purchases': 82745602, 'returns': 0, 'net': 82745602, ...}]}
expected = [{'account': 'Z8B7R', 'purchases': 45607205, 'returns': 0, 'net': 45607205, ...}, {'account': 'DQR3X87JECF9W6', 'purchases': 82745602, 'returns': 0, 'net': 82745602, ...}]
label = 'growth_increase job 0'

    def compare(actual, expected, label):
        """The whole output: one key, settlements in job order, each with exactly the README's keys, every value
        but the account code an integer (a float or a boolean is not), all equal to the expected ones."""
        assert isinstance(actual, dict) and list(actual) == ["settlements"], f"{label}: top-level {actual!r:.200}"
        got = actual["settlements"]
        assert isinstance(got, list) and len(got) == len(expected), f"{label}: {len(got) if isinstance(got, list) else got!r} settlements, expected {len(expected)}"
        for index, (row, ref) in enumerate(zip(got, expected)):
            where = f"{label} settlement {index} ({ref['account']!r})"
            assert isinstance(row, dict) and set(row) == set(FIELDS) and len(row) == len(FIELDS), f"{where}: keys {sorted(row) if isinstance(row, dict) else row!r}"
            for key in FIELDS:
>               assert type(row[key]) is type(ref[key]) and row[key] == ref[key], f"{where} {key}: {row[key]!r}, expected {ref[key]!r}"
E               AssertionError: growth_increase job 0 settlement 0 ('Z8B7R') growth: 912144, expected 490151
E               assert (<class 'int'> is <class 'int'> and 912144 == 490151)
E                +  where <class 'int'> = type(912144)
E                +  and   <class 'int'> = type(490151)

/tests/test_outputs.py:211: AssertionError
__________________ test_rule_4_1_growth_exactly_110_per_cent ___________________

    def test_rule_4_1_growth_exactly_110_per_cent():
        """Net purchases of exactly 110 per cent of last year's earn the bonus; a cent short does not."""
>       check_family("growth_110")

/tests/test_outputs.py:268: 
_ _ _ _ _ _ _ _ _ _ _ _ _ _ _ _ _ _ _ _ _ _ _ _ _ _ _ _ _ _ _ _ _ _ _ _ _ _ _ _ 
/tests/test_outputs.py:217: in check_family
    compare(run(row["job"]), row["settlements"], f"{name} job {number}")
_ _ _ _ _ _ _ _ _ _ _ _ _ _ _ _ _ _ _ _ _ _ _ _ _ _ _ _ _ _ _ _ _ _ _ _ _ _ _ _ 

actual = {'settlements': [{'account': '732P', 'purchases': 110000, 'returns': 0, 'net': 110000, ...}, {'account': 'ESB0-V', 'pu..., 'returns': 0, 'net': 109900, ...}, {'account': 'JNMYUEWMD-', 'purchases': 111225, 'returns': 0, 'net': 111225, ...}]}
expected = [{'account': '732P', 'purchases': 110000, 'returns': 0, 'net': 110000, ...}, {'account': 'ESB0-V', 'purchases': 110000...0, 'returns': 0, 'net': 109900, ...}, {'account': 'JNMYUEWMD-', 'purchases': 111225, 'returns': 0, 'net': 111225, ...}]
label = 'growth_110 job 0'

    def compare(actual, expected, label):
        """The whole output: one key, settlements in job order, each with exactly the README's keys, every value
        but the account code an integer (a float or a boolean is not), all equal to the expected ones."""
        assert isinstance(actual, dict) and list(actual) == ["settlements"], f"{label}: top-level {actual!r:.200}"
        got = actual["settlements"]
        assert isinstance(got, list) and len(got) == len(expected), f"{label}: {len(got) if isinstance(got, list) else got!r} settlements, expected {len(expected)}"
        for index, (row, ref) in enumerate(zip(got, expected)):
            where = f"{label} settlement {index} ({ref['account']!r})"
            assert isinstance(row, dict) and set(row) == set(FIELDS) and len(row) == len(FIELDS), f"{where}: keys {sorted(row) if isinstance(row, dict) else row!r}"
            for key in FIELDS:
>               assert type(row[key]) is type(ref[key]) and row[key] == ref[key], f"{where} {key}: {row[key]!r}, expected {ref[key]!r}"
E               AssertionError: growth_110 job 0 settlement 0 ('732P') growth: 2200, expected 200
E               assert (<class 'int'> is <class 'int'> and 2200 == 200)
E                +  where <class 'int'> = type(2200)
E                +  and   <class 'int'> = type(200)

/tests/test_outputs.py:211: AssertionError
_______________ test_rule_5_1_price_drop_earns_cut_times_on_hand _______________

    def test_rule_5_1_price_drop_earns_cut_times_on_hand():
        """A price drop in the quarter earns the cut times the units on hand; one outside the quarter earns nothing."""
>       check_family("price_drop")

/tests/test_outputs.py:278: 
_ _ _ _ _ _ _ _ _ _ _ _ _ _ _ _ _ _ _ _ _ _ _ _ _ _ _ _ _ _ _ _ _ _ _ _ _ _ _ _ 
/tests/test_outputs.py:217: in check_family
    compare(run(row["job"]), row["settlements"], f"{name} job {number}")
_ _ _ _ _ _ _ _ _ _ _ _ _ _ _ _ _ _ _ _ _ _ _ _ _ _ _ _ _ _ _ _ _ _ _ _ _ _ _ _ 

actual = {'settlements': [{'account': '-BMECNP3T', 'purchases': 34991031, 'returns': 0, 'net': 34991031, ...}, {'account': '9PW...2, 'returns': 0, 'net': 3950492, ...}, {'account': 'EPGM', 'purchases': 17331904, 'returns': 0, 'net': 17331904, ...}]}
expected = [{'account': '-BMECNP3T', 'purchases': 34991031, 'returns': 0, 'net': 34991031, ...}, {'account': '9PWVDD', 'purchases...92, 'returns': 0, 'net': 3950492, ...}, {'account': 'EPGM', 'purchases': 17331904, 'returns': 0, 'net': 17331904, ...}]
label = 'price_drop job 0'

    def compare(actual, expected, label):
        """The whole output: one key, settlements in job order, each with exactly the README's keys, every value
        but the account code an integer (a float or a boolean is not), all equal to the expected ones."""
        assert isinstance(actual, dict) and list(actual) == ["settlements"], f"{label}: top-level {actual!r:.200}"
        got = actual["settlements"]
        assert isinstance(got, list) and len(got) == len(expected), f"{label}: {len(got) if isinstance(got, list) else got!r} settlements, expected {len(expected)}"
        for index, (row, ref) in enumerate(zip(got, expected)):
            where = f"{label} settlement {index} ({ref['account']!r})"
            assert isinstance(row, dict) and set(row) == set(FIELDS) and len(row) == len(FIELDS), f"{where}: keys {sorted(row) if isinstance(row, dict) else row!r}"
            for key in FIELDS:
>               assert type(row[key]) is type(ref[key]) and row[key] == ref[key], f"{where} {key}: {row[key]!r}, expected {ref[key]!r}"
E               AssertionError: price_drop job 0 settlement 1 ('9PWVDD') tier_bp: 0, expected 965
E               assert (<class 'int'> is <class 'int'> and 0 == 965)
E                +  where <class 'int'> = type(0)
E                +  and   <class 'int'> = type(965)

/tests/test_outputs.py:211: AssertionError
____________________ test_rule_5_2_contract_sale_chargeback ____________________

    def test_rule_5_2_contract_sale_chargeback():
        """A contract sale in the quarter earns the amount below cost times the units."""
>       check_family("contract_sale")

/tests/test_outputs.py:288: 
_ _ _ _ _ _ _ _ _ _ _ _ _ _ _ _ _ _ _ _ _ _ _ _ _ _ _ _ _ _ _ _ _ _ _ _ _ _ _ _ 
/tests/test_outputs.py:217: in check_family
    compare(run(row["job"]), row["settlements"], f"{name} job {number}")
_ _ _ _ _ _ _ _ _ _ _ _ _ _ _ _ _ _ _ _ _ _ _ _ _ _ _ _ _ _ _ _ _ _ _ _ _ _ _ _ 

actual = {'settlements': [{'account': 'AT02CF', 'purchases': 50377424, 'returns': 0, 'net': 50377424, ...}, {'account': 'AGTGY851XDR50CL9', 'purchases': 21158739, 'returns': 0, 'net': 21158739, ...}]}
expected = [{'account': 'AT02CF', 'purchases': 50377424, 'returns': 0, 'net': 50377424, ...}, {'account': 'AGTGY851XDR50CL9', 'purchases': 21158739, 'returns': 0, 'net': 21158739, ...}]
label = 'contract_sale job 0'

    def compare(actual, expected, label):
        """The whole output: one key, settlements in job order, each with exactly the README's keys, every value
        but the account code an integer (a float or a boolean is not), all equal to the expected ones."""
        assert isinstance(actual, dict) and list(actual) == ["settlements"], f"{label}: top-level {actual!r:.200}"
        got = actual["settlements"]
        assert isinstance(got, list) and len(got) == len(expected), f"{label}: {len(got) if isinstance(got, list) else got!r} settlements, expected {len(expected)}"
        for index, (row, ref) in enumerate(zip(got, expected)):
            where = f"{label} settlement {index} ({ref['account']!r})"
            assert isinstance(row, dict) and set(row) == set(FIELDS) and len(row) == len(FIELDS), f"{where}: keys {sorted(row) if isinstance(row, dict) else row!r}"
            for key in FIELDS:
>               assert type(row[key]) is type(ref[key]) and row[key] == ref[key], f"{where} {key}: {row[key]!r}, expected {ref[key]!r}"
E               AssertionError: contract_sale job 0 settlement 1 ('AGTGY851XDR50CL9') rebate: 291990, expected 291991
E               assert (<class 'int'> is <class 'int'> and 291990 == 291991)
E                +  where <class 'int'> = type(291990)
E                +  and   <class 'int'> = type(291991)

/tests/test_outputs.py:211: AssertionError
_______________________ test_rule_6_2_minimum_settlement _______________________

    def test_rule_6_2_minimum_settlement():
        """Settlements below 25,000 cents are carried whole, not paid."""
>       check_family("minimum_settlement")

/tests/test_outputs.py:298: 
_ _ _ _ _ _ _ _ _ _ _ _ _ _ _ _ _ _ _ _ _ _ _ _ _ _ _ _ _ _ _ _ _ _ _ _ _ _ _ _ 
/tests/test_outputs.py:217: in check_family
    compare(run(row["job"]), row["settlements"], f"{name} job {number}")
_ _ _ _ _ _ _ _ _ _ _ _ _ _ _ _ _ _ _ _ _ _ _ _ _ _ _ _ _ _ _ _ _ _ _ _ _ _ _ _ 

actual = {'settlements': [{'account': 'F7ZSFFZ-F0M', 'purchases': 500000, 'returns': 0, 'net': 500000, ...}, {'account': 'CJ2Z8...64700, 'returns': 0, 'net': 964700, ...}, {'account': '66SG5', 'purchases': 281300, 'returns': 0, 'net': 281300, ...}]}
expected = [{'account': 'F7ZSFFZ-F0M', 'purchases': 500000, 'returns': 0, 'net': 500000, ...}, {'account': 'CJ2Z8SC', 'purchases'...964700, 'returns': 0, 'net': 964700, ...}, {'account': '66SG5', 'purchases': 281300, 'returns': 0, 'net': 281300, ...}]
label = 'minimum_settlement job 0'

    def compare(actual, expected, label):
        """The whole output: one key, settlements in job order, each with exactly the README's keys, every value
        but the account code an integer (a float or a boolean is not), all equal to the expected ones."""
        assert isinstance(actual, dict) and list(actual) == ["settlements"], f"{label}: top-level {actual!r:.200}"
        got = actual["settlements"]
        assert isinstance(got, list) and len(got) == len(expected), f"{label}: {len(got) if isinstance(got, list) else got!r} settlements, expected {len(expected)}"
        for index, (row, ref) in enumerate(zip(got, expected)):
            where = f"{label} settlement {index} ({ref['account']!r})"
            assert isinstance(row, dict) and set(row) == set(FIELDS) and len(row) == len(FIELDS), f"{where}: keys {sorted(row) if isinstance(row, dict) else row!r}"
            for key in FIELDS:
>               assert type(row[key]) is type(ref[key]) and row[key] == ref[key], f"{where} {key}: {row[key]!r}, expected {ref[key]!r}"
E               AssertionError: minimum_settlement job 0 settlement 0 ('F7ZSFFZ-F0M') paid: 5000, expected 0
E               assert (<class 'int'> is <class 'int'> and 5000 == 0)
E                +  where <class 'int'> = type(5000)
E                +  and   <class 'int'> = type(0)

/tests/test_outputs.py:211: AssertionError
_______________ test_rule_6_2_settlement_of_exactly_25000_cents ________________

    def test_rule_6_2_settlement_of_exactly_25000_cents():
        """A settlement of exactly 25,000 cents is paid; 24,999 is carried; an empty account settles nought."""
>       check_family("settlement_edge")

/tests/test_outputs.py:303: 
_ _ _ _ _ _ _ _ _ _ _ _ _ _ _ _ _ _ _ _ _ _ _ _ _ _ _ _ _ _ _ _ _ _ _ _ _ _ _ _ 
/tests/test_outputs.py:217: in check_family
    compare(run(row["job"]), row["settlements"], f"{name} job {number}")
_ _ _ _ _ _ _ _ _ _ _ _ _ _ _ _ _ _ _ _ _ _ _ _ _ _ _ _ _ _ _ _ _ _ _ _ _ _ _ _ 

actual = {'settlements': [{'account': 'Y87-', 'purchases': 0, 'returns': 0, 'net': 0, ...}, {'account': 'P6AK4KW43UXGBAR', 'pur...chases': 0, 'returns': 0, 'net': 0, ...}, {'account': 'GMAE7AAVZGR7C8Y', 'purchases': 0, 'returns': 0, 'net': 0, ...}]}
expected = [{'account': 'Y87-', 'purchases': 0, 'returns': 0, 'net': 0, ...}, {'account': 'P6AK4KW43UXGBAR', 'purchases': 0, 'ret...rchases': 0, 'returns': 0, 'net': 0, ...}, {'account': 'GMAE7AAVZGR7C8Y', 'purchases': 0, 'returns': 0, 'net': 0, ...}]
label = 'settlement_edge job 0'

    def compare(actual, expected, label):
        """The whole output: one key, settlements in job order, each with exactly the README's keys, every value
        but the account code an integer (a float or a boolean is not), all equal to the expected ones."""
        assert isinstance(actual, dict) and list(actual) == ["settlements"], f"{label}: top-level {actual!r:.200}"
        got = actual["settlements"]
        assert isinstance(got, list) and len(got) == len(expected), f"{label}: {len(got) if isinstance(got, list) else got!r} settlements, expected {len(expected)}"
        for index, (row, ref) in enumerate(zip(got, expected)):
            where = f"{label} settlement {index} ({ref['account']!r})"
            assert isinstance(row, dict) and set(row) == set(FIELDS) and len(row) == len(FIELDS), f"{where}: keys {sorted(row) if isinstance(row, dict) else row!r}"
            for key in FIELDS:
>               assert type(row[key]) is type(ref[key]) and row[key] == ref[key], f"{where} {key}: {row[key]!r}, expected {ref[key]!r}"
E               AssertionError: settlement_edge job 0 settlement 1 ('P6AK4KW43UXGBAR') paid: 24999, expected 0
E               assert (<class 'int'> is <class 'int'> and 24999 == 0)
E                +  where <class 'int'> = type(24999)
E                +  and   <class 'int'> = type(0)

/tests/test_outputs.py:211: AssertionError
_________________ test_loose_units_keep_their_invoice_quarter __________________

    def test_loose_units_keep_their_invoice_quarter():
        """A line below a carton keeps counting toward the quarter of its invoice date, as the shipped package counts it."""
>       rows = check_family("loose_units")
               ^^^^^^^^^^^^^^^^^^^^^^^^^^^

/tests/test_outputs.py:308: 
_ _ _ _ _ _ _ _ _ _ _ _ _ _ _ _ _ _ _ _ _ _ _ _ _ _ _ _ _ _ _ _ _ _ _ _ _ _ _ _ 
/tests/test_outputs.py:217: in check_family
    compare(run(row["job"]), row["settlements"], f"{name} job {number}")
_ _ _ _ _ _ _ _ _ _ _ _ _ _ _ _ _ _ _ _ _ _ _ _ _ _ _ _ _ _ _ _ _ _ _ _ _ _ _ _ 

actual = {'settlements': [{'account': 'YCS', 'purchases': 9681735, 'returns': 0, 'net': 9681735, ...}, {'account': '8149NZLVSHM2VQUB', 'purchases': 7640752, 'returns': 0, 'net': 7640752, ...}]}
expected = [{'account': 'YCS', 'purchases': 9681735, 'returns': 0, 'net': 9681735, ...}, {'account': '8149NZLVSHM2VQUB', 'purchases': 7640752, 'returns': 0, 'net': 7640752, ...}]
label = 'loose_units job 0'

    def compare(actual, expected, label):
        """The whole output: one key, settlements in job order, each with exactly the README's keys, every value
        but the account code an integer (a float or a boolean is not), all equal to the expected ones."""
        assert isinstance(actual, dict) and list(actual) == ["settlements"], f"{label}: top-level {actual!r:.200}"
        got = actual["settlements"]
        assert isinstance(got, list) and len(got) == len(expected), f"{label}: {len(got) if isinstance(got, list) else got!r} settlements, expected {len(expected)}"
        for index, (row, ref) in enumerate(zip(got, expected)):
            where = f"{label} settlement {index} ({ref['account']!r})"
            assert isinstance(row, dict) and set(row) == set(FIELDS) and len(row) == len(FIELDS), f"{where}: keys {sorted(row) if isinstance(row, dict) else row!r}"
            for key in FIELDS:
>               assert type(row[key]) is type(ref[key]) and row[key] == ref[key], f"{where} {key}: {row[key]!r}, expected {ref[key]!r}"
E               AssertionError: loose_units job 0 settlement 0 ('YCS') rebate: 273024, expected 273025
E               assert (<class 'int'> is <class 'int'> and 273024 == 273025)
E                +  where <class 'int'> = type(273024)
E                +  and   <class 'int'> = type(273025)

/tests/test_outputs.py:211: AssertionError
___________________ test_tidy_up_notices_keep_todays_credit ____________________

    def test_tidy_up_notices_keep_todays_credit():
        """A price notice that is not a price drop keeps the credit the shipped package gives it."""
>       for number, row in enumerate(check_family("tidy_ups")):
                                     ^^^^^^^^^^^^^^^^^^^^^^^^

/tests/test_outputs.py:320: 
_ _ _ _ _ _ _ _ _ _ _ _ _ _ _ _ _ _ _ _ _ _ _ _ _ _ _ _ _ _ _ _ _ _ _ _ _ _ _ _ 
/tests/test_outputs.py:217: in check_family
    compare(run(row["job"]), row["settlements"], f"{name} job {number}")
_ _ _ _ _ _ _ _ _ _ _ _ _ _ _ _ _ _ _ _ _ _ _ _ _ _ _ _ _ _ _ _ _ _ _ _ _ _ _ _ 

actual = {'settlements': [{'account': 'Z9TB8XN5Q60D8AJ', 'purchases': 49968670, 'returns': 0, 'net': 49968670, ...}, {'account'...6, 'returns': 0, 'net': 61547346, ...}, {'account': 'KFF', 'purchases': 13266422, 'returns': 0, 'net': 13266422, ...}]}
expected = [{'account': 'Z9TB8XN5Q60D8AJ', 'purchases': 49968670, 'returns': 0, 'net': 49968670, ...}, {'account': 'XZ7Y0VNWR5BEQ...46, 'returns': 0, 'net': 61547346, ...}, {'account': 'KFF', 'purchases': 13266422, 'returns': 0, 'net': 13266422, ...}]
label = 'tidy_ups job 0'

    def compare(actual, expected, label):
        """The whole output: one key, settlements in job order, each with exactly the README's keys, every value
        but the account code an integer (a float or a boolean is not), all equal to the expected ones."""
        assert isinstance(actual, dict) and list(actual) == ["settlements"], f"{label}: top-level {actual!r:.200}"
        got = actual["settlements"]
        assert isinstance(got, list) and len(got) == len(expected), f"{label}: {len(got) if isinstance(got, list) else got!r} settlements, expected {len(expected)}"
        for index, (row, ref) in enumerate(zip(got, expected)):
            where = f"{label} settlement {index} ({ref['account']!r})"
            assert isinstance(row, dict) and set(row) == set(FIELDS) and len(row) == len(FIELDS), f"{where}: keys {sorted(row) if isinstance(row, dict) else row!r}"
            for key in FIELDS:
>               assert type(row[key]) is type(ref[key]) and row[key] == ref[key], f"{where} {key}: {row[key]!r}, expected {ref[key]!r}"
E               AssertionError: tidy_ups job 0 settlement 0 ('Z9TB8XN5Q60D8AJ') growth: 999373, expected 898760
E               assert (<class 'int'> is <class 'int'> and 999373 == 898760)
E                +  where <class 'int'> = type(999373)
E                +  and   <class 'int'> = type(898760)

/tests/test_outputs.py:211: AssertionError
________________ test_price_match_sales_keep_todays_chargeback _________________

    def test_price_match_sales_keep_todays_chargeback():
        """A sale below cost that is not a contract sale keeps the chargeback the shipped package gives it."""
>       for number, row in enumerate(check_family("price_match")):
                                     ^^^^^^^^^^^^^^^^^^^^^^^^^^^

/tests/test_outputs.py:328: 
_ _ _ _ _ _ _ _ _ _ _ _ _ _ _ _ _ _ _ _ _ _ _ _ _ _ _ _ _ _ _ _ _ _ _ _ _ _ _ _ 
/tests/test_outputs.py:217: in check_family
    compare(run(row["job"]), row["settlements"], f"{name} job {number}")
_ _ _ _ _ _ _ _ _ _ _ _ _ _ _ _ _ _ _ _ _ _ _ _ _ _ _ _ _ _ _ _ _ _ _ _ _ _ _ _ 

actual = {'settlements': [{'account': 'J56X', 'purchases': 2465793, 'returns': 0, 'net': 2465793, ...}, {'account': '2K27UBEZ',...rns': 818720, 'net': -818720, ...}, {'account': 'Y-M3QU0FGD20-10G', 'purchases': 0, 'returns': 0, 'net': 0, ...}, ...]}
expected = [{'account': 'J56X', 'purchases': 2465793, 'returns': 0, 'net': 2465793, ...}, {'account': '2K27UBEZ', 'purchases': 22...urns': 816320, 'net': -816320, ...}, {'account': 'Y-M3QU0FGD20-10G', 'purchases': 0, 'returns': 0, 'net': 0, ...}, ...]
label = 'price_match job 0'

    def compare(actual, expected, label):
        """The whole output: one key, settlements in job order, each with exactly the README's keys, every value
        but the account code an integer (a float or a boolean is not), all equal to the expected ones."""
        assert isinstance(actual, dict) and list(actual) == ["settlements"], f"{label}: top-level {actual!r:.200}"
        got = actual["settlements"]
        assert isinstance(got, list) and len(got) == len(expected), f"{label}: {len(got) if isinstance(got, list) else got!r} settlements, expected {len(expected)}"
        for index, (row, ref) in enumerate(zip(got, expected)):
            where = f"{label} settlement {index} ({ref['account']!r})"
            assert isinstance(row, dict) and set(row) == set(FIELDS) and len(row) == len(FIELDS), f"{where}: keys {sorted(row) if isinstance(row, dict) else row!r}"
            for key in FIELDS:
>               assert type(row[key]) is type(ref[key]) and row[key] == ref[key], f"{where} {key}: {row[key]!r}, expected {ref[key]!r}"
E               AssertionError: price_match job 0 settlement 0 ('J56X') rebate: 54000, expected 54001
E               assert (<class 'int'> is <class 'int'> and 54000 == 54001)
E                +  where <class 'int'> = type(54000)
E                +  and   <class 'int'> = type(54001)

/tests/test_outputs.py:211: AssertionError
________________________ test_statement_order_and_keys _________________________

    def test_statement_order_and_keys():
        """Settlements come in job order with codes as given (1 and 16 characters, spaces, quotes, non-ASCII)."""
>       check_family("statement_order")

/tests/test_outputs.py:375: 
_ _ _ _ _ _ _ _ _ _ _ _ _ _ _ _ _ _ _ _ _ _ _ _ _ _ _ _ _ _ _ _ _ _ _ _ _ _ _ _ 
/tests/test_outputs.py:217: in check_family
    compare(run(row["job"]), row["settlements"], f"{name} job {number}")
_ _ _ _ _ _ _ _ _ _ _ _ _ _ _ _ _ _ _ _ _ _ _ _ _ _ _ _ _ _ _ _ _ _ _ _ _ _ _ _ 

actual = {'settlements': [{'account': 'A', 'purchases': 22958208, 'returns': 2938698, 'net': 20019510, ...}, {'account': 'ZZZZZ...入先', 'purchases': 0, 'returns': 0, 'net': 0, ...}, {'account': 'x', 'purchases': 0, 'returns': 0, 'net': 0, ...}, ...]}
expected = [{'account': 'A', 'purchases': 28119546, 'returns': 2936208, 'net': 25183338, ...}, {'account': 'ZZZZZZZZZZZZZZZZ', 'p...仕入先', 'purchases': 0, 'returns': 0, 'net': 0, ...}, {'account': 'x', 'purchases': 0, 'returns': 0, 'net': 0, ...}, ...]
label = 'statement_order job 0'

    def compare(actual, expected, label):
        """The whole output: one key, settlements in job order, each with exactly the README's keys, every value
        but the account code an integer (a float or a boolean is not), all equal to the expected ones."""
        assert isinstance(actual, dict) and list(actual) == ["settlements"], f"{label}: top-level {actual!r:.200}"
        got = actual["settlements"]
        assert isinstance(got, list) and len(got) == len(expected), f"{label}: {len(got) if isinstance(got, list) else got!r} settlements, expected {len(expected)}"
        for index, (row, ref) in enumerate(zip(got, expected)):
            where = f"{label} settlement {index} ({ref['account']!r})"
            assert isinstance(row, dict) and set(row) == set(FIELDS) and len(row) == len(FIELDS), f"{where}: keys {sorted(row) if isinstance(row, dict) else row!r}"
            for key in FIELDS:
>               assert type(row[key]) is type(ref[key]) and row[key] == ref[key], f"{where} {key}: {row[key]!r}, expected {ref[key]!r}"
E               AssertionError: statement_order job 0 settlement 0 ('A') purchases: 22958208, expected 28119546
E               assert (<class 'int'> is <class 'int'> and 22958208 == 28119546)
E                +  where <class 'int'> = type(22958208)
E                +  and   <class 'int'> = type(28119546)

/tests/test_outputs.py:211: AssertionError
_______________________ test_section_one_limits_reached ________________________

    def test_section_one_limits_reached():
        """12 tier rows, thresholds of 10^11, 100 accounts, 400 lines, 100 returns, 50 notices, 200 sales, every field end."""
>       check_family("limits_accounts")

/tests/test_outputs.py:380: 
_ _ _ _ _ _ _ _ _ _ _ _ _ _ _ _ _ _ _ _ _ _ _ _ _ _ _ _ _ _ _ _ _ _ _ _ _ _ _ _ 
/tests/test_outputs.py:217: in check_family
    compare(run(row["job"]), row["settlements"], f"{name} job {number}")
_ _ _ _ _ _ _ _ _ _ _ _ _ _ _ _ _ _ _ _ _ _ _ _ _ _ _ _ _ _ _ _ _ _ _ _ _ _ _ _ 

actual = {'settlements': [{'account': 'KU85Y9Y', 'purchases': 5012000100, 'returns': 4999875075, 'net': 12125025, ...}, {'accou...75075, 'net': 12125025, ...}, {'account': 'BD1E', 'purchases': 0, 'returns': 499987500000, 'net': -499987500000, ...}]}
expected = [{'account': 'KU85Y9Y', 'purchases': 5012000100, 'returns': 4999800060, 'net': 12200040, ...}, {'account': 'Y', 'purch...800060, 'net': 12200040, ...}, {'account': 'BD1E', 'purchases': 0, 'returns': 499980000000, 'net': -499980000000, ...}]
label = 'limits_accounts job 0'

    def compare(actual, expected, label):
        """The whole output: one key, settlements in job order, each with exactly the README's keys, every value
        but the account code an integer (a float or a boolean is not), all equal to the expected ones."""
        assert isinstance(actual, dict) and list(actual) == ["settlements"], f"{label}: top-level {actual!r:.200}"
        got = actual["settlements"]
        assert isinstance(got, list) and len(got) == len(expected), f"{label}: {len(got) if isinstance(got, list) else got!r} settlements, expected {len(expected)}"
        for index, (row, ref) in enumerate(zip(got, expected)):
            where = f"{label} settlement {index} ({ref['account']!r})"
            assert isinstance(row, dict) and set(row) == set(FIELDS) and len(row) == len(FIELDS), f"{where}: keys {sorted(row) if isinstance(row, dict) else row!r}"
            for key in FIELDS:
>               assert type(row[key]) is type(ref[key]) and row[key] == ref[key], f"{where} {key}: {row[key]!r}, expected {ref[key]!r}"
E               AssertionError: limits_accounts job 0 settlement 0 ('KU85Y9Y') returns: 4999875075, expected 4999800060
E               assert (<class 'int'> is <class 'int'> and 4999875075 == 4999800060)
E                +  where <class 'int'> = type(4999875075)
E                +  and   <class 'int'> = type(4999800060)

/tests/test_outputs.py:211: AssertionError
_____________________________ test_generated_jobs ______________________________

    def test_generated_jobs():
        """Seeded jobs over the governed domain, as sealed and under fresh codes and orders."""
>       rows = check_family("generated")
               ^^^^^^^^^^^^^^^^^^^^^^^^^

/tests/test_outputs.py:395: 
_ _ _ _ _ _ _ _ _ _ _ _ _ _ _ _ _ _ _ _ _ _ _ _ _ _ _ _ _ _ _ _ _ _ _ _ _ _ _ _ 
/tests/test_outputs.py:217: in check_family
    compare(run(row["job"]), row["settlements"], f"{name} job {number}")
_ _ _ _ _ _ _ _ _ _ _ _ _ _ _ _ _ _ _ _ _ _ _ _ _ _ _ _ _ _ _ _ _ _ _ _ _ _ _ _ 

actual = {'settlements': [{'account': 'H2WC6588-TL', 'purchases': 29124518, 'returns': 0, 'net': 29124518, ...}, {'account': 'W...s': 0, 'returns': 0, 'net': 0, ...}, {'account': 'GFQ', 'purchases': 8692751, 'returns': 181275, 'net': 8511476, ...}]}
expected = [{'account': 'H2WC6588-TL', 'purchases': 29124518, 'returns': 0, 'net': 29124518, ...}, {'account': 'WXRU3QP', 'purcha...': 0, 'returns': 0, 'net': 0, ...}, {'account': 'GFQ', 'purchases': 40548323, 'returns': 180150, 'net': 40368173, ...}]
label = 'generated job 0'

    def compare(actual, expected, label):
        """The whole output: one key, settlements in job order, each with exactly the README's keys, every value
        but the account code an integer (a float or a boolean is not), all equal to the expected ones."""
        assert isinstance(actual, dict) and list(actual) == ["settlements"], f"{label}: top-level {actual!r:.200}"
        got = actual["settlements"]
        assert isinstance(got, list) and len(got) == len(expected), f"{label}: {len(got) if isinstance(got, list) else got!r} settlements, expected {len(expected)}"
        for index, (row, ref) in enumerate(zip(got, expected)):
            where = f"{label} settlement {index} ({ref['account']!r})"
            assert isinstance(row, dict) and set(row) == set(FIELDS) and len(row) == len(FIELDS), f"{where}: keys {sorted(row) if isinstance(row, dict) else row!r}"
            for key in FIELDS:
>               assert type(row[key]) is type(ref[key]) and row[key] == ref[key], f"{where} {key}: {row[key]!r}, expected {ref[key]!r}"
E               AssertionError: generated job 0 settlement 0 ('H2WC6588-TL') growth: 582490, expected 364428
E               assert (<class 'int'> is <class 'int'> and 582490 == 364428)
E                +  where <class 'int'> = type(582490)
E                +  and   <class 'int'> = type(364428)

/tests/test_outputs.py:211: AssertionError
==================================== PASSES ====================================
=========================== short test summary info ============================
PASSED ../../tests/test_outputs.py::test_rule_4_1_no_prior_purchases_no_bonus
PASSED ../../tests/test_outputs.py::test_rule_2_4_cut_of_exactly_250_cents_is_a_price_drop
PASSED ../../tests/test_outputs.py::test_rule_2_5_sale_exactly_100_cents_under_cost_is_a_contract_sale
PASSED ../../tests/test_outputs.py::test_candidate_cannot_read_verifier_state
PASSED ../../tests/test_outputs.py::test_submitted_driver_unchanged
FAILED ../../tests/test_outputs.py::test_rule_3_1_carton_shipment_counts_by_receipt
FAILED ../../tests/test_outputs.py::test_rule_2_2_line_of_exactly_12_units_is_a_carton
FAILED ../../tests/test_outputs.py::test_rule_3_3_returns_less_40_cents_a_unit
FAILED ../../tests/test_outputs.py::test_rule_3_3_returns_on_the_quarter_edges
FAILED ../../tests/test_outputs.py::test_rule_3_5_tier_is_picked_on_net_purchases
FAILED ../../tests/test_outputs.py::test_rule_2_6_net_exactly_on_a_threshold
FAILED ../../tests/test_outputs.py::test_rule_2_6_net_below_nought_reaches_no_tier
FAILED ../../tests/test_outputs.py::test_rule_3_6_volume_rebate_rounded_half_up
FAILED ../../tests/test_outputs.py::test_rule_4_1_growth_bonus_on_the_increase
FAILED ../../tests/test_outputs.py::test_rule_4_1_growth_exactly_110_per_cent
FAILED ../../tests/test_outputs.py::test_rule_5_1_price_drop_earns_cut_times_on_hand
FAILED ../../tests/test_outputs.py::test_rule_5_2_contract_sale_chargeback - ...
FAILED ../../tests/test_outputs.py::test_rule_6_2_minimum_settlement - Assert...
FAILED ../../tests/test_outputs.py::test_rule_6_2_settlement_of_exactly_25000_cents
FAILED ../../tests/test_outputs.py::test_loose_units_keep_their_invoice_quarter
FAILED ../../tests/test_outputs.py::test_tidy_up_notices_keep_todays_credit
FAILED ../../tests/test_outputs.py::test_price_match_sales_keep_todays_chargeback
FAILED ../../tests/test_outputs.py::test_statement_order_and_keys - Assertion...
FAILED ../../tests/test_outputs.py::test_section_one_limits_reached - Asserti...
FAILED ../../tests/test_outputs.py::test_generated_jobs - AssertionError: gen...
========================= 20 failed, 5 passed in 0.66s =========================
