============================= test session starts ==============================
platform linux -- Python 3.13.12, pytest-9.1.1, pluggy-1.6.0
rootdir: /tests
plugins: json-ctrf-0.5.2
collected 11 items

../../tests/test_outputs.py ...F.F.FF..                                  [100%]

=================================== FAILURES ===================================
_____________________ test_rule_3_2_totals_and_bill_order ______________________

    def test_rule_3_2_totals_and_bill_order():
        """Every bill total and the file total, bills in file order, ids of one to ten characters."""
>       check_family("order_and_total")

/tests/test_outputs.py:227: 
_ _ _ _ _ _ _ _ _ _ _ _ _ _ _ _ _ _ _ _ _ _ _ _ _ _ _ _ _ _ _ _ _ _ _ _ _ _ _ _ 
/tests/test_outputs.py:207: in check_family
    compare(run(row["reads"]), row["bills"], f"{name} {row['reads']['cycle']}")
/tests/test_outputs.py:202: in compare
    _same(row[key], ref[key], f"{label} bills[{index}] ({ref['id']}) {key}")
_ _ _ _ _ _ _ _ _ _ _ _ _ _ _ _ _ _ _ _ _ _ _ _ _ _ _ _ _ _ _ _ _ _ _ _ _ _ _ _ 

actual = '0', expected = 'ZZZZZZZZZZ'
where = 'order_and_total NM4-0004 bills[0] (ZZZZZZZZZZ) id'

    def _same(actual, expected, where):
>       assert type(actual) is type(expected) and actual == expected, f"{where}: {actual!r}, expected {expected!r}"
E       AssertionError: order_and_total NM4-0004 bills[0] (ZZZZZZZZZZ) id: '0', expected 'ZZZZZZZZZZ'
E       assert (<class 'str'> is <class 'str'> and '0' == 'ZZZZZZZZZZ'
E        +  where <class 'str'> = type('0')
E        +  and   <class 'str'> = type('ZZZZZZZZZZ')
E         
E         - ZZZZZZZZZZ
E         + 0)

/tests/test_outputs.py:189: AssertionError
_____________ test_small_or_farm_meter_keeps_todays_service_charge _____________

    def test_small_or_farm_meter_keeps_todays_service_charge():
        """The tariff gives no service charge for a FARM meter or one that imported under 200 kWh: today's step stands."""
>       check_family("small_service")

/tests/test_outputs.py:237: 
_ _ _ _ _ _ _ _ _ _ _ _ _ _ _ _ _ _ _ _ _ _ _ _ _ _ _ _ _ _ _ _ _ _ _ _ _ _ _ _ 
/tests/test_outputs.py:207: in check_family
    compare(run(row["reads"]), row["bills"], f"{name} {row['reads']['cycle']}")
/tests/test_outputs.py:202: in compare
    _same(row[key], ref[key], f"{label} bills[{index}] ({ref['id']}) {key}")
_ _ _ _ _ _ _ _ _ _ _ _ _ _ _ _ _ _ _ _ _ _ _ _ _ _ _ _ _ _ _ _ _ _ _ _ _ _ _ _ 

actual = 'F10', expected = 'F2'
where = 'small_service NM4-0007 bills[1] (F2) id'

    def _same(actual, expected, where):
>       assert type(actual) is type(expected) and actual == expected, f"{where}: {actual!r}, expected {expected!r}"
E       AssertionError: small_service NM4-0007 bills[1] (F2) id: 'F10', expected 'F2'
E       assert (<class 'str'> is <class 'str'> and 'F10' == 'F2'
E        +  where <class 'str'> = type('F10')
E        +  and   <class 'str'> = type('F2')
E         
E         - F2
E         + F10)

/tests/test_outputs.py:189: AssertionError
_________________________ test_rule_1_2_limits_reached _________________________

    def test_rule_1_2_limits_reached():
        """200 meters; 0 and 50,000 kWh; ids of one and ten characters."""
        assert len(load("limits")[0]["reads"]["meters"]) == 200
>       check_family("limits")

/tests/test_outputs.py:248: 
_ _ _ _ _ _ _ _ _ _ _ _ _ _ _ _ _ _ _ _ _ _ _ _ _ _ _ _ _ _ _ _ _ _ _ _ _ _ _ _ 
/tests/test_outputs.py:207: in check_family
    compare(run(row["reads"]), row["bills"], f"{name} {row['reads']['cycle']}")
/tests/test_outputs.py:202: in compare
    _same(row[key], ref[key], f"{label} bills[{index}] ({ref['id']}) {key}")
_ _ _ _ _ _ _ _ _ _ _ _ _ _ _ _ _ _ _ _ _ _ _ _ _ _ _ _ _ _ _ _ _ _ _ _ _ _ _ _ 

actual = '9', expected = 'ABCDEFGHIJ'
where = 'limits NM4-0013 bills[0] (ABCDEFGHIJ) id'

    def _same(actual, expected, where):
>       assert type(actual) is type(expected) and actual == expected, f"{where}: {actual!r}, expected {expected!r}"
E       AssertionError: limits NM4-0013 bills[0] (ABCDEFGHIJ) id: '9', expected 'ABCDEFGHIJ'
E       assert (<class 'str'> is <class 'str'> and '9' == 'ABCDEFGHIJ'
E        +  where <class 'str'> = type('9')
E        +  and   <class 'str'> = type('ABCDEFGHIJ')
E         
E         - ABCDEFGHIJ
E         + 9)

/tests/test_outputs.py:189: AssertionError
__________________________ test_generated_meter_reads __________________________

    def test_generated_meter_reads():
        """Seeded files of HOME and SHOP meters, as sealed and under fresh labels."""
>       check_family("generated")

/tests/test_outputs.py:268: 
_ _ _ _ _ _ _ _ _ _ _ _ _ _ _ _ _ _ _ _ _ _ _ _ _ _ _ _ _ _ _ _ _ _ _ _ _ _ _ _ 
/tests/test_outputs.py:207: in check_family
    compare(run(row["reads"]), row["bills"], f"{name} {row['reads']['cycle']}")
/tests/test_outputs.py:202: in compare
    _same(row[key], ref[key], f"{label} bills[{index}] ({ref['id']}) {key}")
_ _ _ _ _ _ _ _ _ _ _ _ _ _ _ _ _ _ _ _ _ _ _ _ _ _ _ _ _ _ _ _ _ _ _ _ _ _ _ _ 

actual = '1KU5O99', expected = '9O778CG0'
where = 'generated NM4-0009 bills[0] (9O778CG0) id'

    def _same(actual, expected, where):
>       assert type(actual) is type(expected) and actual == expected, f"{where}: {actual!r}, expected {expected!r}"
E       AssertionError: generated NM4-0009 bills[0] (9O778CG0) id: '1KU5O99', expected '9O778CG0'
E       assert (<class 'str'> is <class 'str'> and '1KU5O99' == '9O778CG0'
E        +  where <class 'str'> = type('1KU5O99')
E        +  and   <class 'str'> = type('9O778CG0')
E         
E         - 9O778CG0
E         + 1KU5O99)

/tests/test_outputs.py:189: AssertionError
==================================== PASSES ====================================
=========================== short test summary info ============================
PASSED ../../tests/test_outputs.py::test_rule_2_2_home_tiers
PASSED ../../tests/test_outputs.py::test_rule_2_2_shop_rate
PASSED ../../tests/test_outputs.py::test_rule_3_1_service_charges
PASSED ../../tests/test_outputs.py::test_exporter_keeps_todays_energy_credit
PASSED ../../tests/test_outputs.py::test_figures_left_to_todays_code_together
PASSED ../../tests/test_outputs.py::test_candidate_cannot_read_verifier_state
PASSED ../../tests/test_outputs.py::test_submitted_driver_unchanged
FAILED ../../tests/test_outputs.py::test_rule_3_2_totals_and_bill_order - Ass...
FAILED ../../tests/test_outputs.py::test_small_or_farm_meter_keeps_todays_service_charge
FAILED ../../tests/test_outputs.py::test_rule_1_2_limits_reached - AssertionE...
FAILED ../../tests/test_outputs.py::test_generated_meter_reads - AssertionErr...
========================= 4 failed, 7 passed in 0.62s ==========================
