============================= test session starts ==============================
platform linux -- Python 3.13.12, pytest-9.1.1, pluggy-1.6.0
rootdir: /tests
plugins: json-ctrf-0.5.2
collected 11 items

../../tests/test_outputs.py .......F...                                  [100%]

=================================== FAILURES ===================================
_________________________ test_rule_1_2_limits_reached _________________________

    def test_rule_1_2_limits_reached():
        """200 meters; 0 and 50,000 kWh; ids of one and ten characters."""
        assert len(load("limits")[0]["reads"]["meters"]) == 200
>       check_family("limits")

/tests/test_outputs.py:248: 
_ _ _ _ _ _ _ _ _ _ _ _ _ _ _ _ _ _ _ _ _ _ _ _ _ _ _ _ _ _ _ _ _ _ _ _ _ _ _ _ 
/tests/test_outputs.py:207: in check_family
    compare(run(row["reads"]), row["bills"], f"{name} {row['reads']['cycle']}")
/tests/test_outputs.py:196: in compare
    _same(actual["total"], expected["total"], f"{label} total")
_ _ _ _ _ _ _ _ _ _ _ _ _ _ _ _ _ _ _ _ _ _ _ _ _ _ _ _ _ _ _ _ _ _ _ _ _ _ _ _ 

actual = 183969247, expected = 184599594, where = 'limits NM4-0013 total'

    def _same(actual, expected, where):
>       assert type(actual) is type(expected) and actual == expected, f"{where}: {actual!r}, expected {expected!r}"
E       AssertionError: limits NM4-0013 total: 183969247, expected 184599594
E       assert (<class 'int'> is <class 'int'> and 183969247 == 184599594)
E        +  where <class 'int'> = type(183969247)
E        +  and   <class 'int'> = type(184599594)

/tests/test_outputs.py:189: AssertionError
==================================== PASSES ====================================
=========================== short test summary info ============================
PASSED ../../tests/test_outputs.py::test_rule_2_2_home_tiers
PASSED ../../tests/test_outputs.py::test_rule_2_2_shop_rate
PASSED ../../tests/test_outputs.py::test_rule_3_1_service_charges
PASSED ../../tests/test_outputs.py::test_rule_3_2_totals_and_bill_order
PASSED ../../tests/test_outputs.py::test_exporter_keeps_todays_energy_credit
PASSED ../../tests/test_outputs.py::test_small_or_farm_meter_keeps_todays_service_charge
PASSED ../../tests/test_outputs.py::test_figures_left_to_todays_code_together
PASSED ../../tests/test_outputs.py::test_generated_meter_reads
PASSED ../../tests/test_outputs.py::test_candidate_cannot_read_verifier_state
PASSED ../../tests/test_outputs.py::test_submitted_driver_unchanged
FAILED ../../tests/test_outputs.py::test_rule_1_2_limits_reached - AssertionE...
========================= 1 failed, 10 passed in 0.75s =========================
