============================= test session starts ==============================
platform linux -- Python 3.13.12, pytest-9.1.1, pluggy-1.6.0
rootdir: /tests
plugins: json-ctrf-0.5.2
collected 11 items

../../tests/test_outputs.py F.F..F.F...                                  [100%]

=================================== FAILURES ===================================
___________________________ test_rule_2_2_home_tiers ___________________________

    def test_rule_2_2_home_tiers():
        """28 cents for the first 300 kWh of a HOME net, 34 after; 299, 300, 301 and far more."""
>       check_family("home_tiers")

/tests/test_outputs.py:212: 
_ _ _ _ _ _ _ _ _ _ _ _ _ _ _ _ _ _ _ _ _ _ _ _ _ _ _ _ _ _ _ _ _ _ _ _ _ _ _ _ 
/tests/test_outputs.py:207: in check_family
    compare(run(row["reads"]), row["bills"], f"{name} {row['reads']['cycle']}")
/tests/test_outputs.py:196: in compare
    _same(actual["total"], expected["total"], f"{label} total")
_ _ _ _ _ _ _ _ _ _ _ _ _ _ _ _ _ _ _ _ _ _ _ _ _ _ _ _ _ _ _ _ _ _ _ _ _ _ _ _ 

actual = 1767750, expected = 1767784, where = 'home_tiers NM4-0001 total'

    def _same(actual, expected, where):
>       assert type(actual) is type(expected) and actual == expected, f"{where}: {actual!r}, expected {expected!r}"
E       AssertionError: home_tiers NM4-0001 total: 1767750, expected 1767784
E       assert (<class 'int'> is <class 'int'> and 1767750 == 1767784)
E        +  where <class 'int'> = type(1767750)
E        +  and   <class 'int'> = type(1767784)

/tests/test_outputs.py:189: AssertionError
________________________ test_rule_3_1_service_charges _________________________

    def test_rule_3_1_service_charges():
        """HOME 950 and SHOP 1,450 from 200 kWh imported."""
>       check_family("service")

/tests/test_outputs.py:222: 
_ _ _ _ _ _ _ _ _ _ _ _ _ _ _ _ _ _ _ _ _ _ _ _ _ _ _ _ _ _ _ _ _ _ _ _ _ _ _ _ 
/tests/test_outputs.py:207: in check_family
    compare(run(row["reads"]), row["bills"], f"{name} {row['reads']['cycle']}")
/tests/test_outputs.py:196: in compare
    _same(actual["total"], expected["total"], f"{label} total")
_ _ _ _ _ _ _ _ _ _ _ _ _ _ _ _ _ _ _ _ _ _ _ _ _ _ _ _ _ _ _ _ _ _ _ _ _ _ _ _ 

actual = 1592669, expected = 1592700, where = 'service NM4-0003 total'

    def _same(actual, expected, where):
>       assert type(actual) is type(expected) and actual == expected, f"{where}: {actual!r}, expected {expected!r}"
E       AssertionError: service NM4-0003 total: 1592669, expected 1592700
E       assert (<class 'int'> is <class 'int'> and 1592669 == 1592700)
E        +  where <class 'int'> = type(1592669)
E        +  and   <class 'int'> = type(1592700)

/tests/test_outputs.py:189: AssertionError
_____________ test_small_or_farm_meter_keeps_todays_service_charge _____________

    def test_small_or_farm_meter_keeps_todays_service_charge():
        """The tariff gives no service charge for a FARM meter or one that imported under 200 kWh: today's step stands."""
>       check_family("small_service")

/tests/test_outputs.py:237: 
_ _ _ _ _ _ _ _ _ _ _ _ _ _ _ _ _ _ _ _ _ _ _ _ _ _ _ _ _ _ _ _ _ _ _ _ _ _ _ _ 
/tests/test_outputs.py:207: in check_family
    compare(run(row["reads"]), row["bills"], f"{name} {row['reads']['cycle']}")
/tests/test_outputs.py:196: in compare
    _same(actual["total"], expected["total"], f"{label} total")
_ _ _ _ _ _ _ _ _ _ _ _ _ _ _ _ _ _ _ _ _ _ _ _ _ _ _ _ _ _ _ _ _ _ _ _ _ _ _ _ 

actual = 1144582, expected = 1144604, where = 'small_service NM4-0007 total'

    def _same(actual, expected, where):
>       assert type(actual) is type(expected) and actual == expected, f"{where}: {actual!r}, expected {expected!r}"
E       AssertionError: small_service NM4-0007 total: 1144582, expected 1144604
E       assert (<class 'int'> is <class 'int'> and 1144582 == 1144604)
E        +  where <class 'int'> = type(1144582)
E        +  and   <class 'int'> = type(1144604)

/tests/test_outputs.py:189: AssertionError
_________________________ test_rule_1_2_limits_reached _________________________

    def test_rule_1_2_limits_reached():
        """200 meters; 0 and 50,000 kWh; ids of one and ten characters."""
        assert len(load("limits")[0]["reads"]["meters"]) == 200
>       check_family("limits")

/tests/test_outputs.py:248: 
_ _ _ _ _ _ _ _ _ _ _ _ _ _ _ _ _ _ _ _ _ _ _ _ _ _ _ _ _ _ _ _ _ _ _ _ _ _ _ _ 
/tests/test_outputs.py:207: in check_family
    compare(run(row["reads"]), row["bills"], f"{name} {row['reads']['cycle']}")
/tests/test_outputs.py:196: in compare
    _same(actual["total"], expected["total"], f"{label} total")
_ _ _ _ _ _ _ _ _ _ _ _ _ _ _ _ _ _ _ _ _ _ _ _ _ _ _ _ _ _ _ _ _ _ _ _ _ _ _ _ 

actual = 184597929, expected = 184599594, where = 'limits NM4-0013 total'

    def _same(actual, expected, where):
>       assert type(actual) is type(expected) and actual == expected, f"{where}: {actual!r}, expected {expected!r}"
E       AssertionError: limits NM4-0013 total: 184597929, expected 184599594
E       assert (<class 'int'> is <class 'int'> and 184597929 == 184599594)
E        +  where <class 'int'> = type(184597929)
E        +  and   <class 'int'> = type(184599594)

/tests/test_outputs.py:189: AssertionError
==================================== PASSES ====================================
=========================== short test summary info ============================
PASSED ../../tests/test_outputs.py::test_rule_2_2_shop_rate
PASSED ../../tests/test_outputs.py::test_rule_3_2_totals_and_bill_order
PASSED ../../tests/test_outputs.py::test_exporter_keeps_todays_energy_credit
PASSED ../../tests/test_outputs.py::test_figures_left_to_todays_code_together
PASSED ../../tests/test_outputs.py::test_generated_meter_reads
PASSED ../../tests/test_outputs.py::test_candidate_cannot_read_verifier_state
PASSED ../../tests/test_outputs.py::test_submitted_driver_unchanged
FAILED ../../tests/test_outputs.py::test_rule_2_2_home_tiers - AssertionError...
FAILED ../../tests/test_outputs.py::test_rule_3_1_service_charges - Assertion...
FAILED ../../tests/test_outputs.py::test_small_or_farm_meter_keeps_todays_service_charge
FAILED ../../tests/test_outputs.py::test_rule_1_2_limits_reached - AssertionE...
========================= 4 failed, 7 passed in 0.89s ==========================
