============================= test session starts ==============================
platform linux -- Python 3.13.12, pytest-9.1.1, pluggy-1.6.0
rootdir: /tests
plugins: json-ctrf-0.5.2
collected 11 items

../../tests/test_outputs.py ....F.F....                                  [100%]

=================================== FAILURES ===================================
___________________ test_exporter_keeps_todays_energy_credit ___________________

    def test_exporter_keeps_todays_energy_credit():
        """The tariff gives no energy charge for a meter that exported more than it imported: today's step stands."""
>       check_family("exporters")

/tests/test_outputs.py:232: 
_ _ _ _ _ _ _ _ _ _ _ _ _ _ _ _ _ _ _ _ _ _ _ _ _ _ _ _ _ _ _ _ _ _ _ _ _ _ _ _ 
/tests/test_outputs.py:207: in check_family
    compare(run(row["reads"]), row["bills"], f"{name} {row['reads']['cycle']}")
/tests/test_outputs.py:196: in compare
    _same(actual["total"], expected["total"], f"{label} total")
_ _ _ _ _ _ _ _ _ _ _ _ _ _ _ _ _ _ _ _ _ _ _ _ _ _ _ _ _ _ _ _ _ _ _ _ _ _ _ _ 

actual = 18000, expected = -1398928, where = 'exporters NM4-0006 total'

    def _same(actual, expected, where):
>       assert type(actual) is type(expected) and actual == expected, f"{where}: {actual!r}, expected {expected!r}"
E       AssertionError: exporters NM4-0006 total: 18000, expected -1398928
E       assert (<class 'int'> is <class 'int'> and 18000 == -1398928)
E        +  where <class 'int'> = type(18000)
E        +  and   <class 'int'> = type(-1398928)

/tests/test_outputs.py:189: AssertionError
__________________ test_figures_left_to_todays_code_together ___________________

    def test_figures_left_to_todays_code_together():
        """FARM and small exporters beside homes and shops."""
>       check_family("together")

/tests/test_outputs.py:242: 
_ _ _ _ _ _ _ _ _ _ _ _ _ _ _ _ _ _ _ _ _ _ _ _ _ _ _ _ _ _ _ _ _ _ _ _ _ _ _ _ 
/tests/test_outputs.py:207: in check_family
    compare(run(row["reads"]), row["bills"], f"{name} {row['reads']['cycle']}")
/tests/test_outputs.py:196: in compare
    _same(actual["total"], expected["total"], f"{label} total")
_ _ _ _ _ _ _ _ _ _ _ _ _ _ _ _ _ _ _ _ _ _ _ _ _ _ _ _ _ _ _ _ _ _ _ _ _ _ _ _ 

actual = 11050, expected = -10407, where = 'together NM4-0008 total'

    def _same(actual, expected, where):
>       assert type(actual) is type(expected) and actual == expected, f"{where}: {actual!r}, expected {expected!r}"
E       AssertionError: together NM4-0008 total: 11050, expected -10407
E       assert (<class 'int'> is <class 'int'> and 11050 == -10407)
E        +  where <class 'int'> = type(11050)
E        +  and   <class 'int'> = type(-10407)

/tests/test_outputs.py:189: AssertionError
==================================== PASSES ====================================
=========================== short test summary info ============================
PASSED ../../tests/test_outputs.py::test_rule_2_2_home_tiers
PASSED ../../tests/test_outputs.py::test_rule_2_2_shop_rate
PASSED ../../tests/test_outputs.py::test_rule_3_1_service_charges
PASSED ../../tests/test_outputs.py::test_rule_3_2_totals_and_bill_order
PASSED ../../tests/test_outputs.py::test_small_or_farm_meter_keeps_todays_service_charge
PASSED ../../tests/test_outputs.py::test_rule_1_2_limits_reached
PASSED ../../tests/test_outputs.py::test_generated_meter_reads
PASSED ../../tests/test_outputs.py::test_candidate_cannot_read_verifier_state
PASSED ../../tests/test_outputs.py::test_submitted_driver_unchanged
FAILED ../../tests/test_outputs.py::test_exporter_keeps_todays_energy_credit
FAILED ../../tests/test_outputs.py::test_figures_left_to_todays_code_together
========================= 2 failed, 9 passed in 0.79s ==========================
