============================= test session starts ==============================
platform linux -- Python 3.13.12, pytest-9.1.1, pluggy-1.6.0
rootdir: /tests
plugins: json-ctrf-0.5.2
collected 11 items

../../tests/test_outputs.py .....F.....                                  [100%]

=================================== FAILURES ===================================
_____________ test_small_or_farm_meter_keeps_todays_service_charge _____________

    def test_small_or_farm_meter_keeps_todays_service_charge():
        """The tariff gives no service charge for a FARM meter or one that imported under 200 kWh: today's step stands."""
>       check_family("small_service")

/tests/test_outputs.py:237: 
_ _ _ _ _ _ _ _ _ _ _ _ _ _ _ _ _ _ _ _ _ _ _ _ _ _ _ _ _ _ _ _ _ _ _ _ _ _ _ _ 
/tests/test_outputs.py:207: in check_family
    compare(run(row["reads"]), row["bills"], f"{name} {row['reads']['cycle']}")
/tests/test_outputs.py:196: in compare
    _same(actual["total"], expected["total"], f"{label} total")
_ _ _ _ _ _ _ _ _ _ _ _ _ _ _ _ _ _ _ _ _ _ _ _ _ _ _ _ _ _ _ _ _ _ _ _ _ _ _ _ 

actual = 1137954, expected = 1144604, where = 'small_service NM4-0007 total'

    def _same(actual, expected, where):
>       assert type(actual) is type(expected) and actual == expected, f"{where}: {actual!r}, expected {expected!r}"
E       AssertionError: small_service NM4-0007 total: 1137954, expected 1144604
E       assert (<class 'int'> is <class 'int'> and 1137954 == 1144604)
E        +  where <class 'int'> = type(1137954)
E        +  and   <class 'int'> = type(1144604)

/tests/test_outputs.py:189: AssertionError
==================================== PASSES ====================================
=========================== short test summary info ============================
PASSED ../../tests/test_outputs.py::test_rule_2_2_home_tiers
PASSED ../../tests/test_outputs.py::test_rule_2_2_shop_rate
PASSED ../../tests/test_outputs.py::test_rule_3_1_service_charges
PASSED ../../tests/test_outputs.py::test_rule_3_2_totals_and_bill_order
PASSED ../../tests/test_outputs.py::test_exporter_keeps_todays_energy_credit
PASSED ../../tests/test_outputs.py::test_figures_left_to_todays_code_together
PASSED ../../tests/test_outputs.py::test_rule_1_2_limits_reached
PASSED ../../tests/test_outputs.py::test_generated_meter_reads
PASSED ../../tests/test_outputs.py::test_candidate_cannot_read_verifier_state
PASSED ../../tests/test_outputs.py::test_submitted_driver_unchanged
FAILED ../../tests/test_outputs.py::test_small_or_farm_meter_keeps_todays_service_charge
========================= 1 failed, 10 passed in 0.73s =========================
