============================= test session starts ==============================
platform linux -- Python 3.13.12, pytest-9.1.1, pluggy-1.6.0
rootdir: /tests
plugins: json-ctrf-0.5.2
collected 8 items

../../tests/test_outputs.py .F.F.F.F                                     [100%]

=================================== FAILURES ===================================
_________________________ test_day_1_plan_meets_target _________________________

    def test_day_1_plan_meets_target():
>       check_target("day-1")

/tests/test_outputs.py:63: 
_ _ _ _ _ _ _ _ _ _ _ _ _ _ _ _ _ _ _ _ _ _ _ _ _ _ _ _ _ _ _ _ _ _ _ _ _ _ _ _ 

name = 'day-1'

    def check_target(name):
        cost = _cost(name)
>       assert cost <= TARGETS[name], f"{name}: plan costs {cost}, target is {TARGETS[name]}"
E       AssertionError: day-1: plan costs 7247660, target is 7241380
E       assert 7247660 <= 7241380

/tests/test_outputs.py:55: AssertionError
_________________________ test_day_2_plan_meets_target _________________________

    def test_day_2_plan_meets_target():
>       check_target("day-2")

/tests/test_outputs.py:71: 
_ _ _ _ _ _ _ _ _ _ _ _ _ _ _ _ _ _ _ _ _ _ _ _ _ _ _ _ _ _ _ _ _ _ _ _ _ _ _ _ 

name = 'day-2'

    def check_target(name):
        cost = _cost(name)
>       assert cost <= TARGETS[name], f"{name}: plan costs {cost}, target is {TARGETS[name]}"
E       AssertionError: day-2: plan costs 9087765, target is 9017700
E       assert 9087765 <= 9017700

/tests/test_outputs.py:55: AssertionError
_________________________ test_day_3_plan_meets_target _________________________

    def test_day_3_plan_meets_target():
>       check_target("day-3")

/tests/test_outputs.py:79: 
_ _ _ _ _ _ _ _ _ _ _ _ _ _ _ _ _ _ _ _ _ _ _ _ _ _ _ _ _ _ _ _ _ _ _ _ _ _ _ _ 

name = 'day-3'

    def check_target(name):
        cost = _cost(name)
>       assert cost <= TARGETS[name], f"{name}: plan costs {cost}, target is {TARGETS[name]}"
E       AssertionError: day-3: plan costs 10178350, target is 10098740
E       assert 10178350 <= 10098740

/tests/test_outputs.py:55: AssertionError
_________________________ test_day_4_plan_meets_target _________________________

    def test_day_4_plan_meets_target():
>       check_target("day-4")

/tests/test_outputs.py:87: 
_ _ _ _ _ _ _ _ _ _ _ _ _ _ _ _ _ _ _ _ _ _ _ _ _ _ _ _ _ _ _ _ _ _ _ _ _ _ _ _ 

name = 'day-4'

    def check_target(name):
        cost = _cost(name)
>       assert cost <= TARGETS[name], f"{name}: plan costs {cost}, target is {TARGETS[name]}"
E       AssertionError: day-4: plan costs 15534705, target is 15505590
E       assert 15534705 <= 15505590

/tests/test_outputs.py:55: AssertionError
==================================== PASSES ====================================
=========================== short test summary info ============================
PASSED ../../tests/test_outputs.py::test_day_1_plan_is_valid
PASSED ../../tests/test_outputs.py::test_day_2_plan_is_valid
PASSED ../../tests/test_outputs.py::test_day_3_plan_is_valid
PASSED ../../tests/test_outputs.py::test_day_4_plan_is_valid
FAILED ../../tests/test_outputs.py::test_day_1_plan_meets_target - AssertionE...
FAILED ../../tests/test_outputs.py::test_day_2_plan_meets_target - AssertionE...
FAILED ../../tests/test_outputs.py::test_day_3_plan_meets_target - AssertionE...
FAILED ../../tests/test_outputs.py::test_day_4_plan_meets_target - AssertionE...
========================= 4 failed, 4 passed in 0.04s ==========================
