============================= test session starts ==============================
platform linux -- Python 3.13.12, pytest-9.1.1, pluggy-1.6.0
rootdir: /tests
plugins: json-ctrf-0.5.2
collected 11 items

../../tests/test_outputs.py .......F...                                  [100%]

=================================== FAILURES ===================================
_________________________ test_rule_1_2_limits_reached _________________________

    def test_rule_1_2_limits_reached():
        """200 lines; 60 sessions; sessions of 1 and 2,000,000 kB; rates 1 and 500."""
        assert len(load("limits")[0]["usage"]["lines"]) == 200
>       check_family("limits")

/tests/test_outputs.py:252: 
_ _ _ _ _ _ _ _ _ _ _ _ _ _ _ _ _ _ _ _ _ _ _ _ _ _ _ _ _ _ _ _ _ _ _ _ _ _ _ _ 
/tests/test_outputs.py:211: in check_family
    compare(run(row["usage"]), row["statement"], f"{name} {row['usage']['account']}")
/tests/test_outputs.py:200: in compare
    _same(actual["total"], expected["total"], f"{label} total")
_ _ _ _ _ _ _ _ _ _ _ _ _ _ _ _ _ _ _ _ _ _ _ _ _ _ _ _ _ _ _ _ _ _ _ _ _ _ _ _ 

actual = 52254816, expected = 52545665, where = 'limits MD2-0013 total'

    def _same(actual, expected, where):
>       assert type(actual) is type(expected) and actual == expected, f"{where}: {actual!r}, expected {expected!r}"
E       AssertionError: limits MD2-0013 total: 52254816, expected 52545665
E       assert (<class 'int'> is <class 'int'> and 52254816 == 52545665)
E        +  where <class 'int'> = type(52254816)
E        +  and   <class 'int'> = type(52545665)

/tests/test_outputs.py:193: AssertionError
==================================== PASSES ====================================
=========================== short test summary info ============================
PASSED ../../tests/test_outputs.py::test_rule_2_1_sessions_in_whole_megabytes
PASSED ../../tests/test_outputs.py::test_rule_2_2_plan_allowances
PASSED ../../tests/test_outputs.py::test_rule_3_1_one_cent_after_the_first_1024_mb
PASSED ../../tests/test_outputs.py::test_rule_3_2_total_and_line_order
PASSED ../../tests/test_outputs.py::test_flex_line_keeps_todays_allowance
PASSED ../../tests/test_outputs.py::test_line_not_over_keeps_todays_overage_and_charge
PASSED ../../tests/test_outputs.py::test_figures_left_to_todays_code_together
PASSED ../../tests/test_outputs.py::test_generated_account_files
PASSED ../../tests/test_outputs.py::test_candidate_cannot_read_verifier_state
PASSED ../../tests/test_outputs.py::test_submitted_driver_unchanged
FAILED ../../tests/test_outputs.py::test_rule_1_2_limits_reached - AssertionE...
========================= 1 failed, 10 passed in 0.69s =========================
