============================= test session starts ==============================
platform linux -- Python 3.13.12, pytest-9.1.1, pluggy-1.6.0
rootdir: /tests
plugins: json-ctrf-0.5.2
collected 11 items

../../tests/test_outputs.py ...FF..F...                                  [100%]

=================================== FAILURES ===================================
______________________ test_rule_3_2_total_and_line_order ______________________

    def test_rule_3_2_total_and_line_order():
        """Every charge and the total, lines in file order, ids of one to ten characters."""
>       check_family("order_and_total")

/tests/test_outputs.py:231: 
_ _ _ _ _ _ _ _ _ _ _ _ _ _ _ _ _ _ _ _ _ _ _ _ _ _ _ _ _ _ _ _ _ _ _ _ _ _ _ _ 
/tests/test_outputs.py:211: in check_family
    compare(run(row["usage"]), row["statement"], f"{name} {row['usage']['account']}")
/tests/test_outputs.py:200: in compare
    _same(actual["total"], expected["total"], f"{label} total")
_ _ _ _ _ _ _ _ _ _ _ _ _ _ _ _ _ _ _ _ _ _ _ _ _ _ _ _ _ _ _ _ _ _ _ _ _ _ _ _ 

actual = 640291, expected = 642245, where = 'order_and_total MD2-0004 total'

    def _same(actual, expected, where):
>       assert type(actual) is type(expected) and actual == expected, f"{where}: {actual!r}, expected {expected!r}"
E       AssertionError: order_and_total MD2-0004 total: 640291, expected 642245
E       assert (<class 'int'> is <class 'int'> and 640291 == 642245)
E        +  where <class 'int'> = type(640291)
E        +  and   <class 'int'> = type(642245)

/tests/test_outputs.py:193: AssertionError
____________________ test_flex_line_keeps_todays_allowance _____________________

    def test_flex_line_keeps_todays_allowance():
        """The tariff gives no allowance for a FLEX line: today's step stands."""
>       check_family("flex")

/tests/test_outputs.py:236: 
_ _ _ _ _ _ _ _ _ _ _ _ _ _ _ _ _ _ _ _ _ _ _ _ _ _ _ _ _ _ _ _ _ _ _ _ _ _ _ _ 
/tests/test_outputs.py:211: in check_family
    compare(run(row["usage"]), row["statement"], f"{name} {row['usage']['account']}")
/tests/test_outputs.py:200: in compare
    _same(actual["total"], expected["total"], f"{label} total")
_ _ _ _ _ _ _ _ _ _ _ _ _ _ _ _ _ _ _ _ _ _ _ _ _ _ _ _ _ _ _ _ _ _ _ _ _ _ _ _ 

actual = 650210, expected = 652164, where = 'flex MD2-0006 total'

    def _same(actual, expected, where):
>       assert type(actual) is type(expected) and actual == expected, f"{where}: {actual!r}, expected {expected!r}"
E       AssertionError: flex MD2-0006 total: 650210, expected 652164
E       assert (<class 'int'> is <class 'int'> and 650210 == 652164)
E        +  where <class 'int'> = type(650210)
E        +  and   <class 'int'> = type(652164)

/tests/test_outputs.py:193: AssertionError
_________________________ test_rule_1_2_limits_reached _________________________

    def test_rule_1_2_limits_reached():
        """200 lines; 60 sessions; sessions of 1 and 2,000,000 kB; rates 1 and 500."""
        assert len(load("limits")[0]["usage"]["lines"]) == 200
>       check_family("limits")

/tests/test_outputs.py:252: 
_ _ _ _ _ _ _ _ _ _ _ _ _ _ _ _ _ _ _ _ _ _ _ _ _ _ _ _ _ _ _ _ _ _ _ _ _ _ _ _ 
/tests/test_outputs.py:211: in check_family
    compare(run(row["usage"]), row["statement"], f"{name} {row['usage']['account']}")
/tests/test_outputs.py:200: in compare
    _same(actual["total"], expected["total"], f"{label} total")
_ _ _ _ _ _ _ _ _ _ _ _ _ _ _ _ _ _ _ _ _ _ _ _ _ _ _ _ _ _ _ _ _ _ _ _ _ _ _ _ 

actual = 52543711, expected = 52545665, where = 'limits MD2-0013 total'

    def _same(actual, expected, where):
>       assert type(actual) is type(expected) and actual == expected, f"{where}: {actual!r}, expected {expected!r}"
E       AssertionError: limits MD2-0013 total: 52543711, expected 52545665
E       assert (<class 'int'> is <class 'int'> and 52543711 == 52545665)
E        +  where <class 'int'> = type(52543711)
E        +  and   <class 'int'> = type(52545665)

/tests/test_outputs.py:193: AssertionError
==================================== PASSES ====================================
=========================== short test summary info ============================
PASSED ../../tests/test_outputs.py::test_rule_2_1_sessions_in_whole_megabytes
PASSED ../../tests/test_outputs.py::test_rule_2_2_plan_allowances
PASSED ../../tests/test_outputs.py::test_rule_3_1_one_cent_after_the_first_1024_mb
PASSED ../../tests/test_outputs.py::test_line_not_over_keeps_todays_overage_and_charge
PASSED ../../tests/test_outputs.py::test_figures_left_to_todays_code_together
PASSED ../../tests/test_outputs.py::test_generated_account_files
PASSED ../../tests/test_outputs.py::test_candidate_cannot_read_verifier_state
PASSED ../../tests/test_outputs.py::test_submitted_driver_unchanged
FAILED ../../tests/test_outputs.py::test_rule_3_2_total_and_line_order - Asse...
FAILED ../../tests/test_outputs.py::test_flex_line_keeps_todays_allowance - A...
FAILED ../../tests/test_outputs.py::test_rule_1_2_limits_reached - AssertionE...
========================= 3 failed, 8 passed in 0.67s ==========================
