============================= test session starts ==============================
platform linux -- Python 3.13.12, pytest-9.1.1, pluggy-1.6.0
rootdir: /tests
plugins: json-ctrf-0.5.2
collected 11 items

../../tests/test_outputs.py FFFFFFFFF..                                  [100%]

=================================== FAILURES ===================================
__________________ test_rule_2_1_sessions_in_whole_megabytes ___________________

    def test_rule_2_1_sessions_in_whole_megabytes():
        """Each session in whole megabytes, a part megabyte counting as a whole one."""
>       check_family("sessions")

/tests/test_outputs.py:216: 
_ _ _ _ _ _ _ _ _ _ _ _ _ _ _ _ _ _ _ _ _ _ _ _ _ _ _ _ _ _ _ _ _ _ _ _ _ _ _ _ 
/tests/test_outputs.py:211: in check_family
    compare(run(row["usage"]), row["statement"], f"{name} {row['usage']['account']}")
/tests/test_outputs.py:200: in compare
    _same(actual["total"], expected["total"], f"{label} total")
_ _ _ _ _ _ _ _ _ _ _ _ _ _ _ _ _ _ _ _ _ _ _ _ _ _ _ _ _ _ _ _ _ _ _ _ _ _ _ _ 

actual = 513257, expected = 512537, where = 'sessions MD2-0001 total'

    def _same(actual, expected, where):
>       assert type(actual) is type(expected) and actual == expected, f"{where}: {actual!r}, expected {expected!r}"
E       AssertionError: sessions MD2-0001 total: 513257, expected 512537
E       assert (<class 'int'> is <class 'int'> and 513257 == 512537)
E        +  where <class 'int'> = type(513257)
E        +  and   <class 'int'> = type(512537)

/tests/test_outputs.py:193: AssertionError
________________________ test_rule_2_2_plan_allowances _________________________

    def test_rule_2_2_plan_allowances():
        """BASIC 2,048 MB and PLUS 10,240 MB; one megabyte over each."""
>       check_family("plans")

/tests/test_outputs.py:221: 
_ _ _ _ _ _ _ _ _ _ _ _ _ _ _ _ _ _ _ _ _ _ _ _ _ _ _ _ _ _ _ _ _ _ _ _ _ _ _ _ 
/tests/test_outputs.py:211: in check_family
    compare(run(row["usage"]), row["statement"], f"{name} {row['usage']['account']}")
/tests/test_outputs.py:200: in compare
    _same(actual["total"], expected["total"], f"{label} total")
_ _ _ _ _ _ _ _ _ _ _ _ _ _ _ _ _ _ _ _ _ _ _ _ _ _ _ _ _ _ _ _ _ _ _ _ _ _ _ _ 

actual = 544371, expected = 541971, where = 'plans MD2-0002 total'

    def _same(actual, expected, where):
>       assert type(actual) is type(expected) and actual == expected, f"{where}: {actual!r}, expected {expected!r}"
E       AssertionError: plans MD2-0002 total: 544371, expected 541971
E       assert (<class 'int'> is <class 'int'> and 544371 == 541971)
E        +  where <class 'int'> = type(544371)
E        +  and   <class 'int'> = type(541971)

/tests/test_outputs.py:193: AssertionError
________________ test_rule_3_1_one_cent_after_the_first_1024_mb ________________

    def test_rule_3_1_one_cent_after_the_first_1024_mb():
        """The rate for each of the first 1,024 MB of overage, 1 cent for each megabyte after."""
>       check_family("later_rate")

/tests/test_outputs.py:226: 
_ _ _ _ _ _ _ _ _ _ _ _ _ _ _ _ _ _ _ _ _ _ _ _ _ _ _ _ _ _ _ _ _ _ _ _ _ _ _ _ 
/tests/test_outputs.py:211: in check_family
    compare(run(row["usage"]), row["statement"], f"{name} {row['usage']['account']}")
/tests/test_outputs.py:200: in compare
    _same(actual["total"], expected["total"], f"{label} total")
_ _ _ _ _ _ _ _ _ _ _ _ _ _ _ _ _ _ _ _ _ _ _ _ _ _ _ _ _ _ _ _ _ _ _ _ _ _ _ _ 

actual = 516603, expected = 515883, where = 'later_rate MD2-0003 total'

    def _same(actual, expected, where):
>       assert type(actual) is type(expected) and actual == expected, f"{where}: {actual!r}, expected {expected!r}"
E       AssertionError: later_rate MD2-0003 total: 516603, expected 515883
E       assert (<class 'int'> is <class 'int'> and 516603 == 515883)
E        +  where <class 'int'> = type(516603)
E        +  and   <class 'int'> = type(515883)

/tests/test_outputs.py:193: AssertionError
______________________ test_rule_3_2_total_and_line_order ______________________

    def test_rule_3_2_total_and_line_order():
        """Every charge and the total, lines in file order, ids of one to ten characters."""
>       check_family("order_and_total")

/tests/test_outputs.py:231: 
_ _ _ _ _ _ _ _ _ _ _ _ _ _ _ _ _ _ _ _ _ _ _ _ _ _ _ _ _ _ _ _ _ _ _ _ _ _ _ _ 
/tests/test_outputs.py:211: in check_family
    compare(run(row["usage"]), row["statement"], f"{name} {row['usage']['account']}")
/tests/test_outputs.py:200: in compare
    _same(actual["total"], expected["total"], f"{label} total")
_ _ _ _ _ _ _ _ _ _ _ _ _ _ _ _ _ _ _ _ _ _ _ _ _ _ _ _ _ _ _ _ _ _ _ _ _ _ _ _ 

actual = 642485, expected = 642245, where = 'order_and_total MD2-0004 total'

    def _same(actual, expected, where):
>       assert type(actual) is type(expected) and actual == expected, f"{where}: {actual!r}, expected {expected!r}"
E       AssertionError: order_and_total MD2-0004 total: 642485, expected 642245
E       assert (<class 'int'> is <class 'int'> and 642485 == 642245)
E        +  where <class 'int'> = type(642485)
E        +  and   <class 'int'> = type(642245)

/tests/test_outputs.py:193: AssertionError
____________________ test_flex_line_keeps_todays_allowance _____________________

    def test_flex_line_keeps_todays_allowance():
        """The tariff gives no allowance for a FLEX line: today's step stands."""
>       check_family("flex")

/tests/test_outputs.py:236: 
_ _ _ _ _ _ _ _ _ _ _ _ _ _ _ _ _ _ _ _ _ _ _ _ _ _ _ _ _ _ _ _ _ _ _ _ _ _ _ _ 
/tests/test_outputs.py:211: in check_family
    compare(run(row["usage"]), row["statement"], f"{name} {row['usage']['account']}")
/tests/test_outputs.py:200: in compare
    _same(actual["total"], expected["total"], f"{label} total")
_ _ _ _ _ _ _ _ _ _ _ _ _ _ _ _ _ _ _ _ _ _ _ _ _ _ _ _ _ _ _ _ _ _ _ _ _ _ _ _ 

actual = 654564, expected = 652164, where = 'flex MD2-0006 total'

    def _same(actual, expected, where):
>       assert type(actual) is type(expected) and actual == expected, f"{where}: {actual!r}, expected {expected!r}"
E       AssertionError: flex MD2-0006 total: 654564, expected 652164
E       assert (<class 'int'> is <class 'int'> and 654564 == 652164)
E        +  where <class 'int'> = type(654564)
E        +  and   <class 'int'> = type(652164)

/tests/test_outputs.py:193: AssertionError
______________ test_line_not_over_keeps_todays_overage_and_charge ______________

    def test_line_not_over_keeps_todays_overage_and_charge():
        """The tariff gives no overage or charge for a line inside its allowance: today's step stands."""
>       check_family("not_over")

/tests/test_outputs.py:241: 
_ _ _ _ _ _ _ _ _ _ _ _ _ _ _ _ _ _ _ _ _ _ _ _ _ _ _ _ _ _ _ _ _ _ _ _ _ _ _ _ 
/tests/test_outputs.py:211: in check_family
    compare(run(row["usage"]), row["statement"], f"{name} {row['usage']['account']}")
/tests/test_outputs.py:200: in compare
    _same(actual["total"], expected["total"], f"{label} total")
_ _ _ _ _ _ _ _ _ _ _ _ _ _ _ _ _ _ _ _ _ _ _ _ _ _ _ _ _ _ _ _ _ _ _ _ _ _ _ _ 

actual = -1088005, expected = -1090645, where = 'not_over MD2-0007 total'

    def _same(actual, expected, where):
>       assert type(actual) is type(expected) and actual == expected, f"{where}: {actual!r}, expected {expected!r}"
E       AssertionError: not_over MD2-0007 total: -1088005, expected -1090645
E       assert (<class 'int'> is <class 'int'> and -1088005 == -1090645)
E        +  where <class 'int'> = type(-1088005)
E        +  and   <class 'int'> = type(-1090645)

/tests/test_outputs.py:193: AssertionError
__________________ test_figures_left_to_todays_code_together ___________________

    def test_figures_left_to_todays_code_together():
        """FLEX lines inside and past their allowance, beside BASIC and PLUS lines."""
>       check_family("together")

/tests/test_outputs.py:246: 
_ _ _ _ _ _ _ _ _ _ _ _ _ _ _ _ _ _ _ _ _ _ _ _ _ _ _ _ _ _ _ _ _ _ _ _ _ _ _ _ 
/tests/test_outputs.py:211: in check_family
    compare(run(row["usage"]), row["statement"], f"{name} {row['usage']['account']}")
/tests/test_outputs.py:200: in compare
    _same(actual["total"], expected["total"], f"{label} total")
_ _ _ _ _ _ _ _ _ _ _ _ _ _ _ _ _ _ _ _ _ _ _ _ _ _ _ _ _ _ _ _ _ _ _ _ _ _ _ _ 

actual = -76948, expected = -78388, where = 'together MD2-0008 total'

    def _same(actual, expected, where):
>       assert type(actual) is type(expected) and actual == expected, f"{where}: {actual!r}, expected {expected!r}"
E       AssertionError: together MD2-0008 total: -76948, expected -78388
E       assert (<class 'int'> is <class 'int'> and -76948 == -78388)
E        +  where <class 'int'> = type(-76948)
E        +  and   <class 'int'> = type(-78388)

/tests/test_outputs.py:193: AssertionError
_________________________ test_rule_1_2_limits_reached _________________________

    def test_rule_1_2_limits_reached():
        """200 lines; 60 sessions; sessions of 1 and 2,000,000 kB; rates 1 and 500."""
        assert len(load("limits")[0]["usage"]["lines"]) == 200
>       check_family("limits")

/tests/test_outputs.py:252: 
_ _ _ _ _ _ _ _ _ _ _ _ _ _ _ _ _ _ _ _ _ _ _ _ _ _ _ _ _ _ _ _ _ _ _ _ _ _ _ _ 
/tests/test_outputs.py:211: in check_family
    compare(run(row["usage"]), row["statement"], f"{name} {row['usage']['account']}")
/tests/test_outputs.py:200: in compare
    _same(actual["total"], expected["total"], f"{label} total")
_ _ _ _ _ _ _ _ _ _ _ _ _ _ _ _ _ _ _ _ _ _ _ _ _ _ _ _ _ _ _ _ _ _ _ _ _ _ _ _ 

actual = 52684385, expected = 52545665, where = 'limits MD2-0013 total'

    def _same(actual, expected, where):
>       assert type(actual) is type(expected) and actual == expected, f"{where}: {actual!r}, expected {expected!r}"
E       AssertionError: limits MD2-0013 total: 52684385, expected 52545665
E       assert (<class 'int'> is <class 'int'> and 52684385 == 52545665)
E        +  where <class 'int'> = type(52684385)
E        +  and   <class 'int'> = type(52545665)

/tests/test_outputs.py:193: AssertionError
_________________________ test_generated_account_files _________________________

    def test_generated_account_files():
        """Seeded files of BASIC and PLUS lines over their allowance, as sealed and under fresh labels."""
>       check_family("generated")

/tests/test_outputs.py:272: 
_ _ _ _ _ _ _ _ _ _ _ _ _ _ _ _ _ _ _ _ _ _ _ _ _ _ _ _ _ _ _ _ _ _ _ _ _ _ _ _ 
/tests/test_outputs.py:211: in check_family
    compare(run(row["usage"]), row["statement"], f"{name} {row['usage']['account']}")
/tests/test_outputs.py:200: in compare
    _same(actual["total"], expected["total"], f"{label} total")
_ _ _ _ _ _ _ _ _ _ _ _ _ _ _ _ _ _ _ _ _ _ _ _ _ _ _ _ _ _ _ _ _ _ _ _ _ _ _ _ 

actual = 1662285, expected = 1568445, where = 'generated MD2-0009 total'

    def _same(actual, expected, where):
>       assert type(actual) is type(expected) and actual == expected, f"{where}: {actual!r}, expected {expected!r}"
E       AssertionError: generated MD2-0009 total: 1662285, expected 1568445
E       assert (<class 'int'> is <class 'int'> and 1662285 == 1568445)
E        +  where <class 'int'> = type(1662285)
E        +  and   <class 'int'> = type(1568445)

/tests/test_outputs.py:193: AssertionError
==================================== PASSES ====================================
=========================== short test summary info ============================
PASSED ../../tests/test_outputs.py::test_candidate_cannot_read_verifier_state
PASSED ../../tests/test_outputs.py::test_submitted_driver_unchanged
FAILED ../../tests/test_outputs.py::test_rule_2_1_sessions_in_whole_megabytes
FAILED ../../tests/test_outputs.py::test_rule_2_2_plan_allowances - Assertion...
FAILED ../../tests/test_outputs.py::test_rule_3_1_one_cent_after_the_first_1024_mb
FAILED ../../tests/test_outputs.py::test_rule_3_2_total_and_line_order - Asse...
FAILED ../../tests/test_outputs.py::test_flex_line_keeps_todays_allowance - A...
FAILED ../../tests/test_outputs.py::test_line_not_over_keeps_todays_overage_and_charge
FAILED ../../tests/test_outputs.py::test_figures_left_to_todays_code_together
FAILED ../../tests/test_outputs.py::test_rule_1_2_limits_reached - AssertionE...
FAILED ../../tests/test_outputs.py::test_generated_account_files - AssertionE...
========================= 9 failed, 2 passed in 0.51s ==========================
