2028-03-09 02:25:04 startup archives unpack
2028-03-09 02:25:04 install logwatch:all <none> 7.20-2
2028-03-09 02:25:04 status half-installed logwatch:all 7.20-2
2028-03-09 02:25:04 configure logwatch:all 7.20-2 7.20-2
2028-03-09 02:25:04 status installed logwatch:all 7.20-2
2028-03-11 18:22:05 startup archives unpack
2028-03-11 18:22:05 install sysstat:all <none> 2.9-5
2028-03-11 18:22:05 status half-installed sysstat:all 2.9-5
2028-03-11 18:22:05 configure sysstat:all 2.9-5 2.9-5
2028-03-11 18:22:05 status installed sysstat:all 2.9-5
2028-03-13 12:23:57 startup archives unpack
2028-03-13 12:23:57 install anacron:all <none> 5.11-5
2028-03-13 12:23:57 status half-installed anacron:all 5.11-5
2028-03-13 12:23:57 configure anacron:all 5.11-5 5.11-5
2028-03-13 12:23:57 status installed anacron:all 5.11-5
2028-03-15 02:37:57 startup archives unpack
2028-03-15 02:37:57 install unattended-upgrades:all <none> 6.5-4
2028-03-15 02:37:57 status half-installed unattended-upgrades:all 6.5-4
2028-03-15 02:37:57 configure unattended-upgrades:all 6.5-4 6.5-4
2028-03-15 02:37:57 status installed unattended-upgrades:all 6.5-4
