============================= test session starts ==============================
platform linux -- Python 3.13.12, pytest-9.1.1, pluggy-1.6.0
rootdir: /tests
plugins: json-ctrf-0.5.2
collected 23 items

../../tests/test_outputs.py .F..........FFFFFFFFFFF                      [100%]

=================================== FAILURES ===================================
_______________________________ test_arithmetic ________________________________

    def test_arithmetic():
>       check("arithmetic")

/tests/test_outputs.py:71: 
_ _ _ _ _ _ _ _ _ _ _ _ _ _ _ _ _ _ _ _ _ _ _ _ _ _ _ _ _ _ _ _ _ _ _ _ _ _ _ _ 

family = 'arithmetic'

    def check(family):
        cases = [c for c in CASES if c["family"] == family]
        assert cases, f"no cases for {family}"
        failures = []
        for case in cases:
            want = run([GNU_DC], case)
            got = run(DEMOTE + CANDIDATE, case)
            if got != want:
                failures.append((case, want, got))
        if failures:
            case, want, got = failures[0]
            detail = (f"{len(failures)} of {len(cases)} cases differ; first: dc {case['args']!r} with files "
                      f"{[n for n, _t in case['files']]} and stdin {case['stdin'][:80]!r}: expected {want!r}, got {got!r}")
>           raise AssertionError(detail)
E           AssertionError: 4 of 36 cases differ; first: dc ['-e', '9vp'] with files [] and stdin '': expected b'3\n', got b'2\n'

/tests/test_outputs.py:61: AssertionError
_____________________________ test_mixed_scripts_2 _____________________________

    def test_mixed_scripts_2():
>       check("mixed_2")

/tests/test_outputs.py:115: 
_ _ _ _ _ _ _ _ _ _ _ _ _ _ _ _ _ _ _ _ _ _ _ _ _ _ _ _ _ _ _ _ _ _ _ _ _ _ _ _ 

family = 'mixed_2'

    def check(family):
        cases = [c for c in CASES if c["family"] == family]
        assert cases, f"no cases for {family}"
        failures = []
        for case in cases:
            want = run([GNU_DC], case)
            got = run(DEMOTE + CANDIDATE, case)
            if got != want:
                failures.append((case, want, got))
        if failures:
            case, want, got = failures[0]
            detail = (f"{len(failures)} of {len(cases)} cases differ; first: dc {case['args']!r} with files "
                      f"{[n for n, _t in case['files']]} and stdin {case['stdin'][:80]!r}: expected {want!r}, got {got!r}")
>           raise AssertionError(detail)
E           AssertionError: 3 of 84 cases differ; first: dc [] with files [] and stdin '7k 0 18 15 0 5 1.000 / _.25 * [x y] [d*]x z 7 f': expected b'7\n7\nx y\nx y\n-1.2500000\n0\n15\n18\n0\n', got b'7\n7\nx y\nx y\n-1.250000000\n0\n15\n18\n0\n'

/tests/test_outputs.py:61: AssertionError
_____________________________ test_mixed_scripts_3 _____________________________

    def test_mixed_scripts_3():
>       check("mixed_3")

/tests/test_outputs.py:119: 
_ _ _ _ _ _ _ _ _ _ _ _ _ _ _ _ _ _ _ _ _ _ _ _ _ _ _ _ _ _ _ _ _ _ _ _ _ _ _ _ 

family = 'mixed_3'

    def check(family):
        cases = [c for c in CASES if c["family"] == family]
        assert cases, f"no cases for {family}"
        failures = []
        for case in cases:
            want = run([GNU_DC], case)
            got = run(DEMOTE + CANDIDATE, case)
            if got != want:
                failures.append((case, want, got))
        if failures:
            case, want, got = failures[0]
            detail = (f"{len(failures)} of {len(cases)} cases differ; first: dc {case['args']!r} with files "
                      f"{[n for n, _t in case['files']]} and stdin {case['stdin'][:80]!r}: expected {want!r}, got {got!r}")
>           raise AssertionError(detail)
E           AssertionError: 2 of 78 cases differ; first: dc [] with files [] and stdin '4k sb * _49 1.000 97.571 [d*]x 15 X 8 f': expected b'8\n0\n9520.1000\n1.000\n-49\n', got b'8\n0\n9520.100041\n1.000\n-49\n'

/tests/test_outputs.py:61: AssertionError
_____________________________ test_mixed_scripts_4 _____________________________

    def test_mixed_scripts_4():
>       check("mixed_4")

/tests/test_outputs.py:123: 
_ _ _ _ _ _ _ _ _ _ _ _ _ _ _ _ _ _ _ _ _ _ _ _ _ _ _ _ _ _ _ _ _ _ _ _ _ _ _ _ 

family = 'mixed_4'

    def check(family):
        cases = [c for c in CASES if c["family"] == family]
        assert cases, f"no cases for {family}"
        failures = []
        for case in cases:
            want = run([GNU_DC], case)
            got = run(DEMOTE + CANDIDATE, case)
            if got != want:
                failures.append((case, want, got))
        if failures:
            case, want, got = failures[0]
            detail = (f"{len(failures)} of {len(cases)} cases differ; first: dc {case['args']!r} with files "
                      f"{[n for n, _t in case['files']]} and stdin {case['stdin'][:80]!r}: expected {want!r}, got {got!r}")
>           raise AssertionError(detail)
E           AssertionError: 1 of 84 cases differ; first: dc ['-f', 's.dc'] with files ['s.dc'] and stdin '': expected b'0\n0\n8385.248\n3697.474\n', got b'0\n0\n8385.248041\n3697.474466\n'

/tests/test_outputs.py:61: AssertionError
____________________________ test_random_scripts_1 _____________________________

    def test_random_scripts_1():
>       check("random_1")

/tests/test_outputs.py:127: 
_ _ _ _ _ _ _ _ _ _ _ _ _ _ _ _ _ _ _ _ _ _ _ _ _ _ _ _ _ _ _ _ _ _ _ _ _ _ _ _ 

family = 'random_1'

    def check(family):
        cases = [c for c in CASES if c["family"] == family]
        assert cases, f"no cases for {family}"
        failures = []
        for case in cases:
            want = run([GNU_DC], case)
            got = run(DEMOTE + CANDIDATE, case)
            if got != want:
                failures.append((case, want, got))
        if failures:
            case, want, got = failures[0]
            detail = (f"{len(failures)} of {len(cases)} cases differ; first: dc {case['args']!r} with files "
                      f"{[n for n, _t in case['files']]} and stdin {case['stdin'][:80]!r}: expected {want!r}, got {got!r}")
>           raise AssertionError(detail)
E           AssertionError: 9 of 106 cases differ; first: dc ['-e', '4k ~ 1 v % 6.3360 + p 18 29 | [3p]x [p] f'] with files [] and stdin '': expected b'7.3360\n3\np\n3\n0\n', got b'7.3360\n3\np\n3\n.00000000000000000000000006718866053477689465073801625600000000000000\\\n0000\n'

/tests/test_outputs.py:61: AssertionError
____________________________ test_random_scripts_2 _____________________________

    def test_random_scripts_2():
>       check("random_2")

/tests/test_outputs.py:131: 
_ _ _ _ _ _ _ _ _ _ _ _ _ _ _ _ _ _ _ _ _ _ _ _ _ _ _ _ _ _ _ _ _ _ _ _ _ _ _ _ 

family = 'random_2'

    def check(family):
        cases = [c for c in CASES if c["family"] == family]
        assert cases, f"no cases for {family}"
        failures = []
        for case in cases:
            want = run([GNU_DC], case)
            got = run(DEMOTE + CANDIDATE, case)
            if got != want:
                failures.append((case, want, got))
        if failures:
            case, want, got = failures[0]
            detail = (f"{len(failures)} of {len(cases)} cases differ; first: dc {case['args']!r} with files "
                      f"{[n for n, _t in case['files']]} and stdin {case['stdin'][:80]!r}: expected {want!r}, got {got!r}")
>           raise AssertionError(detail)
E           AssertionError: 6 of 117 cases differ; first: dc ['-e', '3k 1000o 11 [2Q]st 41.4854 _40 <z a _24 _29 1.000 Z Z 37 11 | f'] with files [] and stdin '': expected b'0\n- 029\n- 024\n\x00\n 011\n', got b'.000 000 000 000 000 000 000 000 000 000 000 000 010 000 000 000 000 \\\n000 000\n- 029\n- 024\n\x00\n 011\n'

/tests/test_outputs.py:61: AssertionError
____________________________ test_random_scripts_3 _____________________________

    def test_random_scripts_3():
>       check("random_3")

/tests/test_outputs.py:135: 
_ _ _ _ _ _ _ _ _ _ _ _ _ _ _ _ _ _ _ _ _ _ _ _ _ _ _ _ _ _ _ _ _ _ _ _ _ _ _ _ 

family = 'random_3'

    def check(family):
        cases = [c for c in CASES if c["family"] == family]
        assert cases, f"no cases for {family}"
        failures = []
        for case in cases:
            want = run([GNU_DC], case)
            got = run(DEMOTE + CANDIDATE, case)
            if got != want:
                failures.append((case, want, got))
        if failures:
            case, want, got = failures[0]
            detail = (f"{len(failures)} of {len(cases)} cases differ; first: dc {case['args']!r} with files "
                      f"{[n for n, _t in case['files']]} and stdin {case['stdin'][:80]!r}: expected {want!r}, got {got!r}")
>           raise AssertionError(detail)
E           AssertionError: 9 of 110 cases differ; first: dc ['-e', '1000o [p] 0si [li 1+ si li v p li 5>L]sL lLx 5503169171708385282231974515209076146223 [p] f'] with files [] and stdin '': expected b' 001\n 001\n 001\n 002\n 002\np\n 005 503 169 171 708 385 282 231 974 515 209 076 146 223\n 002\n 002\n 001\n 001\n 001\np\n', got b' 001\n 001\n 001\n 001\n 002\np\n 005 503 169 171 708 385 282 231 974 515 209 076 146 223\n 002\n 001\n 001\n 001\n 001\np\n'

/tests/test_outputs.py:61: AssertionError
____________________________ test_random_scripts_4 _____________________________

    def test_random_scripts_4():
>       check("random_4")

/tests/test_outputs.py:139: 
_ _ _ _ _ _ _ _ _ _ _ _ _ _ _ _ _ _ _ _ _ _ _ _ _ _ _ _ _ _ _ _ _ _ _ _ _ _ _ _ 

family = 'random_4'

    def check(family):
        cases = [c for c in CASES if c["family"] == family]
        assert cases, f"no cases for {family}"
        failures = []
        for case in cases:
            want = run([GNU_DC], case)
            got = run(DEMOTE + CANDIDATE, case)
            if got != want:
                failures.append((case, want, got))
        if failures:
            case, want, got = failures[0]
            detail = (f"{len(failures)} of {len(cases)} cases differ; first: dc {case['args']!r} with files "
                      f"{[n for n, _t in case['files']]} and stdin {case['stdin'][:80]!r}: expected {want!r}, got {got!r}")
>           raise AssertionError(detail)
E           AssertionError: 8 of 103 cases differ; first: dc [] with files [] and stdin '10k 3 * 24.6258 [2Q]x v f n 16 3 ^ 20 29 | v  _B.8 17 !<z _20 f\n': expected b'4.9624389165\n3\n4.9624389165-20\n0\n0\n3\n', got b'4.9624389165\n3\n4.9624389165-20\n0\n.00000000000000000000000000000000000000000000001023999999999999999999\\\n99999999999999999999999999999999\n3\n'

/tests/test_outputs.py:61: AssertionError
____________________________ test_random_scripts_5 _____________________________

    def test_random_scripts_5():
>       check("random_5")

/tests/test_outputs.py:143: 
_ _ _ _ _ _ _ _ _ _ _ _ _ _ _ _ _ _ _ _ _ _ _ _ _ _ _ _ _ _ _ _ _ _ _ _ _ _ _ _ 

family = 'random_5'

    def check(family):
        cases = [c for c in CASES if c["family"] == family]
        assert cases, f"no cases for {family}"
        failures = []
        for case in cases:
            want = run([GNU_DC], case)
            got = run(DEMOTE + CANDIDATE, case)
            if got != want:
                failures.append((case, want, got))
        if failures:
            case, want, got = failures[0]
            detail = (f"{len(failures)} of {len(cases)} cases differ; first: dc {case['args']!r} with files "
                      f"{[n for n, _t in case['files']]} and stdin {case['stdin'][:80]!r}: expected {want!r}, got {got!r}")
>           raise AssertionError(detail)
E           AssertionError: 9 of 115 cases differ; first: dc ['-e', '7o [3p]x 20o - [5 6+] v n 4 17.9826 sa v _3.7P f'] with files [] and stdin '': expected b'3\n 03\x03 02\n', got b'3\n 03\x03 01\n'

/tests/test_outputs.py:61: AssertionError
____________________________ test_random_scripts_6 _____________________________

    def test_random_scripts_6():
>       check("random_6")

/tests/test_outputs.py:147: 
_ _ _ _ _ _ _ _ _ _ _ _ _ _ _ _ _ _ _ _ _ _ _ _ _ _ _ _ _ _ _ _ _ _ _ _ _ _ _ _ 

family = 'random_6'

    def check(family):
        cases = [c for c in CASES if c["family"] == family]
        assert cases, f"no cases for {family}"
        failures = []
        for case in cases:
            want = run([GNU_DC], case)
            got = run(DEMOTE + CANDIDATE, case)
            if got != want:
                failures.append((case, want, got))
        if failures:
            case, want, got = failures[0]
            detail = (f"{len(failures)} of {len(cases)} cases differ; first: dc {case['args']!r} with files "
                      f"{[n for n, _t in case['files']]} and stdin {case['stdin'][:80]!r}: expected {want!r}, got {got!r}")
>           raise AssertionError(detail)
E           AssertionError: 9 of 103 cases differ; first: dc ['-f', 's.dc'] with files ['s.dc'] and stdin '[x]\n': expected b'8\nx\n-12\n1771504844096679321438834457431181580462\n4.7508\n0\n8\n0\n', got b'8\nx\n-12\n1771504844096679321438834457431181580462\n6.2138979030180348293941639801596429647564234743876950114569419670614\\\n360486238963816671309923346042001448735741805069660685369030307662005\\\n960029050512174994731865459981771115207330502036434098464261498081296\\\n384814445682560642784787490224195922676466035232342661660881394724886\\\n648461432582041951172444645586464471297797420281128692866684652534163\\\n624174852417070145961375226744327376715276261956145511009153831423466\\\n397989013630752400970888552583282478473089992336033066541065164367871\\\n392997224890187869688015808452752761925719050471345481209475242845480\\\n911947649137958690975162133847829049900567543015835276267549247517196\\\n031659673041856252659034922604608637222226192896759989482040237980389\\\n934007439487002292571907398147283322253059583832228706201458843820948\\\n925836901147384714428695495580901401683888114061301245742310242377592\\\n755169747261925207829505113683344831903263777903510567020427079021038\\\n797887054996908492993470951515066374353789680452465401993195101326245\\\n481541651471731789350147762650378279252704680233236358579423916111184\\\n203638025555028993344997070314151099455628928317246688189664996797441\\\n825092746233255808680495298291933546884489808074871275184836304229367\\\n151948343504540991920080470814928289744315718285723423247772878313162\\\n338785292335079978514385799314471868139865062509934238346737045737383\\\n564497416049506295821129064461669562065536539409062553433277044406005\\\n577766306264309051150964202917858167766280148469602243509381827761321\\\n004846177024178431589801893232754312551417314474333676105011883874138\\\n464019197823777688665357844442579342784318094186632581949718553696816\\\n897430834282537000541589499287598314438411933156872279589297228674808\\\n431030713181583413023581226265628028855301851651013507549539905440740\\\n928486410394923616610068307377384141335305536464679211104954866927448\\\n458435614632701473722004269093483715314980624678646366911123282065283\\\n999245426315085148281064723992131094452827535062051085686581661237651\\\n006800027235934263459954709224814124922798627296561650087171571440752\\\n856482364460965578707509204186916735886056432883929787331875429611217\\\n296811574043872821540446242756417947299828794890037269590131277013083\\\n298179753879487732373691750238731897834377156296153189365846250145187\\\n459080611128328244797631371994776704472474287212422707623315344281382\\\n561726142641322807681765598257058702948179959144275638181197875441916\\\n644427440447287365363157945974023413888940443782280154973764951949655\\\n423831152203619600513796900792159235424639091306454124075573688651420\\\n000292947576694577806678322417867980148157460522815236965228350452458\\\n553404385734490477707447804191356374681963311160861430210814938254330\\\n278197264801823736400509888488107742270071754876183224240504179214644\\\n088968246035661937766847684859736236163955542978303707413293376377363\\\n503444568171701660237158466491800509689673140944935233335539023070734\\\n451630068036426642294995837704481615318515995282132571490372574735385\\\n575100845763592795026625547253207129530055846777863189753825756229646\\\n918479272932128808683389078418368280128047722354334107794680360092805\\\n943735819223196194142610796780843430704569620181250103066216129904887\\\n714771397599246130227702737965534463069644239605812453280176198757297\\\n535232728324057229269324981211722068628274275394970593974042573387245\\\n445617462648310381883357200347134065086288792963604007355232625936579\\\n679474459404831452571481637086340107536834545714292144524812483261956\\\n724540231631893479409496115240431403113434810135611009607905768821608\\\n848449372875187461390061868730782581426230782604639167731124752999999\\\n842632605577054509762746104707935073407578890663251189460514285810576\\\n173977755820522742031650480938773571601546865864312535973283407623214\\\n336230131860659158482725450039858226588439342792556066747178828987874\\\n687372304196467602420369626831893179399059812134428716169966995777526\\\n175490657978953950319407413520081618274017377233224024242567458850716\\\n057130172339561747030601010648572382483091852655530804128248595812244\\\n329505444520277181682330935538139387204240689459477507912701197433405\\\n115127191182480181042771928870160078529048644226204877312437873598216\\\n901702919792324006739397648456770767016268896180376386246006663261453\\\n936021400387151334647342280351001528725717145488291106202942892287398\\\n910193899787858317241437899101141718480584033685239799896542617460028\\\n681501907970718946896587272322579544493922433543477441684631392708527\\\n348498289271544954904127957374156741676092168879402520227739265727481\\\n754664583740302852833813468926919421388671837066968782889347877574145\\\n891020611962384101653784303774813086552822801646481700950259585537802\\\n791753576230050556890327005273956806745039431413765549784275941180919\\\n661809270040969310368211952515297560835191614689438749842570960249861\\\n222617231910699924166401998745900809250819949173093550762395609855521\\\n823087821014704482920140643970574479791074741784359342250836489409466\\\n700357794966686697298105137883424556661523037234115570398900137444601\\\n839837213418077094489877816496710866925636270273861892331881191863413\\\n249698007500192386479626277728737643354629776328597610542911948581002\\\n498376696994276449953888419987292715405237037152345209681878087309231\\\n693994631855771169255410736351898911448830270381449959900287162627894\\\n216771367473426510630553953859618873029106495243991952383883319484072\\\n404929731042348023718298795092905861986597672004020250385343647691121\\\n687691312322580039122405890719667994906774949420407098260209969840076\\\n358022330533443270944103296709690989999942353272560227215308531315890\\\n889477912828098847081915703970547266944755882027924141251276673545852\\\n877562114803998495383509688470517408101829291983612478448276276854268\\\n645682164683325583484686306850620672017697368367823148832295656969347\\\n691818204718708977195680620279904048596519391862962178312270737776551\\\n535655235336040201821789917306225086887380035015798938783853326795057\\\n656446846517315006086066216282074645626566841058883862125348625459695\\\n675113396226196561129756272391446776910178424875467259740909251988537\\\n988735529672815217074375336140365422766293925918630187850411244897541\\\n062907511142877762020696747811978877728481532741891989328206542457796\\\n091261027135153445739168609510388188455311175866914697903521331174512\\\n615662991287806282376425196533318323466786313123012964082963509031576\\\n873487341564276868198115206632740628196026716661633839927398255162007\\\n268884719335286361616255696054953842594406634570125640014608579092033\\\n297503539786119565675347753582923396484721481949355358680853279377389\\\n885234998645409730917819378377406239497358738860025891067771451742491\\\n045103761964670176765581623006071143371132309322160888976444579607544\\\n857436355155997282495968547007531472773418377378398612720416294730918\\\n861009504309283467646821001995300639314890015465669032099224985695554\\\n862573736932231134993409789333090508589283606221419878415364228465085\\\n226762849583852841534708373824935240084652582446950114806453802400317\\\n025105149016881107933267379488619320288680575822223151993977575268637\\\n078825894758086875358160960220136545293593160088486918220545212585893\\\n146508436372241173696725175355003367868309598594876428845600435567093\\\n931698005876833828985108290317152828214752128887703306622666804140239\\\n577805502041806735649619944027836923489358099476699770121007345797071\\\n989735956954018835952735281358882154838988974766378072774964565312750\\\n683985665118983095993296478734402588119459422446464380974538314703431\\\n047186450433312569751957520459889574780019516881166575137627399732156\\\n017484008736928045261071015788006443539076790402851044191895542638277\\\n498496836328673270217834066807209118218114016170899593431824702154599\\\n225059149934893495995475172414234015086719438161564185137752299126430\\\n965516946047439243252337001297799424179097603712114354658535639908080\\\n641199377746122086207670471532892098565518694728099198199923620142120\\\n96\n0\n8\n0\n'

/tests/test_outputs.py:61: AssertionError
____________________________ test_random_scripts_7 _____________________________

    def test_random_scripts_7():
>       check("random_7")

/tests/test_outputs.py:151: 
_ _ _ _ _ _ _ _ _ _ _ _ _ _ _ _ _ _ _ _ _ _ _ _ _ _ _ _ _ _ _ _ _ _ _ _ _ _ _ _ 

family = 'random_7'

    def check(family):
        cases = [c for c in CASES if c["family"] == family]
        assert cases, f"no cases for {family}"
        failures = []
        for case in cases:
            want = run([GNU_DC], case)
            got = run(DEMOTE + CANDIDATE, case)
            if got != want:
                failures.append((case, want, got))
        if failures:
            case, want, got = failures[0]
            detail = (f"{len(failures)} of {len(cases)} cases differ; first: dc {case['args']!r} with files "
                      f"{[n for n, _t in case['files']]} and stdin {case['stdin'][:80]!r}: expected {want!r}, got {got!r}")
>           raise AssertionError(detail)
E           AssertionError: 8 of 108 cases differ; first: dc ['-e', 'v [lqx 8p]sw lwx 3 R - [4p]su 86.5877 _60 !=z 0si [li 1+ si li v p li 4>L]sL lLx sc / 0si [li 1+ si li p li 6>L]sL lLx 8.2625 f'] with files [] and stdin '': expected b'8\n1\n1\n1\n2\n1\n2\n3\n4\n5\n6\n8.2625\n6\n5\n4\n3\n2\n1\n1\n1\n0\n8\n', got b'8\n1\n1\n1\n1\n1\n2\n3\n4\n5\n6\n8.2625\n6\n5\n4\n3\n2\n1\n1\n1\n0\n8\n'

/tests/test_outputs.py:61: AssertionError
____________________________ test_random_scripts_8 _____________________________

    def test_random_scripts_8():
>       check("random_8")

/tests/test_outputs.py:155: 
_ _ _ _ _ _ _ _ _ _ _ _ _ _ _ _ _ _ _ _ _ _ _ _ _ _ _ _ _ _ _ _ _ _ _ _ _ _ _ _ 

family = 'random_8'

    def check(family):
        cases = [c for c in CASES if c["family"] == family]
        assert cases, f"no cases for {family}"
        failures = []
        for case in cases:
            want = run([GNU_DC], case)
            got = run(DEMOTE + CANDIDATE, case)
            if got != want:
                failures.append((case, want, got))
        if failures:
            case, want, got = failures[0]
            detail = (f"{len(failures)} of {len(cases)} cases differ; first: dc {case['args']!r} with files "
                      f"{[n for n, _t in case['files']]} and stdin {case['stdin'][:80]!r}: expected {want!r}, got {got!r}")
>           raise AssertionError(detail)
E           AssertionError: 5 of 106 cases differ; first: dc [] with files [] and stdin '3k 3o A 4 r 1:a v + 14 n 5 d f\n': expected b'11212\n12\n2.0000000\n', got b'11212\n12\n1.2222220\n'

/tests/test_outputs.py:61: AssertionError
==================================== PASSES ====================================
=========================== short test summary info ============================
PASSED ../../tests/test_outputs.py::test_printing
PASSED ../../tests/test_outputs.py::test_stack_control
PASSED ../../tests/test_outputs.py::test_registers
PASSED ../../tests/test_outputs.py::test_arrays
PASSED ../../tests/test_outputs.py::test_parameters
PASSED ../../tests/test_outputs.py::test_strings_and_macros
PASSED ../../tests/test_outputs.py::test_status_inquiry
PASSED ../../tests/test_outputs.py::test_misc_and_comments
PASSED ../../tests/test_outputs.py::test_errors_and_recovery
PASSED ../../tests/test_outputs.py::test_options_and_files
PASSED ../../tests/test_outputs.py::test_mixed_scripts_1
FAILED ../../tests/test_outputs.py::test_arithmetic - AssertionError: 4 of 36...
FAILED ../../tests/test_outputs.py::test_mixed_scripts_2 - AssertionError: 3 ...
FAILED ../../tests/test_outputs.py::test_mixed_scripts_3 - AssertionError: 2 ...
FAILED ../../tests/test_outputs.py::test_mixed_scripts_4 - AssertionError: 1 ...
FAILED ../../tests/test_outputs.py::test_random_scripts_1 - AssertionError: 9...
FAILED ../../tests/test_outputs.py::test_random_scripts_2 - AssertionError: 6...
FAILED ../../tests/test_outputs.py::test_random_scripts_3 - AssertionError: 9...
FAILED ../../tests/test_outputs.py::test_random_scripts_4 - AssertionError: 8...
FAILED ../../tests/test_outputs.py::test_random_scripts_5 - AssertionError: 9...
FAILED ../../tests/test_outputs.py::test_random_scripts_6 - AssertionError: 9...
FAILED ../../tests/test_outputs.py::test_random_scripts_7 - AssertionError: 8...
FAILED ../../tests/test_outputs.py::test_random_scripts_8 - AssertionError: 5...
======================== 12 failed, 11 passed in 23.01s ========================
