============================= test session starts ==============================
platform linux -- Python 3.13.12, pytest-9.1.1, pluggy-1.6.0
rootdir: /tests
plugins: json-ctrf-0.5.2
collected 19 items

../../tests/test_outputs.py FFFFFFFFFFF..FFFF..                          [100%]

=================================== FAILURES ===================================
____________ test_rule_2_2_record_amplitude_uses_magnification_2080 ____________

    def test_rule_2_2_record_amplitude_uses_magnification_2080():
        """Station magnitudes at listed distances, depth 0: the record amplitude uses magnification 2080."""
>       check_file("gain.jsonl")

/tests/test_outputs.py:176: 
_ _ _ _ _ _ _ _ _ _ _ _ _ _ _ _ _ _ _ _ _ _ _ _ _ _ _ _ _ _ _ _ _ _ _ _ _ _ _ _ 
/tests/test_outputs.py:171: in check_file
    compare(reduce(row["bulletin"]), row["report"], f"{name} bulletin {number}")
/tests/test_outputs.py:157: in compare
    _number(event["ml"], ref["ml"], f"{where} ml")
_ _ _ _ _ _ _ _ _ _ _ _ _ _ _ _ _ _ _ _ _ _ _ _ _ _ _ _ _ _ _ _ _ _ _ _ _ _ _ _ 

actual = 2.9, expected = 2.8862145853
where = 'gain.jsonl bulletin 0 event ev000001 ml'

    def _number(actual, expected, where):
        if expected is None:
            assert actual is None, f"{where}: {actual!r}, expected null"
            return
        assert isinstance(actual, (int, float)) and not isinstance(actual, bool), f"{where}: {actual!r} is not a number"
>       assert abs(actual - expected) <= TOL, f"{where}: {actual!r}, expected {expected!r}"
E       AssertionError: gain.jsonl bulletin 0 event ev000001 ml: 2.9, expected 2.8862145853
E       assert 0.013785414700000054 <= 1e-06
E        +  where 0.013785414700000054 = abs((2.9 - 2.8862145853))

/tests/test_outputs.py:146: AssertionError
_____________ test_rule_2_2_record_amplitude_is_half_peak_to_peak ______________

    def test_rule_2_2_record_amplitude_is_half_peak_to_peak():
        """Single readings at listed distances with no correction: the record amplitude is half the peak-to-peak value."""
>       check_file("half.jsonl")

/tests/test_outputs.py:181: 
_ _ _ _ _ _ _ _ _ _ _ _ _ _ _ _ _ _ _ _ _ _ _ _ _ _ _ _ _ _ _ _ _ _ _ _ _ _ _ _ 
/tests/test_outputs.py:171: in check_file
    compare(reduce(row["bulletin"]), row["report"], f"{name} bulletin {number}")
/tests/test_outputs.py:157: in compare
    _number(event["ml"], ref["ml"], f"{where} ml")
_ _ _ _ _ _ _ _ _ _ _ _ _ _ _ _ _ _ _ _ _ _ _ _ _ _ _ _ _ _ _ _ _ _ _ _ _ _ _ _ 

actual = 3.0, expected = 3.0170333393
where = 'half.jsonl bulletin 0 event half-1 ml'

    def _number(actual, expected, where):
        if expected is None:
            assert actual is None, f"{where}: {actual!r}, expected null"
            return
        assert isinstance(actual, (int, float)) and not isinstance(actual, bool), f"{where}: {actual!r} is not a number"
>       assert abs(actual - expected) <= TOL, f"{where}: {actual!r}, expected {expected!r}"
E       AssertionError: half.jsonl bulletin 0 event half-1 ml: 3.0, expected 3.0170333393
E       assert 0.017033339300000172 <= 1e-06
E        +  where 0.017033339300000172 = abs((3.0 - 3.0170333393))

/tests/test_outputs.py:146: AssertionError
___ test_rule_2_3_station_mean_leaves_out_amplitudes_under_three_times_noise ___

    def test_rule_2_3_station_mean_leaves_out_amplitudes_under_three_times_noise():
        """Only amplitudes at least three times their channel's noise enter a station's mean, exact ties included."""
>       check_file("readings.jsonl")

/tests/test_outputs.py:186: 
_ _ _ _ _ _ _ _ _ _ _ _ _ _ _ _ _ _ _ _ _ _ _ _ _ _ _ _ _ _ _ _ _ _ _ _ _ _ _ _ 
/tests/test_outputs.py:171: in check_file
    compare(reduce(row["bulletin"]), row["report"], f"{name} bulletin {number}")
/tests/test_outputs.py:157: in compare
    _number(event["ml"], ref["ml"], f"{where} ml")
_ _ _ _ _ _ _ _ _ _ _ _ _ _ _ _ _ _ _ _ _ _ _ _ _ _ _ _ _ _ _ _ _ _ _ _ _ _ _ _ 

actual = 4.4, expected = 4.3744397781
where = 'readings.jsonl bulletin 0 event ev000002 ml'

    def _number(actual, expected, where):
        if expected is None:
            assert actual is None, f"{where}: {actual!r}, expected null"
            return
        assert isinstance(actual, (int, float)) and not isinstance(actual, bool), f"{where}: {actual!r} is not a number"
>       assert abs(actual - expected) <= TOL, f"{where}: {actual!r}, expected {expected!r}"
E       AssertionError: readings.jsonl bulletin 0 event ev000002 ml: 4.4, expected 4.3744397781
E       assert 0.02556022190000018 <= 1e-06
E        +  where 0.02556022190000018 = abs((4.4 - 4.3744397781))

/tests/test_outputs.py:146: AssertionError
____________________ test_rule_3_1_distance_is_hypocentral _____________________

    def test_rule_3_1_distance_is_hypocentral():
        """The distance reported, corrected for and tested against the table is the hypocentral distance."""
>       check_file("hypocentral.jsonl")

/tests/test_outputs.py:191: 
_ _ _ _ _ _ _ _ _ _ _ _ _ _ _ _ _ _ _ _ _ _ _ _ _ _ _ _ _ _ _ _ _ _ _ _ _ _ _ _ 
/tests/test_outputs.py:171: in check_file
    compare(reduce(row["bulletin"]), row["report"], f"{name} bulletin {number}")
/tests/test_outputs.py:157: in compare
    _number(event["ml"], ref["ml"], f"{where} ml")
_ _ _ _ _ _ _ _ _ _ _ _ _ _ _ _ _ _ _ _ _ _ _ _ _ _ _ _ _ _ _ _ _ _ _ _ _ _ _ _ 

actual = 3.0, expected = 2.9639583289
where = 'hypocentral.jsonl bulletin 0 event ev000001 ml'

    def _number(actual, expected, where):
        if expected is None:
            assert actual is None, f"{where}: {actual!r}, expected null"
            return
        assert isinstance(actual, (int, float)) and not isinstance(actual, bool), f"{where}: {actual!r} is not a number"
>       assert abs(actual - expected) <= TOL, f"{where}: {actual!r}, expected {expected!r}"
E       AssertionError: hypocentral.jsonl bulletin 0 event ev000001 ml: 3.0, expected 2.9639583289
E       assert 0.036041671100000006 <= 1e-06
E        +  where 0.036041671100000006 = abs((3.0 - 2.9639583289))

/tests/test_outputs.py:146: AssertionError
___________ test_rule_3_3_correction_linear_between_listed_distances ___________

    def test_rule_3_3_correction_linear_between_listed_distances():
        """Between two listed distances the correction is interpolated linearly in distance."""
>       check_file("interpolation.jsonl")

/tests/test_outputs.py:196: 
_ _ _ _ _ _ _ _ _ _ _ _ _ _ _ _ _ _ _ _ _ _ _ _ _ _ _ _ _ _ _ _ _ _ _ _ _ _ _ _ 
/tests/test_outputs.py:171: in check_file
    compare(reduce(row["bulletin"]), row["report"], f"{name} bulletin {number}")
/tests/test_outputs.py:157: in compare
    _number(event["ml"], ref["ml"], f"{where} ml")
_ _ _ _ _ _ _ _ _ _ _ _ _ _ _ _ _ _ _ _ _ _ _ _ _ _ _ _ _ _ _ _ _ _ _ _ _ _ _ _ 

actual = 2.9, expected = 2.9316452076
where = 'interpolation.jsonl bulletin 0 event ev000002 ml'

    def _number(actual, expected, where):
        if expected is None:
            assert actual is None, f"{where}: {actual!r}, expected null"
            return
        assert isinstance(actual, (int, float)) and not isinstance(actual, bool), f"{where}: {actual!r} is not a number"
>       assert abs(actual - expected) <= TOL, f"{where}: {actual!r}, expected {expected!r}"
E       AssertionError: interpolation.jsonl bulletin 0 event ev000002 ml: 2.9, expected 2.9316452076
E       assert 0.0316452076 <= 1e-06
E        +  where 0.0316452076 = abs((2.9 - 2.9316452076))

/tests/test_outputs.py:146: AssertionError
________________ test_rule_3_3_listed_distances_and_table_ends _________________

    def test_rule_3_3_listed_distances_and_table_ends():
        """At listed distances, 10 km and 600 km included, the correction is the listed value and the station contributes."""
>       check_file("table_ends.jsonl")

/tests/test_outputs.py:201: 
_ _ _ _ _ _ _ _ _ _ _ _ _ _ _ _ _ _ _ _ _ _ _ _ _ _ _ _ _ _ _ _ _ _ _ _ _ _ _ _ 
/tests/test_outputs.py:171: in check_file
    compare(reduce(row["bulletin"]), row["report"], f"{name} bulletin {number}")
/tests/test_outputs.py:157: in compare
    _number(event["ml"], ref["ml"], f"{where} ml")
_ _ _ _ _ _ _ _ _ _ _ _ _ _ _ _ _ _ _ _ _ _ _ _ _ _ _ _ _ _ _ _ _ _ _ _ _ _ _ _ 

actual = 3.4, expected = 3.3809766916
where = 'table_ends.jsonl bulletin 0 event ev000001 ml'

    def _number(actual, expected, where):
        if expected is None:
            assert actual is None, f"{where}: {actual!r}, expected null"
            return
        assert isinstance(actual, (int, float)) and not isinstance(actual, bool), f"{where}: {actual!r} is not a number"
>       assert abs(actual - expected) <= TOL, f"{where}: {actual!r}, expected {expected!r}"
E       AssertionError: table_ends.jsonl bulletin 0 event ev000001 ml: 3.4, expected 3.3809766916
E       assert 0.019023308399999994 <= 1e-06
E        +  where 0.019023308399999994 = abs((3.4 - 3.3809766916))

/tests/test_outputs.py:146: AssertionError
__________ test_station_beyond_the_table_keeps_the_shipped_correction __________

    def test_station_beyond_the_table_keeps_the_shipped_correction():
        """A station nearer than 10 km or beyond 600 km keeps today's correction calculation and does not contribute."""
>       check_file("off_table.jsonl")

/tests/test_outputs.py:206: 
_ _ _ _ _ _ _ _ _ _ _ _ _ _ _ _ _ _ _ _ _ _ _ _ _ _ _ _ _ _ _ _ _ _ _ _ _ _ _ _ 
/tests/test_outputs.py:171: in check_file
    compare(reduce(row["bulletin"]), row["report"], f"{name} bulletin {number}")
/tests/test_outputs.py:157: in compare
    _number(event["ml"], ref["ml"], f"{where} ml")
_ _ _ _ _ _ _ _ _ _ _ _ _ _ _ _ _ _ _ _ _ _ _ _ _ _ _ _ _ _ _ _ _ _ _ _ _ _ _ _ 

actual = 4.8, expected = 4.7663998756
where = 'off_table.jsonl bulletin 0 event ev000001 ml'

    def _number(actual, expected, where):
        if expected is None:
            assert actual is None, f"{where}: {actual!r}, expected null"
            return
        assert isinstance(actual, (int, float)) and not isinstance(actual, bool), f"{where}: {actual!r} is not a number"
>       assert abs(actual - expected) <= TOL, f"{where}: {actual!r}, expected {expected!r}"
E       AssertionError: off_table.jsonl bulletin 0 event ev000001 ml: 4.8, expected 4.7663998756
E       assert 0.03360012439999949 <= 1e-06
E        +  where 0.03360012439999949 = abs((4.8 - 4.7663998756))

/tests/test_outputs.py:146: AssertionError
__________________ test_rule_4_2_station_correction_is_added ___________________

    def test_rule_4_2_station_correction_is_added():
        """Station corrections from -1.0 to +1.0 are added to each channel magnitude."""
>       check_file("correction.jsonl")

/tests/test_outputs.py:211: 
_ _ _ _ _ _ _ _ _ _ _ _ _ _ _ _ _ _ _ _ _ _ _ _ _ _ _ _ _ _ _ _ _ _ _ _ _ _ _ _ 
/tests/test_outputs.py:171: in check_file
    compare(reduce(row["bulletin"]), row["report"], f"{name} bulletin {number}")
/tests/test_outputs.py:157: in compare
    _number(event["ml"], ref["ml"], f"{where} ml")
_ _ _ _ _ _ _ _ _ _ _ _ _ _ _ _ _ _ _ _ _ _ _ _ _ _ _ _ _ _ _ _ _ _ _ _ _ _ _ _ 

actual = 4.1, expected = 4.0706702891
where = 'correction.jsonl bulletin 0 event ev000001 ml'

    def _number(actual, expected, where):
        if expected is None:
            assert actual is None, f"{where}: {actual!r}, expected null"
            return
        assert isinstance(actual, (int, float)) and not isinstance(actual, bool), f"{where}: {actual!r} is not a number"
>       assert abs(actual - expected) <= TOL, f"{where}: {actual!r}, expected {expected!r}"
E       AssertionError: correction.jsonl bulletin 0 event ev000001 ml: 4.1, expected 4.0706702891
E       assert 0.029329710899999917 <= 1e-06
E        +  where 0.029329710899999917 = abs((4.1 - 4.0706702891))

/tests/test_outputs.py:146: AssertionError
________ test_rule_4_3_station_magnitude_is_mean_of_channel_magnitudes _________

    def test_rule_4_3_station_magnitude_is_mean_of_channel_magnitudes():
        """A station's magnitude is the mean of its readings' channel magnitudes, not its largest channel."""
>       check_file("station_mean.jsonl")

/tests/test_outputs.py:216: 
_ _ _ _ _ _ _ _ _ _ _ _ _ _ _ _ _ _ _ _ _ _ _ _ _ _ _ _ _ _ _ _ _ _ _ _ _ _ _ _ 
/tests/test_outputs.py:171: in check_file
    compare(reduce(row["bulletin"]), row["report"], f"{name} bulletin {number}")
/tests/test_outputs.py:157: in compare
    _number(event["ml"], ref["ml"], f"{where} ml")
_ _ _ _ _ _ _ _ _ _ _ _ _ _ _ _ _ _ _ _ _ _ _ _ _ _ _ _ _ _ _ _ _ _ _ _ _ _ _ _ 

actual = 2.4, expected = 2.3842562196
where = 'station_mean.jsonl bulletin 0 event ev000002 ml'

    def _number(actual, expected, where):
        if expected is None:
            assert actual is None, f"{where}: {actual!r}, expected null"
            return
        assert isinstance(actual, (int, float)) and not isinstance(actual, bool), f"{where}: {actual!r} is not a number"
>       assert abs(actual - expected) <= TOL, f"{where}: {actual!r}, expected {expected!r}"
E       AssertionError: station_mean.jsonl bulletin 0 event ev000002 ml: 2.4, expected 2.3842562196
E       assert 0.015743780399999796 <= 1e-06
E        +  where 0.015743780399999796 = abs((2.4 - 2.3842562196))

/tests/test_outputs.py:146: AssertionError
_________________ test_two_sensors_of_one_site_are_one_station _________________

    def test_two_sensors_of_one_site_are_one_station():
        """A station with two recordings pools their readings and counts once in the median and the three-station minimum."""
>       check_file("shared_station.jsonl")

/tests/test_outputs.py:221: 
_ _ _ _ _ _ _ _ _ _ _ _ _ _ _ _ _ _ _ _ _ _ _ _ _ _ _ _ _ _ _ _ _ _ _ _ _ _ _ _ 
/tests/test_outputs.py:171: in check_file
    compare(reduce(row["bulletin"]), row["report"], f"{name} bulletin {number}")
/tests/test_outputs.py:157: in compare
    _number(event["ml"], ref["ml"], f"{where} ml")
_ _ _ _ _ _ _ _ _ _ _ _ _ _ _ _ _ _ _ _ _ _ _ _ _ _ _ _ _ _ _ _ _ _ _ _ _ _ _ _ 

actual = 3.3, expected = 3.315989421
where = 'shared_station.jsonl bulletin 0 event ev000002 ml'

    def _number(actual, expected, where):
        if expected is None:
            assert actual is None, f"{where}: {actual!r}, expected null"
            return
        assert isinstance(actual, (int, float)) and not isinstance(actual, bool), f"{where}: {actual!r} is not a number"
>       assert abs(actual - expected) <= TOL, f"{where}: {actual!r}, expected {expected!r}"
E       AssertionError: shared_station.jsonl bulletin 0 event ev000002 ml: 3.3, expected 3.315989421
E       assert 0.015989421000000004 <= 1e-06
E        +  where 0.015989421000000004 = abs((3.3 - 3.315989421))

/tests/test_outputs.py:146: AssertionError
__________ test_rule_5_2_network_magnitude_is_median_of_contributors ___________

    def test_rule_5_2_network_magnitude_is_median_of_contributors():
        """With an odd number of contributing stations the network magnitude is the middle one."""
>       check_file("median.jsonl")

/tests/test_outputs.py:226: 
_ _ _ _ _ _ _ _ _ _ _ _ _ _ _ _ _ _ _ _ _ _ _ _ _ _ _ _ _ _ _ _ _ _ _ _ _ _ _ _ 
/tests/test_outputs.py:171: in check_file
    compare(reduce(row["bulletin"]), row["report"], f"{name} bulletin {number}")
/tests/test_outputs.py:157: in compare
    _number(event["ml"], ref["ml"], f"{where} ml")
_ _ _ _ _ _ _ _ _ _ _ _ _ _ _ _ _ _ _ _ _ _ _ _ _ _ _ _ _ _ _ _ _ _ _ _ _ _ _ _ 

actual = 5.5, expected = 5.4789073992
where = 'median.jsonl bulletin 0 event ev000001 ml'

    def _number(actual, expected, where):
        if expected is None:
            assert actual is None, f"{where}: {actual!r}, expected null"
            return
        assert isinstance(actual, (int, float)) and not isinstance(actual, bool), f"{where}: {actual!r} is not a number"
>       assert abs(actual - expected) <= TOL, f"{where}: {actual!r}, expected {expected!r}"
E       AssertionError: median.jsonl bulletin 0 event ev000001 ml: 5.5, expected 5.4789073992
E       assert 0.021092600800000305 <= 1e-06
E        +  where 0.021092600800000305 = abs((5.5 - 5.4789073992))

/tests/test_outputs.py:146: AssertionError
__________ test_rule_5_3_three_contributors_give_a_network_magnitude ___________

    def test_rule_5_3_three_contributors_give_a_network_magnitude():
        """Events with exactly three contributing stations get a network magnitude."""
>       check_file("three.jsonl")

/tests/test_outputs.py:241: 
_ _ _ _ _ _ _ _ _ _ _ _ _ _ _ _ _ _ _ _ _ _ _ _ _ _ _ _ _ _ _ _ _ _ _ _ _ _ _ _ 
/tests/test_outputs.py:171: in check_file
    compare(reduce(row["bulletin"]), row["report"], f"{name} bulletin {number}")
/tests/test_outputs.py:157: in compare
    _number(event["ml"], ref["ml"], f"{where} ml")
_ _ _ _ _ _ _ _ _ _ _ _ _ _ _ _ _ _ _ _ _ _ _ _ _ _ _ _ _ _ _ _ _ _ _ _ _ _ _ _ 

actual = 3.2, expected = 3.2331721049
where = 'three.jsonl bulletin 0 event ev000001 ml'

    def _number(actual, expected, where):
        if expected is None:
            assert actual is None, f"{where}: {actual!r}, expected null"
            return
        assert isinstance(actual, (int, float)) and not isinstance(actual, bool), f"{where}: {actual!r} is not a number"
>       assert abs(actual - expected) <= TOL, f"{where}: {actual!r}, expected {expected!r}"
E       AssertionError: three.jsonl bulletin 0 event ev000001 ml: 3.2, expected 3.2331721049
E       assert 0.03317210489999978 <= 1e-06
E        +  where 0.03317210489999978 = abs((3.2 - 3.2331721049))

/tests/test_outputs.py:146: AssertionError
_______________________ test_section_one_limits_reached ________________________

    def test_section_one_limits_reached():
        """Fifty events, two hundred stations, forty recordings, and every amplitude, noise, depth and correction limit."""
        rows = load("limits.jsonl")
        bulletin = rows[0]["bulletin"]
        assert len(bulletin["events"]) == 50 and len(bulletin["stations"]) == 200
        assert max(len(e["recordings"]) for e in bulletin["events"]) == 40
>       check_file("limits.jsonl")

/tests/test_outputs.py:250: 
_ _ _ _ _ _ _ _ _ _ _ _ _ _ _ _ _ _ _ _ _ _ _ _ _ _ _ _ _ _ _ _ _ _ _ _ _ _ _ _ 
/tests/test_outputs.py:171: in check_file
    compare(reduce(row["bulletin"]), row["report"], f"{name} bulletin {number}")
/tests/test_outputs.py:157: in compare
    _number(event["ml"], ref["ml"], f"{where} ml")
_ _ _ _ _ _ _ _ _ _ _ _ _ _ _ _ _ _ _ _ _ _ _ _ _ _ _ _ _ _ _ _ _ _ _ _ _ _ _ _ 

actual = 2.2, expected = 2.1537539065
where = 'limits.jsonl bulletin 0 event Z ml'

    def _number(actual, expected, where):
        if expected is None:
            assert actual is None, f"{where}: {actual!r}, expected null"
            return
        assert isinstance(actual, (int, float)) and not isinstance(actual, bool), f"{where}: {actual!r} is not a number"
>       assert abs(actual - expected) <= TOL, f"{where}: {actual!r}, expected {expected!r}"
E       AssertionError: limits.jsonl bulletin 0 event Z ml: 2.2, expected 2.1537539065
E       assert 0.046246093500000196 <= 1e-06
E        +  where 0.046246093500000196 = abs((2.2 - 2.1537539065))

/tests/test_outputs.py:146: AssertionError
__________________ test_report_keeps_file_and_recording_order __________________

    def test_report_keeps_file_and_recording_order():
        """Events keep file order and station rows keep recording order, whatever the ids and codes."""
>       check_file("order.jsonl")

/tests/test_outputs.py:255: 
_ _ _ _ _ _ _ _ _ _ _ _ _ _ _ _ _ _ _ _ _ _ _ _ _ _ _ _ _ _ _ _ _ _ _ _ _ _ _ _ 
/tests/test_outputs.py:171: in check_file
    compare(reduce(row["bulletin"]), row["report"], f"{name} bulletin {number}")
/tests/test_outputs.py:157: in compare
    _number(event["ml"], ref["ml"], f"{where} ml")
_ _ _ _ _ _ _ _ _ _ _ _ _ _ _ _ _ _ _ _ _ _ _ _ _ _ _ _ _ _ _ _ _ _ _ _ _ _ _ _ 

actual = 4.6, expected = 4.6426629256
where = 'order.jsonl bulletin 0 event v77vy7uvv97vu64 ml'

    def _number(actual, expected, where):
        if expected is None:
            assert actual is None, f"{where}: {actual!r}, expected null"
            return
        assert isinstance(actual, (int, float)) and not isinstance(actual, bool), f"{where}: {actual!r} is not a number"
>       assert abs(actual - expected) <= TOL, f"{where}: {actual!r}, expected {expected!r}"
E       AssertionError: order.jsonl bulletin 0 event v77vy7uvv97vu64 ml: 4.6, expected 4.6426629256
E       assert 0.04266292560000018 <= 1e-06
E        +  where 0.04266292560000018 = abs((4.6 - 4.6426629256))

/tests/test_outputs.py:146: AssertionError
___________________________ test_generated_bulletins ___________________________

    def test_generated_bulletins():
        """Generated bulletins across the envelope: depths, distances, one or two channels, corrections, event sizes."""
>       check_file("generated.jsonl")

/tests/test_outputs.py:260: 
_ _ _ _ _ _ _ _ _ _ _ _ _ _ _ _ _ _ _ _ _ _ _ _ _ _ _ _ _ _ _ _ _ _ _ _ _ _ _ _ 
/tests/test_outputs.py:171: in check_file
    compare(reduce(row["bulletin"]), row["report"], f"{name} bulletin {number}")
/tests/test_outputs.py:157: in compare
    _number(event["ml"], ref["ml"], f"{where} ml")
_ _ _ _ _ _ _ _ _ _ _ _ _ _ _ _ _ _ _ _ _ _ _ _ _ _ _ _ _ _ _ _ _ _ _ _ _ _ _ _ 

actual = 4.3, expected = 4.295944884
where = 'generated.jsonl bulletin 0 event ev000001 ml'

    def _number(actual, expected, where):
        if expected is None:
            assert actual is None, f"{where}: {actual!r}, expected null"
            return
        assert isinstance(actual, (int, float)) and not isinstance(actual, bool), f"{where}: {actual!r} is not a number"
>       assert abs(actual - expected) <= TOL, f"{where}: {actual!r}, expected {expected!r}"
E       AssertionError: generated.jsonl bulletin 0 event ev000001 ml: 4.3, expected 4.295944884
E       assert 0.00405511599999997 <= 1e-06
E        +  where 0.00405511599999997 = abs((4.3 - 4.295944884))

/tests/test_outputs.py:146: AssertionError
==================================== PASSES ====================================
=========================== short test summary info ============================
PASSED ../../tests/test_outputs.py::test_rule_5_2_even_number_takes_mean_of_middle_two
PASSED ../../tests/test_outputs.py::test_rule_5_3_fewer_than_three_contributors_has_no_network_magnitude
PASSED ../../tests/test_outputs.py::test_sandbox_cannot_read_ground_truth
PASSED ../../tests/test_outputs.py::test_submitted_driver_matches_ours
FAILED ../../tests/test_outputs.py::test_rule_2_2_record_amplitude_uses_magnification_2080
FAILED ../../tests/test_outputs.py::test_rule_2_2_record_amplitude_is_half_peak_to_peak
FAILED ../../tests/test_outputs.py::test_rule_2_3_station_mean_leaves_out_amplitudes_under_three_times_noise
FAILED ../../tests/test_outputs.py::test_rule_3_1_distance_is_hypocentral - A...
FAILED ../../tests/test_outputs.py::test_rule_3_3_correction_linear_between_listed_distances
FAILED ../../tests/test_outputs.py::test_rule_3_3_listed_distances_and_table_ends
FAILED ../../tests/test_outputs.py::test_station_beyond_the_table_keeps_the_shipped_correction
FAILED ../../tests/test_outputs.py::test_rule_4_2_station_correction_is_added
FAILED ../../tests/test_outputs.py::test_rule_4_3_station_magnitude_is_mean_of_channel_magnitudes
FAILED ../../tests/test_outputs.py::test_two_sensors_of_one_site_are_one_station
FAILED ../../tests/test_outputs.py::test_rule_5_2_network_magnitude_is_median_of_contributors
FAILED ../../tests/test_outputs.py::test_rule_5_3_three_contributors_give_a_network_magnitude
FAILED ../../tests/test_outputs.py::test_section_one_limits_reached - Asserti...
FAILED ../../tests/test_outputs.py::test_report_keeps_file_and_recording_order
FAILED ../../tests/test_outputs.py::test_generated_bulletins - AssertionError...
========================= 15 failed, 4 passed in 0.89s =========================
