============================= test session starts ==============================
platform linux -- Python 3.13.12, pytest-9.1.1, pluggy-1.6.0
rootdir: /tests
plugins: json-ctrf-0.5.2
collected 19 items

../../tests/test_outputs.py ..............F....                          [100%]

=================================== FAILURES ===================================
_______________________ test_section_one_limits_reached ________________________

    def test_section_one_limits_reached():
        """Fifty events, two hundred stations, forty recordings, and every amplitude, noise, depth and correction limit."""
        rows = load("limits.jsonl")
        bulletin = rows[0]["bulletin"]
        assert len(bulletin["events"]) == 50 and len(bulletin["stations"]) == 200
        assert max(len(e["recordings"]) for e in bulletin["events"]) == 40
>       check_file("limits.jsonl")

/tests/test_outputs.py:250: 
_ _ _ _ _ _ _ _ _ _ _ _ _ _ _ _ _ _ _ _ _ _ _ _ _ _ _ _ _ _ _ _ _ _ _ _ _ _ _ _ 
/tests/test_outputs.py:171: in check_file
    compare(reduce(row["bulletin"]), row["report"], f"{name} bulletin {number}")
/tests/test_outputs.py:157: in compare
    _number(event["ml"], ref["ml"], f"{where} ml")
_ _ _ _ _ _ _ _ _ _ _ _ _ _ _ _ _ _ _ _ _ _ _ _ _ _ _ _ _ _ _ _ _ _ _ _ _ _ _ _ 

actual = 3.9450307234303805, expected = 4.1459900174
where = 'limits.jsonl bulletin 0 event LLLLLLLLLLLLLLLLLLLL ml'

    def _number(actual, expected, where):
        if expected is None:
            assert actual is None, f"{where}: {actual!r}, expected null"
            return
        assert isinstance(actual, (int, float)) and not isinstance(actual, bool), f"{where}: {actual!r} is not a number"
>       assert abs(actual - expected) <= TOL, f"{where}: {actual!r}, expected {expected!r}"
E       AssertionError: limits.jsonl bulletin 0 event LLLLLLLLLLLLLLLLLLLL ml: 3.9450307234303805, expected 4.1459900174
E       assert 0.20095929396961942 <= 1e-06
E        +  where 0.20095929396961942 = abs((3.9450307234303805 - 4.1459900174))

/tests/test_outputs.py:146: AssertionError
==================================== PASSES ====================================
=========================== short test summary info ============================
PASSED ../../tests/test_outputs.py::test_rule_2_2_record_amplitude_uses_magnification_2080
PASSED ../../tests/test_outputs.py::test_rule_2_2_record_amplitude_is_half_peak_to_peak
PASSED ../../tests/test_outputs.py::test_rule_2_3_station_mean_leaves_out_amplitudes_under_three_times_noise
PASSED ../../tests/test_outputs.py::test_rule_3_1_distance_is_hypocentral
PASSED ../../tests/test_outputs.py::test_rule_3_3_correction_linear_between_listed_distances
PASSED ../../tests/test_outputs.py::test_rule_3_3_listed_distances_and_table_ends
PASSED ../../tests/test_outputs.py::test_station_beyond_the_table_keeps_the_shipped_correction
PASSED ../../tests/test_outputs.py::test_rule_4_2_station_correction_is_added
PASSED ../../tests/test_outputs.py::test_rule_4_3_station_magnitude_is_mean_of_channel_magnitudes
PASSED ../../tests/test_outputs.py::test_two_sensors_of_one_site_are_one_station
PASSED ../../tests/test_outputs.py::test_rule_5_2_network_magnitude_is_median_of_contributors
PASSED ../../tests/test_outputs.py::test_rule_5_2_even_number_takes_mean_of_middle_two
PASSED ../../tests/test_outputs.py::test_rule_5_3_fewer_than_three_contributors_has_no_network_magnitude
PASSED ../../tests/test_outputs.py::test_rule_5_3_three_contributors_give_a_network_magnitude
PASSED ../../tests/test_outputs.py::test_report_keeps_file_and_recording_order
PASSED ../../tests/test_outputs.py::test_generated_bulletins
PASSED ../../tests/test_outputs.py::test_sandbox_cannot_read_ground_truth
PASSED ../../tests/test_outputs.py::test_submitted_driver_matches_ours
FAILED ../../tests/test_outputs.py::test_section_one_limits_reached - Asserti...
========================= 1 failed, 18 passed in 0.71s =========================
