============================= test session starts ==============================
platform linux -- Python 3.13.12, pytest-9.1.1, pluggy-1.6.0
rootdir: /tests
plugins: json-ctrf-0.5.2
collected 11 items

../../tests/test_outputs.py ...F...FF..                                  [100%]

=================================== FAILURES ===================================
___________________ test_rule_3_2_total_and_container_order ____________________

    def test_rule_3_2_total_and_container_order():
        """Every charge and the total, containers in file order, ids of one to eleven characters."""
>       check_family("order_and_total")

/tests/test_outputs.py:228: 
_ _ _ _ _ _ _ _ _ _ _ _ _ _ _ _ _ _ _ _ _ _ _ _ _ _ _ _ _ _ _ _ _ _ _ _ _ _ _ _ 
/tests/test_outputs.py:208: in check_family
    compare(run(row["release"]), row["statement"], f"{name} {row['release']['terminal']}")
/tests/test_outputs.py:203: in compare
    _same(row[key], ref[key], f"{label} containers[{index}] ({ref['id']}) {key}")
_ _ _ _ _ _ _ _ _ _ _ _ _ _ _ _ _ _ _ _ _ _ _ _ _ _ _ _ _ _ _ _ _ _ _ _ _ _ _ _ 

actual = '0', expected = 'ZZZZZZZZZZZ'
where = 'order_and_total DM3-0004 containers[0] (ZZZZZZZZZZZ) id'

    def _same(actual, expected, where):
>       assert type(actual) is type(expected) and actual == expected, f"{where}: {actual!r}, expected {expected!r}"
E       AssertionError: order_and_total DM3-0004 containers[0] (ZZZZZZZZZZZ) id: '0', expected 'ZZZZZZZZZZZ'
E       assert (<class 'str'> is <class 'str'> and '0' == 'ZZZZZZZZZZZ'
E        +  where <class 'str'> = type('0')
E        +  and   <class 'str'> = type('ZZZZZZZZZZZ')
E         
E         - ZZZZZZZZZZZ
E         + 0)

/tests/test_outputs.py:190: AssertionError
_________________________ test_rule_1_2_limits_reached _________________________

    def test_rule_1_2_limits_reached():
        """200 containers; discharge days 0 and 3,650; stays of 1 and 121 days; rates 1 and 100,000."""
        assert len(load("limits")[0]["release"]["containers"]) == 200
>       check_family("limits")

/tests/test_outputs.py:249: 
_ _ _ _ _ _ _ _ _ _ _ _ _ _ _ _ _ _ _ _ _ _ _ _ _ _ _ _ _ _ _ _ _ _ _ _ _ _ _ _ 
/tests/test_outputs.py:208: in check_family
    compare(run(row["release"]), row["statement"], f"{name} {row['release']['terminal']}")
/tests/test_outputs.py:203: in compare
    _same(row[key], ref[key], f"{label} containers[{index}] ({ref['id']}) {key}")
_ _ _ _ _ _ _ _ _ _ _ _ _ _ _ _ _ _ _ _ _ _ _ _ _ _ _ _ _ _ _ _ _ _ _ _ _ _ _ _ 

actual = '9', expected = 'ABCDEFGHIJK'
where = 'limits DM3-0013 containers[0] (ABCDEFGHIJK) id'

    def _same(actual, expected, where):
>       assert type(actual) is type(expected) and actual == expected, f"{where}: {actual!r}, expected {expected!r}"
E       AssertionError: limits DM3-0013 containers[0] (ABCDEFGHIJK) id: '9', expected 'ABCDEFGHIJK'
E       assert (<class 'str'> is <class 'str'> and '9' == 'ABCDEFGHIJK'
E        +  where <class 'str'> = type('9')
E        +  and   <class 'str'> = type('ABCDEFGHIJK')
E         
E         - ABCDEFGHIJK
E         + 9)

/tests/test_outputs.py:190: AssertionError
_________________________ test_generated_release_files _________________________

    def test_generated_release_files():
        """Seeded files of dry and reefer containers on demurrage, as sealed and under fresh labels."""
>       check_family("generated")

/tests/test_outputs.py:273: 
_ _ _ _ _ _ _ _ _ _ _ _ _ _ _ _ _ _ _ _ _ _ _ _ _ _ _ _ _ _ _ _ _ _ _ _ _ _ _ _ 
/tests/test_outputs.py:208: in check_family
    compare(run(row["release"]), row["statement"], f"{name} {row['release']['terminal']}")
/tests/test_outputs.py:203: in compare
    _same(row[key], ref[key], f"{label} containers[{index}] ({ref['id']}) {key}")
_ _ _ _ _ _ _ _ _ _ _ _ _ _ _ _ _ _ _ _ _ _ _ _ _ _ _ _ _ _ _ _ _ _ _ _ _ _ _ _ 

actual = '2LXY6D2Y2', expected = 'HJMEICL0'
where = 'generated DM3-0009 containers[0] (HJMEICL0) id'

    def _same(actual, expected, where):
>       assert type(actual) is type(expected) and actual == expected, f"{where}: {actual!r}, expected {expected!r}"
E       AssertionError: generated DM3-0009 containers[0] (HJMEICL0) id: '2LXY6D2Y2', expected 'HJMEICL0'
E       assert (<class 'str'> is <class 'str'> and '2LXY6D2Y2' == 'HJMEICL0'
E        +  where <class 'str'> = type('2LXY6D2Y2')
E        +  and   <class 'str'> = type('HJMEICL0')
E         
E         - HJMEICL0
E         + 2LXY6D2Y2)

/tests/test_outputs.py:190: AssertionError
==================================== PASSES ====================================
=========================== short test summary info ============================
PASSED ../../tests/test_outputs.py::test_rule_2_1_dwell_counts_both_ends
PASSED ../../tests/test_outputs.py::test_rule_2_2_reefer_free_days
PASSED ../../tests/test_outputs.py::test_rule_3_1_twice_the_rate_after_the_fourth_day
PASSED ../../tests/test_outputs.py::test_tank_container_keeps_todays_free_days
PASSED ../../tests/test_outputs.py::test_container_not_on_demurrage_keeps_todays_days_and_charge
PASSED ../../tests/test_outputs.py::test_figures_left_to_todays_code_together
PASSED ../../tests/test_outputs.py::test_candidate_cannot_read_verifier_state
PASSED ../../tests/test_outputs.py::test_submitted_driver_unchanged
FAILED ../../tests/test_outputs.py::test_rule_3_2_total_and_container_order
FAILED ../../tests/test_outputs.py::test_rule_1_2_limits_reached - AssertionE...
FAILED ../../tests/test_outputs.py::test_generated_release_files - AssertionE...
========================= 3 failed, 8 passed in 0.53s ==========================
