============================= test session starts ==============================
platform linux -- Python 3.13.12, pytest-9.1.1, pluggy-1.6.0
rootdir: /tests
plugins: json-ctrf-0.5.2
collected 11 items

../../tests/test_outputs.py FF..F..F...                                  [100%]

=================================== FAILURES ===================================
_____________________ test_rule_2_1_dwell_counts_both_ends _____________________

    def test_rule_2_1_dwell_counts_both_ends():
        """The discharge day, the pickup day and every day between."""
>       check_family("dwell")

/tests/test_outputs.py:213: 
_ _ _ _ _ _ _ _ _ _ _ _ _ _ _ _ _ _ _ _ _ _ _ _ _ _ _ _ _ _ _ _ _ _ _ _ _ _ _ _ 
/tests/test_outputs.py:208: in check_family
    compare(run(row["release"]), row["statement"], f"{name} {row['release']['terminal']}")
/tests/test_outputs.py:197: in compare
    _same(actual["total"], expected["total"], f"{label} total")
_ _ _ _ _ _ _ _ _ _ _ _ _ _ _ _ _ _ _ _ _ _ _ _ _ _ _ _ _ _ _ _ _ _ _ _ _ _ _ _ 

actual = 75826, expected = 75828, where = 'dwell DM3-0001 total'

    def _same(actual, expected, where):
>       assert type(actual) is type(expected) and actual == expected, f"{where}: {actual!r}, expected {expected!r}"
E       AssertionError: dwell DM3-0001 total: 75826, expected 75828
E       assert (<class 'int'> is <class 'int'> and 75826 == 75828)
E        +  where <class 'int'> = type(75826)
E        +  and   <class 'int'> = type(75828)

/tests/test_outputs.py:190: AssertionError
________________________ test_rule_2_2_reefer_free_days ________________________

    def test_rule_2_2_reefer_free_days():
        """A reefer has 3 free days and a dry box 5; on the edge and one past."""
>       check_family("reefer")

/tests/test_outputs.py:218: 
_ _ _ _ _ _ _ _ _ _ _ _ _ _ _ _ _ _ _ _ _ _ _ _ _ _ _ _ _ _ _ _ _ _ _ _ _ _ _ _ 
/tests/test_outputs.py:208: in check_family
    compare(run(row["release"]), row["statement"], f"{name} {row['release']['terminal']}")
/tests/test_outputs.py:197: in compare
    _same(actual["total"], expected["total"], f"{label} total")
_ _ _ _ _ _ _ _ _ _ _ _ _ _ _ _ _ _ _ _ _ _ _ _ _ _ _ _ _ _ _ _ _ _ _ _ _ _ _ _ 

actual = 45648000, expected = 46048000, where = 'reefer DM3-0002 total'

    def _same(actual, expected, where):
>       assert type(actual) is type(expected) and actual == expected, f"{where}: {actual!r}, expected {expected!r}"
E       AssertionError: reefer DM3-0002 total: 45648000, expected 46048000
E       assert (<class 'int'> is <class 'int'> and 45648000 == 46048000)
E        +  where <class 'int'> = type(45648000)
E        +  and   <class 'int'> = type(46048000)

/tests/test_outputs.py:190: AssertionError
__________________ test_tank_container_keeps_todays_free_days __________________

    def test_tank_container_keeps_todays_free_days():
        """The tariff gives no free days for a tank container: today's step stands."""
>       check_family("tank")

/tests/test_outputs.py:233: 
_ _ _ _ _ _ _ _ _ _ _ _ _ _ _ _ _ _ _ _ _ _ _ _ _ _ _ _ _ _ _ _ _ _ _ _ _ _ _ _ 
/tests/test_outputs.py:208: in check_family
    compare(run(row["release"]), row["statement"], f"{name} {row['release']['terminal']}")
/tests/test_outputs.py:197: in compare
    _same(actual["total"], expected["total"], f"{label} total")
_ _ _ _ _ _ _ _ _ _ _ _ _ _ _ _ _ _ _ _ _ _ _ _ _ _ _ _ _ _ _ _ _ _ _ _ _ _ _ _ 

actual = 22629462, expected = 22829462, where = 'tank DM3-0006 total'

    def _same(actual, expected, where):
>       assert type(actual) is type(expected) and actual == expected, f"{where}: {actual!r}, expected {expected!r}"
E       AssertionError: tank DM3-0006 total: 22629462, expected 22829462
E       assert (<class 'int'> is <class 'int'> and 22629462 == 22829462)
E        +  where <class 'int'> = type(22629462)
E        +  and   <class 'int'> = type(22829462)

/tests/test_outputs.py:190: AssertionError
_________________________ test_rule_1_2_limits_reached _________________________

    def test_rule_1_2_limits_reached():
        """200 containers; discharge days 0 and 3,650; stays of 1 and 121 days; rates 1 and 100,000."""
        assert len(load("limits")[0]["release"]["containers"]) == 200
>       check_family("limits")

/tests/test_outputs.py:249: 
_ _ _ _ _ _ _ _ _ _ _ _ _ _ _ _ _ _ _ _ _ _ _ _ _ _ _ _ _ _ _ _ _ _ _ _ _ _ _ _ 
/tests/test_outputs.py:208: in check_family
    compare(run(row["release"]), row["statement"], f"{name} {row['release']['terminal']}")
/tests/test_outputs.py:197: in compare
    _same(actual["total"], expected["total"], f"{label} total")
_ _ _ _ _ _ _ _ _ _ _ _ _ _ _ _ _ _ _ _ _ _ _ _ _ _ _ _ _ _ _ _ _ _ _ _ _ _ _ _ 

actual = 1937701958, expected = 1949204504, where = 'limits DM3-0013 total'

    def _same(actual, expected, where):
>       assert type(actual) is type(expected) and actual == expected, f"{where}: {actual!r}, expected {expected!r}"
E       AssertionError: limits DM3-0013 total: 1937701958, expected 1949204504
E       assert (<class 'int'> is <class 'int'> and 1937701958 == 1949204504)
E        +  where <class 'int'> = type(1937701958)
E        +  and   <class 'int'> = type(1949204504)

/tests/test_outputs.py:190: AssertionError
==================================== PASSES ====================================
=========================== short test summary info ============================
PASSED ../../tests/test_outputs.py::test_rule_3_1_twice_the_rate_after_the_fourth_day
PASSED ../../tests/test_outputs.py::test_rule_3_2_total_and_container_order
PASSED ../../tests/test_outputs.py::test_container_not_on_demurrage_keeps_todays_days_and_charge
PASSED ../../tests/test_outputs.py::test_figures_left_to_todays_code_together
PASSED ../../tests/test_outputs.py::test_generated_release_files
PASSED ../../tests/test_outputs.py::test_candidate_cannot_read_verifier_state
PASSED ../../tests/test_outputs.py::test_submitted_driver_unchanged
FAILED ../../tests/test_outputs.py::test_rule_2_1_dwell_counts_both_ends - As...
FAILED ../../tests/test_outputs.py::test_rule_2_2_reefer_free_days - Assertio...
FAILED ../../tests/test_outputs.py::test_tank_container_keeps_todays_free_days
FAILED ../../tests/test_outputs.py::test_rule_1_2_limits_reached - AssertionE...
========================= 4 failed, 7 passed in 0.69s ==========================
