============================= test session starts ==============================
platform linux -- Python 3.13.12, pytest-9.1.1, pluggy-1.6.0
rootdir: /tests
plugins: json-ctrf-0.5.2
collected 11 items

../../tests/test_outputs.py ....F.F....                                  [100%]

=================================== FAILURES ===================================
__________________ test_tank_container_keeps_todays_free_days __________________

    def test_tank_container_keeps_todays_free_days():
        """The tariff gives no free days for a tank container: today's step stands."""
>       check_family("tank")

/tests/test_outputs.py:233: 
_ _ _ _ _ _ _ _ _ _ _ _ _ _ _ _ _ _ _ _ _ _ _ _ _ _ _ _ _ _ _ _ _ _ _ _ _ _ _ _ 
/tests/test_outputs.py:208: in check_family
    compare(run(row["release"]), row["statement"], f"{name} {row['release']['terminal']}")
/tests/test_outputs.py:197: in compare
    _same(actual["total"], expected["total"], f"{label} total")
_ _ _ _ _ _ _ _ _ _ _ _ _ _ _ _ _ _ _ _ _ _ _ _ _ _ _ _ _ _ _ _ _ _ _ _ _ _ _ _ 

actual = 23235770, expected = 22829462, where = 'tank DM3-0006 total'

    def _same(actual, expected, where):
>       assert type(actual) is type(expected) and actual == expected, f"{where}: {actual!r}, expected {expected!r}"
E       AssertionError: tank DM3-0006 total: 23235770, expected 22829462
E       assert (<class 'int'> is <class 'int'> and 23235770 == 22829462)
E        +  where <class 'int'> = type(23235770)
E        +  and   <class 'int'> = type(22829462)

/tests/test_outputs.py:190: AssertionError
__________________ test_figures_left_to_todays_code_together ___________________

    def test_figures_left_to_todays_code_together():
        """Tanks inside and past their free time, beside dry and reefer boxes."""
>       check_family("together")

/tests/test_outputs.py:243: 
_ _ _ _ _ _ _ _ _ _ _ _ _ _ _ _ _ _ _ _ _ _ _ _ _ _ _ _ _ _ _ _ _ _ _ _ _ _ _ _ 
/tests/test_outputs.py:208: in check_family
    compare(run(row["release"]), row["statement"], f"{name} {row['release']['terminal']}")
/tests/test_outputs.py:197: in compare
    _same(actual["total"], expected["total"], f"{label} total")
_ _ _ _ _ _ _ _ _ _ _ _ _ _ _ _ _ _ _ _ _ _ _ _ _ _ _ _ _ _ _ _ _ _ _ _ _ _ _ _ 

actual = 28800, expected = 21600, where = 'together DM3-0008 total'

    def _same(actual, expected, where):
>       assert type(actual) is type(expected) and actual == expected, f"{where}: {actual!r}, expected {expected!r}"
E       AssertionError: together DM3-0008 total: 28800, expected 21600
E       assert (<class 'int'> is <class 'int'> and 28800 == 21600)
E        +  where <class 'int'> = type(28800)
E        +  and   <class 'int'> = type(21600)

/tests/test_outputs.py:190: AssertionError
==================================== PASSES ====================================
=========================== short test summary info ============================
PASSED ../../tests/test_outputs.py::test_rule_2_1_dwell_counts_both_ends
PASSED ../../tests/test_outputs.py::test_rule_2_2_reefer_free_days
PASSED ../../tests/test_outputs.py::test_rule_3_1_twice_the_rate_after_the_fourth_day
PASSED ../../tests/test_outputs.py::test_rule_3_2_total_and_container_order
PASSED ../../tests/test_outputs.py::test_container_not_on_demurrage_keeps_todays_days_and_charge
PASSED ../../tests/test_outputs.py::test_rule_1_2_limits_reached
PASSED ../../tests/test_outputs.py::test_generated_release_files
PASSED ../../tests/test_outputs.py::test_candidate_cannot_read_verifier_state
PASSED ../../tests/test_outputs.py::test_submitted_driver_unchanged
FAILED ../../tests/test_outputs.py::test_tank_container_keeps_todays_free_days
FAILED ../../tests/test_outputs.py::test_figures_left_to_todays_code_together
========================= 2 failed, 9 passed in 0.73s ==========================
