chmod: cannot access '/usr/bin/dc': No such file or directory
============================= test session starts ==============================
platform linux -- Python 3.13.12, pytest-9.1.1, pluggy-1.6.0
rootdir: /tests
plugins: json-ctrf-0.5.2
collected 20 items

../../tests/test_outputs.py ....F......FFFFF.F..                         [100%]

=================================== FAILURES ===================================
____________________________ test_strings_and_print ____________________________

    def test_strings_and_print():
>       check("strings_and_print")

/tests/test_outputs.py:129: 
_ _ _ _ _ _ _ _ _ _ _ _ _ _ _ _ _ _ _ _ _ _ _ _ _ _ _ _ _ _ _ _ _ _ _ _ _ _ _ _ 

family = 'strings_and_print'

    def check(family):
        cases = [c for c in CASES if c["family"] == family]
        assert cases, f"no cases for {family}"
        failures = []
        for case in cases:
            want = run([GNU_BC], case)
            got = run(DEMOTE + CANDIDATE, case)
            if got != want:
                failures.append((case, want, got))
        if failures:
            case, want, got = failures[0]
            detail = (f"{len(failures)} of {len(cases)} cases differ; first: bc {case['args']!r} with files "
                      f"{[n for n, _t in case['files']]} and stdin {case['stdin'][:200]!r}: expected {want!r}, got {got!r}")
>           raise AssertionError(detail)
E           AssertionError: 94 of 130 cases differ; first: bc [] with files [] and stdin '"tab\there"\n"literal \\n stays"\nfor (i = 0; i < 24; i++) print i, " "\n': expected b'tab\thereliteral \\n stays0 1 2 3 4 5 6 7 8 9 10 11 12 13 14 15 16 17 \\\n18 19 20 21 22 23 ', got b'tab\thereliteral \\n stays0 1 2 3 4 5 6 7 8 9 10 11 12 13 14 15 16 17 18 19 20 21 22 23 '

/tests/test_outputs.py:109: AssertionError
____________________________ test_mixed_programs_2 _____________________________

    def test_mixed_programs_2():
>       check("mixed_2")

/tests/test_outputs.py:157: 
_ _ _ _ _ _ _ _ _ _ _ _ _ _ _ _ _ _ _ _ _ _ _ _ _ _ _ _ _ _ _ _ _ _ _ _ _ _ _ _ 

family = 'mixed_2'

    def check(family):
        cases = [c for c in CASES if c["family"] == family]
        assert cases, f"no cases for {family}"
        failures = []
        for case in cases:
            want = run([GNU_BC], case)
            got = run(DEMOTE + CANDIDATE, case)
            if got != want:
                failures.append((case, want, got))
        if failures:
            case, want, got = failures[0]
            detail = (f"{len(failures)} of {len(cases)} cases differ; first: bc {case['args']!r} with files "
                      f"{[n for n, _t in case['files']]} and stdin {case['stdin'][:200]!r}: expected {want!r}, got {got!r}")
>           raise AssertionError(detail)
E           AssertionError: 2 of 86 cases differ; first: bc [] with files [] and stdin 'define half(v) { auto s; s = scale; scale = 3; v = v / 2; scale = s; return v }\ndefine mx(u, v) { if (u > v) return (u); return (v); }\nscale = 3; for (i = 0; i < 3; i++) { n1 = !341; print 16.872 > 25': expected b'0\n0\n0\nline\n\t\nresult: x=\\501031164137516142944311540768189000062533234614408145083\\\n014795102208.03452070661000\n2.3BD3BBE9\nval val "0\na\\nb0\n', got b'0\n0\n0\nline\n\t\nresult: x=\\50103116413751614294431154076818900006253323461440814508301479510220\\\n8.03452070661000\n2.3BD3BBE9\nval val "0\na\\nb0\n'

/tests/test_outputs.py:109: AssertionError
____________________________ test_mixed_programs_3 _____________________________

    def test_mixed_programs_3():
>       check("mixed_3")

/tests/test_outputs.py:161: 
_ _ _ _ _ _ _ _ _ _ _ _ _ _ _ _ _ _ _ _ _ _ _ _ _ _ _ _ _ _ _ _ _ _ _ _ _ _ _ _ 

family = 'mixed_3'

    def check(family):
        cases = [c for c in CASES if c["family"] == family]
        assert cases, f"no cases for {family}"
        failures = []
        for case in cases:
            want = run([GNU_BC], case)
            got = run(DEMOTE + CANDIDATE, case)
            if got != want:
                failures.append((case, want, got))
        if failures:
            case, want, got = failures[0]
            detail = (f"{len(failures)} of {len(cases)} cases differ; first: bc {case['args']!r} with files "
                      f"{[n for n, _t in case['files']]} and stdin {case['stdin'][:200]!r}: expected {want!r}, got {got!r}")
>           raise AssertionError(detail)
E           AssertionError: 2 of 81 cases differ; first: bc [] with files [] and stdin 'define peek(k) {\n  auto a\n  a = k * 2\n  return (a + b)\n}\ndefine fib(k) {\n  if (k < 2) return (k)\n  return (fib(k - 1) + fib(k - 2))\n}\ndefine half(v) { auto s; s = scale; scale = 3; v = v / 2; scale = ': expected b']val ]val ]val ]val 2\t102\n-2\n0\n1020201\n1020201\n1020201\n1020201\n0\n122\nline\n2221.00102012210\n10.01222221112\n[--\\--19221320982573382367969082749461769234592490100517073854511997\\\n1\n.7671\n92213209825733823679690827494617692345924901005170738545119971\n.7671\n92213209825733823679690827494617692345924901005170738545119971\n.7671\n92213209825733823679690827494617692345924901005170738545119971\n.7671\n', got b']val ]val ]val ]val 2\t102\n-2\n0\n1020201\n1020201\n1020201\n1020201\n0\n122\nline\n2221.00102012210\n10.01222221112\n[--\\--192213209825733823679690827494617692345924901005170738545119971\n.7671\n92213209825733823679690827494617692345924901005170738545119971\n.7671\n92213209825733823679690827494617692345924901005170738545119971\n.7671\n92213209825733823679690827494617692345924901005170738545119971\n.7671\n'

/tests/test_outputs.py:109: AssertionError
____________________________ test_mixed_programs_4 _____________________________

    def test_mixed_programs_4():
>       check("mixed_4")

/tests/test_outputs.py:165: 
_ _ _ _ _ _ _ _ _ _ _ _ _ _ _ _ _ _ _ _ _ _ _ _ _ _ _ _ _ _ _ _ _ _ _ _ _ _ _ _ 

family = 'mixed_4'

    def check(family):
        cases = [c for c in CASES if c["family"] == family]
        assert cases, f"no cases for {family}"
        failures = []
        for case in cases:
            want = run([GNU_BC], case)
            got = run(DEMOTE + CANDIDATE, case)
            if got != want:
                failures.append((case, want, got))
        if failures:
            case, want, got = failures[0]
            detail = (f"{len(failures)} of {len(cases)} cases differ; first: bc {case['args']!r} with files "
                      f"{[n for n, _t in case['files']]} and stdin {case['stdin'][:200]!r}: expected {want!r}, got {got!r}")
>           raise AssertionError(detail)
E           AssertionError: 1 of 67 cases differ; first: bc [] with files [] and stdin 'ibase = A\nc % c++; print "\\q\\t", -(24.7)\nc = sqrt(46.283119) + 3F.2 * scale - 45.773096; j = 3; while (j > 0) { b = 3 / c; j = j - 1 }\n{ print 40.1553 < --c, "\\n"; print sqrt(q[0]), "\\n" }; length(1) ': expected b'0\n0\n1\n---- 010ab--x=- 01 19.19 07 19 08 06\n\\--abval result: -.18\n= 02 00.19 07 19 08 06\n-.00 10 04 12 01 08 12 17 16 00 04 01 16 16 11 03 01 06.06 13 06 13 \\\n06 13 06 13 06 13 06 13 06 13 06 11', got b'0\n0\n1\n---- 010ab--x=- 01 19.19 07 19 08 06\n\\--abval result: -.18\n= 02 00.19 07 19 08 06\n-.00 10 04 12 01 08 12 17 16 00 04 01 16 16 11 03 01 06.06 13 06 13 06 13 06 13 06 13 06 13 06 13 06 11'

/tests/test_outputs.py:109: AssertionError
____________________________ test_mixed_programs_5 _____________________________

    def test_mixed_programs_5():
>       check("mixed_5")

/tests/test_outputs.py:169: 
_ _ _ _ _ _ _ _ _ _ _ _ _ _ _ _ _ _ _ _ _ _ _ _ _ _ _ _ _ _ _ _ _ _ _ _ _ _ _ _ 

family = 'mixed_5'

    def check(family):
        cases = [c for c in CASES if c["family"] == family]
        assert cases, f"no cases for {family}"
        failures = []
        for case in cases:
            want = run([GNU_BC], case)
            got = run(DEMOTE + CANDIDATE, case)
            if got != want:
                failures.append((case, want, got))
        if failures:
            case, want, got = failures[0]
            detail = (f"{len(failures)} of {len(cases)} cases differ; first: bc {case['args']!r} with files "
                      f"{[n for n, _t in case['files']]} and stdin {case['stdin'][:200]!r}: expected {want!r}, got {got!r}")
>           raise AssertionError(detail)
E           AssertionError: 1 of 87 cases differ; first: bc [] with files [] and stdin 'define fact(k) {\n  auto r\n  r = 1\n  while (k > 1) { r *= k; k -= 1 }\n  return (r)\n}\n{ print tot, "\\n"; a = (y = (--a)) }; tot\n"="; !(15) % sqrt(0.50) / y; print a++ || fact(6), " ", "result: "\nj = 0; ': expected b'0\n0\n=1\n1 result: 9491341716633237200769440572997626061742942116172923601436\\\n97"-90761"3628800308448\n1\n308448\n1\n308448\n1\n481\n', got b'0\n0\n=1\n1 result: 949134171663323720076944057299762606174294211617292360143697"-90761"3628800308448\n1\n308448\n1\n308448\n1\n481\n'

/tests/test_outputs.py:109: AssertionError
____________________________ test_mixed_programs_6 _____________________________

    def test_mixed_programs_6():
>       check("mixed_6")

/tests/test_outputs.py:173: 
_ _ _ _ _ _ _ _ _ _ _ _ _ _ _ _ _ _ _ _ _ _ _ _ _ _ _ _ _ _ _ _ _ _ _ _ _ _ _ _ 

family = 'mixed_6'

    def check(family):
        cases = [c for c in CASES if c["family"] == family]
        assert cases, f"no cases for {family}"
        failures = []
        for case in cases:
            want = run([GNU_BC], case)
            got = run(DEMOTE + CANDIDATE, case)
            if got != want:
                failures.append((case, want, got))
        if failures:
            case, want, got = failures[0]
            detail = (f"{len(failures)} of {len(cases)} cases differ; first: bc {case['args']!r} with files "
                      f"{[n for n, _t in case['files']]} and stdin {case['stdin'][:200]!r}: expected {want!r}, got {got!r}")
>           raise AssertionError(detail)
E           AssertionError: 2 of 82 cases differ; first: bc [] with files [] and stdin 'scale = 8; if (741 / .237734) x = (578)^-2 else x = q[0]; (x *= 12) % 250 % ++tot\n{ -(tot); print "\\t\\n" }; (1A * sqrt(length(sqrt(c))))^3\n"plain "\nc; "a\\nb"\n38458178267116382721543290.162376126535509': expected b'0\n-1\n\t\n6859\nplain 0\na\\nb-843113655260734094717646579978820713827216094008282719551710165\\\n931249.543172681253370828082051\n', got b'0\n-1\n\t\n6859\nplain 0\na\\nb-8431136552607340947176465799788207138272160940082827195517101659312\\\n49.543172681253370828082051\n'

/tests/test_outputs.py:109: AssertionError
____________________________ test_mixed_programs_8 _____________________________

    def test_mixed_programs_8():
>       check("mixed_8")

/tests/test_outputs.py:181: 
_ _ _ _ _ _ _ _ _ _ _ _ _ _ _ _ _ _ _ _ _ _ _ _ _ _ _ _ _ _ _ _ _ _ _ _ _ _ _ _ 

family = 'mixed_8'

    def check(family):
        cases = [c for c in CASES if c["family"] == family]
        assert cases, f"no cases for {family}"
        failures = []
        for case in cases:
            want = run([GNU_BC], case)
            got = run(DEMOTE + CANDIDATE, case)
            if got != want:
                failures.append((case, want, got))
        if failures:
            case, want, got = failures[0]
            detail = (f"{len(failures)} of {len(cases)} cases differ; first: bc {case['args']!r} with files "
                      f"{[n for n, _t in case['files']]} and stdin {case['stdin'][:200]!r}: expected {want!r}, got {got!r}")
>           raise AssertionError(detail)
E           AssertionError: 2 of 86 cases differ; first: bc ['prog.bc'] with files ['prog.bc'] and stdin '  r = 1\n  while (k > 1) { r *= k; k -= 1 }\n  return (r)\n}\ndefine sq(v) {\n  return (v * v)\n}\ndefine mx(u, v) { if (u > v) return (u); return (v); }\n!(length(--n1)); scale = 10\nprint n1++, "result: \\q",': expected b'0\n-1result: "328509362880\n36288000.00--\\1\n166527285637867391.81597444571\\val 103854073428206837390639554120999\\\n76937075905681580328565\n0\n298.89486\n0\n', got b'0\n-1result: "328509362880\n36288000.00--\\1\n166527285637867391.81597444571\\val 10385407342820683739063955412099976937075905681580328565\n0\n298.89486\n0\n'

/tests/test_outputs.py:109: AssertionError
==================================== PASSES ====================================
=========================== short test summary info ============================
PASSED ../../tests/test_outputs.py::test_numbers_and_bases
PASSED ../../tests/test_outputs.py::test_arithmetic_and_scale
PASSED ../../tests/test_outputs.py::test_builtin_functions
PASSED ../../tests/test_outputs.py::test_printing_and_radixes
PASSED ../../tests/test_outputs.py::test_relational_and_boolean
PASSED ../../tests/test_outputs.py::test_assignment_and_variables
PASSED ../../tests/test_outputs.py::test_control_flow
PASSED ../../tests/test_outputs.py::test_user_functions
PASSED ../../tests/test_outputs.py::test_runtime_errors
PASSED ../../tests/test_outputs.py::test_mixed_programs_1
PASSED ../../tests/test_outputs.py::test_mixed_programs_7
PASSED ../../tests/test_outputs.py::test_launcher_stops_delegation_and_foreign_code
PASSED ../../tests/test_outputs.py::test_delivered_package_is_standard_library_python
FAILED ../../tests/test_outputs.py::test_strings_and_print - AssertionError: ...
FAILED ../../tests/test_outputs.py::test_mixed_programs_2 - AssertionError: 2...
FAILED ../../tests/test_outputs.py::test_mixed_programs_3 - AssertionError: 2...
FAILED ../../tests/test_outputs.py::test_mixed_programs_4 - AssertionError: 1...
FAILED ../../tests/test_outputs.py::test_mixed_programs_5 - AssertionError: 1...
FAILED ../../tests/test_outputs.py::test_mixed_programs_6 - AssertionError: 2...
FAILED ../../tests/test_outputs.py::test_mixed_programs_8 - AssertionError: 2...
======================== 7 failed, 13 passed in 48.99s =========================
