chmod: cannot access '/usr/bin/dc': No such file or directory
============================= test session starts ==============================
platform linux -- Python 3.13.12, pytest-9.1.1, pluggy-1.6.0
rootdir: /tests
plugins: json-ctrf-0.5.2
collected 20 items

../../tests/test_outputs.py ...F......FFFFFFFF..                         [100%]

=================================== FAILURES ===================================
__________________________ test_printing_and_radixes ___________________________

    def test_printing_and_radixes():
>       check("printing_and_radixes")

/tests/test_outputs.py:125: 
_ _ _ _ _ _ _ _ _ _ _ _ _ _ _ _ _ _ _ _ _ _ _ _ _ _ _ _ _ _ _ _ _ _ _ _ _ _ _ _ 

family = 'printing_and_radixes'

    def check(family):
        cases = [c for c in CASES if c["family"] == family]
        assert cases, f"no cases for {family}"
        failures = []
        for case in cases:
            want = run([GNU_BC], case)
            got = run(DEMOTE + CANDIDATE, case)
            if got != want:
                failures.append((case, want, got))
        if failures:
            case, want, got = failures[0]
            detail = (f"{len(failures)} of {len(cases)} cases differ; first: bc {case['args']!r} with files "
                      f"{[n for n, _t in case['files']]} and stdin {case['stdin'][:200]!r}: expected {want!r}, got {got!r}")
>           raise AssertionError(detail)
E           AssertionError: 130 of 130 cases differ; first: bc [] with files [] and stdin 'scale = 0; obase = 7; 5; 0.000; 0.000; obase = A\nscale = 5; obase = 16; 68541538214584903860639035299; 71870398157424813445; 553163933041866630605863263069243119765049084728455217885996023224075.51174': expected b'5\n0\n0\nDD783B47E3370D54FFFCEFA3\n3E566F256A731E585\n14849B08A5EBCE5D09D418D186A686B69DA171BBB618B8F320C83B170B.8301E62DB\n 19\n-.18\n- 09\n26442238751609943958076612321310841593136187318571248771385951810976\\\n23164945245383300756841758861139390364848100093433217024\n436673502879206784130402698570834024654748577491697818855443\n-436673502879206784130402698570834024654748577491697818855443\n', got b''

/tests/test_outputs.py:109: AssertionError
____________________________ test_mixed_programs_1 _____________________________

    def test_mixed_programs_1():
>       check("mixed_1")

/tests/test_outputs.py:153: 
_ _ _ _ _ _ _ _ _ _ _ _ _ _ _ _ _ _ _ _ _ _ _ _ _ _ _ _ _ _ _ _ _ _ _ _ _ _ _ _ 

family = 'mixed_1'

    def check(family):
        cases = [c for c in CASES if c["family"] == family]
        assert cases, f"no cases for {family}"
        failures = []
        for case in cases:
            want = run([GNU_BC], case)
            got = run(DEMOTE + CANDIDATE, case)
            if got != want:
                failures.append((case, want, got))
        if failures:
            case, want, got = failures[0]
            detail = (f"{len(failures)} of {len(cases)} cases differ; first: bc {case['args']!r} with files "
                      f"{[n for n, _t in case['files']]} and stdin {case['stdin'][:200]!r}: expected {want!r}, got {got!r}")
>           raise AssertionError(detail)
E           AssertionError: 36 of 85 cases differ; first: bc ['prog.bc'] with files ['prog.bc'] and stdin 'print 13^5, "val \\q", "\\t\\\\"\nc ^= 2\n!--c; scale = 3; !++a\nobase = 3\nif (length(b) * .49) print "ab\\n]" else print (286) || ZZ, "\\n"; q[1] %= c * c++ != 0.50; scale = 1\n0.000 || . || a != ZZ; print "]-': expected b'1\n2476099val "\t\\1\n0\nab\n]1\n]--x=x=]val 1', got b''

/tests/test_outputs.py:109: AssertionError
____________________________ test_mixed_programs_2 _____________________________

    def test_mixed_programs_2():
>       check("mixed_2")

/tests/test_outputs.py:157: 
_ _ _ _ _ _ _ _ _ _ _ _ _ _ _ _ _ _ _ _ _ _ _ _ _ _ _ _ _ _ _ _ _ _ _ _ _ _ _ _ 

family = 'mixed_2'

    def check(family):
        cases = [c for c in CASES if c["family"] == family]
        assert cases, f"no cases for {family}"
        failures = []
        for case in cases:
            want = run([GNU_BC], case)
            got = run(DEMOTE + CANDIDATE, case)
            if got != want:
                failures.append((case, want, got))
        if failures:
            case, want, got = failures[0]
            detail = (f"{len(failures)} of {len(cases)} cases differ; first: bc {case['args']!r} with files "
                      f"{[n for n, _t in case['files']]} and stdin {case['stdin'][:200]!r}: expected {want!r}, got {got!r}")
>           raise AssertionError(detail)
E           AssertionError: 46 of 86 cases differ; first: bc [] with files [] and stdin 'ibase = A\nobase = 16\n"="; scale = 3; if (10 >= 17) print (y)^5, "\\n" else tot = y\n{ print "\\tx=\\n"; !22.57065 }\nprint --x^5, "[[x="\nc ^= 0\n': expected b'=\tx=\n0\n-1[[x=', got b''

/tests/test_outputs.py:109: AssertionError
____________________________ test_mixed_programs_3 _____________________________

    def test_mixed_programs_3():
>       check("mixed_3")

/tests/test_outputs.py:161: 
_ _ _ _ _ _ _ _ _ _ _ _ _ _ _ _ _ _ _ _ _ _ _ _ _ _ _ _ _ _ _ _ _ _ _ _ _ _ _ _ 

family = 'mixed_3'

    def check(family):
        cases = [c for c in CASES if c["family"] == family]
        assert cases, f"no cases for {family}"
        failures = []
        for case in cases:
            want = run([GNU_BC], case)
            got = run(DEMOTE + CANDIDATE, case)
            if got != want:
                failures.append((case, want, got))
        if failures:
            case, want, got = failures[0]
            detail = (f"{len(failures)} of {len(cases)} cases differ; first: bc {case['args']!r} with files "
                      f"{[n for n, _t in case['files']]} and stdin {case['stdin'][:200]!r}: expected {want!r}, got {got!r}")
>           raise AssertionError(detail)
E           AssertionError: 41 of 81 cases differ; first: bc [] with files [] and stdin 'define peek(k) {\n  auto a\n  a = k * 2\n  return (a + b)\n}\ndefine fib(k) {\n  if (k < 2) return (k)\n  return (fib(k - 1) + fib(k - 2))\n}\ndefine half(v) { auto s; s = scale; scale = 3; v = v / 2; scale = ': expected b']val ]val ]val ]val 2\t102\n-2\n0\n1020201\n1020201\n1020201\n1020201\n0\n122\nline\n2221.00102012210\n10.01222221112\n[--\\--19221320982573382367969082749461769234592490100517073854511997\\\n1\n.7671\n92213209825733823679690827494617692345924901005170738545119971\n.7671\n92213209825733823679690827494617692345924901005170738545119971\n.7671\n92213209825733823679690827494617692345924901005170738545119971\n.7671\n', got b''

/tests/test_outputs.py:109: AssertionError
____________________________ test_mixed_programs_4 _____________________________

    def test_mixed_programs_4():
>       check("mixed_4")

/tests/test_outputs.py:165: 
_ _ _ _ _ _ _ _ _ _ _ _ _ _ _ _ _ _ _ _ _ _ _ _ _ _ _ _ _ _ _ _ _ _ _ _ _ _ _ _ 

family = 'mixed_4'

    def check(family):
        cases = [c for c in CASES if c["family"] == family]
        assert cases, f"no cases for {family}"
        failures = []
        for case in cases:
            want = run([GNU_BC], case)
            got = run(DEMOTE + CANDIDATE, case)
            if got != want:
                failures.append((case, want, got))
        if failures:
            case, want, got = failures[0]
            detail = (f"{len(failures)} of {len(cases)} cases differ; first: bc {case['args']!r} with files "
                      f"{[n for n, _t in case['files']]} and stdin {case['stdin'][:200]!r}: expected {want!r}, got {got!r}")
>           raise AssertionError(detail)
E           AssertionError: 26 of 67 cases differ; first: bc [] with files [] and stdin 'define fib(k) {\n  if (k < 2) return (k)\n  return (fib(k - 1) + fib(k - 2))\n}\ndefine peek(k) {\n  auto a\n  a = k * 2\n  return (a + b)\n}\na += a / scale((sqrt(tot)))^0; obase = 100; if (scale(scale(98.8))': expected b'0\n 01\n- 01\n0\n', got b''

/tests/test_outputs.py:109: AssertionError
____________________________ test_mixed_programs_5 _____________________________

    def test_mixed_programs_5():
>       check("mixed_5")

/tests/test_outputs.py:169: 
_ _ _ _ _ _ _ _ _ _ _ _ _ _ _ _ _ _ _ _ _ _ _ _ _ _ _ _ _ _ _ _ _ _ _ _ _ _ _ _ 

family = 'mixed_5'

    def check(family):
        cases = [c for c in CASES if c["family"] == family]
        assert cases, f"no cases for {family}"
        failures = []
        for case in cases:
            want = run([GNU_BC], case)
            got = run(DEMOTE + CANDIDATE, case)
            if got != want:
                failures.append((case, want, got))
        if failures:
            case, want, got = failures[0]
            detail = (f"{len(failures)} of {len(cases)} cases differ; first: bc {case['args']!r} with files "
                      f"{[n for n, _t in case['files']]} and stdin {case['stdin'][:200]!r}: expected {want!r}, got {got!r}")
>           raise AssertionError(detail)
E           AssertionError: 51 of 87 cases differ; first: bc [] with files [] and stdin 'define peek(k) {\n  auto a\n  a = k * 2\n  return (a + b)\n}\ndefine sq(v) {\n  return (v * v)\n}\nn1 + sqrt(864) * .995293 && last; scale = 10\nobase = 12\nsqrt(peek(length(n1)) > .42)\nibase = 16; scale = 1; p': expected b'0\n1\nresult: [ 11ab "1\n13859877685416772576921976609507743961929804785109780749301171956024\\\n918\n0\n1\n', got b''

/tests/test_outputs.py:109: AssertionError
____________________________ test_mixed_programs_6 _____________________________

    def test_mixed_programs_6():
>       check("mixed_6")

/tests/test_outputs.py:173: 
_ _ _ _ _ _ _ _ _ _ _ _ _ _ _ _ _ _ _ _ _ _ _ _ _ _ _ _ _ _ _ _ _ _ _ _ _ _ _ _ 

family = 'mixed_6'

    def check(family):
        cases = [c for c in CASES if c["family"] == family]
        assert cases, f"no cases for {family}"
        failures = []
        for case in cases:
            want = run([GNU_BC], case)
            got = run(DEMOTE + CANDIDATE, case)
            if got != want:
                failures.append((case, want, got))
        if failures:
            case, want, got = failures[0]
            detail = (f"{len(failures)} of {len(cases)} cases differ; first: bc {case['args']!r} with files "
                      f"{[n for n, _t in case['files']]} and stdin {case['stdin'][:200]!r}: expected {want!r}, got {got!r}")
>           raise AssertionError(detail)
E           AssertionError: 35 of 82 cases differ; first: bc [] with files [] and stdin 'j = 1; while (j > 0) { q[2] += 98.892 + length(--n1); j = j - 1 }; tot\na^5; n1 -= b % 1 % scale(n1) % 281; obase = 3\nscale = 3\na /= (++b)^1.5 + p[2] * 6\nobase = 16; for (i = 0; i < 2; i++) { 5.292070;': expected b'0\n0\n5.4AC51\n5.4AC51\n', got b''

/tests/test_outputs.py:109: AssertionError
____________________________ test_mixed_programs_7 _____________________________

    def test_mixed_programs_7():
>       check("mixed_7")

/tests/test_outputs.py:177: 
_ _ _ _ _ _ _ _ _ _ _ _ _ _ _ _ _ _ _ _ _ _ _ _ _ _ _ _ _ _ _ _ _ _ _ _ _ _ _ _ 

family = 'mixed_7'

    def check(family):
        cases = [c for c in CASES if c["family"] == family]
        assert cases, f"no cases for {family}"
        failures = []
        for case in cases:
            want = run([GNU_BC], case)
            got = run(DEMOTE + CANDIDATE, case)
            if got != want:
                failures.append((case, want, got))
        if failures:
            case, want, got = failures[0]
            detail = (f"{len(failures)} of {len(cases)} cases differ; first: bc {case['args']!r} with files "
                      f"{[n for n, _t in case['files']]} and stdin {case['stdin'][:200]!r}: expected {want!r}, got {got!r}")
>           raise AssertionError(detail)
E           AssertionError: 48 of 86 cases differ; first: bc ['prog.bc'] with files ['prog.bc'] and stdin 'q[5] -= 5; (c)^-2 || x > p[0]\nprint "[\\t]", " ["\n': expected b'0\n[\t] [', got b''

/tests/test_outputs.py:109: AssertionError
____________________________ test_mixed_programs_8 _____________________________

    def test_mixed_programs_8():
>       check("mixed_8")

/tests/test_outputs.py:181: 
_ _ _ _ _ _ _ _ _ _ _ _ _ _ _ _ _ _ _ _ _ _ _ _ _ _ _ _ _ _ _ _ _ _ _ _ _ _ _ _ 

family = 'mixed_8'

    def check(family):
        cases = [c for c in CASES if c["family"] == family]
        assert cases, f"no cases for {family}"
        failures = []
        for case in cases:
            want = run([GNU_BC], case)
            got = run(DEMOTE + CANDIDATE, case)
            if got != want:
                failures.append((case, want, got))
        if failures:
            case, want, got = failures[0]
            detail = (f"{len(failures)} of {len(cases)} cases differ; first: bc {case['args']!r} with files "
                      f"{[n for n, _t in case['files']]} and stdin {case['stdin'][:200]!r}: expected {want!r}, got {got!r}")
>           raise AssertionError(detail)
E           AssertionError: 48 of 86 cases differ; first: bc [] with files [] and stdin 'define sq(v) {\n  return (v * v)\n}\ndefine fact(k) {\n  auto r\n  r = 1\n  while (k > 1) { r *= k; k -= 1 }\n  return (r)\n}\nobase = 3; { print "x="; c = . }\nobase = 2; length((sqrt(17))) * 007 < length(c)\nl': expected b'x=0\n1\n=line\n0\n', got b''

/tests/test_outputs.py:109: AssertionError
==================================== PASSES ====================================
=========================== short test summary info ============================
PASSED ../../tests/test_outputs.py::test_numbers_and_bases
PASSED ../../tests/test_outputs.py::test_arithmetic_and_scale
PASSED ../../tests/test_outputs.py::test_builtin_functions
PASSED ../../tests/test_outputs.py::test_strings_and_print
PASSED ../../tests/test_outputs.py::test_relational_and_boolean
PASSED ../../tests/test_outputs.py::test_assignment_and_variables
PASSED ../../tests/test_outputs.py::test_control_flow
PASSED ../../tests/test_outputs.py::test_user_functions
PASSED ../../tests/test_outputs.py::test_runtime_errors
PASSED ../../tests/test_outputs.py::test_launcher_stops_delegation_and_foreign_code
PASSED ../../tests/test_outputs.py::test_delivered_package_is_standard_library_python
FAILED ../../tests/test_outputs.py::test_printing_and_radixes - AssertionErro...
FAILED ../../tests/test_outputs.py::test_mixed_programs_1 - AssertionError: 3...
FAILED ../../tests/test_outputs.py::test_mixed_programs_2 - AssertionError: 4...
FAILED ../../tests/test_outputs.py::test_mixed_programs_3 - AssertionError: 4...
FAILED ../../tests/test_outputs.py::test_mixed_programs_4 - AssertionError: 2...
FAILED ../../tests/test_outputs.py::test_mixed_programs_5 - AssertionError: 5...
FAILED ../../tests/test_outputs.py::test_mixed_programs_6 - AssertionError: 3...
FAILED ../../tests/test_outputs.py::test_mixed_programs_7 - AssertionError: 4...
FAILED ../../tests/test_outputs.py::test_mixed_programs_8 - AssertionError: 4...
=================== 9 failed, 11 passed in 70.30s (0:01:10) ====================
