chmod: cannot access '/usr/bin/dc': No such file or directory
============================= test session starts ==============================
platform linux -- Python 3.13.12, pytest-9.1.1, pluggy-1.6.0
rootdir: /tests
plugins: json-ctrf-0.5.2
collected 20 items

../../tests/test_outputs.py ....F..F.FFFFFFFFF..                         [100%]

=================================== FAILURES ===================================
____________________________ test_strings_and_print ____________________________

    def test_strings_and_print():
>       check("strings_and_print")

/tests/test_outputs.py:129: 
_ _ _ _ _ _ _ _ _ _ _ _ _ _ _ _ _ _ _ _ _ _ _ _ _ _ _ _ _ _ _ _ _ _ _ _ _ _ _ _ 

family = 'strings_and_print'

    def check(family):
        cases = [c for c in CASES if c["family"] == family]
        assert cases, f"no cases for {family}"
        failures = []
        for case in cases:
            want = run([GNU_BC], case)
            got = run(DEMOTE + CANDIDATE, case)
            if got != want:
                failures.append((case, want, got))
        if failures:
            case, want, got = failures[0]
            detail = (f"{len(failures)} of {len(cases)} cases differ; first: bc {case['args']!r} with files "
                      f"{[n for n, _t in case['files']]} and stdin {case['stdin'][:200]!r}: expected {want!r}, got {got!r}")
>           raise AssertionError(detail)
E           AssertionError: 74 of 130 cases differ; first: bc [] with files [] and stdin '"tab\there"\n"literal \\n stays"\nfor (i = 0; i < 24; i++) print i, " "\n': expected b'tab\thereliteral \\n stays0 1 2 3 4 5 6 7 8 9 10 11 12 13 14 15 16 17 \\\n18 19 20 21 22 23 ', got b'tab\thereliteral \\n stays0\n0 1 2 3 4 5 6 7 8 9 10 11 12 13 14 15 16 17 18 19 20 21 22 23 '

/tests/test_outputs.py:109: AssertionError
______________________________ test_control_flow _______________________________

    def test_control_flow():
>       check("control_flow")

/tests/test_outputs.py:141: 
_ _ _ _ _ _ _ _ _ _ _ _ _ _ _ _ _ _ _ _ _ _ _ _ _ _ _ _ _ _ _ _ _ _ _ _ _ _ _ _ 

family = 'control_flow'

    def check(family):
        cases = [c for c in CASES if c["family"] == family]
        assert cases, f"no cases for {family}"
        failures = []
        for case in cases:
            want = run([GNU_BC], case)
            got = run(DEMOTE + CANDIDATE, case)
            if got != want:
                failures.append((case, want, got))
        if failures:
            case, want, got = failures[0]
            detail = (f"{len(failures)} of {len(cases)} cases differ; first: bc {case['args']!r} with files "
                      f"{[n for n, _t in case['files']]} and stdin {case['stdin'][:200]!r}: expected {want!r}, got {got!r}")
>           raise AssertionError(detail)
E           AssertionError: 110 of 130 cases differ; first: bc [] with files [] and stdin '{ a = 1\n  b = 2\n  a + b }\nx = 5; if (x > 3) if (x > 4) "big" else "mid"\nfor (i = 0; ; i++) { if (i > 1) break; i }\nhalt\n"after"\n': expected b'3\nbig0\n1\n', got b'3\nbig0\n0\n1\n'

/tests/test_outputs.py:109: AssertionError
_____________________________ test_runtime_errors ______________________________

    def test_runtime_errors():
>       check("runtime_errors")

/tests/test_outputs.py:149: 
_ _ _ _ _ _ _ _ _ _ _ _ _ _ _ _ _ _ _ _ _ _ _ _ _ _ _ _ _ _ _ _ _ _ _ _ _ _ _ _ 

family = 'runtime_errors'

    def check(family):
        cases = [c for c in CASES if c["family"] == family]
        assert cases, f"no cases for {family}"
        failures = []
        for case in cases:
            want = run([GNU_BC], case)
            got = run(DEMOTE + CANDIDATE, case)
            if got != want:
                failures.append((case, want, got))
        if failures:
            case, want, got = failures[0]
            detail = (f"{len(failures)} of {len(cases)} cases differ; first: bc {case['args']!r} with files "
                      f"{[n for n, _t in case['files']]} and stdin {case['stdin'][:200]!r}: expected {want!r}, got {got!r}")
>           raise AssertionError(detail)
E           AssertionError: 55 of 127 cases differ; first: bc [] with files [] and stdin 'for (i = 0; i < 3; i++) { i; if (i == 1) 1 / 0 }\n"done\\n"\n0^-1; "after"\np[-1] = 3; "x"\nx = 5 % 0; x\nx = 5 % 0; x\n': expected b'0\n1\ndone\\n', got b'0\n0\n1\ndone\\n'

/tests/test_outputs.py:109: AssertionError
____________________________ test_mixed_programs_1 _____________________________

    def test_mixed_programs_1():
>       check("mixed_1")

/tests/test_outputs.py:153: 
_ _ _ _ _ _ _ _ _ _ _ _ _ _ _ _ _ _ _ _ _ _ _ _ _ _ _ _ _ _ _ _ _ _ _ _ _ _ _ _ 

family = 'mixed_1'

    def check(family):
        cases = [c for c in CASES if c["family"] == family]
        assert cases, f"no cases for {family}"
        failures = []
        for case in cases:
            want = run([GNU_BC], case)
            got = run(DEMOTE + CANDIDATE, case)
            if got != want:
                failures.append((case, want, got))
        if failures:
            case, want, got = failures[0]
            detail = (f"{len(failures)} of {len(cases)} cases differ; first: bc {case['args']!r} with files "
                      f"{[n for n, _t in case['files']]} and stdin {case['stdin'][:200]!r}: expected {want!r}, got {got!r}")
>           raise AssertionError(detail)
E           AssertionError: 37 of 85 cases differ; first: bc [] with files [] and stdin '- y; F <= 95 % q[4]\nscale = 20\nprint !(tot); y = !85156216287021735658837015430383395041.25649175250361; sqrt(tot) - tot - 13 * length(scale)\nprint c * 694; scale = 2; scale(sqrt(.84) && q[5])\n(b)^0 <': expected b'0\n1-26\n00\n1\n1\n4.25\n1\n[ab 25\n1\n0\n0\n0\n', got b'0\n1-26\n00\n1\n1\n0\n4.25\n1\n[ab 25\n1\n0\n0\n0\n'

/tests/test_outputs.py:109: AssertionError
____________________________ test_mixed_programs_2 _____________________________

    def test_mixed_programs_2():
>       check("mixed_2")

/tests/test_outputs.py:157: 
_ _ _ _ _ _ _ _ _ _ _ _ _ _ _ _ _ _ _ _ _ _ _ _ _ _ _ _ _ _ _ _ _ _ _ _ _ _ _ _ 

family = 'mixed_2'

    def check(family):
        cases = [c for c in CASES if c["family"] == family]
        assert cases, f"no cases for {family}"
        failures = []
        for case in cases:
            want = run([GNU_BC], case)
            got = run(DEMOTE + CANDIDATE, case)
            if got != want:
                failures.append((case, want, got))
        if failures:
            case, want, got = failures[0]
            detail = (f"{len(failures)} of {len(cases)} cases differ; first: bc {case['args']!r} with files "
                      f"{[n for n, _t in case['files']]} and stdin {case['stdin'][:200]!r}: expected {want!r}, got {got!r}")
>           raise AssertionError(detail)
E           AssertionError: 32 of 86 cases differ; first: bc [] with files [] and stdin '"a\\nb"; q[4] /= n1; scale = 10\n"line\n"; a = (--a)^0 - -(q[5])\nif (sqrt(sqrt(a))) print - ZZ, "\\n" else y = y-- < 15.707; if (scale + n1) 1A * 72.47 else print --b * 5.96363, "\\n"\nprint " "; { y = 707;': expected b'a\\nbline\n-99\n-5.96363\n ab', got b'a\\nbline\n-99\n-5.96363\n ab0\n'

/tests/test_outputs.py:109: AssertionError
____________________________ test_mixed_programs_3 _____________________________

    def test_mixed_programs_3():
>       check("mixed_3")

/tests/test_outputs.py:161: 
_ _ _ _ _ _ _ _ _ _ _ _ _ _ _ _ _ _ _ _ _ _ _ _ _ _ _ _ _ _ _ _ _ _ _ _ _ _ _ _ 

family = 'mixed_3'

    def check(family):
        cases = [c for c in CASES if c["family"] == family]
        assert cases, f"no cases for {family}"
        failures = []
        for case in cases:
            want = run([GNU_BC], case)
            got = run(DEMOTE + CANDIDATE, case)
            if got != want:
                failures.append((case, want, got))
        if failures:
            case, want, got = failures[0]
            detail = (f"{len(failures)} of {len(cases)} cases differ; first: bc {case['args']!r} with files "
                      f"{[n for n, _t in case['files']]} and stdin {case['stdin'][:200]!r}: expected {want!r}, got {got!r}")
>           raise AssertionError(detail)
E           AssertionError: 35 of 81 cases differ; first: bc ['prog.bc'] with files ['prog.bc'] and stdin 'b ^= -1; { print q[3], "\\n"; c^-1 }; if ((q[0])^5) length(7) && 3 else tot = .7 % --c\nfor (i = 0; i < 4; i++) { - tot; print 10, "\\n" }\n': expected b'result: x=result: val line\n0\n0\n0\n.273543\n1\n1\n1\n2\n3\n0\n1\na\\nb000\n0\n10\n0\n10\n0\n10\n0\n10\n', got b'result: x=result: val line\n0\n0\n0\n.273543\n1\n1\n0\n1\n2\n3\n0\n0\n1\na\\nb000\n0\n0\n10\n0\n10\n0\n10\n0\n10\n'

/tests/test_outputs.py:109: AssertionError
____________________________ test_mixed_programs_4 _____________________________

    def test_mixed_programs_4():
>       check("mixed_4")

/tests/test_outputs.py:165: 
_ _ _ _ _ _ _ _ _ _ _ _ _ _ _ _ _ _ _ _ _ _ _ _ _ _ _ _ _ _ _ _ _ _ _ _ _ _ _ _ 

family = 'mixed_4'

    def check(family):
        cases = [c for c in CASES if c["family"] == family]
        assert cases, f"no cases for {family}"
        failures = []
        for case in cases:
            want = run([GNU_BC], case)
            got = run(DEMOTE + CANDIDATE, case)
            if got != want:
                failures.append((case, want, got))
        if failures:
            case, want, got = failures[0]
            detail = (f"{len(failures)} of {len(cases)} cases differ; first: bc {case['args']!r} with files "
                      f"{[n for n, _t in case['files']]} and stdin {case['stdin'][:200]!r}: expected {want!r}, got {got!r}")
>           raise AssertionError(detail)
E           AssertionError: 25 of 67 cases differ; first: bc [] with files [] and stdin 'q[3] *= - 99153191786744610763955378072236; for (i = 0; i < 1; i++) { c = q[0]; sqrt(scale(615)) >= x }\n!(n1); b = -(--x)\nn1 = b / 6\nibase = 3; obase = 16\nlength(22237520032573472993835540982642116346': expected b'1\n1\n1\n1-2\n', got b'0\n1\n1\n1\n1-2\n'

/tests/test_outputs.py:109: AssertionError
____________________________ test_mixed_programs_5 _____________________________

    def test_mixed_programs_5():
>       check("mixed_5")

/tests/test_outputs.py:169: 
_ _ _ _ _ _ _ _ _ _ _ _ _ _ _ _ _ _ _ _ _ _ _ _ _ _ _ _ _ _ _ _ _ _ _ _ _ _ _ _ 

family = 'mixed_5'

    def check(family):
        cases = [c for c in CASES if c["family"] == family]
        assert cases, f"no cases for {family}"
        failures = []
        for case in cases:
            want = run([GNU_BC], case)
            got = run(DEMOTE + CANDIDATE, case)
            if got != want:
                failures.append((case, want, got))
        if failures:
            case, want, got = failures[0]
            detail = (f"{len(failures)} of {len(cases)} cases differ; first: bc {case['args']!r} with files "
                      f"{[n for n, _t in case['files']]} and stdin {case['stdin'][:200]!r}: expected {want!r}, got {got!r}")
>           raise AssertionError(detail)
E           AssertionError: 33 of 87 cases differ; first: bc [] with files [] and stdin 'y; 2 * 48.3709 + (637)\n!length(sqrt(.8155)); b /= - tot\nfor (i = 0; i < 2; i++) { print 767525095965698977913488110980080618.00499393235179608027411621182, "\\n"; print (tot += --y), "\\n" }; obase = 12': expected b'0\n733.7418\n0\n767525095965698977913488110980080618.00499393235179608027411621182\n-1\n767525095965698977913488110980080618.00499393235179608027411621182\n-3\n1\n0\n4\n1\n0\n2x=""0\n8.7\n0\n.AA0\n', got b'0\n733.7418\n0\n0\n767525095965698977913488110980080618.00499393235179608027411621182\n-1\n767525095965698977913488110980080618.00499393235179608027411621182\n-3\n1\n0\n4\n1\n0\n2x=""0\n8.7\n0\n.AA0\n'

/tests/test_outputs.py:109: AssertionError
____________________________ test_mixed_programs_6 _____________________________

    def test_mixed_programs_6():
>       check("mixed_6")

/tests/test_outputs.py:173: 
_ _ _ _ _ _ _ _ _ _ _ _ _ _ _ _ _ _ _ _ _ _ _ _ _ _ _ _ _ _ _ _ _ _ _ _ _ _ _ _ 

family = 'mixed_6'

    def check(family):
        cases = [c for c in CASES if c["family"] == family]
        assert cases, f"no cases for {family}"
        failures = []
        for case in cases:
            want = run([GNU_BC], case)
            got = run(DEMOTE + CANDIDATE, case)
            if got != want:
                failures.append((case, want, got))
        if failures:
            case, want, got = failures[0]
            detail = (f"{len(failures)} of {len(cases)} cases differ; first: bc {case['args']!r} with files "
                      f"{[n for n, _t in case['files']]} and stdin {case['stdin'][:200]!r}: expected {want!r}, got {got!r}")
>           raise AssertionError(detail)
E           AssertionError: 29 of 82 cases differ; first: bc [] with files [] and stdin 'j = 1; while (j > 0) { q[2] += 98.892 + length(--n1); j = j - 1 }; tot\na^5; n1 -= b % 1 % scale(n1) % 281; obase = 3\nscale = 3\na /= (++b)^1.5 + p[2] * 6\nobase = 16; for (i = 0; i < 2; i++) { 5.292070;': expected b'0\n0\n5.4AC51\n5.4AC51\n', got b'0\n0\n0\n5.4AC51\n5.4AC51\n0\n'

/tests/test_outputs.py:109: AssertionError
____________________________ test_mixed_programs_7 _____________________________

    def test_mixed_programs_7():
>       check("mixed_7")

/tests/test_outputs.py:177: 
_ _ _ _ _ _ _ _ _ _ _ _ _ _ _ _ _ _ _ _ _ _ _ _ _ _ _ _ _ _ _ _ _ _ _ _ _ _ _ _ 

family = 'mixed_7'

    def check(family):
        cases = [c for c in CASES if c["family"] == family]
        assert cases, f"no cases for {family}"
        failures = []
        for case in cases:
            want = run([GNU_BC], case)
            got = run(DEMOTE + CANDIDATE, case)
            if got != want:
                failures.append((case, want, got))
        if failures:
            case, want, got = failures[0]
            detail = (f"{len(failures)} of {len(cases)} cases differ; first: bc {case['args']!r} with files "
                      f"{[n for n, _t in case['files']]} and stdin {case['stdin'][:200]!r}: expected {want!r}, got {got!r}")
>           raise AssertionError(detail)
E           AssertionError: 38 of 86 cases differ; first: bc [] with files [] and stdin 'scale = 10\n(60.409)^3 / tot / .; A\n{ tot = !45.0601; print "--]" }\n-(n1); print "[]result: "; print "\\nval [", 84.024\nfor (i = 0; i < 4; i++) { print length(y) % tot--, "\\n"; n1 = 5 - 18 }; sqrt(tot++': expected b'--]0\n[]result: \nval [84.0240\n', got b'--]0\n[]result: \nval [84.0240\n0\n'

/tests/test_outputs.py:109: AssertionError
____________________________ test_mixed_programs_8 _____________________________

    def test_mixed_programs_8():
>       check("mixed_8")

/tests/test_outputs.py:181: 
_ _ _ _ _ _ _ _ _ _ _ _ _ _ _ _ _ _ _ _ _ _ _ _ _ _ _ _ _ _ _ _ _ _ _ _ _ _ _ _ 

family = 'mixed_8'

    def check(family):
        cases = [c for c in CASES if c["family"] == family]
        assert cases, f"no cases for {family}"
        failures = []
        for case in cases:
            want = run([GNU_BC], case)
            got = run(DEMOTE + CANDIDATE, case)
            if got != want:
                failures.append((case, want, got))
        if failures:
            case, want, got = failures[0]
            detail = (f"{len(failures)} of {len(cases)} cases differ; first: bc {case['args']!r} with files "
                      f"{[n for n, _t in case['files']]} and stdin {case['stdin'][:200]!r}: expected {want!r}, got {got!r}")
>           raise AssertionError(detail)
E           AssertionError: 28 of 86 cases differ; first: bc [] with files [] and stdin 'define hx() { return (10 + FF) }\ny % tot / scale(1); !2\nscale = 1; scale = 0\n-(.384); obase = 7; for (i = 0; i < 1; i++) { print . <= ., "\\n"; tot = tot }\np[2] ^= 2\nc\ny += 007; 251 * !469; "a\\nb"\nif (': expected b'-.384\n1\n0\n0\na\\nb10\n17.D0CB2\n', got b'-.384\n0\n1\n0\n0\na\\nb10\n17.D0CB2\n'

/tests/test_outputs.py:109: AssertionError
==================================== PASSES ====================================
=========================== short test summary info ============================
PASSED ../../tests/test_outputs.py::test_numbers_and_bases
PASSED ../../tests/test_outputs.py::test_arithmetic_and_scale
PASSED ../../tests/test_outputs.py::test_builtin_functions
PASSED ../../tests/test_outputs.py::test_printing_and_radixes
PASSED ../../tests/test_outputs.py::test_relational_and_boolean
PASSED ../../tests/test_outputs.py::test_assignment_and_variables
PASSED ../../tests/test_outputs.py::test_user_functions
PASSED ../../tests/test_outputs.py::test_launcher_stops_delegation_and_foreign_code
PASSED ../../tests/test_outputs.py::test_delivered_package_is_standard_library_python
FAILED ../../tests/test_outputs.py::test_strings_and_print - AssertionError: ...
FAILED ../../tests/test_outputs.py::test_control_flow - AssertionError: 110 o...
FAILED ../../tests/test_outputs.py::test_runtime_errors - AssertionError: 55 ...
FAILED ../../tests/test_outputs.py::test_mixed_programs_1 - AssertionError: 3...
FAILED ../../tests/test_outputs.py::test_mixed_programs_2 - AssertionError: 3...
FAILED ../../tests/test_outputs.py::test_mixed_programs_3 - AssertionError: 3...
FAILED ../../tests/test_outputs.py::test_mixed_programs_4 - AssertionError: 2...
FAILED ../../tests/test_outputs.py::test_mixed_programs_5 - AssertionError: 3...
FAILED ../../tests/test_outputs.py::test_mixed_programs_6 - AssertionError: 2...
FAILED ../../tests/test_outputs.py::test_mixed_programs_7 - AssertionError: 3...
FAILED ../../tests/test_outputs.py::test_mixed_programs_8 - AssertionError: 2...
======================== 11 failed, 9 passed in 58.07s =========================
