chmod: cannot access '/usr/bin/dc': No such file or directory
============================= test session starts ==============================
platform linux -- Python 3.13.12, pytest-9.1.1, pluggy-1.6.0
rootdir: /tests
plugins: json-ctrf-0.5.2
collected 20 items

../../tests/test_outputs.py FFF.F.F.FFFFFFFFFF..                         [100%]

=================================== FAILURES ===================================
____________________________ test_numbers_and_bases ____________________________

    def test_numbers_and_bases():
>       check("numbers_and_bases")

/tests/test_outputs.py:113: 
_ _ _ _ _ _ _ _ _ _ _ _ _ _ _ _ _ _ _ _ _ _ _ _ _ _ _ _ _ _ _ _ _ _ _ _ _ _ _ _ 

family = 'numbers_and_bases'

    def check(family):
        cases = [c for c in CASES if c["family"] == family]
        assert cases, f"no cases for {family}"
        failures = []
        for case in cases:
            want = run([GNU_BC], case)
            got = run(DEMOTE + CANDIDATE, case)
            if got != want:
                failures.append((case, want, got))
        if failures:
            case, want, got = failures[0]
            detail = (f"{len(failures)} of {len(cases)} cases differ; first: bc {case['args']!r} with files "
                      f"{[n for n, _t in case['files']]} and stdin {case['stdin'][:200]!r}: expected {want!r}, got {got!r}")
>           raise AssertionError(detail)
E           AssertionError: 99 of 130 cases differ; first: bc [] with files [] and stdin 'ibase = A; 1.1; 7; 100; ibase = A\nibase = A; 100; 1; 1.1; ibase = A\nibase = 8; Q; 0.01; 0; ibase = A\n69.1692\n': expected b'1.1\n7\n100\n100\n1\n1.1\n26\n.01\n0\n69.1692\n', got b'1.1\n7\n100\n100\n1\n1.1\n26\n0.01\n0\n69.1692\n'

/tests/test_outputs.py:109: AssertionError
__________________________ test_arithmetic_and_scale ___________________________

    def test_arithmetic_and_scale():
>       check("arithmetic_and_scale")

/tests/test_outputs.py:117: 
_ _ _ _ _ _ _ _ _ _ _ _ _ _ _ _ _ _ _ _ _ _ _ _ _ _ _ _ _ _ _ _ _ _ _ _ _ _ _ _ 

family = 'arithmetic_and_scale'

    def check(family):
        cases = [c for c in CASES if c["family"] == family]
        assert cases, f"no cases for {family}"
        failures = []
        for case in cases:
            want = run([GNU_BC], case)
            got = run(DEMOTE + CANDIDATE, case)
            if got != want:
                failures.append((case, want, got))
        if failures:
            case, want, got = failures[0]
            detail = (f"{len(failures)} of {len(cases)} cases differ; first: bc {case['args']!r} with files "
                      f"{[n for n, _t in case['files']]} and stdin {case['stdin'][:200]!r}: expected {want!r}, got {got!r}")
>           raise AssertionError(detail)
E           AssertionError: 110 of 128 cases differ; first: bc [] with files [] and stdin 'scale = 1; 12 / 749\nscale = 1; 857605738451228407603020 * 19\nscale = 12; 5 / 91.638198\nscale = 2; 122 + 8\nscale = 0; 51.822 * .3546\nscale = 4; .A * 941\nscale = 2; 12 * 007\nscale = 7; 18 + .1613\nscale ': expected b'0\n16294509030573339744457380\n.054562399841\n130\n18.3760\n846.9\n84\n18.1613\n170.425\n1\n1.00\n.06\n', got b'0\n16294509030573339744457380\n0.054562399841\n130\n18.3760\n846.9\n84\n18.1613\n170.425\n1\n1.00\n0.06\n'

/tests/test_outputs.py:109: AssertionError
____________________________ test_builtin_functions ____________________________

    def test_builtin_functions():
>       check("builtin_functions")

/tests/test_outputs.py:121: 
_ _ _ _ _ _ _ _ _ _ _ _ _ _ _ _ _ _ _ _ _ _ _ _ _ _ _ _ _ _ _ _ _ _ _ _ _ _ _ _ 

family = 'builtin_functions'

    def check(family):
        cases = [c for c in CASES if c["family"] == family]
        assert cases, f"no cases for {family}"
        failures = []
        for case in cases:
            want = run([GNU_BC], case)
            got = run(DEMOTE + CANDIDATE, case)
            if got != want:
                failures.append((case, want, got))
        if failures:
            case, want, got = failures[0]
            detail = (f"{len(failures)} of {len(cases)} cases differ; first: bc {case['args']!r} with files "
                      f"{[n for n, _t in case['files']]} and stdin {case['stdin'][:200]!r}: expected {want!r}, got {got!r}")
>           raise AssertionError(detail)
E           AssertionError: 65 of 130 cases differ; first: bc [] with files [] and stdin 'scale = 10; sqrt(4); length(19); scale(.6)\nscale = 10; sqrt(1); length(790); scale(000)\nscale = 3; sqrt(775); length(-18.890); scale(0)\nscale = 6; sqrt(75.19); length(9); scale(18)\nscale = 0; sqrt(.95': expected b'2.0000000000\n2\n1\n1\n3\n0\n27.838\n5\n0\n8.671216\n1\n0\n.977\n5\n1\n11.5\n2\n0\n9.133323\n1\n6\n6.8086\n3\n0\nnext', got b'2.0000000000\n2\n1\n1\n3\n0\n27.838\n5\n0\n8.671216\n1\n0\n0.977\n5\n1\n11.5\n2\n0\n9.133323\n1\n6\n6.8086\n3\n0\nnext'

/tests/test_outputs.py:109: AssertionError
____________________________ test_strings_and_print ____________________________

    def test_strings_and_print():
>       check("strings_and_print")

/tests/test_outputs.py:129: 
_ _ _ _ _ _ _ _ _ _ _ _ _ _ _ _ _ _ _ _ _ _ _ _ _ _ _ _ _ _ _ _ _ _ _ _ _ _ _ _ 

family = 'strings_and_print'

    def check(family):
        cases = [c for c in CASES if c["family"] == family]
        assert cases, f"no cases for {family}"
        failures = []
        for case in cases:
            want = run([GNU_BC], case)
            got = run(DEMOTE + CANDIDATE, case)
            if got != want:
                failures.append((case, want, got))
        if failures:
            case, want, got = failures[0]
            detail = (f"{len(failures)} of {len(cases)} cases differ; first: bc {case['args']!r} with files "
                      f"{[n for n, _t in case['files']]} and stdin {case['stdin'][:200]!r}: expected {want!r}, got {got!r}")
>           raise AssertionError(detail)
E           AssertionError: 15 of 130 cases differ; first: bc [] with files [] and stdin 'print "wwwwwwwwwwwwwwwwwwwwwwwwwwwwwwwwwwwwww", 2^146, "\\n"\nprint "val  ", .A, " \\q"\nfor (i = 0; i < 35; i++) print i, " "\nprint "abcdefghijabcdefghijabcdefghijabcdefghijabcdefghijabcdefghijabcdefghij': expected b'wwwwwwwwwwwwwwwwwwwwwwwwwwwwwwwwwwwwww892029807941224925661428730905\\\n93446023921664\nval  .9 "0 1 2 3 4 5 6 7 8 9 10 11 12 13 14 15 16 17 18 19 20 21 22 \\\n23 24 25 26 27 28 29 30 31 32 33 34 abcdefghijabcdefghijabcdefghijab\\\ncdefghijabcdefghijabcdefghijabcdefghijabcdefghijtwo\nlineswwwwwwwwwwwwwwwwwwwwwwwwwwwwww374144419156711147060143317175368\\\n453031918731001856\n', got b'wwwwwwwwwwwwwwwwwwwwwwwwwwwwwwwwwwwwww892029807941224925661428730905\\\n93446023921664\nval  0.9 "0 1 2 3 4 5 6 7 8 9 10 11 12 13 14 15 16 17 18 19 20 21 22\\\n 23 24 25 26 27 28 29 30 31 32 33 34 abcdefghijabcdefghijabcdefghija\\\nbcdefghijabcdefghijabcdefghijabcdefghijabcdefghijtwo\nlineswwwwwwwwwwwwwwwwwwwwwwwwwwwwww374144419156711147060143317175368\\\n453031918731001856\n'

/tests/test_outputs.py:109: AssertionError
________________________ test_assignment_and_variables _________________________

    def test_assignment_and_variables():
>       check("assignment_and_variables")

/tests/test_outputs.py:137: 
_ _ _ _ _ _ _ _ _ _ _ _ _ _ _ _ _ _ _ _ _ _ _ _ _ _ _ _ _ _ _ _ _ _ _ _ _ _ _ _ 

family = 'assignment_and_variables'

    def check(family):
        cases = [c for c in CASES if c["family"] == family]
        assert cases, f"no cases for {family}"
        failures = []
        for case in cases:
            want = run([GNU_BC], case)
            got = run(DEMOTE + CANDIDATE, case)
            if got != want:
                failures.append((case, want, got))
        if failures:
            case, want, got = failures[0]
            detail = (f"{len(failures)} of {len(cases)} cases differ; first: bc {case['args']!r} with files "
                      f"{[n for n, _t in case['files']]} and stdin {case['stdin'][:200]!r}: expected {want!r}, got {got!r}")
>           raise AssertionError(detail)
E           AssertionError: 56 of 130 cases differ; first: bc [] with files [] and stdin '.62; last; .; last = 5; .\n0; last; .; last = 5; .\nc = 63.5578; c\nc++; c; ++c; c--; --c\n4.04800; last; .; last = 5; .\n': expected b'.62\n.62\n.62\n5\n0\n0\n0\n5\n63.5578\n63.5578\n64.5578\n65.5578\n65.5578\n63.5578\n4.04800\n4.04800\n4.04800\n5\n', got b'0.62\n0.62\n0.62\n5\n0\n0\n0\n5\n63.5578\n63.5578\n64.5578\n65.5578\n65.5578\n63.5578\n4.04800\n4.04800\n4.04800\n5\n'

/tests/test_outputs.py:109: AssertionError
_____________________________ test_user_functions ______________________________

    def test_user_functions():
>       check("user_functions")

/tests/test_outputs.py:145: 
_ _ _ _ _ _ _ _ _ _ _ _ _ _ _ _ _ _ _ _ _ _ _ _ _ _ _ _ _ _ _ _ _ _ _ _ _ _ _ _ 

family = 'user_functions'

    def check(family):
        cases = [c for c in CASES if c["family"] == family]
        assert cases, f"no cases for {family}"
        failures = []
        for case in cases:
            want = run([GNU_BC], case)
            got = run(DEMOTE + CANDIDATE, case)
            if got != want:
                failures.append((case, want, got))
        if failures:
            case, want, got = failures[0]
            detail = (f"{len(failures)} of {len(cases)} cases differ; first: bc {case['args']!r} with files "
                      f"{[n for n, _t in case['files']]} and stdin {case['stdin'][:200]!r}: expected {want!r}, got {got!r}")
>           raise AssertionError(detail)
E           AssertionError: 10 of 130 cases differ; first: bc [] with files [] and stdin 'define mx(u, v) { if (u > v) return (u); return (v); }\ndefine half(v) { auto s; s = scale; scale = 3; v = v / 2; scale = s; return v }\ndefine sq(v) {\n  return (v * v)\n}\nb = 4\nhalf(3.5)\nmx(3.5, 5)\nhalf': expected b'1.750\n5\n.500\n1\n5\n7\n0\n', got b'1.750\n5\n0.500\n1\n5\n7\n0\n'

/tests/test_outputs.py:109: AssertionError
_____________________________ test_runtime_errors ______________________________

    def test_runtime_errors():
>       check("runtime_errors")

/tests/test_outputs.py:149: 
_ _ _ _ _ _ _ _ _ _ _ _ _ _ _ _ _ _ _ _ _ _ _ _ _ _ _ _ _ _ _ _ _ _ _ _ _ _ _ _ 

family = 'runtime_errors'

    def check(family):
        cases = [c for c in CASES if c["family"] == family]
        assert cases, f"no cases for {family}"
        failures = []
        for case in cases:
            want = run([GNU_BC], case)
            got = run(DEMOTE + CANDIDATE, case)
            if got != want:
                failures.append((case, want, got))
        if failures:
            case, want, got = failures[0]
            detail = (f"{len(failures)} of {len(cases)} cases differ; first: bc {case['args']!r} with files "
                      f"{[n for n, _t in case['files']]} and stdin {case['stdin'][:200]!r}: expected {want!r}, got {got!r}")
>           raise AssertionError(detail)
E           AssertionError: 1 of 127 cases differ; first: bc [] with files [] and stdin '0^-1; "after"\n.013\nfor (i = 0; i < 3; i++) { i; if (i == 1) 1 / 0 }\n"done\\n"\n': expected b'.013\n0\n1\ndone\\n', got b'0.013\n0\n1\ndone\\n'

/tests/test_outputs.py:109: AssertionError
____________________________ test_mixed_programs_1 _____________________________

    def test_mixed_programs_1():
>       check("mixed_1")

/tests/test_outputs.py:153: 
_ _ _ _ _ _ _ _ _ _ _ _ _ _ _ _ _ _ _ _ _ _ _ _ _ _ _ _ _ _ _ _ _ _ _ _ _ _ _ _ 

family = 'mixed_1'

    def check(family):
        cases = [c for c in CASES if c["family"] == family]
        assert cases, f"no cases for {family}"
        failures = []
        for case in cases:
            want = run([GNU_BC], case)
            got = run(DEMOTE + CANDIDATE, case)
            if got != want:
                failures.append((case, want, got))
        if failures:
            case, want, got = failures[0]
            detail = (f"{len(failures)} of {len(cases)} cases differ; first: bc {case['args']!r} with files "
                      f"{[n for n, _t in case['files']]} and stdin {case['stdin'][:200]!r}: expected {want!r}, got {got!r}")
>           raise AssertionError(detail)
E           AssertionError: 8 of 85 cases differ; first: bc [] with files [] and stdin 'define half(v) { auto s; s = scale; scale = 3; v = v / 2; scale = s; return v }\ndefine fib(k) {\n  if (k < 2) return (k)\n  return (fib(k - 1) + fib(k - 2))\n}\ndefine mx(u, v) { if (u > v) return (u); re': expected b'a\\nb6.2\n0\n-88\nresult: \\result: \\0\n5\n0\n0\na\\nb.0000000001\n1\n-13\nab--1', got b'a\\nb6.2\n0\n-88\nresult: \\result: \\0\n5\n0\n0\na\\nb0.0000000001\n1\n-13\nab--1'

/tests/test_outputs.py:109: AssertionError
____________________________ test_mixed_programs_2 _____________________________

    def test_mixed_programs_2():
>       check("mixed_2")

/tests/test_outputs.py:157: 
_ _ _ _ _ _ _ _ _ _ _ _ _ _ _ _ _ _ _ _ _ _ _ _ _ _ _ _ _ _ _ _ _ _ _ _ _ _ _ _ 

family = 'mixed_2'

    def check(family):
        cases = [c for c in CASES if c["family"] == family]
        assert cases, f"no cases for {family}"
        failures = []
        for case in cases:
            want = run([GNU_BC], case)
            got = run(DEMOTE + CANDIDATE, case)
            if got != want:
                failures.append((case, want, got))
        if failures:
            case, want, got = failures[0]
            detail = (f"{len(failures)} of {len(cases)} cases differ; first: bc {case['args']!r} with files "
                      f"{[n for n, _t in case['files']]} and stdin {case['stdin'][:200]!r}: expected {want!r}, got {got!r}")
>           raise AssertionError(detail)
E           AssertionError: 6 of 86 cases differ; first: bc ['prog.bc'] with files ['prog.bc'] and stdin '': expected b'.50\n[6ab\nx=0=1\nplain ', got b'0.50\n[6ab\nx=0=1\nplain '

/tests/test_outputs.py:109: AssertionError
____________________________ test_mixed_programs_3 _____________________________

    def test_mixed_programs_3():
>       check("mixed_3")

/tests/test_outputs.py:161: 
_ _ _ _ _ _ _ _ _ _ _ _ _ _ _ _ _ _ _ _ _ _ _ _ _ _ _ _ _ _ _ _ _ _ _ _ _ _ _ _ 

family = 'mixed_3'

    def check(family):
        cases = [c for c in CASES if c["family"] == family]
        assert cases, f"no cases for {family}"
        failures = []
        for case in cases:
            want = run([GNU_BC], case)
            got = run(DEMOTE + CANDIDATE, case)
            if got != want:
                failures.append((case, want, got))
        if failures:
            case, want, got = failures[0]
            detail = (f"{len(failures)} of {len(cases)} cases differ; first: bc {case['args']!r} with files "
                      f"{[n for n, _t in case['files']]} and stdin {case['stdin'][:200]!r}: expected {want!r}, got {got!r}")
>           raise AssertionError(detail)
E           AssertionError: 13 of 81 cases differ; first: bc [] with files [] and stdin 'define peek(k) {\n  auto a\n  a = k * 2\n  return (a + b)\n}\ndefine fact(k) {\n  auto r\n  r = 1\n  while (k > 1) { r *= k; k -= 1 }\n  return (r)\n}\n-(x); .70459; p[1]\n!sqrt(y) < q[4]\n(n1) != y <= x-- / 3\n': expected b'0\n.70459\n0\n1\n1\n', got b'0\n0.70459\n0\n1\n1\n'

/tests/test_outputs.py:109: AssertionError
____________________________ test_mixed_programs_4 _____________________________

    def test_mixed_programs_4():
>       check("mixed_4")

/tests/test_outputs.py:165: 
_ _ _ _ _ _ _ _ _ _ _ _ _ _ _ _ _ _ _ _ _ _ _ _ _ _ _ _ _ _ _ _ _ _ _ _ _ _ _ _ 

family = 'mixed_4'

    def check(family):
        cases = [c for c in CASES if c["family"] == family]
        assert cases, f"no cases for {family}"
        failures = []
        for case in cases:
            want = run([GNU_BC], case)
            got = run(DEMOTE + CANDIDATE, case)
            if got != want:
                failures.append((case, want, got))
        if failures:
            case, want, got = failures[0]
            detail = (f"{len(failures)} of {len(cases)} cases differ; first: bc {case['args']!r} with files "
                      f"{[n for n, _t in case['files']]} and stdin {case['stdin'][:200]!r}: expected {want!r}, got {got!r}")
>           raise AssertionError(detail)
E           AssertionError: 5 of 67 cases differ; first: bc [] with files [] and stdin 'scale = 0; 16; - a\n{ print (69.19), "\\n"; print q[4] * tot, "\\n" }; -(.4004) + !21.382\nif (a--) a = y else tot = -(F)\na += (length(q[2]) || 20.434)^-3\n++y % x % scale(--tot); print "ab"; q[1] += 16\nsc': expected b'16\n0\n69.19\n0\n-.4004\nx=00', got b'16\n0\n69.19\n0\n-0.4004\nx=00'

/tests/test_outputs.py:109: AssertionError
____________________________ test_mixed_programs_5 _____________________________

    def test_mixed_programs_5():
>       check("mixed_5")

/tests/test_outputs.py:169: 
_ _ _ _ _ _ _ _ _ _ _ _ _ _ _ _ _ _ _ _ _ _ _ _ _ _ _ _ _ _ _ _ _ _ _ _ _ _ _ _ 

family = 'mixed_5'

    def check(family):
        cases = [c for c in CASES if c["family"] == family]
        assert cases, f"no cases for {family}"
        failures = []
        for case in cases:
            want = run([GNU_BC], case)
            got = run(DEMOTE + CANDIDATE, case)
            if got != want:
                failures.append((case, want, got))
        if failures:
            case, want, got = failures[0]
            detail = (f"{len(failures)} of {len(cases)} cases differ; first: bc {case['args']!r} with files "
                      f"{[n for n, _t in case['files']]} and stdin {case['stdin'][:200]!r}: expected {want!r}, got {got!r}")
>           raise AssertionError(detail)
E           AssertionError: 8 of 87 cases differ; first: bc [] with files [] and stdin 'define fib(k) {\n  if (k < 2) return (k)\n  return (fib(k - 1) + fib(k - 2))\n}\ndefine mx(u, v) { if (u > v) return (u); return (v); }\n(- .937332)^2\nprint !a, " "; y -= y\nscale = 5; j = 2; while (j > 0) ': expected b'.878591\n1 -1\n-2\n=-717\n\\[ab][result: "', got b'0.878591\n1 -1\n-2\n=-717\n\\[ab][result: "'

/tests/test_outputs.py:109: AssertionError
____________________________ test_mixed_programs_6 _____________________________

    def test_mixed_programs_6():
>       check("mixed_6")

/tests/test_outputs.py:173: 
_ _ _ _ _ _ _ _ _ _ _ _ _ _ _ _ _ _ _ _ _ _ _ _ _ _ _ _ _ _ _ _ _ _ _ _ _ _ _ _ 

family = 'mixed_6'

    def check(family):
        cases = [c for c in CASES if c["family"] == family]
        assert cases, f"no cases for {family}"
        failures = []
        for case in cases:
            want = run([GNU_BC], case)
            got = run(DEMOTE + CANDIDATE, case)
            if got != want:
                failures.append((case, want, got))
        if failures:
            case, want, got = failures[0]
            detail = (f"{len(failures)} of {len(cases)} cases differ; first: bc {case['args']!r} with files "
                      f"{[n for n, _t in case['files']]} and stdin {case['stdin'][:200]!r}: expected {want!r}, got {got!r}")
>           raise AssertionError(detail)
E           AssertionError: 6 of 82 cases differ; first: bc [] with files [] and stdin 'define peek(k) {\n  auto a\n  a = k * 2\n  return (a + b)\n}\ndefine mx(u, v) { if (u > v) return (u); return (v); }\n(n1)^10 != n1 % 62.4\ntot\n{ p[4] += (tot /= b); b = c * tot }\nb = q[5]; n1 ^= 3\nscale = 2': expected b'0\n0\n1.41421356237309504880\n[]\\-.00005555864214678593\n1\n0\n', got b'0\n0\n1.41421356237309504880\n[]\\-0.00005555864214678593\n1\n0\n'

/tests/test_outputs.py:109: AssertionError
____________________________ test_mixed_programs_7 _____________________________

    def test_mixed_programs_7():
>       check("mixed_7")

/tests/test_outputs.py:177: 
_ _ _ _ _ _ _ _ _ _ _ _ _ _ _ _ _ _ _ _ _ _ _ _ _ _ _ _ _ _ _ _ _ _ _ _ _ _ _ _ 

family = 'mixed_7'

    def check(family):
        cases = [c for c in CASES if c["family"] == family]
        assert cases, f"no cases for {family}"
        failures = []
        for case in cases:
            want = run([GNU_BC], case)
            got = run(DEMOTE + CANDIDATE, case)
            if got != want:
                failures.append((case, want, got))
        if failures:
            case, want, got = failures[0]
            detail = (f"{len(failures)} of {len(cases)} cases differ; first: bc {case['args']!r} with files "
                      f"{[n for n, _t in case['files']]} and stdin {case['stdin'][:200]!r}: expected {want!r}, got {got!r}")
>           raise AssertionError(detail)
E           AssertionError: 5 of 86 cases differ; first: bc [] with files [] and stdin 'define fact(k) {\n  auto r\n  r = 1\n  while (k > 1) { r *= k; k -= 1 }\n  return (r)\n}\ndefine peek(k) {\n  auto a\n  a = k * 2\n  return (a + b)\n}\ndefine hx() { return (10 + FF) }\nprint "val ", "val x=val "': expected b'val val x=val .9\n39.2\n1', got b'val val x=val 0.9\n39.2\n1'

/tests/test_outputs.py:109: AssertionError
____________________________ test_mixed_programs_8 _____________________________

    def test_mixed_programs_8():
>       check("mixed_8")

/tests/test_outputs.py:181: 
_ _ _ _ _ _ _ _ _ _ _ _ _ _ _ _ _ _ _ _ _ _ _ _ _ _ _ _ _ _ _ _ _ _ _ _ _ _ _ _ 

family = 'mixed_8'

    def check(family):
        cases = [c for c in CASES if c["family"] == family]
        assert cases, f"no cases for {family}"
        failures = []
        for case in cases:
            want = run([GNU_BC], case)
            got = run(DEMOTE + CANDIDATE, case)
            if got != want:
                failures.append((case, want, got))
        if failures:
            case, want, got = failures[0]
            detail = (f"{len(failures)} of {len(cases)} cases differ; first: bc {case['args']!r} with files "
                      f"{[n for n, _t in case['files']]} and stdin {case['stdin'][:200]!r}: expected {want!r}, got {got!r}")
>           raise AssertionError(detail)
E           AssertionError: 11 of 86 cases differ; first: bc [] with files [] and stdin 'define hx() { return (10 + FF) }\ny % tot / scale(1); !2\nscale = 1; scale = 0\n-(.384); obase = 7; for (i = 0; i < 1; i++) { print . <= ., "\\n"; tot = tot }\np[2] ^= 2\nc\ny += 007; 251 * !469; "a\\nb"\nif (': expected b'-.384\n1\n0\n0\na\\nb10\n17.D0CB2\n', got b'-0.384\n1\n0\n0\na\\nb10\n17.D0CB2\n'

/tests/test_outputs.py:109: AssertionError
==================================== PASSES ====================================
=========================== short test summary info ============================
PASSED ../../tests/test_outputs.py::test_printing_and_radixes
PASSED ../../tests/test_outputs.py::test_relational_and_boolean
PASSED ../../tests/test_outputs.py::test_control_flow
PASSED ../../tests/test_outputs.py::test_launcher_stops_delegation_and_foreign_code
PASSED ../../tests/test_outputs.py::test_delivered_package_is_standard_library_python
FAILED ../../tests/test_outputs.py::test_numbers_and_bases - AssertionError: ...
FAILED ../../tests/test_outputs.py::test_arithmetic_and_scale - AssertionErro...
FAILED ../../tests/test_outputs.py::test_builtin_functions - AssertionError: ...
FAILED ../../tests/test_outputs.py::test_strings_and_print - AssertionError: ...
FAILED ../../tests/test_outputs.py::test_assignment_and_variables - Assertion...
FAILED ../../tests/test_outputs.py::test_user_functions - AssertionError: 10 ...
FAILED ../../tests/test_outputs.py::test_runtime_errors - AssertionError: 1 o...
FAILED ../../tests/test_outputs.py::test_mixed_programs_1 - AssertionError: 8...
FAILED ../../tests/test_outputs.py::test_mixed_programs_2 - AssertionError: 6...
FAILED ../../tests/test_outputs.py::test_mixed_programs_3 - AssertionError: 1...
FAILED ../../tests/test_outputs.py::test_mixed_programs_4 - AssertionError: 5...
FAILED ../../tests/test_outputs.py::test_mixed_programs_5 - AssertionError: 8...
FAILED ../../tests/test_outputs.py::test_mixed_programs_6 - AssertionError: 6...
FAILED ../../tests/test_outputs.py::test_mixed_programs_7 - AssertionError: 5...
FAILED ../../tests/test_outputs.py::test_mixed_programs_8 - AssertionError: 1...
======================== 15 failed, 5 passed in 52.52s =========================
