chmod: cannot access '/usr/bin/dc': No such file or directory
============================= test session starts ==============================
platform linux -- Python 3.13.12, pytest-9.1.1, pluggy-1.6.0
rootdir: /tests
plugins: json-ctrf-0.5.2
collected 20 items

../../tests/test_outputs.py .FF.....F.FF.F.FFF..                         [100%]

=================================== FAILURES ===================================
__________________________ test_arithmetic_and_scale ___________________________

    def test_arithmetic_and_scale():
>       check("arithmetic_and_scale")

/tests/test_outputs.py:117: 
_ _ _ _ _ _ _ _ _ _ _ _ _ _ _ _ _ _ _ _ _ _ _ _ _ _ _ _ _ _ _ _ _ _ _ _ _ _ _ _ 

family = 'arithmetic_and_scale'

    def check(family):
        cases = [c for c in CASES if c["family"] == family]
        assert cases, f"no cases for {family}"
        failures = []
        for case in cases:
            want = run([GNU_BC], case)
            got = run(DEMOTE + CANDIDATE, case)
            if got != want:
                failures.append((case, want, got))
        if failures:
            case, want, got = failures[0]
            detail = (f"{len(failures)} of {len(cases)} cases differ; first: bc {case['args']!r} with files "
                      f"{[n for n, _t in case['files']]} and stdin {case['stdin'][:200]!r}: expected {want!r}, got {got!r}")
>           raise AssertionError(detail)
E           AssertionError: 20 of 128 cases differ; first: bc [] with files [] and stdin 'scale = 1; 12 / 749\nscale = 1; 857605738451228407603020 * 19\nscale = 12; 5 / 91.638198\nscale = 2; 122 + 8\nscale = 0; 51.822 * .3546\nscale = 4; .A * 941\nscale = 2; 12 * 007\nscale = 7; 18 + .1613\nscale ': expected b'0\n16294509030573339744457380\n.054562399841\n130\n18.3760\n846.9\n84\n18.1613\n170.425\n1\n1.00\n.06\n', got b'0\n16294509030573339744457380\n.054562399841\n130\n18.3760812\n846.9\n84\n18.1613\n170.425\n1\n1.00\n.06\n'

/tests/test_outputs.py:109: AssertionError
____________________________ test_builtin_functions ____________________________

    def test_builtin_functions():
>       check("builtin_functions")

/tests/test_outputs.py:121: 
_ _ _ _ _ _ _ _ _ _ _ _ _ _ _ _ _ _ _ _ _ _ _ _ _ _ _ _ _ _ _ _ _ _ _ _ _ _ _ _ 

family = 'builtin_functions'

    def check(family):
        cases = [c for c in CASES if c["family"] == family]
        assert cases, f"no cases for {family}"
        failures = []
        for case in cases:
            want = run([GNU_BC], case)
            got = run(DEMOTE + CANDIDATE, case)
            if got != want:
                failures.append((case, want, got))
        if failures:
            case, want, got = failures[0]
            detail = (f"{len(failures)} of {len(cases)} cases differ; first: bc {case['args']!r} with files "
                      f"{[n for n, _t in case['files']]} and stdin {case['stdin'][:200]!r}: expected {want!r}, got {got!r}")
>           raise AssertionError(detail)
E           AssertionError: 21 of 130 cases differ; first: bc [] with files [] and stdin 'scale = 10; sqrt(4); length(19); scale(.6)\nscale = 10; sqrt(1); length(790); scale(000)\nscale = 3; sqrt(775); length(-18.890); scale(0)\nscale = 6; sqrt(75.19); length(9); scale(18)\nscale = 0; sqrt(.95': expected b'2.0000000000\n2\n1\n1\n3\n0\n27.838\n5\n0\n8.671216\n1\n0\n.977\n5\n1\n11.5\n2\n0\n9.133323\n1\n6\n6.8086\n3\n0\nnext', got b'1.9999999999\n2\n1\n1\n3\n0\n27.838\n5\n0\n8.671216\n1\n0\n.977\n5\n1\n11.5\n2\n0\n9.133323\n1\n6\n6.8086\n3\n0\nnext'

/tests/test_outputs.py:109: AssertionError
_____________________________ test_user_functions ______________________________

    def test_user_functions():
>       check("user_functions")

/tests/test_outputs.py:145: 
_ _ _ _ _ _ _ _ _ _ _ _ _ _ _ _ _ _ _ _ _ _ _ _ _ _ _ _ _ _ _ _ _ _ _ _ _ _ _ _ 

family = 'user_functions'

    def check(family):
        cases = [c for c in CASES if c["family"] == family]
        assert cases, f"no cases for {family}"
        failures = []
        for case in cases:
            want = run([GNU_BC], case)
            got = run(DEMOTE + CANDIDATE, case)
            if got != want:
                failures.append((case, want, got))
        if failures:
            case, want, got = failures[0]
            detail = (f"{len(failures)} of {len(cases)} cases differ; first: bc {case['args']!r} with files "
                      f"{[n for n, _t in case['files']]} and stdin {case['stdin'][:200]!r}: expected {want!r}, got {got!r}")
>           raise AssertionError(detail)
E           AssertionError: 13 of 130 cases differ; first: bc [] with files [] and stdin 'define fib(k) {\n  if (k < 2) return (k)\n  return (fib(k - 1) + fib(k - 2))\n}\ndefine mx(u, v) { if (u > v) return (u); return (v); }\ndefine sq(v) {\n  return (v * v)\n}\nb = 4\nsq(3.5)\nfib(4)\nmx(-4, 10)\nfi': expected b'12.2\n3\n10\n55\n34\n55\n', got b'12.25\n3\n10\n55\n34\n55\n'

/tests/test_outputs.py:109: AssertionError
____________________________ test_mixed_programs_1 _____________________________

    def test_mixed_programs_1():
>       check("mixed_1")

/tests/test_outputs.py:153: 
_ _ _ _ _ _ _ _ _ _ _ _ _ _ _ _ _ _ _ _ _ _ _ _ _ _ _ _ _ _ _ _ _ _ _ _ _ _ _ _ 

family = 'mixed_1'

    def check(family):
        cases = [c for c in CASES if c["family"] == family]
        assert cases, f"no cases for {family}"
        failures = []
        for case in cases:
            want = run([GNU_BC], case)
            got = run(DEMOTE + CANDIDATE, case)
            if got != want:
                failures.append((case, want, got))
        if failures:
            case, want, got = failures[0]
            detail = (f"{len(failures)} of {len(cases)} cases differ; first: bc {case['args']!r} with files "
                      f"{[n for n, _t in case['files']]} and stdin {case['stdin'][:200]!r}: expected {want!r}, got {got!r}")
>           raise AssertionError(detail)
E           AssertionError: 1 of 85 cases differ; first: bc [] with files [] and stdin 'define mx(u, v) { if (u > v) return (u); return (v); }\ndefine sq(v) {\n  return (v * v)\n}\n13 % sq(tot) % length(27.595) / length(84.8336)\nsqrt((x)); if (-(b--)) q[1] += p[3] else p[3] += x / 538\nc /= x': expected b'0\n0\na\\nb00]line\n 11\n0val -945.569\n', got b'0\n0\na\\nb00]line\n 11\n0val -945.569696\n'

/tests/test_outputs.py:109: AssertionError
____________________________ test_mixed_programs_2 _____________________________

    def test_mixed_programs_2():
>       check("mixed_2")

/tests/test_outputs.py:157: 
_ _ _ _ _ _ _ _ _ _ _ _ _ _ _ _ _ _ _ _ _ _ _ _ _ _ _ _ _ _ _ _ _ _ _ _ _ _ _ _ 

family = 'mixed_2'

    def check(family):
        cases = [c for c in CASES if c["family"] == family]
        assert cases, f"no cases for {family}"
        failures = []
        for case in cases:
            want = run([GNU_BC], case)
            got = run(DEMOTE + CANDIDATE, case)
            if got != want:
                failures.append((case, want, got))
        if failures:
            case, want, got = failures[0]
            detail = (f"{len(failures)} of {len(cases)} cases differ; first: bc {case['args']!r} with files "
                      f"{[n for n, _t in case['files']]} and stdin {case['stdin'][:200]!r}: expected {want!r}, got {got!r}")
>           raise AssertionError(detail)
E           AssertionError: 2 of 86 cases differ; first: bc [] with files [] and stdin 'define sq(v) {\n  return (v * v)\n}\nobase = 12; q[1] = sq(p[2]) / (2) / (q[3]) * .; p[3] /= q[1] * y * 73.564 - 12.\nif (p[5] % 173) print c % ++y, "\\n" else print .2050, "\\n"; print sq(710) || (y), leng': expected b'.2562\n1110\n"ab\n--result: \\1\n1\n0a\\nb- 76.43 36 32 99 99"x=abresult:  01\n0\n0\n 36.45\nplain 0\n', got b'.2562\n1110\n"ab\n--result: \\1\n1\n0a\\nb- 76.43 36 33 00 00 00"x=abresult:  01\n0\n0\n 36.45\nplain 0\n'

/tests/test_outputs.py:109: AssertionError
____________________________ test_mixed_programs_4 _____________________________

    def test_mixed_programs_4():
>       check("mixed_4")

/tests/test_outputs.py:165: 
_ _ _ _ _ _ _ _ _ _ _ _ _ _ _ _ _ _ _ _ _ _ _ _ _ _ _ _ _ _ _ _ _ _ _ _ _ _ _ _ 

family = 'mixed_4'

    def check(family):
        cases = [c for c in CASES if c["family"] == family]
        assert cases, f"no cases for {family}"
        failures = []
        for case in cases:
            want = run([GNU_BC], case)
            got = run(DEMOTE + CANDIDATE, case)
            if got != want:
                failures.append((case, want, got))
        if failures:
            case, want, got = failures[0]
            detail = (f"{len(failures)} of {len(cases)} cases differ; first: bc {case['args']!r} with files "
                      f"{[n for n, _t in case['files']]} and stdin {case['stdin'][:200]!r}: expected {want!r}, got {got!r}")
>           raise AssertionError(detail)
E           AssertionError: 3 of 67 cases differ; first: bc ['prog.bc'] with files ['prog.bc'] and stdin 'y\n14; p[2] ^= 3; 16.6 * (49.850) + - 15\nx ^= 2\nif (0 == 1) halt\n"after"\n': expected b'0\n1\n0\n6\n0\n3\n10.125\nafter', got b'0\n1\n0\n6\n0\n3\n10.1250\nafter'

/tests/test_outputs.py:109: AssertionError
____________________________ test_mixed_programs_6 _____________________________

    def test_mixed_programs_6():
>       check("mixed_6")

/tests/test_outputs.py:173: 
_ _ _ _ _ _ _ _ _ _ _ _ _ _ _ _ _ _ _ _ _ _ _ _ _ _ _ _ _ _ _ _ _ _ _ _ _ _ _ _ 

family = 'mixed_6'

    def check(family):
        cases = [c for c in CASES if c["family"] == family]
        assert cases, f"no cases for {family}"
        failures = []
        for case in cases:
            want = run([GNU_BC], case)
            got = run(DEMOTE + CANDIDATE, case)
            if got != want:
                failures.append((case, want, got))
        if failures:
            case, want, got = failures[0]
            detail = (f"{len(failures)} of {len(cases)} cases differ; first: bc {case['args']!r} with files "
                      f"{[n for n, _t in case['files']]} and stdin {case['stdin'][:200]!r}: expected {want!r}, got {got!r}")
>           raise AssertionError(detail)
E           AssertionError: 2 of 82 cases differ; first: bc [] with files [] and stdin 'ibase = A\n9 * 4.571858 * (25.218618); x %= sqrt(y) || q[2] / c; !11\nfor (i = 0; i < 4; i++) { c = (x)^0; tot = 4269180791905427254529461567826051133630444222 }; p[0] = A; x %= ++y\nj = 0; while (j > 0)': expected b'1037.663464\n0\n0\n', got b'1037.663464070196\n0\n0\n'

/tests/test_outputs.py:109: AssertionError
____________________________ test_mixed_programs_7 _____________________________

    def test_mixed_programs_7():
>       check("mixed_7")

/tests/test_outputs.py:177: 
_ _ _ _ _ _ _ _ _ _ _ _ _ _ _ _ _ _ _ _ _ _ _ _ _ _ _ _ _ _ _ _ _ _ _ _ _ _ _ _ 

family = 'mixed_7'

    def check(family):
        cases = [c for c in CASES if c["family"] == family]
        assert cases, f"no cases for {family}"
        failures = []
        for case in cases:
            want = run([GNU_BC], case)
            got = run(DEMOTE + CANDIDATE, case)
            if got != want:
                failures.append((case, want, got))
        if failures:
            case, want, got = failures[0]
            detail = (f"{len(failures)} of {len(cases)} cases differ; first: bc {case['args']!r} with files "
                      f"{[n for n, _t in case['files']]} and stdin {case['stdin'][:200]!r}: expected {want!r}, got {got!r}")
>           raise AssertionError(detail)
E           AssertionError: 2 of 86 cases differ; first: bc [] with files [] and stdin 'j = 2; while (j > 0) { print "result: \\n"; j = j - 1 }\n{ n1 = 3F.2 + n1; q[4] += 0 / n1 }; (50665818391771762.7938)^-2 * A % scale(13); tot -= scale(7) == sqrt(.65) - 53.3473\n16.757; --tot % 68.16 + t': expected b'result: \nresult: \n16.757\n-2.00\n-10\n-1\n-10\n-1\n-10\n-1\n  \\ 0\n2\n27\n\n]0\n0\n0\n17\n0\n0\n', got b'result: \nresult: \n16.757\n-2.00\n-10\n-1\n-10\n-1\n-10\n-1\n  \\ 0\n1\n27\n\n]0\n0\n0\n17\n0\n0\n'

/tests/test_outputs.py:109: AssertionError
____________________________ test_mixed_programs_8 _____________________________

    def test_mixed_programs_8():
>       check("mixed_8")

/tests/test_outputs.py:181: 
_ _ _ _ _ _ _ _ _ _ _ _ _ _ _ _ _ _ _ _ _ _ _ _ _ _ _ _ _ _ _ _ _ _ _ _ _ _ _ _ 

family = 'mixed_8'

    def check(family):
        cases = [c for c in CASES if c["family"] == family]
        assert cases, f"no cases for {family}"
        failures = []
        for case in cases:
            want = run([GNU_BC], case)
            got = run(DEMOTE + CANDIDATE, case)
            if got != want:
                failures.append((case, want, got))
        if failures:
            case, want, got = failures[0]
            detail = (f"{len(failures)} of {len(cases)} cases differ; first: bc {case['args']!r} with files "
                      f"{[n for n, _t in case['files']]} and stdin {case['stdin'][:200]!r}: expected {want!r}, got {got!r}")
>           raise AssertionError(detail)
E           AssertionError: 4 of 86 cases differ; first: bc [] with files [] and stdin 'scale = 5; obase = A; c -= 3\nn1 * 592 / ZZ / 2; scale = 2\nprint n1, "]"; "line\n"; x * 18 * x-- % c\nprint a++ && x, " ", (a = 0); x = 3F.2 >= c / n1; x %= 4271932944448493145068058507148484799134368302': expected b'0\n0]line\n0\n0 0229\n0\n0\n1.00\n0\n 09\n 10\n', got b'0\n0]line\n0\n0 0229\n0\n0\n1.00\n0\n 09\n 11\n'

/tests/test_outputs.py:109: AssertionError
==================================== PASSES ====================================
=========================== short test summary info ============================
PASSED ../../tests/test_outputs.py::test_numbers_and_bases
PASSED ../../tests/test_outputs.py::test_printing_and_radixes
PASSED ../../tests/test_outputs.py::test_strings_and_print
PASSED ../../tests/test_outputs.py::test_relational_and_boolean
PASSED ../../tests/test_outputs.py::test_assignment_and_variables
PASSED ../../tests/test_outputs.py::test_control_flow
PASSED ../../tests/test_outputs.py::test_runtime_errors
PASSED ../../tests/test_outputs.py::test_mixed_programs_3
PASSED ../../tests/test_outputs.py::test_mixed_programs_5
PASSED ../../tests/test_outputs.py::test_launcher_stops_delegation_and_foreign_code
PASSED ../../tests/test_outputs.py::test_delivered_package_is_standard_library_python
FAILED ../../tests/test_outputs.py::test_arithmetic_and_scale - AssertionErro...
FAILED ../../tests/test_outputs.py::test_builtin_functions - AssertionError: ...
FAILED ../../tests/test_outputs.py::test_user_functions - AssertionError: 13 ...
FAILED ../../tests/test_outputs.py::test_mixed_programs_1 - AssertionError: 1...
FAILED ../../tests/test_outputs.py::test_mixed_programs_2 - AssertionError: 2...
FAILED ../../tests/test_outputs.py::test_mixed_programs_4 - AssertionError: 3...
FAILED ../../tests/test_outputs.py::test_mixed_programs_6 - AssertionError: 2...
FAILED ../../tests/test_outputs.py::test_mixed_programs_7 - AssertionError: 2...
FAILED ../../tests/test_outputs.py::test_mixed_programs_8 - AssertionError: 4...
======================== 9 failed, 11 passed in 51.86s =========================
