chmod: cannot access '/usr/bin/dc': No such file or directory
============================= test session starts ==============================
platform linux -- Python 3.13.12, pytest-9.1.1, pluggy-1.6.0
rootdir: /tests
plugins: json-ctrf-0.5.2
collected 20 items

../../tests/test_outputs.py ..F.......FFFFFF.F..                         [100%]

=================================== FAILURES ===================================
____________________________ test_builtin_functions ____________________________

    def test_builtin_functions():
>       check("builtin_functions")

/tests/test_outputs.py:121: 
_ _ _ _ _ _ _ _ _ _ _ _ _ _ _ _ _ _ _ _ _ _ _ _ _ _ _ _ _ _ _ _ _ _ _ _ _ _ _ _ 

family = 'builtin_functions'

    def check(family):
        cases = [c for c in CASES if c["family"] == family]
        assert cases, f"no cases for {family}"
        failures = []
        for case in cases:
            want = run([GNU_BC], case)
            got = run(DEMOTE + CANDIDATE, case)
            if got != want:
                failures.append((case, want, got))
        if failures:
            case, want, got = failures[0]
            detail = (f"{len(failures)} of {len(cases)} cases differ; first: bc {case['args']!r} with files "
                      f"{[n for n, _t in case['files']]} and stdin {case['stdin'][:200]!r}: expected {want!r}, got {got!r}")
>           raise AssertionError(detail)
E           AssertionError: 81 of 130 cases differ; first: bc [] with files [] and stdin 'scale = 10; sqrt(000); length(18); scale(13)\nscale = 6; sqrt(36.2); length(1); scale(765)\nscale = 10; sqrt(735); length(000); scale(.73536)\nscale = 0; sqrt(90.8694); length(179); scale(147)\nscale = 3;': expected b'0\n2\n0\n6.016643\n1\n0\n27.1108834234\n1\n5\n9.5325\n3\n0\n28.478\n1\n0\nnext', got b'0\n2\n0\n6.016643\n1\n0\n27.1108834234\n1\n5\n9\n3\n0\n28.478\n1\n0\nnext'

/tests/test_outputs.py:109: AssertionError
____________________________ test_mixed_programs_1 _____________________________

    def test_mixed_programs_1():
>       check("mixed_1")

/tests/test_outputs.py:153: 
_ _ _ _ _ _ _ _ _ _ _ _ _ _ _ _ _ _ _ _ _ _ _ _ _ _ _ _ _ _ _ _ _ _ _ _ _ _ _ _ 

family = 'mixed_1'

    def check(family):
        cases = [c for c in CASES if c["family"] == family]
        assert cases, f"no cases for {family}"
        failures = []
        for case in cases:
            want = run([GNU_BC], case)
            got = run(DEMOTE + CANDIDATE, case)
            if got != want:
                failures.append((case, want, got))
        if failures:
            case, want, got = failures[0]
            detail = (f"{len(failures)} of {len(cases)} cases differ; first: bc {case['args']!r} with files "
                      f"{[n for n, _t in case['files']]} and stdin {case['stdin'][:200]!r}: expected {want!r}, got {got!r}")
>           raise AssertionError(detail)
E           AssertionError: 5 of 85 cases differ; first: bc [] with files [] and stdin 'ibase = 8; { print x || n1, "\\n"; print scale(n1) > 3, "\\n" }; x\nc *= length(10) / sqrt(n1) % - .402\nscale = 0; (839) / 5 && b-- - ++b; q[3] * 2.92068 - 73.511312 * --b\nlength(.160803); (n1 += x && x-': expected b'0\n0\n0\n0\n59.643348\n6\n0\n0\n0\n-.28 01 12\n0\n 01\n0\n', got b'0\n0\n0\n0\n59.643348\n6\n0\n0\n0\n0\n0\n 01\n0\n'

/tests/test_outputs.py:109: AssertionError
____________________________ test_mixed_programs_2 _____________________________

    def test_mixed_programs_2():
>       check("mixed_2")

/tests/test_outputs.py:157: 
_ _ _ _ _ _ _ _ _ _ _ _ _ _ _ _ _ _ _ _ _ _ _ _ _ _ _ _ _ _ _ _ _ _ _ _ _ _ _ _ 

family = 'mixed_2'

    def check(family):
        cases = [c for c in CASES if c["family"] == family]
        assert cases, f"no cases for {family}"
        failures = []
        for case in cases:
            want = run([GNU_BC], case)
            got = run(DEMOTE + CANDIDATE, case)
            if got != want:
                failures.append((case, want, got))
        if failures:
            case, want, got = failures[0]
            detail = (f"{len(failures)} of {len(cases)} cases differ; first: bc {case['args']!r} with files "
                      f"{[n for n, _t in case['files']]} and stdin {case['stdin'][:200]!r}: expected {want!r}, got {got!r}")
>           raise AssertionError(detail)
E           AssertionError: 1 of 86 cases differ; first: bc [] with files [] and stdin 'define half(v) { auto s; s = scale; scale = 3; v = v / 2; scale = s; return v }\n!p[1] * y; if (!y) print .0 - x, "\\n" else n1++ + .34206; ibase = A\nscale = 0\nn1 *= sqrt(half(++b)) * 90.62 + 0.735951 /': expected b'1\n0\n0--"[\\x=result: val 0\n0\n0\n1\n980ab.1319\n', got b'1\n0\n0--"[\\x=result: val 0\n0\n0\n1\n980ab0\n'

/tests/test_outputs.py:109: AssertionError
____________________________ test_mixed_programs_3 _____________________________

    def test_mixed_programs_3():
>       check("mixed_3")

/tests/test_outputs.py:161: 
_ _ _ _ _ _ _ _ _ _ _ _ _ _ _ _ _ _ _ _ _ _ _ _ _ _ _ _ _ _ _ _ _ _ _ _ _ _ _ _ 

family = 'mixed_3'

    def check(family):
        cases = [c for c in CASES if c["family"] == family]
        assert cases, f"no cases for {family}"
        failures = []
        for case in cases:
            want = run([GNU_BC], case)
            got = run(DEMOTE + CANDIDATE, case)
            if got != want:
                failures.append((case, want, got))
        if failures:
            case, want, got = failures[0]
            detail = (f"{len(failures)} of {len(cases)} cases differ; first: bc {case['args']!r} with files "
                      f"{[n for n, _t in case['files']]} and stdin {case['stdin'][:200]!r}: expected {want!r}, got {got!r}")
>           raise AssertionError(detail)
E           AssertionError: 4 of 81 cases differ; first: bc [] with files [] and stdin 'p[1] *= length(!61.165)\ny; ((17)^2)^5\nobase = 999; print 636, !sqrt(.3704)\nb = ++x\np[3] = (x += 60.7 >= .)\nprint "\\q", " result: \\n"; n1^2; ++n1 + !.15134\n': expected b'0\n2015993900449\n 6360" result: \n0\n 001\n', got b'0\n2015993900449\n 636 001" result: \n0\n 001\n'

/tests/test_outputs.py:109: AssertionError
____________________________ test_mixed_programs_4 _____________________________

    def test_mixed_programs_4():
>       check("mixed_4")

/tests/test_outputs.py:165: 
_ _ _ _ _ _ _ _ _ _ _ _ _ _ _ _ _ _ _ _ _ _ _ _ _ _ _ _ _ _ _ _ _ _ _ _ _ _ _ _ 

family = 'mixed_4'

    def check(family):
        cases = [c for c in CASES if c["family"] == family]
        assert cases, f"no cases for {family}"
        failures = []
        for case in cases:
            want = run([GNU_BC], case)
            got = run(DEMOTE + CANDIDATE, case)
            if got != want:
                failures.append((case, want, got))
        if failures:
            case, want, got = failures[0]
            detail = (f"{len(failures)} of {len(cases)} cases differ; first: bc {case['args']!r} with files "
                      f"{[n for n, _t in case['files']]} and stdin {case['stdin'][:200]!r}: expected {want!r}, got {got!r}")
>           raise AssertionError(detail)
E           AssertionError: 6 of 67 cases differ; first: bc [] with files [] and stdin '"line\n"; print "\\nresult: result: ", tot + sqrt(62812982125570985637721073300932536141615079410753058862719.37621); j = 1; while (j > 0) { a; j = j - 1 }\nx; 827; obase = 999\nobase = 2; a *= p[5]\nb = l': expected b'line\n\nresult: result: 250625182544713542274870507950.983540\n0\n827\n0\n1\n10\nab]', got b'line\n\nresult: result: 2506251825447135422748705079500\n0\n827\n0\n1\n10\nab]'

/tests/test_outputs.py:109: AssertionError
____________________________ test_mixed_programs_5 _____________________________

    def test_mixed_programs_5():
>       check("mixed_5")

/tests/test_outputs.py:169: 
_ _ _ _ _ _ _ _ _ _ _ _ _ _ _ _ _ _ _ _ _ _ _ _ _ _ _ _ _ _ _ _ _ _ _ _ _ _ _ _ 

family = 'mixed_5'

    def check(family):
        cases = [c for c in CASES if c["family"] == family]
        assert cases, f"no cases for {family}"
        failures = []
        for case in cases:
            want = run([GNU_BC], case)
            got = run(DEMOTE + CANDIDATE, case)
            if got != want:
                failures.append((case, want, got))
        if failures:
            case, want, got = failures[0]
            detail = (f"{len(failures)} of {len(cases)} cases differ; first: bc {case['args']!r} with files "
                      f"{[n for n, _t in case['files']]} and stdin {case['stdin'][:200]!r}: expected {want!r}, got {got!r}")
>           raise AssertionError(detail)
E           AssertionError: 6 of 87 cases differ; first: bc [] with files [] and stdin 'print q[1], a - length(sqrt(77.829)); q[3] %= y; scale = 1\ny * n1 * (n1)^1.5; print "\\tx=\\t", "--result: "; -(16)\nq[2] = (y)^-3 + (.67) >= q[0]; "plain "; if (y-- % 896) print !.A, "\\n" else c = n1 + ': expected b'0-40\n\tx=\t--result: -16\n', got b'0-10\n\tx=\t--result: -16\n'

/tests/test_outputs.py:109: AssertionError
____________________________ test_mixed_programs_6 _____________________________

    def test_mixed_programs_6():
>       check("mixed_6")

/tests/test_outputs.py:173: 
_ _ _ _ _ _ _ _ _ _ _ _ _ _ _ _ _ _ _ _ _ _ _ _ _ _ _ _ _ _ _ _ _ _ _ _ _ _ _ _ 

family = 'mixed_6'

    def check(family):
        cases = [c for c in CASES if c["family"] == family]
        assert cases, f"no cases for {family}"
        failures = []
        for case in cases:
            want = run([GNU_BC], case)
            got = run(DEMOTE + CANDIDATE, case)
            if got != want:
                failures.append((case, want, got))
        if failures:
            case, want, got = failures[0]
            detail = (f"{len(failures)} of {len(cases)} cases differ; first: bc {case['args']!r} with files "
                      f"{[n for n, _t in case['files']]} and stdin {case['stdin'][:200]!r}: expected {want!r}, got {got!r}")
>           raise AssertionError(detail)
E           AssertionError: 3 of 82 cases differ; first: bc [] with files [] and stdin 'ibase = 3; for (i = 0; i < 1; i++) { tot = sqrt(41.75); a = 47.80 * tot }; - b++ == scale(a)^3\n(a /= b-- % 46.661); q[3] ^= 0; if (b) p[3] += n1-- else print !402, "\\n"\nb -= sqrt(-(1))\nobase = 36; (n1': expected b'0\n24\n0\n1\n0\n', got b'0\n17\n0\n1\n0\n'

/tests/test_outputs.py:109: AssertionError
____________________________ test_mixed_programs_8 _____________________________

    def test_mixed_programs_8():
>       check("mixed_8")

/tests/test_outputs.py:181: 
_ _ _ _ _ _ _ _ _ _ _ _ _ _ _ _ _ _ _ _ _ _ _ _ _ _ _ _ _ _ _ _ _ _ _ _ _ _ _ _ 

family = 'mixed_8'

    def check(family):
        cases = [c for c in CASES if c["family"] == family]
        assert cases, f"no cases for {family}"
        failures = []
        for case in cases:
            want = run([GNU_BC], case)
            got = run(DEMOTE + CANDIDATE, case)
            if got != want:
                failures.append((case, want, got))
        if failures:
            case, want, got = failures[0]
            detail = (f"{len(failures)} of {len(cases)} cases differ; first: bc {case['args']!r} with files "
                      f"{[n for n, _t in case['files']]} and stdin {case['stdin'][:200]!r}: expected {want!r}, got {got!r}")
>           raise AssertionError(detail)
E           AssertionError: 3 of 86 cases differ; first: bc [] with files [] and stdin 'define half(v) { auto s; s = scale; scale = 3; v = v / 2; scale = s; return v }\ndefine fib(k) {\n  if (k < 2) return (k)\n  return (fib(k - 1) + fib(k - 2))\n}\ndefine sq(v) {\n  return (v * v)\n}\nprint sq(': expected b'1683.00041010\n 23 03\n 01\n=0\n', got b'16841010\n 23 03\n 01\n=0\n'

/tests/test_outputs.py:109: AssertionError
==================================== PASSES ====================================
=========================== short test summary info ============================
PASSED ../../tests/test_outputs.py::test_numbers_and_bases
PASSED ../../tests/test_outputs.py::test_arithmetic_and_scale
PASSED ../../tests/test_outputs.py::test_printing_and_radixes
PASSED ../../tests/test_outputs.py::test_strings_and_print
PASSED ../../tests/test_outputs.py::test_relational_and_boolean
PASSED ../../tests/test_outputs.py::test_assignment_and_variables
PASSED ../../tests/test_outputs.py::test_control_flow
PASSED ../../tests/test_outputs.py::test_user_functions
PASSED ../../tests/test_outputs.py::test_runtime_errors
PASSED ../../tests/test_outputs.py::test_mixed_programs_7
PASSED ../../tests/test_outputs.py::test_launcher_stops_delegation_and_foreign_code
PASSED ../../tests/test_outputs.py::test_delivered_package_is_standard_library_python
FAILED ../../tests/test_outputs.py::test_builtin_functions - AssertionError: ...
FAILED ../../tests/test_outputs.py::test_mixed_programs_1 - AssertionError: 5...
FAILED ../../tests/test_outputs.py::test_mixed_programs_2 - AssertionError: 1...
FAILED ../../tests/test_outputs.py::test_mixed_programs_3 - AssertionError: 4...
FAILED ../../tests/test_outputs.py::test_mixed_programs_4 - AssertionError: 6...
FAILED ../../tests/test_outputs.py::test_mixed_programs_5 - AssertionError: 6...
FAILED ../../tests/test_outputs.py::test_mixed_programs_6 - AssertionError: 3...
FAILED ../../tests/test_outputs.py::test_mixed_programs_8 - AssertionError: 3...
======================== 8 failed, 12 passed in 51.04s =========================
