SAME q7|L0|[] ['q7', 'f', 'm'] gnu= (b'a\n', 7) ref= (b'a\n', 7)
SAME q7|L0|['-s'] ['-s', 'q7', 'f', 'm'] gnu= (b'a\n', 7) ref= (b'a\n', 7)
SAME q7|L0|['-n'] ['-n', 'q7', 'f', 'm'] gnu= (b'', 7) ref= (b'', 7)
SAME q7|L1|[] ['q7', 'f', 'm', 'g'] gnu= (b'a\n', 7) ref= (b'a\n', 7)
SAME q7|L1|['-s'] ['-s', 'q7', 'f', 'm', 'g'] gnu= (b'a\n', 7) ref= (b'a\n', 7)
SAME q7|L1|['-n'] ['-n', 'q7', 'f', 'm', 'g'] gnu= (b'', 7) ref= (b'', 7)
SAME q7|L2|[] ['q7', 'f', 'e', 'm'] gnu= (b'a\n', 7) ref= (b'a\n', 7)
SAME q7|L2|['-s'] ['-s', 'q7', 'f', 'e', 'm'] gnu= (b'a\n', 7) ref= (b'a\n', 7)
SAME q7|L2|['-n'] ['-n', 'q7', 'f', 'e', 'm'] gnu= (b'', 7) ref= (b'', 7)
SAME q7|L3|[] ['q7', 'm', 'f'] gnu= (b'a\n', 2) ref= (b'a\n', 2)
SAME q7|L3|['-s'] ['-s', 'q7', 'm', 'f'] gnu= (b'a\n', 2) ref= (b'a\n', 2)
SAME q7|L3|['-n'] ['-n', 'q7', 'm', 'f'] gnu= (b'', 2) ref= (b'', 2)
SAME q7|L4|[] ['q7', 'f', 'm', 'e', 'g'] gnu= (b'a\n', 7) ref= (b'a\n', 7)
SAME q7|L4|['-s'] ['-s', 'q7', 'f', 'm', 'e', 'g'] gnu= (b'a\n', 7) ref= (b'a\n', 7)
SAME q7|L4|['-n'] ['-n', 'q7', 'f', 'm', 'e', 'g'] gnu= (b'', 7) ref= (b'', 7)
SAME q7|L5|[] ['q7', 'f', 'e', 'm', 'g'] gnu= (b'a\n', 7) ref= (b'a\n', 7)
SAME q7|L5|['-s'] ['-s', 'q7', 'f', 'e', 'm', 'g'] gnu= (b'a\n', 7) ref= (b'a\n', 7)
SAME q7|L5|['-n'] ['-n', 'q7', 'f', 'e', 'm', 'g'] gnu= (b'', 7) ref= (b'', 7)
SAME 2q7|L0|[] ['2q7', 'f', 'm'] gnu= (b'a\nb\n', 7) ref= (b'a\nb\n', 7)
SAME 2q7|L0|['-s'] ['-s', '2q7', 'f', 'm'] gnu= (b'a\nb\n', 7) ref= (b'a\nb\n', 7)
SAME 2q7|L0|['-n'] ['-n', '2q7', 'f', 'm'] gnu= (b'', 7) ref= (b'', 7)
SAME 2q7|L1|[] ['2q7', 'f', 'm', 'g'] gnu= (b'a\nb\n', 2) ref= (b'a\nb\n', 2)
SAME 2q7|L1|['-s'] ['-s', '2q7', 'f', 'm', 'g'] gnu= (b'a\nb\nc\n', 2) ref= (b'a\nb\nc\n', 2)
SAME 2q7|L1|['-n'] ['-n', '2q7', 'f', 'm', 'g'] gnu= (b'', 2) ref= (b'', 2)
SAME 2q7|L2|[] ['2q7', 'f', 'e', 'm'] gnu= (b'a\nb\n', 7) ref= (b'a\nb\n', 7)
SAME 2q7|L2|['-s'] ['-s', '2q7', 'f', 'e', 'm'] gnu= (b'a\nb\n', 7) ref= (b'a\nb\n', 7)
SAME 2q7|L2|['-n'] ['-n', '2q7', 'f', 'e', 'm'] gnu= (b'', 7) ref= (b'', 7)
SAME 2q7|L3|[] ['2q7', 'm', 'f'] gnu= (b'a\nb\n', 2) ref= (b'a\nb\n', 2)
SAME 2q7|L3|['-s'] ['-s', '2q7', 'm', 'f'] gnu= (b'a\nb\n', 2) ref= (b'a\nb\n', 2)
SAME 2q7|L3|['-n'] ['-n', '2q7', 'm', 'f'] gnu= (b'', 2) ref= (b'', 2)
SAME 2q7|L4|[] ['2q7', 'f', 'm', 'e', 'g'] gnu= (b'a\nb\n', 7) ref= (b'a\nb\n', 7)
SAME 2q7|L4|['-s'] ['-s', '2q7', 'f', 'm', 'e', 'g'] gnu= (b'a\nb\n', 7) ref= (b'a\nb\n', 7)
SAME 2q7|L4|['-n'] ['-n', '2q7', 'f', 'm', 'e', 'g'] gnu= (b'', 7) ref= (b'', 7)
SAME 2q7|L5|[] ['2q7', 'f', 'e', 'm', 'g'] gnu= (b'a\nb\n', 2) ref= (b'a\nb\n', 2)
SAME 2q7|L5|['-s'] ['-s', '2q7', 'f', 'e', 'm', 'g'] gnu= (b'a\nb\n', 2) ref= (b'a\nb\n', 2)
SAME 2q7|L5|['-n'] ['-n', '2q7', 'f', 'e', 'm', 'g'] gnu= (b'', 2) ref= (b'', 2)
SAME Q5|L0|[] ['Q5', 'f', 'm'] gnu= (b'', 5) ref= (b'', 5)
SAME Q5|L0|['-s'] ['-s', 'Q5', 'f', 'm'] gnu= (b'', 5) ref= (b'', 5)
SAME Q5|L0|['-n'] ['-n', 'Q5', 'f', 'm'] gnu= (b'', 5) ref= (b'', 5)
SAME Q5|L1|[] ['Q5', 'f', 'm', 'g'] gnu= (b'', 5) ref= (b'', 5)
SAME Q5|L1|['-s'] ['-s', 'Q5', 'f', 'm', 'g'] gnu= (b'', 5) ref= (b'', 5)
SAME Q5|L1|['-n'] ['-n', 'Q5', 'f', 'm', 'g'] gnu= (b'', 5) ref= (b'', 5)
SAME Q5|L2|[] ['Q5', 'f', 'e', 'm'] gnu= (b'', 5) ref= (b'', 5)
SAME Q5|L2|['-s'] ['-s', 'Q5', 'f', 'e', 'm'] gnu= (b'', 5) ref= (b'', 5)
SAME Q5|L2|['-n'] ['-n', 'Q5', 'f', 'e', 'm'] gnu= (b'', 5) ref= (b'', 5)
SAME Q5|L3|[] ['Q5', 'm', 'f'] gnu= (b'', 2) ref= (b'', 2)
SAME Q5|L3|['-s'] ['-s', 'Q5', 'm', 'f'] gnu= (b'', 2) ref= (b'', 2)
SAME Q5|L3|['-n'] ['-n', 'Q5', 'm', 'f'] gnu= (b'', 2) ref= (b'', 2)
SAME Q5|L4|[] ['Q5', 'f', 'm', 'e', 'g'] gnu= (b'', 5) ref= (b'', 5)
SAME Q5|L4|['-s'] ['-s', 'Q5', 'f', 'm', 'e', 'g'] gnu= (b'', 5) ref= (b'', 5)
SAME Q5|L4|['-n'] ['-n', 'Q5', 'f', 'm', 'e', 'g'] gnu= (b'', 5) ref= (b'', 5)
SAME Q5|L5|[] ['Q5', 'f', 'e', 'm', 'g'] gnu= (b'', 5) ref= (b'', 5)
SAME Q5|L5|['-s'] ['-s', 'Q5', 'f', 'e', 'm', 'g'] gnu= (b'', 5) ref= (b'', 5)
SAME Q5|L5|['-n'] ['-n', 'Q5', 'f', 'e', 'm', 'g'] gnu= (b'', 5) ref= (b'', 5)
SAME 3Q5|L0|[] ['3Q5', 'f', 'm'] gnu= (b'a\nb\n', 5) ref= (b'a\nb\n', 5)
SAME 3Q5|L0|['-s'] ['-s', '3Q5', 'f', 'm'] gnu= (b'a\nb\n', 5) ref= (b'a\nb\n', 5)
SAME 3Q5|L0|['-n'] ['-n', '3Q5', 'f', 'm'] gnu= (b'', 5) ref= (b'', 5)
SAME 3Q5|L1|[] ['3Q5', 'f', 'm', 'g'] gnu= (b'a\nb\n', 2) ref= (b'a\nb\n', 2)
SAME 3Q5|L1|['-s'] ['-s', '3Q5', 'f', 'm', 'g'] gnu= (b'a\nb\nc\n', 2) ref= (b'a\nb\nc\n', 2)
SAME 3Q5|L1|['-n'] ['-n', '3Q5', 'f', 'm', 'g'] gnu= (b'', 2) ref= (b'', 2)
SAME 3Q5|L2|[] ['3Q5', 'f', 'e', 'm'] gnu= (b'a\nb\n', 2) ref= (b'a\nb\n', 2)
SAME 3Q5|L2|['-s'] ['-s', '3Q5', 'f', 'e', 'm'] gnu= (b'a\nb\n', 2) ref= (b'a\nb\n', 2)
SAME 3Q5|L2|['-n'] ['-n', '3Q5', 'f', 'e', 'm'] gnu= (b'', 2) ref= (b'', 2)
SAME 3Q5|L3|[] ['3Q5', 'm', 'f'] gnu= (b'a\nb\n', 2) ref= (b'a\nb\n', 2)
SAME 3Q5|L3|['-s'] ['-s', '3Q5', 'm', 'f'] gnu= (b'a\nb\n', 2) ref= (b'a\nb\n', 2)
SAME 3Q5|L3|['-n'] ['-n', '3Q5', 'm', 'f'] gnu= (b'', 2) ref= (b'', 2)
SAME 3Q5|L4|[] ['3Q5', 'f', 'm', 'e', 'g'] gnu= (b'a\nb\n', 2) ref= (b'a\nb\n', 2)
SAME 3Q5|L4|['-s'] ['-s', '3Q5', 'f', 'm', 'e', 'g'] gnu= (b'a\nb\nc\n', 2) ref= (b'a\nb\nc\n', 2)
SAME 3Q5|L4|['-n'] ['-n', '3Q5', 'f', 'm', 'e', 'g'] gnu= (b'', 2) ref= (b'', 2)
SAME 3Q5|L5|[] ['3Q5', 'f', 'e', 'm', 'g'] gnu= (b'a\nb\n', 2) ref= (b'a\nb\n', 2)
SAME 3Q5|L5|['-s'] ['-s', '3Q5', 'f', 'e', 'm', 'g'] gnu= (b'a\nb\n', 2) ref= (b'a\nb\n', 2)
SAME 3Q5|L5|['-n'] ['-n', '3Q5', 'f', 'e', 'm', 'g'] gnu= (b'', 2) ref= (b'', 2)
SAME $q4|L0|[] ['$q4', 'f', 'm'] gnu= (b'a\nb\nc\n', 2) ref= (b'a\nb\nc\n', 2)
SAME $q4|L0|['-s'] ['-s', '$q4', 'f', 'm'] gnu= (b'a\nb\nc\n', 4) ref= (b'a\nb\nc\n', 4)
SAME $q4|L0|['-n'] ['-n', '$q4', 'f', 'm'] gnu= (b'', 2) ref= (b'', 2)
SAME $q4|L1|[] ['$q4', 'f', 'm', 'g'] gnu= (b'a\nb\nc\n', 2) ref= (b'a\nb\nc\n', 2)
SAME $q4|L1|['-s'] ['-s', '$q4', 'f', 'm', 'g'] gnu= (b'a\n', 4) ref= (b'a\n', 4)
SAME $q4|L1|['-n'] ['-n', '$q4', 'f', 'm', 'g'] gnu= (b'', 2) ref= (b'', 2)
SAME $q4|L2|[] ['$q4', 'f', 'e', 'm'] gnu= (b'a\nb\n', 2) ref= (b'a\nb\n', 2)
SAME $q4|L2|['-s'] ['-s', '$q4', 'f', 'e', 'm'] gnu= (b'a\nb\n', 4) ref= (b'a\nb\n', 4)
SAME $q4|L2|['-n'] ['-n', '$q4', 'f', 'e', 'm'] gnu= (b'', 2) ref= (b'', 2)
SAME $q4|L3|[] ['$q4', 'm', 'f'] gnu= (b'a\nb\n', 2) ref= (b'a\nb\n', 2)
SAME $q4|L3|['-s'] ['-s', '$q4', 'm', 'f'] gnu= (b'a\nb\n', 2) ref= (b'a\nb\n', 2)
SAME $q4|L3|['-n'] ['-n', '$q4', 'm', 'f'] gnu= (b'', 2) ref= (b'', 2)
SAME $q4|L4|[] ['$q4', 'f', 'm', 'e', 'g'] gnu= (b'a\nb\nc\n', 2) ref= (b'a\nb\nc\n', 2)
SAME $q4|L4|['-s'] ['-s', '$q4', 'f', 'm', 'e', 'g'] gnu= (b'a\nb\n', 4) ref= (b'a\nb\n', 4)
SAME $q4|L4|['-n'] ['-n', '$q4', 'f', 'm', 'e', 'g'] gnu= (b'', 2) ref= (b'', 2)
SAME $q4|L5|[] ['$q4', 'f', 'e', 'm', 'g'] gnu= (b'a\nb\n', 2) ref= (b'a\nb\n', 2)
SAME $q4|L5|['-s'] ['-s', '$q4', 'f', 'e', 'm', 'g'] gnu= (b'a\n', 4) ref= (b'a\n', 4)
SAME $q4|L5|['-n'] ['-n', '$q4', 'f', 'e', 'm', 'g'] gnu= (b'', 2) ref= (b'', 2)
SAME $!N;q6|L0|[] ['$!N;q6', 'f', 'm'] gnu= (b'a\nb\n', 6) ref= (b'a\nb\n', 6)
SAME $!N;q6|L0|['-s'] ['-s', '$!N;q6', 'f', 'm'] gnu= (b'a\nb\n', 6) ref= (b'a\nb\n', 6)
SAME $!N;q6|L0|['-n'] ['-n', '$!N;q6', 'f', 'm'] gnu= (b'', 6) ref= (b'', 6)
SAME $!N;q6|L1|[] ['$!N;q6', 'f', 'm', 'g'] gnu= (b'a\nb\n', 2) ref= (b'a\nb\n', 2)
SAME $!N;q6|L1|['-s'] ['-s', '$!N;q6', 'f', 'm', 'g'] gnu= (b'a\n', 6) ref= (b'a\n', 6)
SAME $!N;q6|L1|['-n'] ['-n', '$!N;q6', 'f', 'm', 'g'] gnu= (b'', 2) ref= (b'', 2)
SAME $!N;q6|L2|[] ['$!N;q6', 'f', 'e', 'm'] gnu= (b'a\nb\n', 6) ref= (b'a\nb\n', 6)
SAME $!N;q6|L2|['-s'] ['-s', '$!N;q6', 'f', 'e', 'm'] gnu= (b'a\nb\n', 6) ref= (b'a\nb\n', 6)
SAME $!N;q6|L2|['-n'] ['-n', '$!N;q6', 'f', 'e', 'm'] gnu= (b'', 6) ref= (b'', 6)
SAME $!N;q6|L3|[] ['$!N;q6', 'm', 'f'] gnu= (b'a\nb\n', 2) ref= (b'a\nb\n', 2)
SAME $!N;q6|L3|['-s'] ['-s', '$!N;q6', 'm', 'f'] gnu= (b'a\nb\n', 2) ref= (b'a\nb\n', 2)
SAME $!N;q6|L3|['-n'] ['-n', '$!N;q6', 'm', 'f'] gnu= (b'', 2) ref= (b'', 2)
SAME $!N;q6|L4|[] ['$!N;q6', 'f', 'm', 'e', 'g'] gnu= (b'a\nb\n', 6) ref= (b'a\nb\n', 6)
SAME $!N;q6|L4|['-s'] ['-s', '$!N;q6', 'f', 'm', 'e', 'g'] gnu= (b'a\nb\n', 6) ref= (b'a\nb\n', 6)
SAME $!N;q6|L4|['-n'] ['-n', '$!N;q6', 'f', 'm', 'e', 'g'] gnu= (b'', 6) ref= (b'', 6)
SAME $!N;q6|L5|[] ['$!N;q6', 'f', 'e', 'm', 'g'] gnu= (b'a\nb\n', 2) ref= (b'a\nb\n', 2)
SAME $!N;q6|L5|['-s'] ['-s', '$!N;q6', 'f', 'e', 'm', 'g'] gnu= (b'a\n', 6) ref= (b'a\n', 6)
SAME $!N;q6|L5|['-n'] ['-n', '$!N;q6', 'f', 'e', 'm', 'g'] gnu= (b'', 2) ref= (b'', 2)
SAME n;q8|L0|[] ['n;q8', 'f', 'm'] gnu= (b'a\nb\n', 8) ref= (b'a\nb\n', 8)
SAME n;q8|L0|['-s'] ['-s', 'n;q8', 'f', 'm'] gnu= (b'a\nb\n', 8) ref= (b'a\nb\n', 8)
SAME n;q8|L0|['-n'] ['-n', 'n;q8', 'f', 'm'] gnu= (b'', 8) ref= (b'', 8)
SAME n;q8|L1|[] ['n;q8', 'f', 'm', 'g'] gnu= (b'a\nb\n', 2) ref= (b'a\nb\n', 2)
SAME n;q8|L1|['-s'] ['-s', 'n;q8', 'f', 'm', 'g'] gnu= (b'a\nb\nc\n', 2) ref= (b'a\nb\nc\n', 2)
SAME n;q8|L1|['-n'] ['-n', 'n;q8', 'f', 'm', 'g'] gnu= (b'', 2) ref= (b'', 2)
SAME n;q8|L2|[] ['n;q8', 'f', 'e', 'm'] gnu= (b'a\nb\n', 8) ref= (b'a\nb\n', 8)
SAME n;q8|L2|['-s'] ['-s', 'n;q8', 'f', 'e', 'm'] gnu= (b'a\nb\n', 8) ref= (b'a\nb\n', 8)
SAME n;q8|L2|['-n'] ['-n', 'n;q8', 'f', 'e', 'm'] gnu= (b'', 8) ref= (b'', 8)
SAME n;q8|L3|[] ['n;q8', 'm', 'f'] gnu= (b'a\nb\n', 2) ref= (b'a\nb\n', 2)
SAME n;q8|L3|['-s'] ['-s', 'n;q8', 'm', 'f'] gnu= (b'a\nb\n', 2) ref= (b'a\nb\n', 2)
SAME n;q8|L3|['-n'] ['-n', 'n;q8', 'm', 'f'] gnu= (b'', 2) ref= (b'', 2)
SAME n;q8|L4|[] ['n;q8', 'f', 'm', 'e', 'g'] gnu= (b'a\nb\n', 8) ref= (b'a\nb\n', 8)
SAME n;q8|L4|['-s'] ['-s', 'n;q8', 'f', 'm', 'e', 'g'] gnu= (b'a\nb\n', 8) ref= (b'a\nb\n', 8)
SAME n;q8|L4|['-n'] ['-n', 'n;q8', 'f', 'm', 'e', 'g'] gnu= (b'', 8) ref= (b'', 8)
SAME n;q8|L5|[] ['n;q8', 'f', 'e', 'm', 'g'] gnu= (b'a\nb\n', 2) ref= (b'a\nb\n', 2)
SAME n;q8|L5|['-s'] ['-s', 'n;q8', 'f', 'e', 'm', 'g'] gnu= (b'a\nb\n', 2) ref= (b'a\nb\n', 2)
SAME n;q8|L5|['-n'] ['-n', 'n;q8', 'f', 'e', 'm', 'g'] gnu= (b'', 2) ref= (b'', 2)
SAME N;N;q9|L0|[] ['N;N;q9', 'f', 'm'] gnu= (b'a\nb\nc\n', 9) ref= (b'a\nb\nc\n', 9)
SAME N;N;q9|L0|['-s'] ['-s', 'N;N;q9', 'f', 'm'] gnu= (b'a\nb\nc\n', 9) ref= (b'a\nb\nc\n', 9)
SAME N;N;q9|L0|['-n'] ['-n', 'N;N;q9', 'f', 'm'] gnu= (b'', 9) ref= (b'', 9)
SAME N;N;q9|L1|[] ['N;N;q9', 'f', 'm', 'g'] gnu= (b'a\nb\nc\n', 2) ref= (b'a\nb\nc\n', 2)
SAME N;N;q9|L1|['-s'] ['-s', 'N;N;q9', 'f', 'm', 'g'] gnu= (b'a\nb\nc\n', 2) ref= (b'a\nb\nc\n', 2)
SAME N;N;q9|L1|['-n'] ['-n', 'N;N;q9', 'f', 'm', 'g'] gnu= (b'', 2) ref= (b'', 2)
SAME N;N;q9|L2|[] ['N;N;q9', 'f', 'e', 'm'] gnu= (b'a\nb\n', 2) ref= (b'a\nb\n', 2)
SAME N;N;q9|L2|['-s'] ['-s', 'N;N;q9', 'f', 'e', 'm'] gnu= (b'a\nb\n', 2) ref= (b'a\nb\n', 2)
SAME N;N;q9|L2|['-n'] ['-n', 'N;N;q9', 'f', 'e', 'm'] gnu= (b'', 2) ref= (b'', 2)
SAME N;N;q9|L3|[] ['N;N;q9', 'm', 'f'] gnu= (b'a\nb\n', 2) ref= (b'a\nb\n', 2)
SAME N;N;q9|L3|['-s'] ['-s', 'N;N;q9', 'm', 'f'] gnu= (b'a\nb\n', 2) ref= (b'a\nb\n', 2)
SAME N;N;q9|L3|['-n'] ['-n', 'N;N;q9', 'm', 'f'] gnu= (b'', 2) ref= (b'', 2)
SAME N;N;q9|L4|[] ['N;N;q9', 'f', 'm', 'e', 'g'] gnu= (b'a\nb\nc\n', 2) ref= (b'a\nb\nc\n', 2)
SAME N;N;q9|L4|['-s'] ['-s', 'N;N;q9', 'f', 'm', 'e', 'g'] gnu= (b'a\nb\nc\n', 2) ref= (b'a\nb\nc\n', 2)
SAME N;N;q9|L4|['-n'] ['-n', 'N;N;q9', 'f', 'm', 'e', 'g'] gnu= (b'', 2) ref= (b'', 2)
SAME N;N;q9|L5|[] ['N;N;q9', 'f', 'e', 'm', 'g'] gnu= (b'a\nb\n', 2) ref= (b'a\nb\n', 2)
SAME N;N;q9|L5|['-s'] ['-s', 'N;N;q9', 'f', 'e', 'm', 'g'] gnu= (b'a\nb\n', 2) ref= (b'a\nb\n', 2)
SAME N;N;q9|L5|['-n'] ['-n', 'N;N;q9', 'f', 'e', 'm', 'g'] gnu= (b'', 2) ref= (b'', 2)
SAME $p;q3|L0|[] ['$p;q3', 'f', 'm'] gnu= (b'a\n', 3) ref= (b'a\n', 3)
SAME $p;q3|L0|['-s'] ['-s', '$p;q3', 'f', 'm'] gnu= (b'a\n', 3) ref= (b'a\n', 3)
SAME $p;q3|L0|['-n'] ['-n', '$p;q3', 'f', 'm'] gnu= (b'', 3) ref= (b'', 3)
SAME $p;q3|L1|[] ['$p;q3', 'f', 'm', 'g'] gnu= (b'a\n', 2) ref= (b'a\n', 2)
SAME $p;q3|L1|['-s'] ['-s', '$p;q3', 'f', 'm', 'g'] gnu= (b'a\na\n', 3) ref= (b'a\na\n', 3)
SAME $p;q3|L1|['-n'] ['-n', '$p;q3', 'f', 'm', 'g'] gnu= (b'', 2) ref= (b'', 2)
SAME $p;q3|L2|[] ['$p;q3', 'f', 'e', 'm'] gnu= (b'a\n', 3) ref= (b'a\n', 3)
SAME $p;q3|L2|['-s'] ['-s', '$p;q3', 'f', 'e', 'm'] gnu= (b'a\n', 3) ref= (b'a\n', 3)
SAME $p;q3|L2|['-n'] ['-n', '$p;q3', 'f', 'e', 'm'] gnu= (b'', 3) ref= (b'', 3)
SAME $p;q3|L3|[] ['$p;q3', 'm', 'f'] gnu= (b'a\n', 2) ref= (b'a\n', 2)
SAME $p;q3|L3|['-s'] ['-s', '$p;q3', 'm', 'f'] gnu= (b'a\n', 2) ref= (b'a\n', 2)
SAME $p;q3|L3|['-n'] ['-n', '$p;q3', 'm', 'f'] gnu= (b'', 2) ref= (b'', 2)
SAME $p;q3|L4|[] ['$p;q3', 'f', 'm', 'e', 'g'] gnu= (b'a\n', 3) ref= (b'a\n', 3)
SAME $p;q3|L4|['-s'] ['-s', '$p;q3', 'f', 'm', 'e', 'g'] gnu= (b'a\n', 3) ref= (b'a\n', 3)
SAME $p;q3|L4|['-n'] ['-n', '$p;q3', 'f', 'm', 'e', 'g'] gnu= (b'', 3) ref= (b'', 3)
SAME $p;q3|L5|[] ['$p;q3', 'f', 'e', 'm', 'g'] gnu= (b'a\n', 2) ref= (b'a\n', 2)
SAME $p;q3|L5|['-s'] ['-s', '$p;q3', 'f', 'e', 'm', 'g'] gnu= (b'a\na\n', 3) ref= (b'a\na\n', 3)
SAME $p;q3|L5|['-n'] ['-n', '$p;q3', 'f', 'e', 'm', 'g'] gnu= (b'', 2) ref= (b'', 2)
SAME /b/q11|L0|[] ['/b/q11', 'f', 'm'] gnu= (b'a\nb\n', 11) ref= (b'a\nb\n', 11)
SAME /b/q11|L0|['-s'] ['-s', '/b/q11', 'f', 'm'] gnu= (b'a\nb\n', 11) ref= (b'a\nb\n', 11)
SAME /b/q11|L0|['-n'] ['-n', '/b/q11', 'f', 'm'] gnu= (b'', 11) ref= (b'', 11)
SAME /b/q11|L1|[] ['/b/q11', 'f', 'm', 'g'] gnu= (b'a\nb\n', 2) ref= (b'a\nb\n', 2)
SAME /b/q11|L1|['-s'] ['-s', '/b/q11', 'f', 'm', 'g'] gnu= (b'a\nb\n', 2) ref= (b'a\nb\n', 2)
SAME /b/q11|L1|['-n'] ['-n', '/b/q11', 'f', 'm', 'g'] gnu= (b'', 2) ref= (b'', 2)
SAME /b/q11|L2|[] ['/b/q11', 'f', 'e', 'm'] gnu= (b'a\nb\n', 11) ref= (b'a\nb\n', 11)
SAME /b/q11|L2|['-s'] ['-s', '/b/q11', 'f', 'e', 'm'] gnu= (b'a\nb\n', 11) ref= (b'a\nb\n', 11)
SAME /b/q11|L2|['-n'] ['-n', '/b/q11', 'f', 'e', 'm'] gnu= (b'', 11) ref= (b'', 11)
SAME /b/q11|L3|[] ['/b/q11', 'm', 'f'] gnu= (b'a\nb\n', 2) ref= (b'a\nb\n', 2)
SAME /b/q11|L3|['-s'] ['-s', '/b/q11', 'm', 'f'] gnu= (b'a\nb\n', 2) ref= (b'a\nb\n', 2)
SAME /b/q11|L3|['-n'] ['-n', '/b/q11', 'm', 'f'] gnu= (b'', 2) ref= (b'', 2)
SAME /b/q11|L4|[] ['/b/q11', 'f', 'm', 'e', 'g'] gnu= (b'a\nb\n', 11) ref= (b'a\nb\n', 11)
SAME /b/q11|L4|['-s'] ['-s', '/b/q11', 'f', 'm', 'e', 'g'] gnu= (b'a\nb\n', 11) ref= (b'a\nb\n', 11)
SAME /b/q11|L4|['-n'] ['-n', '/b/q11', 'f', 'm', 'e', 'g'] gnu= (b'', 11) ref= (b'', 11)
SAME /b/q11|L5|[] ['/b/q11', 'f', 'e', 'm', 'g'] gnu= (b'a\nb\n', 2) ref= (b'a\nb\n', 2)
SAME /b/q11|L5|['-s'] ['-s', '/b/q11', 'f', 'e', 'm', 'g'] gnu= (b'a\nb\n', 2) ref= (b'a\nb\n', 2)
SAME /b/q11|L5|['-n'] ['-n', '/b/q11', 'f', 'e', 'm', 'g'] gnu= (b'', 2) ref= (b'', 2)
DIFF 2,$q12|L0|[] ['2,$q12', 'f', 'm'] gnu= (b'', 1) ref= (b'a\nb\n', 12)
DIFF 2,$q12|L0|['-s'] ['-s', '2,$q12', 'f', 'm'] gnu= (b'', 1) ref= (b'a\nb\n', 12)
DIFF 2,$q12|L0|['-n'] ['-n', '2,$q12', 'f', 'm'] gnu= (b'', 1) ref= (b'', 12)
DIFF 2,$q12|L1|[] ['2,$q12', 'f', 'm', 'g'] gnu= (b'', 1) ref= (b'a\nb\n', 2)
DIFF 2,$q12|L1|['-s'] ['-s', '2,$q12', 'f', 'm', 'g'] gnu= (b'', 1) ref= (b'a\nb\nc\n', 2)
DIFF 2,$q12|L1|['-n'] ['-n', '2,$q12', 'f', 'm', 'g'] gnu= (b'', 1) ref= (b'', 2)
DIFF 2,$q12|L2|[] ['2,$q12', 'f', 'e', 'm'] gnu= (b'', 1) ref= (b'a\nb\n', 2)
DIFF 2,$q12|L2|['-s'] ['-s', '2,$q12', 'f', 'e', 'm'] gnu= (b'', 1) ref= (b'a\nb\n', 12)
DIFF 2,$q12|L2|['-n'] ['-n', '2,$q12', 'f', 'e', 'm'] gnu= (b'', 1) ref= (b'', 2)
DIFF 2,$q12|L3|[] ['2,$q12', 'm', 'f'] gnu= (b'', 1) ref= (b'a\nb\n', 2)
DIFF 2,$q12|L3|['-s'] ['-s', '2,$q12', 'm', 'f'] gnu= (b'', 1) ref= (b'a\nb\n', 2)
DIFF 2,$q12|L3|['-n'] ['-n', '2,$q12', 'm', 'f'] gnu= (b'', 1) ref= (b'', 2)
DIFF 2,$q12|L4|[] ['2,$q12', 'f', 'm', 'e', 'g'] gnu= (b'', 1) ref= (b'a\nb\n', 2)
DIFF 2,$q12|L4|['-s'] ['-s', '2,$q12', 'f', 'm', 'e', 'g'] gnu= (b'', 1) ref= (b'a\nb\n', 12)
DIFF 2,$q12|L4|['-n'] ['-n', '2,$q12', 'f', 'm', 'e', 'g'] gnu= (b'', 1) ref= (b'', 2)
DIFF 2,$q12|L5|[] ['2,$q12', 'f', 'e', 'm', 'g'] gnu= (b'', 1) ref= (b'a\nb\n', 2)
DIFF 2,$q12|L5|['-s'] ['-s', '2,$q12', 'f', 'e', 'm', 'g'] gnu= (b'', 1) ref= (b'a\nb\n', 2)
DIFF 2,$q12|L5|['-n'] ['-n', '2,$q12', 'f', 'e', 'm', 'g'] gnu= (b'', 1) ref= (b'', 2)
SAME 1,$!d|L0|[] ['1,$!d', 'f', 'm'] gnu= (b'a\nb\nc\n', 2) ref= (b'a\nb\nc\n', 2)
SAME 1,$!d|L0|['-s'] ['-s', '1,$!d', 'f', 'm'] gnu= (b'a\nb\nc\n', 2) ref= (b'a\nb\nc\n', 2)
SAME 1,$!d|L0|['-n'] ['-n', '1,$!d', 'f', 'm'] gnu= (b'', 2) ref= (b'', 2)
SAME 1,$!d|L1|[] ['1,$!d', 'f', 'm', 'g'] gnu= (b'a\nb\nc\n', 2) ref= (b'a\nb\nc\n', 2)
SAME 1,$!d|L1|['-s'] ['-s', '1,$!d', 'f', 'm', 'g'] gnu= (b'a\nb\nc\n', 2) ref= (b'a\nb\nc\n', 2)
SAME 1,$!d|L1|['-n'] ['-n', '1,$!d', 'f', 'm', 'g'] gnu= (b'', 2) ref= (b'', 2)
SAME 1,$!d|L2|[] ['1,$!d', 'f', 'e', 'm'] gnu= (b'a\nb\n', 2) ref= (b'a\nb\n', 2)
SAME 1,$!d|L2|['-s'] ['-s', '1,$!d', 'f', 'e', 'm'] gnu= (b'a\nb\n', 2) ref= (b'a\nb\n', 2)
SAME 1,$!d|L2|['-n'] ['-n', '1,$!d', 'f', 'e', 'm'] gnu= (b'', 2) ref= (b'', 2)
SAME 1,$!d|L3|[] ['1,$!d', 'm', 'f'] gnu= (b'a\nb\n', 2) ref= (b'a\nb\n', 2)
SAME 1,$!d|L3|['-s'] ['-s', '1,$!d', 'm', 'f'] gnu= (b'a\nb\n', 2) ref= (b'a\nb\n', 2)
SAME 1,$!d|L3|['-n'] ['-n', '1,$!d', 'm', 'f'] gnu= (b'', 2) ref= (b'', 2)
SAME 1,$!d|L4|[] ['1,$!d', 'f', 'm', 'e', 'g'] gnu= (b'a\nb\nc\n', 2) ref= (b'a\nb\nc\n', 2)
SAME 1,$!d|L4|['-s'] ['-s', '1,$!d', 'f', 'm', 'e', 'g'] gnu= (b'a\nb\nc\n', 2) ref= (b'a\nb\nc\n', 2)
SAME 1,$!d|L4|['-n'] ['-n', '1,$!d', 'f', 'm', 'e', 'g'] gnu= (b'', 2) ref= (b'', 2)
SAME 1,$!d|L5|[] ['1,$!d', 'f', 'e', 'm', 'g'] gnu= (b'a\nb\n', 2) ref= (b'a\nb\n', 2)
SAME 1,$!d|L5|['-s'] ['-s', '1,$!d', 'f', 'e', 'm', 'g'] gnu= (b'a\nb\n', 2) ref= (b'a\nb\n', 2)
SAME 1,$!d|L5|['-n'] ['-n', '1,$!d', 'f', 'e', 'm', 'g'] gnu= (b'', 2) ref= (b'', 2)
SAME $=;q2|L0|[] ['$=;q2', 'f', 'm'] gnu= (b'a\n', 2) ref= (b'a\n', 2)
SAME $=;q2|L0|['-s'] ['-s', '$=;q2', 'f', 'm'] gnu= (b'a\n', 2) ref= (b'a\n', 2)
SAME $=;q2|L0|['-n'] ['-n', '$=;q2', 'f', 'm'] gnu= (b'', 2) ref= (b'', 2)
SAME $=;q2|L1|[] ['$=;q2', 'f', 'm', 'g'] gnu= (b'a\n', 2) ref= (b'a\n', 2)
SAME $=;q2|L1|['-s'] ['-s', '$=;q2', 'f', 'm', 'g'] gnu= (b'1\na\n', 2) ref= (b'1\na\n', 2)
SAME $=;q2|L1|['-n'] ['-n', '$=;q2', 'f', 'm', 'g'] gnu= (b'', 2) ref= (b'', 2)
SAME $=;q2|L2|[] ['$=;q2', 'f', 'e', 'm'] gnu= (b'a\n', 2) ref= (b'a\n', 2)
SAME $=;q2|L2|['-s'] ['-s', '$=;q2', 'f', 'e', 'm'] gnu= (b'a\n', 2) ref= (b'a\n', 2)
SAME $=;q2|L2|['-n'] ['-n', '$=;q2', 'f', 'e', 'm'] gnu= (b'', 2) ref= (b'', 2)
SAME $=;q2|L3|[] ['$=;q2', 'm', 'f'] gnu= (b'a\n', 2) ref= (b'a\n', 2)
SAME $=;q2|L3|['-s'] ['-s', '$=;q2', 'm', 'f'] gnu= (b'a\n', 2) ref= (b'a\n', 2)
SAME $=;q2|L3|['-n'] ['-n', '$=;q2', 'm', 'f'] gnu= (b'', 2) ref= (b'', 2)
SAME $=;q2|L4|[] ['$=;q2', 'f', 'm', 'e', 'g'] gnu= (b'a\n', 2) ref= (b'a\n', 2)
SAME $=;q2|L4|['-s'] ['-s', '$=;q2', 'f', 'm', 'e', 'g'] gnu= (b'a\n', 2) ref= (b'a\n', 2)
SAME $=;q2|L4|['-n'] ['-n', '$=;q2', 'f', 'm', 'e', 'g'] gnu= (b'', 2) ref= (b'', 2)
SAME $=;q2|L5|[] ['$=;q2', 'f', 'e', 'm', 'g'] gnu= (b'a\n', 2) ref= (b'a\n', 2)
SAME $=;q2|L5|['-s'] ['-s', '$=;q2', 'f', 'e', 'm', 'g'] gnu= (b'1\na\n', 2) ref= (b'1\na\n', 2)
SAME $=;q2|L5|['-n'] ['-n', '$=;q2', 'f', 'e', 'm', 'g'] gnu= (b'', 2) ref= (b'', 2)
SAME 2{n;q13}|L0|[] ['2{n;q13}', 'f', 'm'] gnu= (b'a\nb\nc\n', 13) ref= (b'a\nb\nc\n', 13)
SAME 2{n;q13}|L0|['-s'] ['-s', '2{n;q13}', 'f', 'm'] gnu= (b'a\nb\nc\n', 13) ref= (b'a\nb\nc\n', 13)
SAME 2{n;q13}|L0|['-n'] ['-n', '2{n;q13}', 'f', 'm'] gnu= (b'', 13) ref= (b'', 13)
SAME 2{n;q13}|L1|[] ['2{n;q13}', 'f', 'm', 'g'] gnu= (b'a\nb\nc\n', 2) ref= (b'a\nb\nc\n', 2)
SAME 2{n;q13}|L1|['-s'] ['-s', '2{n;q13}', 'f', 'm', 'g'] gnu= (b'a\nb\nc\n', 2) ref= (b'a\nb\nc\n', 2)
SAME 2{n;q13}|L1|['-n'] ['-n', '2{n;q13}', 'f', 'm', 'g'] gnu= (b'', 2) ref= (b'', 2)
SAME 2{n;q13}|L2|[] ['2{n;q13}', 'f', 'e', 'm'] gnu= (b'a\nb\n', 2) ref= (b'a\nb\n', 2)
SAME 2{n;q13}|L2|['-s'] ['-s', '2{n;q13}', 'f', 'e', 'm'] gnu= (b'a\nb\n', 2) ref= (b'a\nb\n', 2)
SAME 2{n;q13}|L2|['-n'] ['-n', '2{n;q13}', 'f', 'e', 'm'] gnu= (b'', 2) ref= (b'', 2)
SAME 2{n;q13}|L3|[] ['2{n;q13}', 'm', 'f'] gnu= (b'a\nb\n', 2) ref= (b'a\nb\n', 2)
SAME 2{n;q13}|L3|['-s'] ['-s', '2{n;q13}', 'm', 'f'] gnu= (b'a\nb\n', 2) ref= (b'a\nb\n', 2)
SAME 2{n;q13}|L3|['-n'] ['-n', '2{n;q13}', 'm', 'f'] gnu= (b'', 2) ref= (b'', 2)
SAME 2{n;q13}|L4|[] ['2{n;q13}', 'f', 'm', 'e', 'g'] gnu= (b'a\nb\nc\n', 2) ref= (b'a\nb\nc\n', 2)
SAME 2{n;q13}|L4|['-s'] ['-s', '2{n;q13}', 'f', 'm', 'e', 'g'] gnu= (b'a\nb\nc\n', 2) ref= (b'a\nb\nc\n', 2)
SAME 2{n;q13}|L4|['-n'] ['-n', '2{n;q13}', 'f', 'm', 'e', 'g'] gnu= (b'', 2) ref= (b'', 2)
SAME 2{n;q13}|L5|[] ['2{n;q13}', 'f', 'e', 'm', 'g'] gnu= (b'a\nb\n', 2) ref= (b'a\nb\n', 2)
SAME 2{n;q13}|L5|['-s'] ['-s', '2{n;q13}', 'f', 'e', 'm', 'g'] gnu= (b'a\nb\n', 2) ref= (b'a\nb\n', 2)
SAME 2{n;q13}|L5|['-n'] ['-n', '2{n;q13}', 'f', 'e', 'm', 'g'] gnu= (b'', 2) ref= (b'', 2)
SAME N;P;D;q|L0|[] ['N;P;D;q', 'f', 'm'] gnu= (b'a\nb\nc\n', 2) ref= (b'a\nb\nc\n', 2)
SAME N;P;D;q|L0|['-s'] ['-s', 'N;P;D;q', 'f', 'm'] gnu= (b'a\nb\nc\n', 2) ref= (b'a\nb\nc\n', 2)
SAME N;P;D;q|L0|['-n'] ['-n', 'N;P;D;q', 'f', 'm'] gnu= (b'a\nb\n', 2) ref= (b'a\nb\n', 2)
SAME N;P;D;q|L1|[] ['N;P;D;q', 'f', 'm', 'g'] gnu= (b'a\nb\nc\n', 2) ref= (b'a\nb\nc\n', 2)
SAME N;P;D;q|L1|['-s'] ['-s', 'N;P;D;q', 'f', 'm', 'g'] gnu= (b'a\nb\nc\n', 2) ref= (b'a\nb\nc\n', 2)
SAME N;P;D;q|L1|['-n'] ['-n', 'N;P;D;q', 'f', 'm', 'g'] gnu= (b'a\nb\n', 2) ref= (b'a\nb\n', 2)
SAME N;P;D;q|L2|[] ['N;P;D;q', 'f', 'e', 'm'] gnu= (b'a\nb\n', 2) ref= (b'a\nb\n', 2)
SAME N;P;D;q|L2|['-s'] ['-s', 'N;P;D;q', 'f', 'e', 'm'] gnu= (b'a\nb\n', 2) ref= (b'a\nb\n', 2)
SAME N;P;D;q|L2|['-n'] ['-n', 'N;P;D;q', 'f', 'e', 'm'] gnu= (b'a\n', 2) ref= (b'a\n', 2)
SAME N;P;D;q|L3|[] ['N;P;D;q', 'm', 'f'] gnu= (b'a\nb\n', 2) ref= (b'a\nb\n', 2)
SAME N;P;D;q|L3|['-s'] ['-s', 'N;P;D;q', 'm', 'f'] gnu= (b'a\nb\n', 2) ref= (b'a\nb\n', 2)
SAME N;P;D;q|L3|['-n'] ['-n', 'N;P;D;q', 'm', 'f'] gnu= (b'a\n', 2) ref= (b'a\n', 2)
SAME N;P;D;q|L4|[] ['N;P;D;q', 'f', 'm', 'e', 'g'] gnu= (b'a\nb\nc\n', 2) ref= (b'a\nb\nc\n', 2)
SAME N;P;D;q|L4|['-s'] ['-s', 'N;P;D;q', 'f', 'm', 'e', 'g'] gnu= (b'a\nb\nc\n', 2) ref= (b'a\nb\nc\n', 2)
SAME N;P;D;q|L4|['-n'] ['-n', 'N;P;D;q', 'f', 'm', 'e', 'g'] gnu= (b'a\nb\n', 2) ref= (b'a\nb\n', 2)
SAME N;P;D;q|L5|[] ['N;P;D;q', 'f', 'e', 'm', 'g'] gnu= (b'a\nb\n', 2) ref= (b'a\nb\n', 2)
SAME N;P;D;q|L5|['-s'] ['-s', 'N;P;D;q', 'f', 'e', 'm', 'g'] gnu= (b'a\nb\n', 2) ref= (b'a\nb\n', 2)
SAME N;P;D;q|L5|['-n'] ['-n', 'N;P;D;q', 'f', 'e', 'm', 'g'] gnu= (b'a\n', 2) ref= (b'a\n', 2)
SAME p;2q|L0|[] ['p;2q', 'f', 'm'] gnu= (b'a\na\nb\nb\n', 0) ref= (b'a\na\nb\nb\n', 0)
SAME p;2q|L0|['-s'] ['-s', 'p;2q', 'f', 'm'] gnu= (b'a\na\nb\nb\n', 0) ref= (b'a\na\nb\nb\n', 0)
SAME p;2q|L0|['-n'] ['-n', 'p;2q', 'f', 'm'] gnu= (b'a\nb\n', 0) ref= (b'a\nb\n', 0)
SAME p;2q|L1|[] ['p;2q', 'f', 'm', 'g'] gnu= (b'a\na\nb\nb\n', 2) ref= (b'a\na\nb\nb\n', 2)
SAME p;2q|L1|['-s'] ['-s', 'p;2q', 'f', 'm', 'g'] gnu= (b'a\na\nb\nb\nc\nc\n', 2) ref= (b'a\na\nb\nb\nc\nc\n', 2)
SAME p;2q|L1|['-n'] ['-n', 'p;2q', 'f', 'm', 'g'] gnu= (b'a\nb\n', 2) ref= (b'a\nb\n', 2)
SAME p;2q|L2|[] ['p;2q', 'f', 'e', 'm'] gnu= (b'a\na\nb\nb\n', 0) ref= (b'a\na\nb\nb\n', 0)
SAME p;2q|L2|['-s'] ['-s', 'p;2q', 'f', 'e', 'm'] gnu= (b'a\na\nb\nb\n', 0) ref= (b'a\na\nb\nb\n', 0)
SAME p;2q|L2|['-n'] ['-n', 'p;2q', 'f', 'e', 'm'] gnu= (b'a\nb\n', 0) ref= (b'a\nb\n', 0)
SAME p;2q|L3|[] ['p;2q', 'm', 'f'] gnu= (b'a\na\nb\nb\n', 2) ref= (b'a\na\nb\nb\n', 2)
SAME p;2q|L3|['-s'] ['-s', 'p;2q', 'm', 'f'] gnu= (b'a\na\nb\nb\n', 2) ref= (b'a\na\nb\nb\n', 2)
SAME p;2q|L3|['-n'] ['-n', 'p;2q', 'm', 'f'] gnu= (b'a\nb\n', 2) ref= (b'a\nb\n', 2)
SAME p;2q|L4|[] ['p;2q', 'f', 'm', 'e', 'g'] gnu= (b'a\na\nb\nb\n', 0) ref= (b'a\na\nb\nb\n', 0)
SAME p;2q|L4|['-s'] ['-s', 'p;2q', 'f', 'm', 'e', 'g'] gnu= (b'a\na\nb\nb\n', 0) ref= (b'a\na\nb\nb\n', 0)
SAME p;2q|L4|['-n'] ['-n', 'p;2q', 'f', 'm', 'e', 'g'] gnu= (b'a\nb\n', 0) ref= (b'a\nb\n', 0)
SAME p;2q|L5|[] ['p;2q', 'f', 'e', 'm', 'g'] gnu= (b'a\na\nb\nb\n', 2) ref= (b'a\na\nb\nb\n', 2)
SAME p;2q|L5|['-s'] ['-s', 'p;2q', 'f', 'e', 'm', 'g'] gnu= (b'a\na\nb\nb\n', 2) ref= (b'a\na\nb\nb\n', 2)
SAME p;2q|L5|['-n'] ['-n', 'p;2q', 'f', 'e', 'm', 'g'] gnu= (b'a\nb\n', 2) ref= (b'a\nb\n', 2)
SAME 1~2q14|L0|[] ['1~2q14', 'f', 'm'] gnu= (b'a\n', 14) ref= (b'a\n', 14)
SAME 1~2q14|L0|['-s'] ['-s', '1~2q14', 'f', 'm'] gnu= (b'a\n', 14) ref= (b'a\n', 14)
SAME 1~2q14|L0|['-n'] ['-n', '1~2q14', 'f', 'm'] gnu= (b'', 14) ref= (b'', 14)
SAME 1~2q14|L1|[] ['1~2q14', 'f', 'm', 'g'] gnu= (b'a\n', 14) ref= (b'a\n', 14)
SAME 1~2q14|L1|['-s'] ['-s', '1~2q14', 'f', 'm', 'g'] gnu= (b'a\n', 14) ref= (b'a\n', 14)
SAME 1~2q14|L1|['-n'] ['-n', '1~2q14', 'f', 'm', 'g'] gnu= (b'', 14) ref= (b'', 14)
SAME 1~2q14|L2|[] ['1~2q14', 'f', 'e', 'm'] gnu= (b'a\n', 14) ref= (b'a\n', 14)
SAME 1~2q14|L2|['-s'] ['-s', '1~2q14', 'f', 'e', 'm'] gnu= (b'a\n', 14) ref= (b'a\n', 14)
SAME 1~2q14|L2|['-n'] ['-n', '1~2q14', 'f', 'e', 'm'] gnu= (b'', 14) ref= (b'', 14)
SAME 1~2q14|L3|[] ['1~2q14', 'm', 'f'] gnu= (b'a\n', 2) ref= (b'a\n', 2)
SAME 1~2q14|L3|['-s'] ['-s', '1~2q14', 'm', 'f'] gnu= (b'a\n', 2) ref= (b'a\n', 2)
SAME 1~2q14|L3|['-n'] ['-n', '1~2q14', 'm', 'f'] gnu= (b'', 2) ref= (b'', 2)
SAME 1~2q14|L4|[] ['1~2q14', 'f', 'm', 'e', 'g'] gnu= (b'a\n', 14) ref= (b'a\n', 14)
SAME 1~2q14|L4|['-s'] ['-s', '1~2q14', 'f', 'm', 'e', 'g'] gnu= (b'a\n', 14) ref= (b'a\n', 14)
SAME 1~2q14|L4|['-n'] ['-n', '1~2q14', 'f', 'm', 'e', 'g'] gnu= (b'', 14) ref= (b'', 14)
SAME 1~2q14|L5|[] ['1~2q14', 'f', 'e', 'm', 'g'] gnu= (b'a\n', 14) ref= (b'a\n', 14)
SAME 1~2q14|L5|['-s'] ['-s', '1~2q14', 'f', 'e', 'm', 'g'] gnu= (b'a\n', 14) ref= (b'a\n', 14)
SAME 1~2q14|L5|['-n'] ['-n', '1~2q14', 'f', 'e', 'm', 'g'] gnu= (b'', 14) ref= (b'', 14)
DIFF /c/,$q15|L0|[] ['/c/,$q15', 'f', 'm'] gnu= (b'', 1) ref= (b'a\nb\nc\n', 2)
DIFF /c/,$q15|L0|['-s'] ['-s', '/c/,$q15', 'f', 'm'] gnu= (b'', 1) ref= (b'a\nb\nc\n', 15)
DIFF /c/,$q15|L0|['-n'] ['-n', '/c/,$q15', 'f', 'm'] gnu= (b'', 1) ref= (b'', 2)
DIFF /c/,$q15|L1|[] ['/c/,$q15', 'f', 'm', 'g'] gnu= (b'', 1) ref= (b'a\nb\nc\n', 2)
DIFF /c/,$q15|L1|['-s'] ['-s', '/c/,$q15', 'f', 'm', 'g'] gnu= (b'', 1) ref= (b'a\nb\nc\n', 2)
DIFF /c/,$q15|L1|['-n'] ['-n', '/c/,$q15', 'f', 'm', 'g'] gnu= (b'', 1) ref= (b'', 2)
DIFF /c/,$q15|L2|[] ['/c/,$q15', 'f', 'e', 'm'] gnu= (b'', 1) ref= (b'a\nb\n', 2)
DIFF /c/,$q15|L2|['-s'] ['-s', '/c/,$q15', 'f', 'e', 'm'] gnu= (b'', 1) ref= (b'a\nb\n', 2)
DIFF /c/,$q15|L2|['-n'] ['-n', '/c/,$q15', 'f', 'e', 'm'] gnu= (b'', 1) ref= (b'', 2)
DIFF /c/,$q15|L3|[] ['/c/,$q15', 'm', 'f'] gnu= (b'', 1) ref= (b'a\nb\n', 2)
DIFF /c/,$q15|L3|['-s'] ['-s', '/c/,$q15', 'm', 'f'] gnu= (b'', 1) ref= (b'a\nb\n', 2)
DIFF /c/,$q15|L3|['-n'] ['-n', '/c/,$q15', 'm', 'f'] gnu= (b'', 1) ref= (b'', 2)
DIFF /c/,$q15|L4|[] ['/c/,$q15', 'f', 'm', 'e', 'g'] gnu= (b'', 1) ref= (b'a\nb\nc\n', 2)
DIFF /c/,$q15|L4|['-s'] ['-s', '/c/,$q15', 'f', 'm', 'e', 'g'] gnu= (b'', 1) ref= (b'a\nb\nc\n', 2)
DIFF /c/,$q15|L4|['-n'] ['-n', '/c/,$q15', 'f', 'm', 'e', 'g'] gnu= (b'', 1) ref= (b'', 2)
DIFF /c/,$q15|L5|[] ['/c/,$q15', 'f', 'e', 'm', 'g'] gnu= (b'', 1) ref= (b'a\nb\n', 2)
DIFF /c/,$q15|L5|['-s'] ['-s', '/c/,$q15', 'f', 'e', 'm', 'g'] gnu= (b'', 1) ref= (b'a\nb\n', 2)
DIFF /c/,$q15|L5|['-n'] ['-n', '/c/,$q15', 'f', 'e', 'm', 'g'] gnu= (b'', 1) ref= (b'', 2)
DIFF 0,/b/q16|L0|[] ['0,/b/q16', 'f', 'm'] gnu= (b'', 1) ref= (b'a\n', 16)
DIFF 0,/b/q16|L0|['-s'] ['-s', '0,/b/q16', 'f', 'm'] gnu= (b'', 1) ref= (b'a\n', 16)
DIFF 0,/b/q16|L0|['-n'] ['-n', '0,/b/q16', 'f', 'm'] gnu= (b'', 1) ref= (b'', 16)
DIFF 0,/b/q16|L1|[] ['0,/b/q16', 'f', 'm', 'g'] gnu= (b'', 1) ref= (b'a\n', 16)
DIFF 0,/b/q16|L1|['-s'] ['-s', '0,/b/q16', 'f', 'm', 'g'] gnu= (b'', 1) ref= (b'a\n', 16)
DIFF 0,/b/q16|L1|['-n'] ['-n', '0,/b/q16', 'f', 'm', 'g'] gnu= (b'', 1) ref= (b'', 16)
DIFF 0,/b/q16|L2|[] ['0,/b/q16', 'f', 'e', 'm'] gnu= (b'', 1) ref= (b'a\n', 16)
DIFF 0,/b/q16|L2|['-s'] ['-s', '0,/b/q16', 'f', 'e', 'm'] gnu= (b'', 1) ref= (b'a\n', 16)
DIFF 0,/b/q16|L2|['-n'] ['-n', '0,/b/q16', 'f', 'e', 'm'] gnu= (b'', 1) ref= (b'', 16)
DIFF 0,/b/q16|L3|[] ['0,/b/q16', 'm', 'f'] gnu= (b'', 1) ref= (b'a\n', 2)
DIFF 0,/b/q16|L3|['-s'] ['-s', '0,/b/q16', 'm', 'f'] gnu= (b'', 1) ref= (b'a\n', 2)
DIFF 0,/b/q16|L3|['-n'] ['-n', '0,/b/q16', 'm', 'f'] gnu= (b'', 1) ref= (b'', 2)
DIFF 0,/b/q16|L4|[] ['0,/b/q16', 'f', 'm', 'e', 'g'] gnu= (b'', 1) ref= (b'a\n', 16)
DIFF 0,/b/q16|L4|['-s'] ['-s', '0,/b/q16', 'f', 'm', 'e', 'g'] gnu= (b'', 1) ref= (b'a\n', 16)
DIFF 0,/b/q16|L4|['-n'] ['-n', '0,/b/q16', 'f', 'm', 'e', 'g'] gnu= (b'', 1) ref= (b'', 16)
DIFF 0,/b/q16|L5|[] ['0,/b/q16', 'f', 'e', 'm', 'g'] gnu= (b'', 1) ref= (b'a\n', 16)
DIFF 0,/b/q16|L5|['-s'] ['-s', '0,/b/q16', 'f', 'e', 'm', 'g'] gnu= (b'', 1) ref= (b'a\n', 16)
DIFF 0,/b/q16|L5|['-n'] ['-n', '0,/b/q16', 'f', 'e', 'm', 'g'] gnu= (b'', 1) ref= (b'', 16)
DIFF 2,+1q17|L0|[] ['2,+1q17', 'f', 'm'] gnu= (b'', 1) ref= (b'a\nb\n', 17)
DIFF 2,+1q17|L0|['-s'] ['-s', '2,+1q17', 'f', 'm'] gnu= (b'', 1) ref= (b'a\nb\n', 17)
DIFF 2,+1q17|L0|['-n'] ['-n', '2,+1q17', 'f', 'm'] gnu= (b'', 1) ref= (b'', 17)
DIFF 2,+1q17|L1|[] ['2,+1q17', 'f', 'm', 'g'] gnu= (b'', 1) ref= (b'a\nb\n', 2)
DIFF 2,+1q17|L1|['-s'] ['-s', '2,+1q17', 'f', 'm', 'g'] gnu= (b'', 1) ref= (b'a\nb\nc\n', 2)
DIFF 2,+1q17|L1|['-n'] ['-n', '2,+1q17', 'f', 'm', 'g'] gnu= (b'', 1) ref= (b'', 2)
DIFF 2,+1q17|L2|[] ['2,+1q17', 'f', 'e', 'm'] gnu= (b'', 1) ref= (b'a\nb\n', 17)
DIFF 2,+1q17|L2|['-s'] ['-s', '2,+1q17', 'f', 'e', 'm'] gnu= (b'', 1) ref= (b'a\nb\n', 17)
DIFF 2,+1q17|L2|['-n'] ['-n', '2,+1q17', 'f', 'e', 'm'] gnu= (b'', 1) ref= (b'', 17)
DIFF 2,+1q17|L3|[] ['2,+1q17', 'm', 'f'] gnu= (b'', 1) ref= (b'a\nb\n', 2)
DIFF 2,+1q17|L3|['-s'] ['-s', '2,+1q17', 'm', 'f'] gnu= (b'', 1) ref= (b'a\nb\n', 2)
DIFF 2,+1q17|L3|['-n'] ['-n', '2,+1q17', 'm', 'f'] gnu= (b'', 1) ref= (b'', 2)
DIFF 2,+1q17|L4|[] ['2,+1q17', 'f', 'm', 'e', 'g'] gnu= (b'', 1) ref= (b'a\nb\n', 17)
DIFF 2,+1q17|L4|['-s'] ['-s', '2,+1q17', 'f', 'm', 'e', 'g'] gnu= (b'', 1) ref= (b'a\nb\n', 17)
DIFF 2,+1q17|L4|['-n'] ['-n', '2,+1q17', 'f', 'm', 'e', 'g'] gnu= (b'', 1) ref= (b'', 17)
DIFF 2,+1q17|L5|[] ['2,+1q17', 'f', 'e', 'm', 'g'] gnu= (b'', 1) ref= (b'a\nb\n', 2)
DIFF 2,+1q17|L5|['-s'] ['-s', '2,+1q17', 'f', 'e', 'm', 'g'] gnu= (b'', 1) ref= (b'a\nb\n', 2)
DIFF 2,+1q17|L5|['-n'] ['-n', '2,+1q17', 'f', 'e', 'm', 'g'] gnu= (b'', 1) ref= (b'', 2)
SAME $!{N};q18|L0|[] ['$!{N};q18', 'f', 'm'] gnu= (b'a\nb\n', 18) ref= (b'a\nb\n', 18)
SAME $!{N};q18|L0|['-s'] ['-s', '$!{N};q18', 'f', 'm'] gnu= (b'a\nb\n', 18) ref= (b'a\nb\n', 18)
SAME $!{N};q18|L0|['-n'] ['-n', '$!{N};q18', 'f', 'm'] gnu= (b'', 18) ref= (b'', 18)
SAME $!{N};q18|L1|[] ['$!{N};q18', 'f', 'm', 'g'] gnu= (b'a\nb\n', 2) ref= (b'a\nb\n', 2)
SAME $!{N};q18|L1|['-s'] ['-s', '$!{N};q18', 'f', 'm', 'g'] gnu= (b'a\n', 18) ref= (b'a\n', 18)
SAME $!{N};q18|L1|['-n'] ['-n', '$!{N};q18', 'f', 'm', 'g'] gnu= (b'', 2) ref= (b'', 2)
SAME $!{N};q18|L2|[] ['$!{N};q18', 'f', 'e', 'm'] gnu= (b'a\nb\n', 18) ref= (b'a\nb\n', 18)
SAME $!{N};q18|L2|['-s'] ['-s', '$!{N};q18', 'f', 'e', 'm'] gnu= (b'a\nb\n', 18) ref= (b'a\nb\n', 18)
SAME $!{N};q18|L2|['-n'] ['-n', '$!{N};q18', 'f', 'e', 'm'] gnu= (b'', 18) ref= (b'', 18)
SAME $!{N};q18|L3|[] ['$!{N};q18', 'm', 'f'] gnu= (b'a\nb\n', 2) ref= (b'a\nb\n', 2)
SAME $!{N};q18|L3|['-s'] ['-s', '$!{N};q18', 'm', 'f'] gnu= (b'a\nb\n', 2) ref= (b'a\nb\n', 2)
SAME $!{N};q18|L3|['-n'] ['-n', '$!{N};q18', 'm', 'f'] gnu= (b'', 2) ref= (b'', 2)
SAME $!{N};q18|L4|[] ['$!{N};q18', 'f', 'm', 'e', 'g'] gnu= (b'a\nb\n', 18) ref= (b'a\nb\n', 18)
SAME $!{N};q18|L4|['-s'] ['-s', '$!{N};q18', 'f', 'm', 'e', 'g'] gnu= (b'a\nb\n', 18) ref= (b'a\nb\n', 18)
SAME $!{N};q18|L4|['-n'] ['-n', '$!{N};q18', 'f', 'm', 'e', 'g'] gnu= (b'', 18) ref= (b'', 18)
SAME $!{N};q18|L5|[] ['$!{N};q18', 'f', 'e', 'm', 'g'] gnu= (b'a\nb\n', 2) ref= (b'a\nb\n', 2)
SAME $!{N};q18|L5|['-s'] ['-s', '$!{N};q18', 'f', 'e', 'm', 'g'] gnu= (b'a\n', 18) ref= (b'a\n', 18)
SAME $!{N};q18|L5|['-n'] ['-n', '$!{N};q18', 'f', 'e', 'm', 'g'] gnu= (b'', 2) ref= (b'', 2)
