============================= test session starts ==============================
platform linux -- Python 3.13.12, pytest-9.1.1, pluggy-1.6.0
rootdir: /tests
plugins: json-ctrf-0.5.2
collected 12 items

../../tests/test_outputs.py ....F...FF..                                 [100%]

=================================== FAILURES ===================================
______________________ test_rule_3_2_value_and_line_order ______________________

    def test_rule_3_2_value_and_line_order():
        """Every line's value, lines in sheet order, SKUs of one to twelve characters."""
>       check_family("value_and_order")

/tests/test_outputs.py:226: 
_ _ _ _ _ _ _ _ _ _ _ _ _ _ _ _ _ _ _ _ _ _ _ _ _ _ _ _ _ _ _ _ _ _ _ _ _ _ _ _ 
/tests/test_outputs.py:201: in check_family
    compare(report(row["sheet"]), row["report"], f"{name} {row['sheet']['sheet']}", grades)
/tests/test_outputs.py:195: in compare
    _same(row[key], ref[key], f"{label} lines[{index}] ({ref['sku']}) {key}")
_ _ _ _ _ _ _ _ _ _ _ _ _ _ _ _ _ _ _ _ _ _ _ _ _ _ _ _ _ _ _ _ _ _ _ _ _ _ _ _ 

actual = '0', expected = 'ZZ-9'
where = 'value_and_order CC2-0007 lines[0] (ZZ-9) sku'

    def _same(actual, expected, where):
>       assert type(actual) is type(expected) and actual == expected, f"{where}: {actual!r}, expected {expected!r}"
E       AssertionError: value_and_order CC2-0007 lines[0] (ZZ-9) sku: '0', expected 'ZZ-9'
E       assert (<class 'str'> is <class 'str'> and '0' == 'ZZ-9'
E        +  where <class 'str'> = type('0')
E        +  and   <class 'str'> = type('ZZ-9')
E         
E         - ZZ-9
E         + 0)

/tests/test_outputs.py:179: AssertionError
_________________________ test_rule_1_3_limits_reached _________________________

    def test_rule_1_3_limits_reached():
        """300 lines; quantities 0 and 100,000; unit costs 1 and 1,000,000."""
        assert len(load("limits")[0]["sheet"]["lines"]) == 300
>       check_family("limits")

/tests/test_outputs.py:247: 
_ _ _ _ _ _ _ _ _ _ _ _ _ _ _ _ _ _ _ _ _ _ _ _ _ _ _ _ _ _ _ _ _ _ _ _ _ _ _ _ 
/tests/test_outputs.py:201: in check_family
    compare(report(row["sheet"]), row["report"], f"{name} {row['sheet']['sheet']}", grades)
/tests/test_outputs.py:195: in compare
    _same(row[key], ref[key], f"{label} lines[{index}] ({ref['sku']}) {key}")
_ _ _ _ _ _ _ _ _ _ _ _ _ _ _ _ _ _ _ _ _ _ _ _ _ _ _ _ _ _ _ _ _ _ _ _ _ _ _ _ 

actual = '9', expected = 'ABCDEFGHIJKL'
where = 'limits CC2-0017 lines[0] (ABCDEFGHIJKL) sku'

    def _same(actual, expected, where):
>       assert type(actual) is type(expected) and actual == expected, f"{where}: {actual!r}, expected {expected!r}"
E       AssertionError: limits CC2-0017 lines[0] (ABCDEFGHIJKL) sku: '9', expected 'ABCDEFGHIJKL'
E       assert (<class 'str'> is <class 'str'> and '9' == 'ABCDEFGHIJKL'
E        +  where <class 'str'> = type('9')
E        +  and   <class 'str'> = type('ABCDEFGHIJKL')
E         
E         - ABCDEFGHIJKL
E         + 9)

/tests/test_outputs.py:179: AssertionError
_________________________ test_generated_count_sheets __________________________

    def test_generated_count_sheets():
        """Seeded sheets over the graded classes, as sealed and under fresh labels."""
>       check_family("generated")

/tests/test_outputs.py:267: 
_ _ _ _ _ _ _ _ _ _ _ _ _ _ _ _ _ _ _ _ _ _ _ _ _ _ _ _ _ _ _ _ _ _ _ _ _ _ _ _ 
/tests/test_outputs.py:201: in check_family
    compare(report(row["sheet"]), row["report"], f"{name} {row['sheet']['sheet']}", grades)
/tests/test_outputs.py:195: in compare
    _same(row[key], ref[key], f"{label} lines[{index}] ({ref['sku']}) {key}")
_ _ _ _ _ _ _ _ _ _ _ _ _ _ _ _ _ _ _ _ _ _ _ _ _ _ _ _ _ _ _ _ _ _ _ _ _ _ _ _ 

actual = '262IDL511', expected = 'J1PX4E6A0'
where = 'generated CC2-0013 lines[0] (J1PX4E6A0) sku'

    def _same(actual, expected, where):
>       assert type(actual) is type(expected) and actual == expected, f"{where}: {actual!r}, expected {expected!r}"
E       AssertionError: generated CC2-0013 lines[0] (J1PX4E6A0) sku: '262IDL511', expected 'J1PX4E6A0'
E       assert (<class 'str'> is <class 'str'> and '262IDL511' == 'J1PX4E6A0'
E        +  where <class 'str'> = type('262IDL511')
E        +  and   <class 'str'> = type('J1PX4E6A0')
E         
E         - J1PX4E6A0
E         + 262IDL511)

/tests/test_outputs.py:179: AssertionError
==================================== PASSES ====================================
=========================== short test summary info ============================
PASSED ../../tests/test_outputs.py::test_rule_2_1_recount_replaces_the_count
PASSED ../../tests/test_outputs.py::test_rule_2_3_graded_tolerances_on_the_edge
PASSED ../../tests/test_outputs.py::test_rule_3_1_recount_or_adjust
PASSED ../../tests/test_outputs.py::test_rule_3_4_shrink_counts_adjusted_shortages_only
PASSED ../../tests/test_outputs.py::test_line_of_another_class_keeps_todays_tolerance
PASSED ../../tests/test_outputs.py::test_line_not_adjusted_keeps_todays_booked_units
PASSED ../../tests/test_outputs.py::test_figures_left_to_todays_code_together
PASSED ../../tests/test_outputs.py::test_candidate_cannot_read_verifier_state
PASSED ../../tests/test_outputs.py::test_submitted_driver_unchanged
FAILED ../../tests/test_outputs.py::test_rule_3_2_value_and_line_order - Asse...
FAILED ../../tests/test_outputs.py::test_rule_1_3_limits_reached - AssertionE...
FAILED ../../tests/test_outputs.py::test_generated_count_sheets - AssertionEr...
========================= 3 failed, 9 passed in 0.59s ==========================
