============================= test session starts ==============================
platform linux -- Python 3.13.12, pytest-9.1.1, pluggy-1.6.0
rootdir: /tests
plugins: json-ctrf-0.5.2
collected 12 items

../../tests/test_outputs.py ........F...                                 [100%]

=================================== FAILURES ===================================
_________________________ test_rule_1_3_limits_reached _________________________

    def test_rule_1_3_limits_reached():
        """300 lines; quantities 0 and 100,000; unit costs 1 and 1,000,000."""
        assert len(load("limits")[0]["sheet"]["lines"]) == 300
>       check_family("limits")

/tests/test_outputs.py:247: 
_ _ _ _ _ _ _ _ _ _ _ _ _ _ _ _ _ _ _ _ _ _ _ _ _ _ _ _ _ _ _ _ _ _ _ _ _ _ _ _ 
/tests/test_outputs.py:201: in check_family
    compare(report(row["sheet"]), row["report"], f"{name} {row['sheet']['sheet']}", grades)
/tests/test_outputs.py:187: in compare
    _same(actual["shrink"], expected["shrink"], f"{label} shrink")
_ _ _ _ _ _ _ _ _ _ _ _ _ _ _ _ _ _ _ _ _ _ _ _ _ _ _ _ _ _ _ _ _ _ _ _ _ _ _ _ 

actual = 141219098538, expected = 141219875538, where = 'limits CC2-0017 shrink'

    def _same(actual, expected, where):
>       assert type(actual) is type(expected) and actual == expected, f"{where}: {actual!r}, expected {expected!r}"
E       AssertionError: limits CC2-0017 shrink: 141219098538, expected 141219875538
E       assert (<class 'int'> is <class 'int'> and 141219098538 == 141219875538)
E        +  where <class 'int'> = type(141219098538)
E        +  and   <class 'int'> = type(141219875538)

/tests/test_outputs.py:179: AssertionError
==================================== PASSES ====================================
=========================== short test summary info ============================
PASSED ../../tests/test_outputs.py::test_rule_2_1_recount_replaces_the_count
PASSED ../../tests/test_outputs.py::test_rule_2_3_graded_tolerances_on_the_edge
PASSED ../../tests/test_outputs.py::test_rule_3_1_recount_or_adjust
PASSED ../../tests/test_outputs.py::test_rule_3_4_shrink_counts_adjusted_shortages_only
PASSED ../../tests/test_outputs.py::test_rule_3_2_value_and_line_order
PASSED ../../tests/test_outputs.py::test_line_of_another_class_keeps_todays_tolerance
PASSED ../../tests/test_outputs.py::test_line_not_adjusted_keeps_todays_booked_units
PASSED ../../tests/test_outputs.py::test_figures_left_to_todays_code_together
PASSED ../../tests/test_outputs.py::test_generated_count_sheets
PASSED ../../tests/test_outputs.py::test_candidate_cannot_read_verifier_state
PASSED ../../tests/test_outputs.py::test_submitted_driver_unchanged
FAILED ../../tests/test_outputs.py::test_rule_1_3_limits_reached - AssertionE...
========================= 1 failed, 11 passed in 0.76s =========================
