============================= test session starts ==============================
platform linux -- Python 3.13.12, pytest-9.1.1, pluggy-1.6.0
rootdir: /tests
plugins: json-ctrf-0.5.2
collected 12 items

../../tests/test_outputs.py ......F.....                                 [100%]

=================================== FAILURES ===================================
_______________ test_line_not_adjusted_keeps_todays_booked_units _______________

    def test_line_not_adjusted_keeps_todays_booked_units():
        """The procedure gives no booked figure for a line that is not adjusted: today's step stands."""
>       check_family("booked_not_adjusted")

/tests/test_outputs.py:236: 
_ _ _ _ _ _ _ _ _ _ _ _ _ _ _ _ _ _ _ _ _ _ _ _ _ _ _ _ _ _ _ _ _ _ _ _ _ _ _ _ 
/tests/test_outputs.py:201: in check_family
    compare(report(row["sheet"]), row["report"], f"{name} {row['sheet']['sheet']}", grades)
/tests/test_outputs.py:195: in compare
    _same(row[key], ref[key], f"{label} lines[{index}] ({ref['sku']}) {key}")
_ _ _ _ _ _ _ _ _ _ _ _ _ _ _ _ _ _ _ _ _ _ _ _ _ _ _ _ _ _ _ _ _ _ _ _ _ _ _ _ 

actual = 0, expected = -3
where = 'booked_not_adjusted CC2-0011 lines[3] (N4) booked'

    def _same(actual, expected, where):
>       assert type(actual) is type(expected) and actual == expected, f"{where}: {actual!r}, expected {expected!r}"
E       AssertionError: booked_not_adjusted CC2-0011 lines[3] (N4) booked: 0, expected -3
E       assert (<class 'int'> is <class 'int'> and 0 == -3)
E        +  where <class 'int'> = type(0)
E        +  and   <class 'int'> = type(-3)

/tests/test_outputs.py:179: AssertionError
==================================== PASSES ====================================
=========================== short test summary info ============================
PASSED ../../tests/test_outputs.py::test_rule_2_1_recount_replaces_the_count
PASSED ../../tests/test_outputs.py::test_rule_2_3_graded_tolerances_on_the_edge
PASSED ../../tests/test_outputs.py::test_rule_3_1_recount_or_adjust
PASSED ../../tests/test_outputs.py::test_rule_3_4_shrink_counts_adjusted_shortages_only
PASSED ../../tests/test_outputs.py::test_rule_3_2_value_and_line_order
PASSED ../../tests/test_outputs.py::test_line_of_another_class_keeps_todays_tolerance
PASSED ../../tests/test_outputs.py::test_figures_left_to_todays_code_together
PASSED ../../tests/test_outputs.py::test_rule_1_3_limits_reached
PASSED ../../tests/test_outputs.py::test_generated_count_sheets
PASSED ../../tests/test_outputs.py::test_candidate_cannot_read_verifier_state
PASSED ../../tests/test_outputs.py::test_submitted_driver_unchanged
FAILED ../../tests/test_outputs.py::test_line_not_adjusted_keeps_todays_booked_units
========================= 1 failed, 11 passed in 0.74s =========================
