============================= test session starts ==============================
platform linux -- Python 3.13.12, pytest-9.1.1, pluggy-1.6.0
rootdir: /tests
plugins: json-ctrf-0.5.2
collected 12 items

../../tests/test_outputs.py FF.FFFFFF...                                 [100%]

=================================== FAILURES ===================================
___________________ test_rule_2_1_recount_replaces_the_count ___________________

    def test_rule_2_1_recount_replaces_the_count():
        """The final count is the recount when one was taken."""
>       check_family("recounts")

/tests/test_outputs.py:206: 
_ _ _ _ _ _ _ _ _ _ _ _ _ _ _ _ _ _ _ _ _ _ _ _ _ _ _ _ _ _ _ _ _ _ _ _ _ _ _ _ 
/tests/test_outputs.py:201: in check_family
    compare(report(row["sheet"]), row["report"], f"{name} {row['sheet']['sheet']}", grades)
/tests/test_outputs.py:195: in compare
    _same(row[key], ref[key], f"{label} lines[{index}] ({ref['sku']}) {key}")
_ _ _ _ _ _ _ _ _ _ _ _ _ _ _ _ _ _ _ _ _ _ _ _ _ _ _ _ _ _ _ _ _ _ _ _ _ _ _ _ 

actual = 'adjust', expected = 'ok'
where = 'recounts CC2-0001 lines[0] (R1) status'

    def _same(actual, expected, where):
>       assert type(actual) is type(expected) and actual == expected, f"{where}: {actual!r}, expected {expected!r}"
E       AssertionError: recounts CC2-0001 lines[0] (R1) status: 'adjust', expected 'ok'
E       assert (<class 'str'> is <class 'str'> and 'adjust' == 'ok'
E        +  where <class 'str'> = type('adjust')
E        +  and   <class 'str'> = type('ok')
E         
E         - ok
E         + adjust)

/tests/test_outputs.py:179: AssertionError
_________________ test_rule_2_3_graded_tolerances_on_the_edge __________________

    def test_rule_2_3_graded_tolerances_on_the_edge():
        """A nought, B 2 per cent and C 5 per cent of the system quantity, a fraction dropped; on the edge and one past."""
>       check_family("graded_tolerance")

/tests/test_outputs.py:211: 
_ _ _ _ _ _ _ _ _ _ _ _ _ _ _ _ _ _ _ _ _ _ _ _ _ _ _ _ _ _ _ _ _ _ _ _ _ _ _ _ 
/tests/test_outputs.py:201: in check_family
    compare(report(row["sheet"]), row["report"], f"{name} {row['sheet']['sheet']}", grades)
/tests/test_outputs.py:195: in compare
    _same(row[key], ref[key], f"{label} lines[{index}] ({ref['sku']}) {key}")
_ _ _ _ _ _ _ _ _ _ _ _ _ _ _ _ _ _ _ _ _ _ _ _ _ _ _ _ _ _ _ _ _ _ _ _ _ _ _ _ 

actual = 'recount', expected = 'ok'
where = 'graded_tolerance CC2-0002 lines[0] (A1) status'

    def _same(actual, expected, where):
>       assert type(actual) is type(expected) and actual == expected, f"{where}: {actual!r}, expected {expected!r}"
E       AssertionError: graded_tolerance CC2-0002 lines[0] (A1) status: 'recount', expected 'ok'
E       assert (<class 'str'> is <class 'str'> and 'recount' == 'ok'
E        +  where <class 'str'> = type('recount')
E        +  and   <class 'str'> = type('ok')
E         
E         - ok
E         + recount)

/tests/test_outputs.py:179: AssertionError
_____________ test_rule_3_4_shrink_counts_adjusted_shortages_only ______________

    def test_rule_3_4_shrink_counts_adjusted_shortages_only():
        """Shrink sums adjusted shortages; a surplus or a line awaiting recount does not change it."""
>       check_family("shrink")

/tests/test_outputs.py:221: 
_ _ _ _ _ _ _ _ _ _ _ _ _ _ _ _ _ _ _ _ _ _ _ _ _ _ _ _ _ _ _ _ _ _ _ _ _ _ _ _ 
/tests/test_outputs.py:201: in check_family
    compare(report(row["sheet"]), row["report"], f"{name} {row['sheet']['sheet']}", grades)
/tests/test_outputs.py:195: in compare
    _same(row[key], ref[key], f"{label} lines[{index}] ({ref['sku']}) {key}")
_ _ _ _ _ _ _ _ _ _ _ _ _ _ _ _ _ _ _ _ _ _ _ _ _ _ _ _ _ _ _ _ _ _ _ _ _ _ _ _ 

actual = 'adjust', expected = 'ok'
where = 'shrink CC2-0005 lines[4] (K5) status'

    def _same(actual, expected, where):
>       assert type(actual) is type(expected) and actual == expected, f"{where}: {actual!r}, expected {expected!r}"
E       AssertionError: shrink CC2-0005 lines[4] (K5) status: 'adjust', expected 'ok'
E       assert (<class 'str'> is <class 'str'> and 'adjust' == 'ok'
E        +  where <class 'str'> = type('adjust')
E        +  and   <class 'str'> = type('ok')
E         
E         - ok
E         + adjust)

/tests/test_outputs.py:179: AssertionError
______________________ test_rule_3_2_value_and_line_order ______________________

    def test_rule_3_2_value_and_line_order():
        """Every line's value, lines in sheet order, SKUs of one to twelve characters."""
>       check_family("value_and_order")

/tests/test_outputs.py:226: 
_ _ _ _ _ _ _ _ _ _ _ _ _ _ _ _ _ _ _ _ _ _ _ _ _ _ _ _ _ _ _ _ _ _ _ _ _ _ _ _ 
/tests/test_outputs.py:201: in check_family
    compare(report(row["sheet"]), row["report"], f"{name} {row['sheet']['sheet']}", grades)
/tests/test_outputs.py:195: in compare
    _same(row[key], ref[key], f"{label} lines[{index}] ({ref['sku']}) {key}")
_ _ _ _ _ _ _ _ _ _ _ _ _ _ _ _ _ _ _ _ _ _ _ _ _ _ _ _ _ _ _ _ _ _ _ _ _ _ _ _ 

actual = 'recount', expected = 'ok'
where = 'value_and_order CC2-0007 lines[0] (ZZ-9) status'

    def _same(actual, expected, where):
>       assert type(actual) is type(expected) and actual == expected, f"{where}: {actual!r}, expected {expected!r}"
E       AssertionError: value_and_order CC2-0007 lines[0] (ZZ-9) status: 'recount', expected 'ok'
E       assert (<class 'str'> is <class 'str'> and 'recount' == 'ok'
E        +  where <class 'str'> = type('recount')
E        +  and   <class 'str'> = type('ok')
E         
E         - ok
E         + recount)

/tests/test_outputs.py:179: AssertionError
______________ test_line_of_another_class_keeps_todays_tolerance _______________

    def test_line_of_another_class_keeps_todays_tolerance():
        """The procedure gives no tolerance for a line that is not a graded item: today's step stands."""
>       check_family("other_classes")

/tests/test_outputs.py:231: 
_ _ _ _ _ _ _ _ _ _ _ _ _ _ _ _ _ _ _ _ _ _ _ _ _ _ _ _ _ _ _ _ _ _ _ _ _ _ _ _ 
/tests/test_outputs.py:201: in check_family
    compare(report(row["sheet"]), row["report"], f"{name} {row['sheet']['sheet']}", grades)
/tests/test_outputs.py:195: in compare
    _same(row[key], ref[key], f"{label} lines[{index}] ({ref['sku']}) {key}")
_ _ _ _ _ _ _ _ _ _ _ _ _ _ _ _ _ _ _ _ _ _ _ _ _ _ _ _ _ _ _ _ _ _ _ _ _ _ _ _ 

actual = 'adjust', expected = 'ok'
where = 'other_classes CC2-0010 lines[0] (X1) status'

    def _same(actual, expected, where):
>       assert type(actual) is type(expected) and actual == expected, f"{where}: {actual!r}, expected {expected!r}"
E       AssertionError: other_classes CC2-0010 lines[0] (X1) status: 'adjust', expected 'ok'
E       assert (<class 'str'> is <class 'str'> and 'adjust' == 'ok'
E        +  where <class 'str'> = type('adjust')
E        +  and   <class 'str'> = type('ok')
E         
E         - ok
E         + adjust)

/tests/test_outputs.py:179: AssertionError
_______________ test_line_not_adjusted_keeps_todays_booked_units _______________

    def test_line_not_adjusted_keeps_todays_booked_units():
        """The procedure gives no booked figure for a line that is not adjusted: today's step stands."""
>       check_family("booked_not_adjusted")

/tests/test_outputs.py:236: 
_ _ _ _ _ _ _ _ _ _ _ _ _ _ _ _ _ _ _ _ _ _ _ _ _ _ _ _ _ _ _ _ _ _ _ _ _ _ _ _ 
/tests/test_outputs.py:201: in check_family
    compare(report(row["sheet"]), row["report"], f"{name} {row['sheet']['sheet']}", grades)
/tests/test_outputs.py:195: in compare
    _same(row[key], ref[key], f"{label} lines[{index}] ({ref['sku']}) {key}")
_ _ _ _ _ _ _ _ _ _ _ _ _ _ _ _ _ _ _ _ _ _ _ _ _ _ _ _ _ _ _ _ _ _ _ _ _ _ _ _ 

actual = 'adjust', expected = 'ok'
where = 'booked_not_adjusted CC2-0011 lines[3] (N4) status'

    def _same(actual, expected, where):
>       assert type(actual) is type(expected) and actual == expected, f"{where}: {actual!r}, expected {expected!r}"
E       AssertionError: booked_not_adjusted CC2-0011 lines[3] (N4) status: 'adjust', expected 'ok'
E       assert (<class 'str'> is <class 'str'> and 'adjust' == 'ok'
E        +  where <class 'str'> = type('adjust')
E        +  and   <class 'str'> = type('ok')
E         
E         - ok
E         + adjust)

/tests/test_outputs.py:179: AssertionError
__________________ test_figures_left_to_todays_code_together ___________________

    def test_figures_left_to_todays_code_together():
        """Other classes and lines not adjusted, with shortages and surpluses, in one sheet."""
>       check_family("together")

/tests/test_outputs.py:241: 
_ _ _ _ _ _ _ _ _ _ _ _ _ _ _ _ _ _ _ _ _ _ _ _ _ _ _ _ _ _ _ _ _ _ _ _ _ _ _ _ 
/tests/test_outputs.py:201: in check_family
    compare(report(row["sheet"]), row["report"], f"{name} {row['sheet']['sheet']}", grades)
/tests/test_outputs.py:195: in compare
    _same(row[key], ref[key], f"{label} lines[{index}] ({ref['sku']}) {key}")
_ _ _ _ _ _ _ _ _ _ _ _ _ _ _ _ _ _ _ _ _ _ _ _ _ _ _ _ _ _ _ _ _ _ _ _ _ _ _ _ 

actual = 'recount', expected = 'ok'
where = 'together CC2-0012 lines[0] (T1) status'

    def _same(actual, expected, where):
>       assert type(actual) is type(expected) and actual == expected, f"{where}: {actual!r}, expected {expected!r}"
E       AssertionError: together CC2-0012 lines[0] (T1) status: 'recount', expected 'ok'
E       assert (<class 'str'> is <class 'str'> and 'recount' == 'ok'
E        +  where <class 'str'> = type('recount')
E        +  and   <class 'str'> = type('ok')
E         
E         - ok
E         + recount)

/tests/test_outputs.py:179: AssertionError
_________________________ test_rule_1_3_limits_reached _________________________

    def test_rule_1_3_limits_reached():
        """300 lines; quantities 0 and 100,000; unit costs 1 and 1,000,000."""
        assert len(load("limits")[0]["sheet"]["lines"]) == 300
>       check_family("limits")

/tests/test_outputs.py:247: 
_ _ _ _ _ _ _ _ _ _ _ _ _ _ _ _ _ _ _ _ _ _ _ _ _ _ _ _ _ _ _ _ _ _ _ _ _ _ _ _ 
/tests/test_outputs.py:201: in check_family
    compare(report(row["sheet"]), row["report"], f"{name} {row['sheet']['sheet']}", grades)
/tests/test_outputs.py:195: in compare
    _same(row[key], ref[key], f"{label} lines[{index}] ({ref['sku']}) {key}")
_ _ _ _ _ _ _ _ _ _ _ _ _ _ _ _ _ _ _ _ _ _ _ _ _ _ _ _ _ _ _ _ _ _ _ _ _ _ _ _ 

actual = 'adjust', expected = 'ok'
where = 'limits CC2-0017 lines[17] (L17) status'

    def _same(actual, expected, where):
>       assert type(actual) is type(expected) and actual == expected, f"{where}: {actual!r}, expected {expected!r}"
E       AssertionError: limits CC2-0017 lines[17] (L17) status: 'adjust', expected 'ok'
E       assert (<class 'str'> is <class 'str'> and 'adjust' == 'ok'
E        +  where <class 'str'> = type('adjust')
E        +  and   <class 'str'> = type('ok')
E         
E         - ok
E         + adjust)

/tests/test_outputs.py:179: AssertionError
==================================== PASSES ====================================
=========================== short test summary info ============================
PASSED ../../tests/test_outputs.py::test_rule_3_1_recount_or_adjust
PASSED ../../tests/test_outputs.py::test_generated_count_sheets
PASSED ../../tests/test_outputs.py::test_candidate_cannot_read_verifier_state
PASSED ../../tests/test_outputs.py::test_submitted_driver_unchanged
FAILED ../../tests/test_outputs.py::test_rule_2_1_recount_replaces_the_count
FAILED ../../tests/test_outputs.py::test_rule_2_3_graded_tolerances_on_the_edge
FAILED ../../tests/test_outputs.py::test_rule_3_4_shrink_counts_adjusted_shortages_only
FAILED ../../tests/test_outputs.py::test_rule_3_2_value_and_line_order - Asse...
FAILED ../../tests/test_outputs.py::test_line_of_another_class_keeps_todays_tolerance
FAILED ../../tests/test_outputs.py::test_line_not_adjusted_keeps_todays_booked_units
FAILED ../../tests/test_outputs.py::test_figures_left_to_todays_code_together
FAILED ../../tests/test_outputs.py::test_rule_1_3_limits_reached - AssertionE...
========================= 8 failed, 4 passed in 0.77s ==========================
