============================= test session starts ==============================
platform linux -- Python 3.13.12, pytest-9.1.1, pluggy-1.6.0
rootdir: /tests
plugins: json-ctrf-0.5.2
collected 12 items

../../tests/test_outputs.py F.FF.FF.....                                 [100%]

=================================== FAILURES ===================================
___________________ test_rule_2_1_recount_replaces_the_count ___________________

    def test_rule_2_1_recount_replaces_the_count():
        """The final count is the recount when one was taken."""
>       check_family("recounts")

/tests/test_outputs.py:206: 
_ _ _ _ _ _ _ _ _ _ _ _ _ _ _ _ _ _ _ _ _ _ _ _ _ _ _ _ _ _ _ _ _ _ _ _ _ _ _ _ 
/tests/test_outputs.py:201: in check_family
    compare(report(row["sheet"]), row["report"], f"{name} {row['sheet']['sheet']}", grades)
/tests/test_outputs.py:195: in compare
    _same(row[key], ref[key], f"{label} lines[{index}] ({ref['sku']}) {key}")
_ _ _ _ _ _ _ _ _ _ _ _ _ _ _ _ _ _ _ _ _ _ _ _ _ _ _ _ _ _ _ _ _ _ _ _ _ _ _ _ 

actual = 'adjust', expected = 'recount'
where = 'recounts CC2-0001 lines[5] (R6) status'

    def _same(actual, expected, where):
>       assert type(actual) is type(expected) and actual == expected, f"{where}: {actual!r}, expected {expected!r}"
E       AssertionError: recounts CC2-0001 lines[5] (R6) status: 'adjust', expected 'recount'
E       assert (<class 'str'> is <class 'str'> and 'adjust' == 'recount'
E        +  where <class 'str'> = type('adjust')
E        +  and   <class 'str'> = type('recount')
E         
E         - recount
E         + adjust)

/tests/test_outputs.py:179: AssertionError
_______________________ test_rule_3_1_recount_or_adjust ________________________

    def test_rule_3_1_recount_or_adjust():
        """Outside tolerance with no recount is "recount"; with a recount it is "adjust"."""
>       check_family("status")

/tests/test_outputs.py:216: 
_ _ _ _ _ _ _ _ _ _ _ _ _ _ _ _ _ _ _ _ _ _ _ _ _ _ _ _ _ _ _ _ _ _ _ _ _ _ _ _ 
/tests/test_outputs.py:201: in check_family
    compare(report(row["sheet"]), row["report"], f"{name} {row['sheet']['sheet']}", grades)
/tests/test_outputs.py:187: in compare
    _same(actual["shrink"], expected["shrink"], f"{label} shrink")
_ _ _ _ _ _ _ _ _ _ _ _ _ _ _ _ _ _ _ _ _ _ _ _ _ _ _ _ _ _ _ _ _ _ _ _ _ _ _ _ 

actual = 15000, expected = 3000, where = 'status CC2-0004 shrink'

    def _same(actual, expected, where):
>       assert type(actual) is type(expected) and actual == expected, f"{where}: {actual!r}, expected {expected!r}"
E       AssertionError: status CC2-0004 shrink: 15000, expected 3000
E       assert (<class 'int'> is <class 'int'> and 15000 == 3000)
E        +  where <class 'int'> = type(15000)
E        +  and   <class 'int'> = type(3000)

/tests/test_outputs.py:179: AssertionError
_____________ test_rule_3_4_shrink_counts_adjusted_shortages_only ______________

    def test_rule_3_4_shrink_counts_adjusted_shortages_only():
        """Shrink sums adjusted shortages; a surplus or a line awaiting recount does not change it."""
>       check_family("shrink")

/tests/test_outputs.py:221: 
_ _ _ _ _ _ _ _ _ _ _ _ _ _ _ _ _ _ _ _ _ _ _ _ _ _ _ _ _ _ _ _ _ _ _ _ _ _ _ _ 
/tests/test_outputs.py:201: in check_family
    compare(report(row["sheet"]), row["report"], f"{name} {row['sheet']['sheet']}", grades)
/tests/test_outputs.py:187: in compare
    _same(actual["shrink"], expected["shrink"], f"{label} shrink")
_ _ _ _ _ _ _ _ _ _ _ _ _ _ _ _ _ _ _ _ _ _ _ _ _ _ _ _ _ _ _ _ _ _ _ _ _ _ _ _ 

actual = 44050, expected = 43300, where = 'shrink CC2-0005 shrink'

    def _same(actual, expected, where):
>       assert type(actual) is type(expected) and actual == expected, f"{where}: {actual!r}, expected {expected!r}"
E       AssertionError: shrink CC2-0005 shrink: 44050, expected 43300
E       assert (<class 'int'> is <class 'int'> and 44050 == 43300)
E        +  where <class 'int'> = type(44050)
E        +  and   <class 'int'> = type(43300)

/tests/test_outputs.py:179: AssertionError
______________ test_line_of_another_class_keeps_todays_tolerance _______________

    def test_line_of_another_class_keeps_todays_tolerance():
        """The procedure gives no tolerance for a line that is not a graded item: today's step stands."""
>       check_family("other_classes")

/tests/test_outputs.py:231: 
_ _ _ _ _ _ _ _ _ _ _ _ _ _ _ _ _ _ _ _ _ _ _ _ _ _ _ _ _ _ _ _ _ _ _ _ _ _ _ _ 
/tests/test_outputs.py:201: in check_family
    compare(report(row["sheet"]), row["report"], f"{name} {row['sheet']['sheet']}", grades)
/tests/test_outputs.py:195: in compare
    _same(row[key], ref[key], f"{label} lines[{index}] ({ref['sku']}) {key}")
_ _ _ _ _ _ _ _ _ _ _ _ _ _ _ _ _ _ _ _ _ _ _ _ _ _ _ _ _ _ _ _ _ _ _ _ _ _ _ _ 

actual = 'adjust', expected = 'recount'
where = 'other_classes CC2-0009 lines[3] (EG) status'

    def _same(actual, expected, where):
>       assert type(actual) is type(expected) and actual == expected, f"{where}: {actual!r}, expected {expected!r}"
E       AssertionError: other_classes CC2-0009 lines[3] (EG) status: 'adjust', expected 'recount'
E       assert (<class 'str'> is <class 'str'> and 'adjust' == 'recount'
E        +  where <class 'str'> = type('adjust')
E        +  and   <class 'str'> = type('recount')
E         
E         - recount
E         + adjust)

/tests/test_outputs.py:179: AssertionError
_______________ test_line_not_adjusted_keeps_todays_booked_units _______________

    def test_line_not_adjusted_keeps_todays_booked_units():
        """The procedure gives no booked figure for a line that is not adjusted: today's step stands."""
>       check_family("booked_not_adjusted")

/tests/test_outputs.py:236: 
_ _ _ _ _ _ _ _ _ _ _ _ _ _ _ _ _ _ _ _ _ _ _ _ _ _ _ _ _ _ _ _ _ _ _ _ _ _ _ _ 
/tests/test_outputs.py:201: in check_family
    compare(report(row["sheet"]), row["report"], f"{name} {row['sheet']['sheet']}", grades)
/tests/test_outputs.py:187: in compare
    _same(actual["shrink"], expected["shrink"], f"{label} shrink")
_ _ _ _ _ _ _ _ _ _ _ _ _ _ _ _ _ _ _ _ _ _ _ _ _ _ _ _ _ _ _ _ _ _ _ _ _ _ _ _ 

actual = 3000, expected = 0, where = 'booked_not_adjusted CC2-0011 shrink'

    def _same(actual, expected, where):
>       assert type(actual) is type(expected) and actual == expected, f"{where}: {actual!r}, expected {expected!r}"
E       AssertionError: booked_not_adjusted CC2-0011 shrink: 3000, expected 0
E       assert (<class 'int'> is <class 'int'> and 3000 == 0)
E        +  where <class 'int'> = type(3000)
E        +  and   <class 'int'> = type(0)

/tests/test_outputs.py:179: AssertionError
==================================== PASSES ====================================
=========================== short test summary info ============================
PASSED ../../tests/test_outputs.py::test_rule_2_3_graded_tolerances_on_the_edge
PASSED ../../tests/test_outputs.py::test_rule_3_2_value_and_line_order
PASSED ../../tests/test_outputs.py::test_figures_left_to_todays_code_together
PASSED ../../tests/test_outputs.py::test_rule_1_3_limits_reached
PASSED ../../tests/test_outputs.py::test_generated_count_sheets
PASSED ../../tests/test_outputs.py::test_candidate_cannot_read_verifier_state
PASSED ../../tests/test_outputs.py::test_submitted_driver_unchanged
FAILED ../../tests/test_outputs.py::test_rule_2_1_recount_replaces_the_count
FAILED ../../tests/test_outputs.py::test_rule_3_1_recount_or_adjust - Asserti...
FAILED ../../tests/test_outputs.py::test_rule_3_4_shrink_counts_adjusted_shortages_only
FAILED ../../tests/test_outputs.py::test_line_of_another_class_keeps_todays_tolerance
FAILED ../../tests/test_outputs.py::test_line_not_adjusted_keeps_todays_booked_units
========================= 5 failed, 7 passed in 0.76s ==========================
