============================= test session starts ==============================
platform linux -- Python 3.13.12, pytest-9.1.1, pluggy-1.6.0
rootdir: /tests
plugins: json-ctrf-0.5.2
collected 12 items

../../tests/test_outputs.py .FFFFF..FF..                                 [100%]

=================================== FAILURES ===================================
_________________ test_rule_2_3_graded_tolerances_on_the_edge __________________

    def test_rule_2_3_graded_tolerances_on_the_edge():
        """A nought, B 2 per cent and C 5 per cent of the system quantity, a fraction dropped; on the edge and one past."""
>       check_family("graded_tolerance")

/tests/test_outputs.py:211: 
_ _ _ _ _ _ _ _ _ _ _ _ _ _ _ _ _ _ _ _ _ _ _ _ _ _ _ _ _ _ _ _ _ _ _ _ _ _ _ _ 
/tests/test_outputs.py:201: in check_family
    compare(report(row["sheet"]), row["report"], f"{name} {row['sheet']['sheet']}", grades)
/tests/test_outputs.py:187: in compare
    _same(actual["shrink"], expected["shrink"], f"{label} shrink")
_ _ _ _ _ _ _ _ _ _ _ _ _ _ _ _ _ _ _ _ _ _ _ _ _ _ _ _ _ _ _ _ _ _ _ _ _ _ _ _ 

actual = -41000, expected = 2000, where = 'graded_tolerance CC2-0002 shrink'

    def _same(actual, expected, where):
>       assert type(actual) is type(expected) and actual == expected, f"{where}: {actual!r}, expected {expected!r}"
E       AssertionError: graded_tolerance CC2-0002 shrink: -41000, expected 2000
E       assert (<class 'int'> is <class 'int'> and -41000 == 2000)
E        +  where <class 'int'> = type(-41000)
E        +  and   <class 'int'> = type(2000)

/tests/test_outputs.py:179: AssertionError
_______________________ test_rule_3_1_recount_or_adjust ________________________

    def test_rule_3_1_recount_or_adjust():
        """Outside tolerance with no recount is "recount"; with a recount it is "adjust"."""
>       check_family("status")

/tests/test_outputs.py:216: 
_ _ _ _ _ _ _ _ _ _ _ _ _ _ _ _ _ _ _ _ _ _ _ _ _ _ _ _ _ _ _ _ _ _ _ _ _ _ _ _ 
/tests/test_outputs.py:201: in check_family
    compare(report(row["sheet"]), row["report"], f"{name} {row['sheet']['sheet']}", grades)
/tests/test_outputs.py:187: in compare
    _same(actual["shrink"], expected["shrink"], f"{label} shrink")
_ _ _ _ _ _ _ _ _ _ _ _ _ _ _ _ _ _ _ _ _ _ _ _ _ _ _ _ _ _ _ _ _ _ _ _ _ _ _ _ 

actual = -7000, expected = 3000, where = 'status CC2-0004 shrink'

    def _same(actual, expected, where):
>       assert type(actual) is type(expected) and actual == expected, f"{where}: {actual!r}, expected {expected!r}"
E       AssertionError: status CC2-0004 shrink: -7000, expected 3000
E       assert (<class 'int'> is <class 'int'> and -7000 == 3000)
E        +  where <class 'int'> = type(-7000)
E        +  and   <class 'int'> = type(3000)

/tests/test_outputs.py:179: AssertionError
_____________ test_rule_3_4_shrink_counts_adjusted_shortages_only ______________

    def test_rule_3_4_shrink_counts_adjusted_shortages_only():
        """Shrink sums adjusted shortages; a surplus or a line awaiting recount does not change it."""
>       check_family("shrink")

/tests/test_outputs.py:221: 
_ _ _ _ _ _ _ _ _ _ _ _ _ _ _ _ _ _ _ _ _ _ _ _ _ _ _ _ _ _ _ _ _ _ _ _ _ _ _ _ 
/tests/test_outputs.py:201: in check_family
    compare(report(row["sheet"]), row["report"], f"{name} {row['sheet']['sheet']}", grades)
/tests/test_outputs.py:187: in compare
    _same(actual["shrink"], expected["shrink"], f"{label} shrink")
_ _ _ _ _ _ _ _ _ _ _ _ _ _ _ _ _ _ _ _ _ _ _ _ _ _ _ _ _ _ _ _ _ _ _ _ _ _ _ _ 

actual = -2956697, expected = 43300, where = 'shrink CC2-0005 shrink'

    def _same(actual, expected, where):
>       assert type(actual) is type(expected) and actual == expected, f"{where}: {actual!r}, expected {expected!r}"
E       AssertionError: shrink CC2-0005 shrink: -2956697, expected 43300
E       assert (<class 'int'> is <class 'int'> and -2956697 == 43300)
E        +  where <class 'int'> = type(-2956697)
E        +  and   <class 'int'> = type(43300)

/tests/test_outputs.py:179: AssertionError
______________________ test_rule_3_2_value_and_line_order ______________________

    def test_rule_3_2_value_and_line_order():
        """Every line's value, lines in sheet order, SKUs of one to twelve characters."""
>       check_family("value_and_order")

/tests/test_outputs.py:226: 
_ _ _ _ _ _ _ _ _ _ _ _ _ _ _ _ _ _ _ _ _ _ _ _ _ _ _ _ _ _ _ _ _ _ _ _ _ _ _ _ 
/tests/test_outputs.py:201: in check_family
    compare(report(row["sheet"]), row["report"], f"{name} {row['sheet']['sheet']}", grades)
/tests/test_outputs.py:187: in compare
    _same(actual["shrink"], expected["shrink"], f"{label} shrink")
_ _ _ _ _ _ _ _ _ _ _ _ _ _ _ _ _ _ _ _ _ _ _ _ _ _ _ _ _ _ _ _ _ _ _ _ _ _ _ _ 

actual = 99999900000, expected = 100000000000
where = 'value_and_order CC2-0007 shrink'

    def _same(actual, expected, where):
>       assert type(actual) is type(expected) and actual == expected, f"{where}: {actual!r}, expected {expected!r}"
E       AssertionError: value_and_order CC2-0007 shrink: 99999900000, expected 100000000000
E       assert (<class 'int'> is <class 'int'> and 99999900000 == 100000000000)
E        +  where <class 'int'> = type(99999900000)
E        +  and   <class 'int'> = type(100000000000)

/tests/test_outputs.py:179: AssertionError
______________ test_line_of_another_class_keeps_todays_tolerance _______________

    def test_line_of_another_class_keeps_todays_tolerance():
        """The procedure gives no tolerance for a line that is not a graded item: today's step stands."""
>       check_family("other_classes")

/tests/test_outputs.py:231: 
_ _ _ _ _ _ _ _ _ _ _ _ _ _ _ _ _ _ _ _ _ _ _ _ _ _ _ _ _ _ _ _ _ _ _ _ _ _ _ _ 
/tests/test_outputs.py:201: in check_family
    compare(report(row["sheet"]), row["report"], f"{name} {row['sheet']['sheet']}", grades)
/tests/test_outputs.py:187: in compare
    _same(actual["shrink"], expected["shrink"], f"{label} shrink")
_ _ _ _ _ _ _ _ _ _ _ _ _ _ _ _ _ _ _ _ _ _ _ _ _ _ _ _ _ _ _ _ _ _ _ _ _ _ _ _ 

actual = -12000, expected = 0, where = 'other_classes CC2-0009 shrink'

    def _same(actual, expected, where):
>       assert type(actual) is type(expected) and actual == expected, f"{where}: {actual!r}, expected {expected!r}"
E       AssertionError: other_classes CC2-0009 shrink: -12000, expected 0
E       assert (<class 'int'> is <class 'int'> and -12000 == 0)
E        +  where <class 'int'> = type(-12000)
E        +  and   <class 'int'> = type(0)

/tests/test_outputs.py:179: AssertionError
_________________________ test_rule_1_3_limits_reached _________________________

    def test_rule_1_3_limits_reached():
        """300 lines; quantities 0 and 100,000; unit costs 1 and 1,000,000."""
        assert len(load("limits")[0]["sheet"]["lines"]) == 300
>       check_family("limits")

/tests/test_outputs.py:247: 
_ _ _ _ _ _ _ _ _ _ _ _ _ _ _ _ _ _ _ _ _ _ _ _ _ _ _ _ _ _ _ _ _ _ _ _ _ _ _ _ 
/tests/test_outputs.py:201: in check_family
    compare(report(row["sheet"]), row["report"], f"{name} {row['sheet']['sheet']}", grades)
/tests/test_outputs.py:187: in compare
    _same(actual["shrink"], expected["shrink"], f"{label} shrink")
_ _ _ _ _ _ _ _ _ _ _ _ _ _ _ _ _ _ _ _ _ _ _ _ _ _ _ _ _ _ _ _ _ _ _ _ _ _ _ _ 

actual = 87512651317, expected = 141219875538, where = 'limits CC2-0017 shrink'

    def _same(actual, expected, where):
>       assert type(actual) is type(expected) and actual == expected, f"{where}: {actual!r}, expected {expected!r}"
E       AssertionError: limits CC2-0017 shrink: 87512651317, expected 141219875538
E       assert (<class 'int'> is <class 'int'> and 87512651317 == 141219875538)
E        +  where <class 'int'> = type(87512651317)
E        +  and   <class 'int'> = type(141219875538)

/tests/test_outputs.py:179: AssertionError
_________________________ test_generated_count_sheets __________________________

    def test_generated_count_sheets():
        """Seeded sheets over the graded classes, as sealed and under fresh labels."""
>       check_family("generated")

/tests/test_outputs.py:267: 
_ _ _ _ _ _ _ _ _ _ _ _ _ _ _ _ _ _ _ _ _ _ _ _ _ _ _ _ _ _ _ _ _ _ _ _ _ _ _ _ 
/tests/test_outputs.py:201: in check_family
    compare(report(row["sheet"]), row["report"], f"{name} {row['sheet']['sheet']}", grades)
/tests/test_outputs.py:187: in compare
    _same(actual["shrink"], expected["shrink"], f"{label} shrink")
_ _ _ _ _ _ _ _ _ _ _ _ _ _ _ _ _ _ _ _ _ _ _ _ _ _ _ _ _ _ _ _ _ _ _ _ _ _ _ _ 

actual = 182885558, expected = 224398083, where = 'generated CC2-0013 shrink'

    def _same(actual, expected, where):
>       assert type(actual) is type(expected) and actual == expected, f"{where}: {actual!r}, expected {expected!r}"
E       AssertionError: generated CC2-0013 shrink: 182885558, expected 224398083
E       assert (<class 'int'> is <class 'int'> and 182885558 == 224398083)
E        +  where <class 'int'> = type(182885558)
E        +  and   <class 'int'> = type(224398083)

/tests/test_outputs.py:179: AssertionError
==================================== PASSES ====================================
=========================== short test summary info ============================
PASSED ../../tests/test_outputs.py::test_rule_2_1_recount_replaces_the_count
PASSED ../../tests/test_outputs.py::test_line_not_adjusted_keeps_todays_booked_units
PASSED ../../tests/test_outputs.py::test_figures_left_to_todays_code_together
PASSED ../../tests/test_outputs.py::test_candidate_cannot_read_verifier_state
PASSED ../../tests/test_outputs.py::test_submitted_driver_unchanged
FAILED ../../tests/test_outputs.py::test_rule_2_3_graded_tolerances_on_the_edge
FAILED ../../tests/test_outputs.py::test_rule_3_1_recount_or_adjust - Asserti...
FAILED ../../tests/test_outputs.py::test_rule_3_4_shrink_counts_adjusted_shortages_only
FAILED ../../tests/test_outputs.py::test_rule_3_2_value_and_line_order - Asse...
FAILED ../../tests/test_outputs.py::test_line_of_another_class_keeps_todays_tolerance
FAILED ../../tests/test_outputs.py::test_rule_1_3_limits_reached - AssertionE...
FAILED ../../tests/test_outputs.py::test_generated_count_sheets - AssertionEr...
========================= 7 failed, 5 passed in 0.49s ==========================
