============================= test session starts ==============================
platform linux -- Python 3.13.12, pytest-9.1.1, pluggy-1.6.0
rootdir: /tests
plugins: json-ctrf-0.5.2
collected 12 items

../../tests/test_outputs.py .FFF.FF.FF..                                 [100%]

=================================== FAILURES ===================================
_________________ test_rule_2_3_graded_tolerances_on_the_edge __________________

    def test_rule_2_3_graded_tolerances_on_the_edge():
        """A nought, B 2 per cent and C 5 per cent of the system quantity, a fraction dropped; on the edge and one past."""
>       check_family("graded_tolerance")

/tests/test_outputs.py:211: 
_ _ _ _ _ _ _ _ _ _ _ _ _ _ _ _ _ _ _ _ _ _ _ _ _ _ _ _ _ _ _ _ _ _ _ _ _ _ _ _ 
/tests/test_outputs.py:201: in check_family
    compare(report(row["sheet"]), row["report"], f"{name} {row['sheet']['sheet']}", grades)
/tests/test_outputs.py:187: in compare
    _same(actual["shrink"], expected["shrink"], f"{label} shrink")
_ _ _ _ _ _ _ _ _ _ _ _ _ _ _ _ _ _ _ _ _ _ _ _ _ _ _ _ _ _ _ _ _ _ _ _ _ _ _ _ 

actual = 7013000, expected = 5008000, where = 'graded_tolerance CC2-0003 shrink'

    def _same(actual, expected, where):
>       assert type(actual) is type(expected) and actual == expected, f"{where}: {actual!r}, expected {expected!r}"
E       AssertionError: graded_tolerance CC2-0003 shrink: 7013000, expected 5008000
E       assert (<class 'int'> is <class 'int'> and 7013000 == 5008000)
E        +  where <class 'int'> = type(7013000)
E        +  and   <class 'int'> = type(5008000)

/tests/test_outputs.py:179: AssertionError
_______________________ test_rule_3_1_recount_or_adjust ________________________

    def test_rule_3_1_recount_or_adjust():
        """Outside tolerance with no recount is "recount"; with a recount it is "adjust"."""
>       check_family("status")

/tests/test_outputs.py:216: 
_ _ _ _ _ _ _ _ _ _ _ _ _ _ _ _ _ _ _ _ _ _ _ _ _ _ _ _ _ _ _ _ _ _ _ _ _ _ _ _ 
/tests/test_outputs.py:201: in check_family
    compare(report(row["sheet"]), row["report"], f"{name} {row['sheet']['sheet']}", grades)
/tests/test_outputs.py:187: in compare
    _same(actual["shrink"], expected["shrink"], f"{label} shrink")
_ _ _ _ _ _ _ _ _ _ _ _ _ _ _ _ _ _ _ _ _ _ _ _ _ _ _ _ _ _ _ _ _ _ _ _ _ _ _ _ 

actual = 15000, expected = 3000, where = 'status CC2-0004 shrink'

    def _same(actual, expected, where):
>       assert type(actual) is type(expected) and actual == expected, f"{where}: {actual!r}, expected {expected!r}"
E       AssertionError: status CC2-0004 shrink: 15000, expected 3000
E       assert (<class 'int'> is <class 'int'> and 15000 == 3000)
E        +  where <class 'int'> = type(15000)
E        +  and   <class 'int'> = type(3000)

/tests/test_outputs.py:179: AssertionError
_____________ test_rule_3_4_shrink_counts_adjusted_shortages_only ______________

    def test_rule_3_4_shrink_counts_adjusted_shortages_only():
        """Shrink sums adjusted shortages; a surplus or a line awaiting recount does not change it."""
>       check_family("shrink")

/tests/test_outputs.py:221: 
_ _ _ _ _ _ _ _ _ _ _ _ _ _ _ _ _ _ _ _ _ _ _ _ _ _ _ _ _ _ _ _ _ _ _ _ _ _ _ _ 
/tests/test_outputs.py:201: in check_family
    compare(report(row["sheet"]), row["report"], f"{name} {row['sheet']['sheet']}", grades)
/tests/test_outputs.py:187: in compare
    _same(actual["shrink"], expected["shrink"], f"{label} shrink")
_ _ _ _ _ _ _ _ _ _ _ _ _ _ _ _ _ _ _ _ _ _ _ _ _ _ _ _ _ _ _ _ _ _ _ _ _ _ _ _ 

actual = 44050, expected = 43300, where = 'shrink CC2-0005 shrink'

    def _same(actual, expected, where):
>       assert type(actual) is type(expected) and actual == expected, f"{where}: {actual!r}, expected {expected!r}"
E       AssertionError: shrink CC2-0005 shrink: 44050, expected 43300
E       assert (<class 'int'> is <class 'int'> and 44050 == 43300)
E        +  where <class 'int'> = type(44050)
E        +  and   <class 'int'> = type(43300)

/tests/test_outputs.py:179: AssertionError
______________ test_line_of_another_class_keeps_todays_tolerance _______________

    def test_line_of_another_class_keeps_todays_tolerance():
        """The procedure gives no tolerance for a line that is not a graded item: today's step stands."""
>       check_family("other_classes")

/tests/test_outputs.py:231: 
_ _ _ _ _ _ _ _ _ _ _ _ _ _ _ _ _ _ _ _ _ _ _ _ _ _ _ _ _ _ _ _ _ _ _ _ _ _ _ _ 
/tests/test_outputs.py:201: in check_family
    compare(report(row["sheet"]), row["report"], f"{name} {row['sheet']['sheet']}", grades)
/tests/test_outputs.py:187: in compare
    _same(actual["shrink"], expected["shrink"], f"{label} shrink")
_ _ _ _ _ _ _ _ _ _ _ _ _ _ _ _ _ _ _ _ _ _ _ _ _ _ _ _ _ _ _ _ _ _ _ _ _ _ _ _ 

actual = 1000, expected = 0, where = 'other_classes CC2-0009 shrink'

    def _same(actual, expected, where):
>       assert type(actual) is type(expected) and actual == expected, f"{where}: {actual!r}, expected {expected!r}"
E       AssertionError: other_classes CC2-0009 shrink: 1000, expected 0
E       assert (<class 'int'> is <class 'int'> and 1000 == 0)
E        +  where <class 'int'> = type(1000)
E        +  and   <class 'int'> = type(0)

/tests/test_outputs.py:179: AssertionError
_______________ test_line_not_adjusted_keeps_todays_booked_units _______________

    def test_line_not_adjusted_keeps_todays_booked_units():
        """The procedure gives no booked figure for a line that is not adjusted: today's step stands."""
>       check_family("booked_not_adjusted")

/tests/test_outputs.py:236: 
_ _ _ _ _ _ _ _ _ _ _ _ _ _ _ _ _ _ _ _ _ _ _ _ _ _ _ _ _ _ _ _ _ _ _ _ _ _ _ _ 
/tests/test_outputs.py:201: in check_family
    compare(report(row["sheet"]), row["report"], f"{name} {row['sheet']['sheet']}", grades)
/tests/test_outputs.py:187: in compare
    _same(actual["shrink"], expected["shrink"], f"{label} shrink")
_ _ _ _ _ _ _ _ _ _ _ _ _ _ _ _ _ _ _ _ _ _ _ _ _ _ _ _ _ _ _ _ _ _ _ _ _ _ _ _ 

actual = 16000, expected = 0, where = 'booked_not_adjusted CC2-0011 shrink'

    def _same(actual, expected, where):
>       assert type(actual) is type(expected) and actual == expected, f"{where}: {actual!r}, expected {expected!r}"
E       AssertionError: booked_not_adjusted CC2-0011 shrink: 16000, expected 0
E       assert (<class 'int'> is <class 'int'> and 16000 == 0)
E        +  where <class 'int'> = type(16000)
E        +  and   <class 'int'> = type(0)

/tests/test_outputs.py:179: AssertionError
_________________________ test_rule_1_3_limits_reached _________________________

    def test_rule_1_3_limits_reached():
        """300 lines; quantities 0 and 100,000; unit costs 1 and 1,000,000."""
        assert len(load("limits")[0]["sheet"]["lines"]) == 300
>       check_family("limits")

/tests/test_outputs.py:247: 
_ _ _ _ _ _ _ _ _ _ _ _ _ _ _ _ _ _ _ _ _ _ _ _ _ _ _ _ _ _ _ _ _ _ _ _ _ _ _ _ 
/tests/test_outputs.py:201: in check_family
    compare(report(row["sheet"]), row["report"], f"{name} {row['sheet']['sheet']}", grades)
/tests/test_outputs.py:187: in compare
    _same(actual["shrink"], expected["shrink"], f"{label} shrink")
_ _ _ _ _ _ _ _ _ _ _ _ _ _ _ _ _ _ _ _ _ _ _ _ _ _ _ _ _ _ _ _ _ _ _ _ _ _ _ _ 

actual = 171510655862, expected = 141219875538, where = 'limits CC2-0017 shrink'

    def _same(actual, expected, where):
>       assert type(actual) is type(expected) and actual == expected, f"{where}: {actual!r}, expected {expected!r}"
E       AssertionError: limits CC2-0017 shrink: 171510655862, expected 141219875538
E       assert (<class 'int'> is <class 'int'> and 171510655862 == 141219875538)
E        +  where <class 'int'> = type(171510655862)
E        +  and   <class 'int'> = type(141219875538)

/tests/test_outputs.py:179: AssertionError
_________________________ test_generated_count_sheets __________________________

    def test_generated_count_sheets():
        """Seeded sheets over the graded classes, as sealed and under fresh labels."""
>       check_family("generated")

/tests/test_outputs.py:267: 
_ _ _ _ _ _ _ _ _ _ _ _ _ _ _ _ _ _ _ _ _ _ _ _ _ _ _ _ _ _ _ _ _ _ _ _ _ _ _ _ 
/tests/test_outputs.py:201: in check_family
    compare(report(row["sheet"]), row["report"], f"{name} {row['sheet']['sheet']}", grades)
/tests/test_outputs.py:187: in compare
    _same(actual["shrink"], expected["shrink"], f"{label} shrink")
_ _ _ _ _ _ _ _ _ _ _ _ _ _ _ _ _ _ _ _ _ _ _ _ _ _ _ _ _ _ _ _ _ _ _ _ _ _ _ _ 

actual = 274356155, expected = 224398083, where = 'generated CC2-0013 shrink'

    def _same(actual, expected, where):
>       assert type(actual) is type(expected) and actual == expected, f"{where}: {actual!r}, expected {expected!r}"
E       AssertionError: generated CC2-0013 shrink: 274356155, expected 224398083
E       assert (<class 'int'> is <class 'int'> and 274356155 == 224398083)
E        +  where <class 'int'> = type(274356155)
E        +  and   <class 'int'> = type(224398083)

/tests/test_outputs.py:179: AssertionError
==================================== PASSES ====================================
=========================== short test summary info ============================
PASSED ../../tests/test_outputs.py::test_rule_2_1_recount_replaces_the_count
PASSED ../../tests/test_outputs.py::test_rule_3_2_value_and_line_order
PASSED ../../tests/test_outputs.py::test_figures_left_to_todays_code_together
PASSED ../../tests/test_outputs.py::test_candidate_cannot_read_verifier_state
PASSED ../../tests/test_outputs.py::test_submitted_driver_unchanged
FAILED ../../tests/test_outputs.py::test_rule_2_3_graded_tolerances_on_the_edge
FAILED ../../tests/test_outputs.py::test_rule_3_1_recount_or_adjust - Asserti...
FAILED ../../tests/test_outputs.py::test_rule_3_4_shrink_counts_adjusted_shortages_only
FAILED ../../tests/test_outputs.py::test_line_of_another_class_keeps_todays_tolerance
FAILED ../../tests/test_outputs.py::test_line_not_adjusted_keeps_todays_booked_units
FAILED ../../tests/test_outputs.py::test_rule_1_3_limits_reached - AssertionE...
FAILED ../../tests/test_outputs.py::test_generated_count_sheets - AssertionEr...
========================= 7 failed, 5 passed in 0.59s ==========================
