SAME [\a-\a][] ['s/[\\a-\\a]/X/g'] gnu= (b'X\t\x0b\x0c\rAaz09 -\\n\n', 0) ref= (b'X\t\x0b\x0c\rAaz09 -\\n\n', 0)
SAME N[\a-\a] ['N;s/[\\a-\\a]/X/g'] gnu= (b'a\nb\n', 0) ref= (b'a\nb\n', 0)
SAME [\a-\a]['-E'] ['-E', 's/[\\a-\\a]/X/g'] gnu= (b'X\t\x0b\x0c\rAaz09 -\\n\n', 0) ref= (b'X\t\x0b\x0c\rAaz09 -\\n\n', 0)
SAME [^\a-\a][] ['s/[^\\a-\\a]/X/g'] gnu= (b'\x07XXXXXXXXXXXXX\n', 0) ref= (b'\x07XXXXXXXXXXXXX\n', 0)
SAME [^\a-\a]['-E'] ['-E', 's/[^\\a-\\a]/X/g'] gnu= (b'\x07XXXXXXXXXXXXX\n', 0) ref= (b'\x07XXXXXXXXXXXXX\n', 0)
SAME [\a-\t][] ['s/[\\a-\\t]/X/g'] gnu= (b'XX\x0b\x0c\rAaz09 -\\n\n', 0) ref= (b'XX\x0b\x0c\rAaz09 -\\n\n', 0)
SAME N[\a-\t] ['N;s/[\\a-\\t]/X/g'] gnu= (b'a\nb\n', 0) ref= (b'a\nb\n', 0)
SAME [\a-\t]['-E'] ['-E', 's/[\\a-\\t]/X/g'] gnu= (b'XX\x0b\x0c\rAaz09 -\\n\n', 0) ref= (b'XX\x0b\x0c\rAaz09 -\\n\n', 0)
SAME [^\a-\t][] ['s/[^\\a-\\t]/X/g'] gnu= (b'\x07\tXXXXXXXXXXXX\n', 0) ref= (b'\x07\tXXXXXXXXXXXX\n', 0)
SAME [^\a-\t]['-E'] ['-E', 's/[^\\a-\\t]/X/g'] gnu= (b'\x07\tXXXXXXXXXXXX\n', 0) ref= (b'\x07\tXXXXXXXXXXXX\n', 0)
SAME [\a-\n][] ['s/[\\a-\\n]/X/g'] gnu= (b'XX\x0b\x0c\rAaz09 -\\n\n', 0) ref= (b'XX\x0b\x0c\rAaz09 -\\n\n', 0)
SAME N[\a-\n] ['N;s/[\\a-\\n]/X/g'] gnu= (b'aXb\n', 0) ref= (b'aXb\n', 0)
SAME [\a-\n]['-E'] ['-E', 's/[\\a-\\n]/X/g'] gnu= (b'XX\x0b\x0c\rAaz09 -\\n\n', 0) ref= (b'XX\x0b\x0c\rAaz09 -\\n\n', 0)
SAME [^\a-\n][] ['s/[^\\a-\\n]/X/g'] gnu= (b'\x07\tXXXXXXXXXXXX\n', 0) ref= (b'\x07\tXXXXXXXXXXXX\n', 0)
SAME [^\a-\n]['-E'] ['-E', 's/[^\\a-\\n]/X/g'] gnu= (b'\x07\tXXXXXXXXXXXX\n', 0) ref= (b'\x07\tXXXXXXXXXXXX\n', 0)
SAME [\a-\v][] ['s/[\\a-\\v]/X/g'] gnu= (b'XXX\x0c\rAaz09 -\\n\n', 0) ref= (b'XXX\x0c\rAaz09 -\\n\n', 0)
SAME N[\a-\v] ['N;s/[\\a-\\v]/X/g'] gnu= (b'aXb\n', 0) ref= (b'aXb\n', 0)
SAME [\a-\v]['-E'] ['-E', 's/[\\a-\\v]/X/g'] gnu= (b'XXX\x0c\rAaz09 -\\n\n', 0) ref= (b'XXX\x0c\rAaz09 -\\n\n', 0)
SAME [^\a-\v][] ['s/[^\\a-\\v]/X/g'] gnu= (b'\x07\t\x0bXXXXXXXXXXX\n', 0) ref= (b'\x07\t\x0bXXXXXXXXXXX\n', 0)
SAME [^\a-\v]['-E'] ['-E', 's/[^\\a-\\v]/X/g'] gnu= (b'\x07\t\x0bXXXXXXXXXXX\n', 0) ref= (b'\x07\t\x0bXXXXXXXXXXX\n', 0)
SAME [\a-\f][] ['s/[\\a-\\f]/X/g'] gnu= (b'XXXX\rAaz09 -\\n\n', 0) ref= (b'XXXX\rAaz09 -\\n\n', 0)
SAME N[\a-\f] ['N;s/[\\a-\\f]/X/g'] gnu= (b'aXb\n', 0) ref= (b'aXb\n', 0)
SAME [\a-\f]['-E'] ['-E', 's/[\\a-\\f]/X/g'] gnu= (b'XXXX\rAaz09 -\\n\n', 0) ref= (b'XXXX\rAaz09 -\\n\n', 0)
SAME [^\a-\f][] ['s/[^\\a-\\f]/X/g'] gnu= (b'\x07\t\x0b\x0cXXXXXXXXXX\n', 0) ref= (b'\x07\t\x0b\x0cXXXXXXXXXX\n', 0)
SAME [^\a-\f]['-E'] ['-E', 's/[^\\a-\\f]/X/g'] gnu= (b'\x07\t\x0b\x0cXXXXXXXXXX\n', 0) ref= (b'\x07\t\x0b\x0cXXXXXXXXXX\n', 0)
SAME [\a-\r][] ['s/[\\a-\\r]/X/g'] gnu= (b'XXXXXAaz09 -\\n\n', 0) ref= (b'XXXXXAaz09 -\\n\n', 0)
SAME N[\a-\r] ['N;s/[\\a-\\r]/X/g'] gnu= (b'aXb\n', 0) ref= (b'aXb\n', 0)
SAME [\a-\r]['-E'] ['-E', 's/[\\a-\\r]/X/g'] gnu= (b'XXXXXAaz09 -\\n\n', 0) ref= (b'XXXXXAaz09 -\\n\n', 0)
SAME [^\a-\r][] ['s/[^\\a-\\r]/X/g'] gnu= (b'\x07\t\x0b\x0c\rXXXXXXXXX\n', 0) ref= (b'\x07\t\x0b\x0c\rXXXXXXXXX\n', 0)
SAME [^\a-\r]['-E'] ['-E', 's/[^\\a-\\r]/X/g'] gnu= (b'\x07\t\x0b\x0c\rXXXXXXXXX\n', 0) ref= (b'\x07\t\x0b\x0c\rXXXXXXXXX\n', 0)
SAME [\a-a][] ['s/[\\a-a]/X/g'] gnu= (b'XXXXXXXzXXXXXn\n', 0) ref= (b'XXXXXXXzXXXXXn\n', 0)
SAME N[\a-a] ['N;s/[\\a-a]/X/g'] gnu= (b'XXb\n', 0) ref= (b'XXb\n', 0)
SAME [\a-a]['-E'] ['-E', 's/[\\a-a]/X/g'] gnu= (b'XXXXXXXzXXXXXn\n', 0) ref= (b'XXXXXXXzXXXXXn\n', 0)
SAME [^\a-a][] ['s/[^\\a-a]/X/g'] gnu= (b'\x07\t\x0b\x0c\rAaX09 -\\X\n', 0) ref= (b'\x07\t\x0b\x0c\rAaX09 -\\X\n', 0)
SAME [^\a-a]['-E'] ['-E', 's/[^\\a-a]/X/g'] gnu= (b'\x07\t\x0b\x0c\rAaX09 -\\X\n', 0) ref= (b'\x07\t\x0b\x0c\rAaX09 -\\X\n', 0)
SAME [\a-z][] ['s/[\\a-z]/X/g'] gnu= (b'XXXXXXXXXXXXXX\n', 0) ref= (b'XXXXXXXXXXXXXX\n', 0)
SAME N[\a-z] ['N;s/[\\a-z]/X/g'] gnu= (b'XXX\n', 0) ref= (b'XXX\n', 0)
SAME [\a-z]['-E'] ['-E', 's/[\\a-z]/X/g'] gnu= (b'XXXXXXXXXXXXXX\n', 0) ref= (b'XXXXXXXXXXXXXX\n', 0)
SAME [^\a-z][] ['s/[^\\a-z]/X/g'] gnu= (b'\x07\t\x0b\x0c\rAaz09 -\\n\n', 0) ref= (b'\x07\t\x0b\x0c\rAaz09 -\\n\n', 0)
SAME [^\a-z]['-E'] ['-E', 's/[^\\a-z]/X/g'] gnu= (b'\x07\t\x0b\x0c\rAaz09 -\\n\n', 0) ref= (b'\x07\t\x0b\x0c\rAaz09 -\\n\n', 0)
SAME [\a-A][] ['s/[\\a-A]/X/g'] gnu= (b'XXXXXXazXXXX\\n\n', 0) ref= (b'XXXXXXazXXXX\\n\n', 0)
SAME N[\a-A] ['N;s/[\\a-A]/X/g'] gnu= (b'aXb\n', 0) ref= (b'aXb\n', 0)
SAME [\a-A]['-E'] ['-E', 's/[\\a-A]/X/g'] gnu= (b'XXXXXXazXXXX\\n\n', 0) ref= (b'XXXXXXazXXXX\\n\n', 0)
SAME [^\a-A][] ['s/[^\\a-A]/X/g'] gnu= (b'\x07\t\x0b\x0c\rAXX09 -XX\n', 0) ref= (b'\x07\t\x0b\x0c\rAXX09 -XX\n', 0)
SAME [^\a-A]['-E'] ['-E', 's/[^\\a-A]/X/g'] gnu= (b'\x07\t\x0b\x0c\rAXX09 -XX\n', 0) ref= (b'\x07\t\x0b\x0c\rAXX09 -XX\n', 0)
SAME [\a-0][] ['s/[\\a-0]/X/g'] gnu= (b'XXXXXAazX9XX\\n\n', 0) ref= (b'XXXXXAazX9XX\\n\n', 0)
SAME N[\a-0] ['N;s/[\\a-0]/X/g'] gnu= (b'aXb\n', 0) ref= (b'aXb\n', 0)
SAME [\a-0]['-E'] ['-E', 's/[\\a-0]/X/g'] gnu= (b'XXXXXAazX9XX\\n\n', 0) ref= (b'XXXXXAazX9XX\\n\n', 0)
SAME [^\a-0][] ['s/[^\\a-0]/X/g'] gnu= (b'\x07\t\x0b\x0c\rXXX0X -XX\n', 0) ref= (b'\x07\t\x0b\x0c\rXXX0X -XX\n', 0)
SAME [^\a-0]['-E'] ['-E', 's/[^\\a-0]/X/g'] gnu= (b'\x07\t\x0b\x0c\rXXX0X -XX\n', 0) ref= (b'\x07\t\x0b\x0c\rXXX0X -XX\n', 0)
SAME [\a- ][] ['s/[\\a- ]/X/g'] gnu= (b'XXXXXAaz09X-\\n\n', 0) ref= (b'XXXXXAaz09X-\\n\n', 0)
SAME N[\a- ] ['N;s/[\\a- ]/X/g'] gnu= (b'aXb\n', 0) ref= (b'aXb\n', 0)
SAME [\a- ]['-E'] ['-E', 's/[\\a- ]/X/g'] gnu= (b'XXXXXAaz09X-\\n\n', 0) ref= (b'XXXXXAaz09X-\\n\n', 0)
SAME [^\a- ][] ['s/[^\\a- ]/X/g'] gnu= (b'\x07\t\x0b\x0c\rXXXXX XXX\n', 0) ref= (b'\x07\t\x0b\x0c\rXXXXX XXX\n', 0)
SAME [^\a- ]['-E'] ['-E', 's/[^\\a- ]/X/g'] gnu= (b'\x07\t\x0b\x0c\rXXXXX XXX\n', 0) ref= (b'\x07\t\x0b\x0c\rXXXXX XXX\n', 0)
SAME [\t-\t][] ['s/[\\t-\\t]/X/g'] gnu= (b'\x07X\x0b\x0c\rAaz09 -\\n\n', 0) ref= (b'\x07X\x0b\x0c\rAaz09 -\\n\n', 0)
SAME N[\t-\t] ['N;s/[\\t-\\t]/X/g'] gnu= (b'a\nb\n', 0) ref= (b'a\nb\n', 0)
SAME [\t-\t]['-E'] ['-E', 's/[\\t-\\t]/X/g'] gnu= (b'\x07X\x0b\x0c\rAaz09 -\\n\n', 0) ref= (b'\x07X\x0b\x0c\rAaz09 -\\n\n', 0)
SAME [^\t-\t][] ['s/[^\\t-\\t]/X/g'] gnu= (b'X\tXXXXXXXXXXXX\n', 0) ref= (b'X\tXXXXXXXXXXXX\n', 0)
SAME [^\t-\t]['-E'] ['-E', 's/[^\\t-\\t]/X/g'] gnu= (b'X\tXXXXXXXXXXXX\n', 0) ref= (b'X\tXXXXXXXXXXXX\n', 0)
SAME [\t-\n][] ['s/[\\t-\\n]/X/g'] gnu= (b'\x07X\x0b\x0c\rAaz09 -\\n\n', 0) ref= (b'\x07X\x0b\x0c\rAaz09 -\\n\n', 0)
SAME N[\t-\n] ['N;s/[\\t-\\n]/X/g'] gnu= (b'aXb\n', 0) ref= (b'aXb\n', 0)
SAME [\t-\n]['-E'] ['-E', 's/[\\t-\\n]/X/g'] gnu= (b'\x07X\x0b\x0c\rAaz09 -\\n\n', 0) ref= (b'\x07X\x0b\x0c\rAaz09 -\\n\n', 0)
SAME [^\t-\n][] ['s/[^\\t-\\n]/X/g'] gnu= (b'X\tXXXXXXXXXXXX\n', 0) ref= (b'X\tXXXXXXXXXXXX\n', 0)
SAME [^\t-\n]['-E'] ['-E', 's/[^\\t-\\n]/X/g'] gnu= (b'X\tXXXXXXXXXXXX\n', 0) ref= (b'X\tXXXXXXXXXXXX\n', 0)
SAME [\t-\v][] ['s/[\\t-\\v]/X/g'] gnu= (b'\x07XX\x0c\rAaz09 -\\n\n', 0) ref= (b'\x07XX\x0c\rAaz09 -\\n\n', 0)
SAME N[\t-\v] ['N;s/[\\t-\\v]/X/g'] gnu= (b'aXb\n', 0) ref= (b'aXb\n', 0)
SAME [\t-\v]['-E'] ['-E', 's/[\\t-\\v]/X/g'] gnu= (b'\x07XX\x0c\rAaz09 -\\n\n', 0) ref= (b'\x07XX\x0c\rAaz09 -\\n\n', 0)
SAME [^\t-\v][] ['s/[^\\t-\\v]/X/g'] gnu= (b'X\t\x0bXXXXXXXXXXX\n', 0) ref= (b'X\t\x0bXXXXXXXXXXX\n', 0)
SAME [^\t-\v]['-E'] ['-E', 's/[^\\t-\\v]/X/g'] gnu= (b'X\t\x0bXXXXXXXXXXX\n', 0) ref= (b'X\t\x0bXXXXXXXXXXX\n', 0)
SAME [\t-\f][] ['s/[\\t-\\f]/X/g'] gnu= (b'\x07XXX\rAaz09 -\\n\n', 0) ref= (b'\x07XXX\rAaz09 -\\n\n', 0)
SAME N[\t-\f] ['N;s/[\\t-\\f]/X/g'] gnu= (b'aXb\n', 0) ref= (b'aXb\n', 0)
SAME [\t-\f]['-E'] ['-E', 's/[\\t-\\f]/X/g'] gnu= (b'\x07XXX\rAaz09 -\\n\n', 0) ref= (b'\x07XXX\rAaz09 -\\n\n', 0)
SAME [^\t-\f][] ['s/[^\\t-\\f]/X/g'] gnu= (b'X\t\x0b\x0cXXXXXXXXXX\n', 0) ref= (b'X\t\x0b\x0cXXXXXXXXXX\n', 0)
SAME [^\t-\f]['-E'] ['-E', 's/[^\\t-\\f]/X/g'] gnu= (b'X\t\x0b\x0cXXXXXXXXXX\n', 0) ref= (b'X\t\x0b\x0cXXXXXXXXXX\n', 0)
SAME [\t-\r][] ['s/[\\t-\\r]/X/g'] gnu= (b'\x07XXXXAaz09 -\\n\n', 0) ref= (b'\x07XXXXAaz09 -\\n\n', 0)
SAME N[\t-\r] ['N;s/[\\t-\\r]/X/g'] gnu= (b'aXb\n', 0) ref= (b'aXb\n', 0)
SAME [\t-\r]['-E'] ['-E', 's/[\\t-\\r]/X/g'] gnu= (b'\x07XXXXAaz09 -\\n\n', 0) ref= (b'\x07XXXXAaz09 -\\n\n', 0)
SAME [^\t-\r][] ['s/[^\\t-\\r]/X/g'] gnu= (b'X\t\x0b\x0c\rXXXXXXXXX\n', 0) ref= (b'X\t\x0b\x0c\rXXXXXXXXX\n', 0)
SAME [^\t-\r]['-E'] ['-E', 's/[^\\t-\\r]/X/g'] gnu= (b'X\t\x0b\x0c\rXXXXXXXXX\n', 0) ref= (b'X\t\x0b\x0c\rXXXXXXXXX\n', 0)
SAME [\t-a][] ['s/[\\t-a]/X/g'] gnu= (b'\x07XXXXXXzXXXXXn\n', 0) ref= (b'\x07XXXXXXzXXXXXn\n', 0)
SAME N[\t-a] ['N;s/[\\t-a]/X/g'] gnu= (b'XXb\n', 0) ref= (b'XXb\n', 0)
SAME [\t-a]['-E'] ['-E', 's/[\\t-a]/X/g'] gnu= (b'\x07XXXXXXzXXXXXn\n', 0) ref= (b'\x07XXXXXXzXXXXXn\n', 0)
SAME [^\t-a][] ['s/[^\\t-a]/X/g'] gnu= (b'X\t\x0b\x0c\rAaX09 -\\X\n', 0) ref= (b'X\t\x0b\x0c\rAaX09 -\\X\n', 0)
SAME [^\t-a]['-E'] ['-E', 's/[^\\t-a]/X/g'] gnu= (b'X\t\x0b\x0c\rAaX09 -\\X\n', 0) ref= (b'X\t\x0b\x0c\rAaX09 -\\X\n', 0)
SAME [\t-z][] ['s/[\\t-z]/X/g'] gnu= (b'\x07XXXXXXXXXXXXX\n', 0) ref= (b'\x07XXXXXXXXXXXXX\n', 0)
SAME N[\t-z] ['N;s/[\\t-z]/X/g'] gnu= (b'XXX\n', 0) ref= (b'XXX\n', 0)
SAME [\t-z]['-E'] ['-E', 's/[\\t-z]/X/g'] gnu= (b'\x07XXXXXXXXXXXXX\n', 0) ref= (b'\x07XXXXXXXXXXXXX\n', 0)
SAME [^\t-z][] ['s/[^\\t-z]/X/g'] gnu= (b'X\t\x0b\x0c\rAaz09 -\\n\n', 0) ref= (b'X\t\x0b\x0c\rAaz09 -\\n\n', 0)
SAME [^\t-z]['-E'] ['-E', 's/[^\\t-z]/X/g'] gnu= (b'X\t\x0b\x0c\rAaz09 -\\n\n', 0) ref= (b'X\t\x0b\x0c\rAaz09 -\\n\n', 0)
SAME [\t-A][] ['s/[\\t-A]/X/g'] gnu= (b'\x07XXXXXazXXXX\\n\n', 0) ref= (b'\x07XXXXXazXXXX\\n\n', 0)
SAME N[\t-A] ['N;s/[\\t-A]/X/g'] gnu= (b'aXb\n', 0) ref= (b'aXb\n', 0)
SAME [\t-A]['-E'] ['-E', 's/[\\t-A]/X/g'] gnu= (b'\x07XXXXXazXXXX\\n\n', 0) ref= (b'\x07XXXXXazXXXX\\n\n', 0)
SAME [^\t-A][] ['s/[^\\t-A]/X/g'] gnu= (b'X\t\x0b\x0c\rAXX09 -XX\n', 0) ref= (b'X\t\x0b\x0c\rAXX09 -XX\n', 0)
SAME [^\t-A]['-E'] ['-E', 's/[^\\t-A]/X/g'] gnu= (b'X\t\x0b\x0c\rAXX09 -XX\n', 0) ref= (b'X\t\x0b\x0c\rAXX09 -XX\n', 0)
SAME [\t-0][] ['s/[\\t-0]/X/g'] gnu= (b'\x07XXXXAazX9XX\\n\n', 0) ref= (b'\x07XXXXAazX9XX\\n\n', 0)
SAME N[\t-0] ['N;s/[\\t-0]/X/g'] gnu= (b'aXb\n', 0) ref= (b'aXb\n', 0)
SAME [\t-0]['-E'] ['-E', 's/[\\t-0]/X/g'] gnu= (b'\x07XXXXAazX9XX\\n\n', 0) ref= (b'\x07XXXXAazX9XX\\n\n', 0)
SAME [^\t-0][] ['s/[^\\t-0]/X/g'] gnu= (b'X\t\x0b\x0c\rXXX0X -XX\n', 0) ref= (b'X\t\x0b\x0c\rXXX0X -XX\n', 0)
SAME [^\t-0]['-E'] ['-E', 's/[^\\t-0]/X/g'] gnu= (b'X\t\x0b\x0c\rXXX0X -XX\n', 0) ref= (b'X\t\x0b\x0c\rXXX0X -XX\n', 0)
SAME [\t- ][] ['s/[\\t- ]/X/g'] gnu= (b'\x07XXXXAaz09X-\\n\n', 0) ref= (b'\x07XXXXAaz09X-\\n\n', 0)
SAME N[\t- ] ['N;s/[\\t- ]/X/g'] gnu= (b'aXb\n', 0) ref= (b'aXb\n', 0)
SAME [\t- ]['-E'] ['-E', 's/[\\t- ]/X/g'] gnu= (b'\x07XXXXAaz09X-\\n\n', 0) ref= (b'\x07XXXXAaz09X-\\n\n', 0)
SAME [^\t- ][] ['s/[^\\t- ]/X/g'] gnu= (b'X\t\x0b\x0c\rXXXXX XXX\n', 0) ref= (b'X\t\x0b\x0c\rXXXXX XXX\n', 0)
SAME [^\t- ]['-E'] ['-E', 's/[^\\t- ]/X/g'] gnu= (b'X\t\x0b\x0c\rXXXXX XXX\n', 0) ref= (b'X\t\x0b\x0c\rXXXXX XXX\n', 0)
SAME [\n-\n][] ['s/[\\n-\\n]/X/g'] gnu= (b'\x07\t\x0b\x0c\rAaz09 -\\n\n', 0) ref= (b'\x07\t\x0b\x0c\rAaz09 -\\n\n', 0)
SAME N[\n-\n] ['N;s/[\\n-\\n]/X/g'] gnu= (b'aXb\n', 0) ref= (b'aXb\n', 0)
SAME [\n-\n]['-E'] ['-E', 's/[\\n-\\n]/X/g'] gnu= (b'\x07\t\x0b\x0c\rAaz09 -\\n\n', 0) ref= (b'\x07\t\x0b\x0c\rAaz09 -\\n\n', 0)
SAME [^\n-\n][] ['s/[^\\n-\\n]/X/g'] gnu= (b'XXXXXXXXXXXXXX\n', 0) ref= (b'XXXXXXXXXXXXXX\n', 0)
SAME [^\n-\n]['-E'] ['-E', 's/[^\\n-\\n]/X/g'] gnu= (b'XXXXXXXXXXXXXX\n', 0) ref= (b'XXXXXXXXXXXXXX\n', 0)
SAME [\n-\v][] ['s/[\\n-\\v]/X/g'] gnu= (b'\x07\tX\x0c\rAaz09 -\\n\n', 0) ref= (b'\x07\tX\x0c\rAaz09 -\\n\n', 0)
SAME N[\n-\v] ['N;s/[\\n-\\v]/X/g'] gnu= (b'aXb\n', 0) ref= (b'aXb\n', 0)
SAME [\n-\v]['-E'] ['-E', 's/[\\n-\\v]/X/g'] gnu= (b'\x07\tX\x0c\rAaz09 -\\n\n', 0) ref= (b'\x07\tX\x0c\rAaz09 -\\n\n', 0)
SAME [^\n-\v][] ['s/[^\\n-\\v]/X/g'] gnu= (b'XX\x0bXXXXXXXXXXX\n', 0) ref= (b'XX\x0bXXXXXXXXXXX\n', 0)
SAME [^\n-\v]['-E'] ['-E', 's/[^\\n-\\v]/X/g'] gnu= (b'XX\x0bXXXXXXXXXXX\n', 0) ref= (b'XX\x0bXXXXXXXXXXX\n', 0)
SAME [\n-\f][] ['s/[\\n-\\f]/X/g'] gnu= (b'\x07\tXX\rAaz09 -\\n\n', 0) ref= (b'\x07\tXX\rAaz09 -\\n\n', 0)
SAME N[\n-\f] ['N;s/[\\n-\\f]/X/g'] gnu= (b'aXb\n', 0) ref= (b'aXb\n', 0)
SAME [\n-\f]['-E'] ['-E', 's/[\\n-\\f]/X/g'] gnu= (b'\x07\tXX\rAaz09 -\\n\n', 0) ref= (b'\x07\tXX\rAaz09 -\\n\n', 0)
SAME [^\n-\f][] ['s/[^\\n-\\f]/X/g'] gnu= (b'XX\x0b\x0cXXXXXXXXXX\n', 0) ref= (b'XX\x0b\x0cXXXXXXXXXX\n', 0)
SAME [^\n-\f]['-E'] ['-E', 's/[^\\n-\\f]/X/g'] gnu= (b'XX\x0b\x0cXXXXXXXXXX\n', 0) ref= (b'XX\x0b\x0cXXXXXXXXXX\n', 0)
SAME [\n-\r][] ['s/[\\n-\\r]/X/g'] gnu= (b'\x07\tXXXAaz09 -\\n\n', 0) ref= (b'\x07\tXXXAaz09 -\\n\n', 0)
SAME N[\n-\r] ['N;s/[\\n-\\r]/X/g'] gnu= (b'aXb\n', 0) ref= (b'aXb\n', 0)
SAME [\n-\r]['-E'] ['-E', 's/[\\n-\\r]/X/g'] gnu= (b'\x07\tXXXAaz09 -\\n\n', 0) ref= (b'\x07\tXXXAaz09 -\\n\n', 0)
SAME [^\n-\r][] ['s/[^\\n-\\r]/X/g'] gnu= (b'XX\x0b\x0c\rXXXXXXXXX\n', 0) ref= (b'XX\x0b\x0c\rXXXXXXXXX\n', 0)
SAME [^\n-\r]['-E'] ['-E', 's/[^\\n-\\r]/X/g'] gnu= (b'XX\x0b\x0c\rXXXXXXXXX\n', 0) ref= (b'XX\x0b\x0c\rXXXXXXXXX\n', 0)
SAME [\n-a][] ['s/[\\n-a]/X/g'] gnu= (b'\x07\tXXXXXzXXXXXn\n', 0) ref= (b'\x07\tXXXXXzXXXXXn\n', 0)
SAME N[\n-a] ['N;s/[\\n-a]/X/g'] gnu= (b'XXb\n', 0) ref= (b'XXb\n', 0)
SAME [\n-a]['-E'] ['-E', 's/[\\n-a]/X/g'] gnu= (b'\x07\tXXXXXzXXXXXn\n', 0) ref= (b'\x07\tXXXXXzXXXXXn\n', 0)
SAME [^\n-a][] ['s/[^\\n-a]/X/g'] gnu= (b'XX\x0b\x0c\rAaX09 -\\X\n', 0) ref= (b'XX\x0b\x0c\rAaX09 -\\X\n', 0)
SAME [^\n-a]['-E'] ['-E', 's/[^\\n-a]/X/g'] gnu= (b'XX\x0b\x0c\rAaX09 -\\X\n', 0) ref= (b'XX\x0b\x0c\rAaX09 -\\X\n', 0)
SAME [\n-z][] ['s/[\\n-z]/X/g'] gnu= (b'\x07\tXXXXXXXXXXXX\n', 0) ref= (b'\x07\tXXXXXXXXXXXX\n', 0)
SAME N[\n-z] ['N;s/[\\n-z]/X/g'] gnu= (b'XXX\n', 0) ref= (b'XXX\n', 0)
SAME [\n-z]['-E'] ['-E', 's/[\\n-z]/X/g'] gnu= (b'\x07\tXXXXXXXXXXXX\n', 0) ref= (b'\x07\tXXXXXXXXXXXX\n', 0)
SAME [^\n-z][] ['s/[^\\n-z]/X/g'] gnu= (b'XX\x0b\x0c\rAaz09 -\\n\n', 0) ref= (b'XX\x0b\x0c\rAaz09 -\\n\n', 0)
SAME [^\n-z]['-E'] ['-E', 's/[^\\n-z]/X/g'] gnu= (b'XX\x0b\x0c\rAaz09 -\\n\n', 0) ref= (b'XX\x0b\x0c\rAaz09 -\\n\n', 0)
SAME [\n-A][] ['s/[\\n-A]/X/g'] gnu= (b'\x07\tXXXXazXXXX\\n\n', 0) ref= (b'\x07\tXXXXazXXXX\\n\n', 0)
SAME N[\n-A] ['N;s/[\\n-A]/X/g'] gnu= (b'aXb\n', 0) ref= (b'aXb\n', 0)
SAME [\n-A]['-E'] ['-E', 's/[\\n-A]/X/g'] gnu= (b'\x07\tXXXXazXXXX\\n\n', 0) ref= (b'\x07\tXXXXazXXXX\\n\n', 0)
SAME [^\n-A][] ['s/[^\\n-A]/X/g'] gnu= (b'XX\x0b\x0c\rAXX09 -XX\n', 0) ref= (b'XX\x0b\x0c\rAXX09 -XX\n', 0)
SAME [^\n-A]['-E'] ['-E', 's/[^\\n-A]/X/g'] gnu= (b'XX\x0b\x0c\rAXX09 -XX\n', 0) ref= (b'XX\x0b\x0c\rAXX09 -XX\n', 0)
SAME [\n-0][] ['s/[\\n-0]/X/g'] gnu= (b'\x07\tXXXAazX9XX\\n\n', 0) ref= (b'\x07\tXXXAazX9XX\\n\n', 0)
SAME N[\n-0] ['N;s/[\\n-0]/X/g'] gnu= (b'aXb\n', 0) ref= (b'aXb\n', 0)
SAME [\n-0]['-E'] ['-E', 's/[\\n-0]/X/g'] gnu= (b'\x07\tXXXAazX9XX\\n\n', 0) ref= (b'\x07\tXXXAazX9XX\\n\n', 0)
SAME [^\n-0][] ['s/[^\\n-0]/X/g'] gnu= (b'XX\x0b\x0c\rXXX0X -XX\n', 0) ref= (b'XX\x0b\x0c\rXXX0X -XX\n', 0)
SAME [^\n-0]['-E'] ['-E', 's/[^\\n-0]/X/g'] gnu= (b'XX\x0b\x0c\rXXX0X -XX\n', 0) ref= (b'XX\x0b\x0c\rXXX0X -XX\n', 0)
SAME [\n- ][] ['s/[\\n- ]/X/g'] gnu= (b'\x07\tXXXAaz09X-\\n\n', 0) ref= (b'\x07\tXXXAaz09X-\\n\n', 0)
SAME N[\n- ] ['N;s/[\\n- ]/X/g'] gnu= (b'aXb\n', 0) ref= (b'aXb\n', 0)
SAME [\n- ]['-E'] ['-E', 's/[\\n- ]/X/g'] gnu= (b'\x07\tXXXAaz09X-\\n\n', 0) ref= (b'\x07\tXXXAaz09X-\\n\n', 0)
SAME [^\n- ][] ['s/[^\\n- ]/X/g'] gnu= (b'XX\x0b\x0c\rXXXXX XXX\n', 0) ref= (b'XX\x0b\x0c\rXXXXX XXX\n', 0)
SAME [^\n- ]['-E'] ['-E', 's/[^\\n- ]/X/g'] gnu= (b'XX\x0b\x0c\rXXXXX XXX\n', 0) ref= (b'XX\x0b\x0c\rXXXXX XXX\n', 0)
SAME [\v-\v][] ['s/[\\v-\\v]/X/g'] gnu= (b'\x07\tX\x0c\rAaz09 -\\n\n', 0) ref= (b'\x07\tX\x0c\rAaz09 -\\n\n', 0)
SAME N[\v-\v] ['N;s/[\\v-\\v]/X/g'] gnu= (b'a\nb\n', 0) ref= (b'a\nb\n', 0)
SAME [\v-\v]['-E'] ['-E', 's/[\\v-\\v]/X/g'] gnu= (b'\x07\tX\x0c\rAaz09 -\\n\n', 0) ref= (b'\x07\tX\x0c\rAaz09 -\\n\n', 0)
SAME [^\v-\v][] ['s/[^\\v-\\v]/X/g'] gnu= (b'XX\x0bXXXXXXXXXXX\n', 0) ref= (b'XX\x0bXXXXXXXXXXX\n', 0)
SAME [^\v-\v]['-E'] ['-E', 's/[^\\v-\\v]/X/g'] gnu= (b'XX\x0bXXXXXXXXXXX\n', 0) ref= (b'XX\x0bXXXXXXXXXXX\n', 0)
SAME [\v-\f][] ['s/[\\v-\\f]/X/g'] gnu= (b'\x07\tXX\rAaz09 -\\n\n', 0) ref= (b'\x07\tXX\rAaz09 -\\n\n', 0)
SAME N[\v-\f] ['N;s/[\\v-\\f]/X/g'] gnu= (b'a\nb\n', 0) ref= (b'a\nb\n', 0)
SAME [\v-\f]['-E'] ['-E', 's/[\\v-\\f]/X/g'] gnu= (b'\x07\tXX\rAaz09 -\\n\n', 0) ref= (b'\x07\tXX\rAaz09 -\\n\n', 0)
SAME [^\v-\f][] ['s/[^\\v-\\f]/X/g'] gnu= (b'XX\x0b\x0cXXXXXXXXXX\n', 0) ref= (b'XX\x0b\x0cXXXXXXXXXX\n', 0)
SAME [^\v-\f]['-E'] ['-E', 's/[^\\v-\\f]/X/g'] gnu= (b'XX\x0b\x0cXXXXXXXXXX\n', 0) ref= (b'XX\x0b\x0cXXXXXXXXXX\n', 0)
SAME [\v-\r][] ['s/[\\v-\\r]/X/g'] gnu= (b'\x07\tXXXAaz09 -\\n\n', 0) ref= (b'\x07\tXXXAaz09 -\\n\n', 0)
SAME N[\v-\r] ['N;s/[\\v-\\r]/X/g'] gnu= (b'a\nb\n', 0) ref= (b'a\nb\n', 0)
SAME [\v-\r]['-E'] ['-E', 's/[\\v-\\r]/X/g'] gnu= (b'\x07\tXXXAaz09 -\\n\n', 0) ref= (b'\x07\tXXXAaz09 -\\n\n', 0)
SAME [^\v-\r][] ['s/[^\\v-\\r]/X/g'] gnu= (b'XX\x0b\x0c\rXXXXXXXXX\n', 0) ref= (b'XX\x0b\x0c\rXXXXXXXXX\n', 0)
SAME [^\v-\r]['-E'] ['-E', 's/[^\\v-\\r]/X/g'] gnu= (b'XX\x0b\x0c\rXXXXXXXXX\n', 0) ref= (b'XX\x0b\x0c\rXXXXXXXXX\n', 0)
SAME [\v-a][] ['s/[\\v-a]/X/g'] gnu= (b'\x07\tXXXXXzXXXXXn\n', 0) ref= (b'\x07\tXXXXXzXXXXXn\n', 0)
SAME N[\v-a] ['N;s/[\\v-a]/X/g'] gnu= (b'X\nb\n', 0) ref= (b'X\nb\n', 0)
SAME [\v-a]['-E'] ['-E', 's/[\\v-a]/X/g'] gnu= (b'\x07\tXXXXXzXXXXXn\n', 0) ref= (b'\x07\tXXXXXzXXXXXn\n', 0)
SAME [^\v-a][] ['s/[^\\v-a]/X/g'] gnu= (b'XX\x0b\x0c\rAaX09 -\\X\n', 0) ref= (b'XX\x0b\x0c\rAaX09 -\\X\n', 0)
SAME [^\v-a]['-E'] ['-E', 's/[^\\v-a]/X/g'] gnu= (b'XX\x0b\x0c\rAaX09 -\\X\n', 0) ref= (b'XX\x0b\x0c\rAaX09 -\\X\n', 0)
SAME [\v-z][] ['s/[\\v-z]/X/g'] gnu= (b'\x07\tXXXXXXXXXXXX\n', 0) ref= (b'\x07\tXXXXXXXXXXXX\n', 0)
SAME N[\v-z] ['N;s/[\\v-z]/X/g'] gnu= (b'X\nX\n', 0) ref= (b'X\nX\n', 0)
SAME [\v-z]['-E'] ['-E', 's/[\\v-z]/X/g'] gnu= (b'\x07\tXXXXXXXXXXXX\n', 0) ref= (b'\x07\tXXXXXXXXXXXX\n', 0)
SAME [^\v-z][] ['s/[^\\v-z]/X/g'] gnu= (b'XX\x0b\x0c\rAaz09 -\\n\n', 0) ref= (b'XX\x0b\x0c\rAaz09 -\\n\n', 0)
SAME [^\v-z]['-E'] ['-E', 's/[^\\v-z]/X/g'] gnu= (b'XX\x0b\x0c\rAaz09 -\\n\n', 0) ref= (b'XX\x0b\x0c\rAaz09 -\\n\n', 0)
SAME [\v-A][] ['s/[\\v-A]/X/g'] gnu= (b'\x07\tXXXXazXXXX\\n\n', 0) ref= (b'\x07\tXXXXazXXXX\\n\n', 0)
SAME N[\v-A] ['N;s/[\\v-A]/X/g'] gnu= (b'a\nb\n', 0) ref= (b'a\nb\n', 0)
SAME [\v-A]['-E'] ['-E', 's/[\\v-A]/X/g'] gnu= (b'\x07\tXXXXazXXXX\\n\n', 0) ref= (b'\x07\tXXXXazXXXX\\n\n', 0)
SAME [^\v-A][] ['s/[^\\v-A]/X/g'] gnu= (b'XX\x0b\x0c\rAXX09 -XX\n', 0) ref= (b'XX\x0b\x0c\rAXX09 -XX\n', 0)
SAME [^\v-A]['-E'] ['-E', 's/[^\\v-A]/X/g'] gnu= (b'XX\x0b\x0c\rAXX09 -XX\n', 0) ref= (b'XX\x0b\x0c\rAXX09 -XX\n', 0)
SAME [\v-0][] ['s/[\\v-0]/X/g'] gnu= (b'\x07\tXXXAazX9XX\\n\n', 0) ref= (b'\x07\tXXXAazX9XX\\n\n', 0)
SAME N[\v-0] ['N;s/[\\v-0]/X/g'] gnu= (b'a\nb\n', 0) ref= (b'a\nb\n', 0)
SAME [\v-0]['-E'] ['-E', 's/[\\v-0]/X/g'] gnu= (b'\x07\tXXXAazX9XX\\n\n', 0) ref= (b'\x07\tXXXAazX9XX\\n\n', 0)
SAME [^\v-0][] ['s/[^\\v-0]/X/g'] gnu= (b'XX\x0b\x0c\rXXX0X -XX\n', 0) ref= (b'XX\x0b\x0c\rXXX0X -XX\n', 0)
SAME [^\v-0]['-E'] ['-E', 's/[^\\v-0]/X/g'] gnu= (b'XX\x0b\x0c\rXXX0X -XX\n', 0) ref= (b'XX\x0b\x0c\rXXX0X -XX\n', 0)
SAME [\v- ][] ['s/[\\v- ]/X/g'] gnu= (b'\x07\tXXXAaz09X-\\n\n', 0) ref= (b'\x07\tXXXAaz09X-\\n\n', 0)
SAME N[\v- ] ['N;s/[\\v- ]/X/g'] gnu= (b'a\nb\n', 0) ref= (b'a\nb\n', 0)
SAME [\v- ]['-E'] ['-E', 's/[\\v- ]/X/g'] gnu= (b'\x07\tXXXAaz09X-\\n\n', 0) ref= (b'\x07\tXXXAaz09X-\\n\n', 0)
SAME [^\v- ][] ['s/[^\\v- ]/X/g'] gnu= (b'XX\x0b\x0c\rXXXXX XXX\n', 0) ref= (b'XX\x0b\x0c\rXXXXX XXX\n', 0)
SAME [^\v- ]['-E'] ['-E', 's/[^\\v- ]/X/g'] gnu= (b'XX\x0b\x0c\rXXXXX XXX\n', 0) ref= (b'XX\x0b\x0c\rXXXXX XXX\n', 0)
SAME [\f-\f][] ['s/[\\f-\\f]/X/g'] gnu= (b'\x07\t\x0bX\rAaz09 -\\n\n', 0) ref= (b'\x07\t\x0bX\rAaz09 -\\n\n', 0)
SAME N[\f-\f] ['N;s/[\\f-\\f]/X/g'] gnu= (b'a\nb\n', 0) ref= (b'a\nb\n', 0)
SAME [\f-\f]['-E'] ['-E', 's/[\\f-\\f]/X/g'] gnu= (b'\x07\t\x0bX\rAaz09 -\\n\n', 0) ref= (b'\x07\t\x0bX\rAaz09 -\\n\n', 0)
SAME [^\f-\f][] ['s/[^\\f-\\f]/X/g'] gnu= (b'XXX\x0cXXXXXXXXXX\n', 0) ref= (b'XXX\x0cXXXXXXXXXX\n', 0)
SAME [^\f-\f]['-E'] ['-E', 's/[^\\f-\\f]/X/g'] gnu= (b'XXX\x0cXXXXXXXXXX\n', 0) ref= (b'XXX\x0cXXXXXXXXXX\n', 0)
SAME [\f-\r][] ['s/[\\f-\\r]/X/g'] gnu= (b'\x07\t\x0bXXAaz09 -\\n\n', 0) ref= (b'\x07\t\x0bXXAaz09 -\\n\n', 0)
SAME N[\f-\r] ['N;s/[\\f-\\r]/X/g'] gnu= (b'a\nb\n', 0) ref= (b'a\nb\n', 0)
SAME [\f-\r]['-E'] ['-E', 's/[\\f-\\r]/X/g'] gnu= (b'\x07\t\x0bXXAaz09 -\\n\n', 0) ref= (b'\x07\t\x0bXXAaz09 -\\n\n', 0)
SAME [^\f-\r][] ['s/[^\\f-\\r]/X/g'] gnu= (b'XXX\x0c\rXXXXXXXXX\n', 0) ref= (b'XXX\x0c\rXXXXXXXXX\n', 0)
SAME [^\f-\r]['-E'] ['-E', 's/[^\\f-\\r]/X/g'] gnu= (b'XXX\x0c\rXXXXXXXXX\n', 0) ref= (b'XXX\x0c\rXXXXXXXXX\n', 0)
SAME [\f-a][] ['s/[\\f-a]/X/g'] gnu= (b'\x07\t\x0bXXXXzXXXXXn\n', 0) ref= (b'\x07\t\x0bXXXXzXXXXXn\n', 0)
SAME N[\f-a] ['N;s/[\\f-a]/X/g'] gnu= (b'X\nb\n', 0) ref= (b'X\nb\n', 0)
SAME [\f-a]['-E'] ['-E', 's/[\\f-a]/X/g'] gnu= (b'\x07\t\x0bXXXXzXXXXXn\n', 0) ref= (b'\x07\t\x0bXXXXzXXXXXn\n', 0)
SAME [^\f-a][] ['s/[^\\f-a]/X/g'] gnu= (b'XXX\x0c\rAaX09 -\\X\n', 0) ref= (b'XXX\x0c\rAaX09 -\\X\n', 0)
SAME [^\f-a]['-E'] ['-E', 's/[^\\f-a]/X/g'] gnu= (b'XXX\x0c\rAaX09 -\\X\n', 0) ref= (b'XXX\x0c\rAaX09 -\\X\n', 0)
SAME [\f-z][] ['s/[\\f-z]/X/g'] gnu= (b'\x07\t\x0bXXXXXXXXXXX\n', 0) ref= (b'\x07\t\x0bXXXXXXXXXXX\n', 0)
SAME N[\f-z] ['N;s/[\\f-z]/X/g'] gnu= (b'X\nX\n', 0) ref= (b'X\nX\n', 0)
SAME [\f-z]['-E'] ['-E', 's/[\\f-z]/X/g'] gnu= (b'\x07\t\x0bXXXXXXXXXXX\n', 0) ref= (b'\x07\t\x0bXXXXXXXXXXX\n', 0)
SAME [^\f-z][] ['s/[^\\f-z]/X/g'] gnu= (b'XXX\x0c\rAaz09 -\\n\n', 0) ref= (b'XXX\x0c\rAaz09 -\\n\n', 0)
SAME [^\f-z]['-E'] ['-E', 's/[^\\f-z]/X/g'] gnu= (b'XXX\x0c\rAaz09 -\\n\n', 0) ref= (b'XXX\x0c\rAaz09 -\\n\n', 0)
SAME [\f-A][] ['s/[\\f-A]/X/g'] gnu= (b'\x07\t\x0bXXXazXXXX\\n\n', 0) ref= (b'\x07\t\x0bXXXazXXXX\\n\n', 0)
SAME N[\f-A] ['N;s/[\\f-A]/X/g'] gnu= (b'a\nb\n', 0) ref= (b'a\nb\n', 0)
SAME [\f-A]['-E'] ['-E', 's/[\\f-A]/X/g'] gnu= (b'\x07\t\x0bXXXazXXXX\\n\n', 0) ref= (b'\x07\t\x0bXXXazXXXX\\n\n', 0)
SAME [^\f-A][] ['s/[^\\f-A]/X/g'] gnu= (b'XXX\x0c\rAXX09 -XX\n', 0) ref= (b'XXX\x0c\rAXX09 -XX\n', 0)
SAME [^\f-A]['-E'] ['-E', 's/[^\\f-A]/X/g'] gnu= (b'XXX\x0c\rAXX09 -XX\n', 0) ref= (b'XXX\x0c\rAXX09 -XX\n', 0)
SAME [\f-0][] ['s/[\\f-0]/X/g'] gnu= (b'\x07\t\x0bXXAazX9XX\\n\n', 0) ref= (b'\x07\t\x0bXXAazX9XX\\n\n', 0)
SAME N[\f-0] ['N;s/[\\f-0]/X/g'] gnu= (b'a\nb\n', 0) ref= (b'a\nb\n', 0)
SAME [\f-0]['-E'] ['-E', 's/[\\f-0]/X/g'] gnu= (b'\x07\t\x0bXXAazX9XX\\n\n', 0) ref= (b'\x07\t\x0bXXAazX9XX\\n\n', 0)
SAME [^\f-0][] ['s/[^\\f-0]/X/g'] gnu= (b'XXX\x0c\rXXX0X -XX\n', 0) ref= (b'XXX\x0c\rXXX0X -XX\n', 0)
SAME [^\f-0]['-E'] ['-E', 's/[^\\f-0]/X/g'] gnu= (b'XXX\x0c\rXXX0X -XX\n', 0) ref= (b'XXX\x0c\rXXX0X -XX\n', 0)
SAME [\f- ][] ['s/[\\f- ]/X/g'] gnu= (b'\x07\t\x0bXXAaz09X-\\n\n', 0) ref= (b'\x07\t\x0bXXAaz09X-\\n\n', 0)
SAME N[\f- ] ['N;s/[\\f- ]/X/g'] gnu= (b'a\nb\n', 0) ref= (b'a\nb\n', 0)
SAME [\f- ]['-E'] ['-E', 's/[\\f- ]/X/g'] gnu= (b'\x07\t\x0bXXAaz09X-\\n\n', 0) ref= (b'\x07\t\x0bXXAaz09X-\\n\n', 0)
SAME [^\f- ][] ['s/[^\\f- ]/X/g'] gnu= (b'XXX\x0c\rXXXXX XXX\n', 0) ref= (b'XXX\x0c\rXXXXX XXX\n', 0)
SAME [^\f- ]['-E'] ['-E', 's/[^\\f- ]/X/g'] gnu= (b'XXX\x0c\rXXXXX XXX\n', 0) ref= (b'XXX\x0c\rXXXXX XXX\n', 0)
SAME [\r-\r][] ['s/[\\r-\\r]/X/g'] gnu= (b'\x07\t\x0b\x0cXAaz09 -\\n\n', 0) ref= (b'\x07\t\x0b\x0cXAaz09 -\\n\n', 0)
SAME N[\r-\r] ['N;s/[\\r-\\r]/X/g'] gnu= (b'a\nb\n', 0) ref= (b'a\nb\n', 0)
SAME [\r-\r]['-E'] ['-E', 's/[\\r-\\r]/X/g'] gnu= (b'\x07\t\x0b\x0cXAaz09 -\\n\n', 0) ref= (b'\x07\t\x0b\x0cXAaz09 -\\n\n', 0)
SAME [^\r-\r][] ['s/[^\\r-\\r]/X/g'] gnu= (b'XXXX\rXXXXXXXXX\n', 0) ref= (b'XXXX\rXXXXXXXXX\n', 0)
SAME [^\r-\r]['-E'] ['-E', 's/[^\\r-\\r]/X/g'] gnu= (b'XXXX\rXXXXXXXXX\n', 0) ref= (b'XXXX\rXXXXXXXXX\n', 0)
SAME [\r-a][] ['s/[\\r-a]/X/g'] gnu= (b'\x07\t\x0b\x0cXXXzXXXXXn\n', 0) ref= (b'\x07\t\x0b\x0cXXXzXXXXXn\n', 0)
SAME N[\r-a] ['N;s/[\\r-a]/X/g'] gnu= (b'X\nb\n', 0) ref= (b'X\nb\n', 0)
SAME [\r-a]['-E'] ['-E', 's/[\\r-a]/X/g'] gnu= (b'\x07\t\x0b\x0cXXXzXXXXXn\n', 0) ref= (b'\x07\t\x0b\x0cXXXzXXXXXn\n', 0)
SAME [^\r-a][] ['s/[^\\r-a]/X/g'] gnu= (b'XXXX\rAaX09 -\\X\n', 0) ref= (b'XXXX\rAaX09 -\\X\n', 0)
SAME [^\r-a]['-E'] ['-E', 's/[^\\r-a]/X/g'] gnu= (b'XXXX\rAaX09 -\\X\n', 0) ref= (b'XXXX\rAaX09 -\\X\n', 0)
SAME [\r-z][] ['s/[\\r-z]/X/g'] gnu= (b'\x07\t\x0b\x0cXXXXXXXXXX\n', 0) ref= (b'\x07\t\x0b\x0cXXXXXXXXXX\n', 0)
SAME N[\r-z] ['N;s/[\\r-z]/X/g'] gnu= (b'X\nX\n', 0) ref= (b'X\nX\n', 0)
SAME [\r-z]['-E'] ['-E', 's/[\\r-z]/X/g'] gnu= (b'\x07\t\x0b\x0cXXXXXXXXXX\n', 0) ref= (b'\x07\t\x0b\x0cXXXXXXXXXX\n', 0)
SAME [^\r-z][] ['s/[^\\r-z]/X/g'] gnu= (b'XXXX\rAaz09 -\\n\n', 0) ref= (b'XXXX\rAaz09 -\\n\n', 0)
SAME [^\r-z]['-E'] ['-E', 's/[^\\r-z]/X/g'] gnu= (b'XXXX\rAaz09 -\\n\n', 0) ref= (b'XXXX\rAaz09 -\\n\n', 0)
SAME [\r-A][] ['s/[\\r-A]/X/g'] gnu= (b'\x07\t\x0b\x0cXXazXXXX\\n\n', 0) ref= (b'\x07\t\x0b\x0cXXazXXXX\\n\n', 0)
SAME N[\r-A] ['N;s/[\\r-A]/X/g'] gnu= (b'a\nb\n', 0) ref= (b'a\nb\n', 0)
SAME [\r-A]['-E'] ['-E', 's/[\\r-A]/X/g'] gnu= (b'\x07\t\x0b\x0cXXazXXXX\\n\n', 0) ref= (b'\x07\t\x0b\x0cXXazXXXX\\n\n', 0)
SAME [^\r-A][] ['s/[^\\r-A]/X/g'] gnu= (b'XXXX\rAXX09 -XX\n', 0) ref= (b'XXXX\rAXX09 -XX\n', 0)
SAME [^\r-A]['-E'] ['-E', 's/[^\\r-A]/X/g'] gnu= (b'XXXX\rAXX09 -XX\n', 0) ref= (b'XXXX\rAXX09 -XX\n', 0)
SAME [\r-0][] ['s/[\\r-0]/X/g'] gnu= (b'\x07\t\x0b\x0cXAazX9XX\\n\n', 0) ref= (b'\x07\t\x0b\x0cXAazX9XX\\n\n', 0)
SAME N[\r-0] ['N;s/[\\r-0]/X/g'] gnu= (b'a\nb\n', 0) ref= (b'a\nb\n', 0)
SAME [\r-0]['-E'] ['-E', 's/[\\r-0]/X/g'] gnu= (b'\x07\t\x0b\x0cXAazX9XX\\n\n', 0) ref= (b'\x07\t\x0b\x0cXAazX9XX\\n\n', 0)
SAME [^\r-0][] ['s/[^\\r-0]/X/g'] gnu= (b'XXXX\rXXX0X -XX\n', 0) ref= (b'XXXX\rXXX0X -XX\n', 0)
SAME [^\r-0]['-E'] ['-E', 's/[^\\r-0]/X/g'] gnu= (b'XXXX\rXXX0X -XX\n', 0) ref= (b'XXXX\rXXX0X -XX\n', 0)
SAME [\r- ][] ['s/[\\r- ]/X/g'] gnu= (b'\x07\t\x0b\x0cXAaz09X-\\n\n', 0) ref= (b'\x07\t\x0b\x0cXAaz09X-\\n\n', 0)
SAME N[\r- ] ['N;s/[\\r- ]/X/g'] gnu= (b'a\nb\n', 0) ref= (b'a\nb\n', 0)
SAME [\r- ]['-E'] ['-E', 's/[\\r- ]/X/g'] gnu= (b'\x07\t\x0b\x0cXAaz09X-\\n\n', 0) ref= (b'\x07\t\x0b\x0cXAaz09X-\\n\n', 0)
SAME [^\r- ][] ['s/[^\\r- ]/X/g'] gnu= (b'XXXX\rXXXXX XXX\n', 0) ref= (b'XXXX\rXXXXX XXX\n', 0)
SAME [^\r- ]['-E'] ['-E', 's/[^\\r- ]/X/g'] gnu= (b'XXXX\rXXXXX XXX\n', 0) ref= (b'XXXX\rXXXXX XXX\n', 0)
SAME [a-a][] ['s/[a-a]/X/g'] gnu= (b'\x07\t\x0b\x0c\rAXz09 -\\n\n', 0) ref= (b'\x07\t\x0b\x0c\rAXz09 -\\n\n', 0)
SAME N[a-a] ['N;s/[a-a]/X/g'] gnu= (b'X\nb\n', 0) ref= (b'X\nb\n', 0)
SAME [a-a]['-E'] ['-E', 's/[a-a]/X/g'] gnu= (b'\x07\t\x0b\x0c\rAXz09 -\\n\n', 0) ref= (b'\x07\t\x0b\x0c\rAXz09 -\\n\n', 0)
SAME [^a-a][] ['s/[^a-a]/X/g'] gnu= (b'XXXXXXaXXXXXXX\n', 0) ref= (b'XXXXXXaXXXXXXX\n', 0)
SAME [^a-a]['-E'] ['-E', 's/[^a-a]/X/g'] gnu= (b'XXXXXXaXXXXXXX\n', 0) ref= (b'XXXXXXaXXXXXXX\n', 0)
SAME [a-z][] ['s/[a-z]/X/g'] gnu= (b'\x07\t\x0b\x0c\rAXX09 -\\X\n', 0) ref= (b'\x07\t\x0b\x0c\rAXX09 -\\X\n', 0)
SAME N[a-z] ['N;s/[a-z]/X/g'] gnu= (b'X\nX\n', 0) ref= (b'X\nX\n', 0)
SAME [a-z]['-E'] ['-E', 's/[a-z]/X/g'] gnu= (b'\x07\t\x0b\x0c\rAXX09 -\\X\n', 0) ref= (b'\x07\t\x0b\x0c\rAXX09 -\\X\n', 0)
SAME [^a-z][] ['s/[^a-z]/X/g'] gnu= (b'XXXXXXazXXXXXn\n', 0) ref= (b'XXXXXXazXXXXXn\n', 0)
SAME [^a-z]['-E'] ['-E', 's/[^a-z]/X/g'] gnu= (b'XXXXXXazXXXXXn\n', 0) ref= (b'XXXXXXazXXXXXn\n', 0)
SAME [z-z][] ['s/[z-z]/X/g'] gnu= (b'\x07\t\x0b\x0c\rAaX09 -\\n\n', 0) ref= (b'\x07\t\x0b\x0c\rAaX09 -\\n\n', 0)
SAME N[z-z] ['N;s/[z-z]/X/g'] gnu= (b'a\nb\n', 0) ref= (b'a\nb\n', 0)
SAME [z-z]['-E'] ['-E', 's/[z-z]/X/g'] gnu= (b'\x07\t\x0b\x0c\rAaX09 -\\n\n', 0) ref= (b'\x07\t\x0b\x0c\rAaX09 -\\n\n', 0)
SAME [^z-z][] ['s/[^z-z]/X/g'] gnu= (b'XXXXXXXzXXXXXX\n', 0) ref= (b'XXXXXXXzXXXXXX\n', 0)
SAME [^z-z]['-E'] ['-E', 's/[^z-z]/X/g'] gnu= (b'XXXXXXXzXXXXXX\n', 0) ref= (b'XXXXXXXzXXXXXX\n', 0)
SAME [A-a][] ['s/[A-a]/X/g'] gnu= (b'\x07\t\x0b\x0c\rXXz09 -Xn\n', 0) ref= (b'\x07\t\x0b\x0c\rXXz09 -Xn\n', 0)
SAME N[A-a] ['N;s/[A-a]/X/g'] gnu= (b'X\nb\n', 0) ref= (b'X\nb\n', 0)
SAME [A-a]['-E'] ['-E', 's/[A-a]/X/g'] gnu= (b'\x07\t\x0b\x0c\rXXz09 -Xn\n', 0) ref= (b'\x07\t\x0b\x0c\rXXz09 -Xn\n', 0)
SAME [^A-a][] ['s/[^A-a]/X/g'] gnu= (b'XXXXXAaXXXXX\\X\n', 0) ref= (b'XXXXXAaXXXXX\\X\n', 0)
SAME [^A-a]['-E'] ['-E', 's/[^A-a]/X/g'] gnu= (b'XXXXXAaXXXXX\\X\n', 0) ref= (b'XXXXXAaXXXXX\\X\n', 0)
SAME [A-z][] ['s/[A-z]/X/g'] gnu= (b'\x07\t\x0b\x0c\rXXX09 -XX\n', 0) ref= (b'\x07\t\x0b\x0c\rXXX09 -XX\n', 0)
SAME N[A-z] ['N;s/[A-z]/X/g'] gnu= (b'X\nX\n', 0) ref= (b'X\nX\n', 0)
SAME [A-z]['-E'] ['-E', 's/[A-z]/X/g'] gnu= (b'\x07\t\x0b\x0c\rXXX09 -XX\n', 0) ref= (b'\x07\t\x0b\x0c\rXXX09 -XX\n', 0)
SAME [^A-z][] ['s/[^A-z]/X/g'] gnu= (b'XXXXXAazXXXX\\n\n', 0) ref= (b'XXXXXAazXXXX\\n\n', 0)
SAME [^A-z]['-E'] ['-E', 's/[^A-z]/X/g'] gnu= (b'XXXXXAazXXXX\\n\n', 0) ref= (b'XXXXXAazXXXX\\n\n', 0)
SAME [A-A][] ['s/[A-A]/X/g'] gnu= (b'\x07\t\x0b\x0c\rXaz09 -\\n\n', 0) ref= (b'\x07\t\x0b\x0c\rXaz09 -\\n\n', 0)
SAME N[A-A] ['N;s/[A-A]/X/g'] gnu= (b'a\nb\n', 0) ref= (b'a\nb\n', 0)
SAME [A-A]['-E'] ['-E', 's/[A-A]/X/g'] gnu= (b'\x07\t\x0b\x0c\rXaz09 -\\n\n', 0) ref= (b'\x07\t\x0b\x0c\rXaz09 -\\n\n', 0)
SAME [^A-A][] ['s/[^A-A]/X/g'] gnu= (b'XXXXXAXXXXXXXX\n', 0) ref= (b'XXXXXAXXXXXXXX\n', 0)
SAME [^A-A]['-E'] ['-E', 's/[^A-A]/X/g'] gnu= (b'XXXXXAXXXXXXXX\n', 0) ref= (b'XXXXXAXXXXXXXX\n', 0)
SAME [0-a][] ['s/[0-a]/X/g'] gnu= (b'\x07\t\x0b\x0c\rXXzXX -Xn\n', 0) ref= (b'\x07\t\x0b\x0c\rXXzXX -Xn\n', 0)
SAME N[0-a] ['N;s/[0-a]/X/g'] gnu= (b'X\nb\n', 0) ref= (b'X\nb\n', 0)
SAME [0-a]['-E'] ['-E', 's/[0-a]/X/g'] gnu= (b'\x07\t\x0b\x0c\rXXzXX -Xn\n', 0) ref= (b'\x07\t\x0b\x0c\rXXzXX -Xn\n', 0)
SAME [^0-a][] ['s/[^0-a]/X/g'] gnu= (b'XXXXXAaX09XX\\X\n', 0) ref= (b'XXXXXAaX09XX\\X\n', 0)
SAME [^0-a]['-E'] ['-E', 's/[^0-a]/X/g'] gnu= (b'XXXXXAaX09XX\\X\n', 0) ref= (b'XXXXXAaX09XX\\X\n', 0)
SAME [0-z][] ['s/[0-z]/X/g'] gnu= (b'\x07\t\x0b\x0c\rXXXXX -XX\n', 0) ref= (b'\x07\t\x0b\x0c\rXXXXX -XX\n', 0)
SAME N[0-z] ['N;s/[0-z]/X/g'] gnu= (b'X\nX\n', 0) ref= (b'X\nX\n', 0)
SAME [0-z]['-E'] ['-E', 's/[0-z]/X/g'] gnu= (b'\x07\t\x0b\x0c\rXXXXX -XX\n', 0) ref= (b'\x07\t\x0b\x0c\rXXXXX -XX\n', 0)
SAME [^0-z][] ['s/[^0-z]/X/g'] gnu= (b'XXXXXAaz09XX\\n\n', 0) ref= (b'XXXXXAaz09XX\\n\n', 0)
SAME [^0-z]['-E'] ['-E', 's/[^0-z]/X/g'] gnu= (b'XXXXXAaz09XX\\n\n', 0) ref= (b'XXXXXAaz09XX\\n\n', 0)
SAME [0-A][] ['s/[0-A]/X/g'] gnu= (b'\x07\t\x0b\x0c\rXazXX -\\n\n', 0) ref= (b'\x07\t\x0b\x0c\rXazXX -\\n\n', 0)
SAME N[0-A] ['N;s/[0-A]/X/g'] gnu= (b'a\nb\n', 0) ref= (b'a\nb\n', 0)
SAME [0-A]['-E'] ['-E', 's/[0-A]/X/g'] gnu= (b'\x07\t\x0b\x0c\rXazXX -\\n\n', 0) ref= (b'\x07\t\x0b\x0c\rXazXX -\\n\n', 0)
SAME [^0-A][] ['s/[^0-A]/X/g'] gnu= (b'XXXXXAXX09XXXX\n', 0) ref= (b'XXXXXAXX09XXXX\n', 0)
SAME [^0-A]['-E'] ['-E', 's/[^0-A]/X/g'] gnu= (b'XXXXXAXX09XXXX\n', 0) ref= (b'XXXXXAXX09XXXX\n', 0)
SAME [0-0][] ['s/[0-0]/X/g'] gnu= (b'\x07\t\x0b\x0c\rAazX9 -\\n\n', 0) ref= (b'\x07\t\x0b\x0c\rAazX9 -\\n\n', 0)
SAME N[0-0] ['N;s/[0-0]/X/g'] gnu= (b'a\nb\n', 0) ref= (b'a\nb\n', 0)
SAME [0-0]['-E'] ['-E', 's/[0-0]/X/g'] gnu= (b'\x07\t\x0b\x0c\rAazX9 -\\n\n', 0) ref= (b'\x07\t\x0b\x0c\rAazX9 -\\n\n', 0)
SAME [^0-0][] ['s/[^0-0]/X/g'] gnu= (b'XXXXXXXX0XXXXX\n', 0) ref= (b'XXXXXXXX0XXXXX\n', 0)
SAME [^0-0]['-E'] ['-E', 's/[^0-0]/X/g'] gnu= (b'XXXXXXXX0XXXXX\n', 0) ref= (b'XXXXXXXX0XXXXX\n', 0)
SAME [ -a][] ['s/[ -a]/X/g'] gnu= (b'\x07\t\x0b\x0c\rXXzXXXXXn\n', 0) ref= (b'\x07\t\x0b\x0c\rXXzXXXXXn\n', 0)
SAME N[ -a] ['N;s/[ -a]/X/g'] gnu= (b'X\nb\n', 0) ref= (b'X\nb\n', 0)
SAME [ -a]['-E'] ['-E', 's/[ -a]/X/g'] gnu= (b'\x07\t\x0b\x0c\rXXzXXXXXn\n', 0) ref= (b'\x07\t\x0b\x0c\rXXzXXXXXn\n', 0)
SAME [^ -a][] ['s/[^ -a]/X/g'] gnu= (b'XXXXXAaX09 -\\X\n', 0) ref= (b'XXXXXAaX09 -\\X\n', 0)
SAME [^ -a]['-E'] ['-E', 's/[^ -a]/X/g'] gnu= (b'XXXXXAaX09 -\\X\n', 0) ref= (b'XXXXXAaX09 -\\X\n', 0)
SAME [ -z][] ['s/[ -z]/X/g'] gnu= (b'\x07\t\x0b\x0c\rXXXXXXXXX\n', 0) ref= (b'\x07\t\x0b\x0c\rXXXXXXXXX\n', 0)
SAME N[ -z] ['N;s/[ -z]/X/g'] gnu= (b'X\nX\n', 0) ref= (b'X\nX\n', 0)
SAME [ -z]['-E'] ['-E', 's/[ -z]/X/g'] gnu= (b'\x07\t\x0b\x0c\rXXXXXXXXX\n', 0) ref= (b'\x07\t\x0b\x0c\rXXXXXXXXX\n', 0)
SAME [^ -z][] ['s/[^ -z]/X/g'] gnu= (b'XXXXXAaz09 -\\n\n', 0) ref= (b'XXXXXAaz09 -\\n\n', 0)
SAME [^ -z]['-E'] ['-E', 's/[^ -z]/X/g'] gnu= (b'XXXXXAaz09 -\\n\n', 0) ref= (b'XXXXXAaz09 -\\n\n', 0)
SAME [ -A][] ['s/[ -A]/X/g'] gnu= (b'\x07\t\x0b\x0c\rXazXXXX\\n\n', 0) ref= (b'\x07\t\x0b\x0c\rXazXXXX\\n\n', 0)
SAME N[ -A] ['N;s/[ -A]/X/g'] gnu= (b'a\nb\n', 0) ref= (b'a\nb\n', 0)
SAME [ -A]['-E'] ['-E', 's/[ -A]/X/g'] gnu= (b'\x07\t\x0b\x0c\rXazXXXX\\n\n', 0) ref= (b'\x07\t\x0b\x0c\rXazXXXX\\n\n', 0)
SAME [^ -A][] ['s/[^ -A]/X/g'] gnu= (b'XXXXXAXX09 -XX\n', 0) ref= (b'XXXXXAXX09 -XX\n', 0)
SAME [^ -A]['-E'] ['-E', 's/[^ -A]/X/g'] gnu= (b'XXXXXAXX09 -XX\n', 0) ref= (b'XXXXXAXX09 -XX\n', 0)
SAME [ -0][] ['s/[ -0]/X/g'] gnu= (b'\x07\t\x0b\x0c\rAazX9XX\\n\n', 0) ref= (b'\x07\t\x0b\x0c\rAazX9XX\\n\n', 0)
SAME N[ -0] ['N;s/[ -0]/X/g'] gnu= (b'a\nb\n', 0) ref= (b'a\nb\n', 0)
SAME [ -0]['-E'] ['-E', 's/[ -0]/X/g'] gnu= (b'\x07\t\x0b\x0c\rAazX9XX\\n\n', 0) ref= (b'\x07\t\x0b\x0c\rAazX9XX\\n\n', 0)
SAME [^ -0][] ['s/[^ -0]/X/g'] gnu= (b'XXXXXXXX0X -XX\n', 0) ref= (b'XXXXXXXX0X -XX\n', 0)
SAME [^ -0]['-E'] ['-E', 's/[^ -0]/X/g'] gnu= (b'XXXXXXXX0X -XX\n', 0) ref= (b'XXXXXXXX0X -XX\n', 0)
SAME [ - ][] ['s/[ - ]/X/g'] gnu= (b'\x07\t\x0b\x0c\rAaz09X-\\n\n', 0) ref= (b'\x07\t\x0b\x0c\rAaz09X-\\n\n', 0)
SAME N[ - ] ['N;s/[ - ]/X/g'] gnu= (b'a\nb\n', 0) ref= (b'a\nb\n', 0)
SAME [ - ]['-E'] ['-E', 's/[ - ]/X/g'] gnu= (b'\x07\t\x0b\x0c\rAaz09X-\\n\n', 0) ref= (b'\x07\t\x0b\x0c\rAaz09X-\\n\n', 0)
SAME [^ - ][] ['s/[^ - ]/X/g'] gnu= (b'XXXXXXXXXX XXX\n', 0) ref= (b'XXXXXXXXXX XXX\n', 0)
SAME [^ - ]['-E'] ['-E', 's/[^ - ]/X/g'] gnu= (b'XXXXXXXXXX XXX\n', 0) ref= (b'XXXXXXXXXX XXX\n', 0)
SAME [\a] ['s/[\\a]/X/g'] gnu= (b'X\t\x0b\x0c\rAaz09 -\\n\n', 0) ref= (b'X\t\x0b\x0c\rAaz09 -\\n\n', 0)
SAME [a\ab] ['s/[a\\ab]/X/g'] gnu= (b'X\t\x0b\x0c\rAXz09 -\\n\n', 0) ref= (b'X\t\x0b\x0c\rAXz09 -\\n\n', 0)
SAME [\t] ['s/[\\t]/X/g'] gnu= (b'\x07X\x0b\x0c\rAaz09 -\\n\n', 0) ref= (b'\x07X\x0b\x0c\rAaz09 -\\n\n', 0)
SAME [a\tb] ['s/[a\\tb]/X/g'] gnu= (b'\x07X\x0b\x0c\rAXz09 -\\n\n', 0) ref= (b'\x07X\x0b\x0c\rAXz09 -\\n\n', 0)
SAME [\n] ['s/[\\n]/X/g'] gnu= (b'\x07\t\x0b\x0c\rAaz09 -\\n\n', 0) ref= (b'\x07\t\x0b\x0c\rAaz09 -\\n\n', 0)
SAME [a\nb] ['s/[a\\nb]/X/g'] gnu= (b'\x07\t\x0b\x0c\rAXz09 -\\n\n', 0) ref= (b'\x07\t\x0b\x0c\rAXz09 -\\n\n', 0)
SAME [\v] ['s/[\\v]/X/g'] gnu= (b'\x07\tX\x0c\rAaz09 -\\n\n', 0) ref= (b'\x07\tX\x0c\rAaz09 -\\n\n', 0)
SAME [a\vb] ['s/[a\\vb]/X/g'] gnu= (b'\x07\tX\x0c\rAXz09 -\\n\n', 0) ref= (b'\x07\tX\x0c\rAXz09 -\\n\n', 0)
SAME [\f] ['s/[\\f]/X/g'] gnu= (b'\x07\t\x0bX\rAaz09 -\\n\n', 0) ref= (b'\x07\t\x0bX\rAaz09 -\\n\n', 0)
SAME [a\fb] ['s/[a\\fb]/X/g'] gnu= (b'\x07\t\x0bX\rAXz09 -\\n\n', 0) ref= (b'\x07\t\x0bX\rAXz09 -\\n\n', 0)
SAME [\r] ['s/[\\r]/X/g'] gnu= (b'\x07\t\x0b\x0cXAaz09 -\\n\n', 0) ref= (b'\x07\t\x0b\x0cXAaz09 -\\n\n', 0)
SAME [a\rb] ['s/[a\\rb]/X/g'] gnu= (b'\x07\t\x0b\x0cXAXz09 -\\n\n', 0) ref= (b'\x07\t\x0b\x0cXAXz09 -\\n\n', 0)
SAME [a] ['s/[a]/X/g'] gnu= (b'\x07\t\x0b\x0c\rAXz09 -\\n\n', 0) ref= (b'\x07\t\x0b\x0c\rAXz09 -\\n\n', 0)
SAME [aab] ['s/[aab]/X/g'] gnu= (b'\x07\t\x0b\x0c\rAXz09 -\\n\n', 0) ref= (b'\x07\t\x0b\x0c\rAXz09 -\\n\n', 0)
SAME [\\] ['s/[\\\\]/X/g'] gnu= (b'\x07\t\x0b\x0c\rAaz09 -Xn\n', 0) ref= (b'\x07\t\x0b\x0c\rAaz09 -Xn\n', 0)
SAME [a\\b] ['s/[a\\\\b]/X/g'] gnu= (b'\x07\t\x0b\x0c\rAXz09 -Xn\n', 0) ref= (b'\x07\t\x0b\x0c\rAXz09 -Xn\n', 0)
SAME []] ['s/[]]/X/g'] gnu= (b'\x07\t\x0b\x0c\rAaz09 -\\n\n', 0) ref= (b'\x07\t\x0b\x0c\rAaz09 -\\n\n', 0)
SAME [a]b] ['s/[a]b]/X/g'] gnu= (b'\x07\t\x0b\x0c\rAaz09 -\\n\n', 0) ref= (b'\x07\t\x0b\x0c\rAaz09 -\\n\n', 0)
