============================= test session starts ==============================
platform linux -- Python 3.13.12, pytest-9.1.1, pluggy-1.6.0
rootdir: /tests
plugins: json-ctrf-0.5.2
collected 25 items

../../tests/test_outputs.py FF.FF......F........FFFF.                    [100%]

=================================== FAILURES ===================================
_____________________ test_substitution_and_regex_escapes ______________________

    def test_substitution_and_regex_escapes():
>       check("substitution_and_regex_escapes")

/tests/test_outputs.py:138: 
_ _ _ _ _ _ _ _ _ _ _ _ _ _ _ _ _ _ _ _ _ _ _ _ _ _ _ _ _ _ _ _ _ _ _ _ _ _ _ _ 

family = 'substitution_and_regex_escapes'

    def check(family):
        cases = [c for c in CASES if c["family"] == family]
        assert cases, f"no cases for {family}"
        failures = []
        for case in cases:
            path = workdir(case)
            try:
                want = run([GNU_SED], case, path)
                got = run(DEMOTE + CANDIDATE, case, path)
            finally:
                shutil.rmtree(path, ignore_errors=True)
            if got != want:
                failures.append((case, want, got))
        if failures:
            case, want, got = failures[0]
            files = [name for name, _text in case.get("files", [])]
            detail = (f"{len(failures)} of {len(cases)} cases differ; first: sed {arguments(case)!r} "
                      f"with files {files} on stdin {case['input'][:60]!r}: expected {want[0]!r} "
                      f"(status {want[1]}), got {got[0]!r} (status {got[1]})")
>           raise AssertionError(detail)
E           AssertionError: 7 of 125 cases differ; first: sed ['-e', 's/b*/-/2'] with files [] on stdin 'abc\n': expected b'a-c\n' (status 0), got b'a-bc\n' (status 0)

/tests/test_outputs.py:134: AssertionError
________________________ test_leftmost_longest_matching ________________________

    def test_leftmost_longest_matching():
>       check("leftmost_longest")

/tests/test_outputs.py:142: 
_ _ _ _ _ _ _ _ _ _ _ _ _ _ _ _ _ _ _ _ _ _ _ _ _ _ _ _ _ _ _ _ _ _ _ _ _ _ _ _ 

family = 'leftmost_longest'

    def check(family):
        cases = [c for c in CASES if c["family"] == family]
        assert cases, f"no cases for {family}"
        failures = []
        for case in cases:
            path = workdir(case)
            try:
                want = run([GNU_SED], case, path)
                got = run(DEMOTE + CANDIDATE, case, path)
            finally:
                shutil.rmtree(path, ignore_errors=True)
            if got != want:
                failures.append((case, want, got))
        if failures:
            case, want, got = failures[0]
            files = [name for name, _text in case.get("files", [])]
            detail = (f"{len(failures)} of {len(cases)} cases differ; first: sed {arguments(case)!r} "
                      f"with files {files} on stdin {case['input'][:60]!r}: expected {want[0]!r} "
                      f"(status {want[1]}), got {got[0]!r} (status {got[1]})")
>           raise AssertionError(detail)
E           AssertionError: 8 of 14 cases differ; first: sed ['-E', '-e', 's/a|ab/X/'] with files [] on stdin 'abcd\n': expected b'Xcd\n' (status 0), got b'Xbcd\n' (status 0)

/tests/test_outputs.py:134: AssertionError
___________________________ test_bracket_expressions ___________________________

    def test_bracket_expressions():
>       check("bracket_expressions")

/tests/test_outputs.py:150: 
_ _ _ _ _ _ _ _ _ _ _ _ _ _ _ _ _ _ _ _ _ _ _ _ _ _ _ _ _ _ _ _ _ _ _ _ _ _ _ _ 

family = 'bracket_expressions'

    def check(family):
        cases = [c for c in CASES if c["family"] == family]
        assert cases, f"no cases for {family}"
        failures = []
        for case in cases:
            path = workdir(case)
            try:
                want = run([GNU_SED], case, path)
                got = run(DEMOTE + CANDIDATE, case, path)
            finally:
                shutil.rmtree(path, ignore_errors=True)
            if got != want:
                failures.append((case, want, got))
        if failures:
            case, want, got = failures[0]
            files = [name for name, _text in case.get("files", [])]
            detail = (f"{len(failures)} of {len(cases)} cases differ; first: sed {arguments(case)!r} "
                      f"with files {files} on stdin {case['input'][:60]!r}: expected {want[0]!r} "
                      f"(status {want[1]}), got {got[0]!r} (status {got[1]})")
>           raise AssertionError(detail)
E           AssertionError: 1 of 48 cases differ; first: sed ['-e', 's/.*/[&]/'] with files [] on stdin 'alpha beta gamma\nabc abcd ab\nfoo=1;bar=22;baz=333\n  indented': expected b'[alpha beta gamma]\n[abc abcd ab]\n[foo=1;bar=22;baz=333]\n[  indented line]\n[UPPER lower MiXeD]\n[]\n[last line here]\n' (status 0), got b'[]alpha beta gamma\n[]abc abcd ab\n[]foo=1;bar=22;baz=333\n[]  indented line\n[]UPPER lower MiXeD\n[]\n[]last line here\n' (status 0)

/tests/test_outputs.py:134: AssertionError
_____________________________ test_case_conversion _____________________________

    def test_case_conversion():
>       check("case_conversion")

/tests/test_outputs.py:154: 
_ _ _ _ _ _ _ _ _ _ _ _ _ _ _ _ _ _ _ _ _ _ _ _ _ _ _ _ _ _ _ _ _ _ _ _ _ _ _ _ 

family = 'case_conversion'

    def check(family):
        cases = [c for c in CASES if c["family"] == family]
        assert cases, f"no cases for {family}"
        failures = []
        for case in cases:
            path = workdir(case)
            try:
                want = run([GNU_SED], case, path)
                got = run(DEMOTE + CANDIDATE, case, path)
            finally:
                shutil.rmtree(path, ignore_errors=True)
            if got != want:
                failures.append((case, want, got))
        if failures:
            case, want, got = failures[0]
            files = [name for name, _text in case.get("files", [])]
            detail = (f"{len(failures)} of {len(cases)} cases differ; first: sed {arguments(case)!r} "
                      f"with files {files} on stdin {case['input'][:60]!r}: expected {want[0]!r} "
                      f"(status {want[1]}), got {got[0]!r} (status {got[1]})")
>           raise AssertionError(detail)
E           AssertionError: 8 of 19 cases differ; first: sed ['-e', 's/\\(\\w\\)\\(\\w*\\)/\\u\\1\\L\\2/g'] with files [] on stdin 'alpha beta gamma\nabc abcd ab\nfoo=1;bar=22;baz=333\n  indented': expected b'Alpha Beta Gamma\nAbc Abcd Ab\nFoo=1;Bar=22;Baz=333\n  Indented Line\nUpper Lower Mixed\n\nLast Line Here\n' (status 0), got b'ALPHA BETA GAMMA\nABC ABCD AB\nFOO=1;BAR=22;BAZ=333\n  INDENTED LINE\nUPPER LOWER MIXED\n\nLAST LINE HERE\n' (status 0)

/tests/test_outputs.py:134: AssertionError
___________________________ test_multiline_commands ____________________________

    def test_multiline_commands():
>       check("multiline_commands")

/tests/test_outputs.py:182: 
_ _ _ _ _ _ _ _ _ _ _ _ _ _ _ _ _ _ _ _ _ _ _ _ _ _ _ _ _ _ _ _ _ _ _ _ _ _ _ _ 

family = 'multiline_commands'

    def check(family):
        cases = [c for c in CASES if c["family"] == family]
        assert cases, f"no cases for {family}"
        failures = []
        for case in cases:
            path = workdir(case)
            try:
                want = run([GNU_SED], case, path)
                got = run(DEMOTE + CANDIDATE, case, path)
            finally:
                shutil.rmtree(path, ignore_errors=True)
            if got != want:
                failures.append((case, want, got))
        if failures:
            case, want, got = failures[0]
            files = [name for name, _text in case.get("files", [])]
            detail = (f"{len(failures)} of {len(cases)} cases differ; first: sed {arguments(case)!r} "
                      f"with files {files} on stdin {case['input'][:60]!r}: expected {want[0]!r} "
                      f"(status {want[1]}), got {got[0]!r} (status {got[1]})")
>           raise AssertionError(detail)
E           AssertionError: 1 of 47 cases differ; first: sed ['-e', 'N;N;s/o.*e/X/'] with files [] on stdin 'one\ntwo\nthree\nfour\nfive\nsix\nseven\neight\nnine\nten\n': expected b'X\nfX\nsix\nseven\neight\nnine\nten\n' (status 0), got b'X\ntwo\nthree\nfX\nsix\nseven\neight\nnine\nten\n' (status 0)

/tests/test_outputs.py:134: AssertionError
_____________________________ test_mixed_scripts_1 _____________________________

    def test_mixed_scripts_1():
>       check("mixed_scripts_1")

/tests/test_outputs.py:218: 
_ _ _ _ _ _ _ _ _ _ _ _ _ _ _ _ _ _ _ _ _ _ _ _ _ _ _ _ _ _ _ _ _ _ _ _ _ _ _ _ 

family = 'mixed_scripts_1'

    def check(family):
        cases = [c for c in CASES if c["family"] == family]
        assert cases, f"no cases for {family}"
        failures = []
        for case in cases:
            path = workdir(case)
            try:
                want = run([GNU_SED], case, path)
                got = run(DEMOTE + CANDIDATE, case, path)
            finally:
                shutil.rmtree(path, ignore_errors=True)
            if got != want:
                failures.append((case, want, got))
        if failures:
            case, want, got = failures[0]
            files = [name for name, _text in case.get("files", [])]
            detail = (f"{len(failures)} of {len(cases)} cases differ; first: sed {arguments(case)!r} "
                      f"with files {files} on stdin {case['input'][:60]!r}: expected {want[0]!r} "
                      f"(status {want[1]}), got {got[0]!r} (status {got[1]})")
>           raise AssertionError(detail)
E           AssertionError: 5 of 147 cases differ; first: sed ['-e', 's/[]a-c]\\+/\\U&/3'] with files [] on stdin 'aaa bbb aaa\nabab abba\nbaaab\nqq\n': expected b'aaa bbb AAA\nabab abba\nbaaab\nqq\n' (status 0), got b'aaA bbb aaa\nabAb abba\nbaAab\nqq\n' (status 0)

/tests/test_outputs.py:134: AssertionError
_____________________________ test_mixed_scripts_2 _____________________________

    def test_mixed_scripts_2():
>       check("mixed_scripts_2")

/tests/test_outputs.py:222: 
_ _ _ _ _ _ _ _ _ _ _ _ _ _ _ _ _ _ _ _ _ _ _ _ _ _ _ _ _ _ _ _ _ _ _ _ _ _ _ _ 

family = 'mixed_scripts_2'

    def check(family):
        cases = [c for c in CASES if c["family"] == family]
        assert cases, f"no cases for {family}"
        failures = []
        for case in cases:
            path = workdir(case)
            try:
                want = run([GNU_SED], case, path)
                got = run(DEMOTE + CANDIDATE, case, path)
            finally:
                shutil.rmtree(path, ignore_errors=True)
            if got != want:
                failures.append((case, want, got))
        if failures:
            case, want, got = failures[0]
            files = [name for name, _text in case.get("files", [])]
            detail = (f"{len(failures)} of {len(cases)} cases differ; first: sed {arguments(case)!r} "
                      f"with files {files} on stdin {case['input'][:60]!r}: expected {want[0]!r} "
                      f"(status {want[1]}), got {got[0]!r} (status {got[1]})")
>           raise AssertionError(detail)
E           AssertionError: 11 of 161 cases differ; first: sed ['-e', '=;s/x\\(a\\|ab\\|abc\\)/\\&/gI;/o$/Il'] with files [] on stdin 'tab\there\\back\nint integer in\nxabcxabxa\nfoobarbaz\n': expected b'1\ntab\there\\back\n2\nint integer in\n3\n&&&\n4\nfoobarbaz\n' (status 0), got b'1\ntab\there\\back\n2\nint integer in\n3\n&bc&b&\n4\nfoobarbaz\n' (status 0)

/tests/test_outputs.py:134: AssertionError
_____________________________ test_mixed_scripts_3 _____________________________

    def test_mixed_scripts_3():
>       check("mixed_scripts_3")

/tests/test_outputs.py:226: 
_ _ _ _ _ _ _ _ _ _ _ _ _ _ _ _ _ _ _ _ _ _ _ _ _ _ _ _ _ _ _ _ _ _ _ _ _ _ _ _ 

family = 'mixed_scripts_3'

    def check(family):
        cases = [c for c in CASES if c["family"] == family]
        assert cases, f"no cases for {family}"
        failures = []
        for case in cases:
            path = workdir(case)
            try:
                want = run([GNU_SED], case, path)
                got = run(DEMOTE + CANDIDATE, case, path)
            finally:
                shutil.rmtree(path, ignore_errors=True)
            if got != want:
                failures.append((case, want, got))
        if failures:
            case, want, got = failures[0]
            files = [name for name, _text in case.get("files", [])]
            detail = (f"{len(failures)} of {len(cases)} cases differ; first: sed {arguments(case)!r} "
                      f"with files {files} on stdin {case['input'][:60]!r}: expected {want[0]!r} "
                      f"(status {want[1]}), got {got[0]!r} (status {got[1]})")
>           raise AssertionError(detail)
E           AssertionError: 10 of 160 cases differ; first: sed ['-E', '-n', '-e', '1,+3s/(a|b|ab)+/&&/p'] with files [] on stdin 'alpha beta gamma\nabc abcd ab\nfoo=1;bar=22;baz=333\n  indented': expected b'aalpha beta gamma\nababc abcd ab\nfoo=1;babar=22;baz=333\n' (status 0), got b'aalpha beta gamma\naabc abcd ab\nfoo=1;bbar=22;baz=333\n' (status 0)

/tests/test_outputs.py:134: AssertionError
_____________________________ test_mixed_scripts_4 _____________________________

    def test_mixed_scripts_4():
>       check("mixed_scripts_4")

/tests/test_outputs.py:230: 
_ _ _ _ _ _ _ _ _ _ _ _ _ _ _ _ _ _ _ _ _ _ _ _ _ _ _ _ _ _ _ _ _ _ _ _ _ _ _ _ 

family = 'mixed_scripts_4'

    def check(family):
        cases = [c for c in CASES if c["family"] == family]
        assert cases, f"no cases for {family}"
        failures = []
        for case in cases:
            path = workdir(case)
            try:
                want = run([GNU_SED], case, path)
                got = run(DEMOTE + CANDIDATE, case, path)
            finally:
                shutil.rmtree(path, ignore_errors=True)
            if got != want:
                failures.append((case, want, got))
        if failures:
            case, want, got = failures[0]
            files = [name for name, _text in case.get("files", [])]
            detail = (f"{len(failures)} of {len(cases)} cases differ; first: sed {arguments(case)!r} "
                      f"with files {files} on stdin {case['input'][:60]!r}: expected {want[0]!r} "
                      f"(status {want[1]}), got {got[0]!r} (status {got[1]})")
>           raise AssertionError(detail)
E           AssertionError: 9 of 148 cases differ; first: sed ['-e', '/[0-9]/I,$!h;s/ab*//gp;s/^.//2g;/ab/a ADDED'] with files [] on stdin 'aaa bbb aaa\nabab abba\nbaaab\nqq\n': expected b' bbb \n bbb \n \n \nb\nb\nqq\n' (status 0), got b' bbb \n bbb \nbb bb\nbb bb\nbb\nbb\nqq\n' (status 0)

/tests/test_outputs.py:134: AssertionError
==================================== PASSES ====================================
=========================== short test summary info ============================
PASSED ../../tests/test_outputs.py::test_back_references
PASSED ../../tests/test_outputs.py::test_step_and_regex_addresses
PASSED ../../tests/test_outputs.py::test_plus_ranges
PASSED ../../tests/test_outputs.py::test_multiple_ranges
PASSED ../../tests/test_outputs.py::test_zero_address
PASSED ../../tests/test_outputs.py::test_append_insert_change
PASSED ../../tests/test_outputs.py::test_hold_space
PASSED ../../tests/test_outputs.py::test_branching_and_t_flag
PASSED ../../tests/test_outputs.py::test_quit_and_exit_status
PASSED ../../tests/test_outputs.py::test_l_command
PASSED ../../tests/test_outputs.py::test_y_z_and_line_numbers
PASSED ../../tests/test_outputs.py::test_comments_and_first_line
PASSED ../../tests/test_outputs.py::test_several_files
PASSED ../../tests/test_outputs.py::test_options_and_script_argument
PASSED ../../tests/test_outputs.py::test_empty_input
PASSED ../../tests/test_outputs.py::test_editing_is_done_in_python
FAILED ../../tests/test_outputs.py::test_substitution_and_regex_escapes - Ass...
FAILED ../../tests/test_outputs.py::test_leftmost_longest_matching - Assertio...
FAILED ../../tests/test_outputs.py::test_bracket_expressions - AssertionError...
FAILED ../../tests/test_outputs.py::test_case_conversion - AssertionError: 8 ...
FAILED ../../tests/test_outputs.py::test_multiline_commands - AssertionError:...
FAILED ../../tests/test_outputs.py::test_mixed_scripts_1 - AssertionError: 5 ...
FAILED ../../tests/test_outputs.py::test_mixed_scripts_2 - AssertionError: 11...
FAILED ../../tests/test_outputs.py::test_mixed_scripts_3 - AssertionError: 10...
FAILED ../../tests/test_outputs.py::test_mixed_scripts_4 - AssertionError: 9 ...
=================== 9 failed, 16 passed in 167.83s (0:02:47) ===================
