============================= test session starts ==============================
platform linux -- Python 3.13.12, pytest-9.1.1, pluggy-1.6.0
rootdir: /tests
plugins: json-ctrf-0.5.2
collected 25 items

../../tests/test_outputs.py ...F.....................                    [100%]

=================================== FAILURES ===================================
___________________________ test_bracket_expressions ___________________________

    def test_bracket_expressions():
>       check("bracket_expressions")

/tests/test_outputs.py:150: 
_ _ _ _ _ _ _ _ _ _ _ _ _ _ _ _ _ _ _ _ _ _ _ _ _ _ _ _ _ _ _ _ _ _ _ _ _ _ _ _ 

family = 'bracket_expressions'

    def check(family):
        cases = [c for c in CASES if c["family"] == family]
        assert cases, f"no cases for {family}"
        failures = []
        for case in cases:
            path = workdir(case)
            try:
                want = run([GNU_SED], case, path)
                got = run(DEMOTE + CANDIDATE, case, path)
            finally:
                shutil.rmtree(path, ignore_errors=True)
            if got != want:
                failures.append((case, want, got))
        if failures:
            case, want, got = failures[0]
            files = [name for name, _text in case.get("files", [])]
            detail = (f"{len(failures)} of {len(cases)} cases differ; first: sed {arguments(case)!r} "
                      f"with files {files} on stdin {case['input'][:60]!r}: expected {want[0]!r} "
                      f"(status {want[1]}), got {got[0]!r} (status {got[1]})")
>           raise AssertionError(detail)
E           AssertionError: 2 of 48 cases differ; first: sed ['-e', 's/[[:xdigit:]]/X/g'] with files [] on stdin 'aZ9 _-.,;:!?\t{}[]()\\/|*+^$@#%&~\'"\n': expected b'XZX _-.,;:!?\t{}[]()\\/|*+^$@#%&~\'"\n' (status 0), got b'' (status 1)

/tests/test_outputs.py:134: AssertionError
==================================== PASSES ====================================
=========================== short test summary info ============================
PASSED ../../tests/test_outputs.py::test_substitution_and_regex_escapes
PASSED ../../tests/test_outputs.py::test_leftmost_longest_matching
PASSED ../../tests/test_outputs.py::test_back_references
PASSED ../../tests/test_outputs.py::test_case_conversion
PASSED ../../tests/test_outputs.py::test_step_and_regex_addresses
PASSED ../../tests/test_outputs.py::test_plus_ranges
PASSED ../../tests/test_outputs.py::test_multiple_ranges
PASSED ../../tests/test_outputs.py::test_zero_address
PASSED ../../tests/test_outputs.py::test_append_insert_change
PASSED ../../tests/test_outputs.py::test_hold_space
PASSED ../../tests/test_outputs.py::test_multiline_commands
PASSED ../../tests/test_outputs.py::test_branching_and_t_flag
PASSED ../../tests/test_outputs.py::test_quit_and_exit_status
PASSED ../../tests/test_outputs.py::test_l_command
PASSED ../../tests/test_outputs.py::test_y_z_and_line_numbers
PASSED ../../tests/test_outputs.py::test_comments_and_first_line
PASSED ../../tests/test_outputs.py::test_several_files
PASSED ../../tests/test_outputs.py::test_options_and_script_argument
PASSED ../../tests/test_outputs.py::test_empty_input
PASSED ../../tests/test_outputs.py::test_mixed_scripts_1
PASSED ../../tests/test_outputs.py::test_mixed_scripts_2
PASSED ../../tests/test_outputs.py::test_mixed_scripts_3
PASSED ../../tests/test_outputs.py::test_mixed_scripts_4
PASSED ../../tests/test_outputs.py::test_editing_is_done_in_python
FAILED ../../tests/test_outputs.py::test_bracket_expressions - AssertionError...
======================== 1 failed, 24 passed in 51.68s =========================
