t-flag-survives-reads: line 1: 71676 Terminated: 15          CTRF_OUT="$R/p09c-rev1/wp-$id.ctrf.json" python3 "$S/wrong_path_runner.py" "$T" --id "$id" --patch "$R/wrong-paths/$id.patch" --expect-failing "test_outputs.py::$witness" --verifier "$ROOT/workspace/tools/score.sh" --ctrf "$R/p09c-rev1/wp-$id.ctrf.json" --receipt "$R/wrong-paths/$id.json" > "$R/p09c-rev1/wp-$id.log" 2>&1
leftmost-first-regex: line 1: 71678 Terminated: 15          CTRF_OUT="$R/p09c-rev1/wp-$id.ctrf.json" python3 "$S/wrong_path_runner.py" "$T" --id "$id" --patch "$R/wrong-paths/$id.patch" --expect-failing "test_outputs.py::$witness" --verifier "$ROOT/workspace/tools/score.sh" --ctrf "$R/p09c-rev1/wp-$id.ctrf.json" --receipt "$R/wrong-paths/$id.json" > "$R/p09c-rev1/wp-$id.log" 2>&1
hash-n-needs-newline: line 1: 71677 Terminated: 15          CTRF_OUT="$R/p09c-rev1/wp-$id.ctrf.json" python3 "$S/wrong_path_runner.py" "$T" --id "$id" --patch "$R/wrong-paths/$id.patch" --expect-failing "test_outputs.py::$witness" --verifier "$ROOT/workspace/tools/score.sh" --ctrf "$R/p09c-rev1/wp-$id.ctrf.json" --receipt "$R/wrong-paths/$id.json" > "$R/p09c-rev1/wp-$id.log" 2>&1
tilde-ends-at-multiple: line 1: 71633 Terminated: 15          CTRF_OUT="$R/p09c-rev1/wp-$id.ctrf.json" python3 "$S/wrong_path_runner.py" "$T" --id "$id" --patch "$R/wrong-paths/$id.patch" --expect-failing "test_outputs.py::$witness" --verifier "$ROOT/workspace/tools/score.sh" --ctrf "$R/p09c-rev1/wp-$id.ctrf.json" --receipt "$R/wrong-paths/$id.json" > "$R/p09c-rev1/wp-$id.log" 2>&1
hash-n-needs-newline exit=143 
leftmost-first-regex exit=143 
tilde-ends-at-multiple exit=143 
t-flag-survives-reads exit=143 
separate-ranges-span-files exit=0 separate-ranges-span-files: rejected on its own witness (test_outputs.py::test_several_files)
bracket-backslash-n-literal exit=0 bracket-backslash-n-literal: rejected on its own witness (test_outputs.py::test_bracket_expressions)
ic-one-line-text-dropped exit=0 ic-one-line-text-dropped: rejected on its own witness (test_outputs.py::test_append_insert_change)
delegate-to-system-sed exit=0 delegate-to-system-sed: rejected on its own witness (test_outputs.py::test_multiple_ranges)
d-restart-clears-t-flag exit=0 d-restart-clears-t-flag: rejected on its own witness (test_outputs.py::test_branching_and_t_flag)
aic-text-escapes-left-literal exit=0 aic-text-escapes-left-literal: rejected on its own witness (test_outputs.py::test_append_insert_change)
xdigit-class-missing exit=0 xdigit-class-missing: rejected on its own witness (test_outputs.py::test_bracket_expressions)
exponential-backtracking-regex exit=0 exponential-backtracking-regex: rejected on its own witness (test_outputs.py::test_leftmost_longest_matching)
replacement-escaped-delimiter-kept exit=0 replacement-escaped-delimiter-kept: rejected on its own witness (test_outputs.py::test_substitution_and_regex_escapes)
tab-not-whitespace-before-command exit=0 tab-not-whitespace-before-command: rejected on its own witness (test_outputs.py::test_comments_and_first_line)
ere-escaped-question-is-quantifier exit=0 ere-escaped-question-is-quantifier: rejected on its own witness (test_outputs.py::test_substitution_and_regex_escapes)
correct-but-six-seconds-on-pathological-regex exit=0 correct-but-six-seconds-on-pathological-regex: rejected on its own witness (test_outputs.py::test_leftmost_longest_matching)
ctypes-into-libc exit=0 ctypes-into-libc: rejected on its own witness (test_outputs.py::test_editing_is_done_in_python)
q-exit-code-one-digit exit=0 q-exit-code-one-digit: rejected on its own witness (test_outputs.py::test_matrix_quit)
files-opened-before-the-run exit=0 files-opened-before-the-run: rejected on its own witness (test_outputs.py::test_matrix_quit)
control-escape-r-left-literal exit=0 control-escape-r-left-literal: rejected on its own witness (test_outputs.py::test_matrix_escapes)
bracket-range-end-newline-literal exit=0 bracket-range-end-newline-literal: rejected on its own witness (test_outputs.py::test_matrix_brackets)
s-number-after-g-ignored exit=0 s-number-after-g-ignored: rejected on its own witness (test_outputs.py::test_matrix_s_flags)
block-range-first-line-only exit=0 block-range-first-line-only: rejected on its own witness (test_outputs.py::test_matrix_blocks)
imports-verifier-package exit=0 imports-verifier-package: rejected on its own witness (test_outputs.py::test_matrix_intervals)
plus-offset-one-digit exit=0 plus-offset-one-digit: rejected on its own witness (test_outputs.py::test_sweep_numbers)
interval-bounds-one-digit exit=0 interval-bounds-one-digit: rejected on its own witness (test_outputs.py::test_sweep_numbers)
long-line-chunked-reader exit=0 long-line-chunked-reader: rejected on its own witness (test_outputs.py::test_sweep_long_lines)
cntrl-without-del exit=0 cntrl-without-del: rejected on its own witness (test_outputs.py::test_sweep_classes)
s-backslash-delimiter-rejected exit=0 s-backslash-delimiter-rejected: rejected on its own witness (test_outputs.py::test_sweep_delimiters)
empty-regex-bound-at-parse-time exit=0 empty-regex-bound-at-parse-time: rejected on its own witness (test_outputs.py::test_sweep_empty_regex)
leading-hyphen-starts-range exit=0 leading-hyphen-starts-range: rejected on its own witness (test_outputs.py::test_sweep_bracket_edges)
readds-site-packages exit=1 readds-site-packages: rejected, but test_outputs.py::test_editing_is_done_in_python still passed. Something else caught it, so that witness does not discriminate this rule.
line-cap-64 exit=0 line-cap-64: rejected on its own witness (test_outputs.py::test_sweep_long_lines)
special-range-one-digit exit=0 special-range-one-digit: rejected on its own witness (test_outputs.py::test_sweep_numbers)
interval-one-digit exit=0 interval-one-digit: rejected on its own witness (test_outputs.py::test_sweep_numbers)
bare-q-clears-status exit=0 bare-q-clears-status: rejected on its own witness (test_outputs.py::test_sweep_exit_status)
bre-dollar-before-alt-literal exit=0 bre-dollar-before-alt-literal: rejected on its own witness (test_outputs.py::test_sweep_anchors)
nes-together-drops-s exit=0 nes-together-drops-s: rejected on its own witness (test_outputs.py::test_sweep_options)
question-delimiter-rejected exit=0 question-delimiter-rejected: rejected on its own witness (test_outputs.py::test_sweep_delimiters)
embedded-sed-fork-exec exit=1 embedded-sed-fork-exec: rejected, but test_outputs.py::test_editing_is_done_in_python still passed. Something else caught it, so that witness does not discriminate this rule.
