============================= test session starts ==============================
platform linux -- Python 3.13.12, pytest-9.1.1, pluggy-1.6.0
rootdir: /tests
plugins: json-ctrf-0.5.2
collected 47 items

../../tests/test_outputs.py ....................................F.F..... [ 93%]
...                                                                      [100%]

=================================== FAILURES ===================================
____________________________ test_sweep_long_lines _____________________________

    def test_sweep_long_lines():
>       check("sweep_long_lines")

/tests/test_outputs.py:315: 
_ _ _ _ _ _ _ _ _ _ _ _ _ _ _ _ _ _ _ _ _ _ _ _ _ _ _ _ _ _ _ _ _ _ _ _ _ _ _ _ 

family = 'sweep_long_lines'

    def check(family):
        cases = [c for c in CASES if c["family"] == family]
        assert cases, f"no cases for {family}"
        failures = []
        for case in cases:
            path = workdir(case)
            try:
                want = run([GNU_SED], case, path)
                got = run(DEMOTE + CANDIDATE, case, path)
            finally:
                shutil.rmtree(path, ignore_errors=True)
            if got != want:
                failures.append((case, want, got))
        if failures:
            case, want, got = failures[0]
            files = [name for name, _text in case.get("files", [])]
            detail = (f"{len(failures)} of {len(cases)} cases differ; first: sed {arguments(case)!r} "
                      f"with files {files} on stdin {case['input'][:60]!r}: expected {want[0]!r} "
                      f"(status {want[1]}), got {got[0]!r} (status {got[1]})")
>           raise AssertionError(detail)
E           AssertionError: 5 of 15 cases differ; first: sed ['-E', '-n', '-e', '/^(ab){700}c$/='] with files [] on stdin 'aaaaaaaaaaaaaaaaaaaaaaaaaaaaaaaaaaaaaaaaaaaaaaaaaaaaaaaaaaaa': expected b'3\n' (status 0), got b'' (status 0)

/tests/test_outputs.py:167: AssertionError
______________________________ test_sweep_numbers ______________________________

    def test_sweep_numbers():
>       check("sweep_numbers")

/tests/test_outputs.py:323: 
_ _ _ _ _ _ _ _ _ _ _ _ _ _ _ _ _ _ _ _ _ _ _ _ _ _ _ _ _ _ _ _ _ _ _ _ _ _ _ _ 

family = 'sweep_numbers'

    def check(family):
        cases = [c for c in CASES if c["family"] == family]
        assert cases, f"no cases for {family}"
        failures = []
        for case in cases:
            path = workdir(case)
            try:
                want = run([GNU_SED], case, path)
                got = run(DEMOTE + CANDIDATE, case, path)
            finally:
                shutil.rmtree(path, ignore_errors=True)
            if got != want:
                failures.append((case, want, got))
        if failures:
            case, want, got = failures[0]
            files = [name for name, _text in case.get("files", [])]
            detail = (f"{len(failures)} of {len(cases)} cases differ; first: sed {arguments(case)!r} "
                      f"with files {files} on stdin {case['input'][:60]!r}: expected {want[0]!r} "
                      f"(status {want[1]}), got {got[0]!r} (status {got[1]})")
>           raise AssertionError(detail)
E           AssertionError: 4 of 21 cases differ; first: sed ['-n', '-e', 'h\ns/1/X/12\np\ng\ns/1/X/10g\np\ng\ns/1/X/13\np\ng\ns/a\\{10\\}/X/\np\ng\ns/a\\{2,12\\}/X/\np\ng'] with files [] on stdin 'aaaaaaaa\naaaaaaaaa\naaaaaaaaaa\naaaaaaaaaaa\naaaaaaaaaaaa\naaaaa': expected b'aaaaaaaa\naaaaaaaa\naaaaaaaa\naaaaaaaa\nX\naaaaaaaaa\naaaaaaaaa\naaaaaaaaa\naaaaaaaaa\nX\naaaaaaaaaa\naaaaaaaaaa\naaaaaaaaaa\nX\nX\naaaaaaaaaaa\naaaaaaaaaaa\naaaaaaaaaaa\nXa\nX\naaaaaaaaaaaa\naaaaaaaaaaaa\naaaaaaaaaaaa\nXaa\nX\naaaaaaaaaaaaa\naaaaaaaaaaaaa\naaaaaaaaaaaaa\nXaaa\nXa\naaaaaaaaaaaaaa\naaaaaaaaaaaaaa\naaaaaaaaaaaaaa\nXaaaa\nXaa\nababababababababab\nababababababababab\nababababababababab\nababababababababab\nababababababababab\nabababababababababab\nabababababababababab\nabababababababababab\nabababababababababab\nabababababababababab\nababababababababababab\nababababababababababab\nababababababababababab\nababababababababababab\nababababababababababab\nabababababababababababab\nabababababababababababab\nabababababababababababab\nabababababababababababab\nabababababababababababab\n11111111111X1\n111111111XXXX\n111111111111X\n1111111111111\n1111111111111\n' (status 0), got b'' (status 1)

/tests/test_outputs.py:167: AssertionError
==================================== PASSES ====================================
=========================== short test summary info ============================
PASSED ../../tests/test_outputs.py::test_substitution_and_regex_escapes
PASSED ../../tests/test_outputs.py::test_leftmost_longest_matching
PASSED ../../tests/test_outputs.py::test_bracket_expressions
PASSED ../../tests/test_outputs.py::test_step_and_regex_addresses
PASSED ../../tests/test_outputs.py::test_plus_ranges
PASSED ../../tests/test_outputs.py::test_multiple_ranges
PASSED ../../tests/test_outputs.py::test_zero_address
PASSED ../../tests/test_outputs.py::test_append_insert_change
PASSED ../../tests/test_outputs.py::test_hold_space
PASSED ../../tests/test_outputs.py::test_multiline_commands
PASSED ../../tests/test_outputs.py::test_branching_and_t_flag
PASSED ../../tests/test_outputs.py::test_quit_and_exit_status
PASSED ../../tests/test_outputs.py::test_z_and_line_numbers
PASSED ../../tests/test_outputs.py::test_comments_and_first_line
PASSED ../../tests/test_outputs.py::test_several_files
PASSED ../../tests/test_outputs.py::test_options_and_script_argument
PASSED ../../tests/test_outputs.py::test_empty_input
PASSED ../../tests/test_outputs.py::test_mixed_scripts_1
PASSED ../../tests/test_outputs.py::test_mixed_scripts_2
PASSED ../../tests/test_outputs.py::test_mixed_scripts_3
PASSED ../../tests/test_outputs.py::test_mixed_scripts_4
PASSED ../../tests/test_outputs.py::test_matrix_escapes
PASSED ../../tests/test_outputs.py::test_matrix_regex_escapes
PASSED ../../tests/test_outputs.py::test_matrix_s_flags
PASSED ../../tests/test_outputs.py::test_matrix_groups
PASSED ../../tests/test_outputs.py::test_matrix_intervals
PASSED ../../tests/test_outputs.py::test_matrix_quit
PASSED ../../tests/test_outputs.py::test_matrix_t_flag
PASSED ../../tests/test_outputs.py::test_matrix_blocks
PASSED ../../tests/test_outputs.py::test_matrix_files
PASSED ../../tests/test_outputs.py::test_matrix_append
PASSED ../../tests/test_outputs.py::test_matrix_long_input
PASSED ../../tests/test_outputs.py::test_matrix_anchors
PASSED ../../tests/test_outputs.py::test_matrix_ranges
PASSED ../../tests/test_outputs.py::test_matrix_delimiters
PASSED ../../tests/test_outputs.py::test_matrix_brackets
PASSED ../../tests/test_outputs.py::test_sweep_long_scripts
PASSED ../../tests/test_outputs.py::test_sweep_exit_status
PASSED ../../tests/test_outputs.py::test_sweep_anchors
PASSED ../../tests/test_outputs.py::test_sweep_options
PASSED ../../tests/test_outputs.py::test_sweep_delimiters
PASSED ../../tests/test_outputs.py::test_sweep_classes
PASSED ../../tests/test_outputs.py::test_sweep_empty_regex
PASSED ../../tests/test_outputs.py::test_sweep_bracket_edges
PASSED ../../tests/test_outputs.py::test_editing_is_done_in_python
FAILED ../../tests/test_outputs.py::test_sweep_long_lines - AssertionError: 5...
FAILED ../../tests/test_outputs.py::test_sweep_numbers - AssertionError: 4 of...
=================== 2 failed, 45 passed in 81.84s (0:01:21) ====================
