============================= test session starts ==============================
platform linux -- Python 3.13.12, pytest-9.1.1, pluggy-1.6.0
rootdir: /tests
plugins: json-ctrf-0.5.2
collected 47 items

../../tests/test_outputs.py FF.F...........F.FFFFFF.FF......F..FFFF.FFFF [ 93%]
.F.                                                                      [100%]

=================================== FAILURES ===================================
_____________________ test_substitution_and_regex_escapes ______________________

    def test_substitution_and_regex_escapes():
>       check("substitution_and_regex_escapes")

/tests/test_outputs.py:171: 
_ _ _ _ _ _ _ _ _ _ _ _ _ _ _ _ _ _ _ _ _ _ _ _ _ _ _ _ _ _ _ _ _ _ _ _ _ _ _ _ 

family = 'substitution_and_regex_escapes'

    def check(family):
        cases = [c for c in CASES if c["family"] == family]
        assert cases, f"no cases for {family}"
        failures = []
        for case in cases:
            path = workdir(case)
            try:
                want = run([GNU_SED], case, path)
                got = run(DEMOTE + CANDIDATE, case, path)
            finally:
                shutil.rmtree(path, ignore_errors=True)
            if got != want:
                failures.append((case, want, got))
        if failures:
            case, want, got = failures[0]
            files = [name for name, _text in case.get("files", [])]
            detail = (f"{len(failures)} of {len(cases)} cases differ; first: sed {arguments(case)!r} "
                      f"with files {files} on stdin {case['input'][:60]!r}: expected {want[0]!r} "
                      f"(status {want[1]}), got {got[0]!r} (status {got[1]})")
>           raise AssertionError(detail)
E           AssertionError: 18 of 108 cases differ; first: sed ['-E', '-e', 's/a{2,}/X/g'] with files [] on stdin 'a aa aaa aaaa\n': expected b'a X X X\n' (status 0), got b'' (status 1)

/tests/test_outputs.py:167: AssertionError
________________________ test_leftmost_longest_matching ________________________

    def test_leftmost_longest_matching():
>       check("leftmost_longest")

/tests/test_outputs.py:175: 
_ _ _ _ _ _ _ _ _ _ _ _ _ _ _ _ _ _ _ _ _ _ _ _ _ _ _ _ _ _ _ _ _ _ _ _ _ _ _ _ 

family = 'leftmost_longest'

    def check(family):
        cases = [c for c in CASES if c["family"] == family]
        assert cases, f"no cases for {family}"
        failures = []
        for case in cases:
            path = workdir(case)
            try:
                want = run([GNU_SED], case, path)
                got = run(DEMOTE + CANDIDATE, case, path)
            finally:
                shutil.rmtree(path, ignore_errors=True)
            if got != want:
                failures.append((case, want, got))
        if failures:
            case, want, got = failures[0]
            files = [name for name, _text in case.get("files", [])]
            detail = (f"{len(failures)} of {len(cases)} cases differ; first: sed {arguments(case)!r} "
                      f"with files {files} on stdin {case['input'][:60]!r}: expected {want[0]!r} "
                      f"(status {want[1]}), got {got[0]!r} (status {got[1]})")
>           raise AssertionError(detail)
E           AssertionError: 9 of 14 cases differ; first: sed ['-E', '-e', 's/a|ab/X/'] with files [] on stdin 'abcd\n': expected b'Xcd\n' (status 0), got b'' (status 1)

/tests/test_outputs.py:167: AssertionError
________________________ test_step_and_regex_addresses _________________________

    def test_step_and_regex_addresses():
>       check("step_and_regex_addresses")

/tests/test_outputs.py:183: 
_ _ _ _ _ _ _ _ _ _ _ _ _ _ _ _ _ _ _ _ _ _ _ _ _ _ _ _ _ _ _ _ _ _ _ _ _ _ _ _ 

family = 'step_and_regex_addresses'

    def check(family):
        cases = [c for c in CASES if c["family"] == family]
        assert cases, f"no cases for {family}"
        failures = []
        for case in cases:
            path = workdir(case)
            try:
                want = run([GNU_SED], case, path)
                got = run(DEMOTE + CANDIDATE, case, path)
            finally:
                shutil.rmtree(path, ignore_errors=True)
            if got != want:
                failures.append((case, want, got))
        if failures:
            case, want, got = failures[0]
            files = [name for name, _text in case.get("files", [])]
            detail = (f"{len(failures)} of {len(cases)} cases differ; first: sed {arguments(case)!r} "
                      f"with files {files} on stdin {case['input'][:60]!r}: expected {want[0]!r} "
                      f"(status {want[1]}), got {got[0]!r} (status {got[1]})")
>           raise AssertionError(detail)
E           AssertionError: 1 of 58 cases differ; first: sed ['-E', '-n', '-e', '/a|b/p'] with files [] on stdin 'b\nc\n': expected b'b\n' (status 0), got b'' (status 1)

/tests/test_outputs.py:167: AssertionError
_______________________ test_options_and_script_argument _______________________

    def test_options_and_script_argument():
>       check("options_and_script_argument")

/tests/test_outputs.py:231: 
_ _ _ _ _ _ _ _ _ _ _ _ _ _ _ _ _ _ _ _ _ _ _ _ _ _ _ _ _ _ _ _ _ _ _ _ _ _ _ _ 

family = 'options_and_script_argument'

    def check(family):
        cases = [c for c in CASES if c["family"] == family]
        assert cases, f"no cases for {family}"
        failures = []
        for case in cases:
            path = workdir(case)
            try:
                want = run([GNU_SED], case, path)
                got = run(DEMOTE + CANDIDATE, case, path)
            finally:
                shutil.rmtree(path, ignore_errors=True)
            if got != want:
                failures.append((case, want, got))
        if failures:
            case, want, got = failures[0]
            files = [name for name, _text in case.get("files", [])]
            detail = (f"{len(failures)} of {len(cases)} cases differ; first: sed {arguments(case)!r} "
                      f"with files {files} on stdin {case['input'][:60]!r}: expected {want[0]!r} "
                      f"(status {want[1]}), got {got[0]!r} (status {got[1]})")
>           raise AssertionError(detail)
E           AssertionError: 1 of 7 cases differ; first: sed ['-E', 's/(o|on)e/[&]/'] with files [] on stdin 'one\nonee\n': expected b'[one]\n[one]e\n' (status 0), got b'' (status 1)

/tests/test_outputs.py:167: AssertionError
_____________________________ test_mixed_scripts_1 _____________________________

    def test_mixed_scripts_1():
>       check("mixed_scripts_1")

/tests/test_outputs.py:239: 
_ _ _ _ _ _ _ _ _ _ _ _ _ _ _ _ _ _ _ _ _ _ _ _ _ _ _ _ _ _ _ _ _ _ _ _ _ _ _ _ 

family = 'mixed_scripts_1'

    def check(family):
        cases = [c for c in CASES if c["family"] == family]
        assert cases, f"no cases for {family}"
        failures = []
        for case in cases:
            path = workdir(case)
            try:
                want = run([GNU_SED], case, path)
                got = run(DEMOTE + CANDIDATE, case, path)
            finally:
                shutil.rmtree(path, ignore_errors=True)
            if got != want:
                failures.append((case, want, got))
        if failures:
            case, want, got = failures[0]
            files = [name for name, _text in case.get("files", [])]
            detail = (f"{len(failures)} of {len(cases)} cases differ; first: sed {arguments(case)!r} "
                      f"with files {files} on stdin {case['input'][:60]!r}: expected {want[0]!r} "
                      f"(status {want[1]}), got {got[0]!r} (status {got[1]})")
>           raise AssertionError(detail)
E           AssertionError: 34 of 80 cases differ; first: sed ['-E', '-e', '/ab/x;$s/(a|ab)(c|bcd)*/-/3'] with files [] on stdin 'tab\there\\back\nint integer in\nxabcxabxa\nfoobarbaz\n': expected b'\nint integer in\ntab\there\\back\nfoobarbaz\n' (status 0), got b'' (status 1)

/tests/test_outputs.py:167: AssertionError
_____________________________ test_mixed_scripts_2 _____________________________

    def test_mixed_scripts_2():
>       check("mixed_scripts_2")

/tests/test_outputs.py:243: 
_ _ _ _ _ _ _ _ _ _ _ _ _ _ _ _ _ _ _ _ _ _ _ _ _ _ _ _ _ _ _ _ _ _ _ _ _ _ _ _ 

family = 'mixed_scripts_2'

    def check(family):
        cases = [c for c in CASES if c["family"] == family]
        assert cases, f"no cases for {family}"
        failures = []
        for case in cases:
            path = workdir(case)
            try:
                want = run([GNU_SED], case, path)
                got = run(DEMOTE + CANDIDATE, case, path)
            finally:
                shutil.rmtree(path, ignore_errors=True)
            if got != want:
                failures.append((case, want, got))
        if failures:
            case, want, got = failures[0]
            files = [name for name, _text in case.get("files", [])]
            detail = (f"{len(failures)} of {len(cases)} cases differ; first: sed {arguments(case)!r} "
                      f"with files {files} on stdin {case['input'][:60]!r}: expected {want[0]!r} "
                      f"(status {want[1]}), got {got[0]!r} (status {got[1]})")
>           raise AssertionError(detail)
E           AssertionError: 30 of 74 cases differ; first: sed ['-E', '-n', '-e', '6,$c\\\nCHG;6d'] with files [] on stdin 'tab\there\\back\nint integer in\nxabcxabxa\nfoobarbaz\n': expected b'' (status 0), got b'' (status 1)

/tests/test_outputs.py:167: AssertionError
_____________________________ test_mixed_scripts_3 _____________________________

    def test_mixed_scripts_3():
>       check("mixed_scripts_3")

/tests/test_outputs.py:247: 
_ _ _ _ _ _ _ _ _ _ _ _ _ _ _ _ _ _ _ _ _ _ _ _ _ _ _ _ _ _ _ _ _ _ _ _ _ _ _ _ 

family = 'mixed_scripts_3'

    def check(family):
        cases = [c for c in CASES if c["family"] == family]
        assert cases, f"no cases for {family}"
        failures = []
        for case in cases:
            path = workdir(case)
            try:
                want = run([GNU_SED], case, path)
                got = run(DEMOTE + CANDIDATE, case, path)
            finally:
                shutil.rmtree(path, ignore_errors=True)
            if got != want:
                failures.append((case, want, got))
        if failures:
            case, want, got = failures[0]
            files = [name for name, _text in case.get("files", [])]
            detail = (f"{len(failures)} of {len(cases)} cases differ; first: sed {arguments(case)!r} "
                      f"with files {files} on stdin {case['input'][:60]!r}: expected {want[0]!r} "
                      f"(status {want[1]}), got {got[0]!r} (status {got[1]})")
>           raise AssertionError(detail)
E           AssertionError: 33 of 75 cases differ; first: sed ['-E', '-e', 'G;z;c\\\nCHG'] with files [] on stdin '3.14 is pi\n42\n-7 and +8\n1e10\n0x1F\n': expected b'CHG\nCHG\nCHG\nCHG\nCHG\n' (status 0), got b'' (status 1)

/tests/test_outputs.py:167: AssertionError
_____________________________ test_mixed_scripts_4 _____________________________

    def test_mixed_scripts_4():
>       check("mixed_scripts_4")

/tests/test_outputs.py:251: 
_ _ _ _ _ _ _ _ _ _ _ _ _ _ _ _ _ _ _ _ _ _ _ _ _ _ _ _ _ _ _ _ _ _ _ _ _ _ _ _ 

family = 'mixed_scripts_4'

    def check(family):
        cases = [c for c in CASES if c["family"] == family]
        assert cases, f"no cases for {family}"
        failures = []
        for case in cases:
            path = workdir(case)
            try:
                want = run([GNU_SED], case, path)
                got = run(DEMOTE + CANDIDATE, case, path)
            finally:
                shutil.rmtree(path, ignore_errors=True)
            if got != want:
                failures.append((case, want, got))
        if failures:
            case, want, got = failures[0]
            files = [name for name, _text in case.get("files", [])]
            detail = (f"{len(failures)} of {len(cases)} cases differ; first: sed {arguments(case)!r} "
                      f"with files {files} on stdin {case['input'][:60]!r}: expected {want[0]!r} "
                      f"(status {want[1]}), got {got[0]!r} (status {got[1]})")
>           raise AssertionError(detail)
E           AssertionError: 28 of 70 cases differ; first: sed ['-E', '-e', 's/[^ ]+$/[&]/2g'] with files [] on stdin 'tab\there\\back\nint integer in\nxabcxabxa\nfoobarbaz\n': expected b'tab\there\\back\nint integer in\nxabcxabxa\nfoobarbaz\n' (status 0), got b'' (status 1)

/tests/test_outputs.py:167: AssertionError
_____________________________ test_matrix_escapes ______________________________

    def test_matrix_escapes():
>       check("matrix_escapes")

/tests/test_outputs.py:255: 
_ _ _ _ _ _ _ _ _ _ _ _ _ _ _ _ _ _ _ _ _ _ _ _ _ _ _ _ _ _ _ _ _ _ _ _ _ _ _ _ 

family = 'matrix_escapes'

    def check(family):
        cases = [c for c in CASES if c["family"] == family]
        assert cases, f"no cases for {family}"
        failures = []
        for case in cases:
            path = workdir(case)
            try:
                want = run([GNU_SED], case, path)
                got = run(DEMOTE + CANDIDATE, case, path)
            finally:
                shutil.rmtree(path, ignore_errors=True)
            if got != want:
                failures.append((case, want, got))
        if failures:
            case, want, got = failures[0]
            files = [name for name, _text in case.get("files", [])]
            detail = (f"{len(failures)} of {len(cases)} cases differ; first: sed {arguments(case)!r} "
                      f"with files {files} on stdin {case['input'][:60]!r}: expected {want[0]!r} "
                      f"(status {want[1]}), got {got[0]!r} (status {got[1]})")
>           raise AssertionError(detail)
E           AssertionError: 23 of 112 cases differ; first: sed ['-E', '-e', 's/\\a/X/g'] with files [] on stdin 'a\x07b\x07\nplain\n': expected b'aXbX\nplain\n' (status 0), got b'' (status 1)

/tests/test_outputs.py:167: AssertionError
__________________________ test_matrix_regex_escapes ___________________________

    def test_matrix_regex_escapes():
>       check("matrix_regex_escapes")

/tests/test_outputs.py:259: 
_ _ _ _ _ _ _ _ _ _ _ _ _ _ _ _ _ _ _ _ _ _ _ _ _ _ _ _ _ _ _ _ _ _ _ _ _ _ _ _ 

family = 'matrix_regex_escapes'

    def check(family):
        cases = [c for c in CASES if c["family"] == family]
        assert cases, f"no cases for {family}"
        failures = []
        for case in cases:
            path = workdir(case)
            try:
                want = run([GNU_SED], case, path)
                got = run(DEMOTE + CANDIDATE, case, path)
            finally:
                shutil.rmtree(path, ignore_errors=True)
            if got != want:
                failures.append((case, want, got))
        if failures:
            case, want, got = failures[0]
            files = [name for name, _text in case.get("files", [])]
            detail = (f"{len(failures)} of {len(cases)} cases differ; first: sed {arguments(case)!r} "
                      f"with files {files} on stdin {case['input'][:60]!r}: expected {want[0]!r} "
                      f"(status {want[1]}), got {got[0]!r} (status {got[1]})")
>           raise AssertionError(detail)
E           AssertionError: 41 of 84 cases differ; first: sed ['-E', '-e', 's/\\w/X/g'] with files [] on stdin 'foo bar_1 x-y\n  \t\nfoobar\n-a-\nab cd\n': expected b'XXX XXXXX X-X\n  \t\nXXXXXX\n-X-\nXX XX\n' (status 0), got b'' (status 1)

/tests/test_outputs.py:167: AssertionError
______________________________ test_matrix_groups ______________________________

    def test_matrix_groups():
>       check("matrix_groups")

/tests/test_outputs.py:267: 
_ _ _ _ _ _ _ _ _ _ _ _ _ _ _ _ _ _ _ _ _ _ _ _ _ _ _ _ _ _ _ _ _ _ _ _ _ _ _ _ 

family = 'matrix_groups'

    def check(family):
        cases = [c for c in CASES if c["family"] == family]
        assert cases, f"no cases for {family}"
        failures = []
        for case in cases:
            path = workdir(case)
            try:
                want = run([GNU_SED], case, path)
                got = run(DEMOTE + CANDIDATE, case, path)
            finally:
                shutil.rmtree(path, ignore_errors=True)
            if got != want:
                failures.append((case, want, got))
        if failures:
            case, want, got = failures[0]
            files = [name for name, _text in case.get("files", [])]
            detail = (f"{len(failures)} of {len(cases)} cases differ; first: sed {arguments(case)!r} "
                      f"with files {files} on stdin {case['input'][:60]!r}: expected {want[0]!r} "
                      f"(status {want[1]}), got {got[0]!r} (status {got[1]})")
>           raise AssertionError(detail)
E           AssertionError: 10 of 29 cases differ; first: sed ['-E', '-e', 's/(.)(.)(.)(.)(.)(.)(.)(.)(.)/<\\1\\1>/'] with files [] on stdin 'abcdefghij\n': expected b'<aa>j\n' (status 0), got b'' (status 1)

/tests/test_outputs.py:167: AssertionError
____________________________ test_matrix_intervals _____________________________

    def test_matrix_intervals():
>       check("matrix_intervals")

/tests/test_outputs.py:271: 
_ _ _ _ _ _ _ _ _ _ _ _ _ _ _ _ _ _ _ _ _ _ _ _ _ _ _ _ _ _ _ _ _ _ _ _ _ _ _ _ 

family = 'matrix_intervals'

    def check(family):
        cases = [c for c in CASES if c["family"] == family]
        assert cases, f"no cases for {family}"
        failures = []
        for case in cases:
            path = workdir(case)
            try:
                want = run([GNU_SED], case, path)
                got = run(DEMOTE + CANDIDATE, case, path)
            finally:
                shutil.rmtree(path, ignore_errors=True)
            if got != want:
                failures.append((case, want, got))
        if failures:
            case, want, got = failures[0]
            files = [name for name, _text in case.get("files", [])]
            detail = (f"{len(failures)} of {len(cases)} cases differ; first: sed {arguments(case)!r} "
                      f"with files {files} on stdin {case['input'][:60]!r}: expected {want[0]!r} "
                      f"(status {want[1]}), got {got[0]!r} (status {got[1]})")
>           raise AssertionError(detail)
E           AssertionError: 12 of 24 cases differ; first: sed ['-E', '-e', 's/a{2}/X/g'] with files [] on stdin 'a aa aaa aaaa\n': expected b'a X Xa XX\n' (status 0), got b'' (status 1)

/tests/test_outputs.py:167: AssertionError
_____________________________ test_matrix_anchors ______________________________

    def test_matrix_anchors():
>       check("matrix_anchors")

/tests/test_outputs.py:299: 
_ _ _ _ _ _ _ _ _ _ _ _ _ _ _ _ _ _ _ _ _ _ _ _ _ _ _ _ _ _ _ _ _ _ _ _ _ _ _ _ 

family = 'matrix_anchors'

    def check(family):
        cases = [c for c in CASES if c["family"] == family]
        assert cases, f"no cases for {family}"
        failures = []
        for case in cases:
            path = workdir(case)
            try:
                want = run([GNU_SED], case, path)
                got = run(DEMOTE + CANDIDATE, case, path)
            finally:
                shutil.rmtree(path, ignore_errors=True)
            if got != want:
                failures.append((case, want, got))
        if failures:
            case, want, got = failures[0]
            files = [name for name, _text in case.get("files", [])]
            detail = (f"{len(failures)} of {len(cases)} cases differ; first: sed {arguments(case)!r} "
                      f"with files {files} on stdin {case['input'][:60]!r}: expected {want[0]!r} "
                      f"(status {want[1]}), got {got[0]!r} (status {got[1]})")
>           raise AssertionError(detail)
E           AssertionError: 4 of 11 cases differ; first: sed ['-E', '-e', 'N;s/b|^a/X/g'] with files [] on stdin 'a\nb\nab\nba\n': expected b'X\nX\nXX\nXa\n' (status 0), got b'' (status 1)

/tests/test_outputs.py:167: AssertionError
_____________________________ test_matrix_brackets _____________________________

    def test_matrix_brackets():
>       check("matrix_brackets")

/tests/test_outputs.py:311: 
_ _ _ _ _ _ _ _ _ _ _ _ _ _ _ _ _ _ _ _ _ _ _ _ _ _ _ _ _ _ _ _ _ _ _ _ _ _ _ _ 

family = 'matrix_brackets'

    def check(family):
        cases = [c for c in CASES if c["family"] == family]
        assert cases, f"no cases for {family}"
        failures = []
        for case in cases:
            path = workdir(case)
            try:
                want = run([GNU_SED], case, path)
                got = run(DEMOTE + CANDIDATE, case, path)
            finally:
                shutil.rmtree(path, ignore_errors=True)
            if got != want:
                failures.append((case, want, got))
        if failures:
            case, want, got = failures[0]
            files = [name for name, _text in case.get("files", [])]
            detail = (f"{len(failures)} of {len(cases)} cases differ; first: sed {arguments(case)!r} "
                      f"with files {files} on stdin {case['input'][:60]!r}: expected {want[0]!r} "
                      f"(status {want[1]}), got {got[0]!r} (status {got[1]})")
>           raise AssertionError(detail)
E           AssertionError: 13 of 38 cases differ; first: sed ['-E', '-e', 's/[\\t]+/X/g'] with files [] on stdin 'a-b]c\\d w\t.*Z9\n': expected b'a-b]c\\d wX.*Z9\n' (status 0), got b'' (status 1)

/tests/test_outputs.py:167: AssertionError
____________________________ test_sweep_long_lines _____________________________

    def test_sweep_long_lines():
>       check("sweep_long_lines")

/tests/test_outputs.py:315: 
_ _ _ _ _ _ _ _ _ _ _ _ _ _ _ _ _ _ _ _ _ _ _ _ _ _ _ _ _ _ _ _ _ _ _ _ _ _ _ _ 

family = 'sweep_long_lines'

    def check(family):
        cases = [c for c in CASES if c["family"] == family]
        assert cases, f"no cases for {family}"
        failures = []
        for case in cases:
            path = workdir(case)
            try:
                want = run([GNU_SED], case, path)
                got = run(DEMOTE + CANDIDATE, case, path)
            finally:
                shutil.rmtree(path, ignore_errors=True)
            if got != want:
                failures.append((case, want, got))
        if failures:
            case, want, got = failures[0]
            files = [name for name, _text in case.get("files", [])]
            detail = (f"{len(failures)} of {len(cases)} cases differ; first: sed {arguments(case)!r} "
                      f"with files {files} on stdin {case['input'][:60]!r}: expected {want[0]!r} "
                      f"(status {want[1]}), got {got[0]!r} (status {got[1]})")
>           raise AssertionError(detail)
E           AssertionError: 2 of 15 cases differ; first: sed ['-E', '-n', '-e', '/^(ab){700}c$/='] with files [] on stdin 'aaaaaaaaaaaaaaaaaaaaaaaaaaaaaaaaaaaaaaaaaaaaaaaaaaaaaaaaaaaa': expected b'3\n' (status 0), got b'' (status 1)

/tests/test_outputs.py:167: AssertionError
___________________________ test_sweep_long_scripts ____________________________

    def test_sweep_long_scripts():
>       check("sweep_long_scripts")

/tests/test_outputs.py:319: 
_ _ _ _ _ _ _ _ _ _ _ _ _ _ _ _ _ _ _ _ _ _ _ _ _ _ _ _ _ _ _ _ _ _ _ _ _ _ _ _ 

family = 'sweep_long_scripts'

    def check(family):
        cases = [c for c in CASES if c["family"] == family]
        assert cases, f"no cases for {family}"
        failures = []
        for case in cases:
            path = workdir(case)
            try:
                want = run([GNU_SED], case, path)
                got = run(DEMOTE + CANDIDATE, case, path)
            finally:
                shutil.rmtree(path, ignore_errors=True)
            if got != want:
                failures.append((case, want, got))
        if failures:
            case, want, got = failures[0]
            files = [name for name, _text in case.get("files", [])]
            detail = (f"{len(failures)} of {len(cases)} cases differ; first: sed {arguments(case)!r} "
                      f"with files {files} on stdin {case['input'][:60]!r}: expected {want[0]!r} "
                      f"(status {want[1]}), got {got[0]!r} (status {got[1]})")
>           raise AssertionError(detail)
E           AssertionError: 1 of 15 cases differ; first: sed ['-E', '-e', 's/(w0|w1|w2|w3|w4|w5|w6|w7|w8|w9|w10|w11|w12|w13|w14|w15|w16|w17|w18|w19|w20|w21|w22|w23|w24|w25|w26|w27|w28|w29|w30|w31|w32|w33|w34|w35|w36|w37|w38|w39|w40|w41|w42|w43|w44|w45|w46|w47|w48|w49|w50|w51|w52|w53|w54|w55|w56|w57|w58|w59)+/<&>/g'] with files [] on stdin 'w0 w7 w14 w21 w28 w35 w42 w49 w56\n': expected b'<w0> <w7> <w14> <w21> <w28> <w35> <w42> <w49> <w56>\n' (status 0), got b'' (status 1)

/tests/test_outputs.py:167: AssertionError
______________________________ test_sweep_numbers ______________________________

    def test_sweep_numbers():
>       check("sweep_numbers")

/tests/test_outputs.py:323: 
_ _ _ _ _ _ _ _ _ _ _ _ _ _ _ _ _ _ _ _ _ _ _ _ _ _ _ _ _ _ _ _ _ _ _ _ _ _ _ _ 

family = 'sweep_numbers'

    def check(family):
        cases = [c for c in CASES if c["family"] == family]
        assert cases, f"no cases for {family}"
        failures = []
        for case in cases:
            path = workdir(case)
            try:
                want = run([GNU_SED], case, path)
                got = run(DEMOTE + CANDIDATE, case, path)
            finally:
                shutil.rmtree(path, ignore_errors=True)
            if got != want:
                failures.append((case, want, got))
        if failures:
            case, want, got = failures[0]
            files = [name for name, _text in case.get("files", [])]
            detail = (f"{len(failures)} of {len(cases)} cases differ; first: sed {arguments(case)!r} "
                      f"with files {files} on stdin {case['input'][:60]!r}: expected {want[0]!r} "
                      f"(status {want[1]}), got {got[0]!r} (status {got[1]})")
>           raise AssertionError(detail)
E           AssertionError: 2 of 21 cases differ; first: sed ['-E', '-n', '-e', 'h\ns/a{10}/X/\np\ng\ns/a{0,15}$/X/\np\ng\ns/(ab){10,11}/X/\np\ng\ns/a{12,}/X/\np\ng'] with files [] on stdin 'aaaaaaaa\naaaaaaaaa\naaaaaaaaaa\naaaaaaaaaaa\naaaaaaaaaaaa\naaaaa': expected b'aaaaaaaa\nX\naaaaaaaa\naaaaaaaa\naaaaaaaaa\nX\naaaaaaaaa\naaaaaaaaa\nX\nX\naaaaaaaaaa\naaaaaaaaaa\nXa\nX\naaaaaaaaaaa\naaaaaaaaaaa\nXaa\nX\naaaaaaaaaaaa\nX\nXaaa\nX\naaaaaaaaaaaaa\nX\nXaaaa\nX\naaaaaaaaaaaaaa\nX\nababababababababab\nabababababababababX\nababababababababab\nababababababababab\nabababababababababab\nababababababababababX\nX\nabababababababababab\nababababababababababab\nabababababababababababX\nX\nababababababababababab\nabababababababababababab\nababababababababababababX\nXab\nabababababababababababab\n1111111111111\n1111111111111X\n1111111111111\n1111111111111\n' (status 0), got b'' (status 1)

/tests/test_outputs.py:167: AssertionError
______________________________ test_sweep_anchors ______________________________

    def test_sweep_anchors():
>       check("sweep_anchors")

/tests/test_outputs.py:331: 
_ _ _ _ _ _ _ _ _ _ _ _ _ _ _ _ _ _ _ _ _ _ _ _ _ _ _ _ _ _ _ _ _ _ _ _ _ _ _ _ 

family = 'sweep_anchors'

    def check(family):
        cases = [c for c in CASES if c["family"] == family]
        assert cases, f"no cases for {family}"
        failures = []
        for case in cases:
            path = workdir(case)
            try:
                want = run([GNU_SED], case, path)
                got = run(DEMOTE + CANDIDATE, case, path)
            finally:
                shutil.rmtree(path, ignore_errors=True)
            if got != want:
                failures.append((case, want, got))
        if failures:
            case, want, got = failures[0]
            files = [name for name, _text in case.get("files", [])]
            detail = (f"{len(failures)} of {len(cases)} cases differ; first: sed {arguments(case)!r} "
                      f"with files {files} on stdin {case['input'][:60]!r}: expected {want[0]!r} "
                      f"(status {want[1]}), got {got[0]!r} (status {got[1]})")
>           raise AssertionError(detail)
E           AssertionError: 8 of 21 cases differ; first: sed ['-E', '-n', '-e', 'h\ns/b$|x/X/\np\ng\ns/x|b$/X/\np\ng\ns/^b|x/X/\np\ng\ns/x|^b/X/\np\ng\ns/(b$|x)/X/\np\ng'] with files [] on stdin 'b\nbx\nxb\na\nab\nba\nb$x\na^b\n^b\nb$\nx\n': expected b'X\nX\nX\nX\nX\nbX\nbX\nXx\nXx\nbX\nXb\nXb\nXb\nXb\nXb\na\na\na\na\na\naX\naX\nab\nab\naX\nba\nba\nXa\nXa\nba\nb$X\nb$X\nX$x\nX$x\nb$X\na^X\na^X\na^b\na^b\na^X\n^X\n^X\n^b\n^b\n^X\nb$\nb$\nX$\nX$\nb$\nX\nX\nX\nX\nX\n' (status 0), got b'' (status 1)

/tests/test_outputs.py:167: AssertionError
______________________________ test_sweep_options ______________________________

    def test_sweep_options():
>       check("sweep_options")

/tests/test_outputs.py:335: 
_ _ _ _ _ _ _ _ _ _ _ _ _ _ _ _ _ _ _ _ _ _ _ _ _ _ _ _ _ _ _ _ _ _ _ _ _ _ _ _ 

family = 'sweep_options'

    def check(family):
        cases = [c for c in CASES if c["family"] == family]
        assert cases, f"no cases for {family}"
        failures = []
        for case in cases:
            path = workdir(case)
            try:
                want = run([GNU_SED], case, path)
                got = run(DEMOTE + CANDIDATE, case, path)
            finally:
                shutil.rmtree(path, ignore_errors=True)
            if got != want:
                failures.append((case, want, got))
        if failures:
            case, want, got = failures[0]
            files = [name for name, _text in case.get("files", [])]
            detail = (f"{len(failures)} of {len(cases)} cases differ; first: sed {arguments(case)!r} "
                      f"with files {files} on stdin {case['input'][:60]!r}: expected {want[0]!r} "
                      f"(status {want[1]}), got {got[0]!r} (status {got[1]})")
>           raise AssertionError(detail)
E           AssertionError: 14 of 18 cases differ; first: sed ['-E', '-e', '$p;s/a|b$/<&>/p', 'f1', 'f2'] with files ['f1', 'f2'] on stdin '': expected b'<a>\n<a>\n<b>\n<b>\n<a>b\n<a>b\nb\n<b>\n<b>\n' (status 0), got b'' (status 1)

/tests/test_outputs.py:167: AssertionError
____________________________ test_sweep_delimiters _____________________________

    def test_sweep_delimiters():
>       check("sweep_delimiters")

/tests/test_outputs.py:339: 
_ _ _ _ _ _ _ _ _ _ _ _ _ _ _ _ _ _ _ _ _ _ _ _ _ _ _ _ _ _ _ _ _ _ _ _ _ _ _ _ 

family = 'sweep_delimiters'

    def check(family):
        cases = [c for c in CASES if c["family"] == family]
        assert cases, f"no cases for {family}"
        failures = []
        for case in cases:
            path = workdir(case)
            try:
                want = run([GNU_SED], case, path)
                got = run(DEMOTE + CANDIDATE, case, path)
            finally:
                shutil.rmtree(path, ignore_errors=True)
            if got != want:
                failures.append((case, want, got))
        if failures:
            case, want, got = failures[0]
            files = [name for name, _text in case.get("files", [])]
            detail = (f"{len(failures)} of {len(cases)} cases differ; first: sed {arguments(case)!r} "
                      f"with files {files} on stdin {case['input'][:60]!r}: expected {want[0]!r} "
                      f"(status {want[1]}), got {got[0]!r} (status {got[1]})")
>           raise AssertionError(detail)
E           AssertionError: 3 of 24 cases differ; first: sed ['-E', '-n', '-e', 'h\ns?x?Y?\np\ng\ns+x+Y+\np\ng\ns*x*Y*\np\ng\ns.x.Y.\np\ng\ns[x[Y[\np\ng\ns]x]Y]\np\ng\ns{x{Y{\np\ng\ns}x}Y}\np\ng'] with files [] on stdin 'xax\n': expected b'Yax\nYax\nYax\nYax\nYax\nYax\nYax\nYax\n' (status 0), got b'' (status 1)

/tests/test_outputs.py:167: AssertionError
______________________________ test_sweep_classes ______________________________

    def test_sweep_classes():
>       check("sweep_classes")

/tests/test_outputs.py:343: 
_ _ _ _ _ _ _ _ _ _ _ _ _ _ _ _ _ _ _ _ _ _ _ _ _ _ _ _ _ _ _ _ _ _ _ _ _ _ _ _ 

family = 'sweep_classes'

    def check(family):
        cases = [c for c in CASES if c["family"] == family]
        assert cases, f"no cases for {family}"
        failures = []
        for case in cases:
            path = workdir(case)
            try:
                want = run([GNU_SED], case, path)
                got = run(DEMOTE + CANDIDATE, case, path)
            finally:
                shutil.rmtree(path, ignore_errors=True)
            if got != want:
                failures.append((case, want, got))
        if failures:
            case, want, got = failures[0]
            files = [name for name, _text in case.get("files", [])]
            detail = (f"{len(failures)} of {len(cases)} cases differ; first: sed {arguments(case)!r} "
                      f"with files {files} on stdin {case['input'][:60]!r}: expected {want[0]!r} "
                      f"(status {want[1]}), got {got[0]!r} (status {got[1]})")
>           raise AssertionError(detail)
E           AssertionError: 1 of 7 cases differ; first: sed ['-E', '-n', '-e', 'h\ns/[[:cntrl:]]+/<&>/g\np\ng\ns/[[:punct:]]+/<&>/g\np\ng\ns/[[:space:]]+/<&>/g\np\ng\ns/[[:print:]]+/<&>/g\np\ng\ns/[[:graph:]]+/<&>/g\np\ng\ns/[[:xdigit:]]+/<&>/g\np\ng'] with files [] on stdin '\x01\x02\x03\x04\x05\x06\x07\x08\t\x0b\x0c\r\x0e\x0f\x10\x11\x12\x13\x14\x15\x16\x17\x18\x19\x1a\x1b\x1c\x1d\x1e\x1f !"#$%&\'()*+,-./0123456789:;<=': expected b'<\x01\x02\x03\x04\x05\x06\x07\x08\t\x0b\x0c\r\x0e\x0f\x10\x11\x12\x13\x14\x15\x16\x17\x18\x19\x1a\x1b\x1c\x1d\x1e\x1f> !"#$%&\'()*+,-./0123456789:;<=>?@ABCDEFGHIJKLMNOPQRSTUVWXYZ[\\]^_`abcdefghijklmnopqrstuvwxyz{|}~<\x7f>\n\x01\x02\x03\x04\x05\x06\x07\x08\t\x0b\x0c\r\x0e\x0f\x10\x11\x12\x13\x14\x15\x16\x17\x18\x19\x1a\x1b\x1c\x1d\x1e\x1f <!"#$%&\'()*+,-./>0123456789<:;<=>?@>ABCDEFGHIJKLMNOPQRSTUVWXYZ<[\\]^_`>abcdefghijklmnopqrstuvwxyz<{|}~>\x7f\n\x01\x02\x03\x04\x05\x06\x07\x08<\t\x0b\x0c\r>\x0e\x0f\x10\x11\x12\x13\x14\x15\x16\x17\x18\x19\x1a\x1b\x1c\x1d\x1e\x1f< >!"#$%&\'()*+,-./0123456789:;<=>?@ABCDEFGHIJKLMNOPQRSTUVWXYZ[\\]^_`abcdefghijklmnopqrstuvwxyz{|}~\x7f\n\x01\x02\x03\x04\x05\x06\x07\x08\t\x0b\x0c\r\x0e\x0f\x10\x11\x12\x13\x14\x15\x16\x17\x18\x19\x1a\x1b\x1c\x1d\x1e\x1f< !"#$%&\'()*+,-./0123456789:;<=>?@ABCDEFGHIJKLMNOPQRSTUVWXYZ[\\]^_`abcdefghijklmnopqrstuvwxyz{|}~>\x7f\n\x01\x02\x03\x04\x05\x06\x07\x08\t\x0b\x0c\r\x0e\x0f\x10\x11\x12\x13\x14\x15\x16\x17\x18\x19\x1a\x1b\x1c\x1d\x1e\x1f <!"#$%&\'()*+,-./0123456789:;<=>?@ABCDEFGHIJKLMNOPQRSTUVWXYZ[\\]^_`abcdefghijklmnopqrstuvwxyz{|}~>\x7f\n\x01\x02\x03\x04\x05\x06\x07\x08\t\x0b\x0c\r\x0e\x0f\x10\x11\x12\x13\x14\x15\x16\x17\x18\x19\x1a\x1b\x1c\x1d\x1e\x1f !"#$%&\'()*+,-./<0123456789>:;<=>?@<ABCDEF>GHIJKLMNOPQRSTUVWXYZ[\\]^_`<abcdef>ghijklmnopqrstuvwxyz{|}~\x7f\nplain text\nplain text\nplain< >text\n<plain text>\n<plain> <text>\npl<a>in t<e>xt\n' (status 0), got b'' (status 1)

/tests/test_outputs.py:167: AssertionError
___________________________ test_sweep_bracket_edges ___________________________

    def test_sweep_bracket_edges():
>       check("sweep_bracket_edges")

/tests/test_outputs.py:351: 
_ _ _ _ _ _ _ _ _ _ _ _ _ _ _ _ _ _ _ _ _ _ _ _ _ _ _ _ _ _ _ _ _ _ _ _ _ _ _ _ 

family = 'sweep_bracket_edges'

    def check(family):
        cases = [c for c in CASES if c["family"] == family]
        assert cases, f"no cases for {family}"
        failures = []
        for case in cases:
            path = workdir(case)
            try:
                want = run([GNU_SED], case, path)
                got = run(DEMOTE + CANDIDATE, case, path)
            finally:
                shutil.rmtree(path, ignore_errors=True)
            if got != want:
                failures.append((case, want, got))
        if failures:
            case, want, got = failures[0]
            files = [name for name, _text in case.get("files", [])]
            detail = (f"{len(failures)} of {len(cases)} cases differ; first: sed {arguments(case)!r} "
                      f"with files {files} on stdin {case['input'][:60]!r}: expected {want[0]!r} "
                      f"(status {want[1]}), got {got[0]!r} (status {got[1]})")
>           raise AssertionError(detail)
E           AssertionError: 4 of 8 cases differ; first: sed ['-E', '-n', '-e', '/[-a]/{=;p}\n/[a-]/{=;p}\n/[]-a]/{=;p}\n/[^-a]/{=;p}'] with files [] on stdin '-\na\nZ\n]\n.\n/\nd\nb\n!\n,\n^\n%\n': expected b'1\n-\n1\n-\n2\na\n2\na\n2\na\n3\nZ\n4\n]\n4\n]\n5\n.\n6\n/\n7\nd\n8\nb\n9\n!\n10\n,\n11\n^\n11\n^\n12\n%\n' (status 0), got b'' (status 1)

/tests/test_outputs.py:167: AssertionError
==================================== PASSES ====================================
=========================== short test summary info ============================
PASSED ../../tests/test_outputs.py::test_bracket_expressions
PASSED ../../tests/test_outputs.py::test_plus_ranges
PASSED ../../tests/test_outputs.py::test_multiple_ranges
PASSED ../../tests/test_outputs.py::test_zero_address
PASSED ../../tests/test_outputs.py::test_append_insert_change
PASSED ../../tests/test_outputs.py::test_hold_space
PASSED ../../tests/test_outputs.py::test_multiline_commands
PASSED ../../tests/test_outputs.py::test_branching_and_t_flag
PASSED ../../tests/test_outputs.py::test_quit_and_exit_status
PASSED ../../tests/test_outputs.py::test_z_and_line_numbers
PASSED ../../tests/test_outputs.py::test_comments_and_first_line
PASSED ../../tests/test_outputs.py::test_several_files
PASSED ../../tests/test_outputs.py::test_empty_input
PASSED ../../tests/test_outputs.py::test_matrix_s_flags
PASSED ../../tests/test_outputs.py::test_matrix_quit
PASSED ../../tests/test_outputs.py::test_matrix_t_flag
PASSED ../../tests/test_outputs.py::test_matrix_blocks
PASSED ../../tests/test_outputs.py::test_matrix_files
PASSED ../../tests/test_outputs.py::test_matrix_append
PASSED ../../tests/test_outputs.py::test_matrix_long_input
PASSED ../../tests/test_outputs.py::test_matrix_ranges
PASSED ../../tests/test_outputs.py::test_matrix_delimiters
PASSED ../../tests/test_outputs.py::test_sweep_exit_status
PASSED ../../tests/test_outputs.py::test_sweep_empty_regex
PASSED ../../tests/test_outputs.py::test_editing_is_done_in_python
FAILED ../../tests/test_outputs.py::test_substitution_and_regex_escapes - Ass...
FAILED ../../tests/test_outputs.py::test_leftmost_longest_matching - Assertio...
FAILED ../../tests/test_outputs.py::test_step_and_regex_addresses - Assertion...
FAILED ../../tests/test_outputs.py::test_options_and_script_argument - Assert...
FAILED ../../tests/test_outputs.py::test_mixed_scripts_1 - AssertionError: 34...
FAILED ../../tests/test_outputs.py::test_mixed_scripts_2 - AssertionError: 30...
FAILED ../../tests/test_outputs.py::test_mixed_scripts_3 - AssertionError: 33...
FAILED ../../tests/test_outputs.py::test_mixed_scripts_4 - AssertionError: 28...
FAILED ../../tests/test_outputs.py::test_matrix_escapes - AssertionError: 23 ...
FAILED ../../tests/test_outputs.py::test_matrix_regex_escapes - AssertionErro...
FAILED ../../tests/test_outputs.py::test_matrix_groups - AssertionError: 10 o...
FAILED ../../tests/test_outputs.py::test_matrix_intervals - AssertionError: 1...
FAILED ../../tests/test_outputs.py::test_matrix_anchors - AssertionError: 4 o...
FAILED ../../tests/test_outputs.py::test_matrix_brackets - AssertionError: 13...
FAILED ../../tests/test_outputs.py::test_sweep_long_lines - AssertionError: 2...
FAILED ../../tests/test_outputs.py::test_sweep_long_scripts - AssertionError:...
FAILED ../../tests/test_outputs.py::test_sweep_numbers - AssertionError: 2 of...
FAILED ../../tests/test_outputs.py::test_sweep_anchors - AssertionError: 8 of...
FAILED ../../tests/test_outputs.py::test_sweep_options - AssertionError: 14 o...
FAILED ../../tests/test_outputs.py::test_sweep_delimiters - AssertionError: 3...
FAILED ../../tests/test_outputs.py::test_sweep_classes - AssertionError: 1 of...
FAILED ../../tests/test_outputs.py::test_sweep_bracket_edges - AssertionError...
================== 22 failed, 25 passed in 113.66s (0:01:53) ===================
