============================= test session starts ==============================
platform linux -- Python 3.13.12, pytest-9.1.1, pluggy-1.6.0
rootdir: /tests
plugins: json-ctrf-0.5.2
collected 47 items

../../tests/test_outputs.py ..F................................F........ [ 93%]
.F.                                                                      [100%]

=================================== FAILURES ===================================
___________________________ test_bracket_expressions ___________________________

    def test_bracket_expressions():
>       check("bracket_expressions")

/tests/test_outputs.py:179: 
_ _ _ _ _ _ _ _ _ _ _ _ _ _ _ _ _ _ _ _ _ _ _ _ _ _ _ _ _ _ _ _ _ _ _ _ _ _ _ _ 

family = 'bracket_expressions'

    def check(family):
        cases = [c for c in CASES if c["family"] == family]
        assert cases, f"no cases for {family}"
        failures = []
        for case in cases:
            path = workdir(case)
            try:
                want = run([GNU_SED], case, path)
                got = run(DEMOTE + CANDIDATE, case, path)
            finally:
                shutil.rmtree(path, ignore_errors=True)
            if got != want:
                failures.append((case, want, got))
        if failures:
            case, want, got = failures[0]
            files = [name for name, _text in case.get("files", [])]
            detail = (f"{len(failures)} of {len(cases)} cases differ; first: sed {arguments(case)!r} "
                      f"with files {files} on stdin {case['input'][:60]!r}: expected {want[0]!r} "
                      f"(status {want[1]}), got {got[0]!r} (status {got[1]})")
>           raise AssertionError(detail)
E           AssertionError: 1 of 45 cases differ; first: sed ['-e', 's/[-a]/X/g'] with files [] on stdin '-a.b\n': expected b'XX.b\n' (status 0), got b'XXXb\n' (status 0)

/tests/test_outputs.py:167: AssertionError
_____________________________ test_matrix_brackets _____________________________

    def test_matrix_brackets():
>       check("matrix_brackets")

/tests/test_outputs.py:311: 
_ _ _ _ _ _ _ _ _ _ _ _ _ _ _ _ _ _ _ _ _ _ _ _ _ _ _ _ _ _ _ _ _ _ _ _ _ _ _ _ 

family = 'matrix_brackets'

    def check(family):
        cases = [c for c in CASES if c["family"] == family]
        assert cases, f"no cases for {family}"
        failures = []
        for case in cases:
            path = workdir(case)
            try:
                want = run([GNU_SED], case, path)
                got = run(DEMOTE + CANDIDATE, case, path)
            finally:
                shutil.rmtree(path, ignore_errors=True)
            if got != want:
                failures.append((case, want, got))
        if failures:
            case, want, got = failures[0]
            files = [name for name, _text in case.get("files", [])]
            detail = (f"{len(failures)} of {len(cases)} cases differ; first: sed {arguments(case)!r} "
                      f"with files {files} on stdin {case['input'][:60]!r}: expected {want[0]!r} "
                      f"(status {want[1]}), got {got[0]!r} (status {got[1]})")
>           raise AssertionError(detail)
E           AssertionError: 2 of 38 cases differ; first: sed ['-e', 's/[-a]/X/g'] with files [] on stdin 'a-b]c\\d w\t.*Z9\n': expected b'XXb]c\\d w\t.*Z9\n' (status 0), got b'XXbXcXd w\tX*XX\n' (status 0)

/tests/test_outputs.py:167: AssertionError
___________________________ test_sweep_bracket_edges ___________________________

    def test_sweep_bracket_edges():
>       check("sweep_bracket_edges")

/tests/test_outputs.py:351: 
_ _ _ _ _ _ _ _ _ _ _ _ _ _ _ _ _ _ _ _ _ _ _ _ _ _ _ _ _ _ _ _ _ _ _ _ _ _ _ _ 

family = 'sweep_bracket_edges'

    def check(family):
        cases = [c for c in CASES if c["family"] == family]
        assert cases, f"no cases for {family}"
        failures = []
        for case in cases:
            path = workdir(case)
            try:
                want = run([GNU_SED], case, path)
                got = run(DEMOTE + CANDIDATE, case, path)
            finally:
                shutil.rmtree(path, ignore_errors=True)
            if got != want:
                failures.append((case, want, got))
        if failures:
            case, want, got = failures[0]
            files = [name for name, _text in case.get("files", [])]
            detail = (f"{len(failures)} of {len(cases)} cases differ; first: sed {arguments(case)!r} "
                      f"with files {files} on stdin {case['input'][:60]!r}: expected {want[0]!r} "
                      f"(status {want[1]}), got {got[0]!r} (status {got[1]})")
>           raise AssertionError(detail)
E           AssertionError: 2 of 8 cases differ; first: sed ['-n', '-e', '/[--/]/{=;p}\n/[!--]/{=;p}\n/[%--]/{=;p}\n/[]a]/{=;p}'] with files [] on stdin '-\na\nZ\n]\n.\n/\nd\nb\n!\n,\n^\n%\n': expected b'1\n-\n1\n-\n1\n-\n2\na\n4\n]\n5\n.\n6\n/\n9\n!\n10\n,\n10\n,\n12\n%\n12\n%\n' (status 0), got b'1\n-\n1\n-\n1\n-\n2\na\n4\n]\n6\n/\n9\n!\n10\n,\n10\n,\n12\n%\n12\n%\n' (status 0)

/tests/test_outputs.py:167: AssertionError
==================================== PASSES ====================================
=========================== short test summary info ============================
PASSED ../../tests/test_outputs.py::test_substitution_and_regex_escapes
PASSED ../../tests/test_outputs.py::test_leftmost_longest_matching
PASSED ../../tests/test_outputs.py::test_step_and_regex_addresses
PASSED ../../tests/test_outputs.py::test_plus_ranges
PASSED ../../tests/test_outputs.py::test_multiple_ranges
PASSED ../../tests/test_outputs.py::test_zero_address
PASSED ../../tests/test_outputs.py::test_append_insert_change
PASSED ../../tests/test_outputs.py::test_hold_space
PASSED ../../tests/test_outputs.py::test_multiline_commands
PASSED ../../tests/test_outputs.py::test_branching_and_t_flag
PASSED ../../tests/test_outputs.py::test_quit_and_exit_status
PASSED ../../tests/test_outputs.py::test_z_and_line_numbers
PASSED ../../tests/test_outputs.py::test_comments_and_first_line
PASSED ../../tests/test_outputs.py::test_several_files
PASSED ../../tests/test_outputs.py::test_options_and_script_argument
PASSED ../../tests/test_outputs.py::test_empty_input
PASSED ../../tests/test_outputs.py::test_mixed_scripts_1
PASSED ../../tests/test_outputs.py::test_mixed_scripts_2
PASSED ../../tests/test_outputs.py::test_mixed_scripts_3
PASSED ../../tests/test_outputs.py::test_mixed_scripts_4
PASSED ../../tests/test_outputs.py::test_matrix_escapes
PASSED ../../tests/test_outputs.py::test_matrix_regex_escapes
PASSED ../../tests/test_outputs.py::test_matrix_s_flags
PASSED ../../tests/test_outputs.py::test_matrix_groups
PASSED ../../tests/test_outputs.py::test_matrix_intervals
PASSED ../../tests/test_outputs.py::test_matrix_quit
PASSED ../../tests/test_outputs.py::test_matrix_t_flag
PASSED ../../tests/test_outputs.py::test_matrix_blocks
PASSED ../../tests/test_outputs.py::test_matrix_files
PASSED ../../tests/test_outputs.py::test_matrix_append
PASSED ../../tests/test_outputs.py::test_matrix_long_input
PASSED ../../tests/test_outputs.py::test_matrix_anchors
PASSED ../../tests/test_outputs.py::test_matrix_ranges
PASSED ../../tests/test_outputs.py::test_matrix_delimiters
PASSED ../../tests/test_outputs.py::test_sweep_long_lines
PASSED ../../tests/test_outputs.py::test_sweep_long_scripts
PASSED ../../tests/test_outputs.py::test_sweep_numbers
PASSED ../../tests/test_outputs.py::test_sweep_exit_status
PASSED ../../tests/test_outputs.py::test_sweep_anchors
PASSED ../../tests/test_outputs.py::test_sweep_options
PASSED ../../tests/test_outputs.py::test_sweep_delimiters
PASSED ../../tests/test_outputs.py::test_sweep_classes
PASSED ../../tests/test_outputs.py::test_sweep_empty_regex
PASSED ../../tests/test_outputs.py::test_editing_is_done_in_python
FAILED ../../tests/test_outputs.py::test_bracket_expressions - AssertionError...
FAILED ../../tests/test_outputs.py::test_matrix_brackets - AssertionError: 2 ...
FAILED ../../tests/test_outputs.py::test_sweep_bracket_edges - AssertionError...
=================== 3 failed, 44 passed in 86.07s (0:01:26) ====================
