2021-12-22 06:57:02 startup archives unpack
2021-12-22 06:57:02 install anacron:all <none> 2.3-2
2021-12-22 06:57:02 status half-installed anacron:all 2.3-2
2021-12-22 06:57:02 configure anacron:all 2.3-2 2.3-2
2021-12-22 06:57:02 status installed anacron:all 2.3-2
2021-12-24 00:32:06 startup archives unpack
2021-12-24 00:32:06 install logwatch:all <none> 2.18-1
2021-12-24 00:32:06 status half-installed logwatch:all 2.18-1
2021-12-24 00:32:06 configure logwatch:all 2.18-1 2.18-1
2021-12-24 00:32:06 status installed logwatch:all 2.18-1
2021-12-25 03:42:19 startup archives unpack
2021-12-25 03:42:19 install rkhunter:all <none> 6.20-4
2021-12-25 03:42:19 status half-installed rkhunter:all 6.20-4
2021-12-25 03:42:19 configure rkhunter:all 6.20-4 6.20-4
2021-12-25 03:42:19 status installed rkhunter:all 6.20-4
2021-12-27 14:18:23 startup archives unpack
2021-12-27 14:18:23 install sysstat:all <none> 8.9-2
2021-12-27 14:18:23 status half-installed sysstat:all 8.9-2
2021-12-27 14:18:23 configure sysstat:all 8.9-2 8.9-2
2021-12-27 14:18:23 status installed sysstat:all 8.9-2
2021-12-29 03:18:57 startup archives unpack
2021-12-29 03:18:57 install apt-listchanges:all <none> 3.6-1
2021-12-29 03:18:57 status half-installed apt-listchanges:all 3.6-1
2021-12-29 03:18:57 configure apt-listchanges:all 3.6-1 3.6-1
2021-12-29 03:18:57 status installed apt-listchanges:all 3.6-1
