============================= test session starts ==============================
platform linux -- Python 3.13.12, pytest-9.1.1, pluggy-1.6.0
rootdir: /tests
plugins: json-ctrf-0.5.2
collected 37 items

../../tests/test_outputs.py FFFFFFFFFFFFFFFFFFFFFFFFFFFFFFFFFFFF.        [100%]

=================================== FAILURES ===================================
_____________________ test_substitution_and_regex_escapes ______________________

    def test_substitution_and_regex_escapes():
>       check("substitution_and_regex_escapes")

/tests/test_outputs.py:154: 
_ _ _ _ _ _ _ _ _ _ _ _ _ _ _ _ _ _ _ _ _ _ _ _ _ _ _ _ _ _ _ _ _ _ _ _ _ _ _ _ 

family = 'substitution_and_regex_escapes'

    def check(family):
        cases = [c for c in CASES if c["family"] == family]
        assert cases, f"no cases for {family}"
        failures = []
        for case in cases:
            path = workdir(case)
            try:
                want = run([GNU_SED], case, path)
                got = run(DEMOTE + CANDIDATE, case, path)
            finally:
                shutil.rmtree(path, ignore_errors=True)
            if got != want:
                failures.append((case, want, got))
        if failures:
            case, want, got = failures[0]
            files = [name for name, _text in case.get("files", [])]
            detail = (f"{len(failures)} of {len(cases)} cases differ; first: sed {arguments(case)!r} "
                      f"with files {files} on stdin {case['input'][:60]!r}: expected {want[0]!r} "
                      f"(status {want[1]}), got {got[0]!r} (status {got[1]})")
>           raise AssertionError(detail)
E           AssertionError: 108 of 108 cases differ; first: sed ['-e', 's/o/0/'] with files [] on stdin 'one\ntwo\nthree\nfour\nfive\nsix\nseven\neight\nnine\nten\n': expected b'0ne\ntw0\nthree\nf0ur\nfive\nsix\nseven\neight\nnine\nten\n' (status 0), got b'' (status 4)

/tests/test_outputs.py:150: AssertionError
________________________ test_leftmost_longest_matching ________________________

    def test_leftmost_longest_matching():
>       check("leftmost_longest")

/tests/test_outputs.py:158: 
_ _ _ _ _ _ _ _ _ _ _ _ _ _ _ _ _ _ _ _ _ _ _ _ _ _ _ _ _ _ _ _ _ _ _ _ _ _ _ _ 

family = 'leftmost_longest'

    def check(family):
        cases = [c for c in CASES if c["family"] == family]
        assert cases, f"no cases for {family}"
        failures = []
        for case in cases:
            path = workdir(case)
            try:
                want = run([GNU_SED], case, path)
                got = run(DEMOTE + CANDIDATE, case, path)
            finally:
                shutil.rmtree(path, ignore_errors=True)
            if got != want:
                failures.append((case, want, got))
        if failures:
            case, want, got = failures[0]
            files = [name for name, _text in case.get("files", [])]
            detail = (f"{len(failures)} of {len(cases)} cases differ; first: sed {arguments(case)!r} "
                      f"with files {files} on stdin {case['input'][:60]!r}: expected {want[0]!r} "
                      f"(status {want[1]}), got {got[0]!r} (status {got[1]})")
>           raise AssertionError(detail)
E           AssertionError: 14 of 14 cases differ; first: sed ['-e', 's|/|:|g'] with files [] on stdin '/usr/local/bin\n': expected b':usr:local:bin\n' (status 0), got b'' (status 4)

/tests/test_outputs.py:150: AssertionError
___________________________ test_bracket_expressions ___________________________

    def test_bracket_expressions():
>       check("bracket_expressions")

/tests/test_outputs.py:162: 
_ _ _ _ _ _ _ _ _ _ _ _ _ _ _ _ _ _ _ _ _ _ _ _ _ _ _ _ _ _ _ _ _ _ _ _ _ _ _ _ 

family = 'bracket_expressions'

    def check(family):
        cases = [c for c in CASES if c["family"] == family]
        assert cases, f"no cases for {family}"
        failures = []
        for case in cases:
            path = workdir(case)
            try:
                want = run([GNU_SED], case, path)
                got = run(DEMOTE + CANDIDATE, case, path)
            finally:
                shutil.rmtree(path, ignore_errors=True)
            if got != want:
                failures.append((case, want, got))
        if failures:
            case, want, got = failures[0]
            files = [name for name, _text in case.get("files", [])]
            detail = (f"{len(failures)} of {len(cases)} cases differ; first: sed {arguments(case)!r} "
                      f"with files {files} on stdin {case['input'][:60]!r}: expected {want[0]!r} "
                      f"(status {want[1]}), got {got[0]!r} (status {got[1]})")
>           raise AssertionError(detail)
E           AssertionError: 45 of 45 cases differ; first: sed ['-e', 's/[aeiou]//g'] with files [] on stdin 'alpha beta gamma\nabc abcd ab\nfoo=1;bar=22;baz=333\n  indented': expected b'lph bt gmm\nbc bcd b\nf=1;br=22;bz=333\n  ndntd ln\nUPPER lwr MXD\n\nlst ln hr\n' (status 0), got b'' (status 4)

/tests/test_outputs.py:150: AssertionError
________________________ test_step_and_regex_addresses _________________________

    def test_step_and_regex_addresses():
>       check("step_and_regex_addresses")

/tests/test_outputs.py:166: 
_ _ _ _ _ _ _ _ _ _ _ _ _ _ _ _ _ _ _ _ _ _ _ _ _ _ _ _ _ _ _ _ _ _ _ _ _ _ _ _ 

family = 'step_and_regex_addresses'

    def check(family):
        cases = [c for c in CASES if c["family"] == family]
        assert cases, f"no cases for {family}"
        failures = []
        for case in cases:
            path = workdir(case)
            try:
                want = run([GNU_SED], case, path)
                got = run(DEMOTE + CANDIDATE, case, path)
            finally:
                shutil.rmtree(path, ignore_errors=True)
            if got != want:
                failures.append((case, want, got))
        if failures:
            case, want, got = failures[0]
            files = [name for name, _text in case.get("files", [])]
            detail = (f"{len(failures)} of {len(cases)} cases differ; first: sed {arguments(case)!r} "
                      f"with files {files} on stdin {case['input'][:60]!r}: expected {want[0]!r} "
                      f"(status {want[1]}), got {got[0]!r} (status {got[1]})")
>           raise AssertionError(detail)
E           AssertionError: 58 of 58 cases differ; first: sed ['-e', '3d'] with files [] on stdin 'one\ntwo\nthree\nfour\nfive\nsix\nseven\neight\nnine\nten\n': expected b'one\ntwo\nfour\nfive\nsix\nseven\neight\nnine\nten\n' (status 0), got b'' (status 4)

/tests/test_outputs.py:150: AssertionError
_______________________________ test_plus_ranges _______________________________

    def test_plus_ranges():
>       check("plus_ranges")

/tests/test_outputs.py:170: 
_ _ _ _ _ _ _ _ _ _ _ _ _ _ _ _ _ _ _ _ _ _ _ _ _ _ _ _ _ _ _ _ _ _ _ _ _ _ _ _ 

family = 'plus_ranges'

    def check(family):
        cases = [c for c in CASES if c["family"] == family]
        assert cases, f"no cases for {family}"
        failures = []
        for case in cases:
            path = workdir(case)
            try:
                want = run([GNU_SED], case, path)
                got = run(DEMOTE + CANDIDATE, case, path)
            finally:
                shutil.rmtree(path, ignore_errors=True)
            if got != want:
                failures.append((case, want, got))
        if failures:
            case, want, got = failures[0]
            files = [name for name, _text in case.get("files", [])]
            detail = (f"{len(failures)} of {len(cases)} cases differ; first: sed {arguments(case)!r} "
                      f"with files {files} on stdin {case['input'][:60]!r}: expected {want[0]!r} "
                      f"(status {want[1]}), got {got[0]!r} (status {got[1]})")
>           raise AssertionError(detail)
E           AssertionError: 3 of 3 cases differ; first: sed ['-n', '-e', '/four/,+2p'] with files [] on stdin 'one\ntwo\nthree\nfour\nfive\nsix\nseven\neight\nnine\nten\n': expected b'four\nfive\nsix\n' (status 0), got b'' (status 4)

/tests/test_outputs.py:150: AssertionError
_____________________________ test_multiple_ranges _____________________________

    def test_multiple_ranges():
>       check("multiple_ranges")

/tests/test_outputs.py:174: 
_ _ _ _ _ _ _ _ _ _ _ _ _ _ _ _ _ _ _ _ _ _ _ _ _ _ _ _ _ _ _ _ _ _ _ _ _ _ _ _ 

family = 'multiple_ranges'

    def check(family):
        cases = [c for c in CASES if c["family"] == family]
        assert cases, f"no cases for {family}"
        failures = []
        for case in cases:
            path = workdir(case)
            try:
                want = run([GNU_SED], case, path)
                got = run(DEMOTE + CANDIDATE, case, path)
            finally:
                shutil.rmtree(path, ignore_errors=True)
            if got != want:
                failures.append((case, want, got))
        if failures:
            case, want, got = failures[0]
            files = [name for name, _text in case.get("files", [])]
            detail = (f"{len(failures)} of {len(cases)} cases differ; first: sed {arguments(case)!r} "
                      f"with files {files} on stdin {case['input'][:60]!r}: expected {want[0]!r} "
                      f"(status {want[1]}), got {got[0]!r} (status {got[1]})")
>           raise AssertionError(detail)
E           AssertionError: 11 of 11 cases differ; first: sed ['-n', '-e', '/two/,~4p'] with files [] on stdin 'one\ntwo\nthree\nfour\nfive\nsix\nseven\neight\nnine\nten\n': expected b'two\nthree\nfour\n' (status 0), got b'' (status 4)

/tests/test_outputs.py:150: AssertionError
______________________________ test_zero_address _______________________________

    def test_zero_address():
>       check("zero_address")

/tests/test_outputs.py:178: 
_ _ _ _ _ _ _ _ _ _ _ _ _ _ _ _ _ _ _ _ _ _ _ _ _ _ _ _ _ _ _ _ _ _ _ _ _ _ _ _ 

family = 'zero_address'

    def check(family):
        cases = [c for c in CASES if c["family"] == family]
        assert cases, f"no cases for {family}"
        failures = []
        for case in cases:
            path = workdir(case)
            try:
                want = run([GNU_SED], case, path)
                got = run(DEMOTE + CANDIDATE, case, path)
            finally:
                shutil.rmtree(path, ignore_errors=True)
            if got != want:
                failures.append((case, want, got))
        if failures:
            case, want, got = failures[0]
            files = [name for name, _text in case.get("files", [])]
            detail = (f"{len(failures)} of {len(cases)} cases differ; first: sed {arguments(case)!r} "
                      f"with files {files} on stdin {case['input'][:60]!r}: expected {want[0]!r} "
                      f"(status {want[1]}), got {got[0]!r} (status {got[1]})")
>           raise AssertionError(detail)
E           AssertionError: 2 of 2 cases differ; first: sed ['-n', '-e', '0,/o/p'] with files [] on stdin 'one\ntwo\nthree\nfour\nfive\nsix\nseven\neight\nnine\nten\n': expected b'one\n' (status 0), got b'' (status 4)

/tests/test_outputs.py:150: AssertionError
__________________________ test_append_insert_change ___________________________

    def test_append_insert_change():
>       check("append_insert_change")

/tests/test_outputs.py:182: 
_ _ _ _ _ _ _ _ _ _ _ _ _ _ _ _ _ _ _ _ _ _ _ _ _ _ _ _ _ _ _ _ _ _ _ _ _ _ _ _ 

family = 'append_insert_change'

    def check(family):
        cases = [c for c in CASES if c["family"] == family]
        assert cases, f"no cases for {family}"
        failures = []
        for case in cases:
            path = workdir(case)
            try:
                want = run([GNU_SED], case, path)
                got = run(DEMOTE + CANDIDATE, case, path)
            finally:
                shutil.rmtree(path, ignore_errors=True)
            if got != want:
                failures.append((case, want, got))
        if failures:
            case, want, got = failures[0]
            files = [name for name, _text in case.get("files", [])]
            detail = (f"{len(failures)} of {len(cases)} cases differ; first: sed {arguments(case)!r} "
                      f"with files {files} on stdin {case['input'][:60]!r}: expected {want[0]!r} "
                      f"(status {want[1]}), got {got[0]!r} (status {got[1]})")
>           raise AssertionError(detail)
E           AssertionError: 50 of 50 cases differ; first: sed ['-e', 'a\\\nappended'] with files [] on stdin 'one\ntwo\nthree\nfour\nfive\nsix\nseven\neight\nnine\nten\n': expected b'one\nappended\ntwo\nappended\nthree\nappended\nfour\nappended\nfive\nappended\nsix\nappended\nseven\nappended\neight\nappended\nnine\nappended\nten\nappended\n' (status 0), got b'' (status 4)

/tests/test_outputs.py:150: AssertionError
_______________________________ test_hold_space ________________________________

    def test_hold_space():
>       check("hold_space")

/tests/test_outputs.py:186: 
_ _ _ _ _ _ _ _ _ _ _ _ _ _ _ _ _ _ _ _ _ _ _ _ _ _ _ _ _ _ _ _ _ _ _ _ _ _ _ _ 

family = 'hold_space'

    def check(family):
        cases = [c for c in CASES if c["family"] == family]
        assert cases, f"no cases for {family}"
        failures = []
        for case in cases:
            path = workdir(case)
            try:
                want = run([GNU_SED], case, path)
                got = run(DEMOTE + CANDIDATE, case, path)
            finally:
                shutil.rmtree(path, ignore_errors=True)
            if got != want:
                failures.append((case, want, got))
        if failures:
            case, want, got = failures[0]
            files = [name for name, _text in case.get("files", [])]
            detail = (f"{len(failures)} of {len(cases)} cases differ; first: sed {arguments(case)!r} "
                      f"with files {files} on stdin {case['input'][:60]!r}: expected {want[0]!r} "
                      f"(status {want[1]}), got {got[0]!r} (status {got[1]})")
>           raise AssertionError(detail)
E           AssertionError: 8 of 8 cases differ; first: sed ['-e', 'h;G'] with files [] on stdin 'one\ntwo\nthree\nfour\nfive\nsix\nseven\neight\nnine\nten\n': expected b'one\none\ntwo\ntwo\nthree\nthree\nfour\nfour\nfive\nfive\nsix\nsix\nseven\nseven\neight\neight\nnine\nnine\nten\nten\n' (status 0), got b'' (status 4)

/tests/test_outputs.py:150: AssertionError
___________________________ test_multiline_commands ____________________________

    def test_multiline_commands():
>       check("multiline_commands")

/tests/test_outputs.py:190: 
_ _ _ _ _ _ _ _ _ _ _ _ _ _ _ _ _ _ _ _ _ _ _ _ _ _ _ _ _ _ _ _ _ _ _ _ _ _ _ _ 

family = 'multiline_commands'

    def check(family):
        cases = [c for c in CASES if c["family"] == family]
        assert cases, f"no cases for {family}"
        failures = []
        for case in cases:
            path = workdir(case)
            try:
                want = run([GNU_SED], case, path)
                got = run(DEMOTE + CANDIDATE, case, path)
            finally:
                shutil.rmtree(path, ignore_errors=True)
            if got != want:
                failures.append((case, want, got))
        if failures:
            case, want, got = failures[0]
            files = [name for name, _text in case.get("files", [])]
            detail = (f"{len(failures)} of {len(cases)} cases differ; first: sed {arguments(case)!r} "
                      f"with files {files} on stdin {case['input'][:60]!r}: expected {want[0]!r} "
                      f"(status {want[1]}), got {got[0]!r} (status {got[1]})")
>           raise AssertionError(detail)
E           AssertionError: 22 of 22 cases differ; first: sed ['-e', 'n;d'] with files [] on stdin 'one\ntwo\nthree\nfour\nfive\nsix\nseven\neight\nnine\nten\n': expected b'one\nthree\nfive\nseven\nnine\n' (status 0), got b'' (status 4)

/tests/test_outputs.py:150: AssertionError
__________________________ test_branching_and_t_flag ___________________________

    def test_branching_and_t_flag():
>       check("branching_and_t_flag")

/tests/test_outputs.py:194: 
_ _ _ _ _ _ _ _ _ _ _ _ _ _ _ _ _ _ _ _ _ _ _ _ _ _ _ _ _ _ _ _ _ _ _ _ _ _ _ _ 

family = 'branching_and_t_flag'

    def check(family):
        cases = [c for c in CASES if c["family"] == family]
        assert cases, f"no cases for {family}"
        failures = []
        for case in cases:
            path = workdir(case)
            try:
                want = run([GNU_SED], case, path)
                got = run(DEMOTE + CANDIDATE, case, path)
            finally:
                shutil.rmtree(path, ignore_errors=True)
            if got != want:
                failures.append((case, want, got))
        if failures:
            case, want, got = failures[0]
            files = [name for name, _text in case.get("files", [])]
            detail = (f"{len(failures)} of {len(cases)} cases differ; first: sed {arguments(case)!r} "
                      f"with files {files} on stdin {case['input'][:60]!r}: expected {want[0]!r} "
                      f"(status {want[1]}), got {got[0]!r} (status {got[1]})")
>           raise AssertionError(detail)
E           AssertionError: 23 of 23 cases differ; first: sed ['-e', ':a;N;$!ba;s/\\n/ /g'] with files [] on stdin 'one\ntwo\nthree\nfour\nfive\nsix\nseven\neight\nnine\nten\n': expected b'one two three four five six seven eight nine ten\n' (status 0), got b'' (status 4)

/tests/test_outputs.py:150: AssertionError
__________________________ test_quit_and_exit_status ___________________________

    def test_quit_and_exit_status():
>       check("quit_and_exit_status")

/tests/test_outputs.py:198: 
_ _ _ _ _ _ _ _ _ _ _ _ _ _ _ _ _ _ _ _ _ _ _ _ _ _ _ _ _ _ _ _ _ _ _ _ _ _ _ _ 

family = 'quit_and_exit_status'

    def check(family):
        cases = [c for c in CASES if c["family"] == family]
        assert cases, f"no cases for {family}"
        failures = []
        for case in cases:
            path = workdir(case)
            try:
                want = run([GNU_SED], case, path)
                got = run(DEMOTE + CANDIDATE, case, path)
            finally:
                shutil.rmtree(path, ignore_errors=True)
            if got != want:
                failures.append((case, want, got))
        if failures:
            case, want, got = failures[0]
            files = [name for name, _text in case.get("files", [])]
            detail = (f"{len(failures)} of {len(cases)} cases differ; first: sed {arguments(case)!r} "
                      f"with files {files} on stdin {case['input'][:60]!r}: expected {want[0]!r} "
                      f"(status {want[1]}), got {got[0]!r} (status {got[1]})")
>           raise AssertionError(detail)
E           AssertionError: 7 of 7 cases differ; first: sed ['-e', '3q'] with files [] on stdin 'one\ntwo\nthree\nfour\nfive\nsix\nseven\neight\nnine\nten\n': expected b'one\ntwo\nthree\n' (status 0), got b'' (status 4)

/tests/test_outputs.py:150: AssertionError
___________________________ test_z_and_line_numbers ____________________________

    def test_z_and_line_numbers():
>       check("z_and_line_numbers")

/tests/test_outputs.py:202: 
_ _ _ _ _ _ _ _ _ _ _ _ _ _ _ _ _ _ _ _ _ _ _ _ _ _ _ _ _ _ _ _ _ _ _ _ _ _ _ _ 

family = 'z_and_line_numbers'

    def check(family):
        cases = [c for c in CASES if c["family"] == family]
        assert cases, f"no cases for {family}"
        failures = []
        for case in cases:
            path = workdir(case)
            try:
                want = run([GNU_SED], case, path)
                got = run(DEMOTE + CANDIDATE, case, path)
            finally:
                shutil.rmtree(path, ignore_errors=True)
            if got != want:
                failures.append((case, want, got))
        if failures:
            case, want, got = failures[0]
            files = [name for name, _text in case.get("files", [])]
            detail = (f"{len(failures)} of {len(cases)} cases differ; first: sed {arguments(case)!r} "
                      f"with files {files} on stdin {case['input'][:60]!r}: expected {want[0]!r} "
                      f"(status {want[1]}), got {got[0]!r} (status {got[1]})")
>           raise AssertionError(detail)
E           AssertionError: 6 of 6 cases differ; first: sed ['-n', '-e', '/^$/='] with files [] on stdin 'alpha beta gamma\nabc abcd ab\nfoo=1;bar=22;baz=333\n  indented': expected b'6\n' (status 0), got b'' (status 4)

/tests/test_outputs.py:150: AssertionError
_________________________ test_comments_and_first_line _________________________

    def test_comments_and_first_line():
>       check("comments_and_first_line")

/tests/test_outputs.py:206: 
_ _ _ _ _ _ _ _ _ _ _ _ _ _ _ _ _ _ _ _ _ _ _ _ _ _ _ _ _ _ _ _ _ _ _ _ _ _ _ _ 

family = 'comments_and_first_line'

    def check(family):
        cases = [c for c in CASES if c["family"] == family]
        assert cases, f"no cases for {family}"
        failures = []
        for case in cases:
            path = workdir(case)
            try:
                want = run([GNU_SED], case, path)
                got = run(DEMOTE + CANDIDATE, case, path)
            finally:
                shutil.rmtree(path, ignore_errors=True)
            if got != want:
                failures.append((case, want, got))
        if failures:
            case, want, got = failures[0]
            files = [name for name, _text in case.get("files", [])]
            detail = (f"{len(failures)} of {len(cases)} cases differ; first: sed {arguments(case)!r} "
                      f"with files {files} on stdin {case['input'][:60]!r}: expected {want[0]!r} "
                      f"(status {want[1]}), got {got[0]!r} (status {got[1]})")
>           raise AssertionError(detail)
E           AssertionError: 19 of 19 cases differ; first: sed ['-e', '#n\np'] with files [] on stdin 'one\ntwo\nthree\nfour\nfive\nsix\nseven\neight\nnine\nten\n': expected b'one\ntwo\nthree\nfour\nfive\nsix\nseven\neight\nnine\nten\n' (status 0), got b'' (status 4)

/tests/test_outputs.py:150: AssertionError
______________________________ test_several_files ______________________________

    def test_several_files():
>       check("several_files")

/tests/test_outputs.py:210: 
_ _ _ _ _ _ _ _ _ _ _ _ _ _ _ _ _ _ _ _ _ _ _ _ _ _ _ _ _ _ _ _ _ _ _ _ _ _ _ _ 

family = 'several_files'

    def check(family):
        cases = [c for c in CASES if c["family"] == family]
        assert cases, f"no cases for {family}"
        failures = []
        for case in cases:
            path = workdir(case)
            try:
                want = run([GNU_SED], case, path)
                got = run(DEMOTE + CANDIDATE, case, path)
            finally:
                shutil.rmtree(path, ignore_errors=True)
            if got != want:
                failures.append((case, want, got))
        if failures:
            case, want, got = failures[0]
            files = [name for name, _text in case.get("files", [])]
            detail = (f"{len(failures)} of {len(cases)} cases differ; first: sed {arguments(case)!r} "
                      f"with files {files} on stdin {case['input'][:60]!r}: expected {want[0]!r} "
                      f"(status {want[1]}), got {got[0]!r} (status {got[1]})")
>           raise AssertionError(detail)
E           AssertionError: 16 of 16 cases differ; first: sed ['-s', '-n', '-e', '$p'] with files [] on stdin 'one\ntwo\nthree\nfour\nfive\nsix\nseven\neight\nnine\nten\n': expected b'ten\n' (status 0), got b'' (status 4)

/tests/test_outputs.py:150: AssertionError
_______________________ test_options_and_script_argument _______________________

    def test_options_and_script_argument():
>       check("options_and_script_argument")

/tests/test_outputs.py:214: 
_ _ _ _ _ _ _ _ _ _ _ _ _ _ _ _ _ _ _ _ _ _ _ _ _ _ _ _ _ _ _ _ _ _ _ _ _ _ _ _ 

family = 'options_and_script_argument'

    def check(family):
        cases = [c for c in CASES if c["family"] == family]
        assert cases, f"no cases for {family}"
        failures = []
        for case in cases:
            path = workdir(case)
            try:
                want = run([GNU_SED], case, path)
                got = run(DEMOTE + CANDIDATE, case, path)
            finally:
                shutil.rmtree(path, ignore_errors=True)
            if got != want:
                failures.append((case, want, got))
        if failures:
            case, want, got = failures[0]
            files = [name for name, _text in case.get("files", [])]
            detail = (f"{len(failures)} of {len(cases)} cases differ; first: sed {arguments(case)!r} "
                      f"with files {files} on stdin {case['input'][:60]!r}: expected {want[0]!r} "
                      f"(status {want[1]}), got {got[0]!r} (status {got[1]})")
>           raise AssertionError(detail)
E           AssertionError: 7 of 7 cases differ; first: sed ['s/o/0/g'] with files [] on stdin 'one\ntwo\nthree\nfour\n': expected b'0ne\ntw0\nthree\nf0ur\n' (status 0), got b'' (status 4)

/tests/test_outputs.py:150: AssertionError
_______________________________ test_empty_input _______________________________

    def test_empty_input():
>       check("empty_input")

/tests/test_outputs.py:218: 
_ _ _ _ _ _ _ _ _ _ _ _ _ _ _ _ _ _ _ _ _ _ _ _ _ _ _ _ _ _ _ _ _ _ _ _ _ _ _ _ 

family = 'empty_input'

    def check(family):
        cases = [c for c in CASES if c["family"] == family]
        assert cases, f"no cases for {family}"
        failures = []
        for case in cases:
            path = workdir(case)
            try:
                want = run([GNU_SED], case, path)
                got = run(DEMOTE + CANDIDATE, case, path)
            finally:
                shutil.rmtree(path, ignore_errors=True)
            if got != want:
                failures.append((case, want, got))
        if failures:
            case, want, got = failures[0]
            files = [name for name, _text in case.get("files", [])]
            detail = (f"{len(failures)} of {len(cases)} cases differ; first: sed {arguments(case)!r} "
                      f"with files {files} on stdin {case['input'][:60]!r}: expected {want[0]!r} "
                      f"(status {want[1]}), got {got[0]!r} (status {got[1]})")
>           raise AssertionError(detail)
E           AssertionError: 6 of 6 cases differ; first: sed ['-e', 'p'] with files [] on stdin '': expected b'' (status 0), got b'' (status 4)

/tests/test_outputs.py:150: AssertionError
_____________________________ test_mixed_scripts_1 _____________________________

    def test_mixed_scripts_1():
>       check("mixed_scripts_1")

/tests/test_outputs.py:222: 
_ _ _ _ _ _ _ _ _ _ _ _ _ _ _ _ _ _ _ _ _ _ _ _ _ _ _ _ _ _ _ _ _ _ _ _ _ _ _ _ 

family = 'mixed_scripts_1'

    def check(family):
        cases = [c for c in CASES if c["family"] == family]
        assert cases, f"no cases for {family}"
        failures = []
        for case in cases:
            path = workdir(case)
            try:
                want = run([GNU_SED], case, path)
                got = run(DEMOTE + CANDIDATE, case, path)
            finally:
                shutil.rmtree(path, ignore_errors=True)
            if got != want:
                failures.append((case, want, got))
        if failures:
            case, want, got = failures[0]
            files = [name for name, _text in case.get("files", [])]
            detail = (f"{len(failures)} of {len(cases)} cases differ; first: sed {arguments(case)!r} "
                      f"with files {files} on stdin {case['input'][:60]!r}: expected {want[0]!r} "
                      f"(status {want[1]}), got {got[0]!r} (status {got[1]})")
>           raise AssertionError(detail)
E           AssertionError: 80 of 80 cases differ; first: sed ['-E', '-e', '/ab/x;$s/(a|ab)(c|bcd)*/-/3'] with files [] on stdin 'tab\there\\back\nint integer in\nxabcxabxa\nfoobarbaz\n': expected b'\nint integer in\ntab\there\\back\nfoobarbaz\n' (status 0), got b'' (status 4)

/tests/test_outputs.py:150: AssertionError
_____________________________ test_mixed_scripts_2 _____________________________

    def test_mixed_scripts_2():
>       check("mixed_scripts_2")

/tests/test_outputs.py:226: 
_ _ _ _ _ _ _ _ _ _ _ _ _ _ _ _ _ _ _ _ _ _ _ _ _ _ _ _ _ _ _ _ _ _ _ _ _ _ _ _ 

family = 'mixed_scripts_2'

    def check(family):
        cases = [c for c in CASES if c["family"] == family]
        assert cases, f"no cases for {family}"
        failures = []
        for case in cases:
            path = workdir(case)
            try:
                want = run([GNU_SED], case, path)
                got = run(DEMOTE + CANDIDATE, case, path)
            finally:
                shutil.rmtree(path, ignore_errors=True)
            if got != want:
                failures.append((case, want, got))
        if failures:
            case, want, got = failures[0]
            files = [name for name, _text in case.get("files", [])]
            detail = (f"{len(failures)} of {len(cases)} cases differ; first: sed {arguments(case)!r} "
                      f"with files {files} on stdin {case['input'][:60]!r}: expected {want[0]!r} "
                      f"(status {want[1]}), got {got[0]!r} (status {got[1]})")
>           raise AssertionError(detail)
E           AssertionError: 74 of 74 cases differ; first: sed ['-n', '-e', 's/[[:upper:]][a-z]*/\\&/3'] with files [] on stdin 'one\ntwo\nthree\nfour\nfive\nsix\nseven\neight\nnine\nten\n': expected b'' (status 0), got b'' (status 4)

/tests/test_outputs.py:150: AssertionError
_____________________________ test_mixed_scripts_3 _____________________________

    def test_mixed_scripts_3():
>       check("mixed_scripts_3")

/tests/test_outputs.py:230: 
_ _ _ _ _ _ _ _ _ _ _ _ _ _ _ _ _ _ _ _ _ _ _ _ _ _ _ _ _ _ _ _ _ _ _ _ _ _ _ _ 

family = 'mixed_scripts_3'

    def check(family):
        cases = [c for c in CASES if c["family"] == family]
        assert cases, f"no cases for {family}"
        failures = []
        for case in cases:
            path = workdir(case)
            try:
                want = run([GNU_SED], case, path)
                got = run(DEMOTE + CANDIDATE, case, path)
            finally:
                shutil.rmtree(path, ignore_errors=True)
            if got != want:
                failures.append((case, want, got))
        if failures:
            case, want, got = failures[0]
            files = [name for name, _text in case.get("files", [])]
            detail = (f"{len(failures)} of {len(cases)} cases differ; first: sed {arguments(case)!r} "
                      f"with files {files} on stdin {case['input'][:60]!r}: expected {want[0]!r} "
                      f"(status {want[1]}), got {got[0]!r} (status {got[1]})")
>           raise AssertionError(detail)
E           AssertionError: 75 of 75 cases differ; first: sed ['-e', '1c\\\nCHG', 'f1', 'f2'] with files ['f1', 'f2'] on stdin '': expected b'CHG\ntwo\nthree\nfour\nfive\nsix\nseven\neight\nnine\nten\none\ntwo\nthree\nfour\nfive\nsix\nseven\neight\nnine\nten\n' (status 0), got b'' (status 4)

/tests/test_outputs.py:150: AssertionError
_____________________________ test_mixed_scripts_4 _____________________________

    def test_mixed_scripts_4():
>       check("mixed_scripts_4")

/tests/test_outputs.py:234: 
_ _ _ _ _ _ _ _ _ _ _ _ _ _ _ _ _ _ _ _ _ _ _ _ _ _ _ _ _ _ _ _ _ _ _ _ _ _ _ _ 

family = 'mixed_scripts_4'

    def check(family):
        cases = [c for c in CASES if c["family"] == family]
        assert cases, f"no cases for {family}"
        failures = []
        for case in cases:
            path = workdir(case)
            try:
                want = run([GNU_SED], case, path)
                got = run(DEMOTE + CANDIDATE, case, path)
            finally:
                shutil.rmtree(path, ignore_errors=True)
            if got != want:
                failures.append((case, want, got))
        if failures:
            case, want, got = failures[0]
            files = [name for name, _text in case.get("files", [])]
            detail = (f"{len(failures)} of {len(cases)} cases differ; first: sed {arguments(case)!r} "
                      f"with files {files} on stdin {case['input'][:60]!r}: expected {want[0]!r} "
                      f"(status {want[1]}), got {got[0]!r} (status {got[1]})")
>           raise AssertionError(detail)
E           AssertionError: 70 of 70 cases differ; first: sed ['-E', '-e', 's/[^ ]+$/[&]/2g'] with files [] on stdin 'tab\there\\back\nint integer in\nxabcxabxa\nfoobarbaz\n': expected b'tab\there\\back\nint integer in\nxabcxabxa\nfoobarbaz\n' (status 0), got b'' (status 4)

/tests/test_outputs.py:150: AssertionError
_____________________________ test_matrix_escapes ______________________________

    def test_matrix_escapes():
>       check("matrix_escapes")

/tests/test_outputs.py:238: 
_ _ _ _ _ _ _ _ _ _ _ _ _ _ _ _ _ _ _ _ _ _ _ _ _ _ _ _ _ _ _ _ _ _ _ _ _ _ _ _ 

family = 'matrix_escapes'

    def check(family):
        cases = [c for c in CASES if c["family"] == family]
        assert cases, f"no cases for {family}"
        failures = []
        for case in cases:
            path = workdir(case)
            try:
                want = run([GNU_SED], case, path)
                got = run(DEMOTE + CANDIDATE, case, path)
            finally:
                shutil.rmtree(path, ignore_errors=True)
            if got != want:
                failures.append((case, want, got))
        if failures:
            case, want, got = failures[0]
            files = [name for name, _text in case.get("files", [])]
            detail = (f"{len(failures)} of {len(cases)} cases differ; first: sed {arguments(case)!r} "
                      f"with files {files} on stdin {case['input'][:60]!r}: expected {want[0]!r} "
                      f"(status {want[1]}), got {got[0]!r} (status {got[1]})")
>           raise AssertionError(detail)
E           AssertionError: 112 of 112 cases differ; first: sed ['-e', 's/x/<\\a>/'] with files [] on stdin 'axb\nxx\n': expected b'a<\x07>b\n<\x07>x\n' (status 0), got b'' (status 4)

/tests/test_outputs.py:150: AssertionError
__________________________ test_matrix_regex_escapes ___________________________

    def test_matrix_regex_escapes():
>       check("matrix_regex_escapes")

/tests/test_outputs.py:242: 
_ _ _ _ _ _ _ _ _ _ _ _ _ _ _ _ _ _ _ _ _ _ _ _ _ _ _ _ _ _ _ _ _ _ _ _ _ _ _ _ 

family = 'matrix_regex_escapes'

    def check(family):
        cases = [c for c in CASES if c["family"] == family]
        assert cases, f"no cases for {family}"
        failures = []
        for case in cases:
            path = workdir(case)
            try:
                want = run([GNU_SED], case, path)
                got = run(DEMOTE + CANDIDATE, case, path)
            finally:
                shutil.rmtree(path, ignore_errors=True)
            if got != want:
                failures.append((case, want, got))
        if failures:
            case, want, got = failures[0]
            files = [name for name, _text in case.get("files", [])]
            detail = (f"{len(failures)} of {len(cases)} cases differ; first: sed {arguments(case)!r} "
                      f"with files {files} on stdin {case['input'][:60]!r}: expected {want[0]!r} "
                      f"(status {want[1]}), got {got[0]!r} (status {got[1]})")
>           raise AssertionError(detail)
E           AssertionError: 84 of 84 cases differ; first: sed ['-e', 's/\\w/X/g'] with files [] on stdin 'foo bar_1 x-y\n  \t\nfoobar\n-a-\nab cd\n': expected b'XXX XXXXX X-X\n  \t\nXXXXXX\n-X-\nXX XX\n' (status 0), got b'' (status 4)

/tests/test_outputs.py:150: AssertionError
_____________________________ test_matrix_s_flags ______________________________

    def test_matrix_s_flags():
>       check("matrix_s_flags")

/tests/test_outputs.py:246: 
_ _ _ _ _ _ _ _ _ _ _ _ _ _ _ _ _ _ _ _ _ _ _ _ _ _ _ _ _ _ _ _ _ _ _ _ _ _ _ _ 

family = 'matrix_s_flags'

    def check(family):
        cases = [c for c in CASES if c["family"] == family]
        assert cases, f"no cases for {family}"
        failures = []
        for case in cases:
            path = workdir(case)
            try:
                want = run([GNU_SED], case, path)
                got = run(DEMOTE + CANDIDATE, case, path)
            finally:
                shutil.rmtree(path, ignore_errors=True)
            if got != want:
                failures.append((case, want, got))
        if failures:
            case, want, got = failures[0]
            files = [name for name, _text in case.get("files", [])]
            detail = (f"{len(failures)} of {len(cases)} cases differ; first: sed {arguments(case)!r} "
                      f"with files {files} on stdin {case['input'][:60]!r}: expected {want[0]!r} "
                      f"(status {want[1]}), got {got[0]!r} (status {got[1]})")
>           raise AssertionError(detail)
E           AssertionError: 59 of 59 cases differ; first: sed ['-e', 's/a/X/gp'] with files [] on stdin 'aaa\nbab\nccc\naaaaa\n': expected b'XXX\nXXX\nbXb\nbXb\nccc\nXXXXX\nXXXXX\n' (status 0), got b'' (status 4)

/tests/test_outputs.py:150: AssertionError
______________________________ test_matrix_groups ______________________________

    def test_matrix_groups():
>       check("matrix_groups")

/tests/test_outputs.py:250: 
_ _ _ _ _ _ _ _ _ _ _ _ _ _ _ _ _ _ _ _ _ _ _ _ _ _ _ _ _ _ _ _ _ _ _ _ _ _ _ _ 

family = 'matrix_groups'

    def check(family):
        cases = [c for c in CASES if c["family"] == family]
        assert cases, f"no cases for {family}"
        failures = []
        for case in cases:
            path = workdir(case)
            try:
                want = run([GNU_SED], case, path)
                got = run(DEMOTE + CANDIDATE, case, path)
            finally:
                shutil.rmtree(path, ignore_errors=True)
            if got != want:
                failures.append((case, want, got))
        if failures:
            case, want, got = failures[0]
            files = [name for name, _text in case.get("files", [])]
            detail = (f"{len(failures)} of {len(cases)} cases differ; first: sed {arguments(case)!r} "
                      f"with files {files} on stdin {case['input'][:60]!r}: expected {want[0]!r} "
                      f"(status {want[1]}), got {got[0]!r} (status {got[1]})")
>           raise AssertionError(detail)
E           AssertionError: 29 of 29 cases differ; first: sed ['-e', 's/\\(.\\)\\(.\\)\\(.\\)\\(.\\)\\(.\\)\\(.\\)\\(.\\)\\(.\\)\\(.\\)/[\\1]/'] with files [] on stdin 'abcdefghij\n': expected b'[a]j\n' (status 0), got b'' (status 4)

/tests/test_outputs.py:150: AssertionError
____________________________ test_matrix_intervals _____________________________

    def test_matrix_intervals():
>       check("matrix_intervals")

/tests/test_outputs.py:254: 
_ _ _ _ _ _ _ _ _ _ _ _ _ _ _ _ _ _ _ _ _ _ _ _ _ _ _ _ _ _ _ _ _ _ _ _ _ _ _ _ 

family = 'matrix_intervals'

    def check(family):
        cases = [c for c in CASES if c["family"] == family]
        assert cases, f"no cases for {family}"
        failures = []
        for case in cases:
            path = workdir(case)
            try:
                want = run([GNU_SED], case, path)
                got = run(DEMOTE + CANDIDATE, case, path)
            finally:
                shutil.rmtree(path, ignore_errors=True)
            if got != want:
                failures.append((case, want, got))
        if failures:
            case, want, got = failures[0]
            files = [name for name, _text in case.get("files", [])]
            detail = (f"{len(failures)} of {len(cases)} cases differ; first: sed {arguments(case)!r} "
                      f"with files {files} on stdin {case['input'][:60]!r}: expected {want[0]!r} "
                      f"(status {want[1]}), got {got[0]!r} (status {got[1]})")
>           raise AssertionError(detail)
E           AssertionError: 24 of 24 cases differ; first: sed ['-e', 's/a\\{2\\}/X/g'] with files [] on stdin 'a aa aaa aaaa\n': expected b'a X Xa XX\n' (status 0), got b'' (status 4)

/tests/test_outputs.py:150: AssertionError
_______________________________ test_matrix_quit _______________________________

    def test_matrix_quit():
>       check("matrix_quit")

/tests/test_outputs.py:258: 
_ _ _ _ _ _ _ _ _ _ _ _ _ _ _ _ _ _ _ _ _ _ _ _ _ _ _ _ _ _ _ _ _ _ _ _ _ _ _ _ 

family = 'matrix_quit'

    def check(family):
        cases = [c for c in CASES if c["family"] == family]
        assert cases, f"no cases for {family}"
        failures = []
        for case in cases:
            path = workdir(case)
            try:
                want = run([GNU_SED], case, path)
                got = run(DEMOTE + CANDIDATE, case, path)
            finally:
                shutil.rmtree(path, ignore_errors=True)
            if got != want:
                failures.append((case, want, got))
        if failures:
            case, want, got = failures[0]
            files = [name for name, _text in case.get("files", [])]
            detail = (f"{len(failures)} of {len(cases)} cases differ; first: sed {arguments(case)!r} "
                      f"with files {files} on stdin {case['input'][:60]!r}: expected {want[0]!r} "
                      f"(status {want[1]}), got {got[0]!r} (status {got[1]})")
>           raise AssertionError(detail)
E           AssertionError: 50 of 50 cases differ; first: sed ['-e', '2q'] with files [] on stdin 'a\nb\nc\n': expected b'a\nb\n' (status 0), got b'' (status 4)

/tests/test_outputs.py:150: AssertionError
______________________________ test_matrix_t_flag ______________________________

    def test_matrix_t_flag():
>       check("matrix_t_flag")

/tests/test_outputs.py:262: 
_ _ _ _ _ _ _ _ _ _ _ _ _ _ _ _ _ _ _ _ _ _ _ _ _ _ _ _ _ _ _ _ _ _ _ _ _ _ _ _ 

family = 'matrix_t_flag'

    def check(family):
        cases = [c for c in CASES if c["family"] == family]
        assert cases, f"no cases for {family}"
        failures = []
        for case in cases:
            path = workdir(case)
            try:
                want = run([GNU_SED], case, path)
                got = run(DEMOTE + CANDIDATE, case, path)
            finally:
                shutil.rmtree(path, ignore_errors=True)
            if got != want:
                failures.append((case, want, got))
        if failures:
            case, want, got = failures[0]
            files = [name for name, _text in case.get("files", [])]
            detail = (f"{len(failures)} of {len(cases)} cases differ; first: sed {arguments(case)!r} "
                      f"with files {files} on stdin {case['input'][:60]!r}: expected {want[0]!r} "
                      f"(status {want[1]}), got {got[0]!r} (status {got[1]})")
>           raise AssertionError(detail)
E           AssertionError: 13 of 13 cases differ; first: sed ['-e', 's/a/A/;n;T ok;s/$/BAD/;:ok'] with files [] on stdin 'a\nb\nc\nd\n': expected b'A\nb\nc\nd\n' (status 0), got b'' (status 4)

/tests/test_outputs.py:150: AssertionError
______________________________ test_matrix_blocks ______________________________

    def test_matrix_blocks():
>       check("matrix_blocks")

/tests/test_outputs.py:266: 
_ _ _ _ _ _ _ _ _ _ _ _ _ _ _ _ _ _ _ _ _ _ _ _ _ _ _ _ _ _ _ _ _ _ _ _ _ _ _ _ 

family = 'matrix_blocks'

    def check(family):
        cases = [c for c in CASES if c["family"] == family]
        assert cases, f"no cases for {family}"
        failures = []
        for case in cases:
            path = workdir(case)
            try:
                want = run([GNU_SED], case, path)
                got = run(DEMOTE + CANDIDATE, case, path)
            finally:
                shutil.rmtree(path, ignore_errors=True)
            if got != want:
                failures.append((case, want, got))
        if failures:
            case, want, got = failures[0]
            files = [name for name, _text in case.get("files", [])]
            detail = (f"{len(failures)} of {len(cases)} cases differ; first: sed {arguments(case)!r} "
                      f"with files {files} on stdin {case['input'][:60]!r}: expected {want[0]!r} "
                      f"(status {want[1]}), got {got[0]!r} (status {got[1]})")
>           raise AssertionError(detail)
E           AssertionError: 29 of 29 cases differ; first: sed ['-n', '-e', '2,3{s/./X/;p}'] with files [] on stdin 'a\nb\nc\nd\ne\n': expected b'X\nX\n' (status 0), got b'' (status 4)

/tests/test_outputs.py:150: AssertionError
______________________________ test_matrix_files _______________________________

    def test_matrix_files():
>       check("matrix_files")

/tests/test_outputs.py:270: 
_ _ _ _ _ _ _ _ _ _ _ _ _ _ _ _ _ _ _ _ _ _ _ _ _ _ _ _ _ _ _ _ _ _ _ _ _ _ _ _ 

family = 'matrix_files'

    def check(family):
        cases = [c for c in CASES if c["family"] == family]
        assert cases, f"no cases for {family}"
        failures = []
        for case in cases:
            path = workdir(case)
            try:
                want = run([GNU_SED], case, path)
                got = run(DEMOTE + CANDIDATE, case, path)
            finally:
                shutil.rmtree(path, ignore_errors=True)
            if got != want:
                failures.append((case, want, got))
        if failures:
            case, want, got = failures[0]
            files = [name for name, _text in case.get("files", [])]
            detail = (f"{len(failures)} of {len(cases)} cases differ; first: sed {arguments(case)!r} "
                      f"with files {files} on stdin {case['input'][:60]!r}: expected {want[0]!r} "
                      f"(status {want[1]}), got {got[0]!r} (status {got[1]})")
>           raise AssertionError(detail)
E           AssertionError: 16 of 16 cases differ; first: sed ['-e', 'p', '-', 'f'] with files ['-', 'f'] on stdin 'a\n': expected b'a\na\nb\nb\nc\nc\n' (status 0), got b'' (status 4)

/tests/test_outputs.py:150: AssertionError
______________________________ test_matrix_append ______________________________

    def test_matrix_append():
>       check("matrix_append")

/tests/test_outputs.py:274: 
_ _ _ _ _ _ _ _ _ _ _ _ _ _ _ _ _ _ _ _ _ _ _ _ _ _ _ _ _ _ _ _ _ _ _ _ _ _ _ _ 

family = 'matrix_append'

    def check(family):
        cases = [c for c in CASES if c["family"] == family]
        assert cases, f"no cases for {family}"
        failures = []
        for case in cases:
            path = workdir(case)
            try:
                want = run([GNU_SED], case, path)
                got = run(DEMOTE + CANDIDATE, case, path)
            finally:
                shutil.rmtree(path, ignore_errors=True)
            if got != want:
                failures.append((case, want, got))
        if failures:
            case, want, got = failures[0]
            files = [name for name, _text in case.get("files", [])]
            detail = (f"{len(failures)} of {len(cases)} cases differ; first: sed {arguments(case)!r} "
                      f"with files {files} on stdin {case['input'][:60]!r}: expected {want[0]!r} "
                      f"(status {want[1]}), got {got[0]!r} (status {got[1]})")
>           raise AssertionError(detail)
E           AssertionError: 16 of 16 cases differ; first: sed ['-e', 'a X\nN;P;d'] with files [] on stdin 'a\nb\nc\nd\n': expected b'X\na\nX\nc\n' (status 0), got b'' (status 4)

/tests/test_outputs.py:150: AssertionError
____________________________ test_matrix_long_input ____________________________

    def test_matrix_long_input():
>       check("matrix_long_input")

/tests/test_outputs.py:278: 
_ _ _ _ _ _ _ _ _ _ _ _ _ _ _ _ _ _ _ _ _ _ _ _ _ _ _ _ _ _ _ _ _ _ _ _ _ _ _ _ 

family = 'matrix_long_input'

    def check(family):
        cases = [c for c in CASES if c["family"] == family]
        assert cases, f"no cases for {family}"
        failures = []
        for case in cases:
            path = workdir(case)
            try:
                want = run([GNU_SED], case, path)
                got = run(DEMOTE + CANDIDATE, case, path)
            finally:
                shutil.rmtree(path, ignore_errors=True)
            if got != want:
                failures.append((case, want, got))
        if failures:
            case, want, got = failures[0]
            files = [name for name, _text in case.get("files", [])]
            detail = (f"{len(failures)} of {len(cases)} cases differ; first: sed {arguments(case)!r} "
                      f"with files {files} on stdin {case['input'][:60]!r}: expected {want[0]!r} "
                      f"(status {want[1]}), got {got[0]!r} (status {got[1]})")
>           raise AssertionError(detail)
E           AssertionError: 10 of 10 cases differ; first: sed ['-e', '='] with files [] on stdin 'line 01 b\nline 02 a\nline 03 b\nline 04 a\nline 05 b\nline 06 a\n': expected b'1\nline 01 b\n2\nline 02 a\n3\nline 03 b\n4\nline 04 a\n5\nline 05 b\n6\nline 06 a\n7\nline 07 b\n8\nline 08 a\n9\nline 09 b\n10\nline 10 a\n11\nline 11 b\n12\nline 12 a\n13\nline 13 b\n14\nline 14 a\n15\nline 15 b\n16\nline 16 a\n17\nline 17 b\n18\nline 18 a\n19\nline 19 b\n20\nline 20 a\n21\nline 21 b\n22\nline 22 a\n23\nline 23 b\n24\nline 24 a\n25\nline 25 b\n26\nline 26 a\n27\nline 27 b\n28\nline 28 a\n29\nline 29 b\n30\nline 30 a\n31\nline 31 b\n32\nline 32 a\n33\nline 33 b\n34\nline 34 a\n35\nline 35 b\n36\nline 36 a\n37\nline 37 b\n38\nline 38 a\n39\nline 39 b\n40\nline 40 a\n' (status 0), got b'' (status 4)

/tests/test_outputs.py:150: AssertionError
_____________________________ test_matrix_anchors ______________________________

    def test_matrix_anchors():
>       check("matrix_anchors")

/tests/test_outputs.py:282: 
_ _ _ _ _ _ _ _ _ _ _ _ _ _ _ _ _ _ _ _ _ _ _ _ _ _ _ _ _ _ _ _ _ _ _ _ _ _ _ _ 

family = 'matrix_anchors'

    def check(family):
        cases = [c for c in CASES if c["family"] == family]
        assert cases, f"no cases for {family}"
        failures = []
        for case in cases:
            path = workdir(case)
            try:
                want = run([GNU_SED], case, path)
                got = run(DEMOTE + CANDIDATE, case, path)
            finally:
                shutil.rmtree(path, ignore_errors=True)
            if got != want:
                failures.append((case, want, got))
        if failures:
            case, want, got = failures[0]
            files = [name for name, _text in case.get("files", [])]
            detail = (f"{len(failures)} of {len(cases)} cases differ; first: sed {arguments(case)!r} "
                      f"with files {files} on stdin {case['input'][:60]!r}: expected {want[0]!r} "
                      f"(status {want[1]}), got {got[0]!r} (status {got[1]})")
>           raise AssertionError(detail)
E           AssertionError: 11 of 11 cases differ; first: sed ['-e', 'N;s/$/E/g'] with files [] on stdin 'a\nb\nab\nba\n': expected b'a\nbE\nab\nbaE\n' (status 0), got b'' (status 4)

/tests/test_outputs.py:150: AssertionError
______________________________ test_matrix_ranges ______________________________

    def test_matrix_ranges():
>       check("matrix_ranges")

/tests/test_outputs.py:286: 
_ _ _ _ _ _ _ _ _ _ _ _ _ _ _ _ _ _ _ _ _ _ _ _ _ _ _ _ _ _ _ _ _ _ _ _ _ _ _ _ 

family = 'matrix_ranges'

    def check(family):
        cases = [c for c in CASES if c["family"] == family]
        assert cases, f"no cases for {family}"
        failures = []
        for case in cases:
            path = workdir(case)
            try:
                want = run([GNU_SED], case, path)
                got = run(DEMOTE + CANDIDATE, case, path)
            finally:
                shutil.rmtree(path, ignore_errors=True)
            if got != want:
                failures.append((case, want, got))
        if failures:
            case, want, got = failures[0]
            files = [name for name, _text in case.get("files", [])]
            detail = (f"{len(failures)} of {len(cases)} cases differ; first: sed {arguments(case)!r} "
                      f"with files {files} on stdin {case['input'][:60]!r}: expected {want[0]!r} "
                      f"(status {want[1]}), got {got[0]!r} (status {got[1]})")
>           raise AssertionError(detail)
E           AssertionError: 19 of 19 cases differ; first: sed ['-e', '0,/c/d'] with files [] on stdin 'a\nb\nc\nd\n': expected b'd\n' (status 0), got b'' (status 4)

/tests/test_outputs.py:150: AssertionError
____________________________ test_matrix_delimiters ____________________________

    def test_matrix_delimiters():
>       check("matrix_delimiters")

/tests/test_outputs.py:290: 
_ _ _ _ _ _ _ _ _ _ _ _ _ _ _ _ _ _ _ _ _ _ _ _ _ _ _ _ _ _ _ _ _ _ _ _ _ _ _ _ 

family = 'matrix_delimiters'

    def check(family):
        cases = [c for c in CASES if c["family"] == family]
        assert cases, f"no cases for {family}"
        failures = []
        for case in cases:
            path = workdir(case)
            try:
                want = run([GNU_SED], case, path)
                got = run(DEMOTE + CANDIDATE, case, path)
            finally:
                shutil.rmtree(path, ignore_errors=True)
            if got != want:
                failures.append((case, want, got))
        if failures:
            case, want, got = failures[0]
            files = [name for name, _text in case.get("files", [])]
            detail = (f"{len(failures)} of {len(cases)} cases differ; first: sed {arguments(case)!r} "
                      f"with files {files} on stdin {case['input'][:60]!r}: expected {want[0]!r} "
                      f"(status {want[1]}), got {got[0]!r} (status {got[1]})")
>           raise AssertionError(detail)
E           AssertionError: 15 of 15 cases differ; first: sed ['-e', 's1a1X1'] with files [] on stdin 'a/b\na,b\nb;a\n#a#\na:b\n': expected b'X/b\nX,b\nb;X\n#X#\nX:b\n' (status 0), got b'' (status 4)

/tests/test_outputs.py:150: AssertionError
_____________________________ test_matrix_brackets _____________________________

    def test_matrix_brackets():
>       check("matrix_brackets")

/tests/test_outputs.py:294: 
_ _ _ _ _ _ _ _ _ _ _ _ _ _ _ _ _ _ _ _ _ _ _ _ _ _ _ _ _ _ _ _ _ _ _ _ _ _ _ _ 

family = 'matrix_brackets'

    def check(family):
        cases = [c for c in CASES if c["family"] == family]
        assert cases, f"no cases for {family}"
        failures = []
        for case in cases:
            path = workdir(case)
            try:
                want = run([GNU_SED], case, path)
                got = run(DEMOTE + CANDIDATE, case, path)
            finally:
                shutil.rmtree(path, ignore_errors=True)
            if got != want:
                failures.append((case, want, got))
        if failures:
            case, want, got = failures[0]
            files = [name for name, _text in case.get("files", [])]
            detail = (f"{len(failures)} of {len(cases)} cases differ; first: sed {arguments(case)!r} "
                      f"with files {files} on stdin {case['input'][:60]!r}: expected {want[0]!r} "
                      f"(status {want[1]}), got {got[0]!r} (status {got[1]})")
>           raise AssertionError(detail)
E           AssertionError: 26 of 26 cases differ; first: sed ['-e', 's/[\\t]/X/g'] with files [] on stdin 'a-b]c\\d w\t.*Z9\n': expected b'a-b]c\\d wX.*Z9\n' (status 0), got b'' (status 4)

/tests/test_outputs.py:150: AssertionError
==================================== PASSES ====================================
=========================== short test summary info ============================
PASSED ../../tests/test_outputs.py::test_editing_is_done_in_python
FAILED ../../tests/test_outputs.py::test_substitution_and_regex_escapes - Ass...
FAILED ../../tests/test_outputs.py::test_leftmost_longest_matching - Assertio...
FAILED ../../tests/test_outputs.py::test_bracket_expressions - AssertionError...
FAILED ../../tests/test_outputs.py::test_step_and_regex_addresses - Assertion...
FAILED ../../tests/test_outputs.py::test_plus_ranges - AssertionError: 3 of 3...
FAILED ../../tests/test_outputs.py::test_multiple_ranges - AssertionError: 11...
FAILED ../../tests/test_outputs.py::test_zero_address - AssertionError: 2 of ...
FAILED ../../tests/test_outputs.py::test_append_insert_change - AssertionErro...
FAILED ../../tests/test_outputs.py::test_hold_space - AssertionError: 8 of 8 ...
FAILED ../../tests/test_outputs.py::test_multiline_commands - AssertionError:...
FAILED ../../tests/test_outputs.py::test_branching_and_t_flag - AssertionErro...
FAILED ../../tests/test_outputs.py::test_quit_and_exit_status - AssertionErro...
FAILED ../../tests/test_outputs.py::test_z_and_line_numbers - AssertionError:...
FAILED ../../tests/test_outputs.py::test_comments_and_first_line - AssertionE...
FAILED ../../tests/test_outputs.py::test_several_files - AssertionError: 16 o...
FAILED ../../tests/test_outputs.py::test_options_and_script_argument - Assert...
FAILED ../../tests/test_outputs.py::test_empty_input - AssertionError: 6 of 6...
FAILED ../../tests/test_outputs.py::test_mixed_scripts_1 - AssertionError: 80...
FAILED ../../tests/test_outputs.py::test_mixed_scripts_2 - AssertionError: 74...
FAILED ../../tests/test_outputs.py::test_mixed_scripts_3 - AssertionError: 75...
FAILED ../../tests/test_outputs.py::test_mixed_scripts_4 - AssertionError: 70...
FAILED ../../tests/test_outputs.py::test_matrix_escapes - AssertionError: 112...
FAILED ../../tests/test_outputs.py::test_matrix_regex_escapes - AssertionErro...
FAILED ../../tests/test_outputs.py::test_matrix_s_flags - AssertionError: 59 ...
FAILED ../../tests/test_outputs.py::test_matrix_groups - AssertionError: 29 o...
FAILED ../../tests/test_outputs.py::test_matrix_intervals - AssertionError: 2...
FAILED ../../tests/test_outputs.py::test_matrix_quit - AssertionError: 50 of ...
FAILED ../../tests/test_outputs.py::test_matrix_t_flag - AssertionError: 13 o...
FAILED ../../tests/test_outputs.py::test_matrix_blocks - AssertionError: 29 o...
FAILED ../../tests/test_outputs.py::test_matrix_files - AssertionError: 16 of...
FAILED ../../tests/test_outputs.py::test_matrix_append - AssertionError: 16 o...
FAILED ../../tests/test_outputs.py::test_matrix_long_input - AssertionError: ...
FAILED ../../tests/test_outputs.py::test_matrix_anchors - AssertionError: 11 ...
FAILED ../../tests/test_outputs.py::test_matrix_ranges - AssertionError: 19 o...
FAILED ../../tests/test_outputs.py::test_matrix_delimiters - AssertionError: ...
FAILED ../../tests/test_outputs.py::test_matrix_brackets - AssertionError: 26...
======================== 36 failed, 1 passed in 30.22s =========================
