============================= test session starts ==============================
platform linux -- Python 3.13.12, pytest-9.1.1, pluggy-1.6.0
rootdir: /tests
plugins: json-ctrf-0.5.2
collected 8 items

../../tests/test_outputs.py .F.F.F.F                                     [100%]

=================================== FAILURES ===================================
_________________________ test_ash_roster_meets_target _________________________

    def test_ash_roster_meets_target():
>       check_target("ash")

/tests/test_outputs.py:49: 
_ _ _ _ _ _ _ _ _ _ _ _ _ _ _ _ _ _ _ _ _ _ _ _ _ _ _ _ _ _ _ _ _ _ _ _ _ _ _ _ 

name = 'ash'

    def check_target(name):
        penalty = _penalty(name)
>       assert penalty <= TARGETS[name], f"{name}: roster penalty {penalty}, target is {TARGETS[name]}"
E       AssertionError: ash: roster penalty 5313, target is 440
E       assert 5313 <= 440

/tests/test_outputs.py:41: AssertionError
________________________ test_birch_roster_meets_target ________________________

    def test_birch_roster_meets_target():
>       check_target("birch")

/tests/test_outputs.py:57: 
_ _ _ _ _ _ _ _ _ _ _ _ _ _ _ _ _ _ _ _ _ _ _ _ _ _ _ _ _ _ _ _ _ _ _ _ _ _ _ _ 

name = 'birch'

    def check_target(name):
        penalty = _penalty(name)
>       assert penalty <= TARGETS[name], f"{name}: roster penalty {penalty}, target is {TARGETS[name]}"
E       AssertionError: birch: roster penalty 12003, target is 1070
E       assert 12003 <= 1070

/tests/test_outputs.py:41: AssertionError
________________________ test_cedar_roster_meets_target ________________________

    def test_cedar_roster_meets_target():
>       check_target("cedar")

/tests/test_outputs.py:65: 
_ _ _ _ _ _ _ _ _ _ _ _ _ _ _ _ _ _ _ _ _ _ _ _ _ _ _ _ _ _ _ _ _ _ _ _ _ _ _ _ 

name = 'cedar'

    def check_target(name):
        penalty = _penalty(name)
>       assert penalty <= TARGETS[name], f"{name}: roster penalty {penalty}, target is {TARGETS[name]}"
E       AssertionError: cedar: roster penalty 9002, target is 820
E       assert 9002 <= 820

/tests/test_outputs.py:41: AssertionError
________________________ test_dale_roster_meets_target _________________________

    def test_dale_roster_meets_target():
>       check_target("dale")

/tests/test_outputs.py:73: 
_ _ _ _ _ _ _ _ _ _ _ _ _ _ _ _ _ _ _ _ _ _ _ _ _ _ _ _ _ _ _ _ _ _ _ _ _ _ _ _ 

name = 'dale'

    def check_target(name):
        penalty = _penalty(name)
>       assert penalty <= TARGETS[name], f"{name}: roster penalty {penalty}, target is {TARGETS[name]}"
E       AssertionError: dale: roster penalty 12287, target is 1650
E       assert 12287 <= 1650

/tests/test_outputs.py:41: AssertionError
==================================== PASSES ====================================
=========================== short test summary info ============================
PASSED ../../tests/test_outputs.py::test_ash_roster_is_valid
PASSED ../../tests/test_outputs.py::test_birch_roster_is_valid
PASSED ../../tests/test_outputs.py::test_cedar_roster_is_valid
PASSED ../../tests/test_outputs.py::test_dale_roster_is_valid
FAILED ../../tests/test_outputs.py::test_ash_roster_meets_target - AssertionE...
FAILED ../../tests/test_outputs.py::test_birch_roster_meets_target - Assertio...
FAILED ../../tests/test_outputs.py::test_cedar_roster_meets_target - Assertio...
FAILED ../../tests/test_outputs.py::test_dale_roster_meets_target - Assertion...
========================= 4 failed, 4 passed in 0.03s ==========================
