============================= test session starts ==============================
platform linux -- Python 3.13.12, pytest-9.1.1, pluggy-1.6.0
rootdir: /tests
plugins: json-ctrf-0.5.2
collected 8 items

../../tests/test_outputs.py .......F                                     [100%]

=================================== FAILURES ===================================
________________________ test_dale_roster_meets_target _________________________

    def test_dale_roster_meets_target():
>       check_target("dale")

/tests/test_outputs.py:73: 
_ _ _ _ _ _ _ _ _ _ _ _ _ _ _ _ _ _ _ _ _ _ _ _ _ _ _ _ _ _ _ _ _ _ _ _ _ _ _ _ 

name = 'dale'

    def check_target(name):
        penalty = _penalty(name)
>       assert penalty <= TARGETS[name], f"{name}: roster penalty {penalty}, target is {TARGETS[name]}"
E       AssertionError: dale: roster penalty 1664, target is 1650
E       assert 1664 <= 1650

/tests/test_outputs.py:41: AssertionError
==================================== PASSES ====================================
=========================== short test summary info ============================
PASSED ../../tests/test_outputs.py::test_ash_roster_is_valid
PASSED ../../tests/test_outputs.py::test_ash_roster_meets_target
PASSED ../../tests/test_outputs.py::test_birch_roster_is_valid
PASSED ../../tests/test_outputs.py::test_birch_roster_meets_target
PASSED ../../tests/test_outputs.py::test_cedar_roster_is_valid
PASSED ../../tests/test_outputs.py::test_cedar_roster_meets_target
PASSED ../../tests/test_outputs.py::test_dale_roster_is_valid
FAILED ../../tests/test_outputs.py::test_dale_roster_meets_target - Assertion...
========================= 1 failed, 7 passed in 0.03s ==========================
