hash-n-needs-newline exit=0 hash-n-needs-newline: rejected on its own witness (test_outputs.py::test_comments_and_first_line)
t-flag-survives-reads exit=0 t-flag-survives-reads: rejected on its own witness (test_outputs.py::test_branching_and_t_flag)
tilde-ends-at-multiple exit=0 tilde-ends-at-multiple: rejected on its own witness (test_outputs.py::test_multiple_ranges)
leftmost-first-regex exit=0 leftmost-first-regex: rejected on its own witness (test_outputs.py::test_leftmost_longest_matching)
bracket-backslash-n-literal exit=0 bracket-backslash-n-literal: rejected on its own witness (test_outputs.py::test_bracket_expressions)
separate-ranges-span-files exit=0 separate-ranges-span-files: rejected on its own witness (test_outputs.py::test_several_files)
delegate-to-system-sed exit=0 delegate-to-system-sed: rejected on its own witness (test_outputs.py::test_multiple_ranges)
ic-one-line-text-dropped exit=0 ic-one-line-text-dropped: rejected on its own witness (test_outputs.py::test_append_insert_change)
d-restart-clears-t-flag exit=0 d-restart-clears-t-flag: rejected on its own witness (test_outputs.py::test_branching_and_t_flag)
xdigit-class-missing exit=0 xdigit-class-missing: rejected on its own witness (test_outputs.py::test_bracket_expressions)
aic-text-escapes-left-literal exit=0 aic-text-escapes-left-literal: rejected on its own witness (test_outputs.py::test_append_insert_change)
exponential-backtracking-regex exit=0 exponential-backtracking-regex: rejected on its own witness (test_outputs.py::test_leftmost_longest_matching)
tab-not-whitespace-before-command exit=0 tab-not-whitespace-before-command: rejected on its own witness (test_outputs.py::test_comments_and_first_line)
ere-escaped-question-is-quantifier exit=0 ere-escaped-question-is-quantifier: rejected on its own witness (test_outputs.py::test_substitution_and_regex_escapes)
replacement-escaped-delimiter-kept exit=0 replacement-escaped-delimiter-kept: rejected on its own witness (test_outputs.py::test_substitution_and_regex_escapes)
correct-but-six-seconds-on-pathological-regex exit=0 correct-but-six-seconds-on-pathological-regex: rejected on its own witness (test_outputs.py::test_leftmost_longest_matching)
q-exit-code-one-digit exit=0 q-exit-code-one-digit: rejected on its own witness (test_outputs.py::test_matrix_quit)
files-opened-before-the-run exit=0 files-opened-before-the-run: rejected on its own witness (test_outputs.py::test_matrix_quit)
ctypes-into-libc exit=0 ctypes-into-libc: rejected on its own witness (test_outputs.py::test_editing_is_done_in_python)
control-escape-r-left-literal exit=0 control-escape-r-left-literal: rejected on its own witness (test_outputs.py::test_matrix_escapes)
s-number-after-g-ignored exit=0 s-number-after-g-ignored: rejected on its own witness (test_outputs.py::test_matrix_s_flags)
bracket-range-end-newline-literal exit=0 bracket-range-end-newline-literal: rejected on its own witness (test_outputs.py::test_matrix_brackets)
block-range-first-line-only exit=0 block-range-first-line-only: rejected on its own witness (test_outputs.py::test_matrix_blocks)
imports-verifier-package exit=0 imports-verifier-package: rejected on its own witness (test_outputs.py::test_matrix_intervals)
ALL-DONE
