============================= test session starts ==============================
platform linux -- Python 3.13.12, pytest-9.1.1, pluggy-1.6.0
rootdir: /tests
plugins: json-ctrf-0.5.2
collected 21 items

../../tests/test_outputs.py ...............FFF...                        [100%]

=================================== FAILURES ===================================
_________________________ test_report_order_and_types __________________________

    def test_report_order_and_types():
>       check_family("report_order.jsonl")

/tests/test_outputs.py:211: 
_ _ _ _ _ _ _ _ _ _ _ _ _ _ _ _ _ _ _ _ _ _ _ _ _ _ _ _ _ _ _ _ _ _ _ _ _ _ _ _ 
/tests/test_outputs.py:147: in check_family
    compare(reduce(row["batch"]), row["report"], f"{name} batch {number}")
_ _ _ _ _ _ _ _ _ _ _ _ _ _ _ _ _ _ _ _ _ _ _ _ _ _ _ _ _ _ _ _ _ _ _ _ _ _ _ _ 

actual = {'blank_levels': {'Tl': 0.625, 'As': 0.7500076293945312, 'Pb': 2.5}, 'samples': [{'id': 'Z-9', 'analyte': 'Tl', 'value...very': 87.5}, {'id': 'A-SPK', 'analyte': 'As', 'recovery': 50.0}, {'id': 'A-SPK', 'analyte': 'Pb', 'recovery': 137.5}]}
expected = {'blank_levels': {'Tl': 0.625, 'As': 0.7500076293945312, 'Pb': 2.5, 'Cd': 0.75}, 'samples': [{'id': 'Z-9', 'analyte': ...': 50.0}, {'id': 'A-SPK', 'analyte': 'Tl', 'recovery': 87.5}, {'id': 'A-SPK', 'analyte': 'As', 'recovery': 50.0}, ...]}
label = 'report_order.jsonl batch 0'

    def compare(actual, expected, label):
        assert isinstance(actual, dict) and set(actual) == TOP_KEYS, f"{label}: top-level keys {sorted(actual) if isinstance(actual, dict) else actual!r}"
        levels = actual["blank_levels"]
>       assert isinstance(levels, dict) and set(levels) == set(expected["blank_levels"]), f"{label}: blank_levels keys"
E       AssertionError: report_order.jsonl batch 0: blank_levels keys
E       assert (True and {'As', 'Pb', 'Tl'} == {'As', 'Cd', 'Pb', 'Tl'}
E        +  where True = isinstance({'Tl': 0.625, 'As': 0.7500076293945312, 'Pb': 2.5}, dict)
E         
E         Extra items in the right set:
E         'Cd'
E         Use -v to get more diff)

/tests/test_outputs.py:128: AssertionError
____________________________ test_generated_batches ____________________________

    def test_generated_batches():
>       check_family("generated-1.jsonl")

/tests/test_outputs.py:215: 
_ _ _ _ _ _ _ _ _ _ _ _ _ _ _ _ _ _ _ _ _ _ _ _ _ _ _ _ _ _ _ _ _ _ _ _ _ _ _ _ 
/tests/test_outputs.py:147: in check_family
    compare(reduce(row["batch"]), row["report"], f"{name} batch {number}")
_ _ _ _ _ _ _ _ _ _ _ _ _ _ _ _ _ _ _ _ _ _ _ _ _ _ _ _ _ _ _ _ _ _ _ _ _ _ _ _ 

actual = {'blank_levels': {'Se': 0.0, 'V': 0.0, 'As': 0.0}, 'samples': [{'id': 'L2601', 'analyte': 'Se', 'value': None, 'flag':...77130973, 'pass': True}, {'id': 'L2602', 'analyte': 'As', 'recovery': 103.99996627924513, 'pass': True}], 'spikes': []}
expected = {'blank_levels': {'Se': 0.0, 'V': 0.0, 'As': 0.0, 'Cr': 0.0}, 'samples': [{'id': 'L2601', 'analyte': 'Se', 'value': No...27924513, 'pass': True}, {'id': 'L2602', 'analyte': 'Cr', 'recovery': 110.02999094110824, 'pass': True}], 'spikes': []}
label = 'generated-1.jsonl batch 1'

    def compare(actual, expected, label):
        assert isinstance(actual, dict) and set(actual) == TOP_KEYS, f"{label}: top-level keys {sorted(actual) if isinstance(actual, dict) else actual!r}"
        levels = actual["blank_levels"]
>       assert isinstance(levels, dict) and set(levels) == set(expected["blank_levels"]), f"{label}: blank_levels keys"
E       AssertionError: generated-1.jsonl batch 1: blank_levels keys
E       assert (True and {'As', 'Se', 'V'} == {'As', 'Cr', 'Se', 'V'}
E        +  where True = isinstance({'Se': 0.0, 'V': 0.0, 'As': 0.0}, dict)
E         
E         Extra items in the right set:
E         'Cr'
E         Use -v to get more diff)

/tests/test_outputs.py:128: AssertionError
_____________________________ test_capacity_batch ______________________________

    def test_capacity_batch():
        rows = load("capacity.jsonl")
        batch = rows[0]["batch"]
        assert len(batch["runs"]) == 80 and len(batch["analytes"]) == 4 and len(batch["standards"]) == 8
>       check_family("capacity.jsonl")

/tests/test_outputs.py:223: 
_ _ _ _ _ _ _ _ _ _ _ _ _ _ _ _ _ _ _ _ _ _ _ _ _ _ _ _ _ _ _ _ _ _ _ _ _ _ _ _ 
/tests/test_outputs.py:147: in check_family
    compare(reduce(row["batch"]), row["report"], f"{name} batch {number}")
_ _ _ _ _ _ _ _ _ _ _ _ _ _ _ _ _ _ _ _ _ _ _ _ _ _ _ _ _ _ _ _ _ _ _ _ _ _ _ _ 

actual = {'blank_levels': {'Mo': 1.3978274605455168, 'Ba': 0.007849291769627485, 'V': 0.024848843398473028}, 'samples': [{'id':...nalyte': 'Ba', 'recovery': 0.12384035051609932}, {'id': 'L2638', 'analyte': 'V', 'recovery': 0.3064988086041791}, ...]}
expected = {'blank_levels': {'Mo': 1.3978274605455168, 'Ba': 0.007849291769627485, 'V': 0.024848843398473028, 'Sb': 0.43837386275...alyte': 'Mo', 'recovery': 1.8621542622850091}, {'id': 'L2638', 'analyte': 'Ba', 'recovery': 0.12384035051609932}, ...]}
label = 'capacity.jsonl batch 0'

    def compare(actual, expected, label):
        assert isinstance(actual, dict) and set(actual) == TOP_KEYS, f"{label}: top-level keys {sorted(actual) if isinstance(actual, dict) else actual!r}"
        levels = actual["blank_levels"]
>       assert isinstance(levels, dict) and set(levels) == set(expected["blank_levels"]), f"{label}: blank_levels keys"
E       AssertionError: capacity.jsonl batch 0: blank_levels keys
E       assert (True and {'Ba', 'Mo', 'V'} == {'Ba', 'Mo', 'Sb', 'V'}
E        +  where True = isinstance({'Mo': 1.3978274605455168, 'Ba': 0.007849291769627485, 'V': 0.024848843398473028}, dict)
E         
E         Extra items in the right set:
E         'Sb'
E         Use -v to get more diff)

/tests/test_outputs.py:128: AssertionError
==================================== PASSES ====================================
=========================== short test summary info ============================
PASSED ../../tests/test_outputs.py::test_calibration_line_has_fitted_intercept
PASSED ../../tests/test_outputs.py::test_blank_level_is_mean_of_results_anywhere
PASSED ../../tests/test_outputs.py::test_nondetect_blanks_stay_out_of_the_mean
PASSED ../../tests/test_outputs.py::test_single_blank_result_is_the_level
PASSED ../../tests/test_outputs.py::test_batch_without_blank_results_keeps_shipped_level
PASSED ../../tests/test_outputs.py::test_blank_comes_off_before_dilution
PASSED ../../tests/test_outputs.py::test_flags_judged_on_corrected_reading
PASSED ../../tests/test_outputs.py::test_flags_just_either_side_of_mdl_and_loq
PASSED ../../tests/test_outputs.py::test_readings_below_nought_are_not_clamped
PASSED ../../tests/test_outputs.py::test_ccv_pass_on_rounded_recovery_inclusive
PASSED ../../tests/test_outputs.py::test_bracketed_runs_need_both_ccvs
PASSED ../../tests/test_outputs.py::test_unbracketed_runs_keep_shipped_check
PASSED ../../tests/test_outputs.py::test_spike_recovery_of_results
PASSED ../../tests/test_outputs.py::test_nondetect_spikes_keep_shipped_recovery
PASSED ../../tests/test_outputs.py::test_section_one_limits_reached
PASSED ../../tests/test_outputs.py::test_driver_is_unchanged
PASSED ../../tests/test_outputs.py::test_candidate_cannot_read_expected_reports
PASSED ../../tests/test_outputs.py::test_candidate_cannot_read_verifier_logs
FAILED ../../tests/test_outputs.py::test_report_order_and_types - AssertionEr...
FAILED ../../tests/test_outputs.py::test_generated_batches - AssertionError: ...
FAILED ../../tests/test_outputs.py::test_capacity_batch - AssertionError: cap...
========================= 3 failed, 18 passed in 2.08s =========================
