============================= test session starts ==============================
platform linux -- Python 3.13.12, pytest-9.1.1, pluggy-1.6.0
rootdir: /tests
plugins: json-ctrf-0.5.2
collected 21 items

../../tests/test_outputs.py .....F........F.FF...                        [100%]

=================================== FAILURES ===================================
_____________________ test_blank_comes_off_before_dilution _____________________

    def test_blank_comes_off_before_dilution():
>       check_family("dilution.jsonl")

/tests/test_outputs.py:171: 
_ _ _ _ _ _ _ _ _ _ _ _ _ _ _ _ _ _ _ _ _ _ _ _ _ _ _ _ _ _ _ _ _ _ _ _ _ _ _ _ 
/tests/test_outputs.py:147: in check_family
    compare(reduce(row["batch"]), row["report"], f"{name} batch {number}")
/tests/test_outputs.py:140: in compare
    _number(a, e, f"{where} {key}")
_ _ _ _ _ _ _ _ _ _ _ _ _ _ _ _ _ _ _ _ _ _ _ _ _ _ _ _ _ _ _ _ _ _ _ _ _ _ _ _ 

actual = 2625.0, expected = 5250.0
where = 'dilution.jsonl batch 0 samples[2] (W-73, Pb) value'

    def _number(actual, expected, where):
        assert isinstance(actual, (int, float)) and not isinstance(actual, bool), f"{where}: {actual!r} is not a number"
        bound = REL * abs(expected) if abs(expected) >= 1 else ABS
>       assert abs(actual - expected) <= bound, f"{where}: {actual!r}, expected {expected!r}"
E       AssertionError: dilution.jsonl batch 0 samples[2] (W-73, Pb) value: 2625.0, expected 5250.0
E       assert 2625.0 <= 0.0052499999999999995
E        +  where 2625.0 = abs((2625.0 - 5250.0))

/tests/test_outputs.py:122: AssertionError
_______________________ test_section_one_limits_reached ________________________

    def test_section_one_limits_reached():
>       check_family("section_one_limits.jsonl")

/tests/test_outputs.py:207: 
_ _ _ _ _ _ _ _ _ _ _ _ _ _ _ _ _ _ _ _ _ _ _ _ _ _ _ _ _ _ _ _ _ _ _ _ _ _ _ _ 
/tests/test_outputs.py:147: in check_family
    compare(reduce(row["batch"]), row["report"], f"{name} batch {number}")
/tests/test_outputs.py:140: in compare
    _number(a, e, f"{where} {key}")
_ _ _ _ _ _ _ _ _ _ _ _ _ _ _ _ _ _ _ _ _ _ _ _ _ _ _ _ _ _ _ _ _ _ _ _ _ _ _ _ 

actual = 512000.0, expected = 1024000.0
where = 'section_one_limits.jsonl batch 0 samples[2] (HG-3, Hg) value'

    def _number(actual, expected, where):
        assert isinstance(actual, (int, float)) and not isinstance(actual, bool), f"{where}: {actual!r} is not a number"
        bound = REL * abs(expected) if abs(expected) >= 1 else ABS
>       assert abs(actual - expected) <= bound, f"{where}: {actual!r}, expected {expected!r}"
E       AssertionError: section_one_limits.jsonl batch 0 samples[2] (HG-3, Hg) value: 512000.0, expected 1024000.0
E       assert 512000.0 <= 1.024
E        +  where 512000.0 = abs((512000.0 - 1024000.0))

/tests/test_outputs.py:122: AssertionError
____________________________ test_generated_batches ____________________________

    def test_generated_batches():
        check_family("generated-1.jsonl")
>       check_family("generated-2.jsonl")

/tests/test_outputs.py:216: 
_ _ _ _ _ _ _ _ _ _ _ _ _ _ _ _ _ _ _ _ _ _ _ _ _ _ _ _ _ _ _ _ _ _ _ _ _ _ _ _ 
/tests/test_outputs.py:147: in check_family
    compare(reduce(row["batch"]), row["report"], f"{name} batch {number}")
/tests/test_outputs.py:140: in compare
    _number(a, e, f"{where} {key}")
_ _ _ _ _ _ _ _ _ _ _ _ _ _ _ _ _ _ _ _ _ _ _ _ _ _ _ _ _ _ _ _ _ _ _ _ _ _ _ _ 

actual = 1257.770518160828, expected = 2515.541036321656
where = 'generated-2.jsonl batch 0 samples[10] (L2607, Co) value'

    def _number(actual, expected, where):
        assert isinstance(actual, (int, float)) and not isinstance(actual, bool), f"{where}: {actual!r} is not a number"
        bound = REL * abs(expected) if abs(expected) >= 1 else ABS
>       assert abs(actual - expected) <= bound, f"{where}: {actual!r}, expected {expected!r}"
E       AssertionError: generated-2.jsonl batch 0 samples[10] (L2607, Co) value: 1257.770518160828, expected 2515.541036321656
E       assert 1257.770518160828 <= 0.002515541036321656
E        +  where 1257.770518160828 = abs((1257.770518160828 - 2515.541036321656))

/tests/test_outputs.py:122: AssertionError
_____________________________ test_capacity_batch ______________________________

    def test_capacity_batch():
        rows = load("capacity.jsonl")
        batch = rows[0]["batch"]
        assert len(batch["runs"]) == 80 and len(batch["analytes"]) == 4 and len(batch["standards"]) == 8
>       check_family("capacity.jsonl")

/tests/test_outputs.py:223: 
_ _ _ _ _ _ _ _ _ _ _ _ _ _ _ _ _ _ _ _ _ _ _ _ _ _ _ _ _ _ _ _ _ _ _ _ _ _ _ _ 
/tests/test_outputs.py:147: in check_family
    compare(reduce(row["batch"]), row["report"], f"{name} batch {number}")
/tests/test_outputs.py:140: in compare
    _number(a, e, f"{where} {key}")
_ _ _ _ _ _ _ _ _ _ _ _ _ _ _ _ _ _ _ _ _ _ _ _ _ _ _ _ _ _ _ _ _ _ _ _ _ _ _ _ 

actual = 13.501179292416005, expected = 27.00235858483201
where = 'capacity.jsonl batch 0 samples[101] (L2646, Ba) value'

    def _number(actual, expected, where):
        assert isinstance(actual, (int, float)) and not isinstance(actual, bool), f"{where}: {actual!r} is not a number"
        bound = REL * abs(expected) if abs(expected) >= 1 else ABS
>       assert abs(actual - expected) <= bound, f"{where}: {actual!r}, expected {expected!r}"
E       AssertionError: capacity.jsonl batch 0 samples[101] (L2646, Ba) value: 13.501179292416005, expected 27.00235858483201
E       assert 13.501179292416005 <= 2.7002358584832007e-05
E        +  where 13.501179292416005 = abs((13.501179292416005 - 27.00235858483201))

/tests/test_outputs.py:122: AssertionError
==================================== PASSES ====================================
=========================== short test summary info ============================
PASSED ../../tests/test_outputs.py::test_calibration_line_has_fitted_intercept
PASSED ../../tests/test_outputs.py::test_blank_level_is_mean_of_results_anywhere
PASSED ../../tests/test_outputs.py::test_nondetect_blanks_stay_out_of_the_mean
PASSED ../../tests/test_outputs.py::test_single_blank_result_is_the_level
PASSED ../../tests/test_outputs.py::test_batch_without_blank_results_keeps_shipped_level
PASSED ../../tests/test_outputs.py::test_flags_judged_on_corrected_reading
PASSED ../../tests/test_outputs.py::test_flags_just_either_side_of_mdl_and_loq
PASSED ../../tests/test_outputs.py::test_readings_below_nought_are_not_clamped
PASSED ../../tests/test_outputs.py::test_ccv_pass_on_rounded_recovery_inclusive
PASSED ../../tests/test_outputs.py::test_bracketed_runs_need_both_ccvs
PASSED ../../tests/test_outputs.py::test_unbracketed_runs_keep_shipped_check
PASSED ../../tests/test_outputs.py::test_spike_recovery_of_results
PASSED ../../tests/test_outputs.py::test_nondetect_spikes_keep_shipped_recovery
PASSED ../../tests/test_outputs.py::test_report_order_and_types
PASSED ../../tests/test_outputs.py::test_driver_is_unchanged
PASSED ../../tests/test_outputs.py::test_candidate_cannot_read_expected_reports
PASSED ../../tests/test_outputs.py::test_candidate_cannot_read_verifier_logs
FAILED ../../tests/test_outputs.py::test_blank_comes_off_before_dilution - As...
FAILED ../../tests/test_outputs.py::test_section_one_limits_reached - Asserti...
FAILED ../../tests/test_outputs.py::test_generated_batches - AssertionError: ...
FAILED ../../tests/test_outputs.py::test_capacity_batch - AssertionError: cap...
========================= 4 failed, 17 passed in 2.20s =========================
