============================= test session starts ==============================
platform linux -- Python 3.13.12, pytest-9.1.1, pluggy-1.6.0
rootdir: /tests
plugins: json-ctrf-0.5.2
collected 21 items

../../tests/test_outputs.py ..............F......                        [100%]

=================================== FAILURES ===================================
_______________________ test_section_one_limits_reached ________________________

    def test_section_one_limits_reached():
>       check_family("section_one_limits.jsonl")

/tests/test_outputs.py:207: 
_ _ _ _ _ _ _ _ _ _ _ _ _ _ _ _ _ _ _ _ _ _ _ _ _ _ _ _ _ _ _ _ _ _ _ _ _ _ _ _ 
/tests/test_outputs.py:147: in check_family
    compare(reduce(row["batch"]), row["report"], f"{name} batch {number}")
_ _ _ _ _ _ _ _ _ _ _ _ _ _ _ _ _ _ _ _ _ _ _ _ _ _ _ _ _ _ _ _ _ _ _ _ _ _ _ _ 

actual = {'blank_levels': {'Mo': 0.0}, 'samples': [{'id': 'MO-1', 'analyte': 'Mo', 'value': 0.0001220703125, 'flag': 'J', ...},...84375, 'flag': 'J', ...}, {'id': 'MO-3', 'analyte': 'Mo', 'value': None, 'flag': 'ND', ...}], 'ccvs': [], 'spikes': []}
expected = {'blank_levels': {'Mo': 0.0}, 'samples': [{'id': 'MO-1', 'analyte': 'Mo', 'value': 0.0001220703125, 'flag': 'J', ...},...484375, 'flag': '', ...}, {'id': 'MO-3', 'analyte': 'Mo', 'value': None, 'flag': 'ND', ...}], 'ccvs': [], 'spikes': []}
label = 'section_one_limits.jsonl batch 6'

    def compare(actual, expected, label):
        assert isinstance(actual, dict) and set(actual) == TOP_KEYS, f"{label}: top-level keys {sorted(actual) if isinstance(actual, dict) else actual!r}"
        levels = actual["blank_levels"]
        assert isinstance(levels, dict) and set(levels) == set(expected["blank_levels"]), f"{label}: blank_levels keys"
        for name, value in expected["blank_levels"].items():
            _number(levels[name], value, f"{label} blank_levels[{name}]")
        for section, keys in ENTRY_KEYS.items():
            got, want = actual[section], expected[section]
            assert isinstance(got, list) and len(got) == len(want), f"{label}: {section} has {len(got) if isinstance(got, list) else got!r} entries, expected {len(want)}"
            for index, (entry, ref) in enumerate(zip(got, want)):
                where = f"{label} {section}[{index}] ({ref['id']}, {ref['analyte']})"
                assert isinstance(entry, dict) and set(entry) == set(keys), f"{where}: keys {entry!r}"
                for key in keys:
                    a, e = entry[key], ref[key]
                    if key in ("recovery",) or (key == "value" and e is not None):
                        _number(a, e, f"{where} {key}")
                    else:
>                       assert type(a) is type(e) and a == e, f"{where} {key}: {a!r}, expected {e!r}"
E                       AssertionError: section_one_limits.jsonl batch 6 samples[1] (MO-2, Mo) flag: 'J', expected ''
E                       assert (<class 'str'> is <class 'str'> and 'J' == ''
E                        +  where <class 'str'> = type('J')
E                        +  and   <class 'str'> = type('')
E                         
E                         + J)

/tests/test_outputs.py:142: AssertionError
==================================== PASSES ====================================
=========================== short test summary info ============================
PASSED ../../tests/test_outputs.py::test_calibration_line_has_fitted_intercept
PASSED ../../tests/test_outputs.py::test_blank_level_is_mean_of_results_anywhere
PASSED ../../tests/test_outputs.py::test_nondetect_blanks_stay_out_of_the_mean
PASSED ../../tests/test_outputs.py::test_single_blank_result_is_the_level
PASSED ../../tests/test_outputs.py::test_batch_without_blank_results_keeps_shipped_level
PASSED ../../tests/test_outputs.py::test_blank_comes_off_before_dilution
PASSED ../../tests/test_outputs.py::test_flags_judged_on_corrected_reading
PASSED ../../tests/test_outputs.py::test_flags_just_either_side_of_mdl_and_loq
PASSED ../../tests/test_outputs.py::test_readings_below_nought_are_not_clamped
PASSED ../../tests/test_outputs.py::test_ccv_pass_on_rounded_recovery_inclusive
PASSED ../../tests/test_outputs.py::test_bracketed_runs_need_both_ccvs
PASSED ../../tests/test_outputs.py::test_unbracketed_runs_keep_shipped_check
PASSED ../../tests/test_outputs.py::test_spike_recovery_of_results
PASSED ../../tests/test_outputs.py::test_nondetect_spikes_keep_shipped_recovery
PASSED ../../tests/test_outputs.py::test_report_order_and_types
PASSED ../../tests/test_outputs.py::test_generated_batches
PASSED ../../tests/test_outputs.py::test_capacity_batch
PASSED ../../tests/test_outputs.py::test_driver_is_unchanged
PASSED ../../tests/test_outputs.py::test_candidate_cannot_read_expected_reports
PASSED ../../tests/test_outputs.py::test_candidate_cannot_read_verifier_logs
FAILED ../../tests/test_outputs.py::test_section_one_limits_reached - Asserti...
========================= 1 failed, 20 passed in 2.19s =========================
