============================= test session starts ==============================
platform linux -- Python 3.13.12, pytest-9.1.1, pluggy-1.6.0
rootdir: /tests
plugins: json-ctrf-0.5.2
collected 21 items

../../tests/test_outputs.py ............F.FFFF...                        [100%]

=================================== FAILURES ===================================
________________________ test_spike_recovery_of_results ________________________

    def test_spike_recovery_of_results():
>       check_family("spike_recovery.jsonl")

/tests/test_outputs.py:199: 
_ _ _ _ _ _ _ _ _ _ _ _ _ _ _ _ _ _ _ _ _ _ _ _ _ _ _ _ _ _ _ _ _ _ _ _ _ _ _ _ 
/tests/test_outputs.py:147: in check_family
    compare(reduce(row["batch"]), row["report"], f"{name} batch {number}")
/tests/test_outputs.py:140: in compare
    _number(a, e, f"{where} {key}")
_ _ _ _ _ _ _ _ _ _ _ _ _ _ _ _ _ _ _ _ _ _ _ _ _ _ _ _ _ _ _ _ _ _ _ _ _ _ _ _ 

actual = 50.0, expected = 100.0
where = 'spike_recovery.jsonl batch 0 spikes[0] (W-131S, Pb) recovery'

    def _number(actual, expected, where):
        assert isinstance(actual, (int, float)) and not isinstance(actual, bool), f"{where}: {actual!r} is not a number"
        bound = REL * abs(expected) if abs(expected) >= 1 else ABS
>       assert abs(actual - expected) <= bound, f"{where}: {actual!r}, expected {expected!r}"
E       AssertionError: spike_recovery.jsonl batch 0 spikes[0] (W-131S, Pb) recovery: 50.0, expected 100.0
E       assert 50.0 <= 9.999999999999999e-05
E        +  where 50.0 = abs((50.0 - 100.0))

/tests/test_outputs.py:122: AssertionError
_______________________ test_section_one_limits_reached ________________________

    def test_section_one_limits_reached():
>       check_family("section_one_limits.jsonl")

/tests/test_outputs.py:207: 
_ _ _ _ _ _ _ _ _ _ _ _ _ _ _ _ _ _ _ _ _ _ _ _ _ _ _ _ _ _ _ _ _ _ _ _ _ _ _ _ 
/tests/test_outputs.py:147: in check_family
    compare(reduce(row["batch"]), row["report"], f"{name} batch {number}")
/tests/test_outputs.py:140: in compare
    _number(a, e, f"{where} {key}")
_ _ _ _ _ _ _ _ _ _ _ _ _ _ _ _ _ _ _ _ _ _ _ _ _ _ _ _ _ _ _ _ _ _ _ _ _ _ _ _ 

actual = 50.0, expected = 100.0
where = 'section_one_limits.jsonl batch 0 spikes[0] (HG-5S, Hg) recovery'

    def _number(actual, expected, where):
        assert isinstance(actual, (int, float)) and not isinstance(actual, bool), f"{where}: {actual!r} is not a number"
        bound = REL * abs(expected) if abs(expected) >= 1 else ABS
>       assert abs(actual - expected) <= bound, f"{where}: {actual!r}, expected {expected!r}"
E       AssertionError: section_one_limits.jsonl batch 0 spikes[0] (HG-5S, Hg) recovery: 50.0, expected 100.0
E       assert 50.0 <= 9.999999999999999e-05
E        +  where 50.0 = abs((50.0 - 100.0))

/tests/test_outputs.py:122: AssertionError
_________________________ test_report_order_and_types __________________________

    def test_report_order_and_types():
>       check_family("report_order.jsonl")

/tests/test_outputs.py:211: 
_ _ _ _ _ _ _ _ _ _ _ _ _ _ _ _ _ _ _ _ _ _ _ _ _ _ _ _ _ _ _ _ _ _ _ _ _ _ _ _ 
/tests/test_outputs.py:147: in check_family
    compare(reduce(row["batch"]), row["report"], f"{name} batch {number}")
/tests/test_outputs.py:140: in compare
    _number(a, e, f"{where} {key}")
_ _ _ _ _ _ _ _ _ _ _ _ _ _ _ _ _ _ _ _ _ _ _ _ _ _ _ _ _ _ _ _ _ _ _ _ _ _ _ _ 

actual = 50.0, expected = 100.0
where = 'report_order.jsonl batch 0 spikes[0] (B-SPK, Tl) recovery'

    def _number(actual, expected, where):
        assert isinstance(actual, (int, float)) and not isinstance(actual, bool), f"{where}: {actual!r} is not a number"
        bound = REL * abs(expected) if abs(expected) >= 1 else ABS
>       assert abs(actual - expected) <= bound, f"{where}: {actual!r}, expected {expected!r}"
E       AssertionError: report_order.jsonl batch 0 spikes[0] (B-SPK, Tl) recovery: 50.0, expected 100.0
E       assert 50.0 <= 9.999999999999999e-05
E        +  where 50.0 = abs((50.0 - 100.0))

/tests/test_outputs.py:122: AssertionError
____________________________ test_generated_batches ____________________________

    def test_generated_batches():
>       check_family("generated-1.jsonl")

/tests/test_outputs.py:215: 
_ _ _ _ _ _ _ _ _ _ _ _ _ _ _ _ _ _ _ _ _ _ _ _ _ _ _ _ _ _ _ _ _ _ _ _ _ _ _ _ 
/tests/test_outputs.py:147: in check_family
    compare(reduce(row["batch"]), row["report"], f"{name} batch {number}")
/tests/test_outputs.py:140: in compare
    _number(a, e, f"{where} {key}")
_ _ _ _ _ _ _ _ _ _ _ _ _ _ _ _ _ _ _ _ _ _ _ _ _ _ _ _ _ _ _ _ _ _ _ _ _ _ _ _ 

actual = -12.211440759724033, expected = -122.11440759724033
where = 'generated-1.jsonl batch 2 spikes[4] (L2604, Cd) recovery'

    def _number(actual, expected, where):
        assert isinstance(actual, (int, float)) and not isinstance(actual, bool), f"{where}: {actual!r} is not a number"
        bound = REL * abs(expected) if abs(expected) >= 1 else ABS
>       assert abs(actual - expected) <= bound, f"{where}: {actual!r}, expected {expected!r}"
E       AssertionError: generated-1.jsonl batch 2 spikes[4] (L2604, Cd) recovery: -12.211440759724033, expected -122.11440759724033
E       assert 109.9029668375163 <= 0.00012211440759724032
E        +  where 109.9029668375163 = abs((-12.211440759724033 - -122.11440759724033))

/tests/test_outputs.py:122: AssertionError
_____________________________ test_capacity_batch ______________________________

    def test_capacity_batch():
        rows = load("capacity.jsonl")
        batch = rows[0]["batch"]
        assert len(batch["runs"]) == 80 and len(batch["analytes"]) == 4 and len(batch["standards"]) == 8
>       check_family("capacity.jsonl")

/tests/test_outputs.py:223: 
_ _ _ _ _ _ _ _ _ _ _ _ _ _ _ _ _ _ _ _ _ _ _ _ _ _ _ _ _ _ _ _ _ _ _ _ _ _ _ _ 
/tests/test_outputs.py:147: in check_family
    compare(reduce(row["batch"]), row["report"], f"{name} batch {number}")
/tests/test_outputs.py:140: in compare
    _number(a, e, f"{where} {key}")
_ _ _ _ _ _ _ _ _ _ _ _ _ _ _ _ _ _ _ _ _ _ _ _ _ _ _ _ _ _ _ _ _ _ _ _ _ _ _ _ 

actual = 25.817293903510386, expected = 51.63458780702077
where = 'capacity.jsonl batch 0 spikes[2] (L2614, V) recovery'

    def _number(actual, expected, where):
        assert isinstance(actual, (int, float)) and not isinstance(actual, bool), f"{where}: {actual!r} is not a number"
        bound = REL * abs(expected) if abs(expected) >= 1 else ABS
>       assert abs(actual - expected) <= bound, f"{where}: {actual!r}, expected {expected!r}"
E       AssertionError: capacity.jsonl batch 0 spikes[2] (L2614, V) recovery: 25.817293903510386, expected 51.63458780702077
E       assert 25.817293903510386 <= 5.163458780702077e-05
E        +  where 25.817293903510386 = abs((25.817293903510386 - 51.63458780702077))

/tests/test_outputs.py:122: AssertionError
==================================== PASSES ====================================
=========================== short test summary info ============================
PASSED ../../tests/test_outputs.py::test_calibration_line_has_fitted_intercept
PASSED ../../tests/test_outputs.py::test_blank_level_is_mean_of_results_anywhere
PASSED ../../tests/test_outputs.py::test_nondetect_blanks_stay_out_of_the_mean
PASSED ../../tests/test_outputs.py::test_single_blank_result_is_the_level
PASSED ../../tests/test_outputs.py::test_batch_without_blank_results_keeps_shipped_level
PASSED ../../tests/test_outputs.py::test_blank_comes_off_before_dilution
PASSED ../../tests/test_outputs.py::test_flags_judged_on_corrected_reading
PASSED ../../tests/test_outputs.py::test_flags_just_either_side_of_mdl_and_loq
PASSED ../../tests/test_outputs.py::test_readings_below_nought_are_not_clamped
PASSED ../../tests/test_outputs.py::test_ccv_pass_on_rounded_recovery_inclusive
PASSED ../../tests/test_outputs.py::test_bracketed_runs_need_both_ccvs
PASSED ../../tests/test_outputs.py::test_unbracketed_runs_keep_shipped_check
PASSED ../../tests/test_outputs.py::test_nondetect_spikes_keep_shipped_recovery
PASSED ../../tests/test_outputs.py::test_driver_is_unchanged
PASSED ../../tests/test_outputs.py::test_candidate_cannot_read_expected_reports
PASSED ../../tests/test_outputs.py::test_candidate_cannot_read_verifier_logs
FAILED ../../tests/test_outputs.py::test_spike_recovery_of_results - Assertio...
FAILED ../../tests/test_outputs.py::test_section_one_limits_reached - Asserti...
FAILED ../../tests/test_outputs.py::test_report_order_and_types - AssertionEr...
FAILED ../../tests/test_outputs.py::test_generated_batches - AssertionError: ...
FAILED ../../tests/test_outputs.py::test_capacity_batch - AssertionError: cap...
========================= 5 failed, 16 passed in 3.21s =========================
