============================= test session starts ==============================
platform linux -- Python 3.13.12, pytest-9.1.1, pluggy-1.6.0
rootdir: /tests
plugins: json-ctrf-0.5.2
collected 21 items

../../tests/test_outputs.py ..........F......F...                        [100%]

=================================== FAILURES ===================================
______________________ test_bracketed_runs_need_both_ccvs ______________________

    def test_bracketed_runs_need_both_ccvs():
>       check_family("ccv_bracketing.jsonl")

/tests/test_outputs.py:191: 
_ _ _ _ _ _ _ _ _ _ _ _ _ _ _ _ _ _ _ _ _ _ _ _ _ _ _ _ _ _ _ _ _ _ _ _ _ _ _ _ 
/tests/test_outputs.py:147: in check_family
    compare(reduce(row["batch"]), row["report"], f"{name} batch {number}")
_ _ _ _ _ _ _ _ _ _ _ _ _ _ _ _ _ _ _ _ _ _ _ _ _ _ _ _ _ _ _ _ _ _ _ _ _ _ _ _ 

actual = {'blank_levels': {'Pb': 0.0}, 'samples': [{'id': 'W-111', 'analyte': 'Pb', 'value': 12.0, 'flag': '', ...}, {'id': 'W-...', 'analyte': 'Pb', 'recovery': 98.0, 'pass': True}], 'spikes': [{'id': 'W-112S', 'analyte': 'Pb', 'recovery': 100.0}]}
expected = {'blank_levels': {'Pb': 0.0}, 'samples': [{'id': 'W-111', 'analyte': 'Pb', 'value': 12.0, 'flag': '', ...}, {'id': 'W-...', 'analyte': 'Pb', 'recovery': 98.0, 'pass': True}], 'spikes': [{'id': 'W-112S', 'analyte': 'Pb', 'recovery': 100.0}]}
label = 'ccv_bracketing.jsonl batch 0'

    def compare(actual, expected, label):
        assert isinstance(actual, dict) and set(actual) == TOP_KEYS, f"{label}: top-level keys {sorted(actual) if isinstance(actual, dict) else actual!r}"
        levels = actual["blank_levels"]
        assert isinstance(levels, dict) and set(levels) == set(expected["blank_levels"]), f"{label}: blank_levels keys"
        for name, value in expected["blank_levels"].items():
            _number(levels[name], value, f"{label} blank_levels[{name}]")
        for section, keys in ENTRY_KEYS.items():
            got, want = actual[section], expected[section]
            assert isinstance(got, list) and len(got) == len(want), f"{label}: {section} has {len(got) if isinstance(got, list) else got!r} entries, expected {len(want)}"
            for index, (entry, ref) in enumerate(zip(got, want)):
                where = f"{label} {section}[{index}] ({ref['id']}, {ref['analyte']})"
                assert isinstance(entry, dict) and set(entry) == set(keys), f"{where}: keys {entry!r}"
                for key in keys:
                    a, e = entry[key], ref[key]
                    if key in ("recovery",) or (key == "value" and e is not None):
                        _number(a, e, f"{where} {key}")
                    else:
>                       assert type(a) is type(e) and a == e, f"{where} {key}: {a!r}, expected {e!r}"
E                       AssertionError: ccv_bracketing.jsonl batch 0 samples[0] (W-111, Pb) ccv_ok: True, expected False
E                       assert (<class 'bool'> is <class 'bool'> and True == False)
E                        +  where <class 'bool'> = type(True)
E                        +  and   <class 'bool'> = type(False)

/tests/test_outputs.py:142: AssertionError
_____________________________ test_capacity_batch ______________________________

    def test_capacity_batch():
        rows = load("capacity.jsonl")
        batch = rows[0]["batch"]
        assert len(batch["runs"]) == 80 and len(batch["analytes"]) == 4 and len(batch["standards"]) == 8
>       check_family("capacity.jsonl")

/tests/test_outputs.py:223: 
_ _ _ _ _ _ _ _ _ _ _ _ _ _ _ _ _ _ _ _ _ _ _ _ _ _ _ _ _ _ _ _ _ _ _ _ _ _ _ _ 
/tests/test_outputs.py:147: in check_family
    compare(reduce(row["batch"]), row["report"], f"{name} batch {number}")
_ _ _ _ _ _ _ _ _ _ _ _ _ _ _ _ _ _ _ _ _ _ _ _ _ _ _ _ _ _ _ _ _ _ _ _ _ _ _ _ 

actual = {'blank_levels': {'Mo': 1.3978274605455168, 'Ba': 0.007849291769627485, 'V': 0.024848843398473028, 'Sb': 0.43837386275...alyte': 'Mo', 'recovery': 1.8621542622850091}, {'id': 'L2638', 'analyte': 'Ba', 'recovery': 0.12384035051609932}, ...]}
expected = {'blank_levels': {'Mo': 1.3978274605455168, 'Ba': 0.007849291769627485, 'V': 0.024848843398473028, 'Sb': 0.43837386275...alyte': 'Mo', 'recovery': 1.8621542622850091}, {'id': 'L2638', 'analyte': 'Ba', 'recovery': 0.12384035051609932}, ...]}
label = 'capacity.jsonl batch 0'

    def compare(actual, expected, label):
        assert isinstance(actual, dict) and set(actual) == TOP_KEYS, f"{label}: top-level keys {sorted(actual) if isinstance(actual, dict) else actual!r}"
        levels = actual["blank_levels"]
        assert isinstance(levels, dict) and set(levels) == set(expected["blank_levels"]), f"{label}: blank_levels keys"
        for name, value in expected["blank_levels"].items():
            _number(levels[name], value, f"{label} blank_levels[{name}]")
        for section, keys in ENTRY_KEYS.items():
            got, want = actual[section], expected[section]
            assert isinstance(got, list) and len(got) == len(want), f"{label}: {section} has {len(got) if isinstance(got, list) else got!r} entries, expected {len(want)}"
            for index, (entry, ref) in enumerate(zip(got, want)):
                where = f"{label} {section}[{index}] ({ref['id']}, {ref['analyte']})"
                assert isinstance(entry, dict) and set(entry) == set(keys), f"{where}: keys {entry!r}"
                for key in keys:
                    a, e = entry[key], ref[key]
                    if key in ("recovery",) or (key == "value" and e is not None):
                        _number(a, e, f"{where} {key}")
                    else:
>                       assert type(a) is type(e) and a == e, f"{where} {key}: {a!r}, expected {e!r}"
E                       AssertionError: capacity.jsonl batch 0 samples[0] (L2604, Mo) ccv_ok: False, expected True
E                       assert (<class 'bool'> is <class 'bool'> and False == True)
E                        +  where <class 'bool'> = type(False)
E                        +  and   <class 'bool'> = type(True)

/tests/test_outputs.py:142: AssertionError
==================================== PASSES ====================================
=========================== short test summary info ============================
PASSED ../../tests/test_outputs.py::test_calibration_line_has_fitted_intercept
PASSED ../../tests/test_outputs.py::test_blank_level_is_mean_of_results_anywhere
PASSED ../../tests/test_outputs.py::test_nondetect_blanks_stay_out_of_the_mean
PASSED ../../tests/test_outputs.py::test_single_blank_result_is_the_level
PASSED ../../tests/test_outputs.py::test_batch_without_blank_results_keeps_shipped_level
PASSED ../../tests/test_outputs.py::test_blank_comes_off_before_dilution
PASSED ../../tests/test_outputs.py::test_flags_judged_on_corrected_reading
PASSED ../../tests/test_outputs.py::test_flags_just_either_side_of_mdl_and_loq
PASSED ../../tests/test_outputs.py::test_readings_below_nought_are_not_clamped
PASSED ../../tests/test_outputs.py::test_ccv_pass_on_rounded_recovery_inclusive
PASSED ../../tests/test_outputs.py::test_unbracketed_runs_keep_shipped_check
PASSED ../../tests/test_outputs.py::test_spike_recovery_of_results
PASSED ../../tests/test_outputs.py::test_nondetect_spikes_keep_shipped_recovery
PASSED ../../tests/test_outputs.py::test_section_one_limits_reached
PASSED ../../tests/test_outputs.py::test_report_order_and_types
PASSED ../../tests/test_outputs.py::test_generated_batches
PASSED ../../tests/test_outputs.py::test_driver_is_unchanged
PASSED ../../tests/test_outputs.py::test_candidate_cannot_read_expected_reports
PASSED ../../tests/test_outputs.py::test_candidate_cannot_read_verifier_logs
FAILED ../../tests/test_outputs.py::test_bracketed_runs_need_both_ccvs - Asse...
FAILED ../../tests/test_outputs.py::test_capacity_batch - AssertionError: cap...
========================= 2 failed, 19 passed in 2.13s =========================
