============================= test session starts ==============================
platform linux -- Python 3.13.12, pytest-9.1.1, pluggy-1.6.0
rootdir: /tests
plugins: json-ctrf-0.5.2
collected 22 items

../../tests/test_outputs.py .........F.F.......F..                       [100%]

=================================== FAILURES ===================================
____________ test_reading_above_ceiling_keeps_todays_counted_level _____________

    def test_reading_above_ceiling_keeps_todays_counted_level():
        """A reading above the ceiling level is counted where today's step counts it, and flags the ceiling."""
>       check_family("above_ceiling")

/tests/test_outputs.py:284: 
_ _ _ _ _ _ _ _ _ _ _ _ _ _ _ _ _ _ _ _ _ _ _ _ _ _ _ _ _ _ _ _ _ _ _ _ _ _ _ _ 
/tests/test_outputs.py:219: in check_family
    compare(reduce(row["survey"]), row["report"], f"{name} {row['survey']['survey']}")
/tests/test_outputs.py:214: in compare
    _row(row, ref, keys, f"{label} {section}[{index}] ({ref.get('id', ref['group'])})")
/tests/test_outputs.py:200: in _row
    _number(a, e, f"{where} dose")
_ _ _ _ _ _ _ _ _ _ _ _ _ _ _ _ _ _ _ _ _ _ _ _ _ _ _ _ _ _ _ _ _ _ _ _ _ _ _ _ 

actual = 3200.0, expected = 213.333333333
where = 'above_ceiling HC4-0038 workers[0] (K1) dose'

    def _number(actual, expected, where):
        assert isinstance(actual, (int, float)) and not isinstance(actual, bool), f"{where}: {actual!r} is not a number"
        bound = REL * abs(expected) if abs(expected) >= 1 else ABS
>       assert abs(actual - expected) <= bound, f"{where}: {actual!r}, expected {expected!r}"
E       AssertionError: above_ceiling HC4-0038 workers[0] (K1) dose: 3200.0, expected 213.333333333
E       assert 2986.666666667 <= 1.0666666666650002e-08
E        +  where 2986.666666667 = abs((3200.0 - 213.333333333))

/tests/test_outputs.py:188: AssertionError
_______________________ test_rule_5_2_impulse_at_140_dbc _______________________

    def test_rule_5_2_impulse_at_140_dbc():
        """A peak of 140.0 dBC is an impulse and makes the worker "over"; 139.9 dBC is not."""
>       check_family("impulse")

/tests/test_outputs.py:295: 
_ _ _ _ _ _ _ _ _ _ _ _ _ _ _ _ _ _ _ _ _ _ _ _ _ _ _ _ _ _ _ _ _ _ _ _ _ _ _ _ 
/tests/test_outputs.py:219: in check_family
    compare(reduce(row["survey"]), row["report"], f"{name} {row['survey']['survey']}")
/tests/test_outputs.py:214: in compare
    _row(row, ref, keys, f"{label} {section}[{index}] ({ref.get('id', ref['group'])})")
_ _ _ _ _ _ _ _ _ _ _ _ _ _ _ _ _ _ _ _ _ _ _ _ _ _ _ _ _ _ _ _ _ _ _ _ _ _ _ _ 

actual = {'id': 'P1', 'group': 'G1', 'dose': 0.0, 'twa': None, ...}
expected = {'id': 'P1', 'group': 'G1', 'dose': 0.0, 'twa': None, ...}
keys = {'ceiling', 'dose', 'group', 'id', 'impulse', 'status', ...}
where = 'impulse HC4-0039 workers[0] (P1)'

    def _row(actual, expected, keys, where):
        """Every key the README lists, compared; a group row carries no ceiling or impulse flag (6.1); any other
        further key is not part of the contract and is ignored."""
        assert isinstance(actual, dict) and set(actual) >= keys, f"{where}: keys {actual!r}"
        if keys == GROUP_KEYS:
            assert not {"ceiling", "impulse"} & set(actual), f"{where}: a group carries no ceiling or impulse flag, got {actual!r}"
        for key in sorted(keys):
            a, e = actual[key], expected[key]
            if key == "dose":
                _number(a, e, f"{where} dose")
            elif key == "twa" and e is not None:
                assert isinstance(a, (int, float)) and not isinstance(a, bool) and a == e, f"{where} twa: {a!r}, expected {e!r}"
            else:
>               assert type(a) is type(e) and a == e, f"{where} {key}: {a!r}, expected {e!r}"
E               AssertionError: impulse HC4-0039 workers[0] (P1) impulse: False, expected True
E               assert (<class 'bool'> is <class 'bool'> and False == True)
E                +  where <class 'bool'> = type(False)
E                +  and   <class 'bool'> = type(True)

/tests/test_outputs.py:204: AssertionError
____________________________ test_generated_surveys ____________________________

    def test_generated_surveys():
        """Seeded surveys over the rest of the section 1 domain, as sealed and under fresh labels."""
        check_family("generated")
        rng = random.Random(RELABEL_SEED)
        for row in load("generated"):
            survey, expected = relabel(row, rng)
            within_limits(survey)
>           compare(reduce(survey), expected, f"generated {row['survey']['survey']} relabelled (seed {RELABEL_SEED})")

/tests/test_outputs.py:368: 
_ _ _ _ _ _ _ _ _ _ _ _ _ _ _ _ _ _ _ _ _ _ _ _ _ _ _ _ _ _ _ _ _ _ _ _ _ _ _ _ 
/tests/test_outputs.py:214: in compare
    _row(row, ref, keys, f"{label} {section}[{index}] ({ref.get('id', ref['group'])})")
/tests/test_outputs.py:200: in _row
    _number(a, e, f"{where} dose")
_ _ _ _ _ _ _ _ _ _ _ _ _ _ _ _ _ _ _ _ _ _ _ _ _ _ _ _ _ _ _ _ _ _ _ _ _ _ _ _ 

actual = 652.6171765899759, expected = 1412.25831563
where = 'generated HC4-0032 relabelled (seed 9796683013982223649) workers[0] (4QR3XMP2JDIV) dose'

    def _number(actual, expected, where):
        assert isinstance(actual, (int, float)) and not isinstance(actual, bool), f"{where}: {actual!r} is not a number"
        bound = REL * abs(expected) if abs(expected) >= 1 else ABS
>       assert abs(actual - expected) <= bound, f"{where}: {actual!r}, expected {expected!r}"
E       AssertionError: generated HC4-0032 relabelled (seed 9796683013982223649) workers[0] (4QR3XMP2JDIV) dose: 652.6171765899759, expected 1412.25831563
E       assert 759.6411390400241 <= 7.06129157815e-08
E        +  where 759.6411390400241 = abs((652.6171765899759 - 1412.25831563))

/tests/test_outputs.py:188: AssertionError
==================================== PASSES ====================================
=========================== short test summary info ============================
PASSED ../../tests/test_outputs.py::test_rule_3_1_reference_duration_uses_85_dba_and_3_db
PASSED ../../tests/test_outputs.py::test_rule_2_3_reading_at_the_threshold_counts
PASSED ../../tests/test_outputs.py::test_rule_2_4_sampled_time_includes_readings_below_threshold
PASSED ../../tests/test_outputs.py::test_rule_2_2_run_logged_at_nought_is_not_a_reading
PASSED ../../tests/test_outputs.py::test_rule_3_3_partial_survey_projected_to_own_shift
PASSED ../../tests/test_outputs.py::test_rule_3_3_survey_as_long_as_shift_keeps_measured_dose
PASSED ../../tests/test_outputs.py::test_rule_2_5_partial_survey_at_exactly_three_quarters
PASSED ../../tests/test_outputs.py::test_survey_below_three_quarters_keeps_todays_projection
PASSED ../../tests/test_outputs.py::test_survey_that_measured_nothing_keeps_todays_dose
PASSED ../../tests/test_outputs.py::test_rule_5_1_reading_at_the_ceiling_level_is_not_flagged
PASSED ../../tests/test_outputs.py::test_rule_4_1_twa_formula
PASSED ../../tests/test_outputs.py::test_rule_1_2_twa_rounded_to_nearest_tenth
PASSED ../../tests/test_outputs.py::test_rule_5_3_status_bands_at_82_and_85
PASSED ../../tests/test_outputs.py::test_rule_6_1_group_dose_is_mean_of_shift_doses
PASSED ../../tests/test_outputs.py::test_rule_6_1_quiet_member_counts_in_group_mean
PASSED ../../tests/test_outputs.py::test_report_order_and_group_codes
PASSED ../../tests/test_outputs.py::test_section_one_limits_reached
PASSED ../../tests/test_outputs.py::test_candidate_cannot_read_verifier_state
PASSED ../../tests/test_outputs.py::test_submitted_driver_unchanged
FAILED ../../tests/test_outputs.py::test_reading_above_ceiling_keeps_todays_counted_level
FAILED ../../tests/test_outputs.py::test_rule_5_2_impulse_at_140_dbc - Assert...
FAILED ../../tests/test_outputs.py::test_generated_surveys - AssertionError: ...
========================= 3 failed, 19 passed in 1.33s =========================
