repaired file-line-cap-199 pass reward 0 failed 1
repaired stdin-line-cap-199 pass reward 0 failed 1
repaired open-interval-unchecked pass reward 0 failed 2
repaired ere-no-collating pass reward 0 failed 1
repaired line-count-cap-4000 pass reward 0 failed 1
repaired repeat-rp-refused pass reward 0 failed 1
repaired nesting-depth-two pass reward 0 failed 2
repaired filename-no-continuation pass reward 0 failed 1
repaired W-sets-default-filename pass reward 0 failed 3
repaired unicode-case-folding fail reward 1 failed 0
repaired zero-lower-bound-rejected pass reward 0 failed 8
repaired addressed-undo-accepted pass reward 0 failed 9
repaired tab-separator-rejected pass reward 0 failed 8
repaired append-suffix-ignored pass reward 0 failed 9
repaired join-keeps-mark pass reward 0 failed 1
repaired open-s-prints-first-line pass reward 0 failed 5
repaired E-count-ignores-s pass reward 0 failed 3
repaired repeat-form-accepts-n pass reward 0 failed 1
repaired leading-hyphen-starts-range pass reward 0 failed 5
repaired global-s-without-match-fails pass reward 0 failed 9
repaired delegate-to-system-ed pass reward 0 failed 17
repaired fork-exec-helper-delegation pass reward 0 failed 17
repaired empty-append-keeps-undo pass reward 0 failed 4
repaired eof-quits-quietly pass reward 0 failed 25
repaired leftmost-first-regex pass reward 0 failed 4
repaired global-keeps-touched-lines pass reward 0 failed 7
repaired loose-exit-ignored pass reward 0 failed 14
repaired pipe-stops-on-error pass reward 0 failed 26
repaired ranged-s-current-last-addressed pass reward 0 failed 5
repaired reversed-range-rejected-for-a pass reward 0 failed 10
repaired semicolon-keeps-current pass reward 0 failed 15
repaired short-initial-load pass reward 0 failed 1
repaired undo-not-undoable pass reward 0 failed 8
repaired unescaped-brace-rejected pass reward 0 failed 1
repaired w-for-W pass reward 0 failed 5
DONE
