============================= test session starts ==============================
platform linux -- Python 3.13.12, pytest-9.1.1, pluggy-1.6.0
rootdir: /tests
plugins: json-ctrf-0.5.2
collected 25 items

../../tests/test_outputs.py ....................FFF..                    [100%]

=================================== FAILURES ===================================
________________________ test_statement_order_and_keys _________________________

    def test_statement_order_and_keys():
        """Settlements come in job order with codes as given (1 and 16 characters, spaces, quotes, non-ASCII)."""
>       check_family("statement_order")

/tests/test_outputs.py:375: 
_ _ _ _ _ _ _ _ _ _ _ _ _ _ _ _ _ _ _ _ _ _ _ _ _ _ _ _ _ _ _ _ _ _ _ _ _ _ _ _ 
/tests/test_outputs.py:217: in check_family
    compare(run(row["job"]), row["settlements"], f"{name} job {number}")
_ _ _ _ _ _ _ _ _ _ _ _ _ _ _ _ _ _ _ _ _ _ _ _ _ _ _ _ _ _ _ _ _ _ _ _ _ _ _ _ 

actual = {'settlements': [{'account': 'A', 'purchases': 28119546, 'returns': 2936208, 'net': 25183338, ...}, {'account': 'ZZZZZ...入先', 'purchases': 0, 'returns': 0, 'net': 0, ...}, {'account': 'x', 'purchases': 0, 'returns': 0, 'net': 0, ...}, ...]}
expected = [{'account': 'A', 'purchases': 28119546, 'returns': 2936208, 'net': 25183338, ...}, {'account': 'ZZZZZZZZZZZZZZZZ', 'p...仕入先', 'purchases': 0, 'returns': 0, 'net': 0, ...}, {'account': 'x', 'purchases': 0, 'returns': 0, 'net': 0, ...}, ...]
label = 'statement_order job 0'

    def compare(actual, expected, label):
        """The whole output: one key, settlements in job order, each with exactly the README's keys, every value
        but the account code an integer (a float or a boolean is not), all equal to the expected ones."""
        assert isinstance(actual, dict) and list(actual) == ["settlements"], f"{label}: top-level {actual!r:.200}"
        got = actual["settlements"]
        assert isinstance(got, list) and len(got) == len(expected), f"{label}: {len(got) if isinstance(got, list) else got!r} settlements, expected {len(expected)}"
        for index, (row, ref) in enumerate(zip(got, expected)):
            where = f"{label} settlement {index} ({ref['account']!r})"
            assert isinstance(row, dict) and set(row) == set(FIELDS) and len(row) == len(FIELDS), f"{where}: keys {sorted(row) if isinstance(row, dict) else row!r}"
            for key in FIELDS:
>               assert type(row[key]) is type(ref[key]) and row[key] == ref[key], f"{where} {key}: {row[key]!r}, expected {ref[key]!r}"
E               AssertionError: statement_order job 0 settlement 2 (' SP-01 ') account: 'SP-01', expected ' SP-01 '
E               assert (<class 'str'> is <class 'str'> and 'SP-01' == ' SP-01 '
E                +  where <class 'str'> = type('SP-01')
E                +  and   <class 'str'> = type(' SP-01 ')
E                 
E                 -  SP-01 
E                 ? -     -
E                 + SP-01)

/tests/test_outputs.py:211: AssertionError
_______________________ test_section_one_limits_reached ________________________

    def test_section_one_limits_reached():
        """12 tier rows, thresholds of 10^11, 100 accounts, 400 lines, 100 returns, 50 notices, 200 sales, every field end."""
        check_family("limits_accounts")
        row = load("limits_job")[0]
        rng = random.Random(RELABEL_SEED)
        names = fresh_names(rng, 100)
        base = dict(row["job"]["accounts"][0])
        for key, n in row["repeat"].items():  # each entry repeated to the list's longest
            base[key] = base[key] * n
        big = dict(row["job"], accounts=[dict(base, account=n) for n in names])
        within_limits(big)
        assert len(big["tiers"]) == 12 and len(big["accounts"]) == 100 and len(base["purchases"]) == 400
>       compare(run(big), [dict(row["settlements"][0], account=n) for n in names], f"limits job of 100 accounts (seed {RELABEL_SEED})")

/tests/test_outputs.py:390: 
_ _ _ _ _ _ _ _ _ _ _ _ _ _ _ _ _ _ _ _ _ _ _ _ _ _ _ _ _ _ _ _ _ _ _ _ _ _ _ _ 

actual = {'settlements': [{'account': 'T', 'purchases': 2000000000000, 'returns': 0, 'net': 2000000000000, ...}, {'account': 'D...net': 2000000000000, ...}, {'account': 'Q', 'purchases': 2000000000000, 'returns': 0, 'net': 2000000000000, ...}, ...]}
expected = [{'account': 'T', 'purchases': 2000000000000, 'returns': 0, 'net': 2000000000000, ...}, {'account': 'DNTBR6UXMPMQGRLY'...'net': 2000000000000, ...}, {'account': 'Q', 'purchases': 2000000000000, 'returns': 0, 'net': 2000000000000, ...}, ...]
label = 'limits job of 100 accounts (seed 20260928)'

    def compare(actual, expected, label):
        """The whole output: one key, settlements in job order, each with exactly the README's keys, every value
        but the account code an integer (a float or a boolean is not), all equal to the expected ones."""
        assert isinstance(actual, dict) and list(actual) == ["settlements"], f"{label}: top-level {actual!r:.200}"
        got = actual["settlements"]
        assert isinstance(got, list) and len(got) == len(expected), f"{label}: {len(got) if isinstance(got, list) else got!r} settlements, expected {len(expected)}"
        for index, (row, ref) in enumerate(zip(got, expected)):
            where = f"{label} settlement {index} ({ref['account']!r})"
            assert isinstance(row, dict) and set(row) == set(FIELDS) and len(row) == len(FIELDS), f"{where}: keys {sorted(row) if isinstance(row, dict) else row!r}"
            for key in FIELDS:
>               assert type(row[key]) is type(ref[key]) and row[key] == ref[key], f"{where} {key}: {row[key]!r}, expected {ref[key]!r}"
E               AssertionError: limits job of 100 accounts (seed 20260928) settlement 2 (' S3AAY ') account: 'S3AAY', expected ' S3AAY '
E               assert (<class 'str'> is <class 'str'> and 'S3AAY' == ' S3AAY '
E                +  where <class 'str'> = type('S3AAY')
E                +  and   <class 'str'> = type(' S3AAY ')
E                 
E                 -  S3AAY 
E                 ? -     -
E                 + S3AAY)

/tests/test_outputs.py:211: AssertionError
_____________________________ test_generated_jobs ______________________________

    def test_generated_jobs():
        """Seeded jobs over the governed domain, as sealed and under fresh codes and orders."""
        rows = check_family("generated")
        rng = random.Random(RELABEL_SEED)
        for number, row in enumerate(rows):
            job, expected = relabel(row["job"], row["settlements"], rng)
            within_limits(job)
>           compare(run(job), expected, f"generated job {number} relabelled (seed {RELABEL_SEED})")

/tests/test_outputs.py:400: 
_ _ _ _ _ _ _ _ _ _ _ _ _ _ _ _ _ _ _ _ _ _ _ _ _ _ _ _ _ _ _ _ _ _ _ _ _ _ _ _ 

actual = {'settlements': [{'account': 'P', 'purchases': 26043672, 'returns': 0, 'net': 26043672, ...}, {'account': 'TBR6UXMPMQG...0, 'net': 55476093, ...}, {'account': 'é仕入-LXGLGLXF', 'purchases': 40548323, 'returns': 180150, 'net': 40368173, ...}]}
expected = [{'account': 'P', 'purchases': 26043672, 'returns': 0, 'net': 26043672, ...}, {'account': 'TBR6UXMPMQGRLYS3', 'purchas... 0, 'net': 55476093, ...}, {'account': 'é仕入-LXGLGLXF', 'purchases': 40548323, 'returns': 180150, 'net': 40368173, ...}]
label = 'generated job 0 relabelled (seed 20260928)'

    def compare(actual, expected, label):
        """The whole output: one key, settlements in job order, each with exactly the README's keys, every value
        but the account code an integer (a float or a boolean is not), all equal to the expected ones."""
        assert isinstance(actual, dict) and list(actual) == ["settlements"], f"{label}: top-level {actual!r:.200}"
        got = actual["settlements"]
        assert isinstance(got, list) and len(got) == len(expected), f"{label}: {len(got) if isinstance(got, list) else got!r} settlements, expected {len(expected)}"
        for index, (row, ref) in enumerate(zip(got, expected)):
            where = f"{label} settlement {index} ({ref['account']!r})"
            assert isinstance(row, dict) and set(row) == set(FIELDS) and len(row) == len(FIELDS), f"{where}: keys {sorted(row) if isinstance(row, dict) else row!r}"
            for key in FIELDS:
>               assert type(row[key]) is type(ref[key]) and row[key] == ref[key], f"{where} {key}: {row[key]!r}, expected {ref[key]!r}"
E               AssertionError: generated job 0 relabelled (seed 20260928) settlement 2 (' AAY8D ') account: 'AAY8D', expected ' AAY8D '
E               assert (<class 'str'> is <class 'str'> and 'AAY8D' == ' AAY8D '
E                +  where <class 'str'> = type('AAY8D')
E                +  and   <class 'str'> = type(' AAY8D ')
E                 
E                 -  AAY8D 
E                 ? -     -
E                 + AAY8D)

/tests/test_outputs.py:211: AssertionError
==================================== PASSES ====================================
=========================== short test summary info ============================
PASSED ../../tests/test_outputs.py::test_rule_3_1_carton_shipment_counts_by_receipt
PASSED ../../tests/test_outputs.py::test_rule_2_2_line_of_exactly_12_units_is_a_carton
PASSED ../../tests/test_outputs.py::test_rule_3_3_returns_less_40_cents_a_unit
PASSED ../../tests/test_outputs.py::test_rule_3_3_returns_on_the_quarter_edges
PASSED ../../tests/test_outputs.py::test_rule_3_5_tier_is_picked_on_net_purchases
PASSED ../../tests/test_outputs.py::test_rule_2_6_net_exactly_on_a_threshold
PASSED ../../tests/test_outputs.py::test_rule_2_6_net_below_nought_reaches_no_tier
PASSED ../../tests/test_outputs.py::test_rule_3_6_volume_rebate_rounded_half_up
PASSED ../../tests/test_outputs.py::test_rule_4_1_growth_bonus_on_the_increase
PASSED ../../tests/test_outputs.py::test_rule_4_1_growth_exactly_110_per_cent
PASSED ../../tests/test_outputs.py::test_rule_4_1_no_prior_purchases_no_bonus
PASSED ../../tests/test_outputs.py::test_rule_5_1_price_drop_earns_cut_times_on_hand
PASSED ../../tests/test_outputs.py::test_rule_2_4_cut_of_exactly_250_cents_is_a_price_drop
PASSED ../../tests/test_outputs.py::test_rule_5_2_contract_sale_chargeback
PASSED ../../tests/test_outputs.py::test_rule_2_5_sale_exactly_100_cents_under_cost_is_a_contract_sale
PASSED ../../tests/test_outputs.py::test_rule_6_2_minimum_settlement
PASSED ../../tests/test_outputs.py::test_rule_6_2_settlement_of_exactly_25000_cents
PASSED ../../tests/test_outputs.py::test_loose_units_keep_their_invoice_quarter
PASSED ../../tests/test_outputs.py::test_tidy_up_notices_keep_todays_credit
PASSED ../../tests/test_outputs.py::test_price_match_sales_keep_todays_chargeback
PASSED ../../tests/test_outputs.py::test_candidate_cannot_read_verifier_state
PASSED ../../tests/test_outputs.py::test_submitted_driver_unchanged
FAILED ../../tests/test_outputs.py::test_statement_order_and_keys - Assertion...
FAILED ../../tests/test_outputs.py::test_section_one_limits_reached - Asserti...
FAILED ../../tests/test_outputs.py::test_generated_jobs - AssertionError: gen...
========================= 3 failed, 22 passed in 1.39s =========================
