============================= test session starts ==============================
platform linux -- Python 3.13.12, pytest-9.1.1, pluggy-1.6.0
rootdir: /tests
plugins: json-ctrf-0.5.2
collected 25 items

../../tests/test_outputs.py F.FF.F.FF..F.F...FFFFFF..                    [100%]

=================================== FAILURES ===================================
_______________ test_rule_3_1_carton_shipment_counts_by_receipt ________________

    def test_rule_3_1_carton_shipment_counts_by_receipt():
        """A carton shipment counts toward the quarter it is received in, the fourth day after its invoice."""
>       check_family("carton_receipt")

/tests/test_outputs.py:223: 
_ _ _ _ _ _ _ _ _ _ _ _ _ _ _ _ _ _ _ _ _ _ _ _ _ _ _ _ _ _ _ _ _ _ _ _ _ _ _ _ 
/tests/test_outputs.py:217: in check_family
    compare(run(row["job"]), row["settlements"], f"{name} job {number}")
_ _ _ _ _ _ _ _ _ _ _ _ _ _ _ _ _ _ _ _ _ _ _ _ _ _ _ _ _ _ _ _ _ _ _ _ _ _ _ _ 

actual = {'settlements': [{'account': '61J7S8P', 'purchases': 181508578, 'returns': 0, 'net': 181508578, ...}, {'account': 'SV0X6DRE', 'purchases': 74399454, 'returns': 0, 'net': 74399454, ...}]}
expected = [{'account': '61J7S8P', 'purchases': 181508578, 'returns': 0, 'net': 181508578, ...}, {'account': 'SV0X6DRE', 'purchases': 74399454, 'returns': 0, 'net': 74399454, ...}]
label = 'carton_receipt job 0'

    def compare(actual, expected, label):
        """The whole output: one key, settlements in job order, each with exactly the README's keys, every value
        but the account code an integer (a float or a boolean is not), all equal to the expected ones."""
        assert isinstance(actual, dict) and list(actual) == ["settlements"], f"{label}: top-level {actual!r:.200}"
        got = actual["settlements"]
        assert isinstance(got, list) and len(got) == len(expected), f"{label}: {len(got) if isinstance(got, list) else got!r} settlements, expected {len(expected)}"
        for index, (row, ref) in enumerate(zip(got, expected)):
            where = f"{label} settlement {index} ({ref['account']!r})"
            assert isinstance(row, dict) and set(row) == set(FIELDS) and len(row) == len(FIELDS), f"{where}: keys {sorted(row) if isinstance(row, dict) else row!r}"
            for key in FIELDS:
>               assert type(row[key]) is type(ref[key]) and row[key] == ref[key], f"{where} {key}: {row[key]!r}, expected {ref[key]!r}"
E               AssertionError: carton_receipt job 0 settlement 0 ('61J7S8P') tier_bp: 732, expected 319
E               assert (<class 'int'> is <class 'int'> and 732 == 319)
E                +  where <class 'int'> = type(732)
E                +  and   <class 'int'> = type(319)

/tests/test_outputs.py:211: AssertionError
__________________ test_rule_3_3_returns_less_40_cents_a_unit __________________

    def test_rule_3_3_returns_less_40_cents_a_unit():
        """Returns taken back in the quarter are credited at their value less 40 cents a unit."""
>       check_family("returns_charge")

/tests/test_outputs.py:233: 
_ _ _ _ _ _ _ _ _ _ _ _ _ _ _ _ _ _ _ _ _ _ _ _ _ _ _ _ _ _ _ _ _ _ _ _ _ _ _ _ 
/tests/test_outputs.py:217: in check_family
    compare(run(row["job"]), row["settlements"], f"{name} job {number}")
_ _ _ _ _ _ _ _ _ _ _ _ _ _ _ _ _ _ _ _ _ _ _ _ _ _ _ _ _ _ _ _ _ _ _ _ _ _ _ _ 

actual = {'settlements': [{'account': '3KA', 'purchases': 31782969, 'returns': 12616370, 'net': 19166599, ...}, {'account': '8H... 'net': -30088333, ...}, {'account': 'R5QX0C880F', 'purchases': 56053644, 'returns': 78844653, 'net': -22791009, ...}]}
expected = [{'account': '3KA', 'purchases': 31782969, 'returns': 12616370, 'net': 19166599, ...}, {'account': '8HSE8H1KKN9VR1', '..., 'net': -30088333, ...}, {'account': 'R5QX0C880F', 'purchases': 56053644, 'returns': 78844653, 'net': -22791009, ...}]
label = 'returns_charge job 2'

    def compare(actual, expected, label):
        """The whole output: one key, settlements in job order, each with exactly the README's keys, every value
        but the account code an integer (a float or a boolean is not), all equal to the expected ones."""
        assert isinstance(actual, dict) and list(actual) == ["settlements"], f"{label}: top-level {actual!r:.200}"
        got = actual["settlements"]
        assert isinstance(got, list) and len(got) == len(expected), f"{label}: {len(got) if isinstance(got, list) else got!r} settlements, expected {len(expected)}"
        for index, (row, ref) in enumerate(zip(got, expected)):
            where = f"{label} settlement {index} ({ref['account']!r})"
            assert isinstance(row, dict) and set(row) == set(FIELDS) and len(row) == len(FIELDS), f"{where}: keys {sorted(row) if isinstance(row, dict) else row!r}"
            for key in FIELDS:
>               assert type(row[key]) is type(ref[key]) and row[key] == ref[key], f"{where} {key}: {row[key]!r}, expected {ref[key]!r}"
E               AssertionError: returns_charge job 2 settlement 0 ('3KA') tier_bp: 444, expected 685
E               assert (<class 'int'> is <class 'int'> and 444 == 685)
E                +  where <class 'int'> = type(444)
E                +  and   <class 'int'> = type(685)

/tests/test_outputs.py:211: AssertionError
__________________ test_rule_3_3_returns_on_the_quarter_edges __________________

    def test_rule_3_3_returns_on_the_quarter_edges():
        """Returns on the first and last day count; the day before and the day after do not."""
>       check_family("returns_edges")

/tests/test_outputs.py:238: 
_ _ _ _ _ _ _ _ _ _ _ _ _ _ _ _ _ _ _ _ _ _ _ _ _ _ _ _ _ _ _ _ _ _ _ _ _ _ _ _ 
/tests/test_outputs.py:217: in check_family
    compare(run(row["job"]), row["settlements"], f"{name} job {number}")
_ _ _ _ _ _ _ _ _ _ _ _ _ _ _ _ _ _ _ _ _ _ _ _ _ _ _ _ _ _ _ _ _ _ _ _ _ _ _ _ 

actual = {'settlements': [{'account': '9PHC0BAJYTCWTTJ', 'purchases': 4916145, 'returns': 65580, 'net': 4850565, ...}, {'accoun...00, 'net': 4572760, ...}, {'account': 'K8RL7MACV74Y', 'purchases': 26916724, 'returns': 205953, 'net': 26710771, ...}]}
expected = [{'account': '9PHC0BAJYTCWTTJ', 'purchases': 4916145, 'returns': 65580, 'net': 4850565, ...}, {'account': '-WYCVYUCY93...600, 'net': 4572760, ...}, {'account': 'K8RL7MACV74Y', 'purchases': 26916724, 'returns': 205953, 'net': 26710771, ...}]
label = 'returns_edges job 0'

    def compare(actual, expected, label):
        """The whole output: one key, settlements in job order, each with exactly the README's keys, every value
        but the account code an integer (a float or a boolean is not), all equal to the expected ones."""
        assert isinstance(actual, dict) and list(actual) == ["settlements"], f"{label}: top-level {actual!r:.200}"
        got = actual["settlements"]
        assert isinstance(got, list) and len(got) == len(expected), f"{label}: {len(got) if isinstance(got, list) else got!r} settlements, expected {len(expected)}"
        for index, (row, ref) in enumerate(zip(got, expected)):
            where = f"{label} settlement {index} ({ref['account']!r})"
            assert isinstance(row, dict) and set(row) == set(FIELDS) and len(row) == len(FIELDS), f"{where}: keys {sorted(row) if isinstance(row, dict) else row!r}"
            for key in FIELDS:
>               assert type(row[key]) is type(ref[key]) and row[key] == ref[key], f"{where} {key}: {row[key]!r}, expected {ref[key]!r}"
E               AssertionError: returns_edges job 0 settlement 0 ('9PHC0BAJYTCWTTJ') tier_bp: 1403, expected 700
E               assert (<class 'int'> is <class 'int'> and 1403 == 700)
E                +  where <class 'int'> = type(1403)
E                +  and   <class 'int'> = type(700)

/tests/test_outputs.py:211: AssertionError
___________________ test_rule_2_6_net_exactly_on_a_threshold ___________________

    def test_rule_2_6_net_exactly_on_a_threshold():
        """Net purchases exactly on a threshold reach that tier, directly and after returns; a cent short does not."""
>       check_family("tier_threshold")

/tests/test_outputs.py:248: 
_ _ _ _ _ _ _ _ _ _ _ _ _ _ _ _ _ _ _ _ _ _ _ _ _ _ _ _ _ _ _ _ _ _ _ _ _ _ _ _ 
/tests/test_outputs.py:217: in check_family
    compare(run(row["job"]), row["settlements"], f"{name} job {number}")
_ _ _ _ _ _ _ _ _ _ _ _ _ _ _ _ _ _ _ _ _ _ _ _ _ _ _ _ _ _ _ _ _ _ _ _ _ _ _ _ 

actual = {'settlements': [{'account': 'ENQM3-V', 'purchases': 1200000, 'returns': 0, 'net': 1200000, ...}, {'account': 'WN3D42D...: 0, 'net': 3600012, ...}, {'account': 'DUD3PZHCV81-K', 'purchases': 1300000, 'returns': 100000, 'net': 1200000, ...}]}
expected = [{'account': 'ENQM3-V', 'purchases': 1200000, 'returns': 0, 'net': 1200000, ...}, {'account': 'WN3D42DUR5', 'purchases...': 0, 'net': 3600012, ...}, {'account': 'DUD3PZHCV81-K', 'purchases': 1300000, 'returns': 100000, 'net': 1200000, ...}]
label = 'tier_threshold job 0'

    def compare(actual, expected, label):
        """The whole output: one key, settlements in job order, each with exactly the README's keys, every value
        but the account code an integer (a float or a boolean is not), all equal to the expected ones."""
        assert isinstance(actual, dict) and list(actual) == ["settlements"], f"{label}: top-level {actual!r:.200}"
        got = actual["settlements"]
        assert isinstance(got, list) and len(got) == len(expected), f"{label}: {len(got) if isinstance(got, list) else got!r} settlements, expected {len(expected)}"
        for index, (row, ref) in enumerate(zip(got, expected)):
            where = f"{label} settlement {index} ({ref['account']!r})"
            assert isinstance(row, dict) and set(row) == set(FIELDS) and len(row) == len(FIELDS), f"{where}: keys {sorted(row) if isinstance(row, dict) else row!r}"
            for key in FIELDS:
>               assert type(row[key]) is type(ref[key]) and row[key] == ref[key], f"{where} {key}: {row[key]!r}, expected {ref[key]!r}"
E               AssertionError: tier_threshold job 0 settlement 0 ('ENQM3-V') tier_bp: 50, expected 300
E               assert (<class 'int'> is <class 'int'> and 50 == 300)
E                +  where <class 'int'> = type(50)
E                +  and   <class 'int'> = type(300)

/tests/test_outputs.py:211: AssertionError
_________________ test_rule_3_6_volume_rebate_rounded_half_up __________________

    def test_rule_3_6_volume_rebate_rounded_half_up():
        """The volume rebate is rounded to the nearest cent, an exact half going up."""
>       check_family("rebate_rounding")

/tests/test_outputs.py:258: 
_ _ _ _ _ _ _ _ _ _ _ _ _ _ _ _ _ _ _ _ _ _ _ _ _ _ _ _ _ _ _ _ _ _ _ _ _ _ _ _ 
/tests/test_outputs.py:217: in check_family
    compare(run(row["job"]), row["settlements"], f"{name} job {number}")
_ _ _ _ _ _ _ _ _ _ _ _ _ _ _ _ _ _ _ _ _ _ _ _ _ _ _ _ _ _ _ _ _ _ _ _ _ _ _ _ 

actual = {'settlements': [{'account': 'XCQHB4L', 'purchases': 528461, 'returns': 0, 'net': 528461, ...}, {'account': 'ATMQW77DG...: 5167612, 'returns': 0, 'net': 5167612, ...}, {'account': '37', 'purchases': 10100, 'returns': 0, 'net': 10100, ...}]}
expected = [{'account': 'XCQHB4L', 'purchases': 528461, 'returns': 0, 'net': 528461, ...}, {'account': 'ATMQW77DGM53CLTX', 'purch...': 5167612, 'returns': 0, 'net': 5167612, ...}, {'account': '37', 'purchases': 10100, 'returns': 0, 'net': 10100, ...}]
label = 'rebate_rounding job 0'

    def compare(actual, expected, label):
        """The whole output: one key, settlements in job order, each with exactly the README's keys, every value
        but the account code an integer (a float or a boolean is not), all equal to the expected ones."""
        assert isinstance(actual, dict) and list(actual) == ["settlements"], f"{label}: top-level {actual!r:.200}"
        got = actual["settlements"]
        assert isinstance(got, list) and len(got) == len(expected), f"{label}: {len(got) if isinstance(got, list) else got!r} settlements, expected {len(expected)}"
        for index, (row, ref) in enumerate(zip(got, expected)):
            where = f"{label} settlement {index} ({ref['account']!r})"
            assert isinstance(row, dict) and set(row) == set(FIELDS) and len(row) == len(FIELDS), f"{where}: keys {sorted(row) if isinstance(row, dict) else row!r}"
            for key in FIELDS:
>               assert type(row[key]) is type(ref[key]) and row[key] == ref[key], f"{where} {key}: {row[key]!r}, expected {ref[key]!r}"
E               AssertionError: rebate_rounding job 0 settlement 4 ('37') tier_bp: 7, expected 50
E               assert (<class 'int'> is <class 'int'> and 7 == 50)
E                +  where <class 'int'> = type(7)
E                +  and   <class 'int'> = type(50)

/tests/test_outputs.py:211: AssertionError
__________________ test_rule_4_1_growth_bonus_on_the_increase __________________

    def test_rule_4_1_growth_bonus_on_the_increase():
        """The growth bonus is 200 basis points of the increase over last year's net purchases."""
>       check_family("growth_increase")

/tests/test_outputs.py:263: 
_ _ _ _ _ _ _ _ _ _ _ _ _ _ _ _ _ _ _ _ _ _ _ _ _ _ _ _ _ _ _ _ _ _ _ _ _ _ _ _ 
/tests/test_outputs.py:217: in check_family
    compare(run(row["job"]), row["settlements"], f"{name} job {number}")
_ _ _ _ _ _ _ _ _ _ _ _ _ _ _ _ _ _ _ _ _ _ _ _ _ _ _ _ _ _ _ _ _ _ _ _ _ _ _ _ 

actual = {'settlements': [{'account': 'Z8B7R', 'purchases': 45607205, 'returns': 0, 'net': 45607205, ...}, {'account': 'DQR3X87JECF9W6', 'purchases': 82745602, 'returns': 0, 'net': 82745602, ...}]}
expected = [{'account': 'Z8B7R', 'purchases': 45607205, 'returns': 0, 'net': 45607205, ...}, {'account': 'DQR3X87JECF9W6', 'purchases': 82745602, 'returns': 0, 'net': 82745602, ...}]
label = 'growth_increase job 0'

    def compare(actual, expected, label):
        """The whole output: one key, settlements in job order, each with exactly the README's keys, every value
        but the account code an integer (a float or a boolean is not), all equal to the expected ones."""
        assert isinstance(actual, dict) and list(actual) == ["settlements"], f"{label}: top-level {actual!r:.200}"
        got = actual["settlements"]
        assert isinstance(got, list) and len(got) == len(expected), f"{label}: {len(got) if isinstance(got, list) else got!r} settlements, expected {len(expected)}"
        for index, (row, ref) in enumerate(zip(got, expected)):
            where = f"{label} settlement {index} ({ref['account']!r})"
            assert isinstance(row, dict) and set(row) == set(FIELDS) and len(row) == len(FIELDS), f"{where}: keys {sorted(row) if isinstance(row, dict) else row!r}"
            for key in FIELDS:
>               assert type(row[key]) is type(ref[key]) and row[key] == ref[key], f"{where} {key}: {row[key]!r}, expected {ref[key]!r}"
E               AssertionError: growth_increase job 0 settlement 0 ('Z8B7R') tier_bp: 507, expected 1452
E               assert (<class 'int'> is <class 'int'> and 507 == 1452)
E                +  where <class 'int'> = type(507)
E                +  and   <class 'int'> = type(1452)

/tests/test_outputs.py:211: AssertionError
_______________ test_rule_5_1_price_drop_earns_cut_times_on_hand _______________

    def test_rule_5_1_price_drop_earns_cut_times_on_hand():
        """A price drop in the quarter earns the cut times the units on hand; one outside the quarter earns nothing."""
>       check_family("price_drop")

/tests/test_outputs.py:278: 
_ _ _ _ _ _ _ _ _ _ _ _ _ _ _ _ _ _ _ _ _ _ _ _ _ _ _ _ _ _ _ _ _ _ _ _ _ _ _ _ 
/tests/test_outputs.py:217: in check_family
    compare(run(row["job"]), row["settlements"], f"{name} job {number}")
_ _ _ _ _ _ _ _ _ _ _ _ _ _ _ _ _ _ _ _ _ _ _ _ _ _ _ _ _ _ _ _ _ _ _ _ _ _ _ _ 

actual = {'settlements': [{'account': '-BMECNP3T', 'purchases': 34991031, 'returns': 0, 'net': 34991031, ...}, {'account': '9PW...2, 'returns': 0, 'net': 3950492, ...}, {'account': 'EPGM', 'purchases': 17331904, 'returns': 0, 'net': 17331904, ...}]}
expected = [{'account': '-BMECNP3T', 'purchases': 34991031, 'returns': 0, 'net': 34991031, ...}, {'account': '9PWVDD', 'purchases...92, 'returns': 0, 'net': 3950492, ...}, {'account': 'EPGM', 'purchases': 17331904, 'returns': 0, 'net': 17331904, ...}]
label = 'price_drop job 0'

    def compare(actual, expected, label):
        """The whole output: one key, settlements in job order, each with exactly the README's keys, every value
        but the account code an integer (a float or a boolean is not), all equal to the expected ones."""
        assert isinstance(actual, dict) and list(actual) == ["settlements"], f"{label}: top-level {actual!r:.200}"
        got = actual["settlements"]
        assert isinstance(got, list) and len(got) == len(expected), f"{label}: {len(got) if isinstance(got, list) else got!r} settlements, expected {len(expected)}"
        for index, (row, ref) in enumerate(zip(got, expected)):
            where = f"{label} settlement {index} ({ref['account']!r})"
            assert isinstance(row, dict) and set(row) == set(FIELDS) and len(row) == len(FIELDS), f"{where}: keys {sorted(row) if isinstance(row, dict) else row!r}"
            for key in FIELDS:
>               assert type(row[key]) is type(ref[key]) and row[key] == ref[key], f"{where} {key}: {row[key]!r}, expected {ref[key]!r}"
E               AssertionError: price_drop job 0 settlement 0 ('-BMECNP3T') tier_bp: 965, expected 43
E               assert (<class 'int'> is <class 'int'> and 965 == 43)
E                +  where <class 'int'> = type(965)
E                +  and   <class 'int'> = type(43)

/tests/test_outputs.py:211: AssertionError
____________________ test_rule_5_2_contract_sale_chargeback ____________________

    def test_rule_5_2_contract_sale_chargeback():
        """A contract sale in the quarter earns the amount below cost times the units."""
>       check_family("contract_sale")

/tests/test_outputs.py:288: 
_ _ _ _ _ _ _ _ _ _ _ _ _ _ _ _ _ _ _ _ _ _ _ _ _ _ _ _ _ _ _ _ _ _ _ _ _ _ _ _ 
/tests/test_outputs.py:217: in check_family
    compare(run(row["job"]), row["settlements"], f"{name} job {number}")
_ _ _ _ _ _ _ _ _ _ _ _ _ _ _ _ _ _ _ _ _ _ _ _ _ _ _ _ _ _ _ _ _ _ _ _ _ _ _ _ 

actual = {'settlements': [{'account': 'AT02CF', 'purchases': 50377424, 'returns': 0, 'net': 50377424, ...}, {'account': 'AGTGY851XDR50CL9', 'purchases': 21158739, 'returns': 0, 'net': 21158739, ...}]}
expected = [{'account': 'AT02CF', 'purchases': 50377424, 'returns': 0, 'net': 50377424, ...}, {'account': 'AGTGY851XDR50CL9', 'purchases': 21158739, 'returns': 0, 'net': 21158739, ...}]
label = 'contract_sale job 0'

    def compare(actual, expected, label):
        """The whole output: one key, settlements in job order, each with exactly the README's keys, every value
        but the account code an integer (a float or a boolean is not), all equal to the expected ones."""
        assert isinstance(actual, dict) and list(actual) == ["settlements"], f"{label}: top-level {actual!r:.200}"
        got = actual["settlements"]
        assert isinstance(got, list) and len(got) == len(expected), f"{label}: {len(got) if isinstance(got, list) else got!r} settlements, expected {len(expected)}"
        for index, (row, ref) in enumerate(zip(got, expected)):
            where = f"{label} settlement {index} ({ref['account']!r})"
            assert isinstance(row, dict) and set(row) == set(FIELDS) and len(row) == len(FIELDS), f"{where}: keys {sorted(row) if isinstance(row, dict) else row!r}"
            for key in FIELDS:
>               assert type(row[key]) is type(ref[key]) and row[key] == ref[key], f"{where} {key}: {row[key]!r}, expected {ref[key]!r}"
E               AssertionError: contract_sale job 0 settlement 0 ('AT02CF') tier_bp: 1187, expected 138
E               assert (<class 'int'> is <class 'int'> and 1187 == 138)
E                +  where <class 'int'> = type(1187)
E                +  and   <class 'int'> = type(138)

/tests/test_outputs.py:211: AssertionError
_________________ test_loose_units_keep_their_invoice_quarter __________________

    def test_loose_units_keep_their_invoice_quarter():
        """A line below a carton keeps counting toward the quarter of its invoice date, as the shipped package counts it."""
>       rows = check_family("loose_units")
               ^^^^^^^^^^^^^^^^^^^^^^^^^^^

/tests/test_outputs.py:308: 
_ _ _ _ _ _ _ _ _ _ _ _ _ _ _ _ _ _ _ _ _ _ _ _ _ _ _ _ _ _ _ _ _ _ _ _ _ _ _ _ 
/tests/test_outputs.py:217: in check_family
    compare(run(row["job"]), row["settlements"], f"{name} job {number}")
_ _ _ _ _ _ _ _ _ _ _ _ _ _ _ _ _ _ _ _ _ _ _ _ _ _ _ _ _ _ _ _ _ _ _ _ _ _ _ _ 

actual = {'settlements': [{'account': '-M-', 'purchases': 48487386, 'returns': 0, 'net': 48487386, ...}, {'account': 'GNM79', '...rns': 0, 'net': 631910, ...}, {'account': '6705-Q-C-SL6A', 'purchases': 57160109, 'returns': 0, 'net': 57160109, ...}]}
expected = [{'account': '-M-', 'purchases': 48487386, 'returns': 0, 'net': 48487386, ...}, {'account': 'GNM79', 'purchases': 6319...urns': 0, 'net': 631910, ...}, {'account': '6705-Q-C-SL6A', 'purchases': 57160109, 'returns': 0, 'net': 57160109, ...}]
label = 'loose_units job 1'

    def compare(actual, expected, label):
        """The whole output: one key, settlements in job order, each with exactly the README's keys, every value
        but the account code an integer (a float or a boolean is not), all equal to the expected ones."""
        assert isinstance(actual, dict) and list(actual) == ["settlements"], f"{label}: top-level {actual!r:.200}"
        got = actual["settlements"]
        assert isinstance(got, list) and len(got) == len(expected), f"{label}: {len(got) if isinstance(got, list) else got!r} settlements, expected {len(expected)}"
        for index, (row, ref) in enumerate(zip(got, expected)):
            where = f"{label} settlement {index} ({ref['account']!r})"
            assert isinstance(row, dict) and set(row) == set(FIELDS) and len(row) == len(FIELDS), f"{where}: keys {sorted(row) if isinstance(row, dict) else row!r}"
            for key in FIELDS:
>               assert type(row[key]) is type(ref[key]) and row[key] == ref[key], f"{where} {key}: {row[key]!r}, expected {ref[key]!r}"
E               AssertionError: loose_units job 1 settlement 0 ('-M-') tier_bp: 107, expected 108
E               assert (<class 'int'> is <class 'int'> and 107 == 108)
E                +  where <class 'int'> = type(107)
E                +  and   <class 'int'> = type(108)

/tests/test_outputs.py:211: AssertionError
___________________ test_tidy_up_notices_keep_todays_credit ____________________

    def test_tidy_up_notices_keep_todays_credit():
        """A price notice that is not a price drop keeps the credit the shipped package gives it."""
>       for number, row in enumerate(check_family("tidy_ups")):
                                     ^^^^^^^^^^^^^^^^^^^^^^^^

/tests/test_outputs.py:320: 
_ _ _ _ _ _ _ _ _ _ _ _ _ _ _ _ _ _ _ _ _ _ _ _ _ _ _ _ _ _ _ _ _ _ _ _ _ _ _ _ 
/tests/test_outputs.py:217: in check_family
    compare(run(row["job"]), row["settlements"], f"{name} job {number}")
_ _ _ _ _ _ _ _ _ _ _ _ _ _ _ _ _ _ _ _ _ _ _ _ _ _ _ _ _ _ _ _ _ _ _ _ _ _ _ _ 

actual = {'settlements': [{'account': 'Z9TB8XN5Q60D8AJ', 'purchases': 49968670, 'returns': 0, 'net': 49968670, ...}, {'account'...6, 'returns': 0, 'net': 61547346, ...}, {'account': 'KFF', 'purchases': 13266422, 'returns': 0, 'net': 13266422, ...}]}
expected = [{'account': 'Z9TB8XN5Q60D8AJ', 'purchases': 49968670, 'returns': 0, 'net': 49968670, ...}, {'account': 'XZ7Y0VNWR5BEQ...46, 'returns': 0, 'net': 61547346, ...}, {'account': 'KFF', 'purchases': 13266422, 'returns': 0, 'net': 13266422, ...}]
label = 'tidy_ups job 0'

    def compare(actual, expected, label):
        """The whole output: one key, settlements in job order, each with exactly the README's keys, every value
        but the account code an integer (a float or a boolean is not), all equal to the expected ones."""
        assert isinstance(actual, dict) and list(actual) == ["settlements"], f"{label}: top-level {actual!r:.200}"
        got = actual["settlements"]
        assert isinstance(got, list) and len(got) == len(expected), f"{label}: {len(got) if isinstance(got, list) else got!r} settlements, expected {len(expected)}"
        for index, (row, ref) in enumerate(zip(got, expected)):
            where = f"{label} settlement {index} ({ref['account']!r})"
            assert isinstance(row, dict) and set(row) == set(FIELDS) and len(row) == len(FIELDS), f"{where}: keys {sorted(row) if isinstance(row, dict) else row!r}"
            for key in FIELDS:
>               assert type(row[key]) is type(ref[key]) and row[key] == ref[key], f"{where} {key}: {row[key]!r}, expected {ref[key]!r}"
E               AssertionError: tidy_ups job 0 settlement 0 ('Z9TB8XN5Q60D8AJ') tier_bp: 1060, expected 57
E               assert (<class 'int'> is <class 'int'> and 1060 == 57)
E                +  where <class 'int'> = type(1060)
E                +  and   <class 'int'> = type(57)

/tests/test_outputs.py:211: AssertionError
________________ test_price_match_sales_keep_todays_chargeback _________________

    def test_price_match_sales_keep_todays_chargeback():
        """A sale below cost that is not a contract sale keeps the chargeback the shipped package gives it."""
>       for number, row in enumerate(check_family("price_match")):
                                     ^^^^^^^^^^^^^^^^^^^^^^^^^^^

/tests/test_outputs.py:328: 
_ _ _ _ _ _ _ _ _ _ _ _ _ _ _ _ _ _ _ _ _ _ _ _ _ _ _ _ _ _ _ _ _ _ _ _ _ _ _ _ 
/tests/test_outputs.py:217: in check_family
    compare(run(row["job"]), row["settlements"], f"{name} job {number}")
_ _ _ _ _ _ _ _ _ _ _ _ _ _ _ _ _ _ _ _ _ _ _ _ _ _ _ _ _ _ _ _ _ _ _ _ _ _ _ _ 

actual = {'settlements': [{'account': 'J56X', 'purchases': 2465793, 'returns': 0, 'net': 2465793, ...}, {'account': '2K27UBEZ',...rns': 816320, 'net': -816320, ...}, {'account': 'Y-M3QU0FGD20-10G', 'purchases': 0, 'returns': 0, 'net': 0, ...}, ...]}
expected = [{'account': 'J56X', 'purchases': 2465793, 'returns': 0, 'net': 2465793, ...}, {'account': '2K27UBEZ', 'purchases': 22...urns': 816320, 'net': -816320, ...}, {'account': 'Y-M3QU0FGD20-10G', 'purchases': 0, 'returns': 0, 'net': 0, ...}, ...]
label = 'price_match job 0'

    def compare(actual, expected, label):
        """The whole output: one key, settlements in job order, each with exactly the README's keys, every value
        but the account code an integer (a float or a boolean is not), all equal to the expected ones."""
        assert isinstance(actual, dict) and list(actual) == ["settlements"], f"{label}: top-level {actual!r:.200}"
        got = actual["settlements"]
        assert isinstance(got, list) and len(got) == len(expected), f"{label}: {len(got) if isinstance(got, list) else got!r} settlements, expected {len(expected)}"
        for index, (row, ref) in enumerate(zip(got, expected)):
            where = f"{label} settlement {index} ({ref['account']!r})"
            assert isinstance(row, dict) and set(row) == set(FIELDS) and len(row) == len(FIELDS), f"{where}: keys {sorted(row) if isinstance(row, dict) else row!r}"
            for key in FIELDS:
>               assert type(row[key]) is type(ref[key]) and row[key] == ref[key], f"{where} {key}: {row[key]!r}, expected {ref[key]!r}"
E               AssertionError: price_match job 0 settlement 0 ('J56X') tier_bp: 769, expected 219
E               assert (<class 'int'> is <class 'int'> and 769 == 219)
E                +  where <class 'int'> = type(769)
E                +  and   <class 'int'> = type(219)

/tests/test_outputs.py:211: AssertionError
________________________ test_statement_order_and_keys _________________________

    def test_statement_order_and_keys():
        """Settlements come in job order with codes as given (1 and 16 characters, spaces, quotes, non-ASCII)."""
>       check_family("statement_order")

/tests/test_outputs.py:375: 
_ _ _ _ _ _ _ _ _ _ _ _ _ _ _ _ _ _ _ _ _ _ _ _ _ _ _ _ _ _ _ _ _ _ _ _ _ _ _ _ 
/tests/test_outputs.py:217: in check_family
    compare(run(row["job"]), row["settlements"], f"{name} job {number}")
_ _ _ _ _ _ _ _ _ _ _ _ _ _ _ _ _ _ _ _ _ _ _ _ _ _ _ _ _ _ _ _ _ _ _ _ _ _ _ _ 

actual = {'settlements': [{'account': 'A', 'purchases': 28119546, 'returns': 2936208, 'net': 25183338, ...}, {'account': 'ZZZZZ...入先', 'purchases': 0, 'returns': 0, 'net': 0, ...}, {'account': 'x', 'purchases': 0, 'returns': 0, 'net': 0, ...}, ...]}
expected = [{'account': 'A', 'purchases': 28119546, 'returns': 2936208, 'net': 25183338, ...}, {'account': 'ZZZZZZZZZZZZZZZZ', 'p...仕入先', 'purchases': 0, 'returns': 0, 'net': 0, ...}, {'account': 'x', 'purchases': 0, 'returns': 0, 'net': 0, ...}, ...]
label = 'statement_order job 0'

    def compare(actual, expected, label):
        """The whole output: one key, settlements in job order, each with exactly the README's keys, every value
        but the account code an integer (a float or a boolean is not), all equal to the expected ones."""
        assert isinstance(actual, dict) and list(actual) == ["settlements"], f"{label}: top-level {actual!r:.200}"
        got = actual["settlements"]
        assert isinstance(got, list) and len(got) == len(expected), f"{label}: {len(got) if isinstance(got, list) else got!r} settlements, expected {len(expected)}"
        for index, (row, ref) in enumerate(zip(got, expected)):
            where = f"{label} settlement {index} ({ref['account']!r})"
            assert isinstance(row, dict) and set(row) == set(FIELDS) and len(row) == len(FIELDS), f"{where}: keys {sorted(row) if isinstance(row, dict) else row!r}"
            for key in FIELDS:
>               assert type(row[key]) is type(ref[key]) and row[key] == ref[key], f"{where} {key}: {row[key]!r}, expected {ref[key]!r}"
E               AssertionError: statement_order job 0 settlement 0 ('A') tier_bp: 550, expected 1016
E               assert (<class 'int'> is <class 'int'> and 550 == 1016)
E                +  where <class 'int'> = type(550)
E                +  and   <class 'int'> = type(1016)

/tests/test_outputs.py:211: AssertionError
_______________________ test_section_one_limits_reached ________________________

    def test_section_one_limits_reached():
        """12 tier rows, thresholds of 10^11, 100 accounts, 400 lines, 100 returns, 50 notices, 200 sales, every field end."""
        check_family("limits_accounts")
        row = load("limits_job")[0]
        rng = random.Random(RELABEL_SEED)
        names = fresh_names(rng, 100)
        base = dict(row["job"]["accounts"][0])
        for key, n in row["repeat"].items():  # each entry repeated to the list's longest
            base[key] = base[key] * n
        big = dict(row["job"], accounts=[dict(base, account=n) for n in names])
        within_limits(big)
        assert len(big["tiers"]) == 12 and len(big["accounts"]) == 100 and len(base["purchases"]) == 400
>       compare(run(big), [dict(row["settlements"][0], account=n) for n in names], f"limits job of 100 accounts (seed {RELABEL_SEED})")

/tests/test_outputs.py:390: 
_ _ _ _ _ _ _ _ _ _ _ _ _ _ _ _ _ _ _ _ _ _ _ _ _ _ _ _ _ _ _ _ _ _ _ _ _ _ _ _ 

actual = {'settlements': [{'account': 'T', 'purchases': 2000000000000, 'returns': 0, 'net': 2000000000000, ...}, {'account': 'D...net': 2000000000000, ...}, {'account': 'Q', 'purchases': 2000000000000, 'returns': 0, 'net': 2000000000000, ...}, ...]}
expected = [{'account': 'T', 'purchases': 2000000000000, 'returns': 0, 'net': 2000000000000, ...}, {'account': 'DNTBR6UXMPMQGRLY'...'net': 2000000000000, ...}, {'account': 'Q', 'purchases': 2000000000000, 'returns': 0, 'net': 2000000000000, ...}, ...]
label = 'limits job of 100 accounts (seed 20260928)'

    def compare(actual, expected, label):
        """The whole output: one key, settlements in job order, each with exactly the README's keys, every value
        but the account code an integer (a float or a boolean is not), all equal to the expected ones."""
        assert isinstance(actual, dict) and list(actual) == ["settlements"], f"{label}: top-level {actual!r:.200}"
        got = actual["settlements"]
        assert isinstance(got, list) and len(got) == len(expected), f"{label}: {len(got) if isinstance(got, list) else got!r} settlements, expected {len(expected)}"
        for index, (row, ref) in enumerate(zip(got, expected)):
            where = f"{label} settlement {index} ({ref['account']!r})"
            assert isinstance(row, dict) and set(row) == set(FIELDS) and len(row) == len(FIELDS), f"{where}: keys {sorted(row) if isinstance(row, dict) else row!r}"
            for key in FIELDS:
>               assert type(row[key]) is type(ref[key]) and row[key] == ref[key], f"{where} {key}: {row[key]!r}, expected {ref[key]!r}"
E               AssertionError: limits job of 100 accounts (seed 20260928) settlement 0 ('T') tier_bp: 7, expected 1500
E               assert (<class 'int'> is <class 'int'> and 7 == 1500)
E                +  where <class 'int'> = type(7)
E                +  and   <class 'int'> = type(1500)

/tests/test_outputs.py:211: AssertionError
_____________________________ test_generated_jobs ______________________________

    def test_generated_jobs():
        """Seeded jobs over the governed domain, as sealed and under fresh codes and orders."""
>       rows = check_family("generated")
               ^^^^^^^^^^^^^^^^^^^^^^^^^

/tests/test_outputs.py:395: 
_ _ _ _ _ _ _ _ _ _ _ _ _ _ _ _ _ _ _ _ _ _ _ _ _ _ _ _ _ _ _ _ _ _ _ _ _ _ _ _ 
/tests/test_outputs.py:217: in check_family
    compare(run(row["job"]), row["settlements"], f"{name} job {number}")
_ _ _ _ _ _ _ _ _ _ _ _ _ _ _ _ _ _ _ _ _ _ _ _ _ _ _ _ _ _ _ _ _ _ _ _ _ _ _ _ 

actual = {'settlements': [{'account': '66QZ7E', 'purchases': 62950494, 'returns': 0, 'net': 62950494, ...}]}
expected = [{'account': '66QZ7E', 'purchases': 62950494, 'returns': 0, 'net': 62950494, ...}]
label = 'generated job 1'

    def compare(actual, expected, label):
        """The whole output: one key, settlements in job order, each with exactly the README's keys, every value
        but the account code an integer (a float or a boolean is not), all equal to the expected ones."""
        assert isinstance(actual, dict) and list(actual) == ["settlements"], f"{label}: top-level {actual!r:.200}"
        got = actual["settlements"]
        assert isinstance(got, list) and len(got) == len(expected), f"{label}: {len(got) if isinstance(got, list) else got!r} settlements, expected {len(expected)}"
        for index, (row, ref) in enumerate(zip(got, expected)):
            where = f"{label} settlement {index} ({ref['account']!r})"
            assert isinstance(row, dict) and set(row) == set(FIELDS) and len(row) == len(FIELDS), f"{where}: keys {sorted(row) if isinstance(row, dict) else row!r}"
            for key in FIELDS:
>               assert type(row[key]) is type(ref[key]) and row[key] == ref[key], f"{where} {key}: {row[key]!r}, expected {ref[key]!r}"
E               AssertionError: generated job 1 settlement 0 ('66QZ7E') tier_bp: 499, expected 615
E               assert (<class 'int'> is <class 'int'> and 499 == 615)
E                +  where <class 'int'> = type(499)
E                +  and   <class 'int'> = type(615)

/tests/test_outputs.py:211: AssertionError
==================================== PASSES ====================================
=========================== short test summary info ============================
PASSED ../../tests/test_outputs.py::test_rule_2_2_line_of_exactly_12_units_is_a_carton
PASSED ../../tests/test_outputs.py::test_rule_3_5_tier_is_picked_on_net_purchases
PASSED ../../tests/test_outputs.py::test_rule_2_6_net_below_nought_reaches_no_tier
PASSED ../../tests/test_outputs.py::test_rule_4_1_growth_exactly_110_per_cent
PASSED ../../tests/test_outputs.py::test_rule_4_1_no_prior_purchases_no_bonus
PASSED ../../tests/test_outputs.py::test_rule_2_4_cut_of_exactly_250_cents_is_a_price_drop
PASSED ../../tests/test_outputs.py::test_rule_2_5_sale_exactly_100_cents_under_cost_is_a_contract_sale
PASSED ../../tests/test_outputs.py::test_rule_6_2_minimum_settlement
PASSED ../../tests/test_outputs.py::test_rule_6_2_settlement_of_exactly_25000_cents
PASSED ../../tests/test_outputs.py::test_candidate_cannot_read_verifier_state
PASSED ../../tests/test_outputs.py::test_submitted_driver_unchanged
FAILED ../../tests/test_outputs.py::test_rule_3_1_carton_shipment_counts_by_receipt
FAILED ../../tests/test_outputs.py::test_rule_3_3_returns_less_40_cents_a_unit
FAILED ../../tests/test_outputs.py::test_rule_3_3_returns_on_the_quarter_edges
FAILED ../../tests/test_outputs.py::test_rule_2_6_net_exactly_on_a_threshold
FAILED ../../tests/test_outputs.py::test_rule_3_6_volume_rebate_rounded_half_up
FAILED ../../tests/test_outputs.py::test_rule_4_1_growth_bonus_on_the_increase
FAILED ../../tests/test_outputs.py::test_rule_5_1_price_drop_earns_cut_times_on_hand
FAILED ../../tests/test_outputs.py::test_rule_5_2_contract_sale_chargeback - ...
FAILED ../../tests/test_outputs.py::test_loose_units_keep_their_invoice_quarter
FAILED ../../tests/test_outputs.py::test_tidy_up_notices_keep_todays_credit
FAILED ../../tests/test_outputs.py::test_price_match_sales_keep_todays_chargeback
FAILED ../../tests/test_outputs.py::test_statement_order_and_keys - Assertion...
FAILED ../../tests/test_outputs.py::test_section_one_limits_reached - Asserti...
FAILED ../../tests/test_outputs.py::test_generated_jobs - AssertionError: gen...
======================== 14 failed, 11 passed in 1.08s =========================
