============================= test session starts ==============================
platform linux -- Python 3.13.12, pytest-9.1.1, pluggy-1.6.0
rootdir: /tests
plugins: json-ctrf-0.5.2
collected 25 items

../../tests/test_outputs.py FFFFFFFFFFFF.F.FFFFFFFF..                    [100%]

=================================== FAILURES ===================================
_______________ test_rule_3_1_carton_shipment_counts_by_receipt ________________

    def test_rule_3_1_carton_shipment_counts_by_receipt():
        """A carton shipment counts toward the quarter it is received in, the fourth day after its invoice."""
>       check_family("carton_receipt")

/tests/test_outputs.py:223: 
_ _ _ _ _ _ _ _ _ _ _ _ _ _ _ _ _ _ _ _ _ _ _ _ _ _ _ _ _ _ _ _ _ _ _ _ _ _ _ _ 
/tests/test_outputs.py:217: in check_family
    compare(run(row["job"]), row["settlements"], f"{name} job {number}")
_ _ _ _ _ _ _ _ _ _ _ _ _ _ _ _ _ _ _ _ _ _ _ _ _ _ _ _ _ _ _ _ _ _ _ _ _ _ _ _ 

actual = {'settlements': [{'account': '5CAXGNFB', 'purchases': 94101562, 'returns': 0, 'net': 94101562, ...}, {'account': '1P-X...s': 689816, 'net': 76297091, ...}, {'account': '9HJ6X9A9', 'purchases': 67942002, 'returns': 0, 'net': 67942002, ...}]}
expected = [{'account': '5CAXGNFB9V7ZEX', 'purchases': 94101562, 'returns': 0, 'net': 94101562, ...}, {'account': '1P-XEZW1RSS', ...9816, 'net': 76297091, ...}, {'account': '9HJ6X9A9Y0XDWLX', 'purchases': 67942002, 'returns': 0, 'net': 67942002, ...}]
label = 'carton_receipt job 1'

    def compare(actual, expected, label):
        """The whole output: one key, settlements in job order, each with exactly the README's keys, every value
        but the account code an integer (a float or a boolean is not), all equal to the expected ones."""
        assert isinstance(actual, dict) and list(actual) == ["settlements"], f"{label}: top-level {actual!r:.200}"
        got = actual["settlements"]
        assert isinstance(got, list) and len(got) == len(expected), f"{label}: {len(got) if isinstance(got, list) else got!r} settlements, expected {len(expected)}"
        for index, (row, ref) in enumerate(zip(got, expected)):
            where = f"{label} settlement {index} ({ref['account']!r})"
            assert isinstance(row, dict) and set(row) == set(FIELDS) and len(row) == len(FIELDS), f"{where}: keys {sorted(row) if isinstance(row, dict) else row!r}"
            for key in FIELDS:
>               assert type(row[key]) is type(ref[key]) and row[key] == ref[key], f"{where} {key}: {row[key]!r}, expected {ref[key]!r}"
E               AssertionError: carton_receipt job 1 settlement 0 ('5CAXGNFB9V7ZEX') account: '5CAXGNFB', expected '5CAXGNFB9V7ZEX'
E               assert (<class 'str'> is <class 'str'> and '5CAXGNFB' == '5CAXGNFB9V7ZEX'
E                +  where <class 'str'> = type('5CAXGNFB')
E                +  and   <class 'str'> = type('5CAXGNFB9V7ZEX')
E                 
E                 - 5CAXGNFB9V7ZEX
E                 + 5CAXGNFB)

/tests/test_outputs.py:211: AssertionError
______________ test_rule_2_2_line_of_exactly_12_units_is_a_carton ______________

    def test_rule_2_2_line_of_exactly_12_units_is_a_carton():
        """Lines of exactly 12 units invoiced in the four days before either quarter edge move with their receipt."""
>       check_family("carton_threshold")

/tests/test_outputs.py:228: 
_ _ _ _ _ _ _ _ _ _ _ _ _ _ _ _ _ _ _ _ _ _ _ _ _ _ _ _ _ _ _ _ _ _ _ _ _ _ _ _ 
/tests/test_outputs.py:217: in check_family
    compare(run(row["job"]), row["settlements"], f"{name} job {number}")
_ _ _ _ _ _ _ _ _ _ _ _ _ _ _ _ _ _ _ _ _ _ _ _ _ _ _ _ _ _ _ _ _ _ _ _ _ _ _ _ 

actual = {'settlements': [{'account': '1NNDCZ4-', 'purchases': 185244, 'returns': 0, 'net': 185244, ...}, {'account': 'W654D0QQ...ases': 144720, 'returns': 0, 'net': 144720, ...}, {'account': 'Y', 'purchases': 3108, 'returns': 0, 'net': 3108, ...}]}
expected = [{'account': '1NNDCZ4-CKF06JW3', 'purchases': 185244, 'returns': 0, 'net': 185244, ...}, {'account': 'W654D0QQ4YBK1C8'...hases': 144720, 'returns': 0, 'net': 144720, ...}, {'account': 'Y', 'purchases': 3108, 'returns': 0, 'net': 3108, ...}]
label = 'carton_threshold job 1'

    def compare(actual, expected, label):
        """The whole output: one key, settlements in job order, each with exactly the README's keys, every value
        but the account code an integer (a float or a boolean is not), all equal to the expected ones."""
        assert isinstance(actual, dict) and list(actual) == ["settlements"], f"{label}: top-level {actual!r:.200}"
        got = actual["settlements"]
        assert isinstance(got, list) and len(got) == len(expected), f"{label}: {len(got) if isinstance(got, list) else got!r} settlements, expected {len(expected)}"
        for index, (row, ref) in enumerate(zip(got, expected)):
            where = f"{label} settlement {index} ({ref['account']!r})"
            assert isinstance(row, dict) and set(row) == set(FIELDS) and len(row) == len(FIELDS), f"{where}: keys {sorted(row) if isinstance(row, dict) else row!r}"
            for key in FIELDS:
>               assert type(row[key]) is type(ref[key]) and row[key] == ref[key], f"{where} {key}: {row[key]!r}, expected {ref[key]!r}"
E               AssertionError: carton_threshold job 1 settlement 0 ('1NNDCZ4-CKF06JW3') account: '1NNDCZ4-', expected '1NNDCZ4-CKF06JW3'
E               assert (<class 'str'> is <class 'str'> and '1NNDCZ4-' == '1NNDCZ4-CKF06JW3'
E                +  where <class 'str'> = type('1NNDCZ4-')
E                +  and   <class 'str'> = type('1NNDCZ4-CKF06JW3')
E                 
E                 - 1NNDCZ4-CKF06JW3
E                 + 1NNDCZ4-)

/tests/test_outputs.py:211: AssertionError
__________________ test_rule_3_3_returns_less_40_cents_a_unit __________________

    def test_rule_3_3_returns_less_40_cents_a_unit():
        """Returns taken back in the quarter are credited at their value less 40 cents a unit."""
>       check_family("returns_charge")

/tests/test_outputs.py:233: 
_ _ _ _ _ _ _ _ _ _ _ _ _ _ _ _ _ _ _ _ _ _ _ _ _ _ _ _ _ _ _ _ _ _ _ _ _ _ _ _ 
/tests/test_outputs.py:217: in check_family
    compare(run(row["job"]), row["settlements"], f"{name} job {number}")
_ _ _ _ _ _ _ _ _ _ _ _ _ _ _ _ _ _ _ _ _ _ _ _ _ _ _ _ _ _ _ _ _ _ _ _ _ _ _ _ 

actual = {'settlements': [{'account': 'A4', 'purchases': 7470054, 'returns': 73713458, 'net': -66243404, ...}, {'account': 'LWX...66973913, 'net': -66935128, ...}, {'account': '-5SU245L', 'purchases': 0, 'returns': 34233444, 'net': -34233444, ...}]}
expected = [{'account': 'A4', 'purchases': 7470054, 'returns': 73713458, 'net': -66243404, ...}, {'account': 'LWX7N395B65VWH', 'p...3913, 'net': -66935128, ...}, {'account': '-5SU245LEW5KZ', 'purchases': 0, 'returns': 34233444, 'net': -34233444, ...}]
label = 'returns_charge job 1'

    def compare(actual, expected, label):
        """The whole output: one key, settlements in job order, each with exactly the README's keys, every value
        but the account code an integer (a float or a boolean is not), all equal to the expected ones."""
        assert isinstance(actual, dict) and list(actual) == ["settlements"], f"{label}: top-level {actual!r:.200}"
        got = actual["settlements"]
        assert isinstance(got, list) and len(got) == len(expected), f"{label}: {len(got) if isinstance(got, list) else got!r} settlements, expected {len(expected)}"
        for index, (row, ref) in enumerate(zip(got, expected)):
            where = f"{label} settlement {index} ({ref['account']!r})"
            assert isinstance(row, dict) and set(row) == set(FIELDS) and len(row) == len(FIELDS), f"{where}: keys {sorted(row) if isinstance(row, dict) else row!r}"
            for key in FIELDS:
>               assert type(row[key]) is type(ref[key]) and row[key] == ref[key], f"{where} {key}: {row[key]!r}, expected {ref[key]!r}"
E               AssertionError: returns_charge job 1 settlement 1 ('LWX7N395B65VWH') account: 'LWX7N395', expected 'LWX7N395B65VWH'
E               assert (<class 'str'> is <class 'str'> and 'LWX7N395' == 'LWX7N395B65VWH'
E                +  where <class 'str'> = type('LWX7N395')
E                +  and   <class 'str'> = type('LWX7N395B65VWH')
E                 
E                 - LWX7N395B65VWH
E                 + LWX7N395)

/tests/test_outputs.py:211: AssertionError
__________________ test_rule_3_3_returns_on_the_quarter_edges __________________

    def test_rule_3_3_returns_on_the_quarter_edges():
        """Returns on the first and last day count; the day before and the day after do not."""
>       check_family("returns_edges")

/tests/test_outputs.py:238: 
_ _ _ _ _ _ _ _ _ _ _ _ _ _ _ _ _ _ _ _ _ _ _ _ _ _ _ _ _ _ _ _ _ _ _ _ _ _ _ _ 
/tests/test_outputs.py:217: in check_family
    compare(run(row["job"]), row["settlements"], f"{name} job {number}")
_ _ _ _ _ _ _ _ _ _ _ _ _ _ _ _ _ _ _ _ _ _ _ _ _ _ _ _ _ _ _ _ _ _ _ _ _ _ _ _ 

actual = {'settlements': [{'account': '9PHC0BAJ', 'purchases': 4916145, 'returns': 65580, 'net': 4850565, ...}, {'account': '-W... 38600, 'net': 4572760, ...}, {'account': 'K8RL7MAC', 'purchases': 26916724, 'returns': 205953, 'net': 26710771, ...}]}
expected = [{'account': '9PHC0BAJYTCWTTJ', 'purchases': 4916145, 'returns': 65580, 'net': 4850565, ...}, {'account': '-WYCVYUCY93...600, 'net': 4572760, ...}, {'account': 'K8RL7MACV74Y', 'purchases': 26916724, 'returns': 205953, 'net': 26710771, ...}]
label = 'returns_edges job 0'

    def compare(actual, expected, label):
        """The whole output: one key, settlements in job order, each with exactly the README's keys, every value
        but the account code an integer (a float or a boolean is not), all equal to the expected ones."""
        assert isinstance(actual, dict) and list(actual) == ["settlements"], f"{label}: top-level {actual!r:.200}"
        got = actual["settlements"]
        assert isinstance(got, list) and len(got) == len(expected), f"{label}: {len(got) if isinstance(got, list) else got!r} settlements, expected {len(expected)}"
        for index, (row, ref) in enumerate(zip(got, expected)):
            where = f"{label} settlement {index} ({ref['account']!r})"
            assert isinstance(row, dict) and set(row) == set(FIELDS) and len(row) == len(FIELDS), f"{where}: keys {sorted(row) if isinstance(row, dict) else row!r}"
            for key in FIELDS:
>               assert type(row[key]) is type(ref[key]) and row[key] == ref[key], f"{where} {key}: {row[key]!r}, expected {ref[key]!r}"
E               AssertionError: returns_edges job 0 settlement 0 ('9PHC0BAJYTCWTTJ') account: '9PHC0BAJ', expected '9PHC0BAJYTCWTTJ'
E               assert (<class 'str'> is <class 'str'> and '9PHC0BAJ' == '9PHC0BAJYTCWTTJ'
E                +  where <class 'str'> = type('9PHC0BAJ')
E                +  and   <class 'str'> = type('9PHC0BAJYTCWTTJ')
E                 
E                 - 9PHC0BAJYTCWTTJ
E                 + 9PHC0BAJ)

/tests/test_outputs.py:211: AssertionError
________________ test_rule_3_5_tier_is_picked_on_net_purchases _________________

    def test_rule_3_5_tier_is_picked_on_net_purchases():
        """Returns that take net purchases below a threshold that gross purchases pass drop the tier."""
>       check_family("tier_net")

/tests/test_outputs.py:243: 
_ _ _ _ _ _ _ _ _ _ _ _ _ _ _ _ _ _ _ _ _ _ _ _ _ _ _ _ _ _ _ _ _ _ _ _ _ _ _ _ 
/tests/test_outputs.py:217: in check_family
    compare(run(row["job"]), row["settlements"], f"{name} job {number}")
_ _ _ _ _ _ _ _ _ _ _ _ _ _ _ _ _ _ _ _ _ _ _ _ _ _ _ _ _ _ _ _ _ _ _ _ _ _ _ _ 

actual = {'settlements': [{'account': 'X4PVUE1V', 'purchases': 1124000, 'returns': 268800, 'net': 855200, ...}, {'account': 'FU89GB0', 'purchases': 1040500, 'returns': 270720, 'net': 769780, ...}]}
expected = [{'account': 'X4PVUE1VW', 'purchases': 1124000, 'returns': 268800, 'net': 855200, ...}, {'account': 'FU89GB0', 'purchases': 1040500, 'returns': 270720, 'net': 769780, ...}]
label = 'tier_net job 0'

    def compare(actual, expected, label):
        """The whole output: one key, settlements in job order, each with exactly the README's keys, every value
        but the account code an integer (a float or a boolean is not), all equal to the expected ones."""
        assert isinstance(actual, dict) and list(actual) == ["settlements"], f"{label}: top-level {actual!r:.200}"
        got = actual["settlements"]
        assert isinstance(got, list) and len(got) == len(expected), f"{label}: {len(got) if isinstance(got, list) else got!r} settlements, expected {len(expected)}"
        for index, (row, ref) in enumerate(zip(got, expected)):
            where = f"{label} settlement {index} ({ref['account']!r})"
            assert isinstance(row, dict) and set(row) == set(FIELDS) and len(row) == len(FIELDS), f"{where}: keys {sorted(row) if isinstance(row, dict) else row!r}"
            for key in FIELDS:
>               assert type(row[key]) is type(ref[key]) and row[key] == ref[key], f"{where} {key}: {row[key]!r}, expected {ref[key]!r}"
E               AssertionError: tier_net job 0 settlement 0 ('X4PVUE1VW') account: 'X4PVUE1V', expected 'X4PVUE1VW'
E               assert (<class 'str'> is <class 'str'> and 'X4PVUE1V' == 'X4PVUE1VW'
E                +  where <class 'str'> = type('X4PVUE1V')
E                +  and   <class 'str'> = type('X4PVUE1VW')
E                 
E                 - X4PVUE1VW
E                 ?         -
E                 + X4PVUE1V)

/tests/test_outputs.py:211: AssertionError
___________________ test_rule_2_6_net_exactly_on_a_threshold ___________________

    def test_rule_2_6_net_exactly_on_a_threshold():
        """Net purchases exactly on a threshold reach that tier, directly and after returns; a cent short does not."""
>       check_family("tier_threshold")

/tests/test_outputs.py:248: 
_ _ _ _ _ _ _ _ _ _ _ _ _ _ _ _ _ _ _ _ _ _ _ _ _ _ _ _ _ _ _ _ _ _ _ _ _ _ _ _ 
/tests/test_outputs.py:217: in check_family
    compare(run(row["job"]), row["settlements"], f"{name} job {number}")
_ _ _ _ _ _ _ _ _ _ _ _ _ _ _ _ _ _ _ _ _ _ _ _ _ _ _ _ _ _ _ _ _ _ _ _ _ _ _ _ 

actual = {'settlements': [{'account': 'ENQM3-V', 'purchases': 1200000, 'returns': 0, 'net': 1200000, ...}, {'account': 'WN3D42D...urns': 0, 'net': 3600012, ...}, {'account': 'DUD3PZHC', 'purchases': 1300000, 'returns': 100000, 'net': 1200000, ...}]}
expected = [{'account': 'ENQM3-V', 'purchases': 1200000, 'returns': 0, 'net': 1200000, ...}, {'account': 'WN3D42DUR5', 'purchases...': 0, 'net': 3600012, ...}, {'account': 'DUD3PZHCV81-K', 'purchases': 1300000, 'returns': 100000, 'net': 1200000, ...}]
label = 'tier_threshold job 0'

    def compare(actual, expected, label):
        """The whole output: one key, settlements in job order, each with exactly the README's keys, every value
        but the account code an integer (a float or a boolean is not), all equal to the expected ones."""
        assert isinstance(actual, dict) and list(actual) == ["settlements"], f"{label}: top-level {actual!r:.200}"
        got = actual["settlements"]
        assert isinstance(got, list) and len(got) == len(expected), f"{label}: {len(got) if isinstance(got, list) else got!r} settlements, expected {len(expected)}"
        for index, (row, ref) in enumerate(zip(got, expected)):
            where = f"{label} settlement {index} ({ref['account']!r})"
            assert isinstance(row, dict) and set(row) == set(FIELDS) and len(row) == len(FIELDS), f"{where}: keys {sorted(row) if isinstance(row, dict) else row!r}"
            for key in FIELDS:
>               assert type(row[key]) is type(ref[key]) and row[key] == ref[key], f"{where} {key}: {row[key]!r}, expected {ref[key]!r}"
E               AssertionError: tier_threshold job 0 settlement 1 ('WN3D42DUR5') account: 'WN3D42DU', expected 'WN3D42DUR5'
E               assert (<class 'str'> is <class 'str'> and 'WN3D42DU' == 'WN3D42DUR5'
E                +  where <class 'str'> = type('WN3D42DU')
E                +  and   <class 'str'> = type('WN3D42DUR5')
E                 
E                 - WN3D42DUR5
E                 ?         --
E                 + WN3D42DU)

/tests/test_outputs.py:211: AssertionError
________________ test_rule_2_6_net_below_nought_reaches_no_tier ________________

    def test_rule_2_6_net_below_nought_reaches_no_tier():
        """Returns heavier than purchases: net below nought, rate and rebate nought."""
>       check_family("net_below_nought")

/tests/test_outputs.py:253: 
_ _ _ _ _ _ _ _ _ _ _ _ _ _ _ _ _ _ _ _ _ _ _ _ _ _ _ _ _ _ _ _ _ _ _ _ _ _ _ _ 
/tests/test_outputs.py:217: in check_family
    compare(run(row["job"]), row["settlements"], f"{name} job {number}")
_ _ _ _ _ _ _ _ _ _ _ _ _ _ _ _ _ _ _ _ _ _ _ _ _ _ _ _ _ _ _ _ _ _ _ _ _ _ _ _ 

actual = {'settlements': [{'account': 'JE2G', 'purchases': 16000, 'returns': 158240, 'net': -142240, ...}, {'account': '1ZF40LA...ns': 117820, 'net': -107320, ...}, {'account': '4SQ5FZ0W', 'purchases': 8500, 'returns': 152220, 'net': -143720, ...}]}
expected = [{'account': 'JE2G', 'purchases': 16000, 'returns': 158240, 'net': -142240, ...}, {'account': '1ZF40LA4D8L9AE2', 'purc...': 117820, 'net': -107320, ...}, {'account': '4SQ5FZ0WEQB', 'purchases': 8500, 'returns': 152220, 'net': -143720, ...}]
label = 'net_below_nought job 0'

    def compare(actual, expected, label):
        """The whole output: one key, settlements in job order, each with exactly the README's keys, every value
        but the account code an integer (a float or a boolean is not), all equal to the expected ones."""
        assert isinstance(actual, dict) and list(actual) == ["settlements"], f"{label}: top-level {actual!r:.200}"
        got = actual["settlements"]
        assert isinstance(got, list) and len(got) == len(expected), f"{label}: {len(got) if isinstance(got, list) else got!r} settlements, expected {len(expected)}"
        for index, (row, ref) in enumerate(zip(got, expected)):
            where = f"{label} settlement {index} ({ref['account']!r})"
            assert isinstance(row, dict) and set(row) == set(FIELDS) and len(row) == len(FIELDS), f"{where}: keys {sorted(row) if isinstance(row, dict) else row!r}"
            for key in FIELDS:
>               assert type(row[key]) is type(ref[key]) and row[key] == ref[key], f"{where} {key}: {row[key]!r}, expected {ref[key]!r}"
E               AssertionError: net_below_nought job 0 settlement 1 ('1ZF40LA4D8L9AE2') account: '1ZF40LA4', expected '1ZF40LA4D8L9AE2'
E               assert (<class 'str'> is <class 'str'> and '1ZF40LA4' == '1ZF40LA4D8L9AE2'
E                +  where <class 'str'> = type('1ZF40LA4')
E                +  and   <class 'str'> = type('1ZF40LA4D8L9AE2')
E                 
E                 - 1ZF40LA4D8L9AE2
E                 + 1ZF40LA4)

/tests/test_outputs.py:211: AssertionError
_________________ test_rule_3_6_volume_rebate_rounded_half_up __________________

    def test_rule_3_6_volume_rebate_rounded_half_up():
        """The volume rebate is rounded to the nearest cent, an exact half going up."""
>       check_family("rebate_rounding")

/tests/test_outputs.py:258: 
_ _ _ _ _ _ _ _ _ _ _ _ _ _ _ _ _ _ _ _ _ _ _ _ _ _ _ _ _ _ _ _ _ _ _ _ _ _ _ _ 
/tests/test_outputs.py:217: in check_family
    compare(run(row["job"]), row["settlements"], f"{name} job {number}")
_ _ _ _ _ _ _ _ _ _ _ _ _ _ _ _ _ _ _ _ _ _ _ _ _ _ _ _ _ _ _ _ _ _ _ _ _ _ _ _ 

actual = {'settlements': [{'account': 'XCQHB4L', 'purchases': 528461, 'returns': 0, 'net': 528461, ...}, {'account': 'ATMQW77D'...: 5167612, 'returns': 0, 'net': 5167612, ...}, {'account': '37', 'purchases': 10100, 'returns': 0, 'net': 10100, ...}]}
expected = [{'account': 'XCQHB4L', 'purchases': 528461, 'returns': 0, 'net': 528461, ...}, {'account': 'ATMQW77DGM53CLTX', 'purch...': 5167612, 'returns': 0, 'net': 5167612, ...}, {'account': '37', 'purchases': 10100, 'returns': 0, 'net': 10100, ...}]
label = 'rebate_rounding job 0'

    def compare(actual, expected, label):
        """The whole output: one key, settlements in job order, each with exactly the README's keys, every value
        but the account code an integer (a float or a boolean is not), all equal to the expected ones."""
        assert isinstance(actual, dict) and list(actual) == ["settlements"], f"{label}: top-level {actual!r:.200}"
        got = actual["settlements"]
        assert isinstance(got, list) and len(got) == len(expected), f"{label}: {len(got) if isinstance(got, list) else got!r} settlements, expected {len(expected)}"
        for index, (row, ref) in enumerate(zip(got, expected)):
            where = f"{label} settlement {index} ({ref['account']!r})"
            assert isinstance(row, dict) and set(row) == set(FIELDS) and len(row) == len(FIELDS), f"{where}: keys {sorted(row) if isinstance(row, dict) else row!r}"
            for key in FIELDS:
>               assert type(row[key]) is type(ref[key]) and row[key] == ref[key], f"{where} {key}: {row[key]!r}, expected {ref[key]!r}"
E               AssertionError: rebate_rounding job 0 settlement 1 ('ATMQW77DGM53CLTX') account: 'ATMQW77D', expected 'ATMQW77DGM53CLTX'
E               assert (<class 'str'> is <class 'str'> and 'ATMQW77D' == 'ATMQW77DGM53CLTX'
E                +  where <class 'str'> = type('ATMQW77D')
E                +  and   <class 'str'> = type('ATMQW77DGM53CLTX')
E                 
E                 - ATMQW77DGM53CLTX
E                 + ATMQW77D)

/tests/test_outputs.py:211: AssertionError
__________________ test_rule_4_1_growth_bonus_on_the_increase __________________

    def test_rule_4_1_growth_bonus_on_the_increase():
        """The growth bonus is 200 basis points of the increase over last year's net purchases."""
>       check_family("growth_increase")

/tests/test_outputs.py:263: 
_ _ _ _ _ _ _ _ _ _ _ _ _ _ _ _ _ _ _ _ _ _ _ _ _ _ _ _ _ _ _ _ _ _ _ _ _ _ _ _ 
/tests/test_outputs.py:217: in check_family
    compare(run(row["job"]), row["settlements"], f"{name} job {number}")
_ _ _ _ _ _ _ _ _ _ _ _ _ _ _ _ _ _ _ _ _ _ _ _ _ _ _ _ _ _ _ _ _ _ _ _ _ _ _ _ 

actual = {'settlements': [{'account': 'Z8B7R', 'purchases': 45607205, 'returns': 0, 'net': 45607205, ...}, {'account': 'DQR3X87J', 'purchases': 82745602, 'returns': 0, 'net': 82745602, ...}]}
expected = [{'account': 'Z8B7R', 'purchases': 45607205, 'returns': 0, 'net': 45607205, ...}, {'account': 'DQR3X87JECF9W6', 'purchases': 82745602, 'returns': 0, 'net': 82745602, ...}]
label = 'growth_increase job 0'

    def compare(actual, expected, label):
        """The whole output: one key, settlements in job order, each with exactly the README's keys, every value
        but the account code an integer (a float or a boolean is not), all equal to the expected ones."""
        assert isinstance(actual, dict) and list(actual) == ["settlements"], f"{label}: top-level {actual!r:.200}"
        got = actual["settlements"]
        assert isinstance(got, list) and len(got) == len(expected), f"{label}: {len(got) if isinstance(got, list) else got!r} settlements, expected {len(expected)}"
        for index, (row, ref) in enumerate(zip(got, expected)):
            where = f"{label} settlement {index} ({ref['account']!r})"
            assert isinstance(row, dict) and set(row) == set(FIELDS) and len(row) == len(FIELDS), f"{where}: keys {sorted(row) if isinstance(row, dict) else row!r}"
            for key in FIELDS:
>               assert type(row[key]) is type(ref[key]) and row[key] == ref[key], f"{where} {key}: {row[key]!r}, expected {ref[key]!r}"
E               AssertionError: growth_increase job 0 settlement 1 ('DQR3X87JECF9W6') account: 'DQR3X87J', expected 'DQR3X87JECF9W6'
E               assert (<class 'str'> is <class 'str'> and 'DQR3X87J' == 'DQR3X87JECF9W6'
E                +  where <class 'str'> = type('DQR3X87J')
E                +  and   <class 'str'> = type('DQR3X87JECF9W6')
E                 
E                 - DQR3X87JECF9W6
E                 + DQR3X87J)

/tests/test_outputs.py:211: AssertionError
__________________ test_rule_4_1_growth_exactly_110_per_cent ___________________

    def test_rule_4_1_growth_exactly_110_per_cent():
        """Net purchases of exactly 110 per cent of last year's earn the bonus; a cent short does not."""
>       check_family("growth_110")

/tests/test_outputs.py:268: 
_ _ _ _ _ _ _ _ _ _ _ _ _ _ _ _ _ _ _ _ _ _ _ _ _ _ _ _ _ _ _ _ _ _ _ _ _ _ _ _ 
/tests/test_outputs.py:217: in check_family
    compare(run(row["job"]), row["settlements"], f"{name} job {number}")
_ _ _ _ _ _ _ _ _ _ _ _ _ _ _ _ _ _ _ _ _ _ _ _ _ _ _ _ _ _ _ _ _ _ _ _ _ _ _ _ 

actual = {'settlements': [{'account': '732P', 'purchases': 110000, 'returns': 0, 'net': 110000, ...}, {'account': 'ESB0-V', 'pu...00, 'returns': 0, 'net': 109900, ...}, {'account': 'JNMYUEWM', 'purchases': 111225, 'returns': 0, 'net': 111225, ...}]}
expected = [{'account': '732P', 'purchases': 110000, 'returns': 0, 'net': 110000, ...}, {'account': 'ESB0-V', 'purchases': 110000...0, 'returns': 0, 'net': 109900, ...}, {'account': 'JNMYUEWMD-', 'purchases': 111225, 'returns': 0, 'net': 111225, ...}]
label = 'growth_110 job 0'

    def compare(actual, expected, label):
        """The whole output: one key, settlements in job order, each with exactly the README's keys, every value
        but the account code an integer (a float or a boolean is not), all equal to the expected ones."""
        assert isinstance(actual, dict) and list(actual) == ["settlements"], f"{label}: top-level {actual!r:.200}"
        got = actual["settlements"]
        assert isinstance(got, list) and len(got) == len(expected), f"{label}: {len(got) if isinstance(got, list) else got!r} settlements, expected {len(expected)}"
        for index, (row, ref) in enumerate(zip(got, expected)):
            where = f"{label} settlement {index} ({ref['account']!r})"
            assert isinstance(row, dict) and set(row) == set(FIELDS) and len(row) == len(FIELDS), f"{where}: keys {sorted(row) if isinstance(row, dict) else row!r}"
            for key in FIELDS:
>               assert type(row[key]) is type(ref[key]) and row[key] == ref[key], f"{where} {key}: {row[key]!r}, expected {ref[key]!r}"
E               AssertionError: growth_110 job 0 settlement 2 ('YHTHA26L6-') account: 'YHTHA26L', expected 'YHTHA26L6-'
E               assert (<class 'str'> is <class 'str'> and 'YHTHA26L' == 'YHTHA26L6-'
E                +  where <class 'str'> = type('YHTHA26L')
E                +  and   <class 'str'> = type('YHTHA26L6-')
E                 
E                 - YHTHA26L6-
E                 ?         --
E                 + YHTHA26L)

/tests/test_outputs.py:211: AssertionError
__________________ test_rule_4_1_no_prior_purchases_no_bonus ___________________

    def test_rule_4_1_no_prior_purchases_no_bonus():
        """Last year's net purchases of nought earn no bonus; one cent does."""
>       check_family("growth_no_prior")

/tests/test_outputs.py:273: 
_ _ _ _ _ _ _ _ _ _ _ _ _ _ _ _ _ _ _ _ _ _ _ _ _ _ _ _ _ _ _ _ _ _ _ _ _ _ _ _ 
/tests/test_outputs.py:217: in check_family
    compare(run(row["job"]), row["settlements"], f"{name} job {number}")
_ _ _ _ _ _ _ _ _ _ _ _ _ _ _ _ _ _ _ _ _ _ _ _ _ _ _ _ _ _ _ _ _ _ _ _ _ _ _ _ 

actual = {'settlements': [{'account': 'X', 'purchases': 27273106, 'returns': 0, 'net': 27273106, ...}, {'account': 'W', 'purcha...eturns': 0, 'net': 11214840, ...}, {'account': 'QHFMDQFU', 'purchases': 67272120, 'returns': 0, 'net': 67272120, ...}]}
expected = [{'account': 'X', 'purchases': 27273106, 'returns': 0, 'net': 27273106, ...}, {'account': 'W', 'purchases': 11214840, ...ns': 0, 'net': 11214840, ...}, {'account': 'QHFMDQFUCL23X', 'purchases': 67272120, 'returns': 0, 'net': 67272120, ...}]
label = 'growth_no_prior job 0'

    def compare(actual, expected, label):
        """The whole output: one key, settlements in job order, each with exactly the README's keys, every value
        but the account code an integer (a float or a boolean is not), all equal to the expected ones."""
        assert isinstance(actual, dict) and list(actual) == ["settlements"], f"{label}: top-level {actual!r:.200}"
        got = actual["settlements"]
        assert isinstance(got, list) and len(got) == len(expected), f"{label}: {len(got) if isinstance(got, list) else got!r} settlements, expected {len(expected)}"
        for index, (row, ref) in enumerate(zip(got, expected)):
            where = f"{label} settlement {index} ({ref['account']!r})"
            assert isinstance(row, dict) and set(row) == set(FIELDS) and len(row) == len(FIELDS), f"{where}: keys {sorted(row) if isinstance(row, dict) else row!r}"
            for key in FIELDS:
>               assert type(row[key]) is type(ref[key]) and row[key] == ref[key], f"{where} {key}: {row[key]!r}, expected {ref[key]!r}"
E               AssertionError: growth_no_prior job 0 settlement 2 ('QHFMDQFUCL23X') account: 'QHFMDQFU', expected 'QHFMDQFUCL23X'
E               assert (<class 'str'> is <class 'str'> and 'QHFMDQFU' == 'QHFMDQFUCL23X'
E                +  where <class 'str'> = type('QHFMDQFU')
E                +  and   <class 'str'> = type('QHFMDQFUCL23X')
E                 
E                 - QHFMDQFUCL23X
E                 ?         -----
E                 + QHFMDQFU)

/tests/test_outputs.py:211: AssertionError
_______________ test_rule_5_1_price_drop_earns_cut_times_on_hand _______________

    def test_rule_5_1_price_drop_earns_cut_times_on_hand():
        """A price drop in the quarter earns the cut times the units on hand; one outside the quarter earns nothing."""
>       check_family("price_drop")

/tests/test_outputs.py:278: 
_ _ _ _ _ _ _ _ _ _ _ _ _ _ _ _ _ _ _ _ _ _ _ _ _ _ _ _ _ _ _ _ _ _ _ _ _ _ _ _ 
/tests/test_outputs.py:217: in check_family
    compare(run(row["job"]), row["settlements"], f"{name} job {number}")
_ _ _ _ _ _ _ _ _ _ _ _ _ _ _ _ _ _ _ _ _ _ _ _ _ _ _ _ _ _ _ _ _ _ _ _ _ _ _ _ 

actual = {'settlements': [{'account': '-BMECNP3', 'purchases': 34991031, 'returns': 0, 'net': 34991031, ...}, {'account': '9PWV...2, 'returns': 0, 'net': 3950492, ...}, {'account': 'EPGM', 'purchases': 17331904, 'returns': 0, 'net': 17331904, ...}]}
expected = [{'account': '-BMECNP3T', 'purchases': 34991031, 'returns': 0, 'net': 34991031, ...}, {'account': '9PWVDD', 'purchases...92, 'returns': 0, 'net': 3950492, ...}, {'account': 'EPGM', 'purchases': 17331904, 'returns': 0, 'net': 17331904, ...}]
label = 'price_drop job 0'

    def compare(actual, expected, label):
        """The whole output: one key, settlements in job order, each with exactly the README's keys, every value
        but the account code an integer (a float or a boolean is not), all equal to the expected ones."""
        assert isinstance(actual, dict) and list(actual) == ["settlements"], f"{label}: top-level {actual!r:.200}"
        got = actual["settlements"]
        assert isinstance(got, list) and len(got) == len(expected), f"{label}: {len(got) if isinstance(got, list) else got!r} settlements, expected {len(expected)}"
        for index, (row, ref) in enumerate(zip(got, expected)):
            where = f"{label} settlement {index} ({ref['account']!r})"
            assert isinstance(row, dict) and set(row) == set(FIELDS) and len(row) == len(FIELDS), f"{where}: keys {sorted(row) if isinstance(row, dict) else row!r}"
            for key in FIELDS:
>               assert type(row[key]) is type(ref[key]) and row[key] == ref[key], f"{where} {key}: {row[key]!r}, expected {ref[key]!r}"
E               AssertionError: price_drop job 0 settlement 0 ('-BMECNP3T') account: '-BMECNP3', expected '-BMECNP3T'
E               assert (<class 'str'> is <class 'str'> and '-BMECNP3' == '-BMECNP3T'
E                +  where <class 'str'> = type('-BMECNP3')
E                +  and   <class 'str'> = type('-BMECNP3T')
E                 
E                 - -BMECNP3T
E                 ?         -
E                 + -BMECNP3)

/tests/test_outputs.py:211: AssertionError
____________________ test_rule_5_2_contract_sale_chargeback ____________________

    def test_rule_5_2_contract_sale_chargeback():
        """A contract sale in the quarter earns the amount below cost times the units."""
>       check_family("contract_sale")

/tests/test_outputs.py:288: 
_ _ _ _ _ _ _ _ _ _ _ _ _ _ _ _ _ _ _ _ _ _ _ _ _ _ _ _ _ _ _ _ _ _ _ _ _ _ _ _ 
/tests/test_outputs.py:217: in check_family
    compare(run(row["job"]), row["settlements"], f"{name} job {number}")
_ _ _ _ _ _ _ _ _ _ _ _ _ _ _ _ _ _ _ _ _ _ _ _ _ _ _ _ _ _ _ _ _ _ _ _ _ _ _ _ 

actual = {'settlements': [{'account': 'AT02CF', 'purchases': 50377424, 'returns': 0, 'net': 50377424, ...}, {'account': 'AGTGY851', 'purchases': 21158739, 'returns': 0, 'net': 21158739, ...}]}
expected = [{'account': 'AT02CF', 'purchases': 50377424, 'returns': 0, 'net': 50377424, ...}, {'account': 'AGTGY851XDR50CL9', 'purchases': 21158739, 'returns': 0, 'net': 21158739, ...}]
label = 'contract_sale job 0'

    def compare(actual, expected, label):
        """The whole output: one key, settlements in job order, each with exactly the README's keys, every value
        but the account code an integer (a float or a boolean is not), all equal to the expected ones."""
        assert isinstance(actual, dict) and list(actual) == ["settlements"], f"{label}: top-level {actual!r:.200}"
        got = actual["settlements"]
        assert isinstance(got, list) and len(got) == len(expected), f"{label}: {len(got) if isinstance(got, list) else got!r} settlements, expected {len(expected)}"
        for index, (row, ref) in enumerate(zip(got, expected)):
            where = f"{label} settlement {index} ({ref['account']!r})"
            assert isinstance(row, dict) and set(row) == set(FIELDS) and len(row) == len(FIELDS), f"{where}: keys {sorted(row) if isinstance(row, dict) else row!r}"
            for key in FIELDS:
>               assert type(row[key]) is type(ref[key]) and row[key] == ref[key], f"{where} {key}: {row[key]!r}, expected {ref[key]!r}"
E               AssertionError: contract_sale job 0 settlement 1 ('AGTGY851XDR50CL9') account: 'AGTGY851', expected 'AGTGY851XDR50CL9'
E               assert (<class 'str'> is <class 'str'> and 'AGTGY851' == 'AGTGY851XDR50CL9'
E                +  where <class 'str'> = type('AGTGY851')
E                +  and   <class 'str'> = type('AGTGY851XDR50CL9')
E                 
E                 - AGTGY851XDR50CL9
E                 + AGTGY851)

/tests/test_outputs.py:211: AssertionError
_______________________ test_rule_6_2_minimum_settlement _______________________

    def test_rule_6_2_minimum_settlement():
        """Settlements below 25,000 cents are carried whole, not paid."""
>       check_family("minimum_settlement")

/tests/test_outputs.py:298: 
_ _ _ _ _ _ _ _ _ _ _ _ _ _ _ _ _ _ _ _ _ _ _ _ _ _ _ _ _ _ _ _ _ _ _ _ _ _ _ _ 
/tests/test_outputs.py:217: in check_family
    compare(run(row["job"]), row["settlements"], f"{name} job {number}")
_ _ _ _ _ _ _ _ _ _ _ _ _ _ _ _ _ _ _ _ _ _ _ _ _ _ _ _ _ _ _ _ _ _ _ _ _ _ _ _ 

actual = {'settlements': [{'account': 'F7ZSFFZ-', 'purchases': 500000, 'returns': 0, 'net': 500000, ...}, {'account': 'CJ2Z8SC'...64700, 'returns': 0, 'net': 964700, ...}, {'account': '66SG5', 'purchases': 281300, 'returns': 0, 'net': 281300, ...}]}
expected = [{'account': 'F7ZSFFZ-F0M', 'purchases': 500000, 'returns': 0, 'net': 500000, ...}, {'account': 'CJ2Z8SC', 'purchases'...964700, 'returns': 0, 'net': 964700, ...}, {'account': '66SG5', 'purchases': 281300, 'returns': 0, 'net': 281300, ...}]
label = 'minimum_settlement job 0'

    def compare(actual, expected, label):
        """The whole output: one key, settlements in job order, each with exactly the README's keys, every value
        but the account code an integer (a float or a boolean is not), all equal to the expected ones."""
        assert isinstance(actual, dict) and list(actual) == ["settlements"], f"{label}: top-level {actual!r:.200}"
        got = actual["settlements"]
        assert isinstance(got, list) and len(got) == len(expected), f"{label}: {len(got) if isinstance(got, list) else got!r} settlements, expected {len(expected)}"
        for index, (row, ref) in enumerate(zip(got, expected)):
            where = f"{label} settlement {index} ({ref['account']!r})"
            assert isinstance(row, dict) and set(row) == set(FIELDS) and len(row) == len(FIELDS), f"{where}: keys {sorted(row) if isinstance(row, dict) else row!r}"
            for key in FIELDS:
>               assert type(row[key]) is type(ref[key]) and row[key] == ref[key], f"{where} {key}: {row[key]!r}, expected {ref[key]!r}"
E               AssertionError: minimum_settlement job 0 settlement 0 ('F7ZSFFZ-F0M') account: 'F7ZSFFZ-', expected 'F7ZSFFZ-F0M'
E               assert (<class 'str'> is <class 'str'> and 'F7ZSFFZ-' == 'F7ZSFFZ-F0M'
E                +  where <class 'str'> = type('F7ZSFFZ-')
E                +  and   <class 'str'> = type('F7ZSFFZ-F0M')
E                 
E                 - F7ZSFFZ-F0M
E                 ?         ---
E                 + F7ZSFFZ-)

/tests/test_outputs.py:211: AssertionError
_______________ test_rule_6_2_settlement_of_exactly_25000_cents ________________

    def test_rule_6_2_settlement_of_exactly_25000_cents():
        """A settlement of exactly 25,000 cents is paid; 24,999 is carried; an empty account settles nought."""
>       check_family("settlement_edge")

/tests/test_outputs.py:303: 
_ _ _ _ _ _ _ _ _ _ _ _ _ _ _ _ _ _ _ _ _ _ _ _ _ _ _ _ _ _ _ _ _ _ _ _ _ _ _ _ 
/tests/test_outputs.py:217: in check_family
    compare(run(row["job"]), row["settlements"], f"{name} job {number}")
_ _ _ _ _ _ _ _ _ _ _ _ _ _ _ _ _ _ _ _ _ _ _ _ _ _ _ _ _ _ _ _ _ _ _ _ _ _ _ _ 

actual = {'settlements': [{'account': 'Y87-', 'purchases': 0, 'returns': 0, 'net': 0, ...}, {'account': 'P6AK4KW4', 'purchases'...', 'purchases': 0, 'returns': 0, 'net': 0, ...}, {'account': 'GMAE7AAV', 'purchases': 0, 'returns': 0, 'net': 0, ...}]}
expected = [{'account': 'Y87-', 'purchases': 0, 'returns': 0, 'net': 0, ...}, {'account': 'P6AK4KW43UXGBAR', 'purchases': 0, 'ret...rchases': 0, 'returns': 0, 'net': 0, ...}, {'account': 'GMAE7AAVZGR7C8Y', 'purchases': 0, 'returns': 0, 'net': 0, ...}]
label = 'settlement_edge job 0'

    def compare(actual, expected, label):
        """The whole output: one key, settlements in job order, each with exactly the README's keys, every value
        but the account code an integer (a float or a boolean is not), all equal to the expected ones."""
        assert isinstance(actual, dict) and list(actual) == ["settlements"], f"{label}: top-level {actual!r:.200}"
        got = actual["settlements"]
        assert isinstance(got, list) and len(got) == len(expected), f"{label}: {len(got) if isinstance(got, list) else got!r} settlements, expected {len(expected)}"
        for index, (row, ref) in enumerate(zip(got, expected)):
            where = f"{label} settlement {index} ({ref['account']!r})"
            assert isinstance(row, dict) and set(row) == set(FIELDS) and len(row) == len(FIELDS), f"{where}: keys {sorted(row) if isinstance(row, dict) else row!r}"
            for key in FIELDS:
>               assert type(row[key]) is type(ref[key]) and row[key] == ref[key], f"{where} {key}: {row[key]!r}, expected {ref[key]!r}"
E               AssertionError: settlement_edge job 0 settlement 1 ('P6AK4KW43UXGBAR') account: 'P6AK4KW4', expected 'P6AK4KW43UXGBAR'
E               assert (<class 'str'> is <class 'str'> and 'P6AK4KW4' == 'P6AK4KW43UXGBAR'
E                +  where <class 'str'> = type('P6AK4KW4')
E                +  and   <class 'str'> = type('P6AK4KW43UXGBAR')
E                 
E                 - P6AK4KW43UXGBAR
E                 + P6AK4KW4)

/tests/test_outputs.py:211: AssertionError
_________________ test_loose_units_keep_their_invoice_quarter __________________

    def test_loose_units_keep_their_invoice_quarter():
        """A line below a carton keeps counting toward the quarter of its invoice date, as the shipped package counts it."""
>       rows = check_family("loose_units")
               ^^^^^^^^^^^^^^^^^^^^^^^^^^^

/tests/test_outputs.py:308: 
_ _ _ _ _ _ _ _ _ _ _ _ _ _ _ _ _ _ _ _ _ _ _ _ _ _ _ _ _ _ _ _ _ _ _ _ _ _ _ _ 
/tests/test_outputs.py:217: in check_family
    compare(run(row["job"]), row["settlements"], f"{name} job {number}")
_ _ _ _ _ _ _ _ _ _ _ _ _ _ _ _ _ _ _ _ _ _ _ _ _ _ _ _ _ _ _ _ _ _ _ _ _ _ _ _ 

actual = {'settlements': [{'account': 'YCS', 'purchases': 9681735, 'returns': 0, 'net': 9681735, ...}, {'account': '8149NZLV', 'purchases': 7640752, 'returns': 0, 'net': 7640752, ...}]}
expected = [{'account': 'YCS', 'purchases': 9681735, 'returns': 0, 'net': 9681735, ...}, {'account': '8149NZLVSHM2VQUB', 'purchases': 7640752, 'returns': 0, 'net': 7640752, ...}]
label = 'loose_units job 0'

    def compare(actual, expected, label):
        """The whole output: one key, settlements in job order, each with exactly the README's keys, every value
        but the account code an integer (a float or a boolean is not), all equal to the expected ones."""
        assert isinstance(actual, dict) and list(actual) == ["settlements"], f"{label}: top-level {actual!r:.200}"
        got = actual["settlements"]
        assert isinstance(got, list) and len(got) == len(expected), f"{label}: {len(got) if isinstance(got, list) else got!r} settlements, expected {len(expected)}"
        for index, (row, ref) in enumerate(zip(got, expected)):
            where = f"{label} settlement {index} ({ref['account']!r})"
            assert isinstance(row, dict) and set(row) == set(FIELDS) and len(row) == len(FIELDS), f"{where}: keys {sorted(row) if isinstance(row, dict) else row!r}"
            for key in FIELDS:
>               assert type(row[key]) is type(ref[key]) and row[key] == ref[key], f"{where} {key}: {row[key]!r}, expected {ref[key]!r}"
E               AssertionError: loose_units job 0 settlement 1 ('8149NZLVSHM2VQUB') account: '8149NZLV', expected '8149NZLVSHM2VQUB'
E               assert (<class 'str'> is <class 'str'> and '8149NZLV' == '8149NZLVSHM2VQUB'
E                +  where <class 'str'> = type('8149NZLV')
E                +  and   <class 'str'> = type('8149NZLVSHM2VQUB')
E                 
E                 - 8149NZLVSHM2VQUB
E                 + 8149NZLV)

/tests/test_outputs.py:211: AssertionError
___________________ test_tidy_up_notices_keep_todays_credit ____________________

    def test_tidy_up_notices_keep_todays_credit():
        """A price notice that is not a price drop keeps the credit the shipped package gives it."""
>       for number, row in enumerate(check_family("tidy_ups")):
                                     ^^^^^^^^^^^^^^^^^^^^^^^^

/tests/test_outputs.py:320: 
_ _ _ _ _ _ _ _ _ _ _ _ _ _ _ _ _ _ _ _ _ _ _ _ _ _ _ _ _ _ _ _ _ _ _ _ _ _ _ _ 
/tests/test_outputs.py:217: in check_family
    compare(run(row["job"]), row["settlements"], f"{name} job {number}")
_ _ _ _ _ _ _ _ _ _ _ _ _ _ _ _ _ _ _ _ _ _ _ _ _ _ _ _ _ _ _ _ _ _ _ _ _ _ _ _ 

actual = {'settlements': [{'account': 'Z9TB8XN5', 'purchases': 49968670, 'returns': 0, 'net': 49968670, ...}, {'account': 'XZ7Y...6, 'returns': 0, 'net': 61547346, ...}, {'account': 'KFF', 'purchases': 13266422, 'returns': 0, 'net': 13266422, ...}]}
expected = [{'account': 'Z9TB8XN5Q60D8AJ', 'purchases': 49968670, 'returns': 0, 'net': 49968670, ...}, {'account': 'XZ7Y0VNWR5BEQ...46, 'returns': 0, 'net': 61547346, ...}, {'account': 'KFF', 'purchases': 13266422, 'returns': 0, 'net': 13266422, ...}]
label = 'tidy_ups job 0'

    def compare(actual, expected, label):
        """The whole output: one key, settlements in job order, each with exactly the README's keys, every value
        but the account code an integer (a float or a boolean is not), all equal to the expected ones."""
        assert isinstance(actual, dict) and list(actual) == ["settlements"], f"{label}: top-level {actual!r:.200}"
        got = actual["settlements"]
        assert isinstance(got, list) and len(got) == len(expected), f"{label}: {len(got) if isinstance(got, list) else got!r} settlements, expected {len(expected)}"
        for index, (row, ref) in enumerate(zip(got, expected)):
            where = f"{label} settlement {index} ({ref['account']!r})"
            assert isinstance(row, dict) and set(row) == set(FIELDS) and len(row) == len(FIELDS), f"{where}: keys {sorted(row) if isinstance(row, dict) else row!r}"
            for key in FIELDS:
>               assert type(row[key]) is type(ref[key]) and row[key] == ref[key], f"{where} {key}: {row[key]!r}, expected {ref[key]!r}"
E               AssertionError: tidy_ups job 0 settlement 0 ('Z9TB8XN5Q60D8AJ') account: 'Z9TB8XN5', expected 'Z9TB8XN5Q60D8AJ'
E               assert (<class 'str'> is <class 'str'> and 'Z9TB8XN5' == 'Z9TB8XN5Q60D8AJ'
E                +  where <class 'str'> = type('Z9TB8XN5')
E                +  and   <class 'str'> = type('Z9TB8XN5Q60D8AJ')
E                 
E                 - Z9TB8XN5Q60D8AJ
E                 + Z9TB8XN5)

/tests/test_outputs.py:211: AssertionError
________________ test_price_match_sales_keep_todays_chargeback _________________

    def test_price_match_sales_keep_todays_chargeback():
        """A sale below cost that is not a contract sale keeps the chargeback the shipped package gives it."""
>       for number, row in enumerate(check_family("price_match")):
                                     ^^^^^^^^^^^^^^^^^^^^^^^^^^^

/tests/test_outputs.py:328: 
_ _ _ _ _ _ _ _ _ _ _ _ _ _ _ _ _ _ _ _ _ _ _ _ _ _ _ _ _ _ _ _ _ _ _ _ _ _ _ _ 
/tests/test_outputs.py:217: in check_family
    compare(run(row["job"]), row["settlements"], f"{name} job {number}")
_ _ _ _ _ _ _ _ _ _ _ _ _ _ _ _ _ _ _ _ _ _ _ _ _ _ _ _ _ _ _ _ _ _ _ _ _ _ _ _ 

actual = {'settlements': [{'account': 'J56X', 'purchases': 2465793, 'returns': 0, 'net': 2465793, ...}, {'account': '2K27UBEZ',...0, 'returns': 816320, 'net': -816320, ...}, {'account': 'Y-M3QU0F', 'purchases': 0, 'returns': 0, 'net': 0, ...}, ...]}
expected = [{'account': 'J56X', 'purchases': 2465793, 'returns': 0, 'net': 2465793, ...}, {'account': '2K27UBEZ', 'purchases': 22...urns': 816320, 'net': -816320, ...}, {'account': 'Y-M3QU0FGD20-10G', 'purchases': 0, 'returns': 0, 'net': 0, ...}, ...]
label = 'price_match job 0'

    def compare(actual, expected, label):
        """The whole output: one key, settlements in job order, each with exactly the README's keys, every value
        but the account code an integer (a float or a boolean is not), all equal to the expected ones."""
        assert isinstance(actual, dict) and list(actual) == ["settlements"], f"{label}: top-level {actual!r:.200}"
        got = actual["settlements"]
        assert isinstance(got, list) and len(got) == len(expected), f"{label}: {len(got) if isinstance(got, list) else got!r} settlements, expected {len(expected)}"
        for index, (row, ref) in enumerate(zip(got, expected)):
            where = f"{label} settlement {index} ({ref['account']!r})"
            assert isinstance(row, dict) and set(row) == set(FIELDS) and len(row) == len(FIELDS), f"{where}: keys {sorted(row) if isinstance(row, dict) else row!r}"
            for key in FIELDS:
>               assert type(row[key]) is type(ref[key]) and row[key] == ref[key], f"{where} {key}: {row[key]!r}, expected {ref[key]!r}"
E               AssertionError: price_match job 0 settlement 2 ('W0XTVPT6XU11') account: 'W0XTVPT6', expected 'W0XTVPT6XU11'
E               assert (<class 'str'> is <class 'str'> and 'W0XTVPT6' == 'W0XTVPT6XU11'
E                +  where <class 'str'> = type('W0XTVPT6')
E                +  and   <class 'str'> = type('W0XTVPT6XU11')
E                 
E                 - W0XTVPT6XU11
E                 ?         ----
E                 + W0XTVPT6)

/tests/test_outputs.py:211: AssertionError
________________________ test_statement_order_and_keys _________________________

    def test_statement_order_and_keys():
        """Settlements come in job order with codes as given (1 and 16 characters, spaces, quotes, non-ASCII)."""
>       check_family("statement_order")

/tests/test_outputs.py:375: 
_ _ _ _ _ _ _ _ _ _ _ _ _ _ _ _ _ _ _ _ _ _ _ _ _ _ _ _ _ _ _ _ _ _ _ _ _ _ _ _ 
/tests/test_outputs.py:217: in check_family
    compare(run(row["job"]), row["settlements"], f"{name} job {number}")
_ _ _ _ _ _ _ _ _ _ _ _ _ _ _ _ _ _ _ _ _ _ _ _ _ _ _ _ _ _ _ _ _ _ _ _ _ _ _ _ 

actual = {'settlements': [{'account': 'A', 'purchases': 28119546, 'returns': 2936208, 'net': 25183338, ...}, {'account': 'ZZZZZ...入先', 'purchases': 0, 'returns': 0, 'net': 0, ...}, {'account': 'x', 'purchases': 0, 'returns': 0, 'net': 0, ...}, ...]}
expected = [{'account': 'A', 'purchases': 28119546, 'returns': 2936208, 'net': 25183338, ...}, {'account': 'ZZZZZZZZZZZZZZZZ', 'p...仕入先', 'purchases': 0, 'returns': 0, 'net': 0, ...}, {'account': 'x', 'purchases': 0, 'returns': 0, 'net': 0, ...}, ...]
label = 'statement_order job 0'

    def compare(actual, expected, label):
        """The whole output: one key, settlements in job order, each with exactly the README's keys, every value
        but the account code an integer (a float or a boolean is not), all equal to the expected ones."""
        assert isinstance(actual, dict) and list(actual) == ["settlements"], f"{label}: top-level {actual!r:.200}"
        got = actual["settlements"]
        assert isinstance(got, list) and len(got) == len(expected), f"{label}: {len(got) if isinstance(got, list) else got!r} settlements, expected {len(expected)}"
        for index, (row, ref) in enumerate(zip(got, expected)):
            where = f"{label} settlement {index} ({ref['account']!r})"
            assert isinstance(row, dict) and set(row) == set(FIELDS) and len(row) == len(FIELDS), f"{where}: keys {sorted(row) if isinstance(row, dict) else row!r}"
            for key in FIELDS:
>               assert type(row[key]) is type(ref[key]) and row[key] == ref[key], f"{where} {key}: {row[key]!r}, expected {ref[key]!r}"
E               AssertionError: statement_order job 0 settlement 1 ('ZZZZZZZZZZZZZZZZ') account: 'ZZZZZZZZ', expected 'ZZZZZZZZZZZZZZZZ'
E               assert (<class 'str'> is <class 'str'> and 'ZZZZZZZZ' == 'ZZZZZZZZZZZZZZZZ'
E                +  where <class 'str'> = type('ZZZZZZZZ')
E                +  and   <class 'str'> = type('ZZZZZZZZZZZZZZZZ')
E                 
E                 - ZZZZZZZZZZZZZZZZ
E                 + ZZZZZZZZ)

/tests/test_outputs.py:211: AssertionError
_______________________ test_section_one_limits_reached ________________________

    def test_section_one_limits_reached():
        """12 tier rows, thresholds of 10^11, 100 accounts, 400 lines, 100 returns, 50 notices, 200 sales, every field end."""
>       check_family("limits_accounts")

/tests/test_outputs.py:380: 
_ _ _ _ _ _ _ _ _ _ _ _ _ _ _ _ _ _ _ _ _ _ _ _ _ _ _ _ _ _ _ _ _ _ _ _ _ _ _ _ 
/tests/test_outputs.py:217: in check_family
    compare(run(row["job"]), row["settlements"], f"{name} job {number}")
_ _ _ _ _ _ _ _ _ _ _ _ _ _ _ _ _ _ _ _ _ _ _ _ _ _ _ _ _ _ _ _ _ _ _ _ _ _ _ _ 

actual = {'settlements': [{'account': 'KU85Y9Y', 'purchases': 5012000100, 'returns': 4999800060, 'net': 12200040, ...}, {'accou...00060, 'net': 12200040, ...}, {'account': 'BD1E', 'purchases': 0, 'returns': 499980000000, 'net': -499980000000, ...}]}
expected = [{'account': 'KU85Y9Y', 'purchases': 5012000100, 'returns': 4999800060, 'net': 12200040, ...}, {'account': 'Y', 'purch...800060, 'net': 12200040, ...}, {'account': 'BD1E', 'purchases': 0, 'returns': 499980000000, 'net': -499980000000, ...}]
label = 'limits_accounts job 0'

    def compare(actual, expected, label):
        """The whole output: one key, settlements in job order, each with exactly the README's keys, every value
        but the account code an integer (a float or a boolean is not), all equal to the expected ones."""
        assert isinstance(actual, dict) and list(actual) == ["settlements"], f"{label}: top-level {actual!r:.200}"
        got = actual["settlements"]
        assert isinstance(got, list) and len(got) == len(expected), f"{label}: {len(got) if isinstance(got, list) else got!r} settlements, expected {len(expected)}"
        for index, (row, ref) in enumerate(zip(got, expected)):
            where = f"{label} settlement {index} ({ref['account']!r})"
            assert isinstance(row, dict) and set(row) == set(FIELDS) and len(row) == len(FIELDS), f"{where}: keys {sorted(row) if isinstance(row, dict) else row!r}"
            for key in FIELDS:
>               assert type(row[key]) is type(ref[key]) and row[key] == ref[key], f"{where} {key}: {row[key]!r}, expected {ref[key]!r}"
E               AssertionError: limits_accounts job 0 settlement 2 ('A7HYW2166GF4WBJ') account: 'A7HYW216', expected 'A7HYW2166GF4WBJ'
E               assert (<class 'str'> is <class 'str'> and 'A7HYW216' == 'A7HYW2166GF4WBJ'
E                +  where <class 'str'> = type('A7HYW216')
E                +  and   <class 'str'> = type('A7HYW2166GF4WBJ')
E                 
E                 - A7HYW2166GF4WBJ
E                 + A7HYW216)

/tests/test_outputs.py:211: AssertionError
_____________________________ test_generated_jobs ______________________________

    def test_generated_jobs():
        """Seeded jobs over the governed domain, as sealed and under fresh codes and orders."""
>       rows = check_family("generated")
               ^^^^^^^^^^^^^^^^^^^^^^^^^

/tests/test_outputs.py:395: 
_ _ _ _ _ _ _ _ _ _ _ _ _ _ _ _ _ _ _ _ _ _ _ _ _ _ _ _ _ _ _ _ _ _ _ _ _ _ _ _ 
/tests/test_outputs.py:217: in check_family
    compare(run(row["job"]), row["settlements"], f"{name} job {number}")
_ _ _ _ _ _ _ _ _ _ _ _ _ _ _ _ _ _ _ _ _ _ _ _ _ _ _ _ _ _ _ _ _ _ _ _ _ _ _ _ 

actual = {'settlements': [{'account': 'H2WC6588', 'purchases': 29124518, 'returns': 0, 'net': 29124518, ...}, {'account': 'WXRU...: 0, 'returns': 0, 'net': 0, ...}, {'account': 'GFQ', 'purchases': 40548323, 'returns': 180150, 'net': 40368173, ...}]}
expected = [{'account': 'H2WC6588-TL', 'purchases': 29124518, 'returns': 0, 'net': 29124518, ...}, {'account': 'WXRU3QP', 'purcha...': 0, 'returns': 0, 'net': 0, ...}, {'account': 'GFQ', 'purchases': 40548323, 'returns': 180150, 'net': 40368173, ...}]
label = 'generated job 0'

    def compare(actual, expected, label):
        """The whole output: one key, settlements in job order, each with exactly the README's keys, every value
        but the account code an integer (a float or a boolean is not), all equal to the expected ones."""
        assert isinstance(actual, dict) and list(actual) == ["settlements"], f"{label}: top-level {actual!r:.200}"
        got = actual["settlements"]
        assert isinstance(got, list) and len(got) == len(expected), f"{label}: {len(got) if isinstance(got, list) else got!r} settlements, expected {len(expected)}"
        for index, (row, ref) in enumerate(zip(got, expected)):
            where = f"{label} settlement {index} ({ref['account']!r})"
            assert isinstance(row, dict) and set(row) == set(FIELDS) and len(row) == len(FIELDS), f"{where}: keys {sorted(row) if isinstance(row, dict) else row!r}"
            for key in FIELDS:
>               assert type(row[key]) is type(ref[key]) and row[key] == ref[key], f"{where} {key}: {row[key]!r}, expected {ref[key]!r}"
E               AssertionError: generated job 0 settlement 0 ('H2WC6588-TL') account: 'H2WC6588', expected 'H2WC6588-TL'
E               assert (<class 'str'> is <class 'str'> and 'H2WC6588' == 'H2WC6588-TL'
E                +  where <class 'str'> = type('H2WC6588')
E                +  and   <class 'str'> = type('H2WC6588-TL')
E                 
E                 - H2WC6588-TL
E                 ?         ---
E                 + H2WC6588)

/tests/test_outputs.py:211: AssertionError
==================================== PASSES ====================================
=========================== short test summary info ============================
PASSED ../../tests/test_outputs.py::test_rule_2_4_cut_of_exactly_250_cents_is_a_price_drop
PASSED ../../tests/test_outputs.py::test_rule_2_5_sale_exactly_100_cents_under_cost_is_a_contract_sale
PASSED ../../tests/test_outputs.py::test_candidate_cannot_read_verifier_state
PASSED ../../tests/test_outputs.py::test_submitted_driver_unchanged
FAILED ../../tests/test_outputs.py::test_rule_3_1_carton_shipment_counts_by_receipt
FAILED ../../tests/test_outputs.py::test_rule_2_2_line_of_exactly_12_units_is_a_carton
FAILED ../../tests/test_outputs.py::test_rule_3_3_returns_less_40_cents_a_unit
FAILED ../../tests/test_outputs.py::test_rule_3_3_returns_on_the_quarter_edges
FAILED ../../tests/test_outputs.py::test_rule_3_5_tier_is_picked_on_net_purchases
FAILED ../../tests/test_outputs.py::test_rule_2_6_net_exactly_on_a_threshold
FAILED ../../tests/test_outputs.py::test_rule_2_6_net_below_nought_reaches_no_tier
FAILED ../../tests/test_outputs.py::test_rule_3_6_volume_rebate_rounded_half_up
FAILED ../../tests/test_outputs.py::test_rule_4_1_growth_bonus_on_the_increase
FAILED ../../tests/test_outputs.py::test_rule_4_1_growth_exactly_110_per_cent
FAILED ../../tests/test_outputs.py::test_rule_4_1_no_prior_purchases_no_bonus
FAILED ../../tests/test_outputs.py::test_rule_5_1_price_drop_earns_cut_times_on_hand
FAILED ../../tests/test_outputs.py::test_rule_5_2_contract_sale_chargeback - ...
FAILED ../../tests/test_outputs.py::test_rule_6_2_minimum_settlement - Assert...
FAILED ../../tests/test_outputs.py::test_rule_6_2_settlement_of_exactly_25000_cents
FAILED ../../tests/test_outputs.py::test_loose_units_keep_their_invoice_quarter
FAILED ../../tests/test_outputs.py::test_tidy_up_notices_keep_todays_credit
FAILED ../../tests/test_outputs.py::test_price_match_sales_keep_todays_chargeback
FAILED ../../tests/test_outputs.py::test_statement_order_and_keys - Assertion...
FAILED ../../tests/test_outputs.py::test_section_one_limits_reached - Asserti...
FAILED ../../tests/test_outputs.py::test_generated_jobs - AssertionError: gen...
========================= 21 failed, 4 passed in 1.00s =========================
