============================= test session starts ==============================
platform linux -- Python 3.13.12, pytest-9.1.1, pluggy-1.6.0
rootdir: /tests
plugins: json-ctrf-0.5.2
collected 25 items

../../tests/test_outputs.py ..F...F......F.....FFF...                    [100%]

=================================== FAILURES ===================================
__________________ test_rule_3_3_returns_less_40_cents_a_unit __________________

    def test_rule_3_3_returns_less_40_cents_a_unit():
        """Returns taken back in the quarter are credited at their value less 40 cents a unit."""
>       check_family("returns_charge")

/tests/test_outputs.py:233: 
_ _ _ _ _ _ _ _ _ _ _ _ _ _ _ _ _ _ _ _ _ _ _ _ _ _ _ _ _ _ _ _ _ _ _ _ _ _ _ _ 
/tests/test_outputs.py:217: in check_family
    compare(run(row["job"]), row["settlements"], f"{name} job {number}")
_ _ _ _ _ _ _ _ _ _ _ _ _ _ _ _ _ _ _ _ _ _ _ _ _ _ _ _ _ _ _ _ _ _ _ _ _ _ _ _ 

actual = {'settlements': [{'account': 'U7EZAG4N', 'purchases': 0, 'returns': 13805440, 'net': -13805440, ...}, {'account': 'S1WYC0RN', 'purchases': 18490269, 'returns': 36683277, 'net': -18193008, ...}]}
expected = [{'account': 'U7EZAG4N', 'purchases': 0, 'returns': 13805440, 'net': -13805440, ...}, {'account': 'S1WYC0RN', 'purchases': 18490269, 'returns': 36683277, 'net': -18193008, ...}]
label = 'returns_charge job 0'

    def compare(actual, expected, label):
        """The whole output: one key, settlements in job order, each with exactly the README's keys, every value
        but the account code an integer (a float or a boolean is not), all equal to the expected ones."""
        assert isinstance(actual, dict) and list(actual) == ["settlements"], f"{label}: top-level {actual!r:.200}"
        got = actual["settlements"]
        assert isinstance(got, list) and len(got) == len(expected), f"{label}: {len(got) if isinstance(got, list) else got!r} settlements, expected {len(expected)}"
        for index, (row, ref) in enumerate(zip(got, expected)):
            where = f"{label} settlement {index} ({ref['account']!r})"
            assert isinstance(row, dict) and set(row) == set(FIELDS) and len(row) == len(FIELDS), f"{where}: keys {sorted(row) if isinstance(row, dict) else row!r}"
            for key in FIELDS:
>               assert type(row[key]) is type(ref[key]) and row[key] == ref[key], f"{where} {key}: {row[key]!r}, expected {ref[key]!r}"
E               AssertionError: returns_charge job 0 settlement 0 ('U7EZAG4N') tier_bp: 829, expected 0
E               assert (<class 'int'> is <class 'int'> and 829 == 0)
E                +  where <class 'int'> = type(829)
E                +  and   <class 'int'> = type(0)

/tests/test_outputs.py:211: AssertionError
________________ test_rule_2_6_net_below_nought_reaches_no_tier ________________

    def test_rule_2_6_net_below_nought_reaches_no_tier():
        """Returns heavier than purchases: net below nought, rate and rebate nought."""
>       check_family("net_below_nought")

/tests/test_outputs.py:253: 
_ _ _ _ _ _ _ _ _ _ _ _ _ _ _ _ _ _ _ _ _ _ _ _ _ _ _ _ _ _ _ _ _ _ _ _ _ _ _ _ 
/tests/test_outputs.py:217: in check_family
    compare(run(row["job"]), row["settlements"], f"{name} job {number}")
_ _ _ _ _ _ _ _ _ _ _ _ _ _ _ _ _ _ _ _ _ _ _ _ _ _ _ _ _ _ _ _ _ _ _ _ _ _ _ _ 

actual = {'settlements': [{'account': 'JE2G', 'purchases': 16000, 'returns': 158240, 'net': -142240, ...}, {'account': '1ZF40LA...: 117820, 'net': -107320, ...}, {'account': '4SQ5FZ0WEQB', 'purchases': 8500, 'returns': 152220, 'net': -143720, ...}]}
expected = [{'account': 'JE2G', 'purchases': 16000, 'returns': 158240, 'net': -142240, ...}, {'account': '1ZF40LA4D8L9AE2', 'purc...': 117820, 'net': -107320, ...}, {'account': '4SQ5FZ0WEQB', 'purchases': 8500, 'returns': 152220, 'net': -143720, ...}]
label = 'net_below_nought job 0'

    def compare(actual, expected, label):
        """The whole output: one key, settlements in job order, each with exactly the README's keys, every value
        but the account code an integer (a float or a boolean is not), all equal to the expected ones."""
        assert isinstance(actual, dict) and list(actual) == ["settlements"], f"{label}: top-level {actual!r:.200}"
        got = actual["settlements"]
        assert isinstance(got, list) and len(got) == len(expected), f"{label}: {len(got) if isinstance(got, list) else got!r} settlements, expected {len(expected)}"
        for index, (row, ref) in enumerate(zip(got, expected)):
            where = f"{label} settlement {index} ({ref['account']!r})"
            assert isinstance(row, dict) and set(row) == set(FIELDS) and len(row) == len(FIELDS), f"{where}: keys {sorted(row) if isinstance(row, dict) else row!r}"
            for key in FIELDS:
>               assert type(row[key]) is type(ref[key]) and row[key] == ref[key], f"{where} {key}: {row[key]!r}, expected {ref[key]!r}"
E               AssertionError: net_below_nought job 0 settlement 0 ('JE2G') tier_bp: 1500, expected 0
E               assert (<class 'int'> is <class 'int'> and 1500 == 0)
E                +  where <class 'int'> = type(1500)
E                +  and   <class 'int'> = type(0)

/tests/test_outputs.py:211: AssertionError
____________________ test_rule_5_2_contract_sale_chargeback ____________________

    def test_rule_5_2_contract_sale_chargeback():
        """A contract sale in the quarter earns the amount below cost times the units."""
>       check_family("contract_sale")

/tests/test_outputs.py:288: 
_ _ _ _ _ _ _ _ _ _ _ _ _ _ _ _ _ _ _ _ _ _ _ _ _ _ _ _ _ _ _ _ _ _ _ _ _ _ _ _ 
/tests/test_outputs.py:217: in check_family
    compare(run(row["job"]), row["settlements"], f"{name} job {number}")
_ _ _ _ _ _ _ _ _ _ _ _ _ _ _ _ _ _ _ _ _ _ _ _ _ _ _ _ _ _ _ _ _ _ _ _ _ _ _ _ 

actual = {'settlements': [{'account': 'ZE8XLXF1KKCH5FW6', 'purchases': 0, 'returns': 101166, 'net': -101166, ...}, {'account': ... 'returns': 0, 'net': 58839, ...}, {'account': '524SNP6', 'purchases': 15526, 'returns': 915464, 'net': -899938, ...}]}
expected = [{'account': 'ZE8XLXF1KKCH5FW6', 'purchases': 0, 'returns': 101166, 'net': -101166, ...}, {'account': '168Q1J9VS', 'pu..., 'returns': 0, 'net': 58839, ...}, {'account': '524SNP6', 'purchases': 15526, 'returns': 915464, 'net': -899938, ...}]
label = 'contract_sale job 1'

    def compare(actual, expected, label):
        """The whole output: one key, settlements in job order, each with exactly the README's keys, every value
        but the account code an integer (a float or a boolean is not), all equal to the expected ones."""
        assert isinstance(actual, dict) and list(actual) == ["settlements"], f"{label}: top-level {actual!r:.200}"
        got = actual["settlements"]
        assert isinstance(got, list) and len(got) == len(expected), f"{label}: {len(got) if isinstance(got, list) else got!r} settlements, expected {len(expected)}"
        for index, (row, ref) in enumerate(zip(got, expected)):
            where = f"{label} settlement {index} ({ref['account']!r})"
            assert isinstance(row, dict) and set(row) == set(FIELDS) and len(row) == len(FIELDS), f"{where}: keys {sorted(row) if isinstance(row, dict) else row!r}"
            for key in FIELDS:
>               assert type(row[key]) is type(ref[key]) and row[key] == ref[key], f"{where} {key}: {row[key]!r}, expected {ref[key]!r}"
E               AssertionError: contract_sale job 1 settlement 0 ('ZE8XLXF1KKCH5FW6') tier_bp: 226, expected 0
E               assert (<class 'int'> is <class 'int'> and 226 == 0)
E                +  where <class 'int'> = type(226)
E                +  and   <class 'int'> = type(0)

/tests/test_outputs.py:211: AssertionError
________________ test_price_match_sales_keep_todays_chargeback _________________

    def test_price_match_sales_keep_todays_chargeback():
        """A sale below cost that is not a contract sale keeps the chargeback the shipped package gives it."""
>       for number, row in enumerate(check_family("price_match")):
                                     ^^^^^^^^^^^^^^^^^^^^^^^^^^^

/tests/test_outputs.py:328: 
_ _ _ _ _ _ _ _ _ _ _ _ _ _ _ _ _ _ _ _ _ _ _ _ _ _ _ _ _ _ _ _ _ _ _ _ _ _ _ _ 
/tests/test_outputs.py:217: in check_family
    compare(run(row["job"]), row["settlements"], f"{name} job {number}")
_ _ _ _ _ _ _ _ _ _ _ _ _ _ _ _ _ _ _ _ _ _ _ _ _ _ _ _ _ _ _ _ _ _ _ _ _ _ _ _ 

actual = {'settlements': [{'account': 'J56X', 'purchases': 2465793, 'returns': 0, 'net': 2465793, ...}, {'account': '2K27UBEZ',...rns': 816320, 'net': -816320, ...}, {'account': 'Y-M3QU0FGD20-10G', 'purchases': 0, 'returns': 0, 'net': 0, ...}, ...]}
expected = [{'account': 'J56X', 'purchases': 2465793, 'returns': 0, 'net': 2465793, ...}, {'account': '2K27UBEZ', 'purchases': 22...urns': 816320, 'net': -816320, ...}, {'account': 'Y-M3QU0FGD20-10G', 'purchases': 0, 'returns': 0, 'net': 0, ...}, ...]
label = 'price_match job 0'

    def compare(actual, expected, label):
        """The whole output: one key, settlements in job order, each with exactly the README's keys, every value
        but the account code an integer (a float or a boolean is not), all equal to the expected ones."""
        assert isinstance(actual, dict) and list(actual) == ["settlements"], f"{label}: top-level {actual!r:.200}"
        got = actual["settlements"]
        assert isinstance(got, list) and len(got) == len(expected), f"{label}: {len(got) if isinstance(got, list) else got!r} settlements, expected {len(expected)}"
        for index, (row, ref) in enumerate(zip(got, expected)):
            where = f"{label} settlement {index} ({ref['account']!r})"
            assert isinstance(row, dict) and set(row) == set(FIELDS) and len(row) == len(FIELDS), f"{where}: keys {sorted(row) if isinstance(row, dict) else row!r}"
            for key in FIELDS:
>               assert type(row[key]) is type(ref[key]) and row[key] == ref[key], f"{where} {key}: {row[key]!r}, expected {ref[key]!r}"
E               AssertionError: price_match job 0 settlement 4 ('1F296NLGDGGBTS') tier_bp: 769, expected 0
E               assert (<class 'int'> is <class 'int'> and 769 == 0)
E                +  where <class 'int'> = type(769)
E                +  and   <class 'int'> = type(0)

/tests/test_outputs.py:211: AssertionError
________________________ test_statement_order_and_keys _________________________

    def test_statement_order_and_keys():
        """Settlements come in job order with codes as given (1 and 16 characters, spaces, quotes, non-ASCII)."""
>       check_family("statement_order")

/tests/test_outputs.py:375: 
_ _ _ _ _ _ _ _ _ _ _ _ _ _ _ _ _ _ _ _ _ _ _ _ _ _ _ _ _ _ _ _ _ _ _ _ _ _ _ _ 
/tests/test_outputs.py:217: in check_family
    compare(run(row["job"]), row["settlements"], f"{name} job {number}")
_ _ _ _ _ _ _ _ _ _ _ _ _ _ _ _ _ _ _ _ _ _ _ _ _ _ _ _ _ _ _ _ _ _ _ _ _ _ _ _ 

actual = {'settlements': [{'account': 'A', 'purchases': 28119546, 'returns': 2936208, 'net': 25183338, ...}, {'account': 'ZZZZZ...入先', 'purchases': 0, 'returns': 0, 'net': 0, ...}, {'account': 'x', 'purchases': 0, 'returns': 0, 'net': 0, ...}, ...]}
expected = [{'account': 'A', 'purchases': 28119546, 'returns': 2936208, 'net': 25183338, ...}, {'account': 'ZZZZZZZZZZZZZZZZ', 'p...仕入先', 'purchases': 0, 'returns': 0, 'net': 0, ...}, {'account': 'x', 'purchases': 0, 'returns': 0, 'net': 0, ...}, ...]
label = 'statement_order job 0'

    def compare(actual, expected, label):
        """The whole output: one key, settlements in job order, each with exactly the README's keys, every value
        but the account code an integer (a float or a boolean is not), all equal to the expected ones."""
        assert isinstance(actual, dict) and list(actual) == ["settlements"], f"{label}: top-level {actual!r:.200}"
        got = actual["settlements"]
        assert isinstance(got, list) and len(got) == len(expected), f"{label}: {len(got) if isinstance(got, list) else got!r} settlements, expected {len(expected)}"
        for index, (row, ref) in enumerate(zip(got, expected)):
            where = f"{label} settlement {index} ({ref['account']!r})"
            assert isinstance(row, dict) and set(row) == set(FIELDS) and len(row) == len(FIELDS), f"{where}: keys {sorted(row) if isinstance(row, dict) else row!r}"
            for key in FIELDS:
>               assert type(row[key]) is type(ref[key]) and row[key] == ref[key], f"{where} {key}: {row[key]!r}, expected {ref[key]!r}"
E               AssertionError: statement_order job 0 settlement 2 (' SP-01 ') tier_bp: 550, expected 0
E               assert (<class 'int'> is <class 'int'> and 550 == 0)
E                +  where <class 'int'> = type(550)
E                +  and   <class 'int'> = type(0)

/tests/test_outputs.py:211: AssertionError
_______________________ test_section_one_limits_reached ________________________

    def test_section_one_limits_reached():
        """12 tier rows, thresholds of 10^11, 100 accounts, 400 lines, 100 returns, 50 notices, 200 sales, every field end."""
>       check_family("limits_accounts")

/tests/test_outputs.py:380: 
_ _ _ _ _ _ _ _ _ _ _ _ _ _ _ _ _ _ _ _ _ _ _ _ _ _ _ _ _ _ _ _ _ _ _ _ _ _ _ _ 
/tests/test_outputs.py:217: in check_family
    compare(run(row["job"]), row["settlements"], f"{name} job {number}")
_ _ _ _ _ _ _ _ _ _ _ _ _ _ _ _ _ _ _ _ _ _ _ _ _ _ _ _ _ _ _ _ _ _ _ _ _ _ _ _ 

actual = {'settlements': [{'account': 'KU85Y9Y', 'purchases': 5012000100, 'returns': 4999800060, 'net': 12200040, ...}, {'accou...00060, 'net': 12200040, ...}, {'account': 'BD1E', 'purchases': 0, 'returns': 499980000000, 'net': -499980000000, ...}]}
expected = [{'account': 'KU85Y9Y', 'purchases': 5012000100, 'returns': 4999800060, 'net': 12200040, ...}, {'account': 'Y', 'purch...800060, 'net': 12200040, ...}, {'account': 'BD1E', 'purchases': 0, 'returns': 499980000000, 'net': -499980000000, ...}]
label = 'limits_accounts job 0'

    def compare(actual, expected, label):
        """The whole output: one key, settlements in job order, each with exactly the README's keys, every value
        but the account code an integer (a float or a boolean is not), all equal to the expected ones."""
        assert isinstance(actual, dict) and list(actual) == ["settlements"], f"{label}: top-level {actual!r:.200}"
        got = actual["settlements"]
        assert isinstance(got, list) and len(got) == len(expected), f"{label}: {len(got) if isinstance(got, list) else got!r} settlements, expected {len(expected)}"
        for index, (row, ref) in enumerate(zip(got, expected)):
            where = f"{label} settlement {index} ({ref['account']!r})"
            assert isinstance(row, dict) and set(row) == set(FIELDS) and len(row) == len(FIELDS), f"{where}: keys {sorted(row) if isinstance(row, dict) else row!r}"
            for key in FIELDS:
>               assert type(row[key]) is type(ref[key]) and row[key] == ref[key], f"{where} {key}: {row[key]!r}, expected {ref[key]!r}"
E               AssertionError: limits_accounts job 0 settlement 4 ('BD1E') tier_bp: 1500, expected 0
E               assert (<class 'int'> is <class 'int'> and 1500 == 0)
E                +  where <class 'int'> = type(1500)
E                +  and   <class 'int'> = type(0)

/tests/test_outputs.py:211: AssertionError
==================================== PASSES ====================================
=========================== short test summary info ============================
PASSED ../../tests/test_outputs.py::test_rule_3_1_carton_shipment_counts_by_receipt
PASSED ../../tests/test_outputs.py::test_rule_2_2_line_of_exactly_12_units_is_a_carton
PASSED ../../tests/test_outputs.py::test_rule_3_3_returns_on_the_quarter_edges
PASSED ../../tests/test_outputs.py::test_rule_3_5_tier_is_picked_on_net_purchases
PASSED ../../tests/test_outputs.py::test_rule_2_6_net_exactly_on_a_threshold
PASSED ../../tests/test_outputs.py::test_rule_3_6_volume_rebate_rounded_half_up
PASSED ../../tests/test_outputs.py::test_rule_4_1_growth_bonus_on_the_increase
PASSED ../../tests/test_outputs.py::test_rule_4_1_growth_exactly_110_per_cent
PASSED ../../tests/test_outputs.py::test_rule_4_1_no_prior_purchases_no_bonus
PASSED ../../tests/test_outputs.py::test_rule_5_1_price_drop_earns_cut_times_on_hand
PASSED ../../tests/test_outputs.py::test_rule_2_4_cut_of_exactly_250_cents_is_a_price_drop
PASSED ../../tests/test_outputs.py::test_rule_2_5_sale_exactly_100_cents_under_cost_is_a_contract_sale
PASSED ../../tests/test_outputs.py::test_rule_6_2_minimum_settlement
PASSED ../../tests/test_outputs.py::test_rule_6_2_settlement_of_exactly_25000_cents
PASSED ../../tests/test_outputs.py::test_loose_units_keep_their_invoice_quarter
PASSED ../../tests/test_outputs.py::test_tidy_up_notices_keep_todays_credit
PASSED ../../tests/test_outputs.py::test_generated_jobs
PASSED ../../tests/test_outputs.py::test_candidate_cannot_read_verifier_state
PASSED ../../tests/test_outputs.py::test_submitted_driver_unchanged
FAILED ../../tests/test_outputs.py::test_rule_3_3_returns_less_40_cents_a_unit
FAILED ../../tests/test_outputs.py::test_rule_2_6_net_below_nought_reaches_no_tier
FAILED ../../tests/test_outputs.py::test_rule_5_2_contract_sale_chargeback - ...
FAILED ../../tests/test_outputs.py::test_price_match_sales_keep_todays_chargeback
FAILED ../../tests/test_outputs.py::test_statement_order_and_keys - Assertion...
FAILED ../../tests/test_outputs.py::test_section_one_limits_reached - Asserti...
========================= 6 failed, 19 passed in 1.15s =========================
