============================= test session starts ==============================
platform linux -- Python 3.13.12, pytest-9.1.1, pluggy-1.6.0
rootdir: /tests
plugins: json-ctrf-0.5.2
collected 22 items

../../tests/test_outputs.py ...................F..                       [100%]

=================================== FAILURES ===================================
____________________________ test_generated_surveys ____________________________

    def test_generated_surveys():
        """Seeded surveys over the rest of the section 1 domain, as sealed and under fresh labels."""
        check_family("generated")
        rng = random.Random(RELABEL_SEED)
        for form, row in enumerate(load("generated")):
            survey, expected = relabel(row, rng, form % len(NAME_FORMS))
            within_limits(survey)
>           compare(reduce(survey), expected, f"generated {row['survey']['survey']} relabelled (seed {RELABEL_SEED})")

/tests/test_outputs.py:390: 
_ _ _ _ _ _ _ _ _ _ _ _ _ _ _ _ _ _ _ _ _ _ _ _ _ _ _ _ _ _ _ _ _ _ _ _ _ _ _ _ 

actual = {'survey': 'Pressenwerk Sd  Schicht 2   YPSHQWQO0B', 'workers': [{'id': '566P2X1KYBWN', 'group': 'Y5L', 'dose': 5767.2...6052214, 'twa': 78.6, 'status': 'below'}, {'group': 'Y5L', 'dose': 5767.208119809439, 'twa': 102.5, 'status': 'over'}]}
expected = {'survey': 'Pressenwerk Süd — Schicht 2 ✓ 騒音 YPSHQWQO0B', 'workers': [{'id': '566P2X1KYBWN', 'group': 'Y5L', 'dose': 5....0319636661, 'twa': 78.6, 'status': 'below'}, {'group': 'Y5L', 'dose': 5767.20811981, 'twa': 102.5, 'status': 'over'}]}
label = 'generated HC4-0035 relabelled (seed 1814180377635838012)'

    def compare(actual, expected, label):
        assert isinstance(actual, dict) and set(actual) >= {"survey", "workers", "groups"}, f"{label}: top-level keys"
>       assert type(actual["survey"]) is str and actual["survey"] == expected["survey"], f"{label}: survey name"
E       AssertionError: generated HC4-0035 relabelled (seed 1814180377635838012): survey name
E       assert (<class 'str'> is str and 'Pressenwerk ...   YPSHQWQO0B' == 'Pressenwerk ...騒音 YPSHQWQO0B'
E        +  where <class 'str'> = type('Pressenwerk Sd  Schicht 2   YPSHQWQO0B')
E         
E         - Pressenwerk Süd — Schicht 2 ✓ 騒音 YPSHQWQO0B
E         ?              -  -           ^^^^
E         + Pressenwerk Sd  Schicht 2   YPSHQWQO0B
E         ?                           ^)

/tests/test_outputs.py:220: AssertionError
==================================== PASSES ====================================
=========================== short test summary info ============================
PASSED ../../tests/test_outputs.py::test_rule_3_1_reference_duration_uses_85_dba_and_3_db
PASSED ../../tests/test_outputs.py::test_rule_2_3_reading_at_the_threshold_counts
PASSED ../../tests/test_outputs.py::test_rule_2_4_sampled_time_includes_readings_below_threshold
PASSED ../../tests/test_outputs.py::test_rule_2_2_run_logged_at_nought_is_not_a_reading
PASSED ../../tests/test_outputs.py::test_rule_3_3_partial_survey_projected_to_own_shift
PASSED ../../tests/test_outputs.py::test_rule_3_3_survey_as_long_as_shift_keeps_measured_dose
PASSED ../../tests/test_outputs.py::test_rule_2_5_partial_survey_at_exactly_three_quarters
PASSED ../../tests/test_outputs.py::test_survey_below_three_quarters_keeps_todays_projection
PASSED ../../tests/test_outputs.py::test_survey_that_measured_nothing_keeps_todays_dose
PASSED ../../tests/test_outputs.py::test_reading_above_ceiling_keeps_todays_counted_level
PASSED ../../tests/test_outputs.py::test_rule_5_1_reading_at_the_ceiling_level_is_not_flagged
PASSED ../../tests/test_outputs.py::test_rule_5_2_impulse_at_140_dbc
PASSED ../../tests/test_outputs.py::test_rule_4_1_twa_formula
PASSED ../../tests/test_outputs.py::test_rule_1_2_twa_rounded_to_nearest_tenth
PASSED ../../tests/test_outputs.py::test_rule_5_3_status_bands_at_82_and_85
PASSED ../../tests/test_outputs.py::test_rule_6_1_group_dose_is_mean_of_shift_doses
PASSED ../../tests/test_outputs.py::test_rule_6_1_quiet_member_counts_in_group_mean
PASSED ../../tests/test_outputs.py::test_report_order_and_group_codes
PASSED ../../tests/test_outputs.py::test_section_one_limits_reached
PASSED ../../tests/test_outputs.py::test_candidate_cannot_read_verifier_state
PASSED ../../tests/test_outputs.py::test_submitted_driver_unchanged
FAILED ../../tests/test_outputs.py::test_generated_surveys - AssertionError: ...
========================= 1 failed, 21 passed in 3.55s =========================
