============================= test session starts ==============================
platform linux -- Python 3.13.12, pytest-9.1.1, pluggy-1.6.0
rootdir: /tests
plugins: json-ctrf-0.5.2
collected 20 items

../../tests/test_outputs.py .FF.FFFFF...FFFFF...                         [100%]

=================================== FAILURES ===================================
_________________ test_blank_level_is_mean_of_results_anywhere _________________

    def test_blank_level_is_mean_of_results_anywhere():
>       check_family("blank_mean.jsonl")

/tests/test_outputs.py:138: 
_ _ _ _ _ _ _ _ _ _ _ _ _ _ _ _ _ _ _ _ _ _ _ _ _ _ _ _ _ _ _ _ _ _ _ _ _ _ _ _ 
/tests/test_outputs.py:130: in check_family
    compare(reduce(row["batch"]), row["report"], f"{name} batch {number}")
/tests/test_outputs.py:123: in compare
    _number(a, e, f"{where} {key}")
_ _ _ _ _ _ _ _ _ _ _ _ _ _ _ _ _ _ _ _ _ _ _ _ _ _ _ _ _ _ _ _ _ _ _ _ _ _ _ _ 

actual = 13.5, expected = 10.0
where = 'blank_mean.jsonl batch 0 samples[1] (W-32, Pb) value'

    def _number(actual, expected, where):
        assert isinstance(actual, (int, float)) and not isinstance(actual, bool), f"{where}: {actual!r} is not a number"
        bound = REL * abs(expected) if abs(expected) >= 1 else ABS
>       assert abs(actual - expected) <= bound, f"{where}: {actual!r}, expected {expected!r}"
E       AssertionError: blank_mean.jsonl batch 0 samples[1] (W-32, Pb) value: 13.5, expected 10.0
E       assert 3.5 <= 9.999999999999999e-06
E        +  where 3.5 = abs((13.5 - 10.0))

/tests/test_outputs.py:105: AssertionError
__________________ test_nondetect_blanks_stay_out_of_the_mean __________________

    def test_nondetect_blanks_stay_out_of_the_mean():
>       check_family("blank_nondetects.jsonl")

/tests/test_outputs.py:142: 
_ _ _ _ _ _ _ _ _ _ _ _ _ _ _ _ _ _ _ _ _ _ _ _ _ _ _ _ _ _ _ _ _ _ _ _ _ _ _ _ 
/tests/test_outputs.py:130: in check_family
    compare(reduce(row["batch"]), row["report"], f"{name} batch {number}")
/tests/test_outputs.py:123: in compare
    _number(a, e, f"{where} {key}")
_ _ _ _ _ _ _ _ _ _ _ _ _ _ _ _ _ _ _ _ _ _ _ _ _ _ _ _ _ _ _ _ _ _ _ _ _ _ _ _ 

actual = 43.0, expected = 35.0
where = 'blank_nondetects.jsonl batch 1 samples[0] (W-52, Pb) value'

    def _number(actual, expected, where):
        assert isinstance(actual, (int, float)) and not isinstance(actual, bool), f"{where}: {actual!r} is not a number"
        bound = REL * abs(expected) if abs(expected) >= 1 else ABS
>       assert abs(actual - expected) <= bound, f"{where}: {actual!r}, expected {expected!r}"
E       AssertionError: blank_nondetects.jsonl batch 1 samples[0] (W-52, Pb) value: 43.0, expected 35.0
E       assert 8.0 <= 3.5e-05
E        +  where 8.0 = abs((43.0 - 35.0))

/tests/test_outputs.py:105: AssertionError
_____________ test_batch_without_blank_results_keeps_shipped_level _____________

    def test_batch_without_blank_results_keeps_shipped_level():
>       check_family("blank_no_results.jsonl")

/tests/test_outputs.py:150: 
_ _ _ _ _ _ _ _ _ _ _ _ _ _ _ _ _ _ _ _ _ _ _ _ _ _ _ _ _ _ _ _ _ _ _ _ _ _ _ _ 
/tests/test_outputs.py:130: in check_family
    compare(reduce(row["batch"]), row["report"], f"{name} batch {number}")
/tests/test_outputs.py:123: in compare
    _number(a, e, f"{where} {key}")
_ _ _ _ _ _ _ _ _ _ _ _ _ _ _ _ _ _ _ _ _ _ _ _ _ _ _ _ _ _ _ _ _ _ _ _ _ _ _ _ 

actual = 8.75, expected = 8.0
where = 'blank_no_results.jsonl batch 2 samples[0] (W-65, Pb) value'

    def _number(actual, expected, where):
        assert isinstance(actual, (int, float)) and not isinstance(actual, bool), f"{where}: {actual!r} is not a number"
        bound = REL * abs(expected) if abs(expected) >= 1 else ABS
>       assert abs(actual - expected) <= bound, f"{where}: {actual!r}, expected {expected!r}"
E       AssertionError: blank_no_results.jsonl batch 2 samples[0] (W-65, Pb) value: 8.75, expected 8.0
E       assert 0.75 <= 8e-06
E        +  where 0.75 = abs((8.75 - 8.0))

/tests/test_outputs.py:105: AssertionError
_____________________ test_blank_comes_off_before_dilution _____________________

    def test_blank_comes_off_before_dilution():
>       check_family("dilution.jsonl")

/tests/test_outputs.py:154: 
_ _ _ _ _ _ _ _ _ _ _ _ _ _ _ _ _ _ _ _ _ _ _ _ _ _ _ _ _ _ _ _ _ _ _ _ _ _ _ _ 
/tests/test_outputs.py:130: in check_family
    compare(reduce(row["batch"]), row["report"], f"{name} batch {number}")
/tests/test_outputs.py:123: in compare
    _number(a, e, f"{where} {key}")
_ _ _ _ _ _ _ _ _ _ _ _ _ _ _ _ _ _ _ _ _ _ _ _ _ _ _ _ _ _ _ _ _ _ _ _ _ _ _ _ 

actual = 68.0, expected = 50.0
where = 'dilution.jsonl batch 0 samples[1] (W-72, Pb) value'

    def _number(actual, expected, where):
        assert isinstance(actual, (int, float)) and not isinstance(actual, bool), f"{where}: {actual!r} is not a number"
        bound = REL * abs(expected) if abs(expected) >= 1 else ABS
>       assert abs(actual - expected) <= bound, f"{where}: {actual!r}, expected {expected!r}"
E       AssertionError: dilution.jsonl batch 0 samples[1] (W-72, Pb) value: 68.0, expected 50.0
E       assert 18.0 <= 4.9999999999999996e-05
E        +  where 18.0 = abs((68.0 - 50.0))

/tests/test_outputs.py:105: AssertionError
____________________ test_flags_judged_on_corrected_reading ____________________

    def test_flags_judged_on_corrected_reading():
>       check_family("flag_basis.jsonl")

/tests/test_outputs.py:158: 
_ _ _ _ _ _ _ _ _ _ _ _ _ _ _ _ _ _ _ _ _ _ _ _ _ _ _ _ _ _ _ _ _ _ _ _ _ _ _ _ 
/tests/test_outputs.py:130: in check_family
    compare(reduce(row["batch"]), row["report"], f"{name} batch {number}")
/tests/test_outputs.py:123: in compare
    _number(a, e, f"{where} {key}")
_ _ _ _ _ _ _ _ _ _ _ _ _ _ _ _ _ _ _ _ _ _ _ _ _ _ _ _ _ _ _ _ _ _ _ _ _ _ _ _ 

actual = 11.0, expected = 9.0
where = 'flag_basis.jsonl batch 1 samples[1] (W-85, Pb) value'

    def _number(actual, expected, where):
        assert isinstance(actual, (int, float)) and not isinstance(actual, bool), f"{where}: {actual!r} is not a number"
        bound = REL * abs(expected) if abs(expected) >= 1 else ABS
>       assert abs(actual - expected) <= bound, f"{where}: {actual!r}, expected {expected!r}"
E       AssertionError: flag_basis.jsonl batch 1 samples[1] (W-85, Pb) value: 11.0, expected 9.0
E       assert 2.0 <= 9e-06
E        +  where 2.0 = abs((11.0 - 9.0))

/tests/test_outputs.py:105: AssertionError
_______________________ test_flags_at_exact_mdl_and_loq ________________________

    def test_flags_at_exact_mdl_and_loq():
>       check_family("flag_limits.jsonl")

/tests/test_outputs.py:162: 
_ _ _ _ _ _ _ _ _ _ _ _ _ _ _ _ _ _ _ _ _ _ _ _ _ _ _ _ _ _ _ _ _ _ _ _ _ _ _ _ 
/tests/test_outputs.py:130: in check_family
    compare(reduce(row["batch"]), row["report"], f"{name} batch {number}")
/tests/test_outputs.py:123: in compare
    _number(a, e, f"{where} {key}")
_ _ _ _ _ _ _ _ _ _ _ _ _ _ _ _ _ _ _ _ _ _ _ _ _ _ _ _ _ _ _ _ _ _ _ _ _ _ _ _ 

actual = 32.5, expected = 10.0
where = 'flag_limits.jsonl batch 0 samples[0] (W-91, Pb) value'

    def _number(actual, expected, where):
        assert isinstance(actual, (int, float)) and not isinstance(actual, bool), f"{where}: {actual!r} is not a number"
        bound = REL * abs(expected) if abs(expected) >= 1 else ABS
>       assert abs(actual - expected) <= bound, f"{where}: {actual!r}, expected {expected!r}"
E       AssertionError: flag_limits.jsonl batch 0 samples[0] (W-91, Pb) value: 32.5, expected 10.0
E       assert 22.5 <= 9.999999999999999e-06
E        +  where 22.5 = abs((32.5 - 10.0))

/tests/test_outputs.py:105: AssertionError
__________________ test_readings_below_nought_are_not_clamped __________________

    def test_readings_below_nought_are_not_clamped():
>       check_family("negative_readings.jsonl")

/tests/test_outputs.py:166: 
_ _ _ _ _ _ _ _ _ _ _ _ _ _ _ _ _ _ _ _ _ _ _ _ _ _ _ _ _ _ _ _ _ _ _ _ _ _ _ _ 
/tests/test_outputs.py:130: in check_family
    compare(reduce(row["batch"]), row["report"], f"{name} batch {number}")
/tests/test_outputs.py:123: in compare
    _number(a, e, f"{where} {key}")
_ _ _ _ _ _ _ _ _ _ _ _ _ _ _ _ _ _ _ _ _ _ _ _ _ _ _ _ _ _ _ _ _ _ _ _ _ _ _ _ 

actual = 1.0, expected = 2.0
where = 'negative_readings.jsonl batch 0 samples[2] (W-103, Pb) value'

    def _number(actual, expected, where):
        assert isinstance(actual, (int, float)) and not isinstance(actual, bool), f"{where}: {actual!r} is not a number"
        bound = REL * abs(expected) if abs(expected) >= 1 else ABS
>       assert abs(actual - expected) <= bound, f"{where}: {actual!r}, expected {expected!r}"
E       AssertionError: negative_readings.jsonl batch 0 samples[2] (W-103, Pb) value: 1.0, expected 2.0
E       assert 1.0 <= 2e-06
E        +  where 1.0 = abs((1.0 - 2.0))

/tests/test_outputs.py:105: AssertionError
________________________ test_spike_recovery_of_results ________________________

    def test_spike_recovery_of_results():
>       check_family("spike_recovery.jsonl")

/tests/test_outputs.py:182: 
_ _ _ _ _ _ _ _ _ _ _ _ _ _ _ _ _ _ _ _ _ _ _ _ _ _ _ _ _ _ _ _ _ _ _ _ _ _ _ _ 
/tests/test_outputs.py:130: in check_family
    compare(reduce(row["batch"]), row["report"], f"{name} batch {number}")
/tests/test_outputs.py:123: in compare
    _number(a, e, f"{where} {key}")
_ _ _ _ _ _ _ _ _ _ _ _ _ _ _ _ _ _ _ _ _ _ _ _ _ _ _ _ _ _ _ _ _ _ _ _ _ _ _ _ 

actual = 46.0, expected = 40.0
where = 'spike_recovery.jsonl batch 1 samples[0] (W-133, Pb) value'

    def _number(actual, expected, where):
        assert isinstance(actual, (int, float)) and not isinstance(actual, bool), f"{where}: {actual!r} is not a number"
        bound = REL * abs(expected) if abs(expected) >= 1 else ABS
>       assert abs(actual - expected) <= bound, f"{where}: {actual!r}, expected {expected!r}"
E       AssertionError: spike_recovery.jsonl batch 1 samples[0] (W-133, Pb) value: 46.0, expected 40.0
E       assert 6.0 <= 3.9999999999999996e-05
E        +  where 6.0 = abs((46.0 - 40.0))

/tests/test_outputs.py:105: AssertionError
_________________ test_nondetect_spikes_keep_shipped_recovery __________________

    def test_nondetect_spikes_keep_shipped_recovery():
>       check_family("spike_nondetects.jsonl")

/tests/test_outputs.py:186: 
_ _ _ _ _ _ _ _ _ _ _ _ _ _ _ _ _ _ _ _ _ _ _ _ _ _ _ _ _ _ _ _ _ _ _ _ _ _ _ _ 
/tests/test_outputs.py:130: in check_family
    compare(reduce(row["batch"]), row["report"], f"{name} batch {number}")
/tests/test_outputs.py:123: in compare
    _number(a, e, f"{where} {key}")
_ _ _ _ _ _ _ _ _ _ _ _ _ _ _ _ _ _ _ _ _ _ _ _ _ _ _ _ _ _ _ _ _ _ _ _ _ _ _ _ 

actual = 65.0, expected = 55.0
where = 'spike_nondetects.jsonl batch 1 samples[1] (W-143S, Pb) value'

    def _number(actual, expected, where):
        assert isinstance(actual, (int, float)) and not isinstance(actual, bool), f"{where}: {actual!r} is not a number"
        bound = REL * abs(expected) if abs(expected) >= 1 else ABS
>       assert abs(actual - expected) <= bound, f"{where}: {actual!r}, expected {expected!r}"
E       AssertionError: spike_nondetects.jsonl batch 1 samples[1] (W-143S, Pb) value: 65.0, expected 55.0
E       assert 10.0 <= 5.4999999999999995e-05
E        +  where 10.0 = abs((65.0 - 55.0))

/tests/test_outputs.py:105: AssertionError
_________________________ test_report_order_and_types __________________________

    def test_report_order_and_types():
>       check_family("report_order.jsonl")

/tests/test_outputs.py:190: 
_ _ _ _ _ _ _ _ _ _ _ _ _ _ _ _ _ _ _ _ _ _ _ _ _ _ _ _ _ _ _ _ _ _ _ _ _ _ _ _ 
/tests/test_outputs.py:130: in check_family
    compare(reduce(row["batch"]), row["report"], f"{name} batch {number}")
/tests/test_outputs.py:123: in compare
    _number(a, e, f"{where} {key}")
_ _ _ _ _ _ _ _ _ _ _ _ _ _ _ _ _ _ _ _ _ _ _ _ _ _ _ _ _ _ _ _ _ _ _ _ _ _ _ _ 

actual = 5.375, expected = 4.75
where = 'report_order.jsonl batch 0 samples[0] (Z-9, Tl) value'

    def _number(actual, expected, where):
        assert isinstance(actual, (int, float)) and not isinstance(actual, bool), f"{where}: {actual!r} is not a number"
        bound = REL * abs(expected) if abs(expected) >= 1 else ABS
>       assert abs(actual - expected) <= bound, f"{where}: {actual!r}, expected {expected!r}"
E       AssertionError: report_order.jsonl batch 0 samples[0] (Z-9, Tl) value: 5.375, expected 4.75
E       assert 0.625 <= 4.749999999999999e-06
E        +  where 0.625 = abs((5.375 - 4.75))

/tests/test_outputs.py:105: AssertionError
____________________________ test_generated_batches ____________________________

    def test_generated_batches():
>       check_family("generated-1.jsonl")

/tests/test_outputs.py:194: 
_ _ _ _ _ _ _ _ _ _ _ _ _ _ _ _ _ _ _ _ _ _ _ _ _ _ _ _ _ _ _ _ _ _ _ _ _ _ _ _ 
/tests/test_outputs.py:130: in check_family
    compare(reduce(row["batch"]), row["report"], f"{name} batch {number}")
/tests/test_outputs.py:123: in compare
    _number(a, e, f"{where} {key}")
_ _ _ _ _ _ _ _ _ _ _ _ _ _ _ _ _ _ _ _ _ _ _ _ _ _ _ _ _ _ _ _ _ _ _ _ _ _ _ _ 

actual = 102.06036570617732, expected = 82.18919635481066
where = 'generated-1.jsonl batch 2 samples[6] (R910-3, Pb) value'

    def _number(actual, expected, where):
        assert isinstance(actual, (int, float)) and not isinstance(actual, bool), f"{where}: {actual!r} is not a number"
        bound = REL * abs(expected) if abs(expected) >= 1 else ABS
>       assert abs(actual - expected) <= bound, f"{where}: {actual!r}, expected {expected!r}"
E       AssertionError: generated-1.jsonl batch 2 samples[6] (R910-3, Pb) value: 102.06036570617732, expected 82.18919635481066
E       assert 19.87116935136666 <= 8.218919635481066e-05
E        +  where 19.87116935136666 = abs((102.06036570617732 - 82.18919635481066))

/tests/test_outputs.py:105: AssertionError
_____________________________ test_capacity_batch ______________________________

    def test_capacity_batch():
        rows = load("capacity.jsonl")
        batch = rows[0]["batch"]
        assert len(batch["runs"]) == 80 and len(batch["analytes"]) == 4 and len(batch["standards"]) == 8
>       check_family("capacity.jsonl")

/tests/test_outputs.py:202: 
_ _ _ _ _ _ _ _ _ _ _ _ _ _ _ _ _ _ _ _ _ _ _ _ _ _ _ _ _ _ _ _ _ _ _ _ _ _ _ _ 
/tests/test_outputs.py:130: in check_family
    compare(reduce(row["batch"]), row["report"], f"{name} batch {number}")
/tests/test_outputs.py:123: in compare
    _number(a, e, f"{where} {key}")
_ _ _ _ _ _ _ _ _ _ _ _ _ _ _ _ _ _ _ _ _ _ _ _ _ _ _ _ _ _ _ _ _ _ _ _ _ _ _ _ 

actual = 0.20864885811929523, expected = 0.10925348452540312
where = 'capacity.jsonl batch 0 samples[6] (R801-5, V) value'

    def _number(actual, expected, where):
        assert isinstance(actual, (int, float)) and not isinstance(actual, bool), f"{where}: {actual!r} is not a number"
        bound = REL * abs(expected) if abs(expected) >= 1 else ABS
>       assert abs(actual - expected) <= bound, f"{where}: {actual!r}, expected {expected!r}"
E       AssertionError: capacity.jsonl batch 0 samples[6] (R801-5, V) value: 0.20864885811929523, expected 0.10925348452540312
E       assert 0.09939537359389211 <= 1e-06
E        +  where 0.09939537359389211 = abs((0.20864885811929523 - 0.10925348452540312))

/tests/test_outputs.py:105: AssertionError
==================================== PASSES ====================================
=========================== short test summary info ============================
PASSED ../../tests/test_outputs.py::test_calibration_line_has_fitted_intercept
PASSED ../../tests/test_outputs.py::test_single_blank_result_is_the_level
PASSED ../../tests/test_outputs.py::test_ccv_pass_on_rounded_recovery_inclusive
PASSED ../../tests/test_outputs.py::test_bracketed_runs_need_both_ccvs
PASSED ../../tests/test_outputs.py::test_unbracketed_runs_keep_shipped_check
PASSED ../../tests/test_outputs.py::test_driver_is_unchanged
PASSED ../../tests/test_outputs.py::test_candidate_cannot_read_expected_reports
PASSED ../../tests/test_outputs.py::test_candidate_cannot_read_verifier_logs
FAILED ../../tests/test_outputs.py::test_blank_level_is_mean_of_results_anywhere
FAILED ../../tests/test_outputs.py::test_nondetect_blanks_stay_out_of_the_mean
FAILED ../../tests/test_outputs.py::test_batch_without_blank_results_keeps_shipped_level
FAILED ../../tests/test_outputs.py::test_blank_comes_off_before_dilution - As...
FAILED ../../tests/test_outputs.py::test_flags_judged_on_corrected_reading - ...
FAILED ../../tests/test_outputs.py::test_flags_at_exact_mdl_and_loq - Asserti...
FAILED ../../tests/test_outputs.py::test_readings_below_nought_are_not_clamped
FAILED ../../tests/test_outputs.py::test_spike_recovery_of_results - Assertio...
FAILED ../../tests/test_outputs.py::test_nondetect_spikes_keep_shipped_recovery
FAILED ../../tests/test_outputs.py::test_report_order_and_types - AssertionEr...
FAILED ../../tests/test_outputs.py::test_generated_batches - AssertionError: ...
FAILED ../../tests/test_outputs.py::test_capacity_batch - AssertionError: cap...
========================= 12 failed, 8 passed in 0.62s =========================
