============================= test session starts ==============================
platform linux -- Python 3.13.12, pytest-9.1.1, pluggy-1.6.0
rootdir: /tests
plugins: json-ctrf-0.5.2
collected 20 items

../../tests/test_outputs.py F...F.FF.FFFFF.F....                         [100%]

=================================== FAILURES ===================================
__________________ test_calibration_line_has_fitted_intercept __________________

    def test_calibration_line_has_fitted_intercept():
>       check_family("calibration.jsonl")

/tests/test_outputs.py:134: 
_ _ _ _ _ _ _ _ _ _ _ _ _ _ _ _ _ _ _ _ _ _ _ _ _ _ _ _ _ _ _ _ _ _ _ _ _ _ _ _ 
/tests/test_outputs.py:130: in check_family
    compare(reduce(row["batch"]), row["report"], f"{name} batch {number}")
            ^^^^^^^^^^^^^^^^^^^^
_ _ _ _ _ _ _ _ _ _ _ _ _ _ _ _ _ _ _ _ _ _ _ _ _ _ _ _ _ _ _ _ _ _ _ _ _ _ _ _ 

batch = {'analytes': [{'name': 'Pb', 'mdl': 1.0, 'loq': 5.0}], 'standards': [{'conc': {'Pb': 0.0}, 'counts': {'Pb': 102400.0},...0}, 'is_counts': 1024.0, ...}, {'id': 'W-13', 'kind': 'sample', 'counts': {'Pb': 176640.0}, 'is_counts': 1024.0, ...}]}

    def reduce(batch):
        """Run the verifier-owned driver on one batch as the unprivileged user; return its parsed stdout."""
        stage = tempfile.mkdtemp()
        work = tempfile.mkdtemp()
        os.chmod(stage, 0o755)
        os.chmod(work, 0o777)
        path = os.path.join(stage, "batch.json")
        with open(path, "w", encoding="utf-8") as handle:
            json.dump(batch, handle)
        os.chmod(path, 0o644)
        remaining = DEADLINE - time.monotonic()
        assert remaining > 0, "verifier time budget exhausted"
        code, out, err = run_unprivileged(["python3", "-I", "-S", DRIVER, path], work, remaining)
>       assert code == 0, f"driver exited {code}: {err[-2000:]}"
E       AssertionError: driver exited 1: Traceback (most recent call last):
E           File "/opt/driver/tools/metalquant_run.py", line 24, in <module>
E             sys.exit(main(sys.argv))
E                      ~~~~^^^^^^^^^^
E           File "/opt/driver/tools/metalquant_run.py", line 18, in main
E             json.dump(reduce_batch(batch), sys.stdout)
E                       ~~~~~~~~~~~~^^^^^^^
E           File "/opt/driver/tools/../src/metalquant/report.py", line 40, in reduce_batch
E             value = samples.amount(readings[name][run["id"]], levels[name], run["dilution"])
E           File "/opt/driver/tools/../src/metalquant/samples.py", line 9, in amount
E             return (reading - level) * dilution
E                     ~~~~~~~~^~~~~~~
E         TypeError: unsupported operand type(s) for -: 'float' and 'NoneType'
E         
E       assert 1 == 0

/tests/test_outputs.py:98: AssertionError
_____________ test_batch_without_blank_results_keeps_shipped_level _____________

    def test_batch_without_blank_results_keeps_shipped_level():
>       check_family("blank_no_results.jsonl")

/tests/test_outputs.py:150: 
_ _ _ _ _ _ _ _ _ _ _ _ _ _ _ _ _ _ _ _ _ _ _ _ _ _ _ _ _ _ _ _ _ _ _ _ _ _ _ _ 
/tests/test_outputs.py:130: in check_family
    compare(reduce(row["batch"]), row["report"], f"{name} batch {number}")
            ^^^^^^^^^^^^^^^^^^^^
_ _ _ _ _ _ _ _ _ _ _ _ _ _ _ _ _ _ _ _ _ _ _ _ _ _ _ _ _ _ _ _ _ _ _ _ _ _ _ _ 

batch = {'analytes': [{'name': 'Pb', 'mdl': 1.0, 'loq': 5.0}], 'standards': [{'conc': {'Pb': 0.0}, 'counts': {'Pb': 102400.0},...is_counts': 1024.0}], 'runs': [{'id': 'W-61', 'kind': 'sample', 'counts': {'Pb': 168960.0}, 'is_counts': 1024.0, ...}]}

    def reduce(batch):
        """Run the verifier-owned driver on one batch as the unprivileged user; return its parsed stdout."""
        stage = tempfile.mkdtemp()
        work = tempfile.mkdtemp()
        os.chmod(stage, 0o755)
        os.chmod(work, 0o777)
        path = os.path.join(stage, "batch.json")
        with open(path, "w", encoding="utf-8") as handle:
            json.dump(batch, handle)
        os.chmod(path, 0o644)
        remaining = DEADLINE - time.monotonic()
        assert remaining > 0, "verifier time budget exhausted"
        code, out, err = run_unprivileged(["python3", "-I", "-S", DRIVER, path], work, remaining)
>       assert code == 0, f"driver exited {code}: {err[-2000:]}"
E       AssertionError: driver exited 1: Traceback (most recent call last):
E           File "/opt/driver/tools/metalquant_run.py", line 24, in <module>
E             sys.exit(main(sys.argv))
E                      ~~~~^^^^^^^^^^
E           File "/opt/driver/tools/metalquant_run.py", line 18, in main
E             json.dump(reduce_batch(batch), sys.stdout)
E                       ~~~~~~~~~~~~^^^^^^^
E           File "/opt/driver/tools/../src/metalquant/report.py", line 40, in reduce_batch
E             value = samples.amount(readings[name][run["id"]], levels[name], run["dilution"])
E           File "/opt/driver/tools/../src/metalquant/samples.py", line 9, in amount
E             return (reading - level) * dilution
E                     ~~~~~~~~^~~~~~~
E         TypeError: unsupported operand type(s) for -: 'float' and 'NoneType'
E         
E       assert 1 == 0

/tests/test_outputs.py:98: AssertionError
____________________ test_flags_judged_on_corrected_reading ____________________

    def test_flags_judged_on_corrected_reading():
>       check_family("flag_basis.jsonl")

/tests/test_outputs.py:158: 
_ _ _ _ _ _ _ _ _ _ _ _ _ _ _ _ _ _ _ _ _ _ _ _ _ _ _ _ _ _ _ _ _ _ _ _ _ _ _ _ 
/tests/test_outputs.py:130: in check_family
    compare(reduce(row["batch"]), row["report"], f"{name} batch {number}")
            ^^^^^^^^^^^^^^^^^^^^
_ _ _ _ _ _ _ _ _ _ _ _ _ _ _ _ _ _ _ _ _ _ _ _ _ _ _ _ _ _ _ _ _ _ _ _ _ _ _ _ 

batch = {'analytes': [{'name': 'Pb', 'mdl': 1.0, 'loq': 5.0}], 'standards': [{'conc': {'Pb': 0.0}, 'counts': {'Pb': 102400.0},...0}, 'is_counts': 1024.0, ...}, {'id': 'W-83', 'kind': 'sample', 'counts': {'Pb': 163840.0}, 'is_counts': 1024.0, ...}]}

    def reduce(batch):
        """Run the verifier-owned driver on one batch as the unprivileged user; return its parsed stdout."""
        stage = tempfile.mkdtemp()
        work = tempfile.mkdtemp()
        os.chmod(stage, 0o755)
        os.chmod(work, 0o777)
        path = os.path.join(stage, "batch.json")
        with open(path, "w", encoding="utf-8") as handle:
            json.dump(batch, handle)
        os.chmod(path, 0o644)
        remaining = DEADLINE - time.monotonic()
        assert remaining > 0, "verifier time budget exhausted"
        code, out, err = run_unprivileged(["python3", "-I", "-S", DRIVER, path], work, remaining)
>       assert code == 0, f"driver exited {code}: {err[-2000:]}"
E       AssertionError: driver exited 1: Traceback (most recent call last):
E           File "/opt/driver/tools/metalquant_run.py", line 24, in <module>
E             sys.exit(main(sys.argv))
E                      ~~~~^^^^^^^^^^
E           File "/opt/driver/tools/metalquant_run.py", line 18, in main
E             json.dump(reduce_batch(batch), sys.stdout)
E                       ~~~~~~~~~~~~^^^^^^^
E           File "/opt/driver/tools/../src/metalquant/report.py", line 40, in reduce_batch
E             value = samples.amount(readings[name][run["id"]], levels[name], run["dilution"])
E           File "/opt/driver/tools/../src/metalquant/samples.py", line 9, in amount
E             return (reading - level) * dilution
E                     ~~~~~~~~^~~~~~~
E         TypeError: unsupported operand type(s) for -: 'float' and 'NoneType'
E         
E       assert 1 == 0

/tests/test_outputs.py:98: AssertionError
_______________________ test_flags_at_exact_mdl_and_loq ________________________

    def test_flags_at_exact_mdl_and_loq():
>       check_family("flag_limits.jsonl")

/tests/test_outputs.py:162: 
_ _ _ _ _ _ _ _ _ _ _ _ _ _ _ _ _ _ _ _ _ _ _ _ _ _ _ _ _ _ _ _ _ _ _ _ _ _ _ _ 
/tests/test_outputs.py:130: in check_family
    compare(reduce(row["batch"]), row["report"], f"{name} batch {number}")
            ^^^^^^^^^^^^^^^^^^^^
_ _ _ _ _ _ _ _ _ _ _ _ _ _ _ _ _ _ _ _ _ _ _ _ _ _ _ _ _ _ _ _ _ _ _ _ _ _ _ _ 

batch = {'analytes': [{'name': 'Cd', 'mdl': 2.0, 'loq': 2.0}], 'standards': [{'conc': {'Cd': 0.0}, 'counts': {'Cd': 20480.0}, ....0}, 'is_counts': 1024.0, ...}, {'id': 'W-96', 'kind': 'sample', 'counts': {'Cd': 27648.0}, 'is_counts': 1024.0, ...}]}

    def reduce(batch):
        """Run the verifier-owned driver on one batch as the unprivileged user; return its parsed stdout."""
        stage = tempfile.mkdtemp()
        work = tempfile.mkdtemp()
        os.chmod(stage, 0o755)
        os.chmod(work, 0o777)
        path = os.path.join(stage, "batch.json")
        with open(path, "w", encoding="utf-8") as handle:
            json.dump(batch, handle)
        os.chmod(path, 0o644)
        remaining = DEADLINE - time.monotonic()
        assert remaining > 0, "verifier time budget exhausted"
        code, out, err = run_unprivileged(["python3", "-I", "-S", DRIVER, path], work, remaining)
>       assert code == 0, f"driver exited {code}: {err[-2000:]}"
E       AssertionError: driver exited 1: Traceback (most recent call last):
E           File "/opt/driver/tools/metalquant_run.py", line 24, in <module>
E             sys.exit(main(sys.argv))
E                      ~~~~^^^^^^^^^^
E           File "/opt/driver/tools/metalquant_run.py", line 18, in main
E             json.dump(reduce_batch(batch), sys.stdout)
E                       ~~~~~~~~~~~~^^^^^^^
E           File "/opt/driver/tools/../src/metalquant/report.py", line 40, in reduce_batch
E             value = samples.amount(readings[name][run["id"]], levels[name], run["dilution"])
E           File "/opt/driver/tools/../src/metalquant/samples.py", line 9, in amount
E             return (reading - level) * dilution
E                     ~~~~~~~~^~~~~~~
E         TypeError: unsupported operand type(s) for -: 'float' and 'NoneType'
E         
E       assert 1 == 0

/tests/test_outputs.py:98: AssertionError
_________________ test_ccv_pass_on_rounded_recovery_inclusive __________________

    def test_ccv_pass_on_rounded_recovery_inclusive():
>       check_family("ccv_limits.jsonl")

/tests/test_outputs.py:170: 
_ _ _ _ _ _ _ _ _ _ _ _ _ _ _ _ _ _ _ _ _ _ _ _ _ _ _ _ _ _ _ _ _ _ _ _ _ _ _ _ 
/tests/test_outputs.py:130: in check_family
    compare(reduce(row["batch"]), row["report"], f"{name} batch {number}")
/tests/test_outputs.py:113: in compare
    _number(levels[name], value, f"{label} blank_levels[{name}]")
_ _ _ _ _ _ _ _ _ _ _ _ _ _ _ _ _ _ _ _ _ _ _ _ _ _ _ _ _ _ _ _ _ _ _ _ _ _ _ _ 

actual = None, expected = 0.0
where = 'ccv_limits.jsonl batch 0 blank_levels[Pb]'

    def _number(actual, expected, where):
>       assert isinstance(actual, (int, float)) and not isinstance(actual, bool), f"{where}: {actual!r} is not a number"
E       AssertionError: ccv_limits.jsonl batch 0 blank_levels[Pb]: None is not a number
E       assert (False)
E        +  where False = isinstance(None, (<class 'int'>, <class 'float'>))

/tests/test_outputs.py:103: AssertionError
______________________ test_bracketed_runs_need_both_ccvs ______________________

    def test_bracketed_runs_need_both_ccvs():
>       check_family("ccv_bracketing.jsonl")

/tests/test_outputs.py:174: 
_ _ _ _ _ _ _ _ _ _ _ _ _ _ _ _ _ _ _ _ _ _ _ _ _ _ _ _ _ _ _ _ _ _ _ _ _ _ _ _ 
/tests/test_outputs.py:130: in check_family
    compare(reduce(row["batch"]), row["report"], f"{name} batch {number}")
            ^^^^^^^^^^^^^^^^^^^^
_ _ _ _ _ _ _ _ _ _ _ _ _ _ _ _ _ _ _ _ _ _ _ _ _ _ _ _ _ _ _ _ _ _ _ _ _ _ _ _ 

batch = {'analytes': [{'name': 'Pb', 'mdl': 1.0, 'loq': 5.0}], 'standards': [{'conc': {'Pb': 0.0}, 'counts': {'Pb': 102400.0},...dded': {'Pb': 10.0}, ...}, {'id': 'CCV-13', 'kind': 'ccv', 'counts': {'Pb': 624640.0}, 'is_counts': 1024.0, ...}, ...]}

    def reduce(batch):
        """Run the verifier-owned driver on one batch as the unprivileged user; return its parsed stdout."""
        stage = tempfile.mkdtemp()
        work = tempfile.mkdtemp()
        os.chmod(stage, 0o755)
        os.chmod(work, 0o777)
        path = os.path.join(stage, "batch.json")
        with open(path, "w", encoding="utf-8") as handle:
            json.dump(batch, handle)
        os.chmod(path, 0o644)
        remaining = DEADLINE - time.monotonic()
        assert remaining > 0, "verifier time budget exhausted"
        code, out, err = run_unprivileged(["python3", "-I", "-S", DRIVER, path], work, remaining)
>       assert code == 0, f"driver exited {code}: {err[-2000:]}"
E       AssertionError: driver exited 1: Traceback (most recent call last):
E           File "/opt/driver/tools/metalquant_run.py", line 24, in <module>
E             sys.exit(main(sys.argv))
E                      ~~~~^^^^^^^^^^
E           File "/opt/driver/tools/metalquant_run.py", line 18, in main
E             json.dump(reduce_batch(batch), sys.stdout)
E                       ~~~~~~~~~~~~^^^^^^^
E           File "/opt/driver/tools/../src/metalquant/report.py", line 40, in reduce_batch
E             value = samples.amount(readings[name][run["id"]], levels[name], run["dilution"])
E           File "/opt/driver/tools/../src/metalquant/samples.py", line 9, in amount
E             return (reading - level) * dilution
E                     ~~~~~~~~^~~~~~~
E         TypeError: unsupported operand type(s) for -: 'float' and 'NoneType'
E         
E       assert 1 == 0

/tests/test_outputs.py:98: AssertionError
___________________ test_unbracketed_runs_keep_shipped_check ___________________

    def test_unbracketed_runs_keep_shipped_check():
>       check_family("ccv_unbracketed.jsonl")

/tests/test_outputs.py:178: 
_ _ _ _ _ _ _ _ _ _ _ _ _ _ _ _ _ _ _ _ _ _ _ _ _ _ _ _ _ _ _ _ _ _ _ _ _ _ _ _ 
/tests/test_outputs.py:130: in check_family
    compare(reduce(row["batch"]), row["report"], f"{name} batch {number}")
            ^^^^^^^^^^^^^^^^^^^^
_ _ _ _ _ _ _ _ _ _ _ _ _ _ _ _ _ _ _ _ _ _ _ _ _ _ _ _ _ _ _ _ _ _ _ _ _ _ _ _ 

batch = {'analytes': [{'name': 'Pb', 'mdl': 1.0, 'loq': 5.0}], 'standards': [{'conc': {'Pb': 0.0}, 'counts': {'Pb': 102400.0},...}, 'is_counts': 1024.0, ...}, {'id': 'W-123', 'kind': 'sample', 'counts': {'Pb': 225280.0}, 'is_counts': 1024.0, ...}]}

    def reduce(batch):
        """Run the verifier-owned driver on one batch as the unprivileged user; return its parsed stdout."""
        stage = tempfile.mkdtemp()
        work = tempfile.mkdtemp()
        os.chmod(stage, 0o755)
        os.chmod(work, 0o777)
        path = os.path.join(stage, "batch.json")
        with open(path, "w", encoding="utf-8") as handle:
            json.dump(batch, handle)
        os.chmod(path, 0o644)
        remaining = DEADLINE - time.monotonic()
        assert remaining > 0, "verifier time budget exhausted"
        code, out, err = run_unprivileged(["python3", "-I", "-S", DRIVER, path], work, remaining)
>       assert code == 0, f"driver exited {code}: {err[-2000:]}"
E       AssertionError: driver exited 1: Traceback (most recent call last):
E           File "/opt/driver/tools/metalquant_run.py", line 24, in <module>
E             sys.exit(main(sys.argv))
E                      ~~~~^^^^^^^^^^
E           File "/opt/driver/tools/metalquant_run.py", line 18, in main
E             json.dump(reduce_batch(batch), sys.stdout)
E                       ~~~~~~~~~~~~^^^^^^^
E           File "/opt/driver/tools/../src/metalquant/report.py", line 40, in reduce_batch
E             value = samples.amount(readings[name][run["id"]], levels[name], run["dilution"])
E           File "/opt/driver/tools/../src/metalquant/samples.py", line 9, in amount
E             return (reading - level) * dilution
E                     ~~~~~~~~^~~~~~~
E         TypeError: unsupported operand type(s) for -: 'float' and 'NoneType'
E         
E       assert 1 == 0

/tests/test_outputs.py:98: AssertionError
________________________ test_spike_recovery_of_results ________________________

    def test_spike_recovery_of_results():
>       check_family("spike_recovery.jsonl")

/tests/test_outputs.py:182: 
_ _ _ _ _ _ _ _ _ _ _ _ _ _ _ _ _ _ _ _ _ _ _ _ _ _ _ _ _ _ _ _ _ _ _ _ _ _ _ _ 
/tests/test_outputs.py:130: in check_family
    compare(reduce(row["batch"]), row["report"], f"{name} batch {number}")
            ^^^^^^^^^^^^^^^^^^^^
_ _ _ _ _ _ _ _ _ _ _ _ _ _ _ _ _ _ _ _ _ _ _ _ _ _ _ _ _ _ _ _ _ _ _ _ _ _ _ _ 

batch = {'analytes': [{'name': 'Pb', 'mdl': 1.0, 'loq': 5.0}], 'standards': [{'conc': {'Pb': 0.0}, 'counts': {'Pb': 102400.0},...W-132', 'added': {'Pb': 10.0}, ...}, {'id': 'W-131T', 'kind': 'spike', 'parent': 'W-131', 'added': {'Pb': 15.0}, ...}]}

    def reduce(batch):
        """Run the verifier-owned driver on one batch as the unprivileged user; return its parsed stdout."""
        stage = tempfile.mkdtemp()
        work = tempfile.mkdtemp()
        os.chmod(stage, 0o755)
        os.chmod(work, 0o777)
        path = os.path.join(stage, "batch.json")
        with open(path, "w", encoding="utf-8") as handle:
            json.dump(batch, handle)
        os.chmod(path, 0o644)
        remaining = DEADLINE - time.monotonic()
        assert remaining > 0, "verifier time budget exhausted"
        code, out, err = run_unprivileged(["python3", "-I", "-S", DRIVER, path], work, remaining)
>       assert code == 0, f"driver exited {code}: {err[-2000:]}"
E       AssertionError: driver exited 1: Traceback (most recent call last):
E           File "/opt/driver/tools/metalquant_run.py", line 24, in <module>
E             sys.exit(main(sys.argv))
E                      ~~~~^^^^^^^^^^
E           File "/opt/driver/tools/metalquant_run.py", line 18, in main
E             json.dump(reduce_batch(batch), sys.stdout)
E                       ~~~~~~~~~~~~^^^^^^^
E           File "/opt/driver/tools/../src/metalquant/report.py", line 40, in reduce_batch
E             value = samples.amount(readings[name][run["id"]], levels[name], run["dilution"])
E           File "/opt/driver/tools/../src/metalquant/samples.py", line 9, in amount
E             return (reading - level) * dilution
E                     ~~~~~~~~^~~~~~~
E         TypeError: unsupported operand type(s) for -: 'float' and 'NoneType'
E         
E       assert 1 == 0

/tests/test_outputs.py:98: AssertionError
_________________ test_nondetect_spikes_keep_shipped_recovery __________________

    def test_nondetect_spikes_keep_shipped_recovery():
>       check_family("spike_nondetects.jsonl")

/tests/test_outputs.py:186: 
_ _ _ _ _ _ _ _ _ _ _ _ _ _ _ _ _ _ _ _ _ _ _ _ _ _ _ _ _ _ _ _ _ _ _ _ _ _ _ _ 
/tests/test_outputs.py:130: in check_family
    compare(reduce(row["batch"]), row["report"], f"{name} batch {number}")
            ^^^^^^^^^^^^^^^^^^^^
_ _ _ _ _ _ _ _ _ _ _ _ _ _ _ _ _ _ _ _ _ _ _ _ _ _ _ _ _ _ _ _ _ _ _ _ _ _ _ _ 

batch = {'analytes': [{'name': 'Pb', 'mdl': 1.0, 'loq': 5.0}], 'standards': [{'conc': {'Pb': 0.0}, 'counts': {'Pb': 102400.0},...'W-142', 'added': {'Pb': 40.0}, ...}, {'id': 'W-141T', 'kind': 'spike', 'parent': 'W-141', 'added': {'Pb': 5.0}, ...}]}

    def reduce(batch):
        """Run the verifier-owned driver on one batch as the unprivileged user; return its parsed stdout."""
        stage = tempfile.mkdtemp()
        work = tempfile.mkdtemp()
        os.chmod(stage, 0o755)
        os.chmod(work, 0o777)
        path = os.path.join(stage, "batch.json")
        with open(path, "w", encoding="utf-8") as handle:
            json.dump(batch, handle)
        os.chmod(path, 0o644)
        remaining = DEADLINE - time.monotonic()
        assert remaining > 0, "verifier time budget exhausted"
        code, out, err = run_unprivileged(["python3", "-I", "-S", DRIVER, path], work, remaining)
>       assert code == 0, f"driver exited {code}: {err[-2000:]}"
E       AssertionError: driver exited 1: Traceback (most recent call last):
E           File "/opt/driver/tools/metalquant_run.py", line 24, in <module>
E             sys.exit(main(sys.argv))
E                      ~~~~^^^^^^^^^^
E           File "/opt/driver/tools/metalquant_run.py", line 18, in main
E             json.dump(reduce_batch(batch), sys.stdout)
E                       ~~~~~~~~~~~~^^^^^^^
E           File "/opt/driver/tools/../src/metalquant/report.py", line 40, in reduce_batch
E             value = samples.amount(readings[name][run["id"]], levels[name], run["dilution"])
E           File "/opt/driver/tools/../src/metalquant/samples.py", line 9, in amount
E             return (reading - level) * dilution
E                     ~~~~~~~~^~~~~~~
E         TypeError: unsupported operand type(s) for -: 'float' and 'NoneType'
E         
E       assert 1 == 0

/tests/test_outputs.py:98: AssertionError
____________________________ test_generated_batches ____________________________

    def test_generated_batches():
>       check_family("generated-1.jsonl")

/tests/test_outputs.py:194: 
_ _ _ _ _ _ _ _ _ _ _ _ _ _ _ _ _ _ _ _ _ _ _ _ _ _ _ _ _ _ _ _ _ _ _ _ _ _ _ _ 
/tests/test_outputs.py:130: in check_family
    compare(reduce(row["batch"]), row["report"], f"{name} batch {number}")
/tests/test_outputs.py:113: in compare
    _number(levels[name], value, f"{label} blank_levels[{name}]")
_ _ _ _ _ _ _ _ _ _ _ _ _ _ _ _ _ _ _ _ _ _ _ _ _ _ _ _ _ _ _ _ _ _ _ _ _ _ _ _ 

actual = None, expected = 0.0
where = 'generated-1.jsonl batch 0 blank_levels[Pb]'

    def _number(actual, expected, where):
>       assert isinstance(actual, (int, float)) and not isinstance(actual, bool), f"{where}: {actual!r} is not a number"
E       AssertionError: generated-1.jsonl batch 0 blank_levels[Pb]: None is not a number
E       assert (False)
E        +  where False = isinstance(None, (<class 'int'>, <class 'float'>))

/tests/test_outputs.py:103: AssertionError
==================================== PASSES ====================================
=========================== short test summary info ============================
PASSED ../../tests/test_outputs.py::test_blank_level_is_mean_of_results_anywhere
PASSED ../../tests/test_outputs.py::test_nondetect_blanks_stay_out_of_the_mean
PASSED ../../tests/test_outputs.py::test_single_blank_result_is_the_level
PASSED ../../tests/test_outputs.py::test_blank_comes_off_before_dilution
PASSED ../../tests/test_outputs.py::test_readings_below_nought_are_not_clamped
PASSED ../../tests/test_outputs.py::test_report_order_and_types
PASSED ../../tests/test_outputs.py::test_capacity_batch
PASSED ../../tests/test_outputs.py::test_driver_is_unchanged
PASSED ../../tests/test_outputs.py::test_candidate_cannot_read_expected_reports
PASSED ../../tests/test_outputs.py::test_candidate_cannot_read_verifier_logs
FAILED ../../tests/test_outputs.py::test_calibration_line_has_fitted_intercept
FAILED ../../tests/test_outputs.py::test_batch_without_blank_results_keeps_shipped_level
FAILED ../../tests/test_outputs.py::test_flags_judged_on_corrected_reading - ...
FAILED ../../tests/test_outputs.py::test_flags_at_exact_mdl_and_loq - Asserti...
FAILED ../../tests/test_outputs.py::test_ccv_pass_on_rounded_recovery_inclusive
FAILED ../../tests/test_outputs.py::test_bracketed_runs_need_both_ccvs - Asse...
FAILED ../../tests/test_outputs.py::test_unbracketed_runs_keep_shipped_check
FAILED ../../tests/test_outputs.py::test_spike_recovery_of_results - Assertio...
FAILED ../../tests/test_outputs.py::test_nondetect_spikes_keep_shipped_recovery
FAILED ../../tests/test_outputs.py::test_generated_batches - AssertionError: ...
======================== 10 failed, 10 passed in 0.49s =========================
