============================= test session starts ==============================
platform linux -- Python 3.13.12, pytest-9.1.1, pluggy-1.6.0
rootdir: /tests
plugins: json-ctrf-0.5.2
collected 20 items

../../tests/test_outputs.py .....F.........FF...                         [100%]

=================================== FAILURES ===================================
_____________________ test_blank_comes_off_before_dilution _____________________

    def test_blank_comes_off_before_dilution():
>       check_family("dilution.jsonl")

/tests/test_outputs.py:154: 
_ _ _ _ _ _ _ _ _ _ _ _ _ _ _ _ _ _ _ _ _ _ _ _ _ _ _ _ _ _ _ _ _ _ _ _ _ _ _ _ 
/tests/test_outputs.py:130: in check_family
    compare(reduce(row["batch"]), row["report"], f"{name} batch {number}")
/tests/test_outputs.py:123: in compare
    _number(a, e, f"{where} {key}")
_ _ _ _ _ _ _ _ _ _ _ _ _ _ _ _ _ _ _ _ _ _ _ _ _ _ _ _ _ _ _ _ _ _ _ _ _ _ _ _ 

actual = 2500.0, expected = 5000.0
where = 'dilution.jsonl batch 0 samples[2] (W-73, Pb) value'

    def _number(actual, expected, where):
        assert isinstance(actual, (int, float)) and not isinstance(actual, bool), f"{where}: {actual!r} is not a number"
        bound = REL * abs(expected) if abs(expected) >= 1 else ABS
>       assert abs(actual - expected) <= bound, f"{where}: {actual!r}, expected {expected!r}"
E       AssertionError: dilution.jsonl batch 0 samples[2] (W-73, Pb) value: 2500.0, expected 5000.0
E       assert 2500.0 <= 0.005
E        +  where 2500.0 = abs((2500.0 - 5000.0))

/tests/test_outputs.py:105: AssertionError
____________________________ test_generated_batches ____________________________

    def test_generated_batches():
        check_family("generated-1.jsonl")
>       check_family("generated-2.jsonl")

/tests/test_outputs.py:195: 
_ _ _ _ _ _ _ _ _ _ _ _ _ _ _ _ _ _ _ _ _ _ _ _ _ _ _ _ _ _ _ _ _ _ _ _ _ _ _ _ 
/tests/test_outputs.py:130: in check_family
    compare(reduce(row["batch"]), row["report"], f"{name} batch {number}")
/tests/test_outputs.py:123: in compare
    _number(a, e, f"{where} {key}")
_ _ _ _ _ _ _ _ _ _ _ _ _ _ _ _ _ _ _ _ _ _ _ _ _ _ _ _ _ _ _ _ _ _ _ _ _ _ _ _ 

actual = 1257.770518160828, expected = 2515.541036321656
where = 'generated-2.jsonl batch 0 samples[10] (R780-6, Co) value'

    def _number(actual, expected, where):
        assert isinstance(actual, (int, float)) and not isinstance(actual, bool), f"{where}: {actual!r} is not a number"
        bound = REL * abs(expected) if abs(expected) >= 1 else ABS
>       assert abs(actual - expected) <= bound, f"{where}: {actual!r}, expected {expected!r}"
E       AssertionError: generated-2.jsonl batch 0 samples[10] (R780-6, Co) value: 1257.770518160828, expected 2515.541036321656
E       assert 1257.770518160828 <= 0.002515541036321656
E        +  where 1257.770518160828 = abs((1257.770518160828 - 2515.541036321656))

/tests/test_outputs.py:105: AssertionError
_____________________________ test_capacity_batch ______________________________

    def test_capacity_batch():
        rows = load("capacity.jsonl")
        batch = rows[0]["batch"]
        assert len(batch["runs"]) == 80 and len(batch["analytes"]) == 4 and len(batch["standards"]) == 8
>       check_family("capacity.jsonl")

/tests/test_outputs.py:202: 
_ _ _ _ _ _ _ _ _ _ _ _ _ _ _ _ _ _ _ _ _ _ _ _ _ _ _ _ _ _ _ _ _ _ _ _ _ _ _ _ 
/tests/test_outputs.py:130: in check_family
    compare(reduce(row["batch"]), row["report"], f"{name} batch {number}")
/tests/test_outputs.py:123: in compare
    _number(a, e, f"{where} {key}")
_ _ _ _ _ _ _ _ _ _ _ _ _ _ _ _ _ _ _ _ _ _ _ _ _ _ _ _ _ _ _ _ _ _ _ _ _ _ _ _ 

actual = 13.501179292416005, expected = 27.00235858483201
where = 'capacity.jsonl batch 0 samples[101] (R978-45, Ba) value'

    def _number(actual, expected, where):
        assert isinstance(actual, (int, float)) and not isinstance(actual, bool), f"{where}: {actual!r} is not a number"
        bound = REL * abs(expected) if abs(expected) >= 1 else ABS
>       assert abs(actual - expected) <= bound, f"{where}: {actual!r}, expected {expected!r}"
E       AssertionError: capacity.jsonl batch 0 samples[101] (R978-45, Ba) value: 13.501179292416005, expected 27.00235858483201
E       assert 13.501179292416005 <= 2.7002358584832007e-05
E        +  where 13.501179292416005 = abs((13.501179292416005 - 27.00235858483201))

/tests/test_outputs.py:105: AssertionError
==================================== PASSES ====================================
=========================== short test summary info ============================
PASSED ../../tests/test_outputs.py::test_calibration_line_has_fitted_intercept
PASSED ../../tests/test_outputs.py::test_blank_level_is_mean_of_results_anywhere
PASSED ../../tests/test_outputs.py::test_nondetect_blanks_stay_out_of_the_mean
PASSED ../../tests/test_outputs.py::test_single_blank_result_is_the_level
PASSED ../../tests/test_outputs.py::test_batch_without_blank_results_keeps_shipped_level
PASSED ../../tests/test_outputs.py::test_flags_judged_on_corrected_reading
PASSED ../../tests/test_outputs.py::test_flags_at_exact_mdl_and_loq
PASSED ../../tests/test_outputs.py::test_readings_below_nought_are_not_clamped
PASSED ../../tests/test_outputs.py::test_ccv_pass_on_rounded_recovery_inclusive
PASSED ../../tests/test_outputs.py::test_bracketed_runs_need_both_ccvs
PASSED ../../tests/test_outputs.py::test_unbracketed_runs_keep_shipped_check
PASSED ../../tests/test_outputs.py::test_spike_recovery_of_results
PASSED ../../tests/test_outputs.py::test_nondetect_spikes_keep_shipped_recovery
PASSED ../../tests/test_outputs.py::test_report_order_and_types
PASSED ../../tests/test_outputs.py::test_driver_is_unchanged
PASSED ../../tests/test_outputs.py::test_candidate_cannot_read_expected_reports
PASSED ../../tests/test_outputs.py::test_candidate_cannot_read_verifier_logs
FAILED ../../tests/test_outputs.py::test_blank_comes_off_before_dilution - As...
FAILED ../../tests/test_outputs.py::test_generated_batches - AssertionError: ...
FAILED ../../tests/test_outputs.py::test_capacity_batch - AssertionError: cap...
========================= 3 failed, 17 passed in 0.71s =========================
