============================= test session starts ==============================
platform linux -- Python 3.13.12, pytest-9.1.1, pluggy-1.6.0
rootdir: /tests
plugins: json-ctrf-0.5.2
collected 20 items

../../tests/test_outputs.py FFFFFFFFFFFFFFFFF...                         [100%]

=================================== FAILURES ===================================
__________________ test_calibration_line_has_fitted_intercept __________________

    def test_calibration_line_has_fitted_intercept():
>       check_family("calibration.jsonl")

/tests/test_outputs.py:134: 
_ _ _ _ _ _ _ _ _ _ _ _ _ _ _ _ _ _ _ _ _ _ _ _ _ _ _ _ _ _ _ _ _ _ _ _ _ _ _ _ 
/tests/test_outputs.py:130: in check_family
    compare(reduce(row["batch"]), row["report"], f"{name} batch {number}")
/tests/test_outputs.py:123: in compare
    _number(a, e, f"{where} {key}")
_ _ _ _ _ _ _ _ _ _ _ _ _ _ _ _ _ _ _ _ _ _ _ _ _ _ _ _ _ _ _ _ _ _ _ _ _ _ _ _ 

actual = 16.5, expected = 12.0
where = 'calibration.jsonl batch 0 samples[0] (W-11, Pb) value'

    def _number(actual, expected, where):
        assert isinstance(actual, (int, float)) and not isinstance(actual, bool), f"{where}: {actual!r} is not a number"
        bound = REL * abs(expected) if abs(expected) >= 1 else ABS
>       assert abs(actual - expected) <= bound, f"{where}: {actual!r}, expected {expected!r}"
E       AssertionError: calibration.jsonl batch 0 samples[0] (W-11, Pb) value: 16.5, expected 12.0
E       assert 4.5 <= 1.2e-05
E        +  where 4.5 = abs((16.5 - 12.0))

/tests/test_outputs.py:105: AssertionError
_________________ test_blank_level_is_mean_of_results_anywhere _________________

    def test_blank_level_is_mean_of_results_anywhere():
>       check_family("blank_mean.jsonl")

/tests/test_outputs.py:138: 
_ _ _ _ _ _ _ _ _ _ _ _ _ _ _ _ _ _ _ _ _ _ _ _ _ _ _ _ _ _ _ _ _ _ _ _ _ _ _ _ 
/tests/test_outputs.py:130: in check_family
    compare(reduce(row["batch"]), row["report"], f"{name} batch {number}")
/tests/test_outputs.py:113: in compare
    _number(levels[name], value, f"{label} blank_levels[{name}]")
_ _ _ _ _ _ _ _ _ _ _ _ _ _ _ _ _ _ _ _ _ _ _ _ _ _ _ _ _ _ _ _ _ _ _ _ _ _ _ _ 

actual = 10.125, expected = 3.5
where = 'blank_mean.jsonl batch 0 blank_levels[Pb]'

    def _number(actual, expected, where):
        assert isinstance(actual, (int, float)) and not isinstance(actual, bool), f"{where}: {actual!r} is not a number"
        bound = REL * abs(expected) if abs(expected) >= 1 else ABS
>       assert abs(actual - expected) <= bound, f"{where}: {actual!r}, expected {expected!r}"
E       AssertionError: blank_mean.jsonl batch 0 blank_levels[Pb]: 10.125, expected 3.5
E       assert 6.625 <= 3.5e-06
E        +  where 6.625 = abs((10.125 - 3.5))

/tests/test_outputs.py:105: AssertionError
__________________ test_nondetect_blanks_stay_out_of_the_mean __________________

    def test_nondetect_blanks_stay_out_of_the_mean():
>       check_family("blank_nondetects.jsonl")

/tests/test_outputs.py:142: 
_ _ _ _ _ _ _ _ _ _ _ _ _ _ _ _ _ _ _ _ _ _ _ _ _ _ _ _ _ _ _ _ _ _ _ _ _ _ _ _ 
/tests/test_outputs.py:130: in check_family
    compare(reduce(row["batch"]), row["report"], f"{name} batch {number}")
/tests/test_outputs.py:113: in compare
    _number(levels[name], value, f"{label} blank_levels[{name}]")
_ _ _ _ _ _ _ _ _ _ _ _ _ _ _ _ _ _ _ _ _ _ _ _ _ _ _ _ _ _ _ _ _ _ _ _ _ _ _ _ 

actual = 8.25, expected = 2.5
where = 'blank_nondetects.jsonl batch 0 blank_levels[Pb]'

    def _number(actual, expected, where):
        assert isinstance(actual, (int, float)) and not isinstance(actual, bool), f"{where}: {actual!r} is not a number"
        bound = REL * abs(expected) if abs(expected) >= 1 else ABS
>       assert abs(actual - expected) <= bound, f"{where}: {actual!r}, expected {expected!r}"
E       AssertionError: blank_nondetects.jsonl batch 0 blank_levels[Pb]: 8.25, expected 2.5
E       assert 5.75 <= 2.4999999999999998e-06
E        +  where 5.75 = abs((8.25 - 2.5))

/tests/test_outputs.py:105: AssertionError
____________________ test_single_blank_result_is_the_level _____________________

    def test_single_blank_result_is_the_level():
>       check_family("blank_single_result.jsonl")

/tests/test_outputs.py:146: 
_ _ _ _ _ _ _ _ _ _ _ _ _ _ _ _ _ _ _ _ _ _ _ _ _ _ _ _ _ _ _ _ _ _ _ _ _ _ _ _ 
/tests/test_outputs.py:130: in check_family
    compare(reduce(row["batch"]), row["report"], f"{name} batch {number}")
/tests/test_outputs.py:113: in compare
    _number(levels[name], value, f"{label} blank_levels[{name}]")
_ _ _ _ _ _ _ _ _ _ _ _ _ _ _ _ _ _ _ _ _ _ _ _ _ _ _ _ _ _ _ _ _ _ _ _ _ _ _ _ 

actual = 8.8125, expected = 3.0
where = 'blank_single_result.jsonl batch 0 blank_levels[Pb]'

    def _number(actual, expected, where):
        assert isinstance(actual, (int, float)) and not isinstance(actual, bool), f"{where}: {actual!r} is not a number"
        bound = REL * abs(expected) if abs(expected) >= 1 else ABS
>       assert abs(actual - expected) <= bound, f"{where}: {actual!r}, expected {expected!r}"
E       AssertionError: blank_single_result.jsonl batch 0 blank_levels[Pb]: 8.8125, expected 3.0
E       assert 5.8125 <= 3e-06
E        +  where 5.8125 = abs((8.8125 - 3.0))

/tests/test_outputs.py:105: AssertionError
_____________ test_batch_without_blank_results_keeps_shipped_level _____________

    def test_batch_without_blank_results_keeps_shipped_level():
>       check_family("blank_no_results.jsonl")

/tests/test_outputs.py:150: 
_ _ _ _ _ _ _ _ _ _ _ _ _ _ _ _ _ _ _ _ _ _ _ _ _ _ _ _ _ _ _ _ _ _ _ _ _ _ _ _ 
/tests/test_outputs.py:130: in check_family
    compare(reduce(row["batch"]), row["report"], f"{name} batch {number}")
/tests/test_outputs.py:123: in compare
    _number(a, e, f"{where} {key}")
_ _ _ _ _ _ _ _ _ _ _ _ _ _ _ _ _ _ _ _ _ _ _ _ _ _ _ _ _ _ _ _ _ _ _ _ _ _ _ _ 

actual = 24.75, expected = 13.0
where = 'blank_no_results.jsonl batch 0 samples[0] (W-61, Pb) value'

    def _number(actual, expected, where):
        assert isinstance(actual, (int, float)) and not isinstance(actual, bool), f"{where}: {actual!r} is not a number"
        bound = REL * abs(expected) if abs(expected) >= 1 else ABS
>       assert abs(actual - expected) <= bound, f"{where}: {actual!r}, expected {expected!r}"
E       AssertionError: blank_no_results.jsonl batch 0 samples[0] (W-61, Pb) value: 24.75, expected 13.0
E       assert 11.75 <= 1.3e-05
E        +  where 11.75 = abs((24.75 - 13.0))

/tests/test_outputs.py:105: AssertionError
_____________________ test_blank_comes_off_before_dilution _____________________

    def test_blank_comes_off_before_dilution():
>       check_family("dilution.jsonl")

/tests/test_outputs.py:154: 
_ _ _ _ _ _ _ _ _ _ _ _ _ _ _ _ _ _ _ _ _ _ _ _ _ _ _ _ _ _ _ _ _ _ _ _ _ _ _ _ 
/tests/test_outputs.py:130: in check_family
    compare(reduce(row["batch"]), row["report"], f"{name} batch {number}")
/tests/test_outputs.py:113: in compare
    _number(levels[name], value, f"{label} blank_levels[{name}]")
_ _ _ _ _ _ _ _ _ _ _ _ _ _ _ _ _ _ _ _ _ _ _ _ _ _ _ _ _ _ _ _ _ _ _ _ _ _ _ _ 

actual = 9.0, expected = 2.0, where = 'dilution.jsonl batch 0 blank_levels[Pb]'

    def _number(actual, expected, where):
        assert isinstance(actual, (int, float)) and not isinstance(actual, bool), f"{where}: {actual!r} is not a number"
        bound = REL * abs(expected) if abs(expected) >= 1 else ABS
>       assert abs(actual - expected) <= bound, f"{where}: {actual!r}, expected {expected!r}"
E       AssertionError: dilution.jsonl batch 0 blank_levels[Pb]: 9.0, expected 2.0
E       assert 7.0 <= 2e-06
E        +  where 7.0 = abs((9.0 - 2.0))

/tests/test_outputs.py:105: AssertionError
____________________ test_flags_judged_on_corrected_reading ____________________

    def test_flags_judged_on_corrected_reading():
>       check_family("flag_basis.jsonl")

/tests/test_outputs.py:158: 
_ _ _ _ _ _ _ _ _ _ _ _ _ _ _ _ _ _ _ _ _ _ _ _ _ _ _ _ _ _ _ _ _ _ _ _ _ _ _ _ 
/tests/test_outputs.py:130: in check_family
    compare(reduce(row["batch"]), row["report"], f"{name} batch {number}")
_ _ _ _ _ _ _ _ _ _ _ _ _ _ _ _ _ _ _ _ _ _ _ _ _ _ _ _ _ _ _ _ _ _ _ _ _ _ _ _ 

actual = {'blank_levels': {'Pb': 0.0}, 'samples': [{'id': 'W-81', 'analyte': 'Pb', 'value': 78.75, 'flag': '', ...}, {'id': 'W-...e': 39.0, 'flag': '', ...}, {'id': 'W-83', 'analyte': 'Pb', 'value': 36.0, 'flag': '', ...}], 'ccvs': [], 'spikes': []}
expected = {'blank_levels': {'Pb': 0.0}, 'samples': [{'id': 'W-81', 'analyte': 'Pb', 'value': None, 'flag': 'ND', ...}, {'id': 'W...': 12.0, 'flag': 'J', ...}, {'id': 'W-83', 'analyte': 'Pb', 'value': 18.0, 'flag': '', ...}], 'ccvs': [], 'spikes': []}
label = 'flag_basis.jsonl batch 0'

    def compare(actual, expected, label):
        assert isinstance(actual, dict) and set(actual) == TOP_KEYS, f"{label}: top-level keys {sorted(actual) if isinstance(actual, dict) else actual!r}"
        levels = actual["blank_levels"]
        assert isinstance(levels, dict) and set(levels) == set(expected["blank_levels"]), f"{label}: blank_levels keys"
        for name, value in expected["blank_levels"].items():
            _number(levels[name], value, f"{label} blank_levels[{name}]")
        for section, keys in ENTRY_KEYS.items():
            got, want = actual[section], expected[section]
            assert isinstance(got, list) and len(got) == len(want), f"{label}: {section} has {len(got) if isinstance(got, list) else got!r} entries, expected {len(want)}"
            for index, (entry, ref) in enumerate(zip(got, want)):
                where = f"{label} {section}[{index}] ({ref['id']}, {ref['analyte']})"
                assert isinstance(entry, dict) and set(entry) == set(keys), f"{where}: keys {entry!r}"
                for key in keys:
                    a, e = entry[key], ref[key]
                    if key in ("recovery",) or (key == "value" and e is not None):
                        _number(a, e, f"{where} {key}")
                    else:
>                       assert type(a) is type(e) and a == e, f"{where} {key}: {a!r}, expected {e!r}"
E                       AssertionError: flag_basis.jsonl batch 0 samples[0] (W-81, Pb) value: 78.75, expected None
E                       assert (<class 'float'> is <class 'NoneType'>)
E                        +  where <class 'float'> = type(78.75)
E                        +  and   <class 'NoneType'> = type(None)

/tests/test_outputs.py:125: AssertionError
_______________________ test_flags_at_exact_mdl_and_loq ________________________

    def test_flags_at_exact_mdl_and_loq():
>       check_family("flag_limits.jsonl")

/tests/test_outputs.py:162: 
_ _ _ _ _ _ _ _ _ _ _ _ _ _ _ _ _ _ _ _ _ _ _ _ _ _ _ _ _ _ _ _ _ _ _ _ _ _ _ _ 
/tests/test_outputs.py:130: in check_family
    compare(reduce(row["batch"]), row["report"], f"{name} batch {number}")
/tests/test_outputs.py:113: in compare
    _number(levels[name], value, f"{label} blank_levels[{name}]")
_ _ _ _ _ _ _ _ _ _ _ _ _ _ _ _ _ _ _ _ _ _ _ _ _ _ _ _ _ _ _ _ _ _ _ _ _ _ _ _ 

actual = 9.375, expected = 2.5
where = 'flag_limits.jsonl batch 0 blank_levels[Pb]'

    def _number(actual, expected, where):
        assert isinstance(actual, (int, float)) and not isinstance(actual, bool), f"{where}: {actual!r} is not a number"
        bound = REL * abs(expected) if abs(expected) >= 1 else ABS
>       assert abs(actual - expected) <= bound, f"{where}: {actual!r}, expected {expected!r}"
E       AssertionError: flag_limits.jsonl batch 0 blank_levels[Pb]: 9.375, expected 2.5
E       assert 6.875 <= 2.4999999999999998e-06
E        +  where 6.875 = abs((9.375 - 2.5))

/tests/test_outputs.py:105: AssertionError
__________________ test_readings_below_nought_are_not_clamped __________________

    def test_readings_below_nought_are_not_clamped():
>       check_family("negative_readings.jsonl")

/tests/test_outputs.py:166: 
_ _ _ _ _ _ _ _ _ _ _ _ _ _ _ _ _ _ _ _ _ _ _ _ _ _ _ _ _ _ _ _ _ _ _ _ _ _ _ _ 
/tests/test_outputs.py:130: in check_family
    compare(reduce(row["batch"]), row["report"], f"{name} batch {number}")
/tests/test_outputs.py:113: in compare
    _number(levels[name], value, f"{label} blank_levels[{name}]")
_ _ _ _ _ _ _ _ _ _ _ _ _ _ _ _ _ _ _ _ _ _ _ _ _ _ _ _ _ _ _ _ _ _ _ _ _ _ _ _ 

actual = 6.75, expected = -1.0
where = 'negative_readings.jsonl batch 0 blank_levels[Pb]'

    def _number(actual, expected, where):
        assert isinstance(actual, (int, float)) and not isinstance(actual, bool), f"{where}: {actual!r} is not a number"
        bound = REL * abs(expected) if abs(expected) >= 1 else ABS
>       assert abs(actual - expected) <= bound, f"{where}: {actual!r}, expected {expected!r}"
E       AssertionError: negative_readings.jsonl batch 0 blank_levels[Pb]: 6.75, expected -1.0
E       assert 7.75 <= 1e-06
E        +  where 7.75 = abs((6.75 - -1.0))

/tests/test_outputs.py:105: AssertionError
_________________ test_ccv_pass_on_rounded_recovery_inclusive __________________

    def test_ccv_pass_on_rounded_recovery_inclusive():
>       check_family("ccv_limits.jsonl")

/tests/test_outputs.py:170: 
_ _ _ _ _ _ _ _ _ _ _ _ _ _ _ _ _ _ _ _ _ _ _ _ _ _ _ _ _ _ _ _ _ _ _ _ _ _ _ _ 
/tests/test_outputs.py:130: in check_family
    compare(reduce(row["batch"]), row["report"], f"{name} batch {number}")
/tests/test_outputs.py:123: in compare
    _number(a, e, f"{where} {key}")
_ _ _ _ _ _ _ _ _ _ _ _ _ _ _ _ _ _ _ _ _ _ _ _ _ _ _ _ _ _ _ _ _ _ _ _ _ _ _ _ 

actual = 82.5, expected = 90.0
where = 'ccv_limits.jsonl batch 0 ccvs[0] (CCV-1, Pb) recovery'

    def _number(actual, expected, where):
        assert isinstance(actual, (int, float)) and not isinstance(actual, bool), f"{where}: {actual!r} is not a number"
        bound = REL * abs(expected) if abs(expected) >= 1 else ABS
>       assert abs(actual - expected) <= bound, f"{where}: {actual!r}, expected {expected!r}"
E       AssertionError: ccv_limits.jsonl batch 0 ccvs[0] (CCV-1, Pb) recovery: 82.5, expected 90.0
E       assert 7.5 <= 8.999999999999999e-05
E        +  where 7.5 = abs((82.5 - 90.0))

/tests/test_outputs.py:105: AssertionError
______________________ test_bracketed_runs_need_both_ccvs ______________________

    def test_bracketed_runs_need_both_ccvs():
>       check_family("ccv_bracketing.jsonl")

/tests/test_outputs.py:174: 
_ _ _ _ _ _ _ _ _ _ _ _ _ _ _ _ _ _ _ _ _ _ _ _ _ _ _ _ _ _ _ _ _ _ _ _ _ _ _ _ 
/tests/test_outputs.py:130: in check_family
    compare(reduce(row["batch"]), row["report"], f"{name} batch {number}")
/tests/test_outputs.py:123: in compare
    _number(a, e, f"{where} {key}")
_ _ _ _ _ _ _ _ _ _ _ _ _ _ _ _ _ _ _ _ _ _ _ _ _ _ _ _ _ _ _ _ _ _ _ _ _ _ _ _ 

actual = 16.5, expected = 12.0
where = 'ccv_bracketing.jsonl batch 0 samples[0] (W-111, Pb) value'

    def _number(actual, expected, where):
        assert isinstance(actual, (int, float)) and not isinstance(actual, bool), f"{where}: {actual!r} is not a number"
        bound = REL * abs(expected) if abs(expected) >= 1 else ABS
>       assert abs(actual - expected) <= bound, f"{where}: {actual!r}, expected {expected!r}"
E       AssertionError: ccv_bracketing.jsonl batch 0 samples[0] (W-111, Pb) value: 16.5, expected 12.0
E       assert 4.5 <= 1.2e-05
E        +  where 4.5 = abs((16.5 - 12.0))

/tests/test_outputs.py:105: AssertionError
___________________ test_unbracketed_runs_keep_shipped_check ___________________

    def test_unbracketed_runs_keep_shipped_check():
>       check_family("ccv_unbracketed.jsonl")

/tests/test_outputs.py:178: 
_ _ _ _ _ _ _ _ _ _ _ _ _ _ _ _ _ _ _ _ _ _ _ _ _ _ _ _ _ _ _ _ _ _ _ _ _ _ _ _ 
/tests/test_outputs.py:130: in check_family
    compare(reduce(row["batch"]), row["report"], f"{name} batch {number}")
/tests/test_outputs.py:123: in compare
    _number(a, e, f"{where} {key}")
_ _ _ _ _ _ _ _ _ _ _ _ _ _ _ _ _ _ _ _ _ _ _ _ _ _ _ _ _ _ _ _ _ _ _ _ _ _ _ _ 

actual = 16.5, expected = 12.0
where = 'ccv_unbracketed.jsonl batch 0 samples[0] (W-121, Pb) value'

    def _number(actual, expected, where):
        assert isinstance(actual, (int, float)) and not isinstance(actual, bool), f"{where}: {actual!r} is not a number"
        bound = REL * abs(expected) if abs(expected) >= 1 else ABS
>       assert abs(actual - expected) <= bound, f"{where}: {actual!r}, expected {expected!r}"
E       AssertionError: ccv_unbracketed.jsonl batch 0 samples[0] (W-121, Pb) value: 16.5, expected 12.0
E       assert 4.5 <= 1.2e-05
E        +  where 4.5 = abs((16.5 - 12.0))

/tests/test_outputs.py:105: AssertionError
________________________ test_spike_recovery_of_results ________________________

    def test_spike_recovery_of_results():
>       check_family("spike_recovery.jsonl")

/tests/test_outputs.py:182: 
_ _ _ _ _ _ _ _ _ _ _ _ _ _ _ _ _ _ _ _ _ _ _ _ _ _ _ _ _ _ _ _ _ _ _ _ _ _ _ _ 
/tests/test_outputs.py:130: in check_family
    compare(reduce(row["batch"]), row["report"], f"{name} batch {number}")
/tests/test_outputs.py:123: in compare
    _number(a, e, f"{where} {key}")
_ _ _ _ _ _ _ _ _ _ _ _ _ _ _ _ _ _ _ _ _ _ _ _ _ _ _ _ _ _ _ _ _ _ _ _ _ _ _ _ 

actual = 30.0, expected = 20.0
where = 'spike_recovery.jsonl batch 0 samples[0] (W-131, Pb) value'

    def _number(actual, expected, where):
        assert isinstance(actual, (int, float)) and not isinstance(actual, bool), f"{where}: {actual!r} is not a number"
        bound = REL * abs(expected) if abs(expected) >= 1 else ABS
>       assert abs(actual - expected) <= bound, f"{where}: {actual!r}, expected {expected!r}"
E       AssertionError: spike_recovery.jsonl batch 0 samples[0] (W-131, Pb) value: 30.0, expected 20.0
E       assert 10.0 <= 1.9999999999999998e-05
E        +  where 10.0 = abs((30.0 - 20.0))

/tests/test_outputs.py:105: AssertionError
_________________ test_nondetect_spikes_keep_shipped_recovery __________________

    def test_nondetect_spikes_keep_shipped_recovery():
>       check_family("spike_nondetects.jsonl")

/tests/test_outputs.py:186: 
_ _ _ _ _ _ _ _ _ _ _ _ _ _ _ _ _ _ _ _ _ _ _ _ _ _ _ _ _ _ _ _ _ _ _ _ _ _ _ _ 
/tests/test_outputs.py:130: in check_family
    compare(reduce(row["batch"]), row["report"], f"{name} batch {number}")
_ _ _ _ _ _ _ _ _ _ _ _ _ _ _ _ _ _ _ _ _ _ _ _ _ _ _ _ _ _ _ _ _ _ _ _ _ _ _ _ 

actual = {'blank_levels': {'Pb': 0.0}, 'samples': [{'id': 'W-141', 'analyte': 'Pb', 'value': 15.75, 'flag': '', ...}, {'id': 'W... 'W-142S', 'analyte': 'Pb', 'recovery': -17.34375}, {'id': 'W-141T', 'analyte': 'Pb', 'recovery': 254.99999999999997}]}
expected = {'blank_levels': {'Pb': 0.0}, 'samples': [{'id': 'W-141', 'analyte': 'Pb', 'value': None, 'flag': 'ND', ...}, {'id': '...d': 'W-142S', 'analyte': 'Pb', 'recovery': -16.041666666666668}, {'id': 'W-141T', 'analyte': 'Pb', 'recovery': -15.0}]}
label = 'spike_nondetects.jsonl batch 0'

    def compare(actual, expected, label):
        assert isinstance(actual, dict) and set(actual) == TOP_KEYS, f"{label}: top-level keys {sorted(actual) if isinstance(actual, dict) else actual!r}"
        levels = actual["blank_levels"]
        assert isinstance(levels, dict) and set(levels) == set(expected["blank_levels"]), f"{label}: blank_levels keys"
        for name, value in expected["blank_levels"].items():
            _number(levels[name], value, f"{label} blank_levels[{name}]")
        for section, keys in ENTRY_KEYS.items():
            got, want = actual[section], expected[section]
            assert isinstance(got, list) and len(got) == len(want), f"{label}: {section} has {len(got) if isinstance(got, list) else got!r} entries, expected {len(want)}"
            for index, (entry, ref) in enumerate(zip(got, want)):
                where = f"{label} {section}[{index}] ({ref['id']}, {ref['analyte']})"
                assert isinstance(entry, dict) and set(entry) == set(keys), f"{where}: keys {entry!r}"
                for key in keys:
                    a, e = entry[key], ref[key]
                    if key in ("recovery",) or (key == "value" and e is not None):
                        _number(a, e, f"{where} {key}")
                    else:
>                       assert type(a) is type(e) and a == e, f"{where} {key}: {a!r}, expected {e!r}"
E                       AssertionError: spike_nondetects.jsonl batch 0 samples[0] (W-141, Pb) value: 15.75, expected None
E                       assert (<class 'float'> is <class 'NoneType'>)
E                        +  where <class 'float'> = type(15.75)
E                        +  and   <class 'NoneType'> = type(None)

/tests/test_outputs.py:125: AssertionError
_________________________ test_report_order_and_types __________________________

    def test_report_order_and_types():
>       check_family("report_order.jsonl")

/tests/test_outputs.py:190: 
_ _ _ _ _ _ _ _ _ _ _ _ _ _ _ _ _ _ _ _ _ _ _ _ _ _ _ _ _ _ _ _ _ _ _ _ _ _ _ _ 
/tests/test_outputs.py:130: in check_family
    compare(reduce(row["batch"]), row["report"], f"{name} batch {number}")
/tests/test_outputs.py:113: in compare
    _number(levels[name], value, f"{label} blank_levels[{name}]")
_ _ _ _ _ _ _ _ _ _ _ _ _ _ _ _ _ _ _ _ _ _ _ _ _ _ _ _ _ _ _ _ _ _ _ _ _ _ _ _ 

actual = 4.080882352941177, expected = 0.625
where = 'report_order.jsonl batch 0 blank_levels[Tl]'

    def _number(actual, expected, where):
        assert isinstance(actual, (int, float)) and not isinstance(actual, bool), f"{where}: {actual!r} is not a number"
        bound = REL * abs(expected) if abs(expected) >= 1 else ABS
>       assert abs(actual - expected) <= bound, f"{where}: {actual!r}, expected {expected!r}"
E       AssertionError: report_order.jsonl batch 0 blank_levels[Tl]: 4.080882352941177, expected 0.625
E       assert 3.4558823529411766 <= 1e-06
E        +  where 3.4558823529411766 = abs((4.080882352941177 - 0.625))

/tests/test_outputs.py:105: AssertionError
____________________________ test_generated_batches ____________________________

    def test_generated_batches():
>       check_family("generated-1.jsonl")

/tests/test_outputs.py:194: 
_ _ _ _ _ _ _ _ _ _ _ _ _ _ _ _ _ _ _ _ _ _ _ _ _ _ _ _ _ _ _ _ _ _ _ _ _ _ _ _ 
/tests/test_outputs.py:130: in check_family
    compare(reduce(row["batch"]), row["report"], f"{name} batch {number}")
/tests/test_outputs.py:123: in compare
    _number(a, e, f"{where} {key}")
_ _ _ _ _ _ _ _ _ _ _ _ _ _ _ _ _ _ _ _ _ _ _ _ _ _ _ _ _ _ _ _ _ _ _ _ _ _ _ _ 

actual = 109.70745911828634, expected = 110.03000581379206
where = 'generated-1.jsonl batch 0 ccvs[0] (R282-0, Pb) recovery'

    def _number(actual, expected, where):
        assert isinstance(actual, (int, float)) and not isinstance(actual, bool), f"{where}: {actual!r} is not a number"
        bound = REL * abs(expected) if abs(expected) >= 1 else ABS
>       assert abs(actual - expected) <= bound, f"{where}: {actual!r}, expected {expected!r}"
E       AssertionError: generated-1.jsonl batch 0 ccvs[0] (R282-0, Pb) recovery: 109.70745911828634, expected 110.03000581379206
E       assert 0.32254669550572146 <= 0.00011003000581379205
E        +  where 0.32254669550572146 = abs((109.70745911828634 - 110.03000581379206))

/tests/test_outputs.py:105: AssertionError
_____________________________ test_capacity_batch ______________________________

    def test_capacity_batch():
        rows = load("capacity.jsonl")
        batch = rows[0]["batch"]
        assert len(batch["runs"]) == 80 and len(batch["analytes"]) == 4 and len(batch["standards"]) == 8
>       check_family("capacity.jsonl")

/tests/test_outputs.py:202: 
_ _ _ _ _ _ _ _ _ _ _ _ _ _ _ _ _ _ _ _ _ _ _ _ _ _ _ _ _ _ _ _ _ _ _ _ _ _ _ _ 
/tests/test_outputs.py:130: in check_family
    compare(reduce(row["batch"]), row["report"], f"{name} batch {number}")
/tests/test_outputs.py:113: in compare
    _number(levels[name], value, f"{label} blank_levels[{name}]")
_ _ _ _ _ _ _ _ _ _ _ _ _ _ _ _ _ _ _ _ _ _ _ _ _ _ _ _ _ _ _ _ _ _ _ _ _ _ _ _ 

actual = 1.4494917956185986, expected = 1.3978274605455168
where = 'capacity.jsonl batch 0 blank_levels[Mo]'

    def _number(actual, expected, where):
        assert isinstance(actual, (int, float)) and not isinstance(actual, bool), f"{where}: {actual!r} is not a number"
        bound = REL * abs(expected) if abs(expected) >= 1 else ABS
>       assert abs(actual - expected) <= bound, f"{where}: {actual!r}, expected {expected!r}"
E       AssertionError: capacity.jsonl batch 0 blank_levels[Mo]: 1.4494917956185986, expected 1.3978274605455168
E       assert 0.05166433507308188 <= 1.3978274605455166e-06
E        +  where 0.05166433507308188 = abs((1.4494917956185986 - 1.3978274605455168))

/tests/test_outputs.py:105: AssertionError
==================================== PASSES ====================================
=========================== short test summary info ============================
PASSED ../../tests/test_outputs.py::test_driver_is_unchanged
PASSED ../../tests/test_outputs.py::test_candidate_cannot_read_expected_reports
PASSED ../../tests/test_outputs.py::test_candidate_cannot_read_verifier_logs
FAILED ../../tests/test_outputs.py::test_calibration_line_has_fitted_intercept
FAILED ../../tests/test_outputs.py::test_blank_level_is_mean_of_results_anywhere
FAILED ../../tests/test_outputs.py::test_nondetect_blanks_stay_out_of_the_mean
FAILED ../../tests/test_outputs.py::test_single_blank_result_is_the_level - A...
FAILED ../../tests/test_outputs.py::test_batch_without_blank_results_keeps_shipped_level
FAILED ../../tests/test_outputs.py::test_blank_comes_off_before_dilution - As...
FAILED ../../tests/test_outputs.py::test_flags_judged_on_corrected_reading - ...
FAILED ../../tests/test_outputs.py::test_flags_at_exact_mdl_and_loq - Asserti...
FAILED ../../tests/test_outputs.py::test_readings_below_nought_are_not_clamped
FAILED ../../tests/test_outputs.py::test_ccv_pass_on_rounded_recovery_inclusive
FAILED ../../tests/test_outputs.py::test_bracketed_runs_need_both_ccvs - Asse...
FAILED ../../tests/test_outputs.py::test_unbracketed_runs_keep_shipped_check
FAILED ../../tests/test_outputs.py::test_spike_recovery_of_results - Assertio...
FAILED ../../tests/test_outputs.py::test_nondetect_spikes_keep_shipped_recovery
FAILED ../../tests/test_outputs.py::test_report_order_and_types - AssertionEr...
FAILED ../../tests/test_outputs.py::test_generated_batches - AssertionError: ...
FAILED ../../tests/test_outputs.py::test_capacity_batch - AssertionError: cap...
========================= 17 failed, 3 passed in 0.42s =========================
