============================= test session starts ==============================
platform linux -- Python 3.13.12, pytest-9.1.1, pluggy-1.6.0
rootdir: /tests
plugins: json-ctrf-0.5.2
collected 21 items

../../tests/test_outputs.py .F...................                        [100%]

=================================== FAILURES ===================================
_________________ test_blank_level_is_mean_of_results_anywhere _________________

    def test_blank_level_is_mean_of_results_anywhere():
>       check_family("blank_mean.jsonl")

/tests/test_outputs.py:155: 
_ _ _ _ _ _ _ _ _ _ _ _ _ _ _ _ _ _ _ _ _ _ _ _ _ _ _ _ _ _ _ _ _ _ _ _ _ _ _ _ 
/tests/test_outputs.py:147: in check_family
    compare(reduce(row["batch"]), row["report"], f"{name} batch {number}")
/tests/test_outputs.py:130: in compare
    _number(levels[name], value, f"{label} blank_levels[{name}]")
_ _ _ _ _ _ _ _ _ _ _ _ _ _ _ _ _ _ _ _ _ _ _ _ _ _ _ _ _ _ _ _ _ _ _ _ _ _ _ _ 

actual = 0.0, expected = 3.25
where = 'blank_mean.jsonl batch 2 blank_levels[Pb]'

    def _number(actual, expected, where):
        assert isinstance(actual, (int, float)) and not isinstance(actual, bool), f"{where}: {actual!r} is not a number"
        bound = REL * abs(expected) if abs(expected) >= 1 else ABS
>       assert abs(actual - expected) <= bound, f"{where}: {actual!r}, expected {expected!r}"
E       AssertionError: blank_mean.jsonl batch 2 blank_levels[Pb]: 0.0, expected 3.25
E       assert 3.25 <= 3.25e-06
E        +  where 3.25 = abs((0.0 - 3.25))

/tests/test_outputs.py:122: AssertionError
==================================== PASSES ====================================
=========================== short test summary info ============================
PASSED ../../tests/test_outputs.py::test_calibration_line_has_fitted_intercept
PASSED ../../tests/test_outputs.py::test_nondetect_blanks_stay_out_of_the_mean
PASSED ../../tests/test_outputs.py::test_single_blank_result_is_the_level
PASSED ../../tests/test_outputs.py::test_batch_without_blank_results_keeps_shipped_level
PASSED ../../tests/test_outputs.py::test_blank_comes_off_before_dilution
PASSED ../../tests/test_outputs.py::test_flags_judged_on_corrected_reading
PASSED ../../tests/test_outputs.py::test_flags_just_either_side_of_mdl_and_loq
PASSED ../../tests/test_outputs.py::test_readings_below_nought_are_not_clamped
PASSED ../../tests/test_outputs.py::test_ccv_pass_on_rounded_recovery_inclusive
PASSED ../../tests/test_outputs.py::test_bracketed_runs_need_both_ccvs
PASSED ../../tests/test_outputs.py::test_unbracketed_runs_keep_shipped_check
PASSED ../../tests/test_outputs.py::test_spike_recovery_of_results
PASSED ../../tests/test_outputs.py::test_nondetect_spikes_keep_shipped_recovery
PASSED ../../tests/test_outputs.py::test_section_one_limits_reached
PASSED ../../tests/test_outputs.py::test_report_order_and_types
PASSED ../../tests/test_outputs.py::test_generated_batches
PASSED ../../tests/test_outputs.py::test_capacity_batch
PASSED ../../tests/test_outputs.py::test_driver_is_unchanged
PASSED ../../tests/test_outputs.py::test_candidate_cannot_read_expected_reports
PASSED ../../tests/test_outputs.py::test_candidate_cannot_read_verifier_logs
FAILED ../../tests/test_outputs.py::test_blank_level_is_mean_of_results_anywhere
========================= 1 failed, 20 passed in 1.02s =========================
