============================= test session starts ==============================
platform linux -- Python 3.13.12, pytest-9.1.1, pluggy-1.6.0
rootdir: /tests
plugins: json-ctrf-0.5.2
collected 20 items

../../tests/test_outputs.py FFFFFFFFF..FFFFF....                         [100%]

=================================== FAILURES ===================================
__________________ test_calibration_line_has_fitted_intercept __________________

    def test_calibration_line_has_fitted_intercept():
>       check_family("calibration.jsonl")

/tests/test_outputs.py:134: 
_ _ _ _ _ _ _ _ _ _ _ _ _ _ _ _ _ _ _ _ _ _ _ _ _ _ _ _ _ _ _ _ _ _ _ _ _ _ _ _ 
/tests/test_outputs.py:130: in check_family
    compare(reduce(row["batch"]), row["report"], f"{name} batch {number}")
_ _ _ _ _ _ _ _ _ _ _ _ _ _ _ _ _ _ _ _ _ _ _ _ _ _ _ _ _ _ _ _ _ _ _ _ _ _ _ _ 

actual = {'blank_levels': {'Pb': 0.0}, 'samples': [{'id': 'W-11', 'analyte': 'Pb', 'value': 12.0, 'flag': '', ...}, {'id': 'W-1...': 91.5, 'flag': '', ...}, {'id': 'W-13', 'analyte': 'Pb', 'value': 145.0, 'flag': '', ...}], 'ccvs': [], 'spikes': []}
expected = {'blank_levels': {'Pb': 0.0}, 'samples': [{'id': 'W-11', 'analyte': 'Pb', 'value': 12.0, 'flag': '', ...}, {'id': 'W-1...': 91.5, 'flag': '', ...}, {'id': 'W-13', 'analyte': 'Pb', 'value': 145.0, 'flag': '', ...}], 'ccvs': [], 'spikes': []}
label = 'calibration.jsonl batch 0'

    def compare(actual, expected, label):
        assert isinstance(actual, dict) and set(actual) == TOP_KEYS, f"{label}: top-level keys {sorted(actual) if isinstance(actual, dict) else actual!r}"
        levels = actual["blank_levels"]
        assert isinstance(levels, dict) and set(levels) == set(expected["blank_levels"]), f"{label}: blank_levels keys"
        for name, value in expected["blank_levels"].items():
            _number(levels[name], value, f"{label} blank_levels[{name}]")
        for section, keys in ENTRY_KEYS.items():
            got, want = actual[section], expected[section]
            assert isinstance(got, list) and len(got) == len(want), f"{label}: {section} has {len(got) if isinstance(got, list) else got!r} entries, expected {len(want)}"
            for index, (entry, ref) in enumerate(zip(got, want)):
                where = f"{label} {section}[{index}] ({ref['id']}, {ref['analyte']})"
                assert isinstance(entry, dict) and set(entry) == set(keys), f"{where}: keys {entry!r}"
                for key in keys:
                    a, e = entry[key], ref[key]
                    if key in ("recovery",) or (key == "value" and e is not None):
                        _number(a, e, f"{where} {key}")
                    else:
>                       assert type(a) is type(e) and a == e, f"{where} {key}: {a!r}, expected {e!r}"
E                       AssertionError: calibration.jsonl batch 0 samples[0] (W-11, Pb) ccv_ok: False, expected True
E                       assert (<class 'bool'> is <class 'bool'> and False == True)
E                        +  where <class 'bool'> = type(False)
E                        +  and   <class 'bool'> = type(True)

/tests/test_outputs.py:125: AssertionError
_________________ test_blank_level_is_mean_of_results_anywhere _________________

    def test_blank_level_is_mean_of_results_anywhere():
>       check_family("blank_mean.jsonl")

/tests/test_outputs.py:138: 
_ _ _ _ _ _ _ _ _ _ _ _ _ _ _ _ _ _ _ _ _ _ _ _ _ _ _ _ _ _ _ _ _ _ _ _ _ _ _ _ 
/tests/test_outputs.py:130: in check_family
    compare(reduce(row["batch"]), row["report"], f"{name} batch {number}")
_ _ _ _ _ _ _ _ _ _ _ _ _ _ _ _ _ _ _ _ _ _ _ _ _ _ _ _ _ _ _ _ _ _ _ _ _ _ _ _ 

actual = {'blank_levels': {'Pb': 3.5}, 'samples': [{'id': 'W-31', 'analyte': 'Pb', 'value': 9.5, 'flag': '', ...}, {'id': 'W-32', 'analyte': 'Pb', 'value': 10.0, 'flag': '', ...}], 'ccvs': [], 'spikes': []}
expected = {'blank_levels': {'Pb': 3.5}, 'samples': [{'id': 'W-31', 'analyte': 'Pb', 'value': 9.5, 'flag': '', ...}, {'id': 'W-32', 'analyte': 'Pb', 'value': 10.0, 'flag': '', ...}], 'ccvs': [], 'spikes': []}
label = 'blank_mean.jsonl batch 0'

    def compare(actual, expected, label):
        assert isinstance(actual, dict) and set(actual) == TOP_KEYS, f"{label}: top-level keys {sorted(actual) if isinstance(actual, dict) else actual!r}"
        levels = actual["blank_levels"]
        assert isinstance(levels, dict) and set(levels) == set(expected["blank_levels"]), f"{label}: blank_levels keys"
        for name, value in expected["blank_levels"].items():
            _number(levels[name], value, f"{label} blank_levels[{name}]")
        for section, keys in ENTRY_KEYS.items():
            got, want = actual[section], expected[section]
            assert isinstance(got, list) and len(got) == len(want), f"{label}: {section} has {len(got) if isinstance(got, list) else got!r} entries, expected {len(want)}"
            for index, (entry, ref) in enumerate(zip(got, want)):
                where = f"{label} {section}[{index}] ({ref['id']}, {ref['analyte']})"
                assert isinstance(entry, dict) and set(entry) == set(keys), f"{where}: keys {entry!r}"
                for key in keys:
                    a, e = entry[key], ref[key]
                    if key in ("recovery",) or (key == "value" and e is not None):
                        _number(a, e, f"{where} {key}")
                    else:
>                       assert type(a) is type(e) and a == e, f"{where} {key}: {a!r}, expected {e!r}"
E                       AssertionError: blank_mean.jsonl batch 0 samples[0] (W-31, Pb) ccv_ok: False, expected True
E                       assert (<class 'bool'> is <class 'bool'> and False == True)
E                        +  where <class 'bool'> = type(False)
E                        +  and   <class 'bool'> = type(True)

/tests/test_outputs.py:125: AssertionError
__________________ test_nondetect_blanks_stay_out_of_the_mean __________________

    def test_nondetect_blanks_stay_out_of_the_mean():
>       check_family("blank_nondetects.jsonl")

/tests/test_outputs.py:142: 
_ _ _ _ _ _ _ _ _ _ _ _ _ _ _ _ _ _ _ _ _ _ _ _ _ _ _ _ _ _ _ _ _ _ _ _ _ _ _ _ 
/tests/test_outputs.py:130: in check_family
    compare(reduce(row["batch"]), row["report"], f"{name} batch {number}")
_ _ _ _ _ _ _ _ _ _ _ _ _ _ _ _ _ _ _ _ _ _ _ _ _ _ _ _ _ _ _ _ _ _ _ _ _ _ _ _ 

actual = {'blank_levels': {'Pb': 2.5}, 'samples': [{'id': 'W-51', 'analyte': 'Pb', 'value': 9.5, 'flag': '', ...}], 'ccvs': [], 'spikes': []}
expected = {'blank_levels': {'Pb': 2.5}, 'samples': [{'id': 'W-51', 'analyte': 'Pb', 'value': 9.5, 'flag': '', ...}], 'ccvs': [], 'spikes': []}
label = 'blank_nondetects.jsonl batch 0'

    def compare(actual, expected, label):
        assert isinstance(actual, dict) and set(actual) == TOP_KEYS, f"{label}: top-level keys {sorted(actual) if isinstance(actual, dict) else actual!r}"
        levels = actual["blank_levels"]
        assert isinstance(levels, dict) and set(levels) == set(expected["blank_levels"]), f"{label}: blank_levels keys"
        for name, value in expected["blank_levels"].items():
            _number(levels[name], value, f"{label} blank_levels[{name}]")
        for section, keys in ENTRY_KEYS.items():
            got, want = actual[section], expected[section]
            assert isinstance(got, list) and len(got) == len(want), f"{label}: {section} has {len(got) if isinstance(got, list) else got!r} entries, expected {len(want)}"
            for index, (entry, ref) in enumerate(zip(got, want)):
                where = f"{label} {section}[{index}] ({ref['id']}, {ref['analyte']})"
                assert isinstance(entry, dict) and set(entry) == set(keys), f"{where}: keys {entry!r}"
                for key in keys:
                    a, e = entry[key], ref[key]
                    if key in ("recovery",) or (key == "value" and e is not None):
                        _number(a, e, f"{where} {key}")
                    else:
>                       assert type(a) is type(e) and a == e, f"{where} {key}: {a!r}, expected {e!r}"
E                       AssertionError: blank_nondetects.jsonl batch 0 samples[0] (W-51, Pb) ccv_ok: False, expected True
E                       assert (<class 'bool'> is <class 'bool'> and False == True)
E                        +  where <class 'bool'> = type(False)
E                        +  and   <class 'bool'> = type(True)

/tests/test_outputs.py:125: AssertionError
____________________ test_single_blank_result_is_the_level _____________________

    def test_single_blank_result_is_the_level():
>       check_family("blank_single_result.jsonl")

/tests/test_outputs.py:146: 
_ _ _ _ _ _ _ _ _ _ _ _ _ _ _ _ _ _ _ _ _ _ _ _ _ _ _ _ _ _ _ _ _ _ _ _ _ _ _ _ 
/tests/test_outputs.py:130: in check_family
    compare(reduce(row["batch"]), row["report"], f"{name} batch {number}")
_ _ _ _ _ _ _ _ _ _ _ _ _ _ _ _ _ _ _ _ _ _ _ _ _ _ _ _ _ _ _ _ _ _ _ _ _ _ _ _ 

actual = {'blank_levels': {'Pb': 3.0}, 'samples': [{'id': 'W-63', 'analyte': 'Pb', 'value': None, 'flag': 'ND', ...}], 'ccvs': [], 'spikes': []}
expected = {'blank_levels': {'Pb': 3.0}, 'samples': [{'id': 'W-63', 'analyte': 'Pb', 'value': None, 'flag': 'ND', ...}], 'ccvs': [], 'spikes': []}
label = 'blank_single_result.jsonl batch 0'

    def compare(actual, expected, label):
        assert isinstance(actual, dict) and set(actual) == TOP_KEYS, f"{label}: top-level keys {sorted(actual) if isinstance(actual, dict) else actual!r}"
        levels = actual["blank_levels"]
        assert isinstance(levels, dict) and set(levels) == set(expected["blank_levels"]), f"{label}: blank_levels keys"
        for name, value in expected["blank_levels"].items():
            _number(levels[name], value, f"{label} blank_levels[{name}]")
        for section, keys in ENTRY_KEYS.items():
            got, want = actual[section], expected[section]
            assert isinstance(got, list) and len(got) == len(want), f"{label}: {section} has {len(got) if isinstance(got, list) else got!r} entries, expected {len(want)}"
            for index, (entry, ref) in enumerate(zip(got, want)):
                where = f"{label} {section}[{index}] ({ref['id']}, {ref['analyte']})"
                assert isinstance(entry, dict) and set(entry) == set(keys), f"{where}: keys {entry!r}"
                for key in keys:
                    a, e = entry[key], ref[key]
                    if key in ("recovery",) or (key == "value" and e is not None):
                        _number(a, e, f"{where} {key}")
                    else:
>                       assert type(a) is type(e) and a == e, f"{where} {key}: {a!r}, expected {e!r}"
E                       AssertionError: blank_single_result.jsonl batch 0 samples[0] (W-63, Pb) ccv_ok: False, expected True
E                       assert (<class 'bool'> is <class 'bool'> and False == True)
E                        +  where <class 'bool'> = type(False)
E                        +  and   <class 'bool'> = type(True)

/tests/test_outputs.py:125: AssertionError
_____________ test_batch_without_blank_results_keeps_shipped_level _____________

    def test_batch_without_blank_results_keeps_shipped_level():
>       check_family("blank_no_results.jsonl")

/tests/test_outputs.py:150: 
_ _ _ _ _ _ _ _ _ _ _ _ _ _ _ _ _ _ _ _ _ _ _ _ _ _ _ _ _ _ _ _ _ _ _ _ _ _ _ _ 
/tests/test_outputs.py:130: in check_family
    compare(reduce(row["batch"]), row["report"], f"{name} batch {number}")
_ _ _ _ _ _ _ _ _ _ _ _ _ _ _ _ _ _ _ _ _ _ _ _ _ _ _ _ _ _ _ _ _ _ _ _ _ _ _ _ 

actual = {'blank_levels': {'Pb': 0.0}, 'samples': [{'id': 'W-61', 'analyte': 'Pb', 'value': 13.0, 'flag': '', ...}], 'ccvs': [], 'spikes': []}
expected = {'blank_levels': {'Pb': 0.0}, 'samples': [{'id': 'W-61', 'analyte': 'Pb', 'value': 13.0, 'flag': '', ...}], 'ccvs': [], 'spikes': []}
label = 'blank_no_results.jsonl batch 0'

    def compare(actual, expected, label):
        assert isinstance(actual, dict) and set(actual) == TOP_KEYS, f"{label}: top-level keys {sorted(actual) if isinstance(actual, dict) else actual!r}"
        levels = actual["blank_levels"]
        assert isinstance(levels, dict) and set(levels) == set(expected["blank_levels"]), f"{label}: blank_levels keys"
        for name, value in expected["blank_levels"].items():
            _number(levels[name], value, f"{label} blank_levels[{name}]")
        for section, keys in ENTRY_KEYS.items():
            got, want = actual[section], expected[section]
            assert isinstance(got, list) and len(got) == len(want), f"{label}: {section} has {len(got) if isinstance(got, list) else got!r} entries, expected {len(want)}"
            for index, (entry, ref) in enumerate(zip(got, want)):
                where = f"{label} {section}[{index}] ({ref['id']}, {ref['analyte']})"
                assert isinstance(entry, dict) and set(entry) == set(keys), f"{where}: keys {entry!r}"
                for key in keys:
                    a, e = entry[key], ref[key]
                    if key in ("recovery",) or (key == "value" and e is not None):
                        _number(a, e, f"{where} {key}")
                    else:
>                       assert type(a) is type(e) and a == e, f"{where} {key}: {a!r}, expected {e!r}"
E                       AssertionError: blank_no_results.jsonl batch 0 samples[0] (W-61, Pb) ccv_ok: False, expected True
E                       assert (<class 'bool'> is <class 'bool'> and False == True)
E                        +  where <class 'bool'> = type(False)
E                        +  and   <class 'bool'> = type(True)

/tests/test_outputs.py:125: AssertionError
_____________________ test_blank_comes_off_before_dilution _____________________

    def test_blank_comes_off_before_dilution():
>       check_family("dilution.jsonl")

/tests/test_outputs.py:154: 
_ _ _ _ _ _ _ _ _ _ _ _ _ _ _ _ _ _ _ _ _ _ _ _ _ _ _ _ _ _ _ _ _ _ _ _ _ _ _ _ 
/tests/test_outputs.py:130: in check_family
    compare(reduce(row["batch"]), row["report"], f"{name} batch {number}")
_ _ _ _ _ _ _ _ _ _ _ _ _ _ _ _ _ _ _ _ _ _ _ _ _ _ _ _ _ _ _ _ _ _ _ _ _ _ _ _ 

actual = {'blank_levels': {'Pb': 2.0}, 'samples': [{'id': 'W-71', 'analyte': 'Pb', 'value': 5.0, 'flag': '', ...}, {'id': 'W-72... 5000.0, 'flag': '', ...}, {'id': 'W-74', 'analyte': 'Pb', 'value': 388.5, 'flag': '', ...}], 'ccvs': [], 'spikes': []}
expected = {'blank_levels': {'Pb': 2.0}, 'samples': [{'id': 'W-71', 'analyte': 'Pb', 'value': 5.0, 'flag': '', ...}, {'id': 'W-72... 5000.0, 'flag': '', ...}, {'id': 'W-74', 'analyte': 'Pb', 'value': 388.5, 'flag': '', ...}], 'ccvs': [], 'spikes': []}
label = 'dilution.jsonl batch 0'

    def compare(actual, expected, label):
        assert isinstance(actual, dict) and set(actual) == TOP_KEYS, f"{label}: top-level keys {sorted(actual) if isinstance(actual, dict) else actual!r}"
        levels = actual["blank_levels"]
        assert isinstance(levels, dict) and set(levels) == set(expected["blank_levels"]), f"{label}: blank_levels keys"
        for name, value in expected["blank_levels"].items():
            _number(levels[name], value, f"{label} blank_levels[{name}]")
        for section, keys in ENTRY_KEYS.items():
            got, want = actual[section], expected[section]
            assert isinstance(got, list) and len(got) == len(want), f"{label}: {section} has {len(got) if isinstance(got, list) else got!r} entries, expected {len(want)}"
            for index, (entry, ref) in enumerate(zip(got, want)):
                where = f"{label} {section}[{index}] ({ref['id']}, {ref['analyte']})"
                assert isinstance(entry, dict) and set(entry) == set(keys), f"{where}: keys {entry!r}"
                for key in keys:
                    a, e = entry[key], ref[key]
                    if key in ("recovery",) or (key == "value" and e is not None):
                        _number(a, e, f"{where} {key}")
                    else:
>                       assert type(a) is type(e) and a == e, f"{where} {key}: {a!r}, expected {e!r}"
E                       AssertionError: dilution.jsonl batch 0 samples[0] (W-71, Pb) ccv_ok: False, expected True
E                       assert (<class 'bool'> is <class 'bool'> and False == True)
E                        +  where <class 'bool'> = type(False)
E                        +  and   <class 'bool'> = type(True)

/tests/test_outputs.py:125: AssertionError
____________________ test_flags_judged_on_corrected_reading ____________________

    def test_flags_judged_on_corrected_reading():
>       check_family("flag_basis.jsonl")

/tests/test_outputs.py:158: 
_ _ _ _ _ _ _ _ _ _ _ _ _ _ _ _ _ _ _ _ _ _ _ _ _ _ _ _ _ _ _ _ _ _ _ _ _ _ _ _ 
/tests/test_outputs.py:130: in check_family
    compare(reduce(row["batch"]), row["report"], f"{name} batch {number}")
_ _ _ _ _ _ _ _ _ _ _ _ _ _ _ _ _ _ _ _ _ _ _ _ _ _ _ _ _ _ _ _ _ _ _ _ _ _ _ _ 

actual = {'blank_levels': {'Pb': 0.0}, 'samples': [{'id': 'W-81', 'analyte': 'Pb', 'value': None, 'flag': 'ND', ...}, {'id': 'W...': 12.0, 'flag': 'J', ...}, {'id': 'W-83', 'analyte': 'Pb', 'value': 18.0, 'flag': '', ...}], 'ccvs': [], 'spikes': []}
expected = {'blank_levels': {'Pb': 0.0}, 'samples': [{'id': 'W-81', 'analyte': 'Pb', 'value': None, 'flag': 'ND', ...}, {'id': 'W...': 12.0, 'flag': 'J', ...}, {'id': 'W-83', 'analyte': 'Pb', 'value': 18.0, 'flag': '', ...}], 'ccvs': [], 'spikes': []}
label = 'flag_basis.jsonl batch 0'

    def compare(actual, expected, label):
        assert isinstance(actual, dict) and set(actual) == TOP_KEYS, f"{label}: top-level keys {sorted(actual) if isinstance(actual, dict) else actual!r}"
        levels = actual["blank_levels"]
        assert isinstance(levels, dict) and set(levels) == set(expected["blank_levels"]), f"{label}: blank_levels keys"
        for name, value in expected["blank_levels"].items():
            _number(levels[name], value, f"{label} blank_levels[{name}]")
        for section, keys in ENTRY_KEYS.items():
            got, want = actual[section], expected[section]
            assert isinstance(got, list) and len(got) == len(want), f"{label}: {section} has {len(got) if isinstance(got, list) else got!r} entries, expected {len(want)}"
            for index, (entry, ref) in enumerate(zip(got, want)):
                where = f"{label} {section}[{index}] ({ref['id']}, {ref['analyte']})"
                assert isinstance(entry, dict) and set(entry) == set(keys), f"{where}: keys {entry!r}"
                for key in keys:
                    a, e = entry[key], ref[key]
                    if key in ("recovery",) or (key == "value" and e is not None):
                        _number(a, e, f"{where} {key}")
                    else:
>                       assert type(a) is type(e) and a == e, f"{where} {key}: {a!r}, expected {e!r}"
E                       AssertionError: flag_basis.jsonl batch 0 samples[0] (W-81, Pb) ccv_ok: False, expected True
E                       assert (<class 'bool'> is <class 'bool'> and False == True)
E                        +  where <class 'bool'> = type(False)
E                        +  and   <class 'bool'> = type(True)

/tests/test_outputs.py:125: AssertionError
_______________________ test_flags_at_exact_mdl_and_loq ________________________

    def test_flags_at_exact_mdl_and_loq():
>       check_family("flag_limits.jsonl")

/tests/test_outputs.py:162: 
_ _ _ _ _ _ _ _ _ _ _ _ _ _ _ _ _ _ _ _ _ _ _ _ _ _ _ _ _ _ _ _ _ _ _ _ _ _ _ _ 
/tests/test_outputs.py:130: in check_family
    compare(reduce(row["batch"]), row["report"], f"{name} batch {number}")
_ _ _ _ _ _ _ _ _ _ _ _ _ _ _ _ _ _ _ _ _ _ _ _ _ _ _ _ _ _ _ _ _ _ _ _ _ _ _ _ 

actual = {'blank_levels': {'Pb': 2.5}, 'samples': [{'id': 'W-91', 'analyte': 'Pb', 'value': 10.0, 'flag': 'J', ...}, {'id': 'W-...: None, 'flag': 'ND', ...}, {'id': 'W-94', 'analyte': 'Pb', 'value': 9.5, 'flag': 'J', ...}], 'ccvs': [], 'spikes': []}
expected = {'blank_levels': {'Pb': 2.5}, 'samples': [{'id': 'W-91', 'analyte': 'Pb', 'value': 10.0, 'flag': 'J', ...}, {'id': 'W-...: None, 'flag': 'ND', ...}, {'id': 'W-94', 'analyte': 'Pb', 'value': 9.5, 'flag': 'J', ...}], 'ccvs': [], 'spikes': []}
label = 'flag_limits.jsonl batch 0'

    def compare(actual, expected, label):
        assert isinstance(actual, dict) and set(actual) == TOP_KEYS, f"{label}: top-level keys {sorted(actual) if isinstance(actual, dict) else actual!r}"
        levels = actual["blank_levels"]
        assert isinstance(levels, dict) and set(levels) == set(expected["blank_levels"]), f"{label}: blank_levels keys"
        for name, value in expected["blank_levels"].items():
            _number(levels[name], value, f"{label} blank_levels[{name}]")
        for section, keys in ENTRY_KEYS.items():
            got, want = actual[section], expected[section]
            assert isinstance(got, list) and len(got) == len(want), f"{label}: {section} has {len(got) if isinstance(got, list) else got!r} entries, expected {len(want)}"
            for index, (entry, ref) in enumerate(zip(got, want)):
                where = f"{label} {section}[{index}] ({ref['id']}, {ref['analyte']})"
                assert isinstance(entry, dict) and set(entry) == set(keys), f"{where}: keys {entry!r}"
                for key in keys:
                    a, e = entry[key], ref[key]
                    if key in ("recovery",) or (key == "value" and e is not None):
                        _number(a, e, f"{where} {key}")
                    else:
>                       assert type(a) is type(e) and a == e, f"{where} {key}: {a!r}, expected {e!r}"
E                       AssertionError: flag_limits.jsonl batch 0 samples[0] (W-91, Pb) ccv_ok: False, expected True
E                       assert (<class 'bool'> is <class 'bool'> and False == True)
E                        +  where <class 'bool'> = type(False)
E                        +  and   <class 'bool'> = type(True)

/tests/test_outputs.py:125: AssertionError
__________________ test_readings_below_nought_are_not_clamped __________________

    def test_readings_below_nought_are_not_clamped():
>       check_family("negative_readings.jsonl")

/tests/test_outputs.py:166: 
_ _ _ _ _ _ _ _ _ _ _ _ _ _ _ _ _ _ _ _ _ _ _ _ _ _ _ _ _ _ _ _ _ _ _ _ _ _ _ _ 
/tests/test_outputs.py:130: in check_family
    compare(reduce(row["batch"]), row["report"], f"{name} batch {number}")
_ _ _ _ _ _ _ _ _ _ _ _ _ _ _ _ _ _ _ _ _ _ _ _ _ _ _ _ _ _ _ _ _ _ _ _ _ _ _ _ 

actual = {'blank_levels': {'Pb': -1.0}, 'samples': [{'id': 'W-101', 'analyte': 'Pb', 'value': None, 'flag': 'ND', ...}, {'id': ... None, 'flag': 'ND', ...}, {'id': 'W-103', 'analyte': 'Pb', 'value': 2.0, 'flag': 'J', ...}], 'ccvs': [], 'spikes': []}
expected = {'blank_levels': {'Pb': -1.0}, 'samples': [{'id': 'W-101', 'analyte': 'Pb', 'value': None, 'flag': 'ND', ...}, {'id': ... None, 'flag': 'ND', ...}, {'id': 'W-103', 'analyte': 'Pb', 'value': 2.0, 'flag': 'J', ...}], 'ccvs': [], 'spikes': []}
label = 'negative_readings.jsonl batch 0'

    def compare(actual, expected, label):
        assert isinstance(actual, dict) and set(actual) == TOP_KEYS, f"{label}: top-level keys {sorted(actual) if isinstance(actual, dict) else actual!r}"
        levels = actual["blank_levels"]
        assert isinstance(levels, dict) and set(levels) == set(expected["blank_levels"]), f"{label}: blank_levels keys"
        for name, value in expected["blank_levels"].items():
            _number(levels[name], value, f"{label} blank_levels[{name}]")
        for section, keys in ENTRY_KEYS.items():
            got, want = actual[section], expected[section]
            assert isinstance(got, list) and len(got) == len(want), f"{label}: {section} has {len(got) if isinstance(got, list) else got!r} entries, expected {len(want)}"
            for index, (entry, ref) in enumerate(zip(got, want)):
                where = f"{label} {section}[{index}] ({ref['id']}, {ref['analyte']})"
                assert isinstance(entry, dict) and set(entry) == set(keys), f"{where}: keys {entry!r}"
                for key in keys:
                    a, e = entry[key], ref[key]
                    if key in ("recovery",) or (key == "value" and e is not None):
                        _number(a, e, f"{where} {key}")
                    else:
>                       assert type(a) is type(e) and a == e, f"{where} {key}: {a!r}, expected {e!r}"
E                       AssertionError: negative_readings.jsonl batch 0 samples[0] (W-101, Pb) ccv_ok: False, expected True
E                       assert (<class 'bool'> is <class 'bool'> and False == True)
E                        +  where <class 'bool'> = type(False)
E                        +  and   <class 'bool'> = type(True)

/tests/test_outputs.py:125: AssertionError
___________________ test_unbracketed_runs_keep_shipped_check ___________________

    def test_unbracketed_runs_keep_shipped_check():
>       check_family("ccv_unbracketed.jsonl")

/tests/test_outputs.py:178: 
_ _ _ _ _ _ _ _ _ _ _ _ _ _ _ _ _ _ _ _ _ _ _ _ _ _ _ _ _ _ _ _ _ _ _ _ _ _ _ _ 
/tests/test_outputs.py:130: in check_family
    compare(reduce(row["batch"]), row["report"], f"{name} batch {number}")
_ _ _ _ _ _ _ _ _ _ _ _ _ _ _ _ _ _ _ _ _ _ _ _ _ _ _ _ _ _ _ _ _ _ _ _ _ _ _ _ 

actual = {'blank_levels': {'Pb': 0.0}, 'samples': [{'id': 'W-121', 'analyte': 'Pb', 'value': 12.0, 'flag': '', ...}, {'id': 'W-...', 'recovery': 80.0, 'pass': False}, {'id': 'CCV-22', 'analyte': 'Pb', 'recovery': 100.0, 'pass': True}], 'spikes': []}
expected = {'blank_levels': {'Pb': 0.0}, 'samples': [{'id': 'W-121', 'analyte': 'Pb', 'value': 12.0, 'flag': '', ...}, {'id': 'W-...', 'recovery': 80.0, 'pass': False}, {'id': 'CCV-22', 'analyte': 'Pb', 'recovery': 100.0, 'pass': True}], 'spikes': []}
label = 'ccv_unbracketed.jsonl batch 0'

    def compare(actual, expected, label):
        assert isinstance(actual, dict) and set(actual) == TOP_KEYS, f"{label}: top-level keys {sorted(actual) if isinstance(actual, dict) else actual!r}"
        levels = actual["blank_levels"]
        assert isinstance(levels, dict) and set(levels) == set(expected["blank_levels"]), f"{label}: blank_levels keys"
        for name, value in expected["blank_levels"].items():
            _number(levels[name], value, f"{label} blank_levels[{name}]")
        for section, keys in ENTRY_KEYS.items():
            got, want = actual[section], expected[section]
            assert isinstance(got, list) and len(got) == len(want), f"{label}: {section} has {len(got) if isinstance(got, list) else got!r} entries, expected {len(want)}"
            for index, (entry, ref) in enumerate(zip(got, want)):
                where = f"{label} {section}[{index}] ({ref['id']}, {ref['analyte']})"
                assert isinstance(entry, dict) and set(entry) == set(keys), f"{where}: keys {entry!r}"
                for key in keys:
                    a, e = entry[key], ref[key]
                    if key in ("recovery",) or (key == "value" and e is not None):
                        _number(a, e, f"{where} {key}")
                    else:
>                       assert type(a) is type(e) and a == e, f"{where} {key}: {a!r}, expected {e!r}"
E                       AssertionError: ccv_unbracketed.jsonl batch 0 samples[0] (W-121, Pb) ccv_ok: False, expected True
E                       assert (<class 'bool'> is <class 'bool'> and False == True)
E                        +  where <class 'bool'> = type(False)
E                        +  and   <class 'bool'> = type(True)

/tests/test_outputs.py:125: AssertionError
________________________ test_spike_recovery_of_results ________________________

    def test_spike_recovery_of_results():
>       check_family("spike_recovery.jsonl")

/tests/test_outputs.py:182: 
_ _ _ _ _ _ _ _ _ _ _ _ _ _ _ _ _ _ _ _ _ _ _ _ _ _ _ _ _ _ _ _ _ _ _ _ _ _ _ _ 
/tests/test_outputs.py:130: in check_family
    compare(reduce(row["batch"]), row["report"], f"{name} batch {number}")
_ _ _ _ _ _ _ _ _ _ _ _ _ _ _ _ _ _ _ _ _ _ _ _ _ _ _ _ _ _ _ _ _ _ _ _ _ _ _ _ 

actual = {'blank_levels': {'Pb': 0.0}, 'samples': [{'id': 'W-131', 'analyte': 'Pb', 'value': 20.0, 'flag': '', ...}, {'id': 'W-...': 100.0}, {'id': 'W-132S', 'analyte': 'Pb', 'recovery': 100.0}, {'id': 'W-131T', 'analyte': 'Pb', 'recovery': 100.0}]}
expected = {'blank_levels': {'Pb': 0.0}, 'samples': [{'id': 'W-131', 'analyte': 'Pb', 'value': 20.0, 'flag': '', ...}, {'id': 'W-...': 100.0}, {'id': 'W-132S', 'analyte': 'Pb', 'recovery': 100.0}, {'id': 'W-131T', 'analyte': 'Pb', 'recovery': 100.0}]}
label = 'spike_recovery.jsonl batch 0'

    def compare(actual, expected, label):
        assert isinstance(actual, dict) and set(actual) == TOP_KEYS, f"{label}: top-level keys {sorted(actual) if isinstance(actual, dict) else actual!r}"
        levels = actual["blank_levels"]
        assert isinstance(levels, dict) and set(levels) == set(expected["blank_levels"]), f"{label}: blank_levels keys"
        for name, value in expected["blank_levels"].items():
            _number(levels[name], value, f"{label} blank_levels[{name}]")
        for section, keys in ENTRY_KEYS.items():
            got, want = actual[section], expected[section]
            assert isinstance(got, list) and len(got) == len(want), f"{label}: {section} has {len(got) if isinstance(got, list) else got!r} entries, expected {len(want)}"
            for index, (entry, ref) in enumerate(zip(got, want)):
                where = f"{label} {section}[{index}] ({ref['id']}, {ref['analyte']})"
                assert isinstance(entry, dict) and set(entry) == set(keys), f"{where}: keys {entry!r}"
                for key in keys:
                    a, e = entry[key], ref[key]
                    if key in ("recovery",) or (key == "value" and e is not None):
                        _number(a, e, f"{where} {key}")
                    else:
>                       assert type(a) is type(e) and a == e, f"{where} {key}: {a!r}, expected {e!r}"
E                       AssertionError: spike_recovery.jsonl batch 0 samples[0] (W-131, Pb) ccv_ok: False, expected True
E                       assert (<class 'bool'> is <class 'bool'> and False == True)
E                        +  where <class 'bool'> = type(False)
E                        +  and   <class 'bool'> = type(True)

/tests/test_outputs.py:125: AssertionError
_________________ test_nondetect_spikes_keep_shipped_recovery __________________

    def test_nondetect_spikes_keep_shipped_recovery():
>       check_family("spike_nondetects.jsonl")

/tests/test_outputs.py:186: 
_ _ _ _ _ _ _ _ _ _ _ _ _ _ _ _ _ _ _ _ _ _ _ _ _ _ _ _ _ _ _ _ _ _ _ _ _ _ _ _ 
/tests/test_outputs.py:130: in check_family
    compare(reduce(row["batch"]), row["report"], f"{name} batch {number}")
_ _ _ _ _ _ _ _ _ _ _ _ _ _ _ _ _ _ _ _ _ _ _ _ _ _ _ _ _ _ _ _ _ _ _ _ _ _ _ _ 

actual = {'blank_levels': {'Pb': 0.0}, 'samples': [{'id': 'W-141', 'analyte': 'Pb', 'value': None, 'flag': 'ND', ...}, {'id': '...d': 'W-142S', 'analyte': 'Pb', 'recovery': -16.041666666666668}, {'id': 'W-141T', 'analyte': 'Pb', 'recovery': -15.0}]}
expected = {'blank_levels': {'Pb': 0.0}, 'samples': [{'id': 'W-141', 'analyte': 'Pb', 'value': None, 'flag': 'ND', ...}, {'id': '...d': 'W-142S', 'analyte': 'Pb', 'recovery': -16.041666666666668}, {'id': 'W-141T', 'analyte': 'Pb', 'recovery': -15.0}]}
label = 'spike_nondetects.jsonl batch 0'

    def compare(actual, expected, label):
        assert isinstance(actual, dict) and set(actual) == TOP_KEYS, f"{label}: top-level keys {sorted(actual) if isinstance(actual, dict) else actual!r}"
        levels = actual["blank_levels"]
        assert isinstance(levels, dict) and set(levels) == set(expected["blank_levels"]), f"{label}: blank_levels keys"
        for name, value in expected["blank_levels"].items():
            _number(levels[name], value, f"{label} blank_levels[{name}]")
        for section, keys in ENTRY_KEYS.items():
            got, want = actual[section], expected[section]
            assert isinstance(got, list) and len(got) == len(want), f"{label}: {section} has {len(got) if isinstance(got, list) else got!r} entries, expected {len(want)}"
            for index, (entry, ref) in enumerate(zip(got, want)):
                where = f"{label} {section}[{index}] ({ref['id']}, {ref['analyte']})"
                assert isinstance(entry, dict) and set(entry) == set(keys), f"{where}: keys {entry!r}"
                for key in keys:
                    a, e = entry[key], ref[key]
                    if key in ("recovery",) or (key == "value" and e is not None):
                        _number(a, e, f"{where} {key}")
                    else:
>                       assert type(a) is type(e) and a == e, f"{where} {key}: {a!r}, expected {e!r}"
E                       AssertionError: spike_nondetects.jsonl batch 0 samples[0] (W-141, Pb) ccv_ok: False, expected True
E                       assert (<class 'bool'> is <class 'bool'> and False == True)
E                        +  where <class 'bool'> = type(False)
E                        +  and   <class 'bool'> = type(True)

/tests/test_outputs.py:125: AssertionError
_________________________ test_report_order_and_types __________________________

    def test_report_order_and_types():
>       check_family("report_order.jsonl")

/tests/test_outputs.py:190: 
_ _ _ _ _ _ _ _ _ _ _ _ _ _ _ _ _ _ _ _ _ _ _ _ _ _ _ _ _ _ _ _ _ _ _ _ _ _ _ _ 
/tests/test_outputs.py:130: in check_family
    compare(reduce(row["batch"]), row["report"], f"{name} batch {number}")
_ _ _ _ _ _ _ _ _ _ _ _ _ _ _ _ _ _ _ _ _ _ _ _ _ _ _ _ _ _ _ _ _ _ _ _ _ _ _ _ 

actual = {'blank_levels': {'Tl': 0.625, 'As': 0.75, 'Pb': 2.5, 'Cd': 0.75}, 'samples': [{'id': 'Z-9', 'analyte': 'Tl', 'value':...very': 47.5}, {'id': 'B-SPK', 'analyte': 'Pb', 'recovery': 160.0}, {'id': 'B-SPK', 'analyte': 'Cd', 'recovery': 50.0}]}
expected = {'blank_levels': {'Tl': 0.625, 'As': 0.75, 'Pb': 2.5, 'Cd': 0.75}, 'samples': [{'id': 'Z-9', 'analyte': 'Tl', 'value':...very': 47.5}, {'id': 'B-SPK', 'analyte': 'Pb', 'recovery': 160.0}, {'id': 'B-SPK', 'analyte': 'Cd', 'recovery': 50.0}]}
label = 'report_order.jsonl batch 0'

    def compare(actual, expected, label):
        assert isinstance(actual, dict) and set(actual) == TOP_KEYS, f"{label}: top-level keys {sorted(actual) if isinstance(actual, dict) else actual!r}"
        levels = actual["blank_levels"]
        assert isinstance(levels, dict) and set(levels) == set(expected["blank_levels"]), f"{label}: blank_levels keys"
        for name, value in expected["blank_levels"].items():
            _number(levels[name], value, f"{label} blank_levels[{name}]")
        for section, keys in ENTRY_KEYS.items():
            got, want = actual[section], expected[section]
            assert isinstance(got, list) and len(got) == len(want), f"{label}: {section} has {len(got) if isinstance(got, list) else got!r} entries, expected {len(want)}"
            for index, (entry, ref) in enumerate(zip(got, want)):
                where = f"{label} {section}[{index}] ({ref['id']}, {ref['analyte']})"
                assert isinstance(entry, dict) and set(entry) == set(keys), f"{where}: keys {entry!r}"
                for key in keys:
                    a, e = entry[key], ref[key]
                    if key in ("recovery",) or (key == "value" and e is not None):
                        _number(a, e, f"{where} {key}")
                    else:
>                       assert type(a) is type(e) and a == e, f"{where} {key}: {a!r}, expected {e!r}"
E                       AssertionError: report_order.jsonl batch 0 samples[9] (C-1, As) ccv_ok: False, expected True
E                       assert (<class 'bool'> is <class 'bool'> and False == True)
E                        +  where <class 'bool'> = type(False)
E                        +  and   <class 'bool'> = type(True)

/tests/test_outputs.py:125: AssertionError
____________________________ test_generated_batches ____________________________

    def test_generated_batches():
>       check_family("generated-1.jsonl")

/tests/test_outputs.py:194: 
_ _ _ _ _ _ _ _ _ _ _ _ _ _ _ _ _ _ _ _ _ _ _ _ _ _ _ _ _ _ _ _ _ _ _ _ _ _ _ _ 
/tests/test_outputs.py:130: in check_family
    compare(reduce(row["batch"]), row["report"], f"{name} batch {number}")
_ _ _ _ _ _ _ _ _ _ _ _ _ _ _ _ _ _ _ _ _ _ _ _ _ _ _ _ _ _ _ _ _ _ _ _ _ _ _ _ 

actual = {'blank_levels': {'Se': 0.0, 'V': 0.0, 'As': 0.0, 'Cr': 0.0}, 'samples': [{'id': 'R577-0', 'analyte': 'Se', 'value': N...7924513, 'pass': True}, {'id': 'R186-1', 'analyte': 'Cr', 'recovery': 110.02999094110824, 'pass': True}], 'spikes': []}
expected = {'blank_levels': {'Se': 0.0, 'V': 0.0, 'As': 0.0, 'Cr': 0.0}, 'samples': [{'id': 'R577-0', 'analyte': 'Se', 'value': N...7924513, 'pass': True}, {'id': 'R186-1', 'analyte': 'Cr', 'recovery': 110.02999094110824, 'pass': True}], 'spikes': []}
label = 'generated-1.jsonl batch 1'

    def compare(actual, expected, label):
        assert isinstance(actual, dict) and set(actual) == TOP_KEYS, f"{label}: top-level keys {sorted(actual) if isinstance(actual, dict) else actual!r}"
        levels = actual["blank_levels"]
        assert isinstance(levels, dict) and set(levels) == set(expected["blank_levels"]), f"{label}: blank_levels keys"
        for name, value in expected["blank_levels"].items():
            _number(levels[name], value, f"{label} blank_levels[{name}]")
        for section, keys in ENTRY_KEYS.items():
            got, want = actual[section], expected[section]
            assert isinstance(got, list) and len(got) == len(want), f"{label}: {section} has {len(got) if isinstance(got, list) else got!r} entries, expected {len(want)}"
            for index, (entry, ref) in enumerate(zip(got, want)):
                where = f"{label} {section}[{index}] ({ref['id']}, {ref['analyte']})"
                assert isinstance(entry, dict) and set(entry) == set(keys), f"{where}: keys {entry!r}"
                for key in keys:
                    a, e = entry[key], ref[key]
                    if key in ("recovery",) or (key == "value" and e is not None):
                        _number(a, e, f"{where} {key}")
                    else:
>                       assert type(a) is type(e) and a == e, f"{where} {key}: {a!r}, expected {e!r}"
E                       AssertionError: generated-1.jsonl batch 1 samples[0] (R577-0, Se) ccv_ok: False, expected True
E                       assert (<class 'bool'> is <class 'bool'> and False == True)
E                        +  where <class 'bool'> = type(False)
E                        +  and   <class 'bool'> = type(True)

/tests/test_outputs.py:125: AssertionError
==================================== PASSES ====================================
=========================== short test summary info ============================
PASSED ../../tests/test_outputs.py::test_ccv_pass_on_rounded_recovery_inclusive
PASSED ../../tests/test_outputs.py::test_bracketed_runs_need_both_ccvs
PASSED ../../tests/test_outputs.py::test_capacity_batch
PASSED ../../tests/test_outputs.py::test_driver_is_unchanged
PASSED ../../tests/test_outputs.py::test_candidate_cannot_read_expected_reports
PASSED ../../tests/test_outputs.py::test_candidate_cannot_read_verifier_logs
FAILED ../../tests/test_outputs.py::test_calibration_line_has_fitted_intercept
FAILED ../../tests/test_outputs.py::test_blank_level_is_mean_of_results_anywhere
FAILED ../../tests/test_outputs.py::test_nondetect_blanks_stay_out_of_the_mean
FAILED ../../tests/test_outputs.py::test_single_blank_result_is_the_level - A...
FAILED ../../tests/test_outputs.py::test_batch_without_blank_results_keeps_shipped_level
FAILED ../../tests/test_outputs.py::test_blank_comes_off_before_dilution - As...
FAILED ../../tests/test_outputs.py::test_flags_judged_on_corrected_reading - ...
FAILED ../../tests/test_outputs.py::test_flags_at_exact_mdl_and_loq - Asserti...
FAILED ../../tests/test_outputs.py::test_readings_below_nought_are_not_clamped
FAILED ../../tests/test_outputs.py::test_unbracketed_runs_keep_shipped_check
FAILED ../../tests/test_outputs.py::test_spike_recovery_of_results - Assertio...
FAILED ../../tests/test_outputs.py::test_nondetect_spikes_keep_shipped_recovery
FAILED ../../tests/test_outputs.py::test_report_order_and_types - AssertionEr...
FAILED ../../tests/test_outputs.py::test_generated_batches - AssertionError: ...
========================= 14 failed, 6 passed in 0.48s =========================
