============================= test session starts ==============================
platform linux -- Python 3.13.12, pytest-9.1.1, pluggy-1.6.0
rootdir: /tests
plugins: json-ctrf-0.5.2
collected 23 items

../../tests/test_outputs.py .......................                      [100%]

==================================== PASSES ====================================
=========================== short test summary info ============================
PASSED ../../tests/test_outputs.py::test_printing
PASSED ../../tests/test_outputs.py::test_arithmetic
PASSED ../../tests/test_outputs.py::test_stack_control
PASSED ../../tests/test_outputs.py::test_registers
PASSED ../../tests/test_outputs.py::test_arrays
PASSED ../../tests/test_outputs.py::test_parameters
PASSED ../../tests/test_outputs.py::test_strings_and_macros
PASSED ../../tests/test_outputs.py::test_status_inquiry
PASSED ../../tests/test_outputs.py::test_misc_and_comments
PASSED ../../tests/test_outputs.py::test_errors_and_recovery
PASSED ../../tests/test_outputs.py::test_options_and_files
PASSED ../../tests/test_outputs.py::test_mixed_scripts_1
PASSED ../../tests/test_outputs.py::test_mixed_scripts_2
PASSED ../../tests/test_outputs.py::test_mixed_scripts_3
PASSED ../../tests/test_outputs.py::test_mixed_scripts_4
PASSED ../../tests/test_outputs.py::test_random_scripts_1
PASSED ../../tests/test_outputs.py::test_random_scripts_2
PASSED ../../tests/test_outputs.py::test_random_scripts_3
PASSED ../../tests/test_outputs.py::test_random_scripts_4
PASSED ../../tests/test_outputs.py::test_random_scripts_5
PASSED ../../tests/test_outputs.py::test_random_scripts_6
PASSED ../../tests/test_outputs.py::test_random_scripts_7
PASSED ../../tests/test_outputs.py::test_random_scripts_8
============================= 23 passed in 40.00s ==============================
