============================= test session starts ==============================
platform linux -- Python 3.13.12, pytest-9.1.1, pluggy-1.6.0
rootdir: /tests
plugins: json-ctrf-0.5.2
collected 23 items

../../tests/test_outputs.py .F.F..F..FFFFFFFFFFFFFF                      [100%]

=================================== FAILURES ===================================
_______________________________ test_arithmetic ________________________________

    def test_arithmetic():
>       check("arithmetic")

/tests/test_outputs.py:71: 
_ _ _ _ _ _ _ _ _ _ _ _ _ _ _ _ _ _ _ _ _ _ _ _ _ _ _ _ _ _ _ _ _ _ _ _ _ _ _ _ 

family = 'arithmetic'

    def check(family):
        cases = [c for c in CASES if c["family"] == family]
        assert cases, f"no cases for {family}"
        failures = []
        for case in cases:
            want = run([GNU_DC], case)
            got = run(DEMOTE + CANDIDATE, case)
            if got != want:
                failures.append((case, want, got))
        if failures:
            case, want, got = failures[0]
            detail = (f"{len(failures)} of {len(cases)} cases differ; first: dc {case['args']!r} with files "
                      f"{[n for n, _t in case['files']]} and stdin {case['stdin'][:80]!r}: expected {want!r}, got {got!r}")
>           raise AssertionError(detail)
E           AssertionError: 1 of 36 cases differ; first: dc ['-e', '_4vp'] with files [] and stdin '': expected b'', got b'-4\n'

/tests/test_outputs.py:61: AssertionError
________________________________ test_registers ________________________________

    def test_registers():
>       check("registers")

/tests/test_outputs.py:79: 
_ _ _ _ _ _ _ _ _ _ _ _ _ _ _ _ _ _ _ _ _ _ _ _ _ _ _ _ _ _ _ _ _ _ _ _ _ _ _ _ 

family = 'registers'

    def check(family):
        cases = [c for c in CASES if c["family"] == family]
        assert cases, f"no cases for {family}"
        failures = []
        for case in cases:
            want = run([GNU_DC], case)
            got = run(DEMOTE + CANDIDATE, case)
            if got != want:
                failures.append((case, want, got))
        if failures:
            case, want, got = failures[0]
            detail = (f"{len(failures)} of {len(cases)} cases differ; first: dc {case['args']!r} with files "
                      f"{[n for n, _t in case['files']]} and stdin {case['stdin'][:80]!r}: expected {want!r}, got {got!r}")
>           raise AssertionError(detail)
E           AssertionError: 1 of 12 cases differ; first: dc ['-e', 'la p'] with files [] and stdin '': expected b'0\n', got b''

/tests/test_outputs.py:61: AssertionError
___________________________ test_strings_and_macros ____________________________

    def test_strings_and_macros():
>       check("strings")

/tests/test_outputs.py:91: 
_ _ _ _ _ _ _ _ _ _ _ _ _ _ _ _ _ _ _ _ _ _ _ _ _ _ _ _ _ _ _ _ _ _ _ _ _ _ _ _ 

family = 'strings'

    def check(family):
        cases = [c for c in CASES if c["family"] == family]
        assert cases, f"no cases for {family}"
        failures = []
        for case in cases:
            want = run([GNU_DC], case)
            got = run(DEMOTE + CANDIDATE, case)
            if got != want:
                failures.append((case, want, got))
        if failures:
            case, want, got = failures[0]
            detail = (f"{len(failures)} of {len(cases)} cases differ; first: dc {case['args']!r} with files "
                      f"{[n for n, _t in case['files']]} and stdin {case['stdin'][:80]!r}: expected {want!r}, got {got!r}")
>           raise AssertionError(detail)
E           AssertionError: 1 of 40 cases differ; first: dc ['-e', '[3Q]sa [lax 7p]sb lbx 8p'] with files [] and stdin '': expected b'', got b'8\n'

/tests/test_outputs.py:61: AssertionError
___________________________ test_errors_and_recovery ___________________________

    def test_errors_and_recovery():
>       check("errors_and_recovery")

/tests/test_outputs.py:103: 
_ _ _ _ _ _ _ _ _ _ _ _ _ _ _ _ _ _ _ _ _ _ _ _ _ _ _ _ _ _ _ _ _ _ _ _ _ _ _ _ 

family = 'errors_and_recovery'

    def check(family):
        cases = [c for c in CASES if c["family"] == family]
        assert cases, f"no cases for {family}"
        failures = []
        for case in cases:
            want = run([GNU_DC], case)
            got = run(DEMOTE + CANDIDATE, case)
            if got != want:
                failures.append((case, want, got))
        if failures:
            case, want, got = failures[0]
            detail = (f"{len(failures)} of {len(cases)} cases differ; first: dc {case['args']!r} with files "
                      f"{[n for n, _t in case['files']]} and stdin {case['stdin'][:80]!r}: expected {want!r}, got {got!r}")
>           raise AssertionError(detail)
E           AssertionError: 1 of 17 cases differ; first: dc ['-e', 'lz p'] with files [] and stdin '': expected b'0\n', got b''

/tests/test_outputs.py:61: AssertionError
____________________________ test_options_and_files ____________________________

    def test_options_and_files():
>       check("options_and_files")

/tests/test_outputs.py:107: 
_ _ _ _ _ _ _ _ _ _ _ _ _ _ _ _ _ _ _ _ _ _ _ _ _ _ _ _ _ _ _ _ _ _ _ _ _ _ _ _ 

family = 'options_and_files'

    def check(family):
        cases = [c for c in CASES if c["family"] == family]
        assert cases, f"no cases for {family}"
        failures = []
        for case in cases:
            want = run([GNU_DC], case)
            got = run(DEMOTE + CANDIDATE, case)
            if got != want:
                failures.append((case, want, got))
        if failures:
            case, want, got = failures[0]
            detail = (f"{len(failures)} of {len(cases)} cases differ; first: dc {case['args']!r} with files "
                      f"{[n for n, _t in case['files']]} and stdin {case['stdin'][:80]!r}: expected {want!r}, got {got!r}")
>           raise AssertionError(detail)
E           AssertionError: 1 of 15 cases differ; first: dc ['a.dc', 'missing.dc', 'b.dc'] with files ['a.dc', 'b.dc'] and stdin '': expected b'1\n2\n', got b'1\n'

/tests/test_outputs.py:61: AssertionError
_____________________________ test_mixed_scripts_1 _____________________________

    def test_mixed_scripts_1():
>       check("mixed_1")

/tests/test_outputs.py:111: 
_ _ _ _ _ _ _ _ _ _ _ _ _ _ _ _ _ _ _ _ _ _ _ _ _ _ _ _ _ _ _ _ _ _ _ _ _ _ _ _ 

family = 'mixed_1'

    def check(family):
        cases = [c for c in CASES if c["family"] == family]
        assert cases, f"no cases for {family}"
        failures = []
        for case in cases:
            want = run([GNU_DC], case)
            got = run(DEMOTE + CANDIDATE, case)
            if got != want:
                failures.append((case, want, got))
        if failures:
            case, want, got = failures[0]
            detail = (f"{len(failures)} of {len(cases)} cases differ; first: dc {case['args']!r} with files "
                      f"{[n for n, _t in case['files']]} and stdin {case['stdin'][:80]!r}: expected {want!r}, got {got!r}")
>           raise AssertionError(detail)
E           AssertionError: 29 of 76 cases differ; first: dc ['-e', '1 2 <t 7 + [s]P 13 65P [] 1 2 !=t - f z p - 1.000 f'] with files [] and stdin '': expected b'sA0\n\n13\n7\n4\n1.000\n-4\n\n13\n7\n', got b'sA\n13\n7\n3\n1.000\n3\n\n13\n7\n'

/tests/test_outputs.py:61: AssertionError
_____________________________ test_mixed_scripts_2 _____________________________

    def test_mixed_scripts_2():
>       check("mixed_2")

/tests/test_outputs.py:115: 
_ _ _ _ _ _ _ _ _ _ _ _ _ _ _ _ _ _ _ _ _ _ _ _ _ _ _ _ _ _ _ _ _ _ _ _ _ _ _ _ 

family = 'mixed_2'

    def check(family):
        cases = [c for c in CASES if c["family"] == family]
        assert cases, f"no cases for {family}"
        failures = []
        for case in cases:
            want = run([GNU_DC], case)
            got = run(DEMOTE + CANDIDATE, case)
            if got != want:
                failures.append((case, want, got))
        if failures:
            case, want, got = failures[0]
            detail = (f"{len(failures)} of {len(cases)} cases differ; first: dc {case['args']!r} with files "
                      f"{[n for n, _t in case['files']]} and stdin {case['stdin'][:80]!r}: expected {want!r}, got {got!r}")
>           raise AssertionError(detail)
E           AssertionError: 35 of 87 cases differ; first: dc ['-f', 's.dc'] with files ['s.dc'] and stdin '': expected b'1\n0\n1011110.0100010101\n111011101110100101100010101110101111111101001010110001010010010001010\\\n100011000000100111101011011010\n1010\nabc\n1010\n0\n1011110.0100010101\n111011101110100101100010101110101111111101001010110001010010010001010\\\n100011000000100111101011011010\n', got b'1100\n110111011110010000111001110000010.011001011101001101011101110011\n101100110010111100001010000011000011111101111000000100111101101100111\\\n1110100100000111011100001000111000\n1011\n1010\nabc\n1010\n110111011110010000111001110000010.011001011101001101011101110011\n101100110010111100001010000011000011111101111000000100111101101100111\\\n1110100100000111011100001000111000\n1011\n'

/tests/test_outputs.py:61: AssertionError
_____________________________ test_mixed_scripts_3 _____________________________

    def test_mixed_scripts_3():
>       check("mixed_3")

/tests/test_outputs.py:119: 
_ _ _ _ _ _ _ _ _ _ _ _ _ _ _ _ _ _ _ _ _ _ _ _ _ _ _ _ _ _ _ _ _ _ _ _ _ _ _ _ 

family = 'mixed_3'

    def check(family):
        cases = [c for c in CASES if c["family"] == family]
        assert cases, f"no cases for {family}"
        failures = []
        for case in cases:
            want = run([GNU_DC], case)
            got = run(DEMOTE + CANDIDATE, case)
            if got != want:
                failures.append((case, want, got))
        if failures:
            case, want, got = failures[0]
            detail = (f"{len(failures)} of {len(cases)} cases differ; first: dc {case['args']!r} with files "
                      f"{[n for n, _t in case['files']]} and stdin {case['stdin'][:80]!r}: expected {want!r}, got {got!r}")
>           raise AssertionError(detail)
E           AssertionError: 33 of 83 cases differ; first: dc ['-e', 'n 1 ^ f [2Q]x I p f'] with files [] and stdin '': expected b'1\n', got b'1\n10\n10\n1\n'

/tests/test_outputs.py:61: AssertionError
_____________________________ test_mixed_scripts_4 _____________________________

    def test_mixed_scripts_4():
>       check("mixed_4")

/tests/test_outputs.py:123: 
_ _ _ _ _ _ _ _ _ _ _ _ _ _ _ _ _ _ _ _ _ _ _ _ _ _ _ _ _ _ _ _ _ _ _ _ _ _ _ _ 

family = 'mixed_4'

    def check(family):
        cases = [c for c in CASES if c["family"] == family]
        assert cases, f"no cases for {family}"
        failures = []
        for case in cases:
            want = run([GNU_DC], case)
            got = run(DEMOTE + CANDIDATE, case)
            if got != want:
                failures.append((case, want, got))
        if failures:
            case, want, got = failures[0]
            detail = (f"{len(failures)} of {len(cases)} cases differ; first: dc {case['args']!r} with files "
                      f"{[n for n, _t in case['files']]} and stdin {case['stdin'][:80]!r}: expected {want!r}, got {got!r}")
>           raise AssertionError(detail)
E           AssertionError: 31 of 88 cases differ; first: dc [] with files [] and stdin '9 1 ^ ~ 2927429224508858097167367254 _13 v f': expected b'2927429224508858097167367254\n9\n', got b'-13\n2927429224508858097167367254\n9\n'

/tests/test_outputs.py:61: AssertionError
____________________________ test_random_scripts_1 _____________________________

    def test_random_scripts_1():
>       check("random_1")

/tests/test_outputs.py:127: 
_ _ _ _ _ _ _ _ _ _ _ _ _ _ _ _ _ _ _ _ _ _ _ _ _ _ _ _ _ _ _ _ _ _ _ _ _ _ _ _ 

family = 'random_1'

    def check(family):
        cases = [c for c in CASES if c["family"] == family]
        assert cases, f"no cases for {family}"
        failures = []
        for case in cases:
            want = run([GNU_DC], case)
            got = run(DEMOTE + CANDIDATE, case)
            if got != want:
                failures.append((case, want, got))
        if failures:
            case, want, got = failures[0]
            detail = (f"{len(failures)} of {len(cases)} cases differ; first: dc {case['args']!r} with files "
                      f"{[n for n, _t in case['files']]} and stdin {case['stdin'][:80]!r}: expected {want!r}, got {got!r}")
>           raise AssertionError(detail)
E           AssertionError: 46 of 122 cases differ; first: dc ['-e', 'a  728815118056694461003848206620288715155 88.0686 !=u lb [3p]st 7 99.7601 <t [q]st _43 20 >z 8i 0:b + [[3Q]x 7p]x 0 1 1000o 0.5 ^ d [abc] sa f'] with files [] and stdin '': expected b'', got b' 001\n 001\n0\n'

/tests/test_outputs.py:61: AssertionError
____________________________ test_random_scripts_2 _____________________________

    def test_random_scripts_2():
>       check("random_2")

/tests/test_outputs.py:131: 
_ _ _ _ _ _ _ _ _ _ _ _ _ _ _ _ _ _ _ _ _ _ _ _ _ _ _ _ _ _ _ _ _ _ _ _ _ _ _ _ 

family = 'random_2'

    def check(family):
        cases = [c for c in CASES if c["family"] == family]
        assert cases, f"no cases for {family}"
        failures = []
        for case in cases:
            want = run([GNU_DC], case)
            got = run(DEMOTE + CANDIDATE, case)
            if got != want:
                failures.append((case, want, got))
        if failures:
            case, want, got = failures[0]
            detail = (f"{len(failures)} of {len(cases)} cases differ; first: dc {case['args']!r} with files "
                      f"{[n for n, _t in case['files']]} and stdin {case['stdin'][:80]!r}: expected {want!r}, got {got!r}")
>           raise AssertionError(detail)
E           AssertionError: 46 of 130 cases differ; first: dc ['-e', '[[3Q]x 7p]x sa - a % r 0si [li 1+ si li v p li 1>L]sL lLx _B.8 16706P [lqx 8p]sw lwx Z 16 Z - f'] with files [] and stdin '': expected b'', got b'1\nAB8\n-1\n-11.8\n1\n'

/tests/test_outputs.py:61: AssertionError
____________________________ test_random_scripts_3 _____________________________

    def test_random_scripts_3():
>       check("random_3")

/tests/test_outputs.py:135: 
_ _ _ _ _ _ _ _ _ _ _ _ _ _ _ _ _ _ _ _ _ _ _ _ _ _ _ _ _ _ _ _ _ _ _ _ _ _ _ _ 

family = 'random_3'

    def check(family):
        cases = [c for c in CASES if c["family"] == family]
        assert cases, f"no cases for {family}"
        failures = []
        for case in cases:
            want = run([GNU_DC], case)
            got = run(DEMOTE + CANDIDATE, case)
            if got != want:
                failures.append((case, want, got))
        if failures:
            case, want, got = failures[0]
            detail = (f"{len(failures)} of {len(cases)} cases differ; first: dc {case['args']!r} with files "
                      f"{[n for n, _t in case['files']]} and stdin {case['stdin'][:80]!r}: expected {want!r}, got {got!r}")
>           raise AssertionError(detail)
E           AssertionError: 53 of 134 cases differ; first: dc ['-e', 'z _34 [4p]su _16 4465168367379147158272605253099908961158 !<z 3:a + 5847292870065064592377104042691812522698 [3p]x 2 R Z [x y] K p _40 _37 f'] with files [] and stdin '': expected b'3\n0\n-37\n-40\n0\nx y\n40\n3\n-34\n', got b'3\n0\n-37\n-40\n0\nx y\n40\n3\n0\n'

/tests/test_outputs.py:61: AssertionError
____________________________ test_random_scripts_4 _____________________________

    def test_random_scripts_4():
>       check("random_4")

/tests/test_outputs.py:139: 
_ _ _ _ _ _ _ _ _ _ _ _ _ _ _ _ _ _ _ _ _ _ _ _ _ _ _ _ _ _ _ _ _ _ _ _ _ _ _ _ 

family = 'random_4'

    def check(family):
        cases = [c for c in CASES if c["family"] == family]
        assert cases, f"no cases for {family}"
        failures = []
        for case in cases:
            want = run([GNU_DC], case)
            got = run(DEMOTE + CANDIDATE, case)
            if got != want:
                failures.append((case, want, got))
        if failures:
            case, want, got = failures[0]
            detail = (f"{len(failures)} of {len(cases)} cases differ; first: dc {case['args']!r} with files "
                      f"{[n for n, _t in case['files']]} and stdin {case['stdin'][:80]!r}: expected {want!r}, got {got!r}")
>           raise AssertionError(detail)
E           AssertionError: 49 of 115 cases differ; first: dc ['-e', '_22 sb z p la 0si [li 1+ si li p li 6>L]sL lLx [q]sq f'] with files [] and stdin '': expected b'0\n1\n2\n3\n4\n5\n6\n6\n5\n4\n3\n2\n1\n0\n0\n', got b'0\n1\n2\n3\n4\n5\n6\n6\n5\n4\n3\n2\n1\n0\n'

/tests/test_outputs.py:61: AssertionError
____________________________ test_random_scripts_5 _____________________________

    def test_random_scripts_5():
>       check("random_5")

/tests/test_outputs.py:143: 
_ _ _ _ _ _ _ _ _ _ _ _ _ _ _ _ _ _ _ _ _ _ _ _ _ _ _ _ _ _ _ _ _ _ _ _ _ _ _ _ 

family = 'random_5'

    def check(family):
        cases = [c for c in CASES if c["family"] == family]
        assert cases, f"no cases for {family}"
        failures = []
        for case in cases:
            want = run([GNU_DC], case)
            got = run(DEMOTE + CANDIDATE, case)
            if got != want:
                failures.append((case, want, got))
        if failures:
            case, want, got = failures[0]
            detail = (f"{len(failures)} of {len(cases)} cases differ; first: dc {case['args']!r} with files "
                      f"{[n for n, _t in case['files']]} and stdin {case['stdin'][:80]!r}: expected {want!r}, got {got!r}")
>           raise AssertionError(detail)
E           AssertionError: 50 of 128 cases differ; first: dc ['-e', '3k v z p [2Q]x [p] 3.14159265358979 lmx 4 n [lap]sm 15 v ~ [d*]x f'] with files [] and stdin '': expected b'0\n', got b'0\n4.00000196183047\n.811\np\n0\n'

/tests/test_outputs.py:61: AssertionError
____________________________ test_random_scripts_6 _____________________________

    def test_random_scripts_6():
>       check("random_6")

/tests/test_outputs.py:147: 
_ _ _ _ _ _ _ _ _ _ _ _ _ _ _ _ _ _ _ _ _ _ _ _ _ _ _ _ _ _ _ _ _ _ _ _ _ _ _ _ 

family = 'random_6'

    def check(family):
        cases = [c for c in CASES if c["family"] == family]
        assert cases, f"no cases for {family}"
        failures = []
        for case in cases:
            want = run([GNU_DC], case)
            got = run(DEMOTE + CANDIDATE, case)
            if got != want:
                failures.append((case, want, got))
        if failures:
            case, want, got = failures[0]
            detail = (f"{len(failures)} of {len(cases)} cases differ; first: dc {case['args']!r} with files "
                      f"{[n for n, _t in case['files']]} and stdin {case['stdin'][:80]!r}: expected {want!r}, got {got!r}")
>           raise AssertionError(detail)
E           AssertionError: 50 of 115 cases differ; first: dc ['-f', 's.dc'] with files ['s.dc'] and stdin '[x]\n': expected b'8\nx\n-12\n1771504844096679321438834457431181580462\n4.7508\n0\n8\n0\n', got b'8\nx\n-12\n1771504844096679321438834457431181580462\n4.7508\n8\n'

/tests/test_outputs.py:61: AssertionError
____________________________ test_random_scripts_7 _____________________________

    def test_random_scripts_7():
>       check("random_7")

/tests/test_outputs.py:151: 
_ _ _ _ _ _ _ _ _ _ _ _ _ _ _ _ _ _ _ _ _ _ _ _ _ _ _ _ _ _ _ _ _ _ _ _ _ _ _ _ 

family = 'random_7'

    def check(family):
        cases = [c for c in CASES if c["family"] == family]
        assert cases, f"no cases for {family}"
        failures = []
        for case in cases:
            want = run([GNU_DC], case)
            got = run(DEMOTE + CANDIDATE, case)
            if got != want:
                failures.append((case, want, got))
        if failures:
            case, want, got = failures[0]
            detail = (f"{len(failures)} of {len(cases)} cases differ; first: dc {case['args']!r} with files "
                      f"{[n for n, _t in case['files']]} and stdin {case['stdin'][:80]!r}: expected {want!r}, got {got!r}")
>           raise AssertionError(detail)
E           AssertionError: 63 of 125 cases differ; first: dc ['-e', '0.5 ^ lc sc [3p]st 35.9348 18 !>u 0si [li 1+ si li a P li 2>L]sL lLx _3.797 f'] with files [] and stdin '': expected b'\x01\x02-3.797\n0\n.5\n', got b'\x01\x02-3.797\n'

/tests/test_outputs.py:61: AssertionError
____________________________ test_random_scripts_8 _____________________________

    def test_random_scripts_8():
>       check("random_8")

/tests/test_outputs.py:155: 
_ _ _ _ _ _ _ _ _ _ _ _ _ _ _ _ _ _ _ _ _ _ _ _ _ _ _ _ _ _ _ _ _ _ _ _ _ _ _ _ 

family = 'random_8'

    def check(family):
        cases = [c for c in CASES if c["family"] == family]
        assert cases, f"no cases for {family}"
        failures = []
        for case in cases:
            want = run([GNU_DC], case)
            got = run(DEMOTE + CANDIDATE, case)
            if got != want:
                failures.append((case, want, got))
        if failures:
            case, want, got = failures[0]
            detail = (f"{len(failures)} of {len(cases)} cases differ; first: dc {case['args']!r} with files "
                      f"{[n for n, _t in case['files']]} and stdin {case['stdin'][:80]!r}: expected {want!r}, got {got!r}")
>           raise AssertionError(detail)
E           AssertionError: 59 of 126 cases differ; first: dc ['-e', '3o 0;b Sb 96.7736 16 2o [1+]sm 5 lmx [5 6+] 2 R n [5 6+] Ai [3p]st 12 0.0001 !=z [q]sq sa f'] with files [] and stdin '': expected b'1105 6+\n5 6+\n10000\n1100000.11000110000010\n', got b'1105 6+\n10000\n1100000.11000110000010\n'

/tests/test_outputs.py:61: AssertionError
==================================== PASSES ====================================
=========================== short test summary info ============================
PASSED ../../tests/test_outputs.py::test_printing
PASSED ../../tests/test_outputs.py::test_stack_control
PASSED ../../tests/test_outputs.py::test_arrays
PASSED ../../tests/test_outputs.py::test_parameters
PASSED ../../tests/test_outputs.py::test_status_inquiry
PASSED ../../tests/test_outputs.py::test_misc_and_comments
FAILED ../../tests/test_outputs.py::test_arithmetic - AssertionError: 1 of 36...
FAILED ../../tests/test_outputs.py::test_registers - AssertionError: 1 of 12 ...
FAILED ../../tests/test_outputs.py::test_strings_and_macros - AssertionError:...
FAILED ../../tests/test_outputs.py::test_errors_and_recovery - AssertionError...
FAILED ../../tests/test_outputs.py::test_options_and_files - AssertionError: ...
FAILED ../../tests/test_outputs.py::test_mixed_scripts_1 - AssertionError: 29...
FAILED ../../tests/test_outputs.py::test_mixed_scripts_2 - AssertionError: 35...
FAILED ../../tests/test_outputs.py::test_mixed_scripts_3 - AssertionError: 33...
FAILED ../../tests/test_outputs.py::test_mixed_scripts_4 - AssertionError: 31...
FAILED ../../tests/test_outputs.py::test_random_scripts_1 - AssertionError: 4...
FAILED ../../tests/test_outputs.py::test_random_scripts_2 - AssertionError: 4...
FAILED ../../tests/test_outputs.py::test_random_scripts_3 - AssertionError: 5...
FAILED ../../tests/test_outputs.py::test_random_scripts_4 - AssertionError: 4...
FAILED ../../tests/test_outputs.py::test_random_scripts_5 - AssertionError: 5...
FAILED ../../tests/test_outputs.py::test_random_scripts_6 - AssertionError: 5...
FAILED ../../tests/test_outputs.py::test_random_scripts_7 - AssertionError: 6...
FAILED ../../tests/test_outputs.py::test_random_scripts_8 - AssertionError: 5...
======================== 17 failed, 6 passed in 49.29s =========================
