============================= test session starts ==============================
platform linux -- Python 3.13.12, pytest-9.1.1, pluggy-1.6.0
rootdir: /tests
plugins: json-ctrf-0.5.2
collected 23 items

../../tests/test_outputs.py ..........FFFFFFFFFFFFF                      [100%]

=================================== FAILURES ===================================
____________________________ test_options_and_files ____________________________

    def test_options_and_files():
>       check("options_and_files")

/tests/test_outputs.py:107: 
_ _ _ _ _ _ _ _ _ _ _ _ _ _ _ _ _ _ _ _ _ _ _ _ _ _ _ _ _ _ _ _ _ _ _ _ _ _ _ _ 

family = 'options_and_files'

    def check(family):
        cases = [c for c in CASES if c["family"] == family]
        assert cases, f"no cases for {family}"
        failures = []
        for case in cases:
            want = run([GNU_DC], case)
            got = run(DEMOTE + CANDIDATE, case)
            if got != want:
                failures.append((case, want, got))
        if failures:
            case, want, got = failures[0]
            detail = (f"{len(failures)} of {len(cases)} cases differ; first: dc {case['args']!r} with files "
                      f"{[n for n, _t in case['files']]} and stdin {case['stdin'][:80]!r}: expected {want!r}, got {got!r}")
>           raise AssertionError(detail)
E           AssertionError: 4 of 15 cases differ; first: dc ['-f', 'a.dc'] with files ['a.dc'] and stdin '': expected b'3\n', got b''

/tests/test_outputs.py:61: AssertionError
_____________________________ test_mixed_scripts_1 _____________________________

    def test_mixed_scripts_1():
>       check("mixed_1")

/tests/test_outputs.py:111: 
_ _ _ _ _ _ _ _ _ _ _ _ _ _ _ _ _ _ _ _ _ _ _ _ _ _ _ _ _ _ _ _ _ _ _ _ _ _ _ _ 

family = 'mixed_1'

    def check(family):
        cases = [c for c in CASES if c["family"] == family]
        assert cases, f"no cases for {family}"
        failures = []
        for case in cases:
            want = run([GNU_DC], case)
            got = run(DEMOTE + CANDIDATE, case)
            if got != want:
                failures.append((case, want, got))
        if failures:
            case, want, got = failures[0]
            detail = (f"{len(failures)} of {len(cases)} cases differ; first: dc {case['args']!r} with files "
                      f"{[n for n, _t in case['files']]} and stdin {case['stdin'][:80]!r}: expected {want!r}, got {got!r}")
>           raise AssertionError(detail)
E           AssertionError: 20 of 72 cases differ; first: dc ['-f', 's.dc'] with files ['s.dc'] and stdin '': expected b'5\n0\n-46\n', got b''

/tests/test_outputs.py:61: AssertionError
_____________________________ test_mixed_scripts_2 _____________________________

    def test_mixed_scripts_2():
>       check("mixed_2")

/tests/test_outputs.py:115: 
_ _ _ _ _ _ _ _ _ _ _ _ _ _ _ _ _ _ _ _ _ _ _ _ _ _ _ _ _ _ _ _ _ _ _ _ _ _ _ _ 

family = 'mixed_2'

    def check(family):
        cases = [c for c in CASES if c["family"] == family]
        assert cases, f"no cases for {family}"
        failures = []
        for case in cases:
            want = run([GNU_DC], case)
            got = run(DEMOTE + CANDIDATE, case)
            if got != want:
                failures.append((case, want, got))
        if failures:
            case, want, got = failures[0]
            detail = (f"{len(failures)} of {len(cases)} cases differ; first: dc {case['args']!r} with files "
                      f"{[n for n, _t in case['files']]} and stdin {case['stdin'][:80]!r}: expected {want!r}, got {got!r}")
>           raise AssertionError(detail)
E           AssertionError: 26 of 82 cases differ; first: dc ['-f', 's.dc'] with files ['s.dc'] and stdin '': expected b'1\n0\n1011110.0100010101\n111011101110100101100010101110101111111101001010110001010010010001010\\\n100011000000100111101011011010\n1010\nabc\n1010\n0\n1011110.0100010101\n111011101110100101100010101110101111111101001010110001010010010001010\\\n100011000000100111101011011010\n', got b''

/tests/test_outputs.py:61: AssertionError
_____________________________ test_mixed_scripts_3 _____________________________

    def test_mixed_scripts_3():
>       check("mixed_3")

/tests/test_outputs.py:119: 
_ _ _ _ _ _ _ _ _ _ _ _ _ _ _ _ _ _ _ _ _ _ _ _ _ _ _ _ _ _ _ _ _ _ _ _ _ _ _ _ 

family = 'mixed_3'

    def check(family):
        cases = [c for c in CASES if c["family"] == family]
        assert cases, f"no cases for {family}"
        failures = []
        for case in cases:
            want = run([GNU_DC], case)
            got = run(DEMOTE + CANDIDATE, case)
            if got != want:
                failures.append((case, want, got))
        if failures:
            case, want, got = failures[0]
            detail = (f"{len(failures)} of {len(cases)} cases differ; first: dc {case['args']!r} with files "
                      f"{[n for n, _t in case['files']]} and stdin {case['stdin'][:80]!r}: expected {want!r}, got {got!r}")
>           raise AssertionError(detail)
E           AssertionError: 20 of 78 cases differ; first: dc ['-f', 's.dc'] with files ['s.dc'] and stdin '': expected b'74.198\n3\n0\n-15\n', got b''

/tests/test_outputs.py:61: AssertionError
_____________________________ test_mixed_scripts_4 _____________________________

    def test_mixed_scripts_4():
>       check("mixed_4")

/tests/test_outputs.py:123: 
_ _ _ _ _ _ _ _ _ _ _ _ _ _ _ _ _ _ _ _ _ _ _ _ _ _ _ _ _ _ _ _ _ _ _ _ _ _ _ _ 

family = 'mixed_4'

    def check(family):
        cases = [c for c in CASES if c["family"] == family]
        assert cases, f"no cases for {family}"
        failures = []
        for case in cases:
            want = run([GNU_DC], case)
            got = run(DEMOTE + CANDIDATE, case)
            if got != want:
                failures.append((case, want, got))
        if failures:
            case, want, got = failures[0]
            detail = (f"{len(failures)} of {len(cases)} cases differ; first: dc {case['args']!r} with files "
                      f"{[n for n, _t in case['files']]} and stdin {case['stdin'][:80]!r}: expected {want!r}, got {got!r}")
>           raise AssertionError(detail)
E           AssertionError: 11 of 84 cases differ; first: dc ['-f', 's.dc'] with files ['s.dc'] and stdin '': expected b'- 11\n 49 49 87 04 32 04 75 19 89 31 21 62 29 60 15\n 13\n- 36\n 49 49 87 04 32 04 75 19 89 31 21 62 29 60 15\n- 11\n 11\n', got b''

/tests/test_outputs.py:61: AssertionError
____________________________ test_random_scripts_1 _____________________________

    def test_random_scripts_1():
>       check("random_1")

/tests/test_outputs.py:127: 
_ _ _ _ _ _ _ _ _ _ _ _ _ _ _ _ _ _ _ _ _ _ _ _ _ _ _ _ _ _ _ _ _ _ _ _ _ _ _ _ 

family = 'random_1'

    def check(family):
        cases = [c for c in CASES if c["family"] == family]
        assert cases, f"no cases for {family}"
        failures = []
        for case in cases:
            want = run([GNU_DC], case)
            got = run(DEMOTE + CANDIDATE, case)
            if got != want:
                failures.append((case, want, got))
        if failures:
            case, want, got = failures[0]
            detail = (f"{len(failures)} of {len(cases)} cases differ; first: dc {case['args']!r} with files "
                      f"{[n for n, _t in case['files']]} and stdin {case['stdin'][:80]!r}: expected {want!r}, got {got!r}")
>           raise AssertionError(detail)
E           AssertionError: 24 of 117 cases differ; first: dc ['-f', 's.dc'] with files ['s.dc'] and stdin '3 4 +\n': expected b'12\n2\n10\n7\n0\n-.200\n31\n2\n12\n143.10562\n', got b''

/tests/test_outputs.py:61: AssertionError
____________________________ test_random_scripts_2 _____________________________

    def test_random_scripts_2():
>       check("random_2")

/tests/test_outputs.py:131: 
_ _ _ _ _ _ _ _ _ _ _ _ _ _ _ _ _ _ _ _ _ _ _ _ _ _ _ _ _ _ _ _ _ _ _ _ _ _ _ _ 

family = 'random_2'

    def check(family):
        cases = [c for c in CASES if c["family"] == family]
        assert cases, f"no cases for {family}"
        failures = []
        for case in cases:
            want = run([GNU_DC], case)
            got = run(DEMOTE + CANDIDATE, case)
            if got != want:
                failures.append((case, want, got))
        if failures:
            case, want, got = failures[0]
            detail = (f"{len(failures)} of {len(cases)} cases differ; first: dc {case['args']!r} with files "
                      f"{[n for n, _t in case['files']]} and stdin {case['stdin'][:80]!r}: expected {want!r}, got {got!r}")
>           raise AssertionError(detail)
E           AssertionError: 32 of 122 cases differ; first: dc ['-f', 's.dc'] with files ['s.dc'] and stdin '': expected b'0\n62.1079\n-11.8\n', got b''

/tests/test_outputs.py:61: AssertionError
____________________________ test_random_scripts_3 _____________________________

    def test_random_scripts_3():
>       check("random_3")

/tests/test_outputs.py:135: 
_ _ _ _ _ _ _ _ _ _ _ _ _ _ _ _ _ _ _ _ _ _ _ _ _ _ _ _ _ _ _ _ _ _ _ _ _ _ _ _ 

family = 'random_3'

    def check(family):
        cases = [c for c in CASES if c["family"] == family]
        assert cases, f"no cases for {family}"
        failures = []
        for case in cases:
            want = run([GNU_DC], case)
            got = run(DEMOTE + CANDIDATE, case)
            if got != want:
                failures.append((case, want, got))
        if failures:
            case, want, got = failures[0]
            detail = (f"{len(failures)} of {len(cases)} cases differ; first: dc {case['args']!r} with files "
                      f"{[n for n, _t in case['files']]} and stdin {case['stdin'][:80]!r}: expected {want!r}, got {got!r}")
>           raise AssertionError(detail)
E           AssertionError: 18 of 117 cases differ; first: dc ['-f', 's.dc'] with files ['s.dc'] and stdin '': expected b'3\n1\n1\n1\n1\n2\n2\n2\n1 8 27 64 125 1\n-.912\n1\n2\n2\n2\n1\n1\n1\n-2.421\n1\n6\n-29\n3\n0\n', got b''

/tests/test_outputs.py:61: AssertionError
____________________________ test_random_scripts_4 _____________________________

    def test_random_scripts_4():
>       check("random_4")

/tests/test_outputs.py:139: 
_ _ _ _ _ _ _ _ _ _ _ _ _ _ _ _ _ _ _ _ _ _ _ _ _ _ _ _ _ _ _ _ _ _ _ _ _ _ _ _ 

family = 'random_4'

    def check(family):
        cases = [c for c in CASES if c["family"] == family]
        assert cases, f"no cases for {family}"
        failures = []
        for case in cases:
            want = run([GNU_DC], case)
            got = run(DEMOTE + CANDIDATE, case)
            if got != want:
                failures.append((case, want, got))
        if failures:
            case, want, got = failures[0]
            detail = (f"{len(failures)} of {len(cases)} cases differ; first: dc {case['args']!r} with files "
                      f"{[n for n, _t in case['files']]} and stdin {case['stdin'][:80]!r}: expected {want!r}, got {got!r}")
>           raise AssertionError(detail)
E           AssertionError: 22 of 115 cases differ; first: dc ['-f', 's.dc'] with files ['s.dc'] and stdin '': expected b' 01  08  01 10  03 13  07 06 0\n', got b''

/tests/test_outputs.py:61: AssertionError
____________________________ test_random_scripts_5 _____________________________

    def test_random_scripts_5():
>       check("random_5")

/tests/test_outputs.py:143: 
_ _ _ _ _ _ _ _ _ _ _ _ _ _ _ _ _ _ _ _ _ _ _ _ _ _ _ _ _ _ _ _ _ _ _ _ _ _ _ _ 

family = 'random_5'

    def check(family):
        cases = [c for c in CASES if c["family"] == family]
        assert cases, f"no cases for {family}"
        failures = []
        for case in cases:
            want = run([GNU_DC], case)
            got = run(DEMOTE + CANDIDATE, case)
            if got != want:
                failures.append((case, want, got))
        if failures:
            case, want, got = failures[0]
            detail = (f"{len(failures)} of {len(cases)} cases differ; first: dc {case['args']!r} with files "
                      f"{[n for n, _t in case['files']]} and stdin {case['stdin'][:80]!r}: expected {want!r}, got {got!r}")
>           raise AssertionError(detail)
E           AssertionError: 21 of 123 cases differ; first: dc ['-f', 's.dc'] with files ['s.dc'] and stdin '': expected b'10\n10\n', got b''

/tests/test_outputs.py:61: AssertionError
____________________________ test_random_scripts_6 _____________________________

    def test_random_scripts_6():
>       check("random_6")

/tests/test_outputs.py:147: 
_ _ _ _ _ _ _ _ _ _ _ _ _ _ _ _ _ _ _ _ _ _ _ _ _ _ _ _ _ _ _ _ _ _ _ _ _ _ _ _ 

family = 'random_6'

    def check(family):
        cases = [c for c in CASES if c["family"] == family]
        assert cases, f"no cases for {family}"
        failures = []
        for case in cases:
            want = run([GNU_DC], case)
            got = run(DEMOTE + CANDIDATE, case)
            if got != want:
                failures.append((case, want, got))
        if failures:
            case, want, got = failures[0]
            detail = (f"{len(failures)} of {len(cases)} cases differ; first: dc {case['args']!r} with files "
                      f"{[n for n, _t in case['files']]} and stdin {case['stdin'][:80]!r}: expected {want!r}, got {got!r}")
>           raise AssertionError(detail)
E           AssertionError: 22 of 118 cases differ; first: dc ['-f', 's.dc'] with files ['s.dc'] and stdin '': expected b'0\n\x014\n1\n11\n-36\n14\n7\n0\n4\n-5.926\n0\n0\n3735435517759611753128350973114094250937\n0\n', got b''

/tests/test_outputs.py:61: AssertionError
____________________________ test_random_scripts_7 _____________________________

    def test_random_scripts_7():
>       check("random_7")

/tests/test_outputs.py:151: 
_ _ _ _ _ _ _ _ _ _ _ _ _ _ _ _ _ _ _ _ _ _ _ _ _ _ _ _ _ _ _ _ _ _ _ _ _ _ _ _ 

family = 'random_7'

    def check(family):
        cases = [c for c in CASES if c["family"] == family]
        assert cases, f"no cases for {family}"
        failures = []
        for case in cases:
            want = run([GNU_DC], case)
            got = run(DEMOTE + CANDIDATE, case)
            if got != want:
                failures.append((case, want, got))
        if failures:
            case, want, got = failures[0]
            detail = (f"{len(failures)} of {len(cases)} cases differ; first: dc {case['args']!r} with files "
                      f"{[n for n, _t in case['files']]} and stdin {case['stdin'][:80]!r}: expected {want!r}, got {got!r}")
>           raise AssertionError(detail)
E           AssertionError: 26 of 114 cases differ; first: dc ['-f', 's.dc'] with files ['s.dc'] and stdin '': expected b'-54\n20\n2\n0\n5 6+\n', got b''

/tests/test_outputs.py:61: AssertionError
____________________________ test_random_scripts_8 _____________________________

    def test_random_scripts_8():
>       check("random_8")

/tests/test_outputs.py:155: 
_ _ _ _ _ _ _ _ _ _ _ _ _ _ _ _ _ _ _ _ _ _ _ _ _ _ _ _ _ _ _ _ _ _ _ _ _ _ _ _ 

family = 'random_8'

    def check(family):
        cases = [c for c in CASES if c["family"] == family]
        assert cases, f"no cases for {family}"
        failures = []
        for case in cases:
            want = run([GNU_DC], case)
            got = run(DEMOTE + CANDIDATE, case)
            if got != want:
                failures.append((case, want, got))
        if failures:
            case, want, got = failures[0]
            detail = (f"{len(failures)} of {len(cases)} cases differ; first: dc {case['args']!r} with files "
                      f"{[n for n, _t in case['files']]} and stdin {case['stdin'][:80]!r}: expected {want!r}, got {got!r}")
>           raise AssertionError(detail)
E           AssertionError: 30 of 121 cases differ; first: dc ['-f', 's.dc'] with files ['s.dc'] and stdin '': expected b's0\n1\n1\n2\n2\n3\n2\n3\n2\n1\n1\n0\n0\n', got b''

/tests/test_outputs.py:61: AssertionError
==================================== PASSES ====================================
=========================== short test summary info ============================
PASSED ../../tests/test_outputs.py::test_printing
PASSED ../../tests/test_outputs.py::test_arithmetic
PASSED ../../tests/test_outputs.py::test_stack_control
PASSED ../../tests/test_outputs.py::test_registers
PASSED ../../tests/test_outputs.py::test_arrays
PASSED ../../tests/test_outputs.py::test_parameters
PASSED ../../tests/test_outputs.py::test_strings_and_macros
PASSED ../../tests/test_outputs.py::test_status_inquiry
PASSED ../../tests/test_outputs.py::test_misc_and_comments
PASSED ../../tests/test_outputs.py::test_errors_and_recovery
FAILED ../../tests/test_outputs.py::test_options_and_files - AssertionError: ...
FAILED ../../tests/test_outputs.py::test_mixed_scripts_1 - AssertionError: 20...
FAILED ../../tests/test_outputs.py::test_mixed_scripts_2 - AssertionError: 26...
FAILED ../../tests/test_outputs.py::test_mixed_scripts_3 - AssertionError: 20...
FAILED ../../tests/test_outputs.py::test_mixed_scripts_4 - AssertionError: 11...
FAILED ../../tests/test_outputs.py::test_random_scripts_1 - AssertionError: 2...
FAILED ../../tests/test_outputs.py::test_random_scripts_2 - AssertionError: 3...
FAILED ../../tests/test_outputs.py::test_random_scripts_3 - AssertionError: 1...
FAILED ../../tests/test_outputs.py::test_random_scripts_4 - AssertionError: 2...
FAILED ../../tests/test_outputs.py::test_random_scripts_5 - AssertionError: 2...
FAILED ../../tests/test_outputs.py::test_random_scripts_6 - AssertionError: 2...
FAILED ../../tests/test_outputs.py::test_random_scripts_7 - AssertionError: 2...
FAILED ../../tests/test_outputs.py::test_random_scripts_8 - AssertionError: 3...
======================== 13 failed, 10 passed in 27.17s ========================
