============================= test session starts ==============================
platform linux -- Python 3.13.12, pytest-9.1.1, pluggy-1.6.0
rootdir: /tests
plugins: json-ctrf-0.5.2
collected 23 items

../../tests/test_outputs.py ......F....FFFFFFFFFFFF                      [100%]

=================================== FAILURES ===================================
___________________________ test_strings_and_macros ____________________________

    def test_strings_and_macros():
>       check("strings")

/tests/test_outputs.py:91: 
_ _ _ _ _ _ _ _ _ _ _ _ _ _ _ _ _ _ _ _ _ _ _ _ _ _ _ _ _ _ _ _ _ _ _ _ _ _ _ _ 

family = 'strings'

    def check(family):
        cases = [c for c in CASES if c["family"] == family]
        assert cases, f"no cases for {family}"
        failures = []
        for case in cases:
            want = run([GNU_DC], case)
            got = run(DEMOTE + CANDIDATE, case)
            if got != want:
                failures.append((case, want, got))
        if failures:
            case, want, got = failures[0]
            detail = (f"{len(failures)} of {len(cases)} cases differ; first: dc {case['args']!r} with files "
                      f"{[n for n, _t in case['files']]} and stdin {case['stdin'][:80]!r}: expected {want!r}, got {got!r}")
>           raise AssertionError(detail)
E           AssertionError: 4 of 39 cases differ; first: dc ['-e', '[1p]sa 1 2 !=a'] with files [] and stdin '': expected b'1\n', got b''

/tests/test_outputs.py:61: AssertionError
_____________________________ test_mixed_scripts_1 _____________________________

    def test_mixed_scripts_1():
>       check("mixed_1")

/tests/test_outputs.py:111: 
_ _ _ _ _ _ _ _ _ _ _ _ _ _ _ _ _ _ _ _ _ _ _ _ _ _ _ _ _ _ _ _ _ _ _ _ _ _ _ _ 

family = 'mixed_1'

    def check(family):
        cases = [c for c in CASES if c["family"] == family]
        assert cases, f"no cases for {family}"
        failures = []
        for case in cases:
            want = run([GNU_DC], case)
            got = run(DEMOTE + CANDIDATE, case)
            if got != want:
                failures.append((case, want, got))
        if failures:
            case, want, got = failures[0]
            detail = (f"{len(failures)} of {len(cases)} cases differ; first: dc {case['args']!r} with files "
                      f"{[n for n, _t in case['files']]} and stdin {case['stdin'][:80]!r}: expected {want!r}, got {got!r}")
>           raise AssertionError(detail)
E           AssertionError: 12 of 72 cases differ; first: dc ['-e', '1 2 <t 7 + [s]P 13 65P [] 1 2 !=t - f z p - 1.000 f'] with files [] and stdin '': expected b'sA0\n\n13\n7\n4\n1.000\n-4\n\n13\n7\n', got b'sA\n13\n7\n3\n1.000\n3\n\n13\n7\n'

/tests/test_outputs.py:61: AssertionError
_____________________________ test_mixed_scripts_2 _____________________________

    def test_mixed_scripts_2():
>       check("mixed_2")

/tests/test_outputs.py:115: 
_ _ _ _ _ _ _ _ _ _ _ _ _ _ _ _ _ _ _ _ _ _ _ _ _ _ _ _ _ _ _ _ _ _ _ _ _ _ _ _ 

family = 'mixed_2'

    def check(family):
        cases = [c for c in CASES if c["family"] == family]
        assert cases, f"no cases for {family}"
        failures = []
        for case in cases:
            want = run([GNU_DC], case)
            got = run(DEMOTE + CANDIDATE, case)
            if got != want:
                failures.append((case, want, got))
        if failures:
            case, want, got = failures[0]
            detail = (f"{len(failures)} of {len(cases)} cases differ; first: dc {case['args']!r} with files "
                      f"{[n for n, _t in case['files']]} and stdin {case['stdin'][:80]!r}: expected {want!r}, got {got!r}")
>           raise AssertionError(detail)
E           AssertionError: 8 of 82 cases differ; first: dc ['-f', 's.dc'] with files ['s.dc'] and stdin '': expected b'1\n0\n1011110.0100010101\n111011101110100101100010101110101111111101001010110001010010010001010\\\n100011000000100111101011011010\n1010\nabc\n1010\n0\n1011110.0100010101\n111011101110100101100010101110101111111101001010110001010010010001010\\\n100011000000100111101011011010\n', got b'1100\n0\n1011110.0100010101\n101100110010111100001010000011000011111101111000000100111101101100111\\\n1110100100000111011100001000111000\n1011\n1010\nabc\n1010\n0\n1011110.0100010101\n101100110010111100001010000011000011111101111000000100111101101100111\\\n1110100100000111011100001000111000\n1011\n'

/tests/test_outputs.py:61: AssertionError
_____________________________ test_mixed_scripts_3 _____________________________

    def test_mixed_scripts_3():
>       check("mixed_3")

/tests/test_outputs.py:119: 
_ _ _ _ _ _ _ _ _ _ _ _ _ _ _ _ _ _ _ _ _ _ _ _ _ _ _ _ _ _ _ _ _ _ _ _ _ _ _ _ 

family = 'mixed_3'

    def check(family):
        cases = [c for c in CASES if c["family"] == family]
        assert cases, f"no cases for {family}"
        failures = []
        for case in cases:
            want = run([GNU_DC], case)
            got = run(DEMOTE + CANDIDATE, case)
            if got != want:
                failures.append((case, want, got))
        if failures:
            case, want, got = failures[0]
            detail = (f"{len(failures)} of {len(cases)} cases differ; first: dc {case['args']!r} with files "
                      f"{[n for n, _t in case['files']]} and stdin {case['stdin'][:80]!r}: expected {want!r}, got {got!r}")
>           raise AssertionError(detail)
E           AssertionError: 7 of 78 cases differ; first: dc ['-e', 'X 1 2 !=t - 3 3 !>t n z [] 84.764 80.374 2 1 <t f'] with files [] and stdin '': expected b'00\n80.374\n84.764\n\n1\n0\n', got b'0\n80.374\n84.764\n\n0\n'

/tests/test_outputs.py:61: AssertionError
_____________________________ test_mixed_scripts_4 _____________________________

    def test_mixed_scripts_4():
>       check("mixed_4")

/tests/test_outputs.py:123: 
_ _ _ _ _ _ _ _ _ _ _ _ _ _ _ _ _ _ _ _ _ _ _ _ _ _ _ _ _ _ _ _ _ _ _ _ _ _ _ _ 

family = 'mixed_4'

    def check(family):
        cases = [c for c in CASES if c["family"] == family]
        assert cases, f"no cases for {family}"
        failures = []
        for case in cases:
            want = run([GNU_DC], case)
            got = run(DEMOTE + CANDIDATE, case)
            if got != want:
                failures.append((case, want, got))
        if failures:
            case, want, got = failures[0]
            detail = (f"{len(failures)} of {len(cases)} cases differ; first: dc {case['args']!r} with files "
                      f"{[n for n, _t in case['files']]} and stdin {case['stdin'][:80]!r}: expected {want!r}, got {got!r}")
>           raise AssertionError(detail)
E           AssertionError: 10 of 84 cases differ; first: dc ['-e', '.5 19 I p [] 20 * la 2 1 <t 0.0001 [3p]st 3 3 !>t K p 1 f'] with files [] and stdin '': expected b'10\n3\n0\n1\n0\n3\n.0001\n0\n0\n20\n\n10\n19\n.5\n', got b'10\n0\n1\n0\n.0001\n0\n0\n20\n\n10\n19\n.5\n'

/tests/test_outputs.py:61: AssertionError
____________________________ test_random_scripts_1 _____________________________

    def test_random_scripts_1():
>       check("random_1")

/tests/test_outputs.py:127: 
_ _ _ _ _ _ _ _ _ _ _ _ _ _ _ _ _ _ _ _ _ _ _ _ _ _ _ _ _ _ _ _ _ _ _ _ _ _ _ _ 

family = 'random_1'

    def check(family):
        cases = [c for c in CASES if c["family"] == family]
        assert cases, f"no cases for {family}"
        failures = []
        for case in cases:
            want = run([GNU_DC], case)
            got = run(DEMOTE + CANDIDATE, case)
            if got != want:
                failures.append((case, want, got))
        if failures:
            case, want, got = failures[0]
            detail = (f"{len(failures)} of {len(cases)} cases differ; first: dc {case['args']!r} with files "
                      f"{[n for n, _t in case['files']]} and stdin {case['stdin'][:80]!r}: expected {want!r}, got {got!r}")
>           raise AssertionError(detail)
E           AssertionError: 23 of 117 cases differ; first: dc [] with files [] and stdin '8o lmx [x y] / [4p]su 0 4.3405 !>z 0.0001 [lqx 8p]sw lwx + [q]st 782722780798372': expected b'10\n\x00\n0\n1\n.00003\nx y\n0\n', got b'10\n\x00\n1\n.00003\n0\nx y\n0\n'

/tests/test_outputs.py:61: AssertionError
____________________________ test_random_scripts_2 _____________________________

    def test_random_scripts_2():
>       check("random_2")

/tests/test_outputs.py:131: 
_ _ _ _ _ _ _ _ _ _ _ _ _ _ _ _ _ _ _ _ _ _ _ _ _ _ _ _ _ _ _ _ _ _ _ _ _ _ _ _ 

family = 'random_2'

    def check(family):
        cases = [c for c in CASES if c["family"] == family]
        assert cases, f"no cases for {family}"
        failures = []
        for case in cases:
            want = run([GNU_DC], case)
            got = run(DEMOTE + CANDIDATE, case)
            if got != want:
                failures.append((case, want, got))
        if failures:
            case, want, got = failures[0]
            detail = (f"{len(failures)} of {len(cases)} cases differ; first: dc {case['args']!r} with files "
                      f"{[n for n, _t in case['files']]} and stdin {case['stdin'][:80]!r}: expected {want!r}, got {got!r}")
>           raise AssertionError(detail)
E           AssertionError: 27 of 122 cases differ; first: dc ['-e', '17o .5 % Sa Sa p [4p]su _6 3.9135 !<t r 17 f'] with files [] and stdin '': expected b' 01 00\n0\n', got b' 01 00\n'

/tests/test_outputs.py:61: AssertionError
____________________________ test_random_scripts_3 _____________________________

    def test_random_scripts_3():
>       check("random_3")

/tests/test_outputs.py:135: 
_ _ _ _ _ _ _ _ _ _ _ _ _ _ _ _ _ _ _ _ _ _ _ _ _ _ _ _ _ _ _ _ _ _ _ _ _ _ _ _ 

family = 'random_3'

    def check(family):
        cases = [c for c in CASES if c["family"] == family]
        assert cases, f"no cases for {family}"
        failures = []
        for case in cases:
            want = run([GNU_DC], case)
            got = run(DEMOTE + CANDIDATE, case)
            if got != want:
                failures.append((case, want, got))
        if failures:
            case, want, got = failures[0]
            detail = (f"{len(failures)} of {len(cases)} cases differ; first: dc {case['args']!r} with files "
                      f"{[n for n, _t in case['files']]} and stdin {case['stdin'][:80]!r}: expected {want!r}, got {got!r}")
>           raise AssertionError(detail)
E           AssertionError: 24 of 117 cases differ; first: dc ['-e', '1k 0si [li 1+ si li li * p li 6>L]sL lLx [4p]su _59 97.7521 >u [4p]su _35 _1.725 !=u 290432375664039087323582232934651508154 [3p]st 90.166 _27 !>u f'] with files [] and stdin '': expected b'1\n4\n9\n16\n25\n36\n4\n4\n4\n4\n290432375664039087323582232934651508154\n4\n4\n36\n25\n16\n9\n4\n1\n', got b'1\n4\n9\n16\n25\n36\n4\n290432375664039087323582232934651508154\n4\n36\n25\n16\n9\n4\n1\n'

/tests/test_outputs.py:61: AssertionError
____________________________ test_random_scripts_4 _____________________________

    def test_random_scripts_4():
>       check("random_4")

/tests/test_outputs.py:139: 
_ _ _ _ _ _ _ _ _ _ _ _ _ _ _ _ _ _ _ _ _ _ _ _ _ _ _ _ _ _ _ _ _ _ _ _ _ _ _ _ 

family = 'random_4'

    def check(family):
        cases = [c for c in CASES if c["family"] == family]
        assert cases, f"no cases for {family}"
        failures = []
        for case in cases:
            want = run([GNU_DC], case)
            got = run(DEMOTE + CANDIDATE, case)
            if got != want:
                failures.append((case, want, got))
        if failures:
            case, want, got = failures[0]
            detail = (f"{len(failures)} of {len(cases)} cases differ; first: dc {case['args']!r} with files "
                      f"{[n for n, _t in case['files']]} and stdin {case['stdin'][:80]!r}: expected {want!r}, got {got!r}")
>           raise AssertionError(detail)
E           AssertionError: 28 of 115 cases differ; first: dc ['-e', '19 la 0si [li 1+ si li a P li 3>L]sL lLx [d*]x 17 [2Q]st 0 _6 >z [3p]st _22 19 !=t 8o d 6088280460837562632161921201386638996085 [p] f'] with files [] and stdin '': expected b'\x01\x02\x033\np\n107442402507115422255423266474706524406571165\n3\n3\n21\n0\n23\n', got b'\x01\x02\x03p\n107442402507115422255423266474706524406571165\n21\n21\n0\n23\n'

/tests/test_outputs.py:61: AssertionError
____________________________ test_random_scripts_5 _____________________________

    def test_random_scripts_5():
>       check("random_5")

/tests/test_outputs.py:143: 
_ _ _ _ _ _ _ _ _ _ _ _ _ _ _ _ _ _ _ _ _ _ _ _ _ _ _ _ _ _ _ _ _ _ _ _ _ _ _ _ 

family = 'random_5'

    def check(family):
        cases = [c for c in CASES if c["family"] == family]
        assert cases, f"no cases for {family}"
        failures = []
        for case in cases:
            want = run([GNU_DC], case)
            got = run(DEMOTE + CANDIDATE, case)
            if got != want:
                failures.append((case, want, got))
        if failures:
            case, want, got = failures[0]
            detail = (f"{len(failures)} of {len(cases)} cases differ; first: dc {case['args']!r} with files "
                      f"{[n for n, _t in case['files']]} and stdin {case['stdin'][:80]!r}: expected {want!r}, got {got!r}")
>           raise AssertionError(detail)
E           AssertionError: 30 of 123 cases differ; first: dc ['-e', '+ [3p]st 20 12 =t % _1 ^ [3p]st 32.7999 10 >u 35.6556 17 9 4 _7.032 [3p]st 19 79.4135 !>u 14 [abc] 3 17 + f'] with files [] and stdin '': expected b'20\nabc\n14\n-7.032\n4\n9\n17\n35.6556\n-1\n', got b'20\nabc\n14\n0\n-7.032\n4\n9\n17\n35.6556\n-1\n'

/tests/test_outputs.py:61: AssertionError
____________________________ test_random_scripts_6 _____________________________

    def test_random_scripts_6():
>       check("random_6")

/tests/test_outputs.py:147: 
_ _ _ _ _ _ _ _ _ _ _ _ _ _ _ _ _ _ _ _ _ _ _ _ _ _ _ _ _ _ _ _ _ _ _ _ _ _ _ _ 

family = 'random_6'

    def check(family):
        cases = [c for c in CASES if c["family"] == family]
        assert cases, f"no cases for {family}"
        failures = []
        for case in cases:
            want = run([GNU_DC], case)
            got = run(DEMOTE + CANDIDATE, case)
            if got != want:
                failures.append((case, want, got))
        if failures:
            case, want, got = failures[0]
            detail = (f"{len(failures)} of {len(cases)} cases differ; first: dc {case['args']!r} with files "
                      f"{[n for n, _t in case['files']]} and stdin {case['stdin'][:80]!r}: expected {want!r}, got {got!r}")
>           raise AssertionError(detail)
E           AssertionError: 35 of 118 cases differ; first: dc ['-e', '8o [4p]su _1.639 _30 !>z [p] _53 3:a _28 Sb I p f'] with files [] and stdin '': expected b'12\n12\np\n0\n', got b'12\n12\np\n'

/tests/test_outputs.py:61: AssertionError
____________________________ test_random_scripts_7 _____________________________

    def test_random_scripts_7():
>       check("random_7")

/tests/test_outputs.py:151: 
_ _ _ _ _ _ _ _ _ _ _ _ _ _ _ _ _ _ _ _ _ _ _ _ _ _ _ _ _ _ _ _ _ _ _ _ _ _ _ _ 

family = 'random_7'

    def check(family):
        cases = [c for c in CASES if c["family"] == family]
        assert cases, f"no cases for {family}"
        failures = []
        for case in cases:
            want = run([GNU_DC], case)
            got = run(DEMOTE + CANDIDATE, case)
            if got != want:
                failures.append((case, want, got))
        if failures:
            case, want, got = failures[0]
            detail = (f"{len(failures)} of {len(cases)} cases differ; first: dc {case['args']!r} with files "
                      f"{[n for n, _t in case['files']]} and stdin {case['stdin'][:80]!r}: expected {want!r}, got {got!r}")
>           raise AssertionError(detail)
E           AssertionError: 39 of 114 cases differ; first: dc ['-e', '0.5 ^ lc sc [3p]st 35.9348 18 !>u 0si [li 1+ si li a P li 2>L]sL lLx _3.797 f'] with files [] and stdin '': expected b'\x01\x02-3.797\n0\n.5\n', got b'\x01\x02-3.797\n.5\n'

/tests/test_outputs.py:61: AssertionError
____________________________ test_random_scripts_8 _____________________________

    def test_random_scripts_8():
>       check("random_8")

/tests/test_outputs.py:155: 
_ _ _ _ _ _ _ _ _ _ _ _ _ _ _ _ _ _ _ _ _ _ _ _ _ _ _ _ _ _ _ _ _ _ _ _ _ _ _ _ 

family = 'random_8'

    def check(family):
        cases = [c for c in CASES if c["family"] == family]
        assert cases, f"no cases for {family}"
        failures = []
        for case in cases:
            want = run([GNU_DC], case)
            got = run(DEMOTE + CANDIDATE, case)
            if got != want:
                failures.append((case, want, got))
        if failures:
            case, want, got = failures[0]
            detail = (f"{len(failures)} of {len(cases)} cases differ; first: dc {case['args']!r} with files "
                      f"{[n for n, _t in case['files']]} and stdin {case['stdin'][:80]!r}: expected {want!r}, got {got!r}")
>           raise AssertionError(detail)
E           AssertionError: 33 of 121 cases differ; first: dc ['-e', '3o 0;b Sb 96.7736 16 2o [1+]sm 5 lmx [5 6+] 2 R n [5 6+] Ai [3p]st 12 0.0001 !=z [q]sq sa f'] with files [] and stdin '': expected b'1105 6+\n5 6+\n10000\n1100000.11000110000010\n', got b'1105 6+\n10000\n1100000.11000110000010\n'

/tests/test_outputs.py:61: AssertionError
==================================== PASSES ====================================
=========================== short test summary info ============================
PASSED ../../tests/test_outputs.py::test_printing
PASSED ../../tests/test_outputs.py::test_arithmetic
PASSED ../../tests/test_outputs.py::test_stack_control
PASSED ../../tests/test_outputs.py::test_registers
PASSED ../../tests/test_outputs.py::test_arrays
PASSED ../../tests/test_outputs.py::test_parameters
PASSED ../../tests/test_outputs.py::test_status_inquiry
PASSED ../../tests/test_outputs.py::test_misc_and_comments
PASSED ../../tests/test_outputs.py::test_errors_and_recovery
PASSED ../../tests/test_outputs.py::test_options_and_files
FAILED ../../tests/test_outputs.py::test_strings_and_macros - AssertionError:...
FAILED ../../tests/test_outputs.py::test_mixed_scripts_1 - AssertionError: 12...
FAILED ../../tests/test_outputs.py::test_mixed_scripts_2 - AssertionError: 8 ...
FAILED ../../tests/test_outputs.py::test_mixed_scripts_3 - AssertionError: 7 ...
FAILED ../../tests/test_outputs.py::test_mixed_scripts_4 - AssertionError: 10...
FAILED ../../tests/test_outputs.py::test_random_scripts_1 - AssertionError: 2...
FAILED ../../tests/test_outputs.py::test_random_scripts_2 - AssertionError: 2...
FAILED ../../tests/test_outputs.py::test_random_scripts_3 - AssertionError: 2...
FAILED ../../tests/test_outputs.py::test_random_scripts_4 - AssertionError: 2...
FAILED ../../tests/test_outputs.py::test_random_scripts_5 - AssertionError: 3...
FAILED ../../tests/test_outputs.py::test_random_scripts_6 - AssertionError: 3...
FAILED ../../tests/test_outputs.py::test_random_scripts_7 - AssertionError: 3...
FAILED ../../tests/test_outputs.py::test_random_scripts_8 - AssertionError: 3...
======================== 13 failed, 10 passed in 28.94s ========================
