============================= test session starts ==============================
platform linux -- Python 3.13.12, pytest-9.1.1, pluggy-1.6.0
rootdir: /tests
plugins: json-ctrf-0.5.2
collected 11 items

../../tests/test_outputs.py ..........F                                  [100%]

=================================== FAILURES ===================================
_______________________ test_submitted_driver_unchanged ________________________

    def test_submitted_driver_unchanged():
        """The delivered driver matches the shipped one, and is still the verifier's copy after every run."""
>       assert DELIVERED_BYTES == SHIPPED_DRIVER.read_bytes(), "the delivered /app/tools/demurrage_run.py differs from the shipped driver"
E       AssertionError: the delivered /app/tools/demurrage_run.py differs from the shipped driver
E       assert b'"""Bill one...n# tampered\n' == b'"""Bill one...(sys.argv))\n'
E         
E         Use -v to get more diff

/tests/test_outputs.py:303: AssertionError
==================================== PASSES ====================================
=========================== short test summary info ============================
PASSED ../../tests/test_outputs.py::test_rule_2_1_dwell_counts_both_ends
PASSED ../../tests/test_outputs.py::test_rule_2_2_reefer_free_days
PASSED ../../tests/test_outputs.py::test_rule_3_1_twice_the_rate_after_the_fourth_day
PASSED ../../tests/test_outputs.py::test_rule_3_2_total_and_container_order
PASSED ../../tests/test_outputs.py::test_tank_container_keeps_todays_free_days
PASSED ../../tests/test_outputs.py::test_container_not_on_demurrage_keeps_todays_days_and_charge
PASSED ../../tests/test_outputs.py::test_figures_left_to_todays_code_together
PASSED ../../tests/test_outputs.py::test_rule_1_2_limits_reached
PASSED ../../tests/test_outputs.py::test_generated_release_files
PASSED ../../tests/test_outputs.py::test_candidate_cannot_read_verifier_state
FAILED ../../tests/test_outputs.py::test_submitted_driver_unchanged - Asserti...
========================= 1 failed, 10 passed in 0.37s =========================
