============================= test session starts ==============================
platform linux -- Python 3.13.12, pytest-9.1.1, pluggy-1.6.0
rootdir: /tests
plugins: json-ctrf-0.5.2
collected 27 items

../../tests/test_outputs.py ....FF....F....FF.FF.FFFFFF                  [100%]

=================================== FAILURES ===================================
_______________________________ test_substitute ________________________________

    def test_substitute():
>       check("substitute")

/tests/test_outputs.py:223: 
_ _ _ _ _ _ _ _ _ _ _ _ _ _ _ _ _ _ _ _ _ _ _ _ _ _ _ _ _ _ _ _ _ _ _ _ _ _ _ _ 

family = 'substitute'

    def check(family):
        cases = [c for c in CASES if c["family"] == family]
        assert cases, f"no cases for {family}"
        failures = []
        for case in cases:
            want = run([GNU_ED], case)
            got = run(DEMOTE + CANDIDATE, case)
            if got != want:
                failures.append((case, want, got))
        if failures:
            case, want, got = failures[0]
            detail = (f"{len(failures)} of {len(cases)} cases differ; first: ed {case['args']!r} with "
                      f"files {[n for n, _t in case['files']]} and script {case['script']!r} on a "
                      f"{case['stdin']}: expected output {want[0]!r} (zero status: {want[1]}, files: "
                      f"{want[2]!r}), got {got[0]!r} (zero status: {got[1]}, files: {got[2]!r})")
>           raise AssertionError(detail)
E           AssertionError: 1 of 83 cases differ; first: ed ['-s', 'f.txt'] with files ['f.txt'] and script ',s/$/;/\n,p\n' on a pipe: expected output b'alpha one;\nbeta two;\ngamma three;\ndelta four;\nepsilon five;\nzeta six;\neta seven;\ntheta eight;\niota nine;\nkappa ten;\n?\n' (zero status: False, files: {'f.txt': b'alpha one\nbeta two\ngamma three\ndelta four\nepsilon five\nzeta six\neta seven\ntheta eight\niota nine\nkappa ten\n'}), got b'?\nalpha one\nbeta two\ngamma three\ndelta four\nepsilon five\nzeta six\neta seven\ntheta eight\niota nine\nkappa ten\n' (zero status: False, files: {'f.txt': b'alpha one\nbeta two\ngamma three\ndelta four\nepsilon five\nzeta six\neta seven\ntheta eight\niota nine\nkappa ten\n'})

/tests/test_outputs.py:169: AssertionError
_____________________________ test_global_commands _____________________________

    def test_global_commands():
>       check("global_commands")

/tests/test_outputs.py:227: 
_ _ _ _ _ _ _ _ _ _ _ _ _ _ _ _ _ _ _ _ _ _ _ _ _ _ _ _ _ _ _ _ _ _ _ _ _ _ _ _ 

family = 'global_commands'

    def check(family):
        cases = [c for c in CASES if c["family"] == family]
        assert cases, f"no cases for {family}"
        failures = []
        for case in cases:
            want = run([GNU_ED], case)
            got = run(DEMOTE + CANDIDATE, case)
            if got != want:
                failures.append((case, want, got))
        if failures:
            case, want, got = failures[0]
            detail = (f"{len(failures)} of {len(cases)} cases differ; first: ed {case['args']!r} with "
                      f"files {[n for n, _t in case['files']]} and script {case['script']!r} on a "
                      f"{case['stdin']}: expected output {want[0]!r} (zero status: {want[1]}, files: "
                      f"{want[2]!r}), got {got[0]!r} (zero status: {got[1]}, files: {got[2]!r})")
>           raise AssertionError(detail)
E           AssertionError: 1 of 64 cases differ; first: ed ['-s', 'f.txt'] with files ['f.txt'] and script 'gIE\n' on a pipe: expected output b'' (zero status: True, files: {'f.txt': b'alpha one\nbeta two\ngamma three\ndelta four\nepsilon five\nzeta six\neta seven\ntheta eight\niota nine\nkappa ten\n'}), got b'?\n' (zero status: False, files: {'f.txt': b'alpha one\nbeta two\ngamma three\ndelta four\nepsilon five\nzeta six\neta seven\ntheta eight\niota nine\nkappa ten\n'})

/tests/test_outputs.py:169: AssertionError
_____________________________ test_files_and_write _____________________________

    def test_files_and_write():
>       check("files_and_write")

/tests/test_outputs.py:247: 
_ _ _ _ _ _ _ _ _ _ _ _ _ _ _ _ _ _ _ _ _ _ _ _ _ _ _ _ _ _ _ _ _ _ _ _ _ _ _ _ 

family = 'files_and_write'

    def check(family):
        cases = [c for c in CASES if c["family"] == family]
        assert cases, f"no cases for {family}"
        failures = []
        for case in cases:
            want = run([GNU_ED], case)
            got = run(DEMOTE + CANDIDATE, case)
            if got != want:
                failures.append((case, want, got))
        if failures:
            case, want, got = failures[0]
            detail = (f"{len(failures)} of {len(cases)} cases differ; first: ed {case['args']!r} with "
                      f"files {[n for n, _t in case['files']]} and script {case['script']!r} on a "
                      f"{case['stdin']}: expected output {want[0]!r} (zero status: {want[1]}, files: "
                      f"{want[2]!r}), got {got[0]!r} (zero status: {got[1]}, files: {got[2]!r})")
>           raise AssertionError(detail)
E           AssertionError: 1 of 79 cases differ; first: ed [] with files [] and script 'a\nx\n.\nw out\\\n.txt\nQ\n' on a pipe: expected output b'2\n' (zero status: True, files: {'out.txt': b'x\n'}), got b'2\n?\n' (zero status: False, files: {'out\\': b'x\n'})

/tests/test_outputs.py:169: AssertionError
_____________________________ test_mixed_scripts_3 _____________________________

    def test_mixed_scripts_3():
>       check("mixed_scripts_3")

/tests/test_outputs.py:267: 
_ _ _ _ _ _ _ _ _ _ _ _ _ _ _ _ _ _ _ _ _ _ _ _ _ _ _ _ _ _ _ _ _ _ _ _ _ _ _ _ 

family = 'mixed_scripts_3'

    def check(family):
        cases = [c for c in CASES if c["family"] == family]
        assert cases, f"no cases for {family}"
        failures = []
        for case in cases:
            want = run([GNU_ED], case)
            got = run(DEMOTE + CANDIDATE, case)
            if got != want:
                failures.append((case, want, got))
        if failures:
            case, want, got = failures[0]
            detail = (f"{len(failures)} of {len(cases)} cases differ; first: ed {case['args']!r} with "
                      f"files {[n for n, _t in case['files']]} and script {case['script']!r} on a "
                      f"{case['stdin']}: expected output {want[0]!r} (zero status: {want[1]}, files: "
                      f"{want[2]!r}), got {got[0]!r} (zero status: {got[1]}, files: {got[2]!r})")
>           raise AssertionError(detail)
E           AssertionError: 1 of 23 cases differ; first: ed ['-s', 'f.txt'] with files ['f.txt', 'other.txt'] and script "s/$/\\\n/n\n'a+d\n?a?+2;$+1s/o*/E/\n/e/;-d\n,c\n\n.\n'a+;.++a\nx y\n.\n$+1kb\n/nomatch/;=\n/o\\|a/++,$g/a/m0\n,n\n" on a file: expected output b'11\t\n?\n' (zero status: False, files: {'f.txt': b'alpha one\nbeta two\ngamma three\ndelta four\nepsilon five\nzeta six\neta seven\ntheta eight\niota nine\nkappa ten\n', 'other.txt': b'o1\no2\n'}), got b'?\n' (zero status: False, files: {'f.txt': b'alpha one\nbeta two\ngamma three\ndelta four\nepsilon five\nzeta six\neta seven\ntheta eight\niota nine\nkappa ten\n', 'other.txt': b'o1\no2\n'})

/tests/test_outputs.py:169: AssertionError
_____________________________ test_mixed_scripts_4 _____________________________

    def test_mixed_scripts_4():
>       check("mixed_scripts_4")

/tests/test_outputs.py:271: 
_ _ _ _ _ _ _ _ _ _ _ _ _ _ _ _ _ _ _ _ _ _ _ _ _ _ _ _ _ _ _ _ _ _ _ _ _ _ _ _ 

family = 'mixed_scripts_4'

    def check(family):
        cases = [c for c in CASES if c["family"] == family]
        assert cases, f"no cases for {family}"
        failures = []
        for case in cases:
            want = run([GNU_ED], case)
            got = run(DEMOTE + CANDIDATE, case)
            if got != want:
                failures.append((case, want, got))
        if failures:
            case, want, got = failures[0]
            detail = (f"{len(failures)} of {len(cases)} cases differ; first: ed {case['args']!r} with "
                      f"files {[n for n, _t in case['files']]} and script {case['script']!r} on a "
                      f"{case['stdin']}: expected output {want[0]!r} (zero status: {want[1]}, files: "
                      f"{want[2]!r}), got {got[0]!r} (zero status: {got[1]}, files: {got[2]!r})")
>           raise AssertionError(detail)
E           AssertionError: 1 of 26 cases differ; first: ed ['-s', 'f.txt'] with files ['f.txt', 'other.txt'] and script '11-2;j\n\n.;5j\ng/t/s//X/g\n?a?;9s/^/&&/g\nu\n,w f.txt\n,n\n' on a pipe: expected output b'kappa ten\n?\n1\talpha one\n2\tbeXa Xwo\n3\tgamma Xhree\n4\tdelXa four\n5\tepsilon five\n6\tzeXa six\n7\teXa seven\n8\tXheXa eighX\n9\tioXa nine\n10\tkappa Xen\n' (zero status: False, files: {'f.txt': b'alpha one\nbeXa Xwo\ngamma Xhree\ndelXa four\nepsilon five\nzeXa six\neXa seven\nXheXa eighX\nioXa nine\nkappa Xen\n', 'other.txt': b'o1\no2\n'}), got b'kappa ten\n?\n?\n?\n1\talpha one\n2\tbeXa Xwo\n3\tgamma Xhree\n4\tdelXa four\n5\tepsilon five\n6\tzeXa six\n7\teXa seven\n8\tXheXa eighX\n9\tioXa nine\n10\tkappa Xen\n' (zero status: False, files: {'f.txt': b'alpha one\nbeXa Xwo\ngamma Xhree\ndelXa four\nepsilon five\nzeXa six\neXa seven\nXheXa eighX\nioXa nine\nkappa Xen\n', 'other.txt': b'o1\no2\n'})

/tests/test_outputs.py:169: AssertionError
_____________________________ test_mixed_scripts_6 _____________________________

    def test_mixed_scripts_6():
>       check("mixed_scripts_6")

/tests/test_outputs.py:279: 
_ _ _ _ _ _ _ _ _ _ _ _ _ _ _ _ _ _ _ _ _ _ _ _ _ _ _ _ _ _ _ _ _ _ _ _ _ _ _ _ 

family = 'mixed_scripts_6'

    def check(family):
        cases = [c for c in CASES if c["family"] == family]
        assert cases, f"no cases for {family}"
        failures = []
        for case in cases:
            want = run([GNU_ED], case)
            got = run(DEMOTE + CANDIDATE, case)
            if got != want:
                failures.append((case, want, got))
        if failures:
            case, want, got = failures[0]
            detail = (f"{len(failures)} of {len(cases)} cases differ; first: ed {case['args']!r} with "
                      f"files {[n for n, _t in case['files']]} and script {case['script']!r} on a "
                      f"{case['stdin']}: expected output {want[0]!r} (zero status: {want[1]}, files: "
                      f"{want[2]!r}), got {got[0]!r} (zero status: {got[1]}, files: {got[2]!r})")
>           raise AssertionError(detail)
E           AssertionError: 1 of 11 cases differ; first: ed ['-s', '-l', 'f.txt'] with files ['f.txt', 'other.txt'] and script '+=\n?a?++kb\np\n//+1d\n3s/$/<&>/gp\n7;//d\n;$r other.txt\nkb\n,n\n' on a pipe: expected output b'?\n?\nkappa ten\ndelta four<>\n1\talpha one\n2\tgamma three\n3\tdelta four<>\n4\tepsilon five\n5\tzeta six\n6\teta seven\n7\tkappa ten\n8\to1\n9\to2\n?\n' (zero status: True, files: {'f.txt': b'alpha one\nbeta two\ngamma three\ndelta four\nepsilon five\nzeta six\neta seven\ntheta eight\niota nine\nkappa ten\n', 'other.txt': b'o1\no2\n'}), got b'?\n?\nkappa ten\n?\n?\n1\talpha one\n2\tgamma three\n3\tdelta four\n4\tepsilon five\n5\tzeta six\n6\teta seven\n7\ttheta eight\n8\tiota nine\n9\tkappa ten\n10\to1\n11\to2\n?\n' (zero status: True, files: {'f.txt': b'alpha one\nbeta two\ngamma three\ndelta four\nepsilon five\nzeta six\neta seven\ntheta eight\niota nine\nkappa ten\n', 'other.txt': b'o1\no2\n'})

/tests/test_outputs.py:169: AssertionError
_______________________________ test_generated_1 _______________________________

    def test_generated_1():
>       check("generated_1")

/tests/test_outputs.py:283: 
_ _ _ _ _ _ _ _ _ _ _ _ _ _ _ _ _ _ _ _ _ _ _ _ _ _ _ _ _ _ _ _ _ _ _ _ _ _ _ _ 

family = 'generated_1'

    def check(family):
        cases = [c for c in CASES if c["family"] == family]
        assert cases, f"no cases for {family}"
        failures = []
        for case in cases:
            want = run([GNU_ED], case)
            got = run(DEMOTE + CANDIDATE, case)
            if got != want:
                failures.append((case, want, got))
        if failures:
            case, want, got = failures[0]
            detail = (f"{len(failures)} of {len(cases)} cases differ; first: ed {case['args']!r} with "
                      f"files {[n for n, _t in case['files']]} and script {case['script']!r} on a "
                      f"{case['stdin']}: expected output {want[0]!r} (zero status: {want[1]}, files: "
                      f"{want[2]!r}), got {got[0]!r} (zero status: {got[1]}, files: {got[2]!r})")
>           raise AssertionError(detail)
E           AssertionError: 2 of 80 cases differ; first: ed ['-sl', 'f.txt'] with files ['f.txt', 'other.txt'] and script '%j\n3,1d\n -- , 1 s|[[:punct:]]|E\n.-,cn\n.\n,n\n' on a pipe: expected output b'?\n?\n?\ntt th ta|b/slash/phalp\n1\ttt th ta|b/slash/phalp\n?\n' (zero status: True, files: {'f.txt': b'tt th t\na|b\n/slash/\n\nphalp\n', 'other.txt': b'beta two\nabab\nab*c\nabab\na|b\na!b\n[-a]\nphalp\nMixed Case\n  lead\nabab\nfoo bar foo\na-b\n'}), got b'?\n?\n?\n?\n?\n' (zero status: True, files: {'f.txt': b'tt th t\na|b\n/slash/\n\nphalp\n', 'other.txt': b'beta two\nabab\nab*c\nabab\na|b\na!b\n[-a]\nphalp\nMixed Case\n  lead\nabab\nfoo bar foo\na-b\n'})

/tests/test_outputs.py:169: AssertionError
_______________________________ test_generated_3 _______________________________

    def test_generated_3():
>       check("generated_3")

/tests/test_outputs.py:291: 
_ _ _ _ _ _ _ _ _ _ _ _ _ _ _ _ _ _ _ _ _ _ _ _ _ _ _ _ _ _ _ _ _ _ _ _ _ _ _ _ 

family = 'generated_3'

    def check(family):
        cases = [c for c in CASES if c["family"] == family]
        assert cases, f"no cases for {family}"
        failures = []
        for case in cases:
            want = run([GNU_ED], case)
            got = run(DEMOTE + CANDIDATE, case)
            if got != want:
                failures.append((case, want, got))
        if failures:
            case, want, got = failures[0]
            detail = (f"{len(failures)} of {len(cases)} cases differ; first: ed {case['args']!r} with "
                      f"files {[n for n, _t in case['files']]} and script {case['script']!r} on a "
                      f"{case['stdin']}: expected output {want[0]!r} (zero status: {want[1]}, files: "
                      f"{want[2]!r}), got {got[0]!r} (zero status: {got[1]}, files: {got[2]!r})")
>           raise AssertionError(detail)
E           AssertionError: 1 of 80 cases differ; first: ed ['f.txt'] with files ['f.txt', 'other.txt'] and script 'E\n,\ndx\n,p\nf other.txt\n5v#$#\ns.a*b.\\n.pn\n,n\n' on a pipe: expected output b'57\n57\n  lead\n?\nx1 y2 z3\n#hash\ne.e\nalpha one\nx1 y2 z3\nfoo bar foo\n  lead\nother.txt\n?\n1\tx1 y2 z3\n2\t#hash\n3\te.e\n4\talpha one\n5\tx1 y2 z3\n6\tfoo bar foo\n7\t  lead\n' (zero status: False, files: {'f.txt': b'x1 y2 z3\n#hash\ne.e\nalpha one\nx1 y2 z3\nfoo bar foo\n  lead\n', 'other.txt': b'abab\nepsilon five\nab*c\n0\n{2}\nalpha one\nbeta two\n0\ntrail  \n'}), got b'57\n57\n  lead\n?\nx1 y2 z3\n#hash\ne.e\nalpha one\nx1 y2 z3\nfoo bar foo\n  lead\nother.txt\nx1 y2 z3\n?\n1\tx1 y2 z3\n2\t#hash\n3\te.e\n4\talpha one\n5\tx1 y2 z3\n6\tfoo bar foo\n7\t  lead\n' (zero status: False, files: {'f.txt': b'x1 y2 z3\n#hash\ne.e\nalpha one\nx1 y2 z3\nfoo bar foo\n  lead\n', 'other.txt': b'abab\nepsilon five\nab*c\n0\n{2}\nalpha one\nbeta two\n0\ntrail  \n'})

/tests/test_outputs.py:169: AssertionError
_______________________________ test_generated_4 _______________________________

    def test_generated_4():
>       check("generated_4")

/tests/test_outputs.py:295: 
_ _ _ _ _ _ _ _ _ _ _ _ _ _ _ _ _ _ _ _ _ _ _ _ _ _ _ _ _ _ _ _ _ _ _ _ _ _ _ _ 

family = 'generated_4'

    def check(family):
        cases = [c for c in CASES if c["family"] == family]
        assert cases, f"no cases for {family}"
        failures = []
        for case in cases:
            want = run([GNU_ED], case)
            got = run(DEMOTE + CANDIDATE, case)
            if got != want:
                failures.append((case, want, got))
        if failures:
            case, want, got = failures[0]
            detail = (f"{len(failures)} of {len(cases)} cases differ; first: ed {case['args']!r} with "
                      f"files {[n for n, _t in case['files']]} and script {case['script']!r} on a "
                      f"{case['stdin']}: expected output {want[0]!r} (zero status: {want[1]}, files: "
                      f"{want[2]!r}), got {got[0]!r} (zero status: {got[1]}, files: {got[2]!r})")
>           raise AssertionError(detail)
E           AssertionError: 1 of 80 cases differ; first: ed ['-s'] with files ['f.txt', 'other.txt'] and script 'a\ntt th t\ngamma three\nback\\slash\n  lead\nabab\nback\\slash\n.\n,s,$,&&\n2,1p\n- +1,.-wq\n,n\n' on a pipe: expected output b'back\\slash\n?\n?\n1\ttt th t\n2\tgamma three\n3\tback\\slash\n4\t  lead\n5\tabab\n6\tback\\slash\n?\n' (zero status: False, files: {'f.txt': b'beta two\n[-a]\nback\\slash\n[-a]\nunder_score\naaa\ngamma three\nMixed Case\nbeta two\nphalp\ngamma three\n', 'other.txt': b'back\\slash\n  lead\n123\n'}), got b'?\n?\n?\n1\ttt th t\n2\tgamma three\n3\tback\\slash\n4\t  lead\n5\tabab\n6\tback\\slash\n?\n' (zero status: False, files: {'f.txt': b'beta two\n[-a]\nback\\slash\n[-a]\nunder_score\naaa\ngamma three\nMixed Case\nbeta two\nphalp\ngamma three\n', 'other.txt': b'back\\slash\n  lead\n123\n'})

/tests/test_outputs.py:169: AssertionError
_______________________________ test_generated_5 _______________________________

    def test_generated_5():
>       check("generated_5")

/tests/test_outputs.py:299: 
_ _ _ _ _ _ _ _ _ _ _ _ _ _ _ _ _ _ _ _ _ _ _ _ _ _ _ _ _ _ _ _ _ _ _ _ _ _ _ _ 

family = 'generated_5'

    def check(family):
        cases = [c for c in CASES if c["family"] == family]
        assert cases, f"no cases for {family}"
        failures = []
        for case in cases:
            want = run([GNU_ED], case)
            got = run(DEMOTE + CANDIDATE, case)
            if got != want:
                failures.append((case, want, got))
        if failures:
            case, want, got = failures[0]
            detail = (f"{len(failures)} of {len(cases)} cases differ; first: ed {case['args']!r} with "
                      f"files {[n for n, _t in case['files']]} and script {case['script']!r} on a "
                      f"{case['stdin']}: expected output {want[0]!r} (zero status: {want[1]}, files: "
                      f"{want[2]!r}), got {got[0]!r} (zero status: {got[1]}, files: {got[2]!r})")
>           raise AssertionError(detail)
E           AssertionError: 2 of 80 cases differ; first: ed ['f.txt', '-s'] with files ['f.txt', 'other.txt'] and script 'f\tmissing.txt\ns;^\\*;\\\\;n\n4+,.s|o\\{0,1\\}|a\\\nb|gp\n,t--pn\n/a/,jpp\nw\n' on a pipe: expected output b'missing.txt\n?\n?\n10\tx1 y2 z3\n?\n' (zero status: False, files: {'f.txt': b'under_score\ntrail  \nback\\slash\n{2}\nback\\slash\nx1 y2 z3\n', 'missing.txt': b'under_score\ntrail  \nback\\slash\n{2}\nunder_score\ntrail  \nback\\slash\n{2}\nback\\slash\nx1 y2 z3\nback\\slash\nx1 y2 z3\n', 'other.txt': b'123\nabab\nab*c\n#hash\n{2}\n0\nfoo bar foo\nx1 y2 z3\naaa\nMixed Case\n\na!b\na-b\n'}), got b'missing.txt\n?\n?\n9\tx1 y2 z3\n?\n' (zero status: False, files: {'f.txt': b'under_score\ntrail  \nback\\slash\n{2}\nback\\slash\nx1 y2 z3\n', 'missing.txt': b'under_score\ntrail  \nback\\slash\nunder_score\ntrail  \nback\\slash\n{2}\nback\\slash\nx1 y2 z3\n{2}\nback\\slash\nx1 y2 z3\n', 'other.txt': b'123\nabab\nab*c\n#hash\n{2}\n0\nfoo bar foo\nx1 y2 z3\naaa\nMixed Case\n\na!b\na-b\n'})

/tests/test_outputs.py:169: AssertionError
_______________________________ test_generated_6 _______________________________

    def test_generated_6():
>       check("generated_6")

/tests/test_outputs.py:303: 
_ _ _ _ _ _ _ _ _ _ _ _ _ _ _ _ _ _ _ _ _ _ _ _ _ _ _ _ _ _ _ _ _ _ _ _ _ _ _ _ 

family = 'generated_6'

    def check(family):
        cases = [c for c in CASES if c["family"] == family]
        assert cases, f"no cases for {family}"
        failures = []
        for case in cases:
            want = run([GNU_ED], case)
            got = run(DEMOTE + CANDIDATE, case)
            if got != want:
                failures.append((case, want, got))
        if failures:
            case, want, got = failures[0]
            detail = (f"{len(failures)} of {len(cases)} cases differ; first: ed {case['args']!r} with "
                      f"files {[n for n, _t in case['files']]} and script {case['script']!r} on a "
                      f"{case['stdin']}: expected output {want[0]!r} (zero status: {want[1]}, files: "
                      f"{want[2]!r}), got {got[0]!r} (zero status: {got[1]}, files: {got[2]!r})")
>           raise AssertionError(detail)
E           AssertionError: 1 of 80 cases differ; first: ed ['f.txt', '-l'] with files ['f.txt', 'other.txt'] and script 't.\n,i\n.\ns.$.\\2\\1.p\nun\n3,1d\ntq\nip\ne.e\na|b\na|b\n.\n3u\ncp x\n,p\n' on a pipe: expected output b'16\nMixed Case21\n4\tMixed Case\n?\n?\na|b\n?\n?\n\na.b\nMixed Case\ne.e\na|b\na|b\nMixed Case\n?\n' (zero status: True, files: {'f.txt': b'\na.b\nMixed Case\n', 'other.txt': b'a-b\na-b\ntrail  \nab*c\n'}), got b'16\n?\n?\n?\n?\na|b\n?\n?\n\na.b\nMixed Case\ne.e\na|b\na|b\nMixed Case\n?\n' (zero status: True, files: {'f.txt': b'\na.b\nMixed Case\n', 'other.txt': b'a-b\na-b\ntrail  \nab*c\n'})

/tests/test_outputs.py:169: AssertionError
_______________________________ test_generated_7 _______________________________

    def test_generated_7():
>       check("generated_7")

/tests/test_outputs.py:307: 
_ _ _ _ _ _ _ _ _ _ _ _ _ _ _ _ _ _ _ _ _ _ _ _ _ _ _ _ _ _ _ _ _ _ _ _ _ _ _ _ 

family = 'generated_7'

    def check(family):
        cases = [c for c in CASES if c["family"] == family]
        assert cases, f"no cases for {family}"
        failures = []
        for case in cases:
            want = run([GNU_ED], case)
            got = run(DEMOTE + CANDIDATE, case)
            if got != want:
                failures.append((case, want, got))
        if failures:
            case, want, got = failures[0]
            detail = (f"{len(failures)} of {len(cases)} cases differ; first: ed {case['args']!r} with "
                      f"files {[n for n, _t in case['files']]} and script {case['script']!r} on a "
                      f"{case['stdin']}: expected output {want[0]!r} (zero status: {want[1]}, files: "
                      f"{want[2]!r}), got {got[0]!r} (zero status: {got[1]}, files: {got[2]!r})")
>           raise AssertionError(detail)
E           AssertionError: 1 of 80 cases differ; first: ed ['-s', 'f.txt'] with files ['f.txt', 'other.txt'] and script "i\nnew\n.\n,g|$|s/a/A/\\\np\n%w f.txt\nwq\n'b,ap\nbeta\nbeta\n .\n.\n.+,'a+,$s#[[:upper:]]#-&-#p\ns,e.e,<&>,0\nw\n" on a pipe: expected output b'Ab*c\nA|b\nA!b\ne.e\nepsilon five\n[-A]\nbAck\\slash\nA.b\nMixed CAse\nnew\ntt th t\n' (zero status: True, files: {'f.txt': b'Ab*c\nA|b\nA!b\ne.e\nepsilon five\n[-A]\nbAck\\slash\nA.b\nMixed CAse\nnew\ntt th t\n', 'other.txt': b'a-b\ne.e\n0\ntab\there\nx1 y2 z3\ntab\there\ndelta four\nback\\slash\n'}), got b'' (zero status: True, files: {'f.txt': b'ab*c\na|b\na!b\ne.e\nepsilon five\n[-a]\nback\\slash\na.b\nMixed Case\nnew\ntt th t\n', 'other.txt': b'a-b\ne.e\n0\ntab\there\nx1 y2 z3\ntab\there\ndelta four\nback\\slash\n'})

/tests/test_outputs.py:169: AssertionError
_______________________________ test_generated_8 _______________________________

    def test_generated_8():
>       check("generated_8")

/tests/test_outputs.py:311: 
_ _ _ _ _ _ _ _ _ _ _ _ _ _ _ _ _ _ _ _ _ _ _ _ _ _ _ _ _ _ _ _ _ _ _ _ _ _ _ _ 

family = 'generated_8'

    def check(family):
        cases = [c for c in CASES if c["family"] == family]
        assert cases, f"no cases for {family}"
        failures = []
        for case in cases:
            want = run([GNU_ED], case)
            got = run(DEMOTE + CANDIDATE, case)
            if got != want:
                failures.append((case, want, got))
        if failures:
            case, want, got = failures[0]
            detail = (f"{len(failures)} of {len(cases)} cases differ; first: ed {case['args']!r} with "
                      f"files {[n for n, _t in case['files']]} and script {case['script']!r} on a "
                      f"{case['stdin']}: expected output {want[0]!r} (zero status: {want[1]}, files: "
                      f"{want[2]!r}), got {got[0]!r} (zero status: {got[1]}, files: {got[2]!r})")
>           raise AssertionError(detail)
E           AssertionError: 1 of 80 cases differ; first: ed ['f.txt', '-sl'] with files ['f.txt', 'other.txt'] and script " +++ , + v;\\(a\\|al\\)\\(p\\|ph\\);s/./&&/\\\n.=\n2+ipn\ne.e\n.\nun\n=\njpn\n%j\nm'ap\n1+,$,//jpp\n1-cpn\nnew\na|b\n.\nw\n" on a pipe: expected output b'?\n2\n?\n?\n\n?\n2\n?\n?\n?\n?\n?\n?\n{2}\n' (zero status: True, files: {'f.txt': b'{2}\n', 'other.txt': b'tab\there\ntab\there\ntab\there\nphalp\n[-a]\n'}), got b'?\n2\n?\n?\n\n?\n2\n?\n?\n?\n2\ta|b\n' (zero status: True, files: {'f.txt': b'new\na|b\n', 'other.txt': b'tab\there\ntab\there\ntab\there\nphalp\n[-a]\n'})

/tests/test_outputs.py:169: AssertionError
==================================== PASSES ====================================
=========================== short test summary info ============================
PASSED ../../tests/test_outputs.py::test_launcher_stops_delegation_and_foreign_code
PASSED ../../tests/test_outputs.py::test_addresses
PASSED ../../tests/test_outputs.py::test_append_insert_change
PASSED ../../tests/test_outputs.py::test_delete_join_move_copy
PASSED ../../tests/test_outputs.py::test_undo
PASSED ../../tests/test_outputs.py::test_print_list_number
PASSED ../../tests/test_outputs.py::test_regex
PASSED ../../tests/test_outputs.py::test_regex_extended
PASSED ../../tests/test_outputs.py::test_errors_and_exit
PASSED ../../tests/test_outputs.py::test_options
PASSED ../../tests/test_outputs.py::test_mixed_scripts_1
PASSED ../../tests/test_outputs.py::test_mixed_scripts_2
PASSED ../../tests/test_outputs.py::test_mixed_scripts_5
PASSED ../../tests/test_outputs.py::test_generated_2
FAILED ../../tests/test_outputs.py::test_substitute - AssertionError: 1 of 83...
FAILED ../../tests/test_outputs.py::test_global_commands - AssertionError: 1 ...
FAILED ../../tests/test_outputs.py::test_files_and_write - AssertionError: 1 ...
FAILED ../../tests/test_outputs.py::test_mixed_scripts_3 - AssertionError: 1 ...
FAILED ../../tests/test_outputs.py::test_mixed_scripts_4 - AssertionError: 1 ...
FAILED ../../tests/test_outputs.py::test_mixed_scripts_6 - AssertionError: 1 ...
FAILED ../../tests/test_outputs.py::test_generated_1 - AssertionError: 2 of 8...
FAILED ../../tests/test_outputs.py::test_generated_3 - AssertionError: 1 of 8...
FAILED ../../tests/test_outputs.py::test_generated_4 - AssertionError: 1 of 8...
FAILED ../../tests/test_outputs.py::test_generated_5 - AssertionError: 2 of 8...
FAILED ../../tests/test_outputs.py::test_generated_6 - AssertionError: 1 of 8...
FAILED ../../tests/test_outputs.py::test_generated_7 - AssertionError: 1 of 8...
FAILED ../../tests/test_outputs.py::test_generated_8 - AssertionError: 1 of 8...
=================== 13 failed, 14 passed in 65.84s (0:01:05) ===================
