============================= test session starts ==============================
platform linux -- Python 3.13.12, pytest-9.1.1, pluggy-1.6.0
rootdir: /tests
plugins: json-ctrf-0.5.2
collected 21 items

../../tests/test_outputs.py ....F...F....F.FFF...                        [100%]

=================================== FAILURES ===================================
_____________ test_batch_without_blank_results_keeps_shipped_level _____________

    def test_batch_without_blank_results_keeps_shipped_level():
>       check_family("blank_no_results.jsonl")

/tests/test_outputs.py:167: 
_ _ _ _ _ _ _ _ _ _ _ _ _ _ _ _ _ _ _ _ _ _ _ _ _ _ _ _ _ _ _ _ _ _ _ _ _ _ _ _ 
/tests/test_outputs.py:147: in check_family
    compare(reduce(row["batch"]), row["report"], f"{name} batch {number}")
/tests/test_outputs.py:130: in compare
    _number(levels[name], value, f"{label} blank_levels[{name}]")
_ _ _ _ _ _ _ _ _ _ _ _ _ _ _ _ _ _ _ _ _ _ _ _ _ _ _ _ _ _ _ _ _ _ _ _ _ _ _ _ 

actual = 0.0, expected = -1.0
where = 'blank_no_results.jsonl batch 1 blank_levels[Pb]'

    def _number(actual, expected, where):
        assert isinstance(actual, (int, float)) and not isinstance(actual, bool), f"{where}: {actual!r} is not a number"
        bound = REL * abs(expected) if abs(expected) >= 1 else ABS
>       assert abs(actual - expected) <= bound, f"{where}: {actual!r}, expected {expected!r}"
E       AssertionError: blank_no_results.jsonl batch 1 blank_levels[Pb]: 0.0, expected -1.0
E       assert 1.0 <= 1e-06
E        +  where 1.0 = abs((0.0 - -1.0))

/tests/test_outputs.py:122: AssertionError
__________________ test_readings_below_nought_are_not_clamped __________________

    def test_readings_below_nought_are_not_clamped():
>       check_family("negative_readings.jsonl")

/tests/test_outputs.py:183: 
_ _ _ _ _ _ _ _ _ _ _ _ _ _ _ _ _ _ _ _ _ _ _ _ _ _ _ _ _ _ _ _ _ _ _ _ _ _ _ _ 
/tests/test_outputs.py:147: in check_family
    compare(reduce(row["batch"]), row["report"], f"{name} batch {number}")
/tests/test_outputs.py:130: in compare
    _number(levels[name], value, f"{label} blank_levels[{name}]")
_ _ _ _ _ _ _ _ _ _ _ _ _ _ _ _ _ _ _ _ _ _ _ _ _ _ _ _ _ _ _ _ _ _ _ _ _ _ _ _ 

actual = 0.0, expected = -1.0
where = 'negative_readings.jsonl batch 0 blank_levels[Pb]'

    def _number(actual, expected, where):
        assert isinstance(actual, (int, float)) and not isinstance(actual, bool), f"{where}: {actual!r} is not a number"
        bound = REL * abs(expected) if abs(expected) >= 1 else ABS
>       assert abs(actual - expected) <= bound, f"{where}: {actual!r}, expected {expected!r}"
E       AssertionError: negative_readings.jsonl batch 0 blank_levels[Pb]: 0.0, expected -1.0
E       assert 1.0 <= 1e-06
E        +  where 1.0 = abs((0.0 - -1.0))

/tests/test_outputs.py:122: AssertionError
_________________ test_nondetect_spikes_keep_shipped_recovery __________________

    def test_nondetect_spikes_keep_shipped_recovery():
>       check_family("spike_nondetects.jsonl")

/tests/test_outputs.py:203: 
_ _ _ _ _ _ _ _ _ _ _ _ _ _ _ _ _ _ _ _ _ _ _ _ _ _ _ _ _ _ _ _ _ _ _ _ _ _ _ _ 
/tests/test_outputs.py:147: in check_family
    compare(reduce(row["batch"]), row["report"], f"{name} batch {number}")
/tests/test_outputs.py:140: in compare
    _number(a, e, f"{where} {key}")
_ _ _ _ _ _ _ _ _ _ _ _ _ _ _ _ _ _ _ _ _ _ _ _ _ _ _ _ _ _ _ _ _ _ _ _ _ _ _ _ 

actual = 97.5, expected = 48.75
where = 'spike_nondetects.jsonl batch 0 spikes[0] (W-141S, Pb) recovery'

    def _number(actual, expected, where):
        assert isinstance(actual, (int, float)) and not isinstance(actual, bool), f"{where}: {actual!r} is not a number"
        bound = REL * abs(expected) if abs(expected) >= 1 else ABS
>       assert abs(actual - expected) <= bound, f"{where}: {actual!r}, expected {expected!r}"
E       AssertionError: spike_nondetects.jsonl batch 0 spikes[0] (W-141S, Pb) recovery: 97.5, expected 48.75
E       assert 48.75 <= 4.875e-05
E        +  where 48.75 = abs((97.5 - 48.75))

/tests/test_outputs.py:122: AssertionError
_________________________ test_report_order_and_types __________________________

    def test_report_order_and_types():
>       check_family("report_order.jsonl")

/tests/test_outputs.py:211: 
_ _ _ _ _ _ _ _ _ _ _ _ _ _ _ _ _ _ _ _ _ _ _ _ _ _ _ _ _ _ _ _ _ _ _ _ _ _ _ _ 
/tests/test_outputs.py:147: in check_family
    compare(reduce(row["batch"]), row["report"], f"{name} batch {number}")
/tests/test_outputs.py:140: in compare
    _number(a, e, f"{where} {key}")
_ _ _ _ _ _ _ _ _ _ _ _ _ _ _ _ _ _ _ _ _ _ _ _ _ _ _ _ _ _ _ _ _ _ _ _ _ _ _ _ 

actual = 95.0, expected = 47.5
where = 'report_order.jsonl batch 0 spikes[1] (B-SPK, As) recovery'

    def _number(actual, expected, where):
        assert isinstance(actual, (int, float)) and not isinstance(actual, bool), f"{where}: {actual!r} is not a number"
        bound = REL * abs(expected) if abs(expected) >= 1 else ABS
>       assert abs(actual - expected) <= bound, f"{where}: {actual!r}, expected {expected!r}"
E       AssertionError: report_order.jsonl batch 0 spikes[1] (B-SPK, As) recovery: 95.0, expected 47.5
E       assert 47.5 <= 4.7499999999999996e-05
E        +  where 47.5 = abs((95.0 - 47.5))

/tests/test_outputs.py:122: AssertionError
____________________________ test_generated_batches ____________________________

    def test_generated_batches():
>       check_family("generated-1.jsonl")

/tests/test_outputs.py:215: 
_ _ _ _ _ _ _ _ _ _ _ _ _ _ _ _ _ _ _ _ _ _ _ _ _ _ _ _ _ _ _ _ _ _ _ _ _ _ _ _ 
/tests/test_outputs.py:147: in check_family
    compare(reduce(row["batch"]), row["report"], f"{name} batch {number}")
/tests/test_outputs.py:130: in compare
    _number(levels[name], value, f"{label} blank_levels[{name}]")
_ _ _ _ _ _ _ _ _ _ _ _ _ _ _ _ _ _ _ _ _ _ _ _ _ _ _ _ _ _ _ _ _ _ _ _ _ _ _ _ 

actual = 0.0, expected = 0.006223675202672129
where = 'generated-1.jsonl batch 2 blank_levels[Cd]'

    def _number(actual, expected, where):
        assert isinstance(actual, (int, float)) and not isinstance(actual, bool), f"{where}: {actual!r} is not a number"
        bound = REL * abs(expected) if abs(expected) >= 1 else ABS
>       assert abs(actual - expected) <= bound, f"{where}: {actual!r}, expected {expected!r}"
E       AssertionError: generated-1.jsonl batch 2 blank_levels[Cd]: 0.0, expected 0.006223675202672129
E       assert 0.006223675202672129 <= 1e-06
E        +  where 0.006223675202672129 = abs((0.0 - 0.006223675202672129))

/tests/test_outputs.py:122: AssertionError
_____________________________ test_capacity_batch ______________________________

    def test_capacity_batch():
        rows = load("capacity.jsonl")
        batch = rows[0]["batch"]
        assert len(batch["runs"]) == 80 and len(batch["analytes"]) == 4 and len(batch["standards"]) == 8
>       check_family("capacity.jsonl")

/tests/test_outputs.py:223: 
_ _ _ _ _ _ _ _ _ _ _ _ _ _ _ _ _ _ _ _ _ _ _ _ _ _ _ _ _ _ _ _ _ _ _ _ _ _ _ _ 
/tests/test_outputs.py:147: in check_family
    compare(reduce(row["batch"]), row["report"], f"{name} batch {number}")
/tests/test_outputs.py:140: in compare
    _number(a, e, f"{where} {key}")
_ _ _ _ _ _ _ _ _ _ _ _ _ _ _ _ _ _ _ _ _ _ _ _ _ _ _ _ _ _ _ _ _ _ _ _ _ _ _ _ 

actual = 191.78880633982988, expected = 95.89440316991494
where = 'capacity.jsonl batch 0 spikes[0] (R248-13, Mo) recovery'

    def _number(actual, expected, where):
        assert isinstance(actual, (int, float)) and not isinstance(actual, bool), f"{where}: {actual!r} is not a number"
        bound = REL * abs(expected) if abs(expected) >= 1 else ABS
>       assert abs(actual - expected) <= bound, f"{where}: {actual!r}, expected {expected!r}"
E       AssertionError: capacity.jsonl batch 0 spikes[0] (R248-13, Mo) recovery: 191.78880633982988, expected 95.89440316991494
E       assert 95.89440316991494 <= 9.589440316991493e-05
E        +  where 95.89440316991494 = abs((191.78880633982988 - 95.89440316991494))

/tests/test_outputs.py:122: AssertionError
==================================== PASSES ====================================
=========================== short test summary info ============================
PASSED ../../tests/test_outputs.py::test_calibration_line_has_fitted_intercept
PASSED ../../tests/test_outputs.py::test_blank_level_is_mean_of_results_anywhere
PASSED ../../tests/test_outputs.py::test_nondetect_blanks_stay_out_of_the_mean
PASSED ../../tests/test_outputs.py::test_single_blank_result_is_the_level
PASSED ../../tests/test_outputs.py::test_blank_comes_off_before_dilution
PASSED ../../tests/test_outputs.py::test_flags_judged_on_corrected_reading
PASSED ../../tests/test_outputs.py::test_flags_just_either_side_of_mdl_and_loq
PASSED ../../tests/test_outputs.py::test_ccv_pass_on_rounded_recovery_inclusive
PASSED ../../tests/test_outputs.py::test_bracketed_runs_need_both_ccvs
PASSED ../../tests/test_outputs.py::test_unbracketed_runs_keep_shipped_check
PASSED ../../tests/test_outputs.py::test_spike_recovery_of_results
PASSED ../../tests/test_outputs.py::test_section_one_limits_reached
PASSED ../../tests/test_outputs.py::test_driver_is_unchanged
PASSED ../../tests/test_outputs.py::test_candidate_cannot_read_expected_reports
PASSED ../../tests/test_outputs.py::test_candidate_cannot_read_verifier_logs
FAILED ../../tests/test_outputs.py::test_batch_without_blank_results_keeps_shipped_level
FAILED ../../tests/test_outputs.py::test_readings_below_nought_are_not_clamped
FAILED ../../tests/test_outputs.py::test_nondetect_spikes_keep_shipped_recovery
FAILED ../../tests/test_outputs.py::test_report_order_and_types - AssertionEr...
FAILED ../../tests/test_outputs.py::test_generated_batches - AssertionError: ...
FAILED ../../tests/test_outputs.py::test_capacity_batch - AssertionError: cap...
========================= 6 failed, 15 passed in 1.11s =========================
