============================= test session starts ==============================
platform linux -- Python 3.13.12, pytest-9.1.1, pluggy-1.6.0
rootdir: /tests
plugins: json-ctrf-0.5.2
collected 26 items

../../tests/test_outputs.py FFFF.FFFFFFFFFFFFFFFFF..FF                   [100%]

=================================== FAILURES ===================================
____________ test_rule_3_1_weeks_pay_counts_toward_the_week_it_pays ____________

    def test_rule_3_1_weeks_pay_counts_toward_the_week_it_pays():
        """A week's pay counts toward the week before its payday's week, for injuries on every day of the week."""
>       check_family("weeks_pay")

/tests/test_outputs.py:249: 
_ _ _ _ _ _ _ _ _ _ _ _ _ _ _ _ _ _ _ _ _ _ _ _ _ _ _ _ _ _ _ _ _ _ _ _ _ _ _ _ 
/tests/test_outputs.py:244: in check_family
    compare(run(row["job"]), row["statements"], f"{name} job {number}")
_ _ _ _ _ _ _ _ _ _ _ _ _ _ _ _ _ _ _ _ _ _ _ _ _ _ _ _ _ _ _ _ _ _ _ _ _ _ _ _ 

actual = {'statements': [{'claim': 'W287001', 'aww': 129363, 'rate': 77618, 'waiting_days': 3, ...}, {'claim': 'W831002', 'aww': 75727, 'rate': 45436, 'waiting_days': 3, ...}]}
expected = {'statements': [{'claim': 'W287001', 'aww': 129363, 'rate': 86242, 'waiting_days': 3, ...}, {'claim': 'W831002', 'aww': 75727, 'rate': 50485, 'waiting_days': 3, ...}]}
label = 'weeks_pay job 0'

    def compare(actual, expected, label):
        """The whole output: one key, statements in job order, each with exactly the README's keys, every value
        but the claim number an integer (a float or a boolean is not), all equal to the expected ones."""
        assert isinstance(actual, dict) and list(actual) == ["statements"], f"{label}: top-level keys {list(actual) if isinstance(actual, dict) else actual!r}"
        got, want = actual["statements"], expected["statements"]
        assert isinstance(got, list) and len(got) == len(want), f"{label}: {len(got) if isinstance(got, list) else got!r} statements, expected {len(want)}"
        for index, (row, ref) in enumerate(zip(got, want)):
            where = f"{label} statement {index} ({ref['claim']!r})"
            assert isinstance(row, dict) and set(row) == FIELDS, f"{where}: keys {sorted(row) if isinstance(row, dict) else row!r}"
            for key in sorted(FIELDS):
>               assert type(row[key]) is type(ref[key]) and row[key] == ref[key], f"{where} {key}: {row[key]!r}, expected {ref[key]!r}"
E               AssertionError: weeks_pay job 0 statement 0 ('W287001') rate: 77618, expected 86242
E               assert (<class 'int'> is <class 'int'> and 77618 == 86242)
E                +  where <class 'int'> = type(77618)
E                +  and   <class 'int'> = type(86242)

/tests/test_outputs.py:239: AssertionError
___________ test_rule_2_2_line_of_exactly_2000_cents_is_a_weeks_pay ____________

    def test_rule_2_2_line_of_exactly_2000_cents_is_a_weeks_pay():
        """A line of exactly 2,000 cents on an edge payday is a week's pay and moves to the week it pays."""
>       check_family("weeks_pay_threshold")

/tests/test_outputs.py:254: 
_ _ _ _ _ _ _ _ _ _ _ _ _ _ _ _ _ _ _ _ _ _ _ _ _ _ _ _ _ _ _ _ _ _ _ _ _ _ _ _ 
/tests/test_outputs.py:244: in check_family
    compare(run(row["job"]), row["statements"], f"{name} job {number}")
_ _ _ _ _ _ _ _ _ _ _ _ _ _ _ _ _ _ _ _ _ _ _ _ _ _ _ _ _ _ _ _ _ _ _ _ _ _ _ _ 

actual = {'statements': [{'claim': 'W809008', 'aww': 112721, 'rate': 67633, 'waiting_days': 3, ...}, {'claim': 'W616009', 'aww'...84, 'rate': 70010, 'waiting_days': 3, ...}, {'claim': 'W358011', 'aww': 63470, 'rate': 38082, 'waiting_days': 3, ...}]}
expected = {'statements': [{'claim': 'W809008', 'aww': 112721, 'rate': 75147, 'waiting_days': 3, ...}, {'claim': 'W616009', 'aww'...84, 'rate': 77789, 'waiting_days': 3, ...}, {'claim': 'W358011', 'aww': 63470, 'rate': 42313, 'waiting_days': 3, ...}]}
label = 'weeks_pay_threshold job 0'

    def compare(actual, expected, label):
        """The whole output: one key, statements in job order, each with exactly the README's keys, every value
        but the claim number an integer (a float or a boolean is not), all equal to the expected ones."""
        assert isinstance(actual, dict) and list(actual) == ["statements"], f"{label}: top-level keys {list(actual) if isinstance(actual, dict) else actual!r}"
        got, want = actual["statements"], expected["statements"]
        assert isinstance(got, list) and len(got) == len(want), f"{label}: {len(got) if isinstance(got, list) else got!r} statements, expected {len(want)}"
        for index, (row, ref) in enumerate(zip(got, want)):
            where = f"{label} statement {index} ({ref['claim']!r})"
            assert isinstance(row, dict) and set(row) == FIELDS, f"{where}: keys {sorted(row) if isinstance(row, dict) else row!r}"
            for key in sorted(FIELDS):
>               assert type(row[key]) is type(ref[key]) and row[key] == ref[key], f"{where} {key}: {row[key]!r}, expected {ref[key]!r}"
E               AssertionError: weeks_pay_threshold job 0 statement 0 ('W809008') rate: 67633, expected 75147
E               assert (<class 'int'> is <class 'int'> and 67633 == 75147)
E                +  where <class 'int'> = type(67633)
E                +  and   <class 'int'> = type(75147)

/tests/test_outputs.py:239: AssertionError
___________ test_rule_2_3_base_period_ends_before_the_week_of_injury ___________

    def test_rule_2_3_base_period_ends_before_the_week_of_injury():
        """The base period is the thirteen weeks before the week of injury; wages outside it do not count."""
>       check_family("base_period")

/tests/test_outputs.py:259: 
_ _ _ _ _ _ _ _ _ _ _ _ _ _ _ _ _ _ _ _ _ _ _ _ _ _ _ _ _ _ _ _ _ _ _ _ _ _ _ _ 
/tests/test_outputs.py:244: in check_family
    compare(run(row["job"]), row["statements"], f"{name} job {number}")
_ _ _ _ _ _ _ _ _ _ _ _ _ _ _ _ _ _ _ _ _ _ _ _ _ _ _ _ _ _ _ _ _ _ _ _ _ _ _ _ 

actual = {'statements': [{'claim': 'W199012', 'aww': 38713, 'rate': 23228, 'waiting_days': 3, ...}, {'claim': 'W843013', 'aww':...09, 'rate': 16505, 'waiting_days': 3, ...}, {'claim': 'W400015', 'aww': 50447, 'rate': 30268, 'waiting_days': 3, ...}]}
expected = {'statements': [{'claim': 'W199012', 'aww': 38713, 'rate': 25809, 'waiting_days': 3, ...}, {'claim': 'W843013', 'aww':...09, 'rate': 18339, 'waiting_days': 3, ...}, {'claim': 'W400015', 'aww': 50447, 'rate': 33631, 'waiting_days': 3, ...}]}
label = 'base_period job 0'

    def compare(actual, expected, label):
        """The whole output: one key, statements in job order, each with exactly the README's keys, every value
        but the claim number an integer (a float or a boolean is not), all equal to the expected ones."""
        assert isinstance(actual, dict) and list(actual) == ["statements"], f"{label}: top-level keys {list(actual) if isinstance(actual, dict) else actual!r}"
        got, want = actual["statements"], expected["statements"]
        assert isinstance(got, list) and len(got) == len(want), f"{label}: {len(got) if isinstance(got, list) else got!r} statements, expected {len(want)}"
        for index, (row, ref) in enumerate(zip(got, want)):
            where = f"{label} statement {index} ({ref['claim']!r})"
            assert isinstance(row, dict) and set(row) == FIELDS, f"{where}: keys {sorted(row) if isinstance(row, dict) else row!r}"
            for key in sorted(FIELDS):
>               assert type(row[key]) is type(ref[key]) and row[key] == ref[key], f"{where} {key}: {row[key]!r}, expected {ref[key]!r}"
E               AssertionError: base_period job 0 statement 0 ('W199012') rate: 23228, expected 25809
E               assert (<class 'int'> is <class 'int'> and 23228 == 25809)
E                +  where <class 'int'> = type(23228)
E                +  and   <class 'int'> = type(25809)

/tests/test_outputs.py:239: AssertionError
____________ test_rule_3_3_average_weekly_wage_divides_by_thirteen _____________

    def test_rule_3_3_average_weekly_wage_divides_by_thirteen():
        """The base-period wages are divided by thirteen whether one, five, nine, twelve or thirteen weeks were paid."""
>       check_family("average_weekly_wage")

/tests/test_outputs.py:264: 
_ _ _ _ _ _ _ _ _ _ _ _ _ _ _ _ _ _ _ _ _ _ _ _ _ _ _ _ _ _ _ _ _ _ _ _ _ _ _ _ 
/tests/test_outputs.py:244: in check_family
    compare(run(row["job"]), row["statements"], f"{name} job {number}")
_ _ _ _ _ _ _ _ _ _ _ _ _ _ _ _ _ _ _ _ _ _ _ _ _ _ _ _ _ _ _ _ _ _ _ _ _ _ _ _ 

actual = {'statements': [{'claim': 'W924016', 'aww': 12356, 'rate': 7414, 'waiting_days': 3, ...}, {'claim': 'W834017', 'aww': 57638, 'rate': 34583, 'waiting_days': 3, ...}, {'claim': 'W722018', 'aww': 65426, 'rate': 39256, 'waiting_days': 3, ...}]}
expected = {'statements': [{'claim': 'W924016', 'aww': 12356, 'rate': 8237, 'waiting_days': 3, ...}, {'claim': 'W834017', 'aww': 57638, 'rate': 38425, 'waiting_days': 3, ...}, {'claim': 'W722018', 'aww': 65426, 'rate': 43617, 'waiting_days': 3, ...}]}
label = 'average_weekly_wage job 0'

    def compare(actual, expected, label):
        """The whole output: one key, statements in job order, each with exactly the README's keys, every value
        but the claim number an integer (a float or a boolean is not), all equal to the expected ones."""
        assert isinstance(actual, dict) and list(actual) == ["statements"], f"{label}: top-level keys {list(actual) if isinstance(actual, dict) else actual!r}"
        got, want = actual["statements"], expected["statements"]
        assert isinstance(got, list) and len(got) == len(want), f"{label}: {len(got) if isinstance(got, list) else got!r} statements, expected {len(want)}"
        for index, (row, ref) in enumerate(zip(got, want)):
            where = f"{label} statement {index} ({ref['claim']!r})"
            assert isinstance(row, dict) and set(row) == FIELDS, f"{where}: keys {sorted(row) if isinstance(row, dict) else row!r}"
            for key in sorted(FIELDS):
>               assert type(row[key]) is type(ref[key]) and row[key] == ref[key], f"{where} {key}: {row[key]!r}, expected {ref[key]!r}"
E               AssertionError: average_weekly_wage job 0 statement 0 ('W924016') rate: 7414, expected 8237
E               assert (<class 'int'> is <class 'int'> and 7414 == 8237)
E                +  where <class 'int'> = type(7414)
E                +  and   <class 'int'> = type(8237)

/tests/test_outputs.py:239: AssertionError
_______________________ test_rule_3_4_rate_is_two_thirds _______________________

    def test_rule_3_4_rate_is_two_thirds():
        """The weekly rate is two thirds of the average weekly wage, and so is a partial week's share of its loss."""
>       check_family("rate_two_thirds")

/tests/test_outputs.py:274: 
_ _ _ _ _ _ _ _ _ _ _ _ _ _ _ _ _ _ _ _ _ _ _ _ _ _ _ _ _ _ _ _ _ _ _ _ _ _ _ _ 
/tests/test_outputs.py:244: in check_family
    compare(run(row["job"]), row["statements"], f"{name} job {number}")
_ _ _ _ _ _ _ _ _ _ _ _ _ _ _ _ _ _ _ _ _ _ _ _ _ _ _ _ _ _ _ _ _ _ _ _ _ _ _ _ 

actual = {'statements': [{'claim': 'W390023', 'aww': 84437, 'rate': 50662, 'waiting_days': 3, ...}, {'claim': 'W616024', 'aww':...15, 'rate': 70869, 'waiting_days': 3, ...}, {'claim': 'W663026', 'aww': 51499, 'rate': 30899, 'waiting_days': 3, ...}]}
expected = {'statements': [{'claim': 'W390023', 'aww': 84437, 'rate': 56291, 'waiting_days': 3, ...}, {'claim': 'W616024', 'aww':...15, 'rate': 78743, 'waiting_days': 3, ...}, {'claim': 'W663026', 'aww': 51499, 'rate': 34333, 'waiting_days': 3, ...}]}
label = 'rate_two_thirds job 0'

    def compare(actual, expected, label):
        """The whole output: one key, statements in job order, each with exactly the README's keys, every value
        but the claim number an integer (a float or a boolean is not), all equal to the expected ones."""
        assert isinstance(actual, dict) and list(actual) == ["statements"], f"{label}: top-level keys {list(actual) if isinstance(actual, dict) else actual!r}"
        got, want = actual["statements"], expected["statements"]
        assert isinstance(got, list) and len(got) == len(want), f"{label}: {len(got) if isinstance(got, list) else got!r} statements, expected {len(want)}"
        for index, (row, ref) in enumerate(zip(got, want)):
            where = f"{label} statement {index} ({ref['claim']!r})"
            assert isinstance(row, dict) and set(row) == FIELDS, f"{where}: keys {sorted(row) if isinstance(row, dict) else row!r}"
            for key in sorted(FIELDS):
>               assert type(row[key]) is type(ref[key]) and row[key] == ref[key], f"{where} {key}: {row[key]!r}, expected {ref[key]!r}"
E               AssertionError: rate_two_thirds job 0 statement 0 ('W390023') rate: 50662, expected 56291
E               assert (<class 'int'> is <class 'int'> and 50662 == 56291)
E                +  where <class 'int'> = type(50662)
E                +  and   <class 'int'> = type(56291)

/tests/test_outputs.py:239: AssertionError
_______________ test_rule_3_4_maximum_and_minimum_bound_the_rate _______________

    def test_rule_3_4_maximum_and_minimum_bound_the_rate():
        """Two thirds of the average weekly wage at, above and below the maximum and the minimum."""
>       check_family("rate_bounds")

/tests/test_outputs.py:279: 
_ _ _ _ _ _ _ _ _ _ _ _ _ _ _ _ _ _ _ _ _ _ _ _ _ _ _ _ _ _ _ _ _ _ _ _ _ _ _ _ 
/tests/test_outputs.py:244: in check_family
    compare(run(row["job"]), row["statements"], f"{name} job {number}")
_ _ _ _ _ _ _ _ _ _ _ _ _ _ _ _ _ _ _ _ _ _ _ _ _ _ _ _ _ _ _ _ _ _ _ _ _ _ _ _ 

actual = {'statements': [{'claim': 'W500033', 'aww': 150000, 'rate': 90000, 'waiting_days': 3, ...}, {'claim': 'W129034', 'aww'...02, 'rate': 40000, 'waiting_days': 3, ...}, {'claim': 'W834038', 'aww': 59999, 'rate': 40000, 'waiting_days': 3, ...}]}
expected = {'statements': [{'claim': 'W500033', 'aww': 150000, 'rate': 100000, 'waiting_days': 3, ...}, {'claim': 'W129034', 'aww...02, 'rate': 40001, 'waiting_days': 3, ...}, {'claim': 'W834038', 'aww': 59999, 'rate': 40000, 'waiting_days': 3, ...}]}
label = 'rate_bounds job 0'

    def compare(actual, expected, label):
        """The whole output: one key, statements in job order, each with exactly the README's keys, every value
        but the claim number an integer (a float or a boolean is not), all equal to the expected ones."""
        assert isinstance(actual, dict) and list(actual) == ["statements"], f"{label}: top-level keys {list(actual) if isinstance(actual, dict) else actual!r}"
        got, want = actual["statements"], expected["statements"]
        assert isinstance(got, list) and len(got) == len(want), f"{label}: {len(got) if isinstance(got, list) else got!r} statements, expected {len(want)}"
        for index, (row, ref) in enumerate(zip(got, want)):
            where = f"{label} statement {index} ({ref['claim']!r})"
            assert isinstance(row, dict) and set(row) == FIELDS, f"{where}: keys {sorted(row) if isinstance(row, dict) else row!r}"
            for key in sorted(FIELDS):
>               assert type(row[key]) is type(ref[key]) and row[key] == ref[key], f"{where} {key}: {row[key]!r}, expected {ref[key]!r}"
E               AssertionError: rate_bounds job 0 statement 0 ('W500033') rate: 90000, expected 100000
E               assert (<class 'int'> is <class 'int'> and 90000 == 100000)
E                +  where <class 'int'> = type(90000)
E                +  and   <class 'int'> = type(100000)

/tests/test_outputs.py:239: AssertionError
_______________ test_rule_2_4_row_in_force_on_the_date_of_injury _______________

    def test_rule_2_4_row_in_force_on_the_date_of_injury():
        """The maximum and minimum come from the row in force on the date of injury: the day before, on and after a change."""
>       check_family("row_in_force")

/tests/test_outputs.py:284: 
_ _ _ _ _ _ _ _ _ _ _ _ _ _ _ _ _ _ _ _ _ _ _ _ _ _ _ _ _ _ _ _ _ _ _ _ _ _ _ _ 
/tests/test_outputs.py:244: in check_family
    compare(run(row["job"]), row["statements"], f"{name} job {number}")
_ _ _ _ _ _ _ _ _ _ _ _ _ _ _ _ _ _ _ _ _ _ _ _ _ _ _ _ _ _ _ _ _ _ _ _ _ _ _ _ 

actual = {'statements': [{'claim': 'W721029', 'aww': 206880, 'rate': 124128, 'waiting_days': 3, ...}, {'claim': 'W372030', 'aww': 34008, 'rate': 34008, 'waiting_days': 3, ...}]}
expected = {'statements': [{'claim': 'W721029', 'aww': 206880, 'rate': 130000, 'waiting_days': 3, ...}, {'claim': 'W372030', 'aww': 34008, 'rate': 34008, 'waiting_days': 3, ...}]}
label = 'row_in_force job 1'

    def compare(actual, expected, label):
        """The whole output: one key, statements in job order, each with exactly the README's keys, every value
        but the claim number an integer (a float or a boolean is not), all equal to the expected ones."""
        assert isinstance(actual, dict) and list(actual) == ["statements"], f"{label}: top-level keys {list(actual) if isinstance(actual, dict) else actual!r}"
        got, want = actual["statements"], expected["statements"]
        assert isinstance(got, list) and len(got) == len(want), f"{label}: {len(got) if isinstance(got, list) else got!r} statements, expected {len(want)}"
        for index, (row, ref) in enumerate(zip(got, want)):
            where = f"{label} statement {index} ({ref['claim']!r})"
            assert isinstance(row, dict) and set(row) == FIELDS, f"{where}: keys {sorted(row) if isinstance(row, dict) else row!r}"
            for key in sorted(FIELDS):
>               assert type(row[key]) is type(ref[key]) and row[key] == ref[key], f"{where} {key}: {row[key]!r}, expected {ref[key]!r}"
E               AssertionError: row_in_force job 1 statement 0 ('W721029') rate: 124128, expected 130000
E               assert (<class 'int'> is <class 'int'> and 124128 == 130000)
E                +  where <class 'int'> = type(124128)
E                +  and   <class 'int'> = type(130000)

/tests/test_outputs.py:239: AssertionError
____________________ test_rule_3_5_low_wage_rate_is_the_aww ____________________

    def test_rule_3_5_low_wage_rate_is_the_aww():
        """An average weekly wage below the minimum is itself the weekly rate; one at the minimum is not below it."""
>       check_family("low_wage_rate")

/tests/test_outputs.py:289: 
_ _ _ _ _ _ _ _ _ _ _ _ _ _ _ _ _ _ _ _ _ _ _ _ _ _ _ _ _ _ _ _ _ _ _ _ _ _ _ _ 
/tests/test_outputs.py:244: in check_family
    compare(run(row["job"]), row["statements"], f"{name} job {number}")
_ _ _ _ _ _ _ _ _ _ _ _ _ _ _ _ _ _ _ _ _ _ _ _ _ _ _ _ _ _ _ _ _ _ _ _ _ _ _ _ 

actual = {'statements': [{'claim': 'W884039', 'aww': 44999, 'rate': 44999, 'waiting_days': 3, ...}, {'claim': 'W799040', 'aww':...0000, 'rate': 30000, 'waiting_days': 3, ...}, {'claim': 'W937042', 'aww': 2000, 'rate': 2000, 'waiting_days': 3, ...}]}
expected = {'statements': [{'claim': 'W884039', 'aww': 44999, 'rate': 44999, 'waiting_days': 3, ...}, {'claim': 'W799040', 'aww':...0000, 'rate': 30000, 'waiting_days': 3, ...}, {'claim': 'W937042', 'aww': 2000, 'rate': 2000, 'waiting_days': 3, ...}]}
label = 'low_wage_rate job 0'

    def compare(actual, expected, label):
        """The whole output: one key, statements in job order, each with exactly the README's keys, every value
        but the claim number an integer (a float or a boolean is not), all equal to the expected ones."""
        assert isinstance(actual, dict) and list(actual) == ["statements"], f"{label}: top-level keys {list(actual) if isinstance(actual, dict) else actual!r}"
        got, want = actual["statements"], expected["statements"]
        assert isinstance(got, list) and len(got) == len(want), f"{label}: {len(got) if isinstance(got, list) else got!r} statements, expected {len(want)}"
        for index, (row, ref) in enumerate(zip(got, want)):
            where = f"{label} statement {index} ({ref['claim']!r})"
            assert isinstance(row, dict) and set(row) == FIELDS, f"{where}: keys {sorted(row) if isinstance(row, dict) else row!r}"
            for key in sorted(FIELDS):
>               assert type(row[key]) is type(ref[key]) and row[key] == ref[key], f"{where} {key}: {row[key]!r}, expected {ref[key]!r}"
E               AssertionError: low_wage_rate job 0 statement 0 ('W884039') total: 155611, expected 160045
E               assert (<class 'int'> is <class 'int'> and 155611 == 160045)
E                +  where <class 'int'> = type(155611)
E                +  and   <class 'int'> = type(160045)

/tests/test_outputs.py:239: AssertionError
__________________ test_rule_2_5_both_ends_of_a_period_count ___________________

    def test_rule_2_5_both_ends_of_a_period_count():
        """Disability days include the first and last day of every period: one-day periods, 399 days, twelve periods."""
>       check_family("disability_days")

/tests/test_outputs.py:294: 
_ _ _ _ _ _ _ _ _ _ _ _ _ _ _ _ _ _ _ _ _ _ _ _ _ _ _ _ _ _ _ _ _ _ _ _ _ _ _ _ 
/tests/test_outputs.py:244: in check_family
    compare(run(row["job"]), row["statements"], f"{name} job {number}")
_ _ _ _ _ _ _ _ _ _ _ _ _ _ _ _ _ _ _ _ _ _ _ _ _ _ _ _ _ _ _ _ _ _ _ _ _ _ _ _ 

actual = {'statements': [{'claim': 'W529043', 'aww': 92884, 'rate': 55730, 'waiting_days': 1, ...}, {'claim': 'W755044', 'aww':...0, 'rate': 28848, 'waiting_days': 3, ...}, {'claim': 'W515046', 'aww': 107303, 'rate': 64382, 'waiting_days': 3, ...}]}
expected = {'statements': [{'claim': 'W529043', 'aww': 92884, 'rate': 61923, 'waiting_days': 1, ...}, {'claim': 'W755044', 'aww':...0, 'rate': 32053, 'waiting_days': 3, ...}, {'claim': 'W515046', 'aww': 107303, 'rate': 71535, 'waiting_days': 3, ...}]}
label = 'disability_days job 0'

    def compare(actual, expected, label):
        """The whole output: one key, statements in job order, each with exactly the README's keys, every value
        but the claim number an integer (a float or a boolean is not), all equal to the expected ones."""
        assert isinstance(actual, dict) and list(actual) == ["statements"], f"{label}: top-level keys {list(actual) if isinstance(actual, dict) else actual!r}"
        got, want = actual["statements"], expected["statements"]
        assert isinstance(got, list) and len(got) == len(want), f"{label}: {len(got) if isinstance(got, list) else got!r} statements, expected {len(want)}"
        for index, (row, ref) in enumerate(zip(got, want)):
            where = f"{label} statement {index} ({ref['claim']!r})"
            assert isinstance(row, dict) and set(row) == FIELDS, f"{where}: keys {sorted(row) if isinstance(row, dict) else row!r}"
            for key in sorted(FIELDS):
>               assert type(row[key]) is type(ref[key]) and row[key] == ref[key], f"{where} {key}: {row[key]!r}, expected {ref[key]!r}"
E               AssertionError: disability_days job 0 statement 0 ('W529043') rate: 55730, expected 61923
E               assert (<class 'int'> is <class 'int'> and 55730 == 61923)
E                +  where <class 'int'> = type(55730)
E                +  and   <class 'int'> = type(61923)

/tests/test_outputs.py:239: AssertionError
_______________________ test_rule_2_6_three_waiting_days _______________________

    def test_rule_2_6_three_waiting_days():
        """The waiting period is the first three disability days, or all of them when there are fewer."""
>       check_family("waiting_period")

/tests/test_outputs.py:299: 
_ _ _ _ _ _ _ _ _ _ _ _ _ _ _ _ _ _ _ _ _ _ _ _ _ _ _ _ _ _ _ _ _ _ _ _ _ _ _ _ 
/tests/test_outputs.py:244: in check_family
    compare(run(row["job"]), row["statements"], f"{name} job {number}")
_ _ _ _ _ _ _ _ _ _ _ _ _ _ _ _ _ _ _ _ _ _ _ _ _ _ _ _ _ _ _ _ _ _ _ _ _ _ _ _ 

actual = {'statements': [{'claim': 'W369047', 'aww': 129334, 'rate': 77600, 'waiting_days': 1, ...}, {'claim': 'W739048', 'aww'...8, 'rate': 58457, 'waiting_days': 3, ...}, {'claim': 'W189051', 'aww': 133675, 'rate': 80205, 'waiting_days': 3, ...}]}
expected = {'statements': [{'claim': 'W369047', 'aww': 129334, 'rate': 86223, 'waiting_days': 1, ...}, {'claim': 'W739048', 'aww'...8, 'rate': 64952, 'waiting_days': 3, ...}, {'claim': 'W189051', 'aww': 133675, 'rate': 89117, 'waiting_days': 3, ...}]}
label = 'waiting_period job 0'

    def compare(actual, expected, label):
        """The whole output: one key, statements in job order, each with exactly the README's keys, every value
        but the claim number an integer (a float or a boolean is not), all equal to the expected ones."""
        assert isinstance(actual, dict) and list(actual) == ["statements"], f"{label}: top-level keys {list(actual) if isinstance(actual, dict) else actual!r}"
        got, want = actual["statements"], expected["statements"]
        assert isinstance(got, list) and len(got) == len(want), f"{label}: {len(got) if isinstance(got, list) else got!r} statements, expected {len(want)}"
        for index, (row, ref) in enumerate(zip(got, want)):
            where = f"{label} statement {index} ({ref['claim']!r})"
            assert isinstance(row, dict) and set(row) == FIELDS, f"{where}: keys {sorted(row) if isinstance(row, dict) else row!r}"
            for key in sorted(FIELDS):
>               assert type(row[key]) is type(ref[key]) and row[key] == ref[key], f"{where} {key}: {row[key]!r}, expected {ref[key]!r}"
E               AssertionError: waiting_period job 0 statement 0 ('W369047') rate: 77600, expected 86223
E               assert (<class 'int'> is <class 'int'> and 77600 == 86223)
E                +  where <class 'int'> = type(77600)
E                +  and   <class 'int'> = type(86223)

/tests/test_outputs.py:239: AssertionError
_________________ test_rule_4_1_retroactive_from_fourteen_days _________________

    def test_rule_4_1_retroactive_from_fourteen_days():
        """The waiting days are paid back from fourteen disability days (13, 14 in one and three periods, 15)."""
>       check_family("retroactive_days")

/tests/test_outputs.py:304: 
_ _ _ _ _ _ _ _ _ _ _ _ _ _ _ _ _ _ _ _ _ _ _ _ _ _ _ _ _ _ _ _ _ _ _ _ _ _ _ _ 
/tests/test_outputs.py:244: in check_family
    compare(run(row["job"]), row["statements"], f"{name} job {number}")
_ _ _ _ _ _ _ _ _ _ _ _ _ _ _ _ _ _ _ _ _ _ _ _ _ _ _ _ _ _ _ _ _ _ _ _ _ _ _ _ 

actual = {'statements': [{'claim': 'W335052', 'aww': 128564, 'rate': 77138, 'waiting_days': 3, ...}, {'claim': 'W629053', 'aww'...67, 'rate': 46120, 'waiting_days': 3, ...}, {'claim': 'W482055', 'aww': 54565, 'rate': 32739, 'waiting_days': 3, ...}]}
expected = {'statements': [{'claim': 'W335052', 'aww': 128564, 'rate': 85709, 'waiting_days': 3, ...}, {'claim': 'W629053', 'aww'...67, 'rate': 51245, 'waiting_days': 3, ...}, {'claim': 'W482055', 'aww': 54565, 'rate': 36377, 'waiting_days': 3, ...}]}
label = 'retroactive_days job 0'

    def compare(actual, expected, label):
        """The whole output: one key, statements in job order, each with exactly the README's keys, every value
        but the claim number an integer (a float or a boolean is not), all equal to the expected ones."""
        assert isinstance(actual, dict) and list(actual) == ["statements"], f"{label}: top-level keys {list(actual) if isinstance(actual, dict) else actual!r}"
        got, want = actual["statements"], expected["statements"]
        assert isinstance(got, list) and len(got) == len(want), f"{label}: {len(got) if isinstance(got, list) else got!r} statements, expected {len(want)}"
        for index, (row, ref) in enumerate(zip(got, want)):
            where = f"{label} statement {index} ({ref['claim']!r})"
            assert isinstance(row, dict) and set(row) == FIELDS, f"{where}: keys {sorted(row) if isinstance(row, dict) else row!r}"
            for key in sorted(FIELDS):
>               assert type(row[key]) is type(ref[key]) and row[key] == ref[key], f"{where} {key}: {row[key]!r}, expected {ref[key]!r}"
E               AssertionError: retroactive_days job 0 statement 0 ('W335052') rate: 77138, expected 85709
E               assert (<class 'int'> is <class 'int'> and 77138 == 85709)
E                +  where <class 'int'> = type(77138)
E                +  and   <class 'int'> = type(85709)

/tests/test_outputs.py:239: AssertionError
___________________ test_rule_4_3_amount_rounded_to_the_cent ___________________

    def test_rule_4_3_amount_rounded_to_the_cent():
        """The total-disability amount is rate times paid days over seven, to the nearest cent (every remainder)."""
>       check_family("ttd_rounding")

/tests/test_outputs.py:309: 
_ _ _ _ _ _ _ _ _ _ _ _ _ _ _ _ _ _ _ _ _ _ _ _ _ _ _ _ _ _ _ _ _ _ _ _ _ _ _ _ 
/tests/test_outputs.py:244: in check_family
    compare(run(row["job"]), row["statements"], f"{name} job {number}")
_ _ _ _ _ _ _ _ _ _ _ _ _ _ _ _ _ _ _ _ _ _ _ _ _ _ _ _ _ _ _ _ _ _ _ _ _ _ _ _ 

actual = {'statements': [{'claim': 'W486056', 'aww': 126833, 'rate': 76100, 'waiting_days': 3, ...}, {'claim': 'W550059', 'aww'...44, 'rate': 57746, 'waiting_days': 3, ...}, {'claim': 'W928069', 'aww': 62812, 'rate': 37687, 'waiting_days': 3, ...}]}
expected = {'statements': [{'claim': 'W486056', 'aww': 126833, 'rate': 84555, 'waiting_days': 3, ...}, {'claim': 'W550059', 'aww'...44, 'rate': 64163, 'waiting_days': 3, ...}, {'claim': 'W928069', 'aww': 62812, 'rate': 41875, 'waiting_days': 3, ...}]}
label = 'ttd_rounding job 0'

    def compare(actual, expected, label):
        """The whole output: one key, statements in job order, each with exactly the README's keys, every value
        but the claim number an integer (a float or a boolean is not), all equal to the expected ones."""
        assert isinstance(actual, dict) and list(actual) == ["statements"], f"{label}: top-level keys {list(actual) if isinstance(actual, dict) else actual!r}"
        got, want = actual["statements"], expected["statements"]
        assert isinstance(got, list) and len(got) == len(want), f"{label}: {len(got) if isinstance(got, list) else got!r} statements, expected {len(want)}"
        for index, (row, ref) in enumerate(zip(got, want)):
            where = f"{label} statement {index} ({ref['claim']!r})"
            assert isinstance(row, dict) and set(row) == FIELDS, f"{where}: keys {sorted(row) if isinstance(row, dict) else row!r}"
            for key in sorted(FIELDS):
>               assert type(row[key]) is type(ref[key]) and row[key] == ref[key], f"{where} {key}: {row[key]!r}, expected {ref[key]!r}"
E               AssertionError: ttd_rounding job 0 statement 0 ('W486056') rate: 76100, expected 84555
E               assert (<class 'int'> is <class 'int'> and 76100 == 84555)
E                +  where <class 'int'> = type(76100)
E                +  and   <class 'int'> = type(84555)

/tests/test_outputs.py:239: AssertionError
________ test_rule_5_1_partial_week_pays_two_thirds_capped_at_the_rate _________

    def test_rule_5_1_partial_week_pays_two_thirds_capped_at_the_rate():
        """A week of partial disability pays two thirds of its wage loss, no more than the weekly rate."""
>       check_family("partial_benefit")

/tests/test_outputs.py:314: 
_ _ _ _ _ _ _ _ _ _ _ _ _ _ _ _ _ _ _ _ _ _ _ _ _ _ _ _ _ _ _ _ _ _ _ _ _ _ _ _ 
/tests/test_outputs.py:244: in check_family
    compare(run(row["job"]), row["statements"], f"{name} job {number}")
_ _ _ _ _ _ _ _ _ _ _ _ _ _ _ _ _ _ _ _ _ _ _ _ _ _ _ _ _ _ _ _ _ _ _ _ _ _ _ _ 

actual = {'statements': [{'claim': 'W661070', 'aww': 136747, 'rate': 70000, 'waiting_days': 3, ...}, {'claim': 'W423071', 'aww'...2, 'rate': 55003, 'waiting_days': 3, ...}, {'claim': 'W375072', 'aww': 153687, 'rate': 70000, 'waiting_days': 3, ...}]}
expected = {'statements': [{'claim': 'W661070', 'aww': 136747, 'rate': 70000, 'waiting_days': 3, ...}, {'claim': 'W423071', 'aww'...2, 'rate': 61115, 'waiting_days': 3, ...}, {'claim': 'W375072', 'aww': 153687, 'rate': 70000, 'waiting_days': 3, ...}]}
label = 'partial_benefit job 0'

    def compare(actual, expected, label):
        """The whole output: one key, statements in job order, each with exactly the README's keys, every value
        but the claim number an integer (a float or a boolean is not), all equal to the expected ones."""
        assert isinstance(actual, dict) and list(actual) == ["statements"], f"{label}: top-level keys {list(actual) if isinstance(actual, dict) else actual!r}"
        got, want = actual["statements"], expected["statements"]
        assert isinstance(got, list) and len(got) == len(want), f"{label}: {len(got) if isinstance(got, list) else got!r} statements, expected {len(want)}"
        for index, (row, ref) in enumerate(zip(got, want)):
            where = f"{label} statement {index} ({ref['claim']!r})"
            assert isinstance(row, dict) and set(row) == FIELDS, f"{where}: keys {sorted(row) if isinstance(row, dict) else row!r}"
            for key in sorted(FIELDS):
>               assert type(row[key]) is type(ref[key]) and row[key] == ref[key], f"{where} {key}: {row[key]!r}, expected {ref[key]!r}"
E               AssertionError: partial_benefit job 0 statement 0 ('W661070') total: 341741, expected 344157
E               assert (<class 'int'> is <class 'int'> and 341741 == 344157)
E                +  where <class 'int'> = type(341741)
E                +  and   <class 'int'> = type(344157)

/tests/test_outputs.py:239: AssertionError
________ test_rule_2_8_week_of_exactly_1000_cents_is_partial_disability ________

    def test_rule_2_8_week_of_exactly_1000_cents_is_partial_disability():
        """A week earning exactly 1,000 cents is a week of partial disability."""
>       check_family("partial_week_threshold")

/tests/test_outputs.py:319: 
_ _ _ _ _ _ _ _ _ _ _ _ _ _ _ _ _ _ _ _ _ _ _ _ _ _ _ _ _ _ _ _ _ _ _ _ _ _ _ _ 
/tests/test_outputs.py:244: in check_family
    compare(run(row["job"]), row["statements"], f"{name} job {number}")
_ _ _ _ _ _ _ _ _ _ _ _ _ _ _ _ _ _ _ _ _ _ _ _ _ _ _ _ _ _ _ _ _ _ _ _ _ _ _ _ 

actual = {'statements': [{'claim': 'W609073', 'aww': 52116, 'rate': 31270, 'waiting_days': 3, ...}, {'claim': 'W643074', 'aww':...04, 'rate': 22922, 'waiting_days': 3, ...}, {'claim': 'W822075', 'aww': 43455, 'rate': 26073, 'waiting_days': 3, ...}]}
expected = {'statements': [{'claim': 'W609073', 'aww': 52116, 'rate': 34744, 'waiting_days': 3, ...}, {'claim': 'W643074', 'aww':...04, 'rate': 25469, 'waiting_days': 3, ...}, {'claim': 'W822075', 'aww': 43455, 'rate': 28970, 'waiting_days': 3, ...}]}
label = 'partial_week_threshold job 0'

    def compare(actual, expected, label):
        """The whole output: one key, statements in job order, each with exactly the README's keys, every value
        but the claim number an integer (a float or a boolean is not), all equal to the expected ones."""
        assert isinstance(actual, dict) and list(actual) == ["statements"], f"{label}: top-level keys {list(actual) if isinstance(actual, dict) else actual!r}"
        got, want = actual["statements"], expected["statements"]
        assert isinstance(got, list) and len(got) == len(want), f"{label}: {len(got) if isinstance(got, list) else got!r} statements, expected {len(want)}"
        for index, (row, ref) in enumerate(zip(got, want)):
            where = f"{label} statement {index} ({ref['claim']!r})"
            assert isinstance(row, dict) and set(row) == FIELDS, f"{where}: keys {sorted(row) if isinstance(row, dict) else row!r}"
            for key in sorted(FIELDS):
>               assert type(row[key]) is type(ref[key]) and row[key] == ref[key], f"{where} {key}: {row[key]!r}, expected {ref[key]!r}"
E               AssertionError: partial_week_threshold job 0 statement 0 ('W609073') rate: 31270, expected 34744
E               assert (<class 'int'> is <class 'int'> and 31270 == 34744)
E                +  where <class 'int'> = type(31270)
E                +  and   <class 'int'> = type(34744)

/tests/test_outputs.py:239: AssertionError
_____________ test_rule_2_7_week_earning_the_aww_has_no_wage_loss ______________

    def test_rule_2_7_week_earning_the_aww_has_no_wage_loss():
        """A week earning the average weekly wage or more has no wage loss."""
>       check_family("no_wage_loss")

/tests/test_outputs.py:324: 
_ _ _ _ _ _ _ _ _ _ _ _ _ _ _ _ _ _ _ _ _ _ _ _ _ _ _ _ _ _ _ _ _ _ _ _ _ _ _ _ 
/tests/test_outputs.py:244: in check_family
    compare(run(row["job"]), row["statements"], f"{name} job {number}")
_ _ _ _ _ _ _ _ _ _ _ _ _ _ _ _ _ _ _ _ _ _ _ _ _ _ _ _ _ _ _ _ _ _ _ _ _ _ _ _ 

actual = {'statements': [{'claim': 'W727076', 'aww': 47662, 'rate': 28597, 'waiting_days': 3, ...}, {'claim': 'W650077', 'aww':...03, 'rate': 18482, 'waiting_days': 3, ...}, {'claim': 'W381078', 'aww': 30224, 'rate': 18134, 'waiting_days': 3, ...}]}
expected = {'statements': [{'claim': 'W727076', 'aww': 47662, 'rate': 31775, 'waiting_days': 3, ...}, {'claim': 'W650077', 'aww':...03, 'rate': 20535, 'waiting_days': 3, ...}, {'claim': 'W381078', 'aww': 30224, 'rate': 20149, 'waiting_days': 3, ...}]}
label = 'no_wage_loss job 0'

    def compare(actual, expected, label):
        """The whole output: one key, statements in job order, each with exactly the README's keys, every value
        but the claim number an integer (a float or a boolean is not), all equal to the expected ones."""
        assert isinstance(actual, dict) and list(actual) == ["statements"], f"{label}: top-level keys {list(actual) if isinstance(actual, dict) else actual!r}"
        got, want = actual["statements"], expected["statements"]
        assert isinstance(got, list) and len(got) == len(want), f"{label}: {len(got) if isinstance(got, list) else got!r} statements, expected {len(want)}"
        for index, (row, ref) in enumerate(zip(got, want)):
            where = f"{label} statement {index} ({ref['claim']!r})"
            assert isinstance(row, dict) and set(row) == FIELDS, f"{where}: keys {sorted(row) if isinstance(row, dict) else row!r}"
            for key in sorted(FIELDS):
>               assert type(row[key]) is type(ref[key]) and row[key] == ref[key], f"{where} {key}: {row[key]!r}, expected {ref[key]!r}"
E               AssertionError: no_wage_loss job 0 statement 0 ('W727076') rate: 28597, expected 31775
E               assert (<class 'int'> is <class 'int'> and 28597 == 31775)
E                +  where <class 'int'> = type(28597)
E                +  and   <class 'int'> = type(31775)

/tests/test_outputs.py:239: AssertionError
___________ test_correction_below_a_weeks_pay_keeps_its_paydays_week ___________

    def test_correction_below_a_weeks_pay_keeps_its_paydays_week():
        """A line below a week's pay keeps counting toward its payday's week, as the shipped package counts it."""
>       check_family("corrections")

/tests/test_outputs.py:329: 
_ _ _ _ _ _ _ _ _ _ _ _ _ _ _ _ _ _ _ _ _ _ _ _ _ _ _ _ _ _ _ _ _ _ _ _ _ _ _ _ 
/tests/test_outputs.py:244: in check_family
    compare(run(row["job"]), row["statements"], f"{name} job {number}")
_ _ _ _ _ _ _ _ _ _ _ _ _ _ _ _ _ _ _ _ _ _ _ _ _ _ _ _ _ _ _ _ _ _ _ _ _ _ _ _ 

actual = {'statements': [{'claim': 'W774079', 'aww': 88730, 'rate': 53238, 'waiting_days': 3, ...}, {'claim': 'W854080', 'aww':...40, 'rate': 66384, 'waiting_days': 3, ...}, {'claim': 'W145081', 'aww': 76204, 'rate': 45722, 'waiting_days': 3, ...}]}
expected = {'statements': [{'claim': 'W774079', 'aww': 88730, 'rate': 59153, 'waiting_days': 3, ...}, {'claim': 'W854080', 'aww':...40, 'rate': 73760, 'waiting_days': 3, ...}, {'claim': 'W145081', 'aww': 76204, 'rate': 50803, 'waiting_days': 3, ...}]}
label = 'corrections job 0'

    def compare(actual, expected, label):
        """The whole output: one key, statements in job order, each with exactly the README's keys, every value
        but the claim number an integer (a float or a boolean is not), all equal to the expected ones."""
        assert isinstance(actual, dict) and list(actual) == ["statements"], f"{label}: top-level keys {list(actual) if isinstance(actual, dict) else actual!r}"
        got, want = actual["statements"], expected["statements"]
        assert isinstance(got, list) and len(got) == len(want), f"{label}: {len(got) if isinstance(got, list) else got!r} statements, expected {len(want)}"
        for index, (row, ref) in enumerate(zip(got, want)):
            where = f"{label} statement {index} ({ref['claim']!r})"
            assert isinstance(row, dict) and set(row) == FIELDS, f"{where}: keys {sorted(row) if isinstance(row, dict) else row!r}"
            for key in sorted(FIELDS):
>               assert type(row[key]) is type(ref[key]) and row[key] == ref[key], f"{where} {key}: {row[key]!r}, expected {ref[key]!r}"
E               AssertionError: corrections job 0 statement 0 ('W774079') rate: 53238, expected 59153
E               assert (<class 'int'> is <class 'int'> and 53238 == 59153)
E                +  where <class 'int'> = type(53238)
E                +  and   <class 'int'> = type(59153)

/tests/test_outputs.py:239: AssertionError
________________ test_week_below_1000_cents_keeps_todays_share _________________

    def test_week_below_1000_cents_keeps_todays_share():
        """A week of the partial earnings below 1,000 cents keeps the share the shipped package pays it."""
>       check_family("low_partial_weeks")

/tests/test_outputs.py:339: 
_ _ _ _ _ _ _ _ _ _ _ _ _ _ _ _ _ _ _ _ _ _ _ _ _ _ _ _ _ _ _ _ _ _ _ _ _ _ _ _ 
/tests/test_outputs.py:244: in check_family
    compare(run(row["job"]), row["statements"], f"{name} job {number}")
_ _ _ _ _ _ _ _ _ _ _ _ _ _ _ _ _ _ _ _ _ _ _ _ _ _ _ _ _ _ _ _ _ _ _ _ _ _ _ _ 

actual = {'statements': [{'claim': 'W601086', 'aww': 104847, 'rate': 62908, 'waiting_days': 3, ...}, {'claim': 'W543087', 'aww': 126232, 'rate': 75739, 'waiting_days': 3, ...}]}
expected = {'statements': [{'claim': 'W601086', 'aww': 104847, 'rate': 69898, 'waiting_days': 3, ...}, {'claim': 'W543087', 'aww': 126232, 'rate': 84155, 'waiting_days': 3, ...}]}
label = 'low_partial_weeks job 0'

    def compare(actual, expected, label):
        """The whole output: one key, statements in job order, each with exactly the README's keys, every value
        but the claim number an integer (a float or a boolean is not), all equal to the expected ones."""
        assert isinstance(actual, dict) and list(actual) == ["statements"], f"{label}: top-level keys {list(actual) if isinstance(actual, dict) else actual!r}"
        got, want = actual["statements"], expected["statements"]
        assert isinstance(got, list) and len(got) == len(want), f"{label}: {len(got) if isinstance(got, list) else got!r} statements, expected {len(want)}"
        for index, (row, ref) in enumerate(zip(got, want)):
            where = f"{label} statement {index} ({ref['claim']!r})"
            assert isinstance(row, dict) and set(row) == FIELDS, f"{where}: keys {sorted(row) if isinstance(row, dict) else row!r}"
            for key in sorted(FIELDS):
>               assert type(row[key]) is type(ref[key]) and row[key] == ref[key], f"{where} {key}: {row[key]!r}, expected {ref[key]!r}"
E               AssertionError: low_partial_weeks job 0 statement 0 ('W601086') rate: 62908, expected 69898
E               assert (<class 'int'> is <class 'int'> and 62908 == 69898)
E                +  where <class 'int'> = type(62908)
E                +  and   <class 'int'> = type(69898)

/tests/test_outputs.py:239: AssertionError
________________________ test_statement_order_and_keys _________________________

    def test_statement_order_and_keys():
        """Statements come in job order with claim numbers as given, exactly the README's keys, integer figures."""
>       check_family("statement_order")

/tests/test_outputs.py:392: 
_ _ _ _ _ _ _ _ _ _ _ _ _ _ _ _ _ _ _ _ _ _ _ _ _ _ _ _ _ _ _ _ _ _ _ _ _ _ _ _ 
/tests/test_outputs.py:244: in check_family
    compare(run(row["job"]), row["statements"], f"{name} job {number}")
_ _ _ _ _ _ _ _ _ _ _ _ _ _ _ _ _ _ _ _ _ _ _ _ _ _ _ _ _ _ _ _ _ _ _ _ _ _ _ _ 

actual = {'statements': [{'claim': 'Z', 'aww': 94357, 'rate': 56614, 'waiting_days': 3, ...}, {'claim': '0000000000000000000000...30, 'rate': 92118, 'waiting_days': 3, ...}, {'claim': 'a', 'aww': 101443, 'rate': 60866, 'waiting_days': 3, ...}, ...]}
expected = {'statements': [{'claim': 'Z', 'aww': 94357, 'rate': 62905, 'waiting_days': 3, ...}, {'claim': '0000000000000000000000...0, 'rate': 102353, 'waiting_days': 3, ...}, {'claim': 'a', 'aww': 101443, 'rate': 67629, 'waiting_days': 3, ...}, ...]}
label = 'statement_order job 0'

    def compare(actual, expected, label):
        """The whole output: one key, statements in job order, each with exactly the README's keys, every value
        but the claim number an integer (a float or a boolean is not), all equal to the expected ones."""
        assert isinstance(actual, dict) and list(actual) == ["statements"], f"{label}: top-level keys {list(actual) if isinstance(actual, dict) else actual!r}"
        got, want = actual["statements"], expected["statements"]
        assert isinstance(got, list) and len(got) == len(want), f"{label}: {len(got) if isinstance(got, list) else got!r} statements, expected {len(want)}"
        for index, (row, ref) in enumerate(zip(got, want)):
            where = f"{label} statement {index} ({ref['claim']!r})"
            assert isinstance(row, dict) and set(row) == FIELDS, f"{where}: keys {sorted(row) if isinstance(row, dict) else row!r}"
            for key in sorted(FIELDS):
>               assert type(row[key]) is type(ref[key]) and row[key] == ref[key], f"{where} {key}: {row[key]!r}, expected {ref[key]!r}"
E               AssertionError: statement_order job 0 statement 0 ('Z') rate: 56614, expected 62905
E               assert (<class 'int'> is <class 'int'> and 56614 == 62905)
E                +  where <class 'int'> = type(56614)
E                +  and   <class 'int'> = type(62905)

/tests/test_outputs.py:239: AssertionError
_______________________ test_section_one_limits_reached ________________________

    def test_section_one_limits_reached():
        """40 rate rows, 200 claims, 120 wage lines, 12 periods, 104 partial weeks, 1 and 500,000 cents, 2016 and 2035."""
>       check_family("limits_claims")

/tests/test_outputs.py:397: 
_ _ _ _ _ _ _ _ _ _ _ _ _ _ _ _ _ _ _ _ _ _ _ _ _ _ _ _ _ _ _ _ _ _ _ _ _ _ _ _ 
/tests/test_outputs.py:244: in check_family
    compare(run(row["job"]), row["statements"], f"{name} job {number}")
_ _ _ _ _ _ _ _ _ _ _ _ _ _ _ _ _ _ _ _ _ _ _ _ _ _ _ _ _ _ _ _ _ _ _ _ _ _ _ _ 

actual = {'statements': [{'claim': 'W320102', 'aww': 60512, 'rate': 36307, 'waiting_days': 3, ...}, {'claim': 'W189103', 'aww':...ww': 79050, 'rate': 78777, 'waiting_days': 3, ...}, {'claim': 'W667106', 'aww': 0, 'rate': 0, 'waiting_days': 1, ...}]}
expected = {'statements': [{'claim': 'W320102', 'aww': 60512, 'rate': 40341, 'waiting_days': 3, ...}, {'claim': 'W189103', 'aww':...ww': 79050, 'rate': 78777, 'waiting_days': 3, ...}, {'claim': 'W667106', 'aww': 0, 'rate': 0, 'waiting_days': 1, ...}]}
label = 'limits_claims job 0'

    def compare(actual, expected, label):
        """The whole output: one key, statements in job order, each with exactly the README's keys, every value
        but the claim number an integer (a float or a boolean is not), all equal to the expected ones."""
        assert isinstance(actual, dict) and list(actual) == ["statements"], f"{label}: top-level keys {list(actual) if isinstance(actual, dict) else actual!r}"
        got, want = actual["statements"], expected["statements"]
        assert isinstance(got, list) and len(got) == len(want), f"{label}: {len(got) if isinstance(got, list) else got!r} statements, expected {len(want)}"
        for index, (row, ref) in enumerate(zip(got, want)):
            where = f"{label} statement {index} ({ref['claim']!r})"
            assert isinstance(row, dict) and set(row) == FIELDS, f"{where}: keys {sorted(row) if isinstance(row, dict) else row!r}"
            for key in sorted(FIELDS):
>               assert type(row[key]) is type(ref[key]) and row[key] == ref[key], f"{where} {key}: {row[key]!r}, expected {ref[key]!r}"
E               AssertionError: limits_claims job 0 statement 0 ('W320102') rate: 36307, expected 40341
E               assert (<class 'int'> is <class 'int'> and 36307 == 40341)
E                +  where <class 'int'> = type(36307)
E                +  and   <class 'int'> = type(40341)

/tests/test_outputs.py:239: AssertionError
___________ test_rule_3_4_row_figures_at_their_ends_decide_the_rate ____________

    def test_rule_3_4_row_figures_at_their_ends_decide_the_rate():
        """The fortieth row in force, a 20,000 maximum, a 1,000 minimum and a 100,001 minimum each set the weekly rate."""
        for number, (rates, worked) in enumerate(_figures_jobs()):
            job = {"rates": rates, "claims": [c for c, _s in worked]}
            within_limits(job)
            assert not trap_inputs(job)
>           compare(run(job), {"statements": [s for _c, s in worked]}, f"hand-worked row-figure job {number}")

/tests/test_outputs.py:441: 
_ _ _ _ _ _ _ _ _ _ _ _ _ _ _ _ _ _ _ _ _ _ _ _ _ _ _ _ _ _ _ _ _ _ _ _ _ _ _ _ 

actual = {'statements': [{'claim': 'MAX', 'aww': 30001, 'rate': 18001, 'waiting_days': 1, ...}, {'claim': 'MIN', 'aww': 1200, 'rate': 1000, 'waiting_days': 1, ...}]}
expected = {'statements': [{'claim': 'MAX', 'aww': 30001, 'rate': 20000, 'waiting_days': 1, ...}, {'claim': 'MIN', 'aww': 1200, 'rate': 1000, 'waiting_days': 1, ...}]}
label = 'hand-worked row-figure job 1'

    def compare(actual, expected, label):
        """The whole output: one key, statements in job order, each with exactly the README's keys, every value
        but the claim number an integer (a float or a boolean is not), all equal to the expected ones."""
        assert isinstance(actual, dict) and list(actual) == ["statements"], f"{label}: top-level keys {list(actual) if isinstance(actual, dict) else actual!r}"
        got, want = actual["statements"], expected["statements"]
        assert isinstance(got, list) and len(got) == len(want), f"{label}: {len(got) if isinstance(got, list) else got!r} statements, expected {len(want)}"
        for index, (row, ref) in enumerate(zip(got, want)):
            where = f"{label} statement {index} ({ref['claim']!r})"
            assert isinstance(row, dict) and set(row) == FIELDS, f"{where}: keys {sorted(row) if isinstance(row, dict) else row!r}"
            for key in sorted(FIELDS):
>               assert type(row[key]) is type(ref[key]) and row[key] == ref[key], f"{where} {key}: {row[key]!r}, expected {ref[key]!r}"
E               AssertionError: hand-worked row-figure job 1 statement 0 ('MAX') rate: 18001, expected 20000
E               assert (<class 'int'> is <class 'int'> and 18001 == 20000)
E                +  where <class 'int'> = type(18001)
E                +  and   <class 'int'> = type(20000)

/tests/test_outputs.py:239: AssertionError
_____________________________ test_generated_jobs ______________________________

    def test_generated_jobs():
        """Seeded jobs over the governed domain, as sealed and under fresh claim numbers and orders."""
>       check_family("generated")

/tests/test_outputs.py:446: 
_ _ _ _ _ _ _ _ _ _ _ _ _ _ _ _ _ _ _ _ _ _ _ _ _ _ _ _ _ _ _ _ _ _ _ _ _ _ _ _ 
/tests/test_outputs.py:244: in check_family
    compare(run(row["job"]), row["statements"], f"{name} job {number}")
_ _ _ _ _ _ _ _ _ _ _ _ _ _ _ _ _ _ _ _ _ _ _ _ _ _ _ _ _ _ _ _ _ _ _ _ _ _ _ _ 

actual = {'statements': [{'claim': 'W118108', 'aww': 64587, 'rate': 38752, 'waiting_days': 3, ...}, {'claim': 'W960109', 'aww':...45, 'rate': 76827, 'waiting_days': 3, ...}, {'claim': 'W999110', 'aww': 75742, 'rate': 45445, 'waiting_days': 3, ...}]}
expected = {'statements': [{'claim': 'W118108', 'aww': 64587, 'rate': 43058, 'waiting_days': 3, ...}, {'claim': 'W960109', 'aww':...45, 'rate': 85363, 'waiting_days': 3, ...}, {'claim': 'W999110', 'aww': 75742, 'rate': 50495, 'waiting_days': 3, ...}]}
label = 'generated job 0'

    def compare(actual, expected, label):
        """The whole output: one key, statements in job order, each with exactly the README's keys, every value
        but the claim number an integer (a float or a boolean is not), all equal to the expected ones."""
        assert isinstance(actual, dict) and list(actual) == ["statements"], f"{label}: top-level keys {list(actual) if isinstance(actual, dict) else actual!r}"
        got, want = actual["statements"], expected["statements"]
        assert isinstance(got, list) and len(got) == len(want), f"{label}: {len(got) if isinstance(got, list) else got!r} statements, expected {len(want)}"
        for index, (row, ref) in enumerate(zip(got, want)):
            where = f"{label} statement {index} ({ref['claim']!r})"
            assert isinstance(row, dict) and set(row) == FIELDS, f"{where}: keys {sorted(row) if isinstance(row, dict) else row!r}"
            for key in sorted(FIELDS):
>               assert type(row[key]) is type(ref[key]) and row[key] == ref[key], f"{where} {key}: {row[key]!r}, expected {ref[key]!r}"
E               AssertionError: generated job 0 statement 0 ('W118108') rate: 38752, expected 43058
E               assert (<class 'int'> is <class 'int'> and 38752 == 43058)
E                +  where <class 'int'> = type(38752)
E                +  and   <class 'int'> = type(43058)

/tests/test_outputs.py:239: AssertionError
________________ test_register_of_more_than_52_distinct_paydays ________________

    def test_register_of_more_than_52_distinct_paydays():
        """1.4 allows a register of every Friday for 400 days before the injury to 30 after: 53 and 57 distinct
        paydays of 2,000 cents, 12 and 13 of them counting toward the base period, worked by hand."""
        rates = [{"from": "2016-01-01", "max": 400_000, "min": 1_000}]
        for lines, aww, rate in [(53, 1_846, 1_231), (57, 2_000, 1_333)]:
            paydays = [((date(2024, 1, 5) + timedelta(days=7 * k)).isoformat(), 2_000) for k in range(lines)]
            claim, statement = _worked(f"SPAN{lines}", "2025-01-06", paydays, aww, rate)
            job = {"rates": rates, "claims": [claim]}
            within_limits(job)
            assert not trap_inputs(job) and len({p for p, _c in claim["wages"]}) == lines
            assert manual_model.statements(job) == {"statements": [statement]}
>           compare(run(job), {"statements": [statement]}, f"register of {lines} distinct paydays")

/tests/test_outputs.py:487: 
_ _ _ _ _ _ _ _ _ _ _ _ _ _ _ _ _ _ _ _ _ _ _ _ _ _ _ _ _ _ _ _ _ _ _ _ _ _ _ _ 

actual = {'statements': [{'claim': 'SPAN53', 'aww': 1846, 'rate': 1108, 'waiting_days': 1, ...}]}
expected = {'statements': [{'claim': 'SPAN53', 'aww': 1846, 'rate': 1231, 'waiting_days': 1, ...}]}
label = 'register of 53 distinct paydays'

    def compare(actual, expected, label):
        """The whole output: one key, statements in job order, each with exactly the README's keys, every value
        but the claim number an integer (a float or a boolean is not), all equal to the expected ones."""
        assert isinstance(actual, dict) and list(actual) == ["statements"], f"{label}: top-level keys {list(actual) if isinstance(actual, dict) else actual!r}"
        got, want = actual["statements"], expected["statements"]
        assert isinstance(got, list) and len(got) == len(want), f"{label}: {len(got) if isinstance(got, list) else got!r} statements, expected {len(want)}"
        for index, (row, ref) in enumerate(zip(got, want)):
            where = f"{label} statement {index} ({ref['claim']!r})"
            assert isinstance(row, dict) and set(row) == FIELDS, f"{where}: keys {sorted(row) if isinstance(row, dict) else row!r}"
            for key in sorted(FIELDS):
>               assert type(row[key]) is type(ref[key]) and row[key] == ref[key], f"{where} {key}: {row[key]!r}, expected {ref[key]!r}"
E               AssertionError: register of 53 distinct paydays statement 0 ('SPAN53') rate: 1108, expected 1231
E               assert (<class 'int'> is <class 'int'> and 1108 == 1231)
E                +  where <class 'int'> = type(1108)
E                +  and   <class 'int'> = type(1231)

/tests/test_outputs.py:239: AssertionError
_________________________ test_jobs_drawn_at_run_time __________________________

    def test_jobs_drawn_at_run_time():
        """Jobs drawn from fixed seeds with fresh figures and dates, graded against the verifier's copy of the model."""
        jobs = {seed: _draw_job(random.Random(seed)) for seed in DRAW_SEEDS}
        assert {len(job["rates"]) for job in jobs.values()} >= {1, 40}
        assert any(r["from"] == "2016-01-02" for job in jobs.values() for r in job["rates"])
        for number, (seed, job) in enumerate(jobs.items()):
            within_limits(job)
            assert not trap_inputs(job), f"drawn job {number} carries {trap_inputs(job)}"
            assert len({p for p, c in job["claims"][0]["wages"] if c >= WEEKS_PAY}) > 52
>           compare(run(job), manual_model.statements(job), f"drawn job {number} (seed {seed})")

/tests/test_outputs.py:551: 
_ _ _ _ _ _ _ _ _ _ _ _ _ _ _ _ _ _ _ _ _ _ _ _ _ _ _ _ _ _ _ _ _ _ _ _ _ _ _ _ 

actual = {'statements': [{'claim': 'C', 'aww': 90372, 'rate': 90372, 'waiting_days': 3, ...}, {'claim': 'RYS52KDC7XPJJ2GL3ZKD2U...6499, 'rate': 186499, 'waiting_days': 3, ...}, {'claim': 'Q', 'aww': 2000, 'rate': 2000, 'waiting_days': 3, ...}, ...]}
expected = {'statements': [{'claim': 'C', 'aww': 90372, 'rate': 90372, 'waiting_days': 3, ...}, {'claim': 'RYS52KDC7XPJJ2GL3ZKD2U...6499, 'rate': 186499, 'waiting_days': 3, ...}, {'claim': 'Q', 'aww': 2000, 'rate': 2000, 'waiting_days': 3, ...}, ...]}
label = 'drawn job 0 (seed 5)'

    def compare(actual, expected, label):
        """The whole output: one key, statements in job order, each with exactly the README's keys, every value
        but the claim number an integer (a float or a boolean is not), all equal to the expected ones."""
        assert isinstance(actual, dict) and list(actual) == ["statements"], f"{label}: top-level keys {list(actual) if isinstance(actual, dict) else actual!r}"
        got, want = actual["statements"], expected["statements"]
        assert isinstance(got, list) and len(got) == len(want), f"{label}: {len(got) if isinstance(got, list) else got!r} statements, expected {len(want)}"
        for index, (row, ref) in enumerate(zip(got, want)):
            where = f"{label} statement {index} ({ref['claim']!r})"
            assert isinstance(row, dict) and set(row) == FIELDS, f"{where}: keys {sorted(row) if isinstance(row, dict) else row!r}"
            for key in sorted(FIELDS):
>               assert type(row[key]) is type(ref[key]) and row[key] == ref[key], f"{where} {key}: {row[key]!r}, expected {ref[key]!r}"
E               AssertionError: drawn job 0 (seed 5) statement 1 ('RYS52KDC7XPJJ2GL3ZKD2UK5') total: 3006951, expected 3132126
E               assert (<class 'int'> is <class 'int'> and 3006951 == 3132126)
E                +  where <class 'int'> = type(3006951)
E                +  and   <class 'int'> = type(3132126)

/tests/test_outputs.py:239: AssertionError
==================================== PASSES ====================================
=========================== short test summary info ============================
PASSED ../../tests/test_outputs.py::test_rule_3_3_no_week_paid_gives_nought
PASSED ../../tests/test_outputs.py::test_candidate_cannot_read_verifier_state
PASSED ../../tests/test_outputs.py::test_submitted_driver_unchanged
FAILED ../../tests/test_outputs.py::test_rule_3_1_weeks_pay_counts_toward_the_week_it_pays
FAILED ../../tests/test_outputs.py::test_rule_2_2_line_of_exactly_2000_cents_is_a_weeks_pay
FAILED ../../tests/test_outputs.py::test_rule_2_3_base_period_ends_before_the_week_of_injury
FAILED ../../tests/test_outputs.py::test_rule_3_3_average_weekly_wage_divides_by_thirteen
FAILED ../../tests/test_outputs.py::test_rule_3_4_rate_is_two_thirds - Assert...
FAILED ../../tests/test_outputs.py::test_rule_3_4_maximum_and_minimum_bound_the_rate
FAILED ../../tests/test_outputs.py::test_rule_2_4_row_in_force_on_the_date_of_injury
FAILED ../../tests/test_outputs.py::test_rule_3_5_low_wage_rate_is_the_aww - ...
FAILED ../../tests/test_outputs.py::test_rule_2_5_both_ends_of_a_period_count
FAILED ../../tests/test_outputs.py::test_rule_2_6_three_waiting_days - Assert...
FAILED ../../tests/test_outputs.py::test_rule_4_1_retroactive_from_fourteen_days
FAILED ../../tests/test_outputs.py::test_rule_4_3_amount_rounded_to_the_cent
FAILED ../../tests/test_outputs.py::test_rule_5_1_partial_week_pays_two_thirds_capped_at_the_rate
FAILED ../../tests/test_outputs.py::test_rule_2_8_week_of_exactly_1000_cents_is_partial_disability
FAILED ../../tests/test_outputs.py::test_rule_2_7_week_earning_the_aww_has_no_wage_loss
FAILED ../../tests/test_outputs.py::test_correction_below_a_weeks_pay_keeps_its_paydays_week
FAILED ../../tests/test_outputs.py::test_week_below_1000_cents_keeps_todays_share
FAILED ../../tests/test_outputs.py::test_statement_order_and_keys - Assertion...
FAILED ../../tests/test_outputs.py::test_section_one_limits_reached - Asserti...
FAILED ../../tests/test_outputs.py::test_rule_3_4_row_figures_at_their_ends_decide_the_rate
FAILED ../../tests/test_outputs.py::test_generated_jobs - AssertionError: gen...
FAILED ../../tests/test_outputs.py::test_register_of_more_than_52_distinct_paydays
FAILED ../../tests/test_outputs.py::test_jobs_drawn_at_run_time - AssertionEr...
========================= 23 failed, 3 passed in 0.98s =========================
