ok  C12         f1-empty-branch-rejected                 rejected on its own witness
ok  C12         s1-branch-stripped                       rejected on its own witness
ok  C12         s1-branch-truncated-32                   rejected on its own witness
ok  C12         s1-branch-ascii-only                     rejected on its own witness
ok  C12         f2-branch-X-no-bills                     rejected on its own witness
ok  C12         s2-non-rc3-branch-no-bills               rejected on its own witness
ok  C18         f3-readme-edited                         rejected on its own witness
ok  C18         s3-manual-edited                         rejected on its own witness
ok  C12         f4-argv-basename-guard                   rejected on its own witness
ok  C12         s4-json-suffix-guard                     rejected on its own witness
ok  C18         s3-example-edited                        rejected on its own witness
ok  C9          c9-grace-under-a-day                     rejected on its own witness
ok  C9          c9-fuel-floored                          rejected on its own witness
ok  C1          c1-cap-199                               rejected on its own witness
ok  C9          f2-fee-day-rentals-only                  rejected on its own witness
ok  C9          s5-fee-only-from-an-hour                 rejected on its own witness
ok  C9          s6-no-refuel-rule-under-a-day            rejected on its own witness
ok  C9          f3-sub-hour-no-mileage                   rejected on its own witness
ok  C9          s7-sub-day-no-mileage                    rejected on its own witness
ok  C9          s8-turnover-day-rentals-only             rejected on its own witness
ok  C12         f1-numeric-id-as-integer                 rejected on its own witness
ok  alternative alt-reference                            accepted (alternative)

22/22 as expected; classes untouched (say why each does not apply): C2, C3, C4, C5, C6, C7, C8, C10, C11, C13, C14, C15, C16, C17
