============================= test session starts ==============================
platform linux -- Python 3.13.12, pytest-9.1.1, pluggy-1.6.0
rootdir: /tests
plugins: json-ctrf-0.5.2
collected 24 items

../../tests/test_outputs.py FFFFFFFFFFF.FFF.F..FFF..                     [100%]

=================================== FAILURES ===================================
__________________ test_rule_3_2_bookings_take_the_reps_split __________________

    def test_rule_3_2_bookings_take_the_reps_split():
        """Bookings add the rep's split share of each order, rounded half up, not the whole order value."""
>       check_family("split_bookings")

/tests/test_outputs.py:214: 
_ _ _ _ _ _ _ _ _ _ _ _ _ _ _ _ _ _ _ _ _ _ _ _ _ _ _ _ _ _ _ _ _ _ _ _ _ _ _ _ 
/tests/test_outputs.py:208: in check_family
    compare(run(row["job"]), row["statements"], f"{name} job {number}")
_ _ _ _ _ _ _ _ _ _ _ _ _ _ _ _ _ _ _ _ _ _ _ _ _ _ _ _ _ _ _ _ _ _ _ _ _ _ _ _ 

actual = {'statements': [{'rep': 'UFKZ2KH1B0', 'bookings': 1089200099, 'commission': 173072016, 'bonus': 0, ...}, {'rep': '0', ...62874, 'bonus': 0, ...}, {'rep': 'P5QTCM7WKAU2-GY', 'bookings': 1049993033, 'commission': 166798885, 'bonus': 0, ...}]}
expected = [{'rep': 'UFKZ2KH1B0', 'bookings': 1089200099, 'commission': 172474622, 'bonus': 0, ...}, {'rep': '0', 'bookings': 310...400109, 'bonus': 0, ...}, {'rep': 'P5QTCM7WKAU2-GY', 'bookings': 1049993033, 'commission': 167045267, 'bonus': 0, ...}]
label = 'split_bookings job 0'

    def compare(actual, expected, label):
        """The whole output: one key, statements in job order, each with exactly the README's keys, every value
        but the rep code an integer (a float or a boolean is not), all equal to the expected ones."""
        assert isinstance(actual, dict) and list(actual) == ["statements"], f"{label}: top-level {actual!r:.200}"
        got = actual["statements"]
        assert isinstance(got, list) and len(got) == len(expected), f"{label}: {len(got) if isinstance(got, list) else got!r} statements, expected {len(expected)}"
        for index, (row, ref) in enumerate(zip(got, expected)):
            where = f"{label} statement {index} ({ref['rep']!r})"
            assert isinstance(row, dict) and set(row) == set(FIELDS) and len(row) == len(FIELDS), f"{where}: keys {sorted(row) if isinstance(row, dict) else row!r}"
            for key in FIELDS:
>               assert type(row[key]) is type(ref[key]) and row[key] == ref[key], f"{where} {key}: {row[key]!r}, expected {ref[key]!r}"
E               AssertionError: split_bookings job 0 statement 0 ('UFKZ2KH1B0') commission: 173072016, expected 172474622
E               assert (<class 'int'> is <class 'int'> and 173072016 == 172474622)
E                +  where <class 'int'> = type(173072016)
E                +  and   <class 'int'> = type(172474622)

/tests/test_outputs.py:202: AssertionError
__________________ test_rule_3_1_orders_on_the_quarter_edges ___________________

    def test_rule_3_1_orders_on_the_quarter_edges():
        """Orders on the quarter's first and last day count; the day before, the day after and 45 days out do not."""
>       check_family("quarter_edges")

/tests/test_outputs.py:219: 
_ _ _ _ _ _ _ _ _ _ _ _ _ _ _ _ _ _ _ _ _ _ _ _ _ _ _ _ _ _ _ _ _ _ _ _ _ _ _ _ 
/tests/test_outputs.py:208: in check_family
    compare(run(row["job"]), row["statements"], f"{name} job {number}")
_ _ _ _ _ _ _ _ _ _ _ _ _ _ _ _ _ _ _ _ _ _ _ _ _ _ _ _ _ _ _ _ _ _ _ _ _ _ _ _ 

actual = {'statements': [{'rep': '6', 'bookings': 8347216, 'commission': 667777, 'bonus': 16372, ...}, {'rep': 'BLP83', 'bookin... 350138, 'bonus': 82956, ...}, {'rep': 'M3T', 'bookings': 740877819, 'commission': 117340451, 'bonus': 22225779, ...}]}
expected = [{'rep': '6', 'bookings': 8347216, 'commission': 771142, 'bonus': 16372, ...}, {'rep': 'BLP83', 'bookings': 19841075, ...': 350138, 'bonus': 82956, ...}, {'rep': 'M3T', 'bookings': 740877819, 'commission': 70799055, 'bonus': 22225779, ...}]
label = 'quarter_edges job 0'

    def compare(actual, expected, label):
        """The whole output: one key, statements in job order, each with exactly the README's keys, every value
        but the rep code an integer (a float or a boolean is not), all equal to the expected ones."""
        assert isinstance(actual, dict) and list(actual) == ["statements"], f"{label}: top-level {actual!r:.200}"
        got = actual["statements"]
        assert isinstance(got, list) and len(got) == len(expected), f"{label}: {len(got) if isinstance(got, list) else got!r} statements, expected {len(expected)}"
        for index, (row, ref) in enumerate(zip(got, expected)):
            where = f"{label} statement {index} ({ref['rep']!r})"
            assert isinstance(row, dict) and set(row) == set(FIELDS) and len(row) == len(FIELDS), f"{where}: keys {sorted(row) if isinstance(row, dict) else row!r}"
            for key in FIELDS:
>               assert type(row[key]) is type(ref[key]) and row[key] == ref[key], f"{where} {key}: {row[key]!r}, expected {ref[key]!r}"
E               AssertionError: quarter_edges job 0 statement 0 ('6') commission: 667777, expected 771142
E               assert (<class 'int'> is <class 'int'> and 667777 == 771142)
E                +  where <class 'int'> = type(667777)
E                +  and   <class 'int'> = type(771142)

/tests/test_outputs.py:202: AssertionError
___________ test_rule_4_1_accelerators_apply_to_the_part_above_quota ___________

    def test_rule_4_1_accelerators_apply_to_the_part_above_quota():
        """800 bp up to the quota, 1,200 bp on the part to twice the quota, 1,600 bp above; never retroactively."""
>       check_family("bands")

/tests/test_outputs.py:224: 
_ _ _ _ _ _ _ _ _ _ _ _ _ _ _ _ _ _ _ _ _ _ _ _ _ _ _ _ _ _ _ _ _ _ _ _ _ _ _ _ 
/tests/test_outputs.py:208: in check_family
    compare(run(row["job"]), row["statements"], f"{name} job {number}")
_ _ _ _ _ _ _ _ _ _ _ _ _ _ _ _ _ _ _ _ _ _ _ _ _ _ _ _ _ _ _ _ _ _ _ _ _ _ _ _ 

actual = {'statements': [{'rep': 'DL', 'bookings': 49829323, 'commission': 6772692, 'bonus': 0, ...}, {'rep': 'EH9VXP6DYS', 'bo...n': 18254072, 'bonus': 0, ...}, {'rep': '7FN1LF2SAP', 'bookings': 151068672, 'commission': 22970988, 'bonus': 0, ...}]}
expected = [{'rep': 'DL', 'bookings': 49829323, 'commission': 3986346, 'bonus': 0, ...}, {'rep': 'EH9VXP6DYS', 'bookings': 443566...on': 13370110, 'bonus': 0, ...}, {'rep': '7FN1LF2SAP', 'bookings': 151068672, 'commission': 22156739, 'bonus': 0, ...}]
label = 'bands job 0'

    def compare(actual, expected, label):
        """The whole output: one key, statements in job order, each with exactly the README's keys, every value
        but the rep code an integer (a float or a boolean is not), all equal to the expected ones."""
        assert isinstance(actual, dict) and list(actual) == ["statements"], f"{label}: top-level {actual!r:.200}"
        got = actual["statements"]
        assert isinstance(got, list) and len(got) == len(expected), f"{label}: {len(got) if isinstance(got, list) else got!r} statements, expected {len(expected)}"
        for index, (row, ref) in enumerate(zip(got, expected)):
            where = f"{label} statement {index} ({ref['rep']!r})"
            assert isinstance(row, dict) and set(row) == set(FIELDS) and len(row) == len(FIELDS), f"{where}: keys {sorted(row) if isinstance(row, dict) else row!r}"
            for key in FIELDS:
>               assert type(row[key]) is type(ref[key]) and row[key] == ref[key], f"{where} {key}: {row[key]!r}, expected {ref[key]!r}"
E               AssertionError: bands job 0 statement 0 ('DL') commission: 6772692, expected 3986346
E               assert (<class 'int'> is <class 'int'> and 6772692 == 3986346)
E                +  where <class 'int'> = type(6772692)
E                +  and   <class 'int'> = type(3986346)

/tests/test_outputs.py:202: AssertionError
___________ test_rule_4_1_bookings_on_the_quota_and_twice_the_quota ____________

    def test_rule_4_1_bookings_on_the_quota_and_twice_the_quota():
        """Bookings exactly on the quota and on twice the quota, a cent either side, and exactly on a 10^10 quota."""
>       check_family("band_edges")

/tests/test_outputs.py:229: 
_ _ _ _ _ _ _ _ _ _ _ _ _ _ _ _ _ _ _ _ _ _ _ _ _ _ _ _ _ _ _ _ _ _ _ _ _ _ _ _ 
/tests/test_outputs.py:208: in check_family
    compare(run(row["job"]), row["statements"], f"{name} job {number}")
_ _ _ _ _ _ _ _ _ _ _ _ _ _ _ _ _ _ _ _ _ _ _ _ _ _ _ _ _ _ _ _ _ _ _ _ _ _ _ _ 

actual = {'statements': [{'rep': 'MF7V8UX3MH-MJPRP', 'bookings': 14698372, 'commission': 1363805, 'bonus': 0, ...}, {'rep': 'HW...sion': 3503479, 'bonus': 0, ...}, {'rep': 'ZWUYD', 'bookings': 29396745, 'commission': 3503479, 'bonus': 0, ...}, ...]}
expected = [{'rep': 'MF7V8UX3MH-MJPRP', 'bookings': 14698372, 'commission': 1175870, 'bonus': 0, ...}, {'rep': 'HW5XUZ9', 'bookin...ssion': 2939675, 'bonus': 0, ...}, {'rep': 'ZWUYD', 'bookings': 29396745, 'commission': 2939675, 'bonus': 0, ...}, ...]
label = 'band_edges job 0'

    def compare(actual, expected, label):
        """The whole output: one key, statements in job order, each with exactly the README's keys, every value
        but the rep code an integer (a float or a boolean is not), all equal to the expected ones."""
        assert isinstance(actual, dict) and list(actual) == ["statements"], f"{label}: top-level {actual!r:.200}"
        got = actual["statements"]
        assert isinstance(got, list) and len(got) == len(expected), f"{label}: {len(got) if isinstance(got, list) else got!r} statements, expected {len(expected)}"
        for index, (row, ref) in enumerate(zip(got, expected)):
            where = f"{label} statement {index} ({ref['rep']!r})"
            assert isinstance(row, dict) and set(row) == set(FIELDS) and len(row) == len(FIELDS), f"{where}: keys {sorted(row) if isinstance(row, dict) else row!r}"
            for key in FIELDS:
>               assert type(row[key]) is type(ref[key]) and row[key] == ref[key], f"{where} {key}: {row[key]!r}, expected {ref[key]!r}"
E               AssertionError: band_edges job 0 statement 0 ('MF7V8UX3MH-MJPRP') commission: 1363805, expected 1175870
E               assert (<class 'int'> is <class 'int'> and 1363805 == 1175870)
E                +  where <class 'int'> = type(1363805)
E                +  and   <class 'int'> = type(1175870)

/tests/test_outputs.py:202: AssertionError
____________________ test_rule_4_2_each_band_rounds_half_up ____________________

    def test_rule_4_2_each_band_rounds_half_up():
        """Each band's commission is rounded to the cent on its own, half up, not truncated."""
>       check_family("band_rounding")

/tests/test_outputs.py:234: 
_ _ _ _ _ _ _ _ _ _ _ _ _ _ _ _ _ _ _ _ _ _ _ _ _ _ _ _ _ _ _ _ _ _ _ _ _ _ _ _ 
/tests/test_outputs.py:208: in check_family
    compare(run(row["job"]), row["statements"], f"{name} job {number}")
_ _ _ _ _ _ _ _ _ _ _ _ _ _ _ _ _ _ _ _ _ _ _ _ _ _ _ _ _ _ _ _ _ _ _ _ _ _ _ _ 

actual = {'statements': [{'rep': 'BJL8HSHXHCF0K9', 'bookings': 5508790, 'commission': 440703, 'bonus': 0, ...}, {'rep': 'CJUF7'...ssion': 1670409, 'bonus': 0, ...}, {'rep': 'AHATFY38RR0', 'bookings': 5990739, 'commission': 479259, 'bonus': 0, ...}]}
expected = [{'rep': 'BJL8HSHXHCF0K9', 'bookings': 5508790, 'commission': 564607, 'bonus': 0, ...}, {'rep': 'CJUF7', 'bookings': 2...ission': 1832919, 'bonus': 0, ...}, {'rep': 'AHATFY38RR0', 'bookings': 5990739, 'commission': 592999, 'bonus': 0, ...}]
label = 'band_rounding job 0'

    def compare(actual, expected, label):
        """The whole output: one key, statements in job order, each with exactly the README's keys, every value
        but the rep code an integer (a float or a boolean is not), all equal to the expected ones."""
        assert isinstance(actual, dict) and list(actual) == ["statements"], f"{label}: top-level {actual!r:.200}"
        got = actual["statements"]
        assert isinstance(got, list) and len(got) == len(expected), f"{label}: {len(got) if isinstance(got, list) else got!r} statements, expected {len(expected)}"
        for index, (row, ref) in enumerate(zip(got, expected)):
            where = f"{label} statement {index} ({ref['rep']!r})"
            assert isinstance(row, dict) and set(row) == set(FIELDS) and len(row) == len(FIELDS), f"{where}: keys {sorted(row) if isinstance(row, dict) else row!r}"
            for key in FIELDS:
>               assert type(row[key]) is type(ref[key]) and row[key] == ref[key], f"{where} {key}: {row[key]!r}, expected {ref[key]!r}"
E               AssertionError: band_rounding job 0 statement 0 ('BJL8HSHXHCF0K9') commission: 440703, expected 564607
E               assert (<class 'int'> is <class 'int'> and 440703 == 564607)
E                +  where <class 'int'> = type(440703)
E                +  and   <class 'int'> = type(564607)

/tests/test_outputs.py:202: AssertionError
____________________ test_rule_5_1_reversals_up_to_120_days ____________________

    def test_rule_5_1_reversals_up_to_120_days():
        """A reversal raised in the quarter claws back 800 bp of the rep's share up to an age of 120 days, nothing after."""
>       check_family("reversal_window")

/tests/test_outputs.py:239: 
_ _ _ _ _ _ _ _ _ _ _ _ _ _ _ _ _ _ _ _ _ _ _ _ _ _ _ _ _ _ _ _ _ _ _ _ _ _ _ _ 
/tests/test_outputs.py:208: in check_family
    compare(run(row["job"]), row["statements"], f"{name} job {number}")
_ _ _ _ _ _ _ _ _ _ _ _ _ _ _ _ _ _ _ _ _ _ _ _ _ _ _ _ _ _ _ _ _ _ _ _ _ _ _ _ 

actual = {'statements': [{'rep': 'G', 'bookings': 74082624, 'commission': 10653220, 'bonus': 0, ...}, {'rep': 'W6K9DLA12D4QJ9R'...ommission': 742271, 'bonus': 0, ...}, {'rep': 'FHSY', 'bookings': 130201790, 'commission': 19632286, 'bonus': 0, ...}]}
expected = [{'rep': 'G', 'bookings': 74082624, 'commission': 11039485, 'bonus': 0, ...}, {'rep': 'W6K9DLA12D4QJ9R', 'bookings': 6...ommission': 1116845, 'bonus': 0, ...}, {'rep': 'FHSY', 'bookings': 130201790, 'commission': 10416143, 'bonus': 0, ...}]
label = 'reversal_window job 0'

    def compare(actual, expected, label):
        """The whole output: one key, statements in job order, each with exactly the README's keys, every value
        but the rep code an integer (a float or a boolean is not), all equal to the expected ones."""
        assert isinstance(actual, dict) and list(actual) == ["statements"], f"{label}: top-level {actual!r:.200}"
        got = actual["statements"]
        assert isinstance(got, list) and len(got) == len(expected), f"{label}: {len(got) if isinstance(got, list) else got!r} statements, expected {len(expected)}"
        for index, (row, ref) in enumerate(zip(got, expected)):
            where = f"{label} statement {index} ({ref['rep']!r})"
            assert isinstance(row, dict) and set(row) == set(FIELDS) and len(row) == len(FIELDS), f"{where}: keys {sorted(row) if isinstance(row, dict) else row!r}"
            for key in FIELDS:
>               assert type(row[key]) is type(ref[key]) and row[key] == ref[key], f"{where} {key}: {row[key]!r}, expected {ref[key]!r}"
E               AssertionError: reversal_window job 0 statement 0 ('G') commission: 10653220, expected 11039485
E               assert (<class 'int'> is <class 'int'> and 10653220 == 11039485)
E                +  where <class 'int'> = type(10653220)
E                +  and   <class 'int'> = type(11039485)

/tests/test_outputs.py:202: AssertionError
___________________ test_rule_5_1_reversal_ages_120_and_121 ____________________

    def test_rule_5_1_reversal_ages_120_and_121():
        """Reversals at exactly 120 days are clawed back, at 121 days not, on the quarter's first and last days."""
>       check_family("reversal_age_edge")

/tests/test_outputs.py:244: 
_ _ _ _ _ _ _ _ _ _ _ _ _ _ _ _ _ _ _ _ _ _ _ _ _ _ _ _ _ _ _ _ _ _ _ _ _ _ _ _ 
/tests/test_outputs.py:208: in check_family
    compare(run(row["job"]), row["statements"], f"{name} job {number}")
_ _ _ _ _ _ _ _ _ _ _ _ _ _ _ _ _ _ _ _ _ _ _ _ _ _ _ _ _ _ _ _ _ _ _ _ _ _ _ _ 

actual = {'statements': [{'rep': '92', 'bookings': 1000000000, 'commission': 158800000, 'bonus': 0, ...}, {'rep': 'EL0Z8SVAE', 'bookings': 1000000000, 'commission': 158800000, 'bonus': 0, ...}]}
expected = [{'rep': '92', 'bookings': 1000000000, 'commission': 80000000, 'bonus': 0, ...}, {'rep': 'EL0Z8SVAE', 'bookings': 1000000000, 'commission': 80000000, 'bonus': 0, ...}]
label = 'reversal_age_edge job 0'

    def compare(actual, expected, label):
        """The whole output: one key, statements in job order, each with exactly the README's keys, every value
        but the rep code an integer (a float or a boolean is not), all equal to the expected ones."""
        assert isinstance(actual, dict) and list(actual) == ["statements"], f"{label}: top-level {actual!r:.200}"
        got = actual["statements"]
        assert isinstance(got, list) and len(got) == len(expected), f"{label}: {len(got) if isinstance(got, list) else got!r} statements, expected {len(expected)}"
        for index, (row, ref) in enumerate(zip(got, expected)):
            where = f"{label} statement {index} ({ref['rep']!r})"
            assert isinstance(row, dict) and set(row) == set(FIELDS) and len(row) == len(FIELDS), f"{where}: keys {sorted(row) if isinstance(row, dict) else row!r}"
            for key in FIELDS:
>               assert type(row[key]) is type(ref[key]) and row[key] == ref[key], f"{where} {key}: {row[key]!r}, expected {ref[key]!r}"
E               AssertionError: reversal_age_edge job 0 statement 0 ('92') commission: 158800000, expected 80000000
E               assert (<class 'int'> is <class 'int'> and 158800000 == 80000000)
E                +  where <class 'int'> = type(158800000)
E                +  and   <class 'int'> = type(80000000)

/tests/test_outputs.py:202: AssertionError
__________________ test_rule_2_3_credit_note_of_exactly_50000 __________________

    def test_rule_2_3_credit_note_of_exactly_50000():
        """A credit note of exactly 50,000 cents is a reversal, whatever the split, and is clawed back at 91-120 days."""
>       check_family("reversal_threshold")

/tests/test_outputs.py:249: 
_ _ _ _ _ _ _ _ _ _ _ _ _ _ _ _ _ _ _ _ _ _ _ _ _ _ _ _ _ _ _ _ _ _ _ _ _ _ _ _ 
/tests/test_outputs.py:208: in check_family
    compare(run(row["job"]), row["statements"], f"{name} job {number}")
_ _ _ _ _ _ _ _ _ _ _ _ _ _ _ _ _ _ _ _ _ _ _ _ _ _ _ _ _ _ _ _ _ _ _ _ _ _ _ _ 

actual = {'statements': [{'rep': 'A3LKC', 'bookings': 100000000, 'commission': 14800000, 'bonus': 0, ...}, {'rep': '182X4', 'bo...n': 14800000, 'bonus': 0, ...}, {'rep': 'ZGYL8YPJHW', 'bookings': 100000000, 'commission': 14800000, 'bonus': 0, ...}]}
expected = [{'rep': 'A3LKC', 'bookings': 100000000, 'commission': 8000000, 'bonus': 0, ...}, {'rep': '182X4', 'bookings': 1000000...sion': 8000000, 'bonus': 0, ...}, {'rep': 'ZGYL8YPJHW', 'bookings': 100000000, 'commission': 8000000, 'bonus': 0, ...}]
label = 'reversal_threshold job 0'

    def compare(actual, expected, label):
        """The whole output: one key, statements in job order, each with exactly the README's keys, every value
        but the rep code an integer (a float or a boolean is not), all equal to the expected ones."""
        assert isinstance(actual, dict) and list(actual) == ["statements"], f"{label}: top-level {actual!r:.200}"
        got = actual["statements"]
        assert isinstance(got, list) and len(got) == len(expected), f"{label}: {len(got) if isinstance(got, list) else got!r} statements, expected {len(expected)}"
        for index, (row, ref) in enumerate(zip(got, expected)):
            where = f"{label} statement {index} ({ref['rep']!r})"
            assert isinstance(row, dict) and set(row) == set(FIELDS) and len(row) == len(FIELDS), f"{where}: keys {sorted(row) if isinstance(row, dict) else row!r}"
            for key in FIELDS:
>               assert type(row[key]) is type(ref[key]) and row[key] == ref[key], f"{where} {key}: {row[key]!r}, expected {ref[key]!r}"
E               AssertionError: reversal_threshold job 0 statement 0 ('A3LKC') commission: 14800000, expected 8000000
E               assert (<class 'int'> is <class 'int'> and 14800000 == 8000000)
E                +  where <class 'int'> = type(14800000)
E                +  and   <class 'int'> = type(8000000)

/tests/test_outputs.py:202: AssertionError
________________ test_rule_5_2_credit_notes_outside_the_quarter ________________

    def test_rule_5_2_credit_notes_outside_the_quarter():
        """Credit notes raised the day before or after the quarter carry no line; on its first and last day they do."""
>       check_family("clawback_quarter")

/tests/test_outputs.py:254: 
_ _ _ _ _ _ _ _ _ _ _ _ _ _ _ _ _ _ _ _ _ _ _ _ _ _ _ _ _ _ _ _ _ _ _ _ _ _ _ _ 
/tests/test_outputs.py:208: in check_family
    compare(run(row["job"]), row["statements"], f"{name} job {number}")
_ _ _ _ _ _ _ _ _ _ _ _ _ _ _ _ _ _ _ _ _ _ _ _ _ _ _ _ _ _ _ _ _ _ _ _ _ _ _ _ 

actual = {'statements': [{'rep': 'DTRM-', 'bookings': 1000000000, 'commission': 158800000, 'bonus': 0, ...}, {'rep': 'P30B', 'bookings': 1000000000, 'commission': 158800000, 'bonus': 0, ...}]}
expected = [{'rep': 'DTRM-', 'bookings': 1000000000, 'commission': 80000000, 'bonus': 0, ...}, {'rep': 'P30B', 'bookings': 1000000000, 'commission': 80000000, 'bonus': 0, ...}]
label = 'clawback_quarter job 0'

    def compare(actual, expected, label):
        """The whole output: one key, statements in job order, each with exactly the README's keys, every value
        but the rep code an integer (a float or a boolean is not), all equal to the expected ones."""
        assert isinstance(actual, dict) and list(actual) == ["statements"], f"{label}: top-level {actual!r:.200}"
        got = actual["statements"]
        assert isinstance(got, list) and len(got) == len(expected), f"{label}: {len(got) if isinstance(got, list) else got!r} statements, expected {len(expected)}"
        for index, (row, ref) in enumerate(zip(got, expected)):
            where = f"{label} statement {index} ({ref['rep']!r})"
            assert isinstance(row, dict) and set(row) == set(FIELDS) and len(row) == len(FIELDS), f"{where}: keys {sorted(row) if isinstance(row, dict) else row!r}"
            for key in FIELDS:
>               assert type(row[key]) is type(ref[key]) and row[key] == ref[key], f"{where} {key}: {row[key]!r}, expected {ref[key]!r}"
E               AssertionError: clawback_quarter job 0 statement 0 ('DTRM-') commission: 158800000, expected 80000000
E               assert (<class 'int'> is <class 'int'> and 158800000 == 80000000)
E                +  where <class 'int'> = type(158800000)
E                +  and   <class 'int'> = type(80000000)

/tests/test_outputs.py:202: AssertionError
_______________ test_courtesy_credits_keep_todays_clawback_line ________________

    def test_courtesy_credits_keep_todays_clawback_line():
        """A credit note that is not a reversal keeps the clawback line the shipped package gives it."""
>       for number, row in enumerate(check_family("courtesy_credits")):
                                     ^^^^^^^^^^^^^^^^^^^^^^^^^^^^^^^^

/tests/test_outputs.py:259: 
_ _ _ _ _ _ _ _ _ _ _ _ _ _ _ _ _ _ _ _ _ _ _ _ _ _ _ _ _ _ _ _ _ _ _ _ _ _ _ _ 
/tests/test_outputs.py:208: in check_family
    compare(run(row["job"]), row["statements"], f"{name} job {number}")
_ _ _ _ _ _ _ _ _ _ _ _ _ _ _ _ _ _ _ _ _ _ _ _ _ _ _ _ _ _ _ _ _ _ _ _ _ _ _ _ 

actual = {'statements': [{'rep': '68AXWL0UJUULLUH', 'bookings': 1000000000, 'commission': 158800000, 'bonus': 0, ...}, {'rep': ...158800000, 'bonus': 0, ...}, {'rep': 'ZZ-DQBJ33JT', 'bookings': 1000000000, 'commission': 158800000, 'bonus': 0, ...}]}
expected = [{'rep': '68AXWL0UJUULLUH', 'bookings': 1000000000, 'commission': 80000000, 'bonus': 0, ...}, {'rep': 'G668M98AX2NST8Z...': 80000000, 'bonus': 0, ...}, {'rep': 'ZZ-DQBJ33JT', 'bookings': 1000000000, 'commission': 80000000, 'bonus': 0, ...}]
label = 'courtesy_credits job 0'

    def compare(actual, expected, label):
        """The whole output: one key, statements in job order, each with exactly the README's keys, every value
        but the rep code an integer (a float or a boolean is not), all equal to the expected ones."""
        assert isinstance(actual, dict) and list(actual) == ["statements"], f"{label}: top-level {actual!r:.200}"
        got = actual["statements"]
        assert isinstance(got, list) and len(got) == len(expected), f"{label}: {len(got) if isinstance(got, list) else got!r} statements, expected {len(expected)}"
        for index, (row, ref) in enumerate(zip(got, expected)):
            where = f"{label} statement {index} ({ref['rep']!r})"
            assert isinstance(row, dict) and set(row) == set(FIELDS) and len(row) == len(FIELDS), f"{where}: keys {sorted(row) if isinstance(row, dict) else row!r}"
            for key in FIELDS:
>               assert type(row[key]) is type(ref[key]) and row[key] == ref[key], f"{where} {key}: {row[key]!r}, expected {ref[key]!r}"
E               AssertionError: courtesy_credits job 0 statement 0 ('68AXWL0UJUULLUH') commission: 158800000, expected 80000000
E               assert (<class 'int'> is <class 'int'> and 158800000 == 80000000)
E                +  where <class 'int'> = type(158800000)
E                +  and   <class 'int'> = type(80000000)

/tests/test_outputs.py:202: AssertionError
_________________ test_rule_6_1_new_logo_bonus_on_small_splits _________________

    def test_rule_6_1_new_logo_bonus_on_small_splits():
        """A new-logo order earns 300 bp of the rep's share, shares below 10,000 cents included; other orders none."""
>       check_family("new_logo")

/tests/test_outputs.py:270: 
_ _ _ _ _ _ _ _ _ _ _ _ _ _ _ _ _ _ _ _ _ _ _ _ _ _ _ _ _ _ _ _ _ _ _ _ _ _ _ _ 
/tests/test_outputs.py:208: in check_family
    compare(run(row["job"]), row["statements"], f"{name} job {number}")
_ _ _ _ _ _ _ _ _ _ _ _ _ _ _ _ _ _ _ _ _ _ _ _ _ _ _ _ _ _ _ _ _ _ _ _ _ _ _ _ 

actual = {'statements': [{'rep': 'VX5X', 'bookings': 49800827, 'commission': 6768132, 'bonus': 51508, ...}, {'rep': '352MV0W7V9...327, 'bonus': 246380, ...}, {'rep': 'GJZPNQL4Y0P', 'bookings': 32362442, 'commission': 3977991, 'bonus': 175199, ...}]}
expected = [{'rep': 'VX5X', 'bookings': 49800827, 'commission': 3984066, 'bonus': 51508, ...}, {'rep': '352MV0W7V9RFN-C', 'bookin...7327, 'bonus': 246380, ...}, {'rep': 'GJZPNQL4Y0P', 'bookings': 32362442, 'commission': 2588995, 'bonus': 175199, ...}]
label = 'new_logo job 0'

    def compare(actual, expected, label):
        """The whole output: one key, statements in job order, each with exactly the README's keys, every value
        but the rep code an integer (a float or a boolean is not), all equal to the expected ones."""
        assert isinstance(actual, dict) and list(actual) == ["statements"], f"{label}: top-level {actual!r:.200}"
        got = actual["statements"]
        assert isinstance(got, list) and len(got) == len(expected), f"{label}: {len(got) if isinstance(got, list) else got!r} statements, expected {len(expected)}"
        for index, (row, ref) in enumerate(zip(got, expected)):
            where = f"{label} statement {index} ({ref['rep']!r})"
            assert isinstance(row, dict) and set(row) == set(FIELDS) and len(row) == len(FIELDS), f"{where}: keys {sorted(row) if isinstance(row, dict) else row!r}"
            for key in FIELDS:
>               assert type(row[key]) is type(ref[key]) and row[key] == ref[key], f"{where} {key}: {row[key]!r}, expected {ref[key]!r}"
E               AssertionError: new_logo job 0 statement 0 ('VX5X') commission: 6768132, expected 3984066
E               assert (<class 'int'> is <class 'int'> and 6768132 == 3984066)
E                +  where <class 'int'> = type(6768132)
E                +  and   <class 'int'> = type(3984066)

/tests/test_outputs.py:202: AssertionError
___________________ test_trial_orders_keep_todays_bonus_line ___________________

    def test_trial_orders_keep_todays_bonus_line():
        """A first order that is not a new-logo order keeps the bonus line the shipped package gives it."""
>       for number, row in enumerate(check_family("trial_orders")):
                                     ^^^^^^^^^^^^^^^^^^^^^^^^^^^^

/tests/test_outputs.py:280: 
_ _ _ _ _ _ _ _ _ _ _ _ _ _ _ _ _ _ _ _ _ _ _ _ _ _ _ _ _ _ _ _ _ _ _ _ _ _ _ _ 
/tests/test_outputs.py:208: in check_family
    compare(run(row["job"]), row["statements"], f"{name} job {number}")
_ _ _ _ _ _ _ _ _ _ _ _ _ _ _ _ _ _ _ _ _ _ _ _ _ _ _ _ _ _ _ _ _ _ _ _ _ _ _ _ 

actual = {'statements': [{'rep': 'AH10MDVXAZ2H-', 'bookings': 19046296, 'commission': 1885556, 'bonus': 571093, ...}, {'rep': '...: 12790482, 'bonus': 2622972, ...}, {'rep': 'U-H3NB', 'bookings': 1600155, 'commission': 128012, 'bonus': 39507, ...}]}
expected = [{'rep': 'AH10MDVXAZ2H-', 'bookings': 19046296, 'commission': 1523704, 'bonus': 571093, ...}, {'rep': 'GMKKNVKT-WTF7',...n': 6995241, 'bonus': 2622972, ...}, {'rep': 'U-H3NB', 'bookings': 1600155, 'commission': 128012, 'bonus': 39507, ...}]
label = 'trial_orders job 0'

    def compare(actual, expected, label):
        """The whole output: one key, statements in job order, each with exactly the README's keys, every value
        but the rep code an integer (a float or a boolean is not), all equal to the expected ones."""
        assert isinstance(actual, dict) and list(actual) == ["statements"], f"{label}: top-level {actual!r:.200}"
        got = actual["statements"]
        assert isinstance(got, list) and len(got) == len(expected), f"{label}: {len(got) if isinstance(got, list) else got!r} statements, expected {len(expected)}"
        for index, (row, ref) in enumerate(zip(got, expected)):
            where = f"{label} statement {index} ({ref['rep']!r})"
            assert isinstance(row, dict) and set(row) == set(FIELDS) and len(row) == len(FIELDS), f"{where}: keys {sorted(row) if isinstance(row, dict) else row!r}"
            for key in FIELDS:
>               assert type(row[key]) is type(ref[key]) and row[key] == ref[key], f"{where} {key}: {row[key]!r}, expected {ref[key]!r}"
E               AssertionError: trial_orders job 0 statement 0 ('AH10MDVXAZ2H-') commission: 1885556, expected 1523704
E               assert (<class 'int'> is <class 'int'> and 1885556 == 1523704)
E                +  where <class 'int'> = type(1885556)
E                +  and   <class 'int'> = type(1523704)

/tests/test_outputs.py:202: AssertionError
____________________ test_rule_7_2_shortfall_added_to_owed _____________________

    def test_rule_7_2_shortfall_added_to_owed():
        """A total below the draw: the draw is paid, nothing recovered or carried, the shortfall added to the owed balance."""
>       check_family("draw_shortfall")

/tests/test_outputs.py:291: 
_ _ _ _ _ _ _ _ _ _ _ _ _ _ _ _ _ _ _ _ _ _ _ _ _ _ _ _ _ _ _ _ _ _ _ _ _ _ _ _ 
/tests/test_outputs.py:208: in check_family
    compare(run(row["job"]), row["statements"], f"{name} job {number}")
_ _ _ _ _ _ _ _ _ _ _ _ _ _ _ _ _ _ _ _ _ _ _ _ _ _ _ _ _ _ _ _ _ _ _ _ _ _ _ _ 

actual = {'statements': [{'rep': '9QYVR98D86CM', 'bookings': 10923262, 'commission': 910791, 'bonus': 0, ...}, {'rep': 'DV1WW9L...9', 'bookings': 0, 'commission': 0, 'bonus': 0, ...}, {'rep': 'ZN2', 'bookings': 0, 'commission': 0, 'bonus': 0, ...}]}
expected = [{'rep': '9QYVR98D86CM', 'bookings': 10923262, 'commission': 873861, 'bonus': 0, ...}, {'rep': 'DV1WW9LGGV66', 'bookin...L9', 'bookings': 0, 'commission': 0, 'bonus': 0, ...}, {'rep': 'ZN2', 'bookings': 0, 'commission': 0, 'bonus': 0, ...}]
label = 'draw_shortfall job 0'

    def compare(actual, expected, label):
        """The whole output: one key, statements in job order, each with exactly the README's keys, every value
        but the rep code an integer (a float or a boolean is not), all equal to the expected ones."""
        assert isinstance(actual, dict) and list(actual) == ["statements"], f"{label}: top-level {actual!r:.200}"
        got = actual["statements"]
        assert isinstance(got, list) and len(got) == len(expected), f"{label}: {len(got) if isinstance(got, list) else got!r} statements, expected {len(expected)}"
        for index, (row, ref) in enumerate(zip(got, expected)):
            where = f"{label} statement {index} ({ref['rep']!r})"
            assert isinstance(row, dict) and set(row) == set(FIELDS) and len(row) == len(FIELDS), f"{where}: keys {sorted(row) if isinstance(row, dict) else row!r}"
            for key in FIELDS:
>               assert type(row[key]) is type(ref[key]) and row[key] == ref[key], f"{where} {key}: {row[key]!r}, expected {ref[key]!r}"
E               AssertionError: draw_shortfall job 0 statement 0 ('9QYVR98D86CM') commission: 910791, expected 873861
E               assert (<class 'int'> is <class 'int'> and 910791 == 873861)
E                +  where <class 'int'> = type(910791)
E                +  and   <class 'int'> = type(873861)

/tests/test_outputs.py:202: AssertionError
___________________ test_rule_7_2_total_exactly_on_the_draw ____________________

    def test_rule_7_2_total_exactly_on_the_draw():
        """A total exactly on the draw, a cent under and a cent over, with owed balances of nought and above."""
>       check_family("draw_edge")

/tests/test_outputs.py:296: 
_ _ _ _ _ _ _ _ _ _ _ _ _ _ _ _ _ _ _ _ _ _ _ _ _ _ _ _ _ _ _ _ _ _ _ _ _ _ _ _ 
/tests/test_outputs.py:208: in check_family
    compare(run(row["job"]), row["statements"], f"{name} job {number}")
_ _ _ _ _ _ _ _ _ _ _ _ _ _ _ _ _ _ _ _ _ _ _ _ _ _ _ _ _ _ _ _ _ _ _ _ _ _ _ _ 

actual = {'statements': [{'rep': '8YDW11K6', 'bookings': 91359962, 'commission': 13417594, 'bonus': 0, ...}, {'rep': '3WNNE1S1A...mission': 9035686, 'bonus': 0, ...}, {'rep': 'X6D0XPA', 'bookings': 69308262, 'commission': 9889322, 'bonus': 0, ...}]}
expected = [{'rep': '8YDW11K6', 'bookings': 91359962, 'commission': 7308797, 'bonus': 0, ...}, {'rep': '3WNNE1S1A6H', 'bookings':...mmission': 5117843, 'bonus': 0, ...}, {'rep': 'X6D0XPA', 'bookings': 69308262, 'commission': 5544661, 'bonus': 0, ...}]
label = 'draw_edge job 0'

    def compare(actual, expected, label):
        """The whole output: one key, statements in job order, each with exactly the README's keys, every value
        but the rep code an integer (a float or a boolean is not), all equal to the expected ones."""
        assert isinstance(actual, dict) and list(actual) == ["statements"], f"{label}: top-level {actual!r:.200}"
        got = actual["statements"]
        assert isinstance(got, list) and len(got) == len(expected), f"{label}: {len(got) if isinstance(got, list) else got!r} statements, expected {len(expected)}"
        for index, (row, ref) in enumerate(zip(got, expected)):
            where = f"{label} statement {index} ({ref['rep']!r})"
            assert isinstance(row, dict) and set(row) == set(FIELDS) and len(row) == len(FIELDS), f"{where}: keys {sorted(row) if isinstance(row, dict) else row!r}"
            for key in FIELDS:
>               assert type(row[key]) is type(ref[key]) and row[key] == ref[key], f"{where} {key}: {row[key]!r}, expected {ref[key]!r}"
E               AssertionError: draw_edge job 0 statement 0 ('8YDW11K6') commission: 13417594, expected 7308797
E               assert (<class 'int'> is <class 'int'> and 13417594 == 7308797)
E                +  where <class 'int'> = type(13417594)
E                +  and   <class 'int'> = type(7308797)

/tests/test_outputs.py:202: AssertionError
__________________ test_rule_7_3_recovery_only_above_the_draw __________________

    def test_rule_7_3_recovery_only_above_the_draw():
        """The owed balance is recovered only from the part of the total above the draw."""
>       check_family("recovery")

/tests/test_outputs.py:306: 
_ _ _ _ _ _ _ _ _ _ _ _ _ _ _ _ _ _ _ _ _ _ _ _ _ _ _ _ _ _ _ _ _ _ _ _ _ _ _ _ 
/tests/test_outputs.py:208: in check_family
    compare(run(row["job"]), row["statements"], f"{name} job {number}")
_ _ _ _ _ _ _ _ _ _ _ _ _ _ _ _ _ _ _ _ _ _ _ _ _ _ _ _ _ _ _ _ _ _ _ _ _ _ _ _ 

actual = {'statements': [{'rep': 'MW', 'bookings': 12248625, 'commission': 1069835, 'bonus': 0, ...}, {'rep': '6GV621C-1T', 'bo...: 472583, 'bonus': 0, ...}, {'rep': 'QK004TQQ3Y8XRMW7', 'bookings': 12048237, 'commission': 1045788, 'bonus': 0, ...}]}
expected = [{'rep': 'MW', 'bookings': 12248625, 'commission': 979890, 'bonus': 0, ...}, {'rep': '6GV621C-1T', 'bookings': 1635592...n': 472583, 'bonus': 0, ...}, {'rep': 'QK004TQQ3Y8XRMW7', 'bookings': 12048237, 'commission': 963859, 'bonus': 0, ...}]
label = 'recovery job 0'

    def compare(actual, expected, label):
        """The whole output: one key, statements in job order, each with exactly the README's keys, every value
        but the rep code an integer (a float or a boolean is not), all equal to the expected ones."""
        assert isinstance(actual, dict) and list(actual) == ["statements"], f"{label}: top-level {actual!r:.200}"
        got = actual["statements"]
        assert isinstance(got, list) and len(got) == len(expected), f"{label}: {len(got) if isinstance(got, list) else got!r} statements, expected {len(expected)}"
        for index, (row, ref) in enumerate(zip(got, expected)):
            where = f"{label} statement {index} ({ref['rep']!r})"
            assert isinstance(row, dict) and set(row) == set(FIELDS) and len(row) == len(FIELDS), f"{where}: keys {sorted(row) if isinstance(row, dict) else row!r}"
            for key in FIELDS:
>               assert type(row[key]) is type(ref[key]) and row[key] == ref[key], f"{where} {key}: {row[key]!r}, expected {ref[key]!r}"
E               AssertionError: recovery job 0 statement 0 ('MW') commission: 1069835, expected 979890
E               assert (<class 'int'> is <class 'int'> and 1069835 == 979890)
E                +  where <class 'int'> = type(1069835)
E                +  and   <class 'int'> = type(979890)

/tests/test_outputs.py:202: AssertionError
________________________ test_statement_order_and_keys _________________________

    def test_statement_order_and_keys():
        """Statements come in job order with codes as given (1 and 16 characters, spaces, quotes, non-ASCII)."""
>       check_family("statement_order")

/tests/test_outputs.py:361: 
_ _ _ _ _ _ _ _ _ _ _ _ _ _ _ _ _ _ _ _ _ _ _ _ _ _ _ _ _ _ _ _ _ _ _ _ _ _ _ _ 
/tests/test_outputs.py:208: in check_family
    compare(run(row["job"]), row["statements"], f"{name} job {number}")
_ _ _ _ _ _ _ _ _ _ _ _ _ _ _ _ _ _ _ _ _ _ _ _ _ _ _ _ _ _ _ _ _ _ _ _ _ _ _ _ 

actual = {'statements': [{'rep': 'A', 'bookings': 514420, 'commission': 41154, 'bonus': 15433, ...}, {'rep': 'ZZZZZZZZZZZZZZZZ'...ission': 2918598, 'bonus': 0, ...}, {'rep': 'x', 'bookings': 231571021, 'commission': 35851363, 'bonus': 0, ...}, ...]}
expected = [{'rep': 'A', 'bookings': 514420, 'commission': 41154, 'bonus': 15433, ...}, {'rep': 'ZZZZZZZZZZZZZZZZ', 'bookings': 3...mission': 4073961, 'bonus': 0, ...}, {'rep': 'x', 'bookings': 231571021, 'commission': 18525682, 'bonus': 0, ...}, ...]
label = 'statement_order job 0'

    def compare(actual, expected, label):
        """The whole output: one key, statements in job order, each with exactly the README's keys, every value
        but the rep code an integer (a float or a boolean is not), all equal to the expected ones."""
        assert isinstance(actual, dict) and list(actual) == ["statements"], f"{label}: top-level {actual!r:.200}"
        got = actual["statements"]
        assert isinstance(got, list) and len(got) == len(expected), f"{label}: {len(got) if isinstance(got, list) else got!r} statements, expected {len(expected)}"
        for index, (row, ref) in enumerate(zip(got, expected)):
            where = f"{label} statement {index} ({ref['rep']!r})"
            assert isinstance(row, dict) and set(row) == set(FIELDS) and len(row) == len(FIELDS), f"{where}: keys {sorted(row) if isinstance(row, dict) else row!r}"
            for key in FIELDS:
>               assert type(row[key]) is type(ref[key]) and row[key] == ref[key], f"{where} {key}: {row[key]!r}, expected {ref[key]!r}"
E               AssertionError: statement_order job 0 statement 1 ('ZZZZZZZZZZZZZZZZ') commission: 3979741, expected 4978865
E               assert (<class 'int'> is <class 'int'> and 3979741 == 4978865)
E                +  where <class 'int'> = type(3979741)
E                +  and   <class 'int'> = type(4978865)

/tests/test_outputs.py:202: AssertionError
_______________________ test_section_one_limits_reached ________________________

    def test_section_one_limits_reached():
        """60 reps, 300 orders, 100 credit notes, quotas of 100,000 and 10^10, every field at its ends."""
>       check_family("limits_reps")

/tests/test_outputs.py:366: 
_ _ _ _ _ _ _ _ _ _ _ _ _ _ _ _ _ _ _ _ _ _ _ _ _ _ _ _ _ _ _ _ _ _ _ _ _ _ _ _ 
/tests/test_outputs.py:208: in check_family
    compare(run(row["job"]), row["statements"], f"{name} job {number}")
_ _ _ _ _ _ _ _ _ _ _ _ _ _ _ _ _ _ _ _ _ _ _ _ _ _ _ _ _ _ _ _ _ _ _ _ _ _ _ _ 

actual = {'statements': [{'rep': 'P7V7', 'bookings': 1010002501, 'commission': 160400400, 'bonus': 30000075, ...}, {'rep': 'SN1...ion': 160400400, 'bonus': 30000075, ...}, {'rep': '1QUWUX8BZM2PRL6', 'bookings': 1, 'commission': 0, 'bonus': 0, ...}]}
expected = [{'rep': 'P7V7', 'bookings': 1010002501, 'commission': 80800200, 'bonus': 30000075, ...}, {'rep': 'SN10E63DA57U9', 'bo...sion': 161588400, 'bonus': 30000075, ...}, {'rep': '1QUWUX8BZM2PRL6', 'bookings': 1, 'commission': 0, 'bonus': 0, ...}]
label = 'limits_reps job 0'

    def compare(actual, expected, label):
        """The whole output: one key, statements in job order, each with exactly the README's keys, every value
        but the rep code an integer (a float or a boolean is not), all equal to the expected ones."""
        assert isinstance(actual, dict) and list(actual) == ["statements"], f"{label}: top-level {actual!r:.200}"
        got = actual["statements"]
        assert isinstance(got, list) and len(got) == len(expected), f"{label}: {len(got) if isinstance(got, list) else got!r} statements, expected {len(expected)}"
        for index, (row, ref) in enumerate(zip(got, expected)):
            where = f"{label} statement {index} ({ref['rep']!r})"
            assert isinstance(row, dict) and set(row) == set(FIELDS) and len(row) == len(FIELDS), f"{where}: keys {sorted(row) if isinstance(row, dict) else row!r}"
            for key in FIELDS:
>               assert type(row[key]) is type(ref[key]) and row[key] == ref[key], f"{where} {key}: {row[key]!r}, expected {ref[key]!r}"
E               AssertionError: limits_reps job 0 statement 0 ('P7V7') commission: 160400400, expected 80800200
E               assert (<class 'int'> is <class 'int'> and 160400400 == 80800200)
E                +  where <class 'int'> = type(160400400)
E                +  and   <class 'int'> = type(80800200)

/tests/test_outputs.py:202: AssertionError
_____________________________ test_generated_jobs ______________________________

    def test_generated_jobs():
        """Seeded jobs over the governed domain, as sealed and under fresh codes and orders."""
>       rows = check_family("generated")
               ^^^^^^^^^^^^^^^^^^^^^^^^^

/tests/test_outputs.py:381: 
_ _ _ _ _ _ _ _ _ _ _ _ _ _ _ _ _ _ _ _ _ _ _ _ _ _ _ _ _ _ _ _ _ _ _ _ _ _ _ _ 
/tests/test_outputs.py:208: in check_family
    compare(run(row["job"]), row["statements"], f"{name} job {number}")
_ _ _ _ _ _ _ _ _ _ _ _ _ _ _ _ _ _ _ _ _ _ _ _ _ _ _ _ _ _ _ _ _ _ _ _ _ _ _ _ 

actual = {'statements': [{'rep': 'AP5CSXRCBAEF', 'bookings': 45870739, 'commission': 6139318, 'bonus': 0, ...}, {'rep': '4MEJPU...: 33272315, 'bonus': 6419764, ...}, {'rep': 'RQ', 'bookings': 286514019, 'commission': 44642243, 'bonus': 16560, ...}]}
expected = [{'rep': 'AP5CSXRCBAEF', 'bookings': 45870739, 'commission': 4102616, 'bonus': 0, ...}, {'rep': '4MEJPU1K', 'bookings'...': 17236158, 'bonus': 6419764, ...}, {'rep': 'RQ', 'bookings': 286514019, 'commission': 22921122, 'bonus': 16560, ...}]
label = 'generated job 0'

    def compare(actual, expected, label):
        """The whole output: one key, statements in job order, each with exactly the README's keys, every value
        but the rep code an integer (a float or a boolean is not), all equal to the expected ones."""
        assert isinstance(actual, dict) and list(actual) == ["statements"], f"{label}: top-level {actual!r:.200}"
        got = actual["statements"]
        assert isinstance(got, list) and len(got) == len(expected), f"{label}: {len(got) if isinstance(got, list) else got!r} statements, expected {len(expected)}"
        for index, (row, ref) in enumerate(zip(got, expected)):
            where = f"{label} statement {index} ({ref['rep']!r})"
            assert isinstance(row, dict) and set(row) == set(FIELDS) and len(row) == len(FIELDS), f"{where}: keys {sorted(row) if isinstance(row, dict) else row!r}"
            for key in FIELDS:
>               assert type(row[key]) is type(ref[key]) and row[key] == ref[key], f"{where} {key}: {row[key]!r}, expected {ref[key]!r}"
E               AssertionError: generated job 0 statement 0 ('AP5CSXRCBAEF') commission: 6139318, expected 4102616
E               assert (<class 'int'> is <class 'int'> and 6139318 == 4102616)
E                +  where <class 'int'> = type(6139318)
E                +  and   <class 'int'> = type(4102616)

/tests/test_outputs.py:202: AssertionError
==================================== PASSES ====================================
=========================== short test summary info ============================
PASSED ../../tests/test_outputs.py::test_rule_2_4_first_order_of_exactly_250000
PASSED ../../tests/test_outputs.py::test_rule_7_2_total_below_nought
PASSED ../../tests/test_outputs.py::test_rule_7_4_minimum_payment
PASSED ../../tests/test_outputs.py::test_rule_7_4_due_of_24999_and_25000
PASSED ../../tests/test_outputs.py::test_candidate_cannot_read_verifier_state
PASSED ../../tests/test_outputs.py::test_submitted_driver_unchanged
FAILED ../../tests/test_outputs.py::test_rule_3_2_bookings_take_the_reps_split
FAILED ../../tests/test_outputs.py::test_rule_3_1_orders_on_the_quarter_edges
FAILED ../../tests/test_outputs.py::test_rule_4_1_accelerators_apply_to_the_part_above_quota
FAILED ../../tests/test_outputs.py::test_rule_4_1_bookings_on_the_quota_and_twice_the_quota
FAILED ../../tests/test_outputs.py::test_rule_4_2_each_band_rounds_half_up - ...
FAILED ../../tests/test_outputs.py::test_rule_5_1_reversals_up_to_120_days - ...
FAILED ../../tests/test_outputs.py::test_rule_5_1_reversal_ages_120_and_121
FAILED ../../tests/test_outputs.py::test_rule_2_3_credit_note_of_exactly_50000
FAILED ../../tests/test_outputs.py::test_rule_5_2_credit_notes_outside_the_quarter
FAILED ../../tests/test_outputs.py::test_courtesy_credits_keep_todays_clawback_line
FAILED ../../tests/test_outputs.py::test_rule_6_1_new_logo_bonus_on_small_splits
FAILED ../../tests/test_outputs.py::test_trial_orders_keep_todays_bonus_line
FAILED ../../tests/test_outputs.py::test_rule_7_2_shortfall_added_to_owed - A...
FAILED ../../tests/test_outputs.py::test_rule_7_2_total_exactly_on_the_draw
FAILED ../../tests/test_outputs.py::test_rule_7_3_recovery_only_above_the_draw
FAILED ../../tests/test_outputs.py::test_statement_order_and_keys - Assertion...
FAILED ../../tests/test_outputs.py::test_section_one_limits_reached - Asserti...
FAILED ../../tests/test_outputs.py::test_generated_jobs - AssertionError: gen...
========================= 18 failed, 6 passed in 1.34s =========================
