============================= test session starts ==============================
platform linux -- Python 3.13.12, pytest-9.1.1, pluggy-1.6.0
rootdir: /tests
plugins: json-ctrf-0.5.2
collected 24 items

../../tests/test_outputs.py F.F..F.............F.F..                     [100%]

=================================== FAILURES ===================================
__________________ test_rule_3_2_bookings_take_the_reps_split __________________

    def test_rule_3_2_bookings_take_the_reps_split():
        """Bookings add the rep's split share of each order, rounded half up, not the whole order value."""
>       check_family("split_bookings")

/tests/test_outputs.py:214: 
_ _ _ _ _ _ _ _ _ _ _ _ _ _ _ _ _ _ _ _ _ _ _ _ _ _ _ _ _ _ _ _ _ _ _ _ _ _ _ _ 
/tests/test_outputs.py:208: in check_family
    compare(run(row["job"]), row["statements"], f"{name} job {number}")
_ _ _ _ _ _ _ _ _ _ _ _ _ _ _ _ _ _ _ _ _ _ _ _ _ _ _ _ _ _ _ _ _ _ _ _ _ _ _ _ 

actual = {'statements': [{'rep': 'UFKZ2KH1B0', 'bookings': 1089200099, 'commission': 172474621, 'bonus': 0, ...}, {'rep': '0', ...00109, 'bonus': 0, ...}, {'rep': 'P5QTCM7WKAU2-GY', 'bookings': 1049993033, 'commission': 167045267, 'bonus': 0, ...}]}
expected = [{'rep': 'UFKZ2KH1B0', 'bookings': 1089200099, 'commission': 172474622, 'bonus': 0, ...}, {'rep': '0', 'bookings': 310...400109, 'bonus': 0, ...}, {'rep': 'P5QTCM7WKAU2-GY', 'bookings': 1049993033, 'commission': 167045267, 'bonus': 0, ...}]
label = 'split_bookings job 0'

    def compare(actual, expected, label):
        """The whole output: one key, statements in job order, each with exactly the README's keys, every value
        but the rep code an integer (a float or a boolean is not), all equal to the expected ones."""
        assert isinstance(actual, dict) and list(actual) == ["statements"], f"{label}: top-level {actual!r:.200}"
        got = actual["statements"]
        assert isinstance(got, list) and len(got) == len(expected), f"{label}: {len(got) if isinstance(got, list) else got!r} statements, expected {len(expected)}"
        for index, (row, ref) in enumerate(zip(got, expected)):
            where = f"{label} statement {index} ({ref['rep']!r})"
            assert isinstance(row, dict) and set(row) == set(FIELDS) and len(row) == len(FIELDS), f"{where}: keys {sorted(row) if isinstance(row, dict) else row!r}"
            for key in FIELDS:
>               assert type(row[key]) is type(ref[key]) and row[key] == ref[key], f"{where} {key}: {row[key]!r}, expected {ref[key]!r}"
E               AssertionError: split_bookings job 0 statement 0 ('UFKZ2KH1B0') commission: 172474621, expected 172474622
E               assert (<class 'int'> is <class 'int'> and 172474621 == 172474622)
E                +  where <class 'int'> = type(172474621)
E                +  and   <class 'int'> = type(172474622)

/tests/test_outputs.py:202: AssertionError
___________ test_rule_4_1_accelerators_apply_to_the_part_above_quota ___________

    def test_rule_4_1_accelerators_apply_to_the_part_above_quota():
        """800 bp up to the quota, 1,200 bp on the part to twice the quota, 1,600 bp above; never retroactively."""
>       check_family("bands")

/tests/test_outputs.py:224: 
_ _ _ _ _ _ _ _ _ _ _ _ _ _ _ _ _ _ _ _ _ _ _ _ _ _ _ _ _ _ _ _ _ _ _ _ _ _ _ _ 
/tests/test_outputs.py:208: in check_family
    compare(run(row["job"]), row["statements"], f"{name} job {number}")
_ _ _ _ _ _ _ _ _ _ _ _ _ _ _ _ _ _ _ _ _ _ _ _ _ _ _ _ _ _ _ _ _ _ _ _ _ _ _ _ 

actual = {'statements': [{'rep': 'DL', 'bookings': 49829323, 'commission': 3986346, 'bonus': 0, ...}, {'rep': 'EH9VXP6DYS', 'bo...n': 13370111, 'bonus': 0, ...}, {'rep': '7FN1LF2SAP', 'bookings': 151068672, 'commission': 22156739, 'bonus': 0, ...}]}
expected = [{'rep': 'DL', 'bookings': 49829323, 'commission': 3986346, 'bonus': 0, ...}, {'rep': 'EH9VXP6DYS', 'bookings': 443566...on': 13370110, 'bonus': 0, ...}, {'rep': '7FN1LF2SAP', 'bookings': 151068672, 'commission': 22156739, 'bonus': 0, ...}]
label = 'bands job 0'

    def compare(actual, expected, label):
        """The whole output: one key, statements in job order, each with exactly the README's keys, every value
        but the rep code an integer (a float or a boolean is not), all equal to the expected ones."""
        assert isinstance(actual, dict) and list(actual) == ["statements"], f"{label}: top-level {actual!r:.200}"
        got = actual["statements"]
        assert isinstance(got, list) and len(got) == len(expected), f"{label}: {len(got) if isinstance(got, list) else got!r} statements, expected {len(expected)}"
        for index, (row, ref) in enumerate(zip(got, expected)):
            where = f"{label} statement {index} ({ref['rep']!r})"
            assert isinstance(row, dict) and set(row) == set(FIELDS) and len(row) == len(FIELDS), f"{where}: keys {sorted(row) if isinstance(row, dict) else row!r}"
            for key in FIELDS:
>               assert type(row[key]) is type(ref[key]) and row[key] == ref[key], f"{where} {key}: {row[key]!r}, expected {ref[key]!r}"
E               AssertionError: bands job 0 statement 2 ('G2KBE') commission: 25588560, expected 25588561
E               assert (<class 'int'> is <class 'int'> and 25588560 == 25588561)
E                +  where <class 'int'> = type(25588560)
E                +  and   <class 'int'> = type(25588561)

/tests/test_outputs.py:202: AssertionError
____________________ test_rule_5_1_reversals_up_to_120_days ____________________

    def test_rule_5_1_reversals_up_to_120_days():
        """A reversal raised in the quarter claws back 800 bp of the rep's share up to an age of 120 days, nothing after."""
>       check_family("reversal_window")

/tests/test_outputs.py:239: 
_ _ _ _ _ _ _ _ _ _ _ _ _ _ _ _ _ _ _ _ _ _ _ _ _ _ _ _ _ _ _ _ _ _ _ _ _ _ _ _ 
/tests/test_outputs.py:208: in check_family
    compare(run(row["job"]), row["statements"], f"{name} job {number}")
_ _ _ _ _ _ _ _ _ _ _ _ _ _ _ _ _ _ _ _ _ _ _ _ _ _ _ _ _ _ _ _ _ _ _ _ _ _ _ _ 

actual = {'statements': [{'rep': 'G', 'bookings': 74082624, 'commission': 11039486, 'bonus': 0, ...}, {'rep': 'W6K9DLA12D4QJ9R'...mmission': 1116845, 'bonus': 0, ...}, {'rep': 'FHSY', 'bookings': 130201790, 'commission': 10416143, 'bonus': 0, ...}]}
expected = [{'rep': 'G', 'bookings': 74082624, 'commission': 11039485, 'bonus': 0, ...}, {'rep': 'W6K9DLA12D4QJ9R', 'bookings': 6...ommission': 1116845, 'bonus': 0, ...}, {'rep': 'FHSY', 'bookings': 130201790, 'commission': 10416143, 'bonus': 0, ...}]
label = 'reversal_window job 0'

    def compare(actual, expected, label):
        """The whole output: one key, statements in job order, each with exactly the README's keys, every value
        but the rep code an integer (a float or a boolean is not), all equal to the expected ones."""
        assert isinstance(actual, dict) and list(actual) == ["statements"], f"{label}: top-level {actual!r:.200}"
        got = actual["statements"]
        assert isinstance(got, list) and len(got) == len(expected), f"{label}: {len(got) if isinstance(got, list) else got!r} statements, expected {len(expected)}"
        for index, (row, ref) in enumerate(zip(got, expected)):
            where = f"{label} statement {index} ({ref['rep']!r})"
            assert isinstance(row, dict) and set(row) == set(FIELDS) and len(row) == len(FIELDS), f"{where}: keys {sorted(row) if isinstance(row, dict) else row!r}"
            for key in FIELDS:
>               assert type(row[key]) is type(ref[key]) and row[key] == ref[key], f"{where} {key}: {row[key]!r}, expected {ref[key]!r}"
E               AssertionError: reversal_window job 0 statement 0 ('G') commission: 11039486, expected 11039485
E               assert (<class 'int'> is <class 'int'> and 11039486 == 11039485)
E                +  where <class 'int'> = type(11039486)
E                +  and   <class 'int'> = type(11039485)

/tests/test_outputs.py:202: AssertionError
________________________ test_statement_order_and_keys _________________________

    def test_statement_order_and_keys():
        """Statements come in job order with codes as given (1 and 16 characters, spaces, quotes, non-ASCII)."""
>       check_family("statement_order")

/tests/test_outputs.py:360: 
_ _ _ _ _ _ _ _ _ _ _ _ _ _ _ _ _ _ _ _ _ _ _ _ _ _ _ _ _ _ _ _ _ _ _ _ _ _ _ _ 
/tests/test_outputs.py:208: in check_family
    compare(run(row["job"]), row["statements"], f"{name} job {number}")
_ _ _ _ _ _ _ _ _ _ _ _ _ _ _ _ _ _ _ _ _ _ _ _ _ _ _ _ _ _ _ _ _ _ _ _ _ _ _ _ 

actual = {'statements': [{'rep': 'A', 'bookings': 514420, 'commission': 41154, 'bonus': 15433, ...}, {'rep': 'ZZZZZZZZZZZZZZZZ'...ission': 4073961, 'bonus': 0, ...}, {'rep': 'x', 'bookings': 231571021, 'commission': 18525682, 'bonus': 0, ...}, ...]}
expected = [{'rep': 'A', 'bookings': 514420, 'commission': 41154, 'bonus': 15433, ...}, {'rep': 'ZZZZZZZZZZZZZZZZ', 'bookings': 3...mission': 4073961, 'bonus': 0, ...}, {'rep': 'x', 'bookings': 231571021, 'commission': 18525682, 'bonus': 0, ...}, ...]
label = 'statement_order job 0'

    def compare(actual, expected, label):
        """The whole output: one key, statements in job order, each with exactly the README's keys, every value
        but the rep code an integer (a float or a boolean is not), all equal to the expected ones."""
        assert isinstance(actual, dict) and list(actual) == ["statements"], f"{label}: top-level {actual!r:.200}"
        got = actual["statements"]
        assert isinstance(got, list) and len(got) == len(expected), f"{label}: {len(got) if isinstance(got, list) else got!r} statements, expected {len(expected)}"
        for index, (row, ref) in enumerate(zip(got, expected)):
            where = f"{label} statement {index} ({ref['rep']!r})"
            assert isinstance(row, dict) and set(row) == set(FIELDS) and len(row) == len(FIELDS), f"{where}: keys {sorted(row) if isinstance(row, dict) else row!r}"
            for key in FIELDS:
>               assert type(row[key]) is type(ref[key]) and row[key] == ref[key], f"{where} {key}: {row[key]!r}, expected {ref[key]!r}"
E               AssertionError: statement_order job 0 statement 3 ('R"\\/1') commission: 2589730, expected 2589729
E               assert (<class 'int'> is <class 'int'> and 2589730 == 2589729)
E                +  where <class 'int'> = type(2589730)
E                +  and   <class 'int'> = type(2589729)

/tests/test_outputs.py:202: AssertionError
_____________________________ test_generated_jobs ______________________________

    def test_generated_jobs():
        """Seeded jobs over the governed domain, as sealed and under fresh codes and orders."""
>       rows = check_family("generated")
               ^^^^^^^^^^^^^^^^^^^^^^^^^

/tests/test_outputs.py:380: 
_ _ _ _ _ _ _ _ _ _ _ _ _ _ _ _ _ _ _ _ _ _ _ _ _ _ _ _ _ _ _ _ _ _ _ _ _ _ _ _ 
/tests/test_outputs.py:208: in check_family
    compare(run(row["job"]), row["statements"], f"{name} job {number}")
_ _ _ _ _ _ _ _ _ _ _ _ _ _ _ _ _ _ _ _ _ _ _ _ _ _ _ _ _ _ _ _ _ _ _ _ _ _ _ _ 

actual = {'statements': [{'rep': 'AP5CSXRCBAEF', 'bookings': 45870739, 'commission': 4102616, 'bonus': 0, ...}, {'rep': '4MEJPU...: 17236158, 'bonus': 6419764, ...}, {'rep': 'RQ', 'bookings': 286514019, 'commission': 22921122, 'bonus': 16560, ...}]}
expected = [{'rep': 'AP5CSXRCBAEF', 'bookings': 45870739, 'commission': 4102616, 'bonus': 0, ...}, {'rep': '4MEJPU1K', 'bookings'...': 17236158, 'bonus': 6419764, ...}, {'rep': 'RQ', 'bookings': 286514019, 'commission': 22921122, 'bonus': 16560, ...}]
label = 'generated job 0'

    def compare(actual, expected, label):
        """The whole output: one key, statements in job order, each with exactly the README's keys, every value
        but the rep code an integer (a float or a boolean is not), all equal to the expected ones."""
        assert isinstance(actual, dict) and list(actual) == ["statements"], f"{label}: top-level {actual!r:.200}"
        got = actual["statements"]
        assert isinstance(got, list) and len(got) == len(expected), f"{label}: {len(got) if isinstance(got, list) else got!r} statements, expected {len(expected)}"
        for index, (row, ref) in enumerate(zip(got, expected)):
            where = f"{label} statement {index} ({ref['rep']!r})"
            assert isinstance(row, dict) and set(row) == set(FIELDS) and len(row) == len(FIELDS), f"{where}: keys {sorted(row) if isinstance(row, dict) else row!r}"
            for key in FIELDS:
>               assert type(row[key]) is type(ref[key]) and row[key] == ref[key], f"{where} {key}: {row[key]!r}, expected {ref[key]!r}"
E               AssertionError: generated job 0 statement 1 ('4MEJPU1K') commission: 76582774, expected 76582773
E               assert (<class 'int'> is <class 'int'> and 76582774 == 76582773)
E                +  where <class 'int'> = type(76582774)
E                +  and   <class 'int'> = type(76582773)

/tests/test_outputs.py:202: AssertionError
==================================== PASSES ====================================
=========================== short test summary info ============================
PASSED ../../tests/test_outputs.py::test_rule_3_1_orders_on_the_quarter_edges
PASSED ../../tests/test_outputs.py::test_rule_4_1_bookings_on_the_quota_and_twice_the_quota
PASSED ../../tests/test_outputs.py::test_rule_4_2_each_band_rounds_half_up
PASSED ../../tests/test_outputs.py::test_rule_5_1_reversal_ages_120_and_121
PASSED ../../tests/test_outputs.py::test_rule_2_3_credit_note_of_exactly_50000
PASSED ../../tests/test_outputs.py::test_rule_5_2_credit_notes_outside_the_quarter
PASSED ../../tests/test_outputs.py::test_courtesy_credits_keep_todays_clawback_line
PASSED ../../tests/test_outputs.py::test_rule_6_1_new_logo_bonus_on_small_splits
PASSED ../../tests/test_outputs.py::test_rule_2_4_first_order_of_exactly_250000
PASSED ../../tests/test_outputs.py::test_trial_orders_keep_todays_bonus_line
PASSED ../../tests/test_outputs.py::test_rule_7_2_shortfall_added_to_owed
PASSED ../../tests/test_outputs.py::test_rule_7_2_total_exactly_on_the_draw
PASSED ../../tests/test_outputs.py::test_rule_7_2_total_below_nought
PASSED ../../tests/test_outputs.py::test_rule_7_3_recovery_only_above_the_draw
PASSED ../../tests/test_outputs.py::test_rule_7_4_minimum_payment
PASSED ../../tests/test_outputs.py::test_rule_7_4_due_of_24999_and_25000
PASSED ../../tests/test_outputs.py::test_section_one_limits_reached
PASSED ../../tests/test_outputs.py::test_candidate_cannot_read_verifier_state
PASSED ../../tests/test_outputs.py::test_submitted_driver_unchanged
FAILED ../../tests/test_outputs.py::test_rule_3_2_bookings_take_the_reps_split
FAILED ../../tests/test_outputs.py::test_rule_4_1_accelerators_apply_to_the_part_above_quota
FAILED ../../tests/test_outputs.py::test_rule_5_1_reversals_up_to_120_days - ...
FAILED ../../tests/test_outputs.py::test_statement_order_and_keys - Assertion...
FAILED ../../tests/test_outputs.py::test_generated_jobs - AssertionError: gen...
========================= 5 failed, 19 passed in 0.99s =========================
