============================= test session starts ==============================
platform linux -- Python 3.13.12, pytest-9.1.1, pluggy-1.6.0
rootdir: /tests
plugins: json-ctrf-0.5.2
collected 24 items

../../tests/test_outputs.py FF....F.FF..........FF..                     [100%]

=================================== FAILURES ===================================
__________________ test_rule_3_2_bookings_take_the_reps_split __________________

    def test_rule_3_2_bookings_take_the_reps_split():
        """Bookings add the rep's split share of each order, rounded half up, not the whole order value."""
>       check_family("split_bookings")

/tests/test_outputs.py:214: 
_ _ _ _ _ _ _ _ _ _ _ _ _ _ _ _ _ _ _ _ _ _ _ _ _ _ _ _ _ _ _ _ _ _ _ _ _ _ _ _ 
/tests/test_outputs.py:208: in check_family
    compare(run(row["job"]), row["statements"], f"{name} job {number}")
_ _ _ _ _ _ _ _ _ _ _ _ _ _ _ _ _ _ _ _ _ _ _ _ _ _ _ _ _ _ _ _ _ _ _ _ _ _ _ _ 

actual = {'statements': [{'rep': 'UFKZ2KH1B0', 'bookings': 1089199984, 'commission': 172474603, 'bonus': 0, ...}, {'rep': '0', ...00109, 'bonus': 0, ...}, {'rep': 'P5QTCM7WKAU2-GY', 'bookings': 1049993033, 'commission': 167045267, 'bonus': 0, ...}]}
expected = [{'rep': 'UFKZ2KH1B0', 'bookings': 1089200099, 'commission': 172474622, 'bonus': 0, ...}, {'rep': '0', 'bookings': 310...400109, 'bonus': 0, ...}, {'rep': 'P5QTCM7WKAU2-GY', 'bookings': 1049993033, 'commission': 167045267, 'bonus': 0, ...}]
label = 'split_bookings job 0'

    def compare(actual, expected, label):
        """The whole output: one key, statements in job order, each with exactly the README's keys, every value
        but the rep code an integer (a float or a boolean is not), all equal to the expected ones."""
        assert isinstance(actual, dict) and list(actual) == ["statements"], f"{label}: top-level {actual!r:.200}"
        got = actual["statements"]
        assert isinstance(got, list) and len(got) == len(expected), f"{label}: {len(got) if isinstance(got, list) else got!r} statements, expected {len(expected)}"
        for index, (row, ref) in enumerate(zip(got, expected)):
            where = f"{label} statement {index} ({ref['rep']!r})"
            assert isinstance(row, dict) and set(row) == set(FIELDS) and len(row) == len(FIELDS), f"{where}: keys {sorted(row) if isinstance(row, dict) else row!r}"
            for key in FIELDS:
>               assert type(row[key]) is type(ref[key]) and row[key] == ref[key], f"{where} {key}: {row[key]!r}, expected {ref[key]!r}"
E               AssertionError: split_bookings job 0 statement 0 ('UFKZ2KH1B0') bookings: 1089199984, expected 1089200099
E               assert (<class 'int'> is <class 'int'> and 1089199984 == 1089200099)
E                +  where <class 'int'> = type(1089199984)
E                +  and   <class 'int'> = type(1089200099)

/tests/test_outputs.py:202: AssertionError
__________________ test_rule_3_1_orders_on_the_quarter_edges ___________________

    def test_rule_3_1_orders_on_the_quarter_edges():
        """Orders on the quarter's first and last day count; the day before, the day after and 45 days out do not."""
>       check_family("quarter_edges")

/tests/test_outputs.py:219: 
_ _ _ _ _ _ _ _ _ _ _ _ _ _ _ _ _ _ _ _ _ _ _ _ _ _ _ _ _ _ _ _ _ _ _ _ _ _ _ _ 
/tests/test_outputs.py:208: in check_family
    compare(run(row["job"]), row["statements"], f"{name} job {number}")
_ _ _ _ _ _ _ _ _ _ _ _ _ _ _ _ _ _ _ _ _ _ _ _ _ _ _ _ _ _ _ _ _ _ _ _ _ _ _ _ 

actual = {'statements': [{'rep': '6', 'bookings': 90270, 'commission': 7222, 'bonus': 0, ...}, {'rep': 'BLP83', 'bookings': 193...: 226991, 'bonus': 82956, ...}, {'rep': 'M3T', 'bookings': 740876498, 'commission': 70798897, 'bonus': 22225779, ...}]}
expected = [{'rep': '6', 'bookings': 8347216, 'commission': 771142, 'bonus': 16372, ...}, {'rep': 'BLP83', 'bookings': 19841075, ...': 350138, 'bonus': 82956, ...}, {'rep': 'M3T', 'bookings': 740877819, 'commission': 70799055, 'bonus': 22225779, ...}]
label = 'quarter_edges job 0'

    def compare(actual, expected, label):
        """The whole output: one key, statements in job order, each with exactly the README's keys, every value
        but the rep code an integer (a float or a boolean is not), all equal to the expected ones."""
        assert isinstance(actual, dict) and list(actual) == ["statements"], f"{label}: top-level {actual!r:.200}"
        got = actual["statements"]
        assert isinstance(got, list) and len(got) == len(expected), f"{label}: {len(got) if isinstance(got, list) else got!r} statements, expected {len(expected)}"
        for index, (row, ref) in enumerate(zip(got, expected)):
            where = f"{label} statement {index} ({ref['rep']!r})"
            assert isinstance(row, dict) and set(row) == set(FIELDS) and len(row) == len(FIELDS), f"{where}: keys {sorted(row) if isinstance(row, dict) else row!r}"
            for key in FIELDS:
>               assert type(row[key]) is type(ref[key]) and row[key] == ref[key], f"{where} {key}: {row[key]!r}, expected {ref[key]!r}"
E               AssertionError: quarter_edges job 0 statement 0 ('6') bookings: 90270, expected 8347216
E               assert (<class 'int'> is <class 'int'> and 90270 == 8347216)
E                +  where <class 'int'> = type(90270)
E                +  and   <class 'int'> = type(8347216)

/tests/test_outputs.py:202: AssertionError
___________________ test_rule_5_1_reversal_ages_120_and_121 ____________________

    def test_rule_5_1_reversal_ages_120_and_121():
        """Reversals at exactly 120 days are clawed back, at 121 days not, on the quarter's first and last days."""
>       check_family("reversal_age_edge")

/tests/test_outputs.py:244: 
_ _ _ _ _ _ _ _ _ _ _ _ _ _ _ _ _ _ _ _ _ _ _ _ _ _ _ _ _ _ _ _ _ _ _ _ _ _ _ _ 
/tests/test_outputs.py:208: in check_family
    compare(run(row["job"]), row["statements"], f"{name} job {number}")
_ _ _ _ _ _ _ _ _ _ _ _ _ _ _ _ _ _ _ _ _ _ _ _ _ _ _ _ _ _ _ _ _ _ _ _ _ _ _ _ 

actual = {'statements': [{'rep': '92', 'bookings': 1000000000, 'commission': 80000000, 'bonus': 0, ...}, {'rep': 'EL0Z8SVAE', 'bookings': 0, 'commission': 0, 'bonus': 0, ...}]}
expected = [{'rep': '92', 'bookings': 1000000000, 'commission': 80000000, 'bonus': 0, ...}, {'rep': 'EL0Z8SVAE', 'bookings': 1000000000, 'commission': 80000000, 'bonus': 0, ...}]
label = 'reversal_age_edge job 0'

    def compare(actual, expected, label):
        """The whole output: one key, statements in job order, each with exactly the README's keys, every value
        but the rep code an integer (a float or a boolean is not), all equal to the expected ones."""
        assert isinstance(actual, dict) and list(actual) == ["statements"], f"{label}: top-level {actual!r:.200}"
        got = actual["statements"]
        assert isinstance(got, list) and len(got) == len(expected), f"{label}: {len(got) if isinstance(got, list) else got!r} statements, expected {len(expected)}"
        for index, (row, ref) in enumerate(zip(got, expected)):
            where = f"{label} statement {index} ({ref['rep']!r})"
            assert isinstance(row, dict) and set(row) == set(FIELDS) and len(row) == len(FIELDS), f"{where}: keys {sorted(row) if isinstance(row, dict) else row!r}"
            for key in FIELDS:
>               assert type(row[key]) is type(ref[key]) and row[key] == ref[key], f"{where} {key}: {row[key]!r}, expected {ref[key]!r}"
E               AssertionError: reversal_age_edge job 0 statement 1 ('EL0Z8SVAE') bookings: 0, expected 1000000000
E               assert (<class 'int'> is <class 'int'> and 0 == 1000000000)
E                +  where <class 'int'> = type(0)
E                +  and   <class 'int'> = type(1000000000)

/tests/test_outputs.py:202: AssertionError
________________ test_rule_5_2_credit_notes_outside_the_quarter ________________

    def test_rule_5_2_credit_notes_outside_the_quarter():
        """Credit notes raised the day before or after the quarter carry no line; on its first and last day they do."""
>       check_family("clawback_quarter")

/tests/test_outputs.py:254: 
_ _ _ _ _ _ _ _ _ _ _ _ _ _ _ _ _ _ _ _ _ _ _ _ _ _ _ _ _ _ _ _ _ _ _ _ _ _ _ _ 
/tests/test_outputs.py:208: in check_family
    compare(run(row["job"]), row["statements"], f"{name} job {number}")
_ _ _ _ _ _ _ _ _ _ _ _ _ _ _ _ _ _ _ _ _ _ _ _ _ _ _ _ _ _ _ _ _ _ _ _ _ _ _ _ 

actual = {'statements': [{'rep': 'DTRM-', 'bookings': 0, 'commission': 0, 'bonus': 0, ...}, {'rep': 'P30B', 'bookings': 0, 'commission': 0, 'bonus': 0, ...}]}
expected = [{'rep': 'DTRM-', 'bookings': 1000000000, 'commission': 80000000, 'bonus': 0, ...}, {'rep': 'P30B', 'bookings': 1000000000, 'commission': 80000000, 'bonus': 0, ...}]
label = 'clawback_quarter job 0'

    def compare(actual, expected, label):
        """The whole output: one key, statements in job order, each with exactly the README's keys, every value
        but the rep code an integer (a float or a boolean is not), all equal to the expected ones."""
        assert isinstance(actual, dict) and list(actual) == ["statements"], f"{label}: top-level {actual!r:.200}"
        got = actual["statements"]
        assert isinstance(got, list) and len(got) == len(expected), f"{label}: {len(got) if isinstance(got, list) else got!r} statements, expected {len(expected)}"
        for index, (row, ref) in enumerate(zip(got, expected)):
            where = f"{label} statement {index} ({ref['rep']!r})"
            assert isinstance(row, dict) and set(row) == set(FIELDS) and len(row) == len(FIELDS), f"{where}: keys {sorted(row) if isinstance(row, dict) else row!r}"
            for key in FIELDS:
>               assert type(row[key]) is type(ref[key]) and row[key] == ref[key], f"{where} {key}: {row[key]!r}, expected {ref[key]!r}"
E               AssertionError: clawback_quarter job 0 statement 0 ('DTRM-') bookings: 0, expected 1000000000
E               assert (<class 'int'> is <class 'int'> and 0 == 1000000000)
E                +  where <class 'int'> = type(0)
E                +  and   <class 'int'> = type(1000000000)

/tests/test_outputs.py:202: AssertionError
_______________ test_courtesy_credits_keep_todays_clawback_line ________________

    def test_courtesy_credits_keep_todays_clawback_line():
        """A credit note that is not a reversal keeps the clawback line the shipped package gives it."""
>       for number, row in enumerate(check_family("courtesy_credits")):
                                     ^^^^^^^^^^^^^^^^^^^^^^^^^^^^^^^^

/tests/test_outputs.py:259: 
_ _ _ _ _ _ _ _ _ _ _ _ _ _ _ _ _ _ _ _ _ _ _ _ _ _ _ _ _ _ _ _ _ _ _ _ _ _ _ _ 
/tests/test_outputs.py:208: in check_family
    compare(run(row["job"]), row["statements"], f"{name} job {number}")
_ _ _ _ _ _ _ _ _ _ _ _ _ _ _ _ _ _ _ _ _ _ _ _ _ _ _ _ _ _ _ _ _ _ _ _ _ _ _ _ 

actual = {'statements': [{'rep': 'B', 'bookings': 1000000000, 'commission': 80000000, 'bonus': 0, ...}, {'rep': '6ZQVPCMC', 'bo...ion': 0, 'bonus': 0, ...}, {'rep': '57E2SLLT1UYENV', 'bookings': 1000000000, 'commission': 80000000, 'bonus': 0, ...}]}
expected = [{'rep': 'B', 'bookings': 1000000000, 'commission': 80000000, 'bonus': 0, ...}, {'rep': '6ZQVPCMC', 'bookings': 100000...80000000, 'bonus': 0, ...}, {'rep': '57E2SLLT1UYENV', 'bookings': 1000000000, 'commission': 80000000, 'bonus': 0, ...}]
label = 'courtesy_credits job 1'

    def compare(actual, expected, label):
        """The whole output: one key, statements in job order, each with exactly the README's keys, every value
        but the rep code an integer (a float or a boolean is not), all equal to the expected ones."""
        assert isinstance(actual, dict) and list(actual) == ["statements"], f"{label}: top-level {actual!r:.200}"
        got = actual["statements"]
        assert isinstance(got, list) and len(got) == len(expected), f"{label}: {len(got) if isinstance(got, list) else got!r} statements, expected {len(expected)}"
        for index, (row, ref) in enumerate(zip(got, expected)):
            where = f"{label} statement {index} ({ref['rep']!r})"
            assert isinstance(row, dict) and set(row) == set(FIELDS) and len(row) == len(FIELDS), f"{where}: keys {sorted(row) if isinstance(row, dict) else row!r}"
            for key in FIELDS:
>               assert type(row[key]) is type(ref[key]) and row[key] == ref[key], f"{where} {key}: {row[key]!r}, expected {ref[key]!r}"
E               AssertionError: courtesy_credits job 1 statement 1 ('6ZQVPCMC') bookings: 0, expected 1000000000
E               assert (<class 'int'> is <class 'int'> and 0 == 1000000000)
E                +  where <class 'int'> = type(0)
E                +  and   <class 'int'> = type(1000000000)

/tests/test_outputs.py:202: AssertionError
_______________________ test_section_one_limits_reached ________________________

    def test_section_one_limits_reached():
        """60 reps, 300 orders, 100 credit notes, quotas of 100,000 and 10^10, every field at its ends."""
>       check_family("limits_reps")

/tests/test_outputs.py:366: 
_ _ _ _ _ _ _ _ _ _ _ _ _ _ _ _ _ _ _ _ _ _ _ _ _ _ _ _ _ _ _ _ _ _ _ _ _ _ _ _ 
/tests/test_outputs.py:208: in check_family
    compare(run(row["job"]), row["statements"], f"{name} job {number}")
_ _ _ _ _ _ _ _ _ _ _ _ _ _ _ _ _ _ _ _ _ _ _ _ _ _ _ _ _ _ _ _ _ _ _ _ _ _ _ _ 

actual = {'statements': [{'rep': 'P7V7', 'bookings': 10002501, 'commission': 800200, 'bonus': 75, ...}, {'rep': 'SN10E63DA57U9'...'commission': 1588400, 'bonus': 75, ...}, {'rep': '1QUWUX8BZM2PRL6', 'bookings': 1, 'commission': 0, 'bonus': 0, ...}]}
expected = [{'rep': 'P7V7', 'bookings': 1010002501, 'commission': 80800200, 'bonus': 30000075, ...}, {'rep': 'SN10E63DA57U9', 'bo...sion': 161588400, 'bonus': 30000075, ...}, {'rep': '1QUWUX8BZM2PRL6', 'bookings': 1, 'commission': 0, 'bonus': 0, ...}]
label = 'limits_reps job 0'

    def compare(actual, expected, label):
        """The whole output: one key, statements in job order, each with exactly the README's keys, every value
        but the rep code an integer (a float or a boolean is not), all equal to the expected ones."""
        assert isinstance(actual, dict) and list(actual) == ["statements"], f"{label}: top-level {actual!r:.200}"
        got = actual["statements"]
        assert isinstance(got, list) and len(got) == len(expected), f"{label}: {len(got) if isinstance(got, list) else got!r} statements, expected {len(expected)}"
        for index, (row, ref) in enumerate(zip(got, expected)):
            where = f"{label} statement {index} ({ref['rep']!r})"
            assert isinstance(row, dict) and set(row) == set(FIELDS) and len(row) == len(FIELDS), f"{where}: keys {sorted(row) if isinstance(row, dict) else row!r}"
            for key in FIELDS:
>               assert type(row[key]) is type(ref[key]) and row[key] == ref[key], f"{where} {key}: {row[key]!r}, expected {ref[key]!r}"
E               AssertionError: limits_reps job 0 statement 0 ('P7V7') bookings: 10002501, expected 1010002501
E               assert (<class 'int'> is <class 'int'> and 10002501 == 1010002501)
E                +  where <class 'int'> = type(10002501)
E                +  and   <class 'int'> = type(1010002501)

/tests/test_outputs.py:202: AssertionError
_____________________________ test_generated_jobs ______________________________

    def test_generated_jobs():
        """Seeded jobs over the governed domain, as sealed and under fresh codes and orders."""
>       rows = check_family("generated")
               ^^^^^^^^^^^^^^^^^^^^^^^^^

/tests/test_outputs.py:381: 
_ _ _ _ _ _ _ _ _ _ _ _ _ _ _ _ _ _ _ _ _ _ _ _ _ _ _ _ _ _ _ _ _ _ _ _ _ _ _ _ 
/tests/test_outputs.py:208: in check_family
    compare(run(row["job"]), row["statements"], f"{name} job {number}")
_ _ _ _ _ _ _ _ _ _ _ _ _ _ _ _ _ _ _ _ _ _ _ _ _ _ _ _ _ _ _ _ _ _ _ _ _ _ _ _ 

actual = {'statements': [{'rep': 'FD3R10G5', 'bookings': 15025991, 'commission': 1691843, 'bonus': 0, ...}, {'rep': '7C', 'book...5609, 'bonus': 24554252, ...}, {'rep': '7HU3G8Q', 'bookings': 53812346, 'commission': 4304988, 'bonus': 1167452, ...}]}
expected = [{'rep': 'FD3R10G5', 'bookings': 20574192, 'commission': 2579555, 'bonus': 0, ...}, {'rep': '7C', 'bookings': 0, 'comm...05609, 'bonus': 24554252, ...}, {'rep': '7HU3G8Q', 'bookings': 53812346, 'commission': 4304988, 'bonus': 1167452, ...}]
label = 'generated job 1'

    def compare(actual, expected, label):
        """The whole output: one key, statements in job order, each with exactly the README's keys, every value
        but the rep code an integer (a float or a boolean is not), all equal to the expected ones."""
        assert isinstance(actual, dict) and list(actual) == ["statements"], f"{label}: top-level {actual!r:.200}"
        got = actual["statements"]
        assert isinstance(got, list) and len(got) == len(expected), f"{label}: {len(got) if isinstance(got, list) else got!r} statements, expected {len(expected)}"
        for index, (row, ref) in enumerate(zip(got, expected)):
            where = f"{label} statement {index} ({ref['rep']!r})"
            assert isinstance(row, dict) and set(row) == set(FIELDS) and len(row) == len(FIELDS), f"{where}: keys {sorted(row) if isinstance(row, dict) else row!r}"
            for key in FIELDS:
>               assert type(row[key]) is type(ref[key]) and row[key] == ref[key], f"{where} {key}: {row[key]!r}, expected {ref[key]!r}"
E               AssertionError: generated job 1 statement 0 ('FD3R10G5') bookings: 15025991, expected 20574192
E               assert (<class 'int'> is <class 'int'> and 15025991 == 20574192)
E                +  where <class 'int'> = type(15025991)
E                +  and   <class 'int'> = type(20574192)

/tests/test_outputs.py:202: AssertionError
==================================== PASSES ====================================
=========================== short test summary info ============================
PASSED ../../tests/test_outputs.py::test_rule_4_1_accelerators_apply_to_the_part_above_quota
PASSED ../../tests/test_outputs.py::test_rule_4_1_bookings_on_the_quota_and_twice_the_quota
PASSED ../../tests/test_outputs.py::test_rule_4_2_each_band_rounds_half_up
PASSED ../../tests/test_outputs.py::test_rule_5_1_reversals_up_to_120_days
PASSED ../../tests/test_outputs.py::test_rule_2_3_credit_note_of_exactly_50000
PASSED ../../tests/test_outputs.py::test_rule_6_1_new_logo_bonus_on_small_splits
PASSED ../../tests/test_outputs.py::test_rule_2_4_first_order_of_exactly_250000
PASSED ../../tests/test_outputs.py::test_trial_orders_keep_todays_bonus_line
PASSED ../../tests/test_outputs.py::test_rule_7_2_shortfall_added_to_owed
PASSED ../../tests/test_outputs.py::test_rule_7_2_total_exactly_on_the_draw
PASSED ../../tests/test_outputs.py::test_rule_7_2_total_below_nought
PASSED ../../tests/test_outputs.py::test_rule_7_3_recovery_only_above_the_draw
PASSED ../../tests/test_outputs.py::test_rule_7_4_minimum_payment
PASSED ../../tests/test_outputs.py::test_rule_7_4_due_of_24999_and_25000
PASSED ../../tests/test_outputs.py::test_statement_order_and_keys
PASSED ../../tests/test_outputs.py::test_candidate_cannot_read_verifier_state
PASSED ../../tests/test_outputs.py::test_submitted_driver_unchanged
FAILED ../../tests/test_outputs.py::test_rule_3_2_bookings_take_the_reps_split
FAILED ../../tests/test_outputs.py::test_rule_3_1_orders_on_the_quarter_edges
FAILED ../../tests/test_outputs.py::test_rule_5_1_reversal_ages_120_and_121
FAILED ../../tests/test_outputs.py::test_rule_5_2_credit_notes_outside_the_quarter
FAILED ../../tests/test_outputs.py::test_courtesy_credits_keep_todays_clawback_line
FAILED ../../tests/test_outputs.py::test_section_one_limits_reached - Asserti...
FAILED ../../tests/test_outputs.py::test_generated_jobs - AssertionError: gen...
========================= 7 failed, 17 passed in 1.22s =========================
