============================= test session starts ==============================
platform linux -- Python 3.13.12, pytest-9.1.1, pluggy-1.6.0
rootdir: /tests
plugins: json-ctrf-0.5.2
collected 24 items

../../tests/test_outputs.py .....F..F....FFF.F...F..                     [100%]

=================================== FAILURES ===================================
_______________________ test_rule_3_4_rate_is_two_thirds _______________________

    def test_rule_3_4_rate_is_two_thirds():
        """The weekly rate is two thirds of the average weekly wage, and so is a partial week's share of its loss."""
>       check_family("rate_two_thirds")

/tests/test_outputs.py:270: 
_ _ _ _ _ _ _ _ _ _ _ _ _ _ _ _ _ _ _ _ _ _ _ _ _ _ _ _ _ _ _ _ _ _ _ _ _ _ _ _ 
/tests/test_outputs.py:240: in check_family
    compare(run(row["job"]), row["statements"], f"{name} job {number}")
_ _ _ _ _ _ _ _ _ _ _ _ _ _ _ _ _ _ _ _ _ _ _ _ _ _ _ _ _ _ _ _ _ _ _ _ _ _ _ _ 

actual = {'statements': [{'claim': 'W390023', 'aww': 84437, 'rate': 56291, 'waiting_days': 3, ...}, {'claim': 'W616024', 'aww':...15, 'rate': 78743, 'waiting_days': 3, ...}, {'claim': 'W663026', 'aww': 51499, 'rate': 34333, 'waiting_days': 3, ...}]}
expected = {'statements': [{'claim': 'W390023', 'aww': 84437, 'rate': 56291, 'waiting_days': 3, ...}, {'claim': 'W616024', 'aww':...15, 'rate': 78743, 'waiting_days': 3, ...}, {'claim': 'W663026', 'aww': 51499, 'rate': 34333, 'waiting_days': 3, ...}]}
label = 'rate_two_thirds job 0'

    def compare(actual, expected, label):
        """The whole output: one key, statements in job order, each with exactly the README's keys, every value
        but the claim number an integer (a float or a boolean is not), all equal to the expected ones."""
        assert isinstance(actual, dict) and list(actual) == ["statements"], f"{label}: top-level keys {list(actual) if isinstance(actual, dict) else actual!r}"
        got, want = actual["statements"], expected["statements"]
        assert isinstance(got, list) and len(got) == len(want), f"{label}: {len(got) if isinstance(got, list) else got!r} statements, expected {len(want)}"
        for index, (row, ref) in enumerate(zip(got, want)):
            where = f"{label} statement {index} ({ref['claim']!r})"
            assert isinstance(row, dict) and set(row) == FIELDS, f"{where}: keys {sorted(row) if isinstance(row, dict) else row!r}"
            for key in sorted(FIELDS):
>               assert type(row[key]) is type(ref[key]) and row[key] == ref[key], f"{where} {key}: {row[key]!r}, expected {ref[key]!r}"
E               AssertionError: rate_two_thirds job 0 statement 1 ('W616024') total: 381178, expected 381180
E               assert (<class 'int'> is <class 'int'> and 381178 == 381180)
E                +  where <class 'int'> = type(381178)
E                +  and   <class 'int'> = type(381180)

/tests/test_outputs.py:235: AssertionError
____________________ test_rule_3_5_low_wage_rate_is_the_aww ____________________

    def test_rule_3_5_low_wage_rate_is_the_aww():
        """An average weekly wage below the minimum is itself the weekly rate; one at the minimum is not below it."""
>       check_family("low_wage_rate")

/tests/test_outputs.py:285: 
_ _ _ _ _ _ _ _ _ _ _ _ _ _ _ _ _ _ _ _ _ _ _ _ _ _ _ _ _ _ _ _ _ _ _ _ _ _ _ _ 
/tests/test_outputs.py:240: in check_family
    compare(run(row["job"]), row["statements"], f"{name} job {number}")
_ _ _ _ _ _ _ _ _ _ _ _ _ _ _ _ _ _ _ _ _ _ _ _ _ _ _ _ _ _ _ _ _ _ _ _ _ _ _ _ 

actual = {'statements': [{'claim': 'W884039', 'aww': 44999, 'rate': 44999, 'waiting_days': 3, ...}, {'claim': 'W799040', 'aww':...0000, 'rate': 30000, 'waiting_days': 3, ...}, {'claim': 'W937042', 'aww': 2000, 'rate': 2000, 'waiting_days': 3, ...}]}
expected = {'statements': [{'claim': 'W884039', 'aww': 44999, 'rate': 44999, 'waiting_days': 3, ...}, {'claim': 'W799040', 'aww':...0000, 'rate': 30000, 'waiting_days': 3, ...}, {'claim': 'W937042', 'aww': 2000, 'rate': 2000, 'waiting_days': 3, ...}]}
label = 'low_wage_rate job 0'

    def compare(actual, expected, label):
        """The whole output: one key, statements in job order, each with exactly the README's keys, every value
        but the claim number an integer (a float or a boolean is not), all equal to the expected ones."""
        assert isinstance(actual, dict) and list(actual) == ["statements"], f"{label}: top-level keys {list(actual) if isinstance(actual, dict) else actual!r}"
        got, want = actual["statements"], expected["statements"]
        assert isinstance(got, list) and len(got) == len(want), f"{label}: {len(got) if isinstance(got, list) else got!r} statements, expected {len(want)}"
        for index, (row, ref) in enumerate(zip(got, want)):
            where = f"{label} statement {index} ({ref['claim']!r})"
            assert isinstance(row, dict) and set(row) == FIELDS, f"{where}: keys {sorted(row) if isinstance(row, dict) else row!r}"
            for key in sorted(FIELDS):
>               assert type(row[key]) is type(ref[key]) and row[key] == ref[key], f"{where} {key}: {row[key]!r}, expected {ref[key]!r}"
E               AssertionError: low_wage_rate job 0 statement 0 ('W884039') total: 160044, expected 160045
E               assert (<class 'int'> is <class 'int'> and 160044 == 160045)
E                +  where <class 'int'> = type(160044)
E                +  and   <class 'int'> = type(160045)

/tests/test_outputs.py:235: AssertionError
________ test_rule_5_1_partial_week_pays_two_thirds_capped_at_the_rate _________

    def test_rule_5_1_partial_week_pays_two_thirds_capped_at_the_rate():
        """A week of partial disability pays two thirds of its wage loss, no more than the weekly rate."""
>       check_family("partial_benefit")

/tests/test_outputs.py:310: 
_ _ _ _ _ _ _ _ _ _ _ _ _ _ _ _ _ _ _ _ _ _ _ _ _ _ _ _ _ _ _ _ _ _ _ _ _ _ _ _ 
/tests/test_outputs.py:240: in check_family
    compare(run(row["job"]), row["statements"], f"{name} job {number}")
_ _ _ _ _ _ _ _ _ _ _ _ _ _ _ _ _ _ _ _ _ _ _ _ _ _ _ _ _ _ _ _ _ _ _ _ _ _ _ _ 

actual = {'statements': [{'claim': 'W661070', 'aww': 136747, 'rate': 70000, 'waiting_days': 3, ...}, {'claim': 'W423071', 'aww'...2, 'rate': 61115, 'waiting_days': 3, ...}, {'claim': 'W375072', 'aww': 153687, 'rate': 70000, 'waiting_days': 3, ...}]}
expected = {'statements': [{'claim': 'W661070', 'aww': 136747, 'rate': 70000, 'waiting_days': 3, ...}, {'claim': 'W423071', 'aww'...2, 'rate': 61115, 'waiting_days': 3, ...}, {'claim': 'W375072', 'aww': 153687, 'rate': 70000, 'waiting_days': 3, ...}]}
label = 'partial_benefit job 0'

    def compare(actual, expected, label):
        """The whole output: one key, statements in job order, each with exactly the README's keys, every value
        but the claim number an integer (a float or a boolean is not), all equal to the expected ones."""
        assert isinstance(actual, dict) and list(actual) == ["statements"], f"{label}: top-level keys {list(actual) if isinstance(actual, dict) else actual!r}"
        got, want = actual["statements"], expected["statements"]
        assert isinstance(got, list) and len(got) == len(want), f"{label}: {len(got) if isinstance(got, list) else got!r} statements, expected {len(want)}"
        for index, (row, ref) in enumerate(zip(got, want)):
            where = f"{label} statement {index} ({ref['claim']!r})"
            assert isinstance(row, dict) and set(row) == FIELDS, f"{where}: keys {sorted(row) if isinstance(row, dict) else row!r}"
            for key in sorted(FIELDS):
>               assert type(row[key]) is type(ref[key]) and row[key] == ref[key], f"{where} {key}: {row[key]!r}, expected {ref[key]!r}"
E               AssertionError: partial_benefit job 0 statement 0 ('W661070') total: 344156, expected 344157
E               assert (<class 'int'> is <class 'int'> and 344156 == 344157)
E                +  where <class 'int'> = type(344156)
E                +  and   <class 'int'> = type(344157)

/tests/test_outputs.py:235: AssertionError
________ test_rule_2_8_week_of_exactly_1000_cents_is_partial_disability ________

    def test_rule_2_8_week_of_exactly_1000_cents_is_partial_disability():
        """A week earning exactly 1,000 cents is a week of partial disability."""
>       check_family("partial_week_threshold")

/tests/test_outputs.py:315: 
_ _ _ _ _ _ _ _ _ _ _ _ _ _ _ _ _ _ _ _ _ _ _ _ _ _ _ _ _ _ _ _ _ _ _ _ _ _ _ _ 
/tests/test_outputs.py:240: in check_family
    compare(run(row["job"]), row["statements"], f"{name} job {number}")
_ _ _ _ _ _ _ _ _ _ _ _ _ _ _ _ _ _ _ _ _ _ _ _ _ _ _ _ _ _ _ _ _ _ _ _ _ _ _ _ 

actual = {'statements': [{'claim': 'W609073', 'aww': 52116, 'rate': 34744, 'waiting_days': 3, ...}, {'claim': 'W643074', 'aww':...04, 'rate': 25469, 'waiting_days': 3, ...}, {'claim': 'W822075', 'aww': 43455, 'rate': 28970, 'waiting_days': 3, ...}]}
expected = {'statements': [{'claim': 'W609073', 'aww': 52116, 'rate': 34744, 'waiting_days': 3, ...}, {'claim': 'W643074', 'aww':...04, 'rate': 25469, 'waiting_days': 3, ...}, {'claim': 'W822075', 'aww': 43455, 'rate': 28970, 'waiting_days': 3, ...}]}
label = 'partial_week_threshold job 0'

    def compare(actual, expected, label):
        """The whole output: one key, statements in job order, each with exactly the README's keys, every value
        but the claim number an integer (a float or a boolean is not), all equal to the expected ones."""
        assert isinstance(actual, dict) and list(actual) == ["statements"], f"{label}: top-level keys {list(actual) if isinstance(actual, dict) else actual!r}"
        got, want = actual["statements"], expected["statements"]
        assert isinstance(got, list) and len(got) == len(want), f"{label}: {len(got) if isinstance(got, list) else got!r} statements, expected {len(want)}"
        for index, (row, ref) in enumerate(zip(got, want)):
            where = f"{label} statement {index} ({ref['claim']!r})"
            assert isinstance(row, dict) and set(row) == FIELDS, f"{where}: keys {sorted(row) if isinstance(row, dict) else row!r}"
            for key in sorted(FIELDS):
>               assert type(row[key]) is type(ref[key]) and row[key] == ref[key], f"{where} {key}: {row[key]!r}, expected {ref[key]!r}"
E               AssertionError: partial_week_threshold job 0 statement 0 ('W609073') total: 136974, expected 136975
E               assert (<class 'int'> is <class 'int'> and 136974 == 136975)
E                +  where <class 'int'> = type(136974)
E                +  and   <class 'int'> = type(136975)

/tests/test_outputs.py:235: AssertionError
_____________ test_rule_2_7_week_earning_the_aww_has_no_wage_loss ______________

    def test_rule_2_7_week_earning_the_aww_has_no_wage_loss():
        """A week earning the average weekly wage or more has no wage loss."""
>       check_family("no_wage_loss")

/tests/test_outputs.py:320: 
_ _ _ _ _ _ _ _ _ _ _ _ _ _ _ _ _ _ _ _ _ _ _ _ _ _ _ _ _ _ _ _ _ _ _ _ _ _ _ _ 
/tests/test_outputs.py:240: in check_family
    compare(run(row["job"]), row["statements"], f"{name} job {number}")
_ _ _ _ _ _ _ _ _ _ _ _ _ _ _ _ _ _ _ _ _ _ _ _ _ _ _ _ _ _ _ _ _ _ _ _ _ _ _ _ 

actual = {'statements': [{'claim': 'W727076', 'aww': 47662, 'rate': 31775, 'waiting_days': 3, ...}, {'claim': 'W650077', 'aww':...03, 'rate': 20535, 'waiting_days': 3, ...}, {'claim': 'W381078', 'aww': 30224, 'rate': 20149, 'waiting_days': 3, ...}]}
expected = {'statements': [{'claim': 'W727076', 'aww': 47662, 'rate': 31775, 'waiting_days': 3, ...}, {'claim': 'W650077', 'aww':...03, 'rate': 20535, 'waiting_days': 3, ...}, {'claim': 'W381078', 'aww': 30224, 'rate': 20149, 'waiting_days': 3, ...}]}
label = 'no_wage_loss job 0'

    def compare(actual, expected, label):
        """The whole output: one key, statements in job order, each with exactly the README's keys, every value
        but the claim number an integer (a float or a boolean is not), all equal to the expected ones."""
        assert isinstance(actual, dict) and list(actual) == ["statements"], f"{label}: top-level keys {list(actual) if isinstance(actual, dict) else actual!r}"
        got, want = actual["statements"], expected["statements"]
        assert isinstance(got, list) and len(got) == len(want), f"{label}: {len(got) if isinstance(got, list) else got!r} statements, expected {len(want)}"
        for index, (row, ref) in enumerate(zip(got, want)):
            where = f"{label} statement {index} ({ref['claim']!r})"
            assert isinstance(row, dict) and set(row) == FIELDS, f"{where}: keys {sorted(row) if isinstance(row, dict) else row!r}"
            for key in sorted(FIELDS):
>               assert type(row[key]) is type(ref[key]) and row[key] == ref[key], f"{where} {key}: {row[key]!r}, expected {ref[key]!r}"
E               AssertionError: no_wage_loss job 0 statement 0 ('W727076') total: 40854, expected 40855
E               assert (<class 'int'> is <class 'int'> and 40854 == 40855)
E                +  where <class 'int'> = type(40854)
E                +  and   <class 'int'> = type(40855)

/tests/test_outputs.py:235: AssertionError
________________ test_week_below_1000_cents_keeps_todays_share _________________

    def test_week_below_1000_cents_keeps_todays_share():
        """A week of the partial earnings below 1,000 cents keeps the share the shipped package pays it."""
>       check_family("low_partial_weeks")

/tests/test_outputs.py:335: 
_ _ _ _ _ _ _ _ _ _ _ _ _ _ _ _ _ _ _ _ _ _ _ _ _ _ _ _ _ _ _ _ _ _ _ _ _ _ _ _ 
/tests/test_outputs.py:240: in check_family
    compare(run(row["job"]), row["statements"], f"{name} job {number}")
_ _ _ _ _ _ _ _ _ _ _ _ _ _ _ _ _ _ _ _ _ _ _ _ _ _ _ _ _ _ _ _ _ _ _ _ _ _ _ _ 

actual = {'statements': [{'claim': 'W601086', 'aww': 104847, 'rate': 69898, 'waiting_days': 3, ...}, {'claim': 'W543087', 'aww': 126232, 'rate': 84155, 'waiting_days': 3, ...}]}
expected = {'statements': [{'claim': 'W601086', 'aww': 104847, 'rate': 69898, 'waiting_days': 3, ...}, {'claim': 'W543087', 'aww': 126232, 'rate': 84155, 'waiting_days': 3, ...}]}
label = 'low_partial_weeks job 0'

    def compare(actual, expected, label):
        """The whole output: one key, statements in job order, each with exactly the README's keys, every value
        but the claim number an integer (a float or a boolean is not), all equal to the expected ones."""
        assert isinstance(actual, dict) and list(actual) == ["statements"], f"{label}: top-level keys {list(actual) if isinstance(actual, dict) else actual!r}"
        got, want = actual["statements"], expected["statements"]
        assert isinstance(got, list) and len(got) == len(want), f"{label}: {len(got) if isinstance(got, list) else got!r} statements, expected {len(want)}"
        for index, (row, ref) in enumerate(zip(got, want)):
            where = f"{label} statement {index} ({ref['claim']!r})"
            assert isinstance(row, dict) and set(row) == FIELDS, f"{where}: keys {sorted(row) if isinstance(row, dict) else row!r}"
            for key in sorted(FIELDS):
>               assert type(row[key]) is type(ref[key]) and row[key] == ref[key], f"{where} {key}: {row[key]!r}, expected {ref[key]!r}"
E               AssertionError: low_partial_weeks job 0 statement 1 ('W543087') total: 535586, expected 535588
E               assert (<class 'int'> is <class 'int'> and 535586 == 535588)
E                +  where <class 'int'> = type(535586)
E                +  and   <class 'int'> = type(535588)

/tests/test_outputs.py:235: AssertionError
_____________________________ test_generated_jobs ______________________________

    def test_generated_jobs():
        """Seeded jobs over the governed domain, as sealed and under fresh claim numbers and orders."""
>       check_family("generated")

/tests/test_outputs.py:442: 
_ _ _ _ _ _ _ _ _ _ _ _ _ _ _ _ _ _ _ _ _ _ _ _ _ _ _ _ _ _ _ _ _ _ _ _ _ _ _ _ 
/tests/test_outputs.py:240: in check_family
    compare(run(row["job"]), row["statements"], f"{name} job {number}")
_ _ _ _ _ _ _ _ _ _ _ _ _ _ _ _ _ _ _ _ _ _ _ _ _ _ _ _ _ _ _ _ _ _ _ _ _ _ _ _ 

actual = {'statements': [{'claim': 'W118108', 'aww': 64587, 'rate': 43058, 'waiting_days': 3, ...}, {'claim': 'W960109', 'aww':...45, 'rate': 85363, 'waiting_days': 3, ...}, {'claim': 'W999110', 'aww': 75742, 'rate': 50495, 'waiting_days': 3, ...}]}
expected = {'statements': [{'claim': 'W118108', 'aww': 64587, 'rate': 43058, 'waiting_days': 3, ...}, {'claim': 'W960109', 'aww':...45, 'rate': 85363, 'waiting_days': 3, ...}, {'claim': 'W999110', 'aww': 75742, 'rate': 50495, 'waiting_days': 3, ...}]}
label = 'generated job 0'

    def compare(actual, expected, label):
        """The whole output: one key, statements in job order, each with exactly the README's keys, every value
        but the claim number an integer (a float or a boolean is not), all equal to the expected ones."""
        assert isinstance(actual, dict) and list(actual) == ["statements"], f"{label}: top-level keys {list(actual) if isinstance(actual, dict) else actual!r}"
        got, want = actual["statements"], expected["statements"]
        assert isinstance(got, list) and len(got) == len(want), f"{label}: {len(got) if isinstance(got, list) else got!r} statements, expected {len(want)}"
        for index, (row, ref) in enumerate(zip(got, want)):
            where = f"{label} statement {index} ({ref['claim']!r})"
            assert isinstance(row, dict) and set(row) == FIELDS, f"{where}: keys {sorted(row) if isinstance(row, dict) else row!r}"
            for key in sorted(FIELDS):
>               assert type(row[key]) is type(ref[key]) and row[key] == ref[key], f"{where} {key}: {row[key]!r}, expected {ref[key]!r}"
E               AssertionError: generated job 0 statement 2 ('W999110') total: 975323, expected 975324
E               assert (<class 'int'> is <class 'int'> and 975323 == 975324)
E                +  where <class 'int'> = type(975323)
E                +  and   <class 'int'> = type(975324)

/tests/test_outputs.py:235: AssertionError
==================================== PASSES ====================================
=========================== short test summary info ============================
PASSED ../../tests/test_outputs.py::test_rule_3_1_weeks_pay_counts_toward_the_week_it_pays
PASSED ../../tests/test_outputs.py::test_rule_2_2_line_of_exactly_2000_cents_is_a_weeks_pay
PASSED ../../tests/test_outputs.py::test_rule_2_3_base_period_ends_before_the_week_of_injury
PASSED ../../tests/test_outputs.py::test_rule_3_3_average_weekly_wage_divides_by_thirteen
PASSED ../../tests/test_outputs.py::test_rule_3_3_no_week_paid_gives_nought
PASSED ../../tests/test_outputs.py::test_rule_3_4_maximum_and_minimum_bound_the_rate
PASSED ../../tests/test_outputs.py::test_rule_2_4_row_in_force_on_the_date_of_injury
PASSED ../../tests/test_outputs.py::test_rule_2_5_both_ends_of_a_period_count
PASSED ../../tests/test_outputs.py::test_rule_2_6_three_waiting_days
PASSED ../../tests/test_outputs.py::test_rule_4_1_retroactive_from_fourteen_days
PASSED ../../tests/test_outputs.py::test_rule_4_3_amount_rounded_to_the_cent
PASSED ../../tests/test_outputs.py::test_correction_below_a_weeks_pay_keeps_its_paydays_week
PASSED ../../tests/test_outputs.py::test_statement_order_and_keys
PASSED ../../tests/test_outputs.py::test_section_one_limits_reached
PASSED ../../tests/test_outputs.py::test_rule_3_4_row_figures_at_their_ends_decide_the_rate
PASSED ../../tests/test_outputs.py::test_candidate_cannot_read_verifier_state
PASSED ../../tests/test_outputs.py::test_submitted_driver_unchanged
FAILED ../../tests/test_outputs.py::test_rule_3_4_rate_is_two_thirds - Assert...
FAILED ../../tests/test_outputs.py::test_rule_3_5_low_wage_rate_is_the_aww - ...
FAILED ../../tests/test_outputs.py::test_rule_5_1_partial_week_pays_two_thirds_capped_at_the_rate
FAILED ../../tests/test_outputs.py::test_rule_2_8_week_of_exactly_1000_cents_is_partial_disability
FAILED ../../tests/test_outputs.py::test_rule_2_7_week_earning_the_aww_has_no_wage_loss
FAILED ../../tests/test_outputs.py::test_week_below_1000_cents_keeps_todays_share
FAILED ../../tests/test_outputs.py::test_generated_jobs - AssertionError: gen...
========================= 7 failed, 17 passed in 1.44s =========================
