============================= test session starts ==============================
platform linux -- Python 3.13.12, pytest-9.1.1, pluggy-1.6.0
rootdir: /tests
plugins: json-ctrf-0.5.2
collected 22 items

../../tests/test_outputs.py .................F.F..                       [100%]

=================================== FAILURES ===================================
_____________________________ test_mixed_scripts_4 _____________________________

    def test_mixed_scripts_4():
>       check("mixed_scripts_4")

/tests/test_outputs.py:170: 
_ _ _ _ _ _ _ _ _ _ _ _ _ _ _ _ _ _ _ _ _ _ _ _ _ _ _ _ _ _ _ _ _ _ _ _ _ _ _ _ 

family = 'mixed_scripts_4'

    def check(family):
        cases = [c for c in CASES if c["family"] == family]
        assert cases, f"no cases for {family}"
        failures = []
        for case in cases:
            want = run([GNU_ED], case)
            got = run(DEMOTE + CANDIDATE, case)
            if got != want:
                failures.append((case, want, got))
        if failures:
            case, want, got = failures[0]
            detail = (f"{len(failures)} of {len(cases)} cases differ; first: ed {case['args']!r} with "
                      f"files {[n for n, _t in case['files']]} and script {case['script']!r} on a "
                      f"{case['stdin']}: expected output {want[0]!r} (zero status: {want[1]}, files: "
                      f"{want[2]!r}), got {got[0]!r} (zero status: {got[1]}, files: {got[2]!r})")
>           raise AssertionError(detail)
E           AssertionError: 1 of 48 cases differ; first: ed ['f.txt'] with files ['f.txt', 'other.txt'] and script "r missing.txt\ns//&/g\n//-2d\n/o\\|a/,-++z5\n/nomatch/c\n\nx y\n.\n-,'aka\n/o\\|a/n\n-c\n\n.\n'a-p\n,n\n" on a pipe: expected output b'106\n?\n?\n?\n?\n?\n?\n?\nkappa ten\n?\n1\talpha one\n?\nbeta two\nbeta two\n?\n1\talpha one\n2\tbeta two\n3\tgamma three\n4\tdelta four\n5\tepsilon five\n6\tzeta six\n7\teta seven\n8\ttheta eight\n9\tiota nine\n10\tkappa ten\n' (zero status: False, files: {'f.txt': b'alpha one\nbeta two\ngamma three\ndelta four\nepsilon five\nzeta six\neta seven\ntheta eight\niota nine\nkappa ten\n', 'other.txt': b'o1\no2\n'}), got b'106\n?\n?\n?\n?\n?\n?\n?\nkappa ten\n?\n1\talpha one\n?\n1\t\n2\tbeta two\n3\tgamma three\n4\tdelta four\n5\tepsilon five\n6\tzeta six\n7\teta seven\n8\ttheta eight\n9\tiota nine\n10\tkappa ten\n?\n' (zero status: False, files: {'f.txt': b'alpha one\nbeta two\ngamma three\ndelta four\nepsilon five\nzeta six\neta seven\ntheta eight\niota nine\nkappa ten\n', 'other.txt': b'o1\no2\n'})

/tests/test_outputs.py:98: AssertionError
_____________________________ test_mixed_scripts_6 _____________________________

    def test_mixed_scripts_6():
>       check("mixed_scripts_6")

/tests/test_outputs.py:178: 
_ _ _ _ _ _ _ _ _ _ _ _ _ _ _ _ _ _ _ _ _ _ _ _ _ _ _ _ _ _ _ _ _ _ _ _ _ _ _ _ 

family = 'mixed_scripts_6'

    def check(family):
        cases = [c for c in CASES if c["family"] == family]
        assert cases, f"no cases for {family}"
        failures = []
        for case in cases:
            want = run([GNU_ED], case)
            got = run(DEMOTE + CANDIDATE, case)
            if got != want:
                failures.append((case, want, got))
        if failures:
            case, want, got = failures[0]
            detail = (f"{len(failures)} of {len(cases)} cases differ; first: ed {case['args']!r} with "
                      f"files {[n for n, _t in case['files']]} and script {case['script']!r} on a "
                      f"{case['stdin']}: expected output {want[0]!r} (zero status: {want[1]}, files: "
                      f"{want[2]!r}), got {got[0]!r} (zero status: {got[1]}, files: {got[2]!r})")
>           raise AssertionError(detail)
E           AssertionError: 1 of 285 cases differ; first: ed ['f.txt'] with files ['f.txt', 'other.txt'] and script '/e/pn\n+-2;c\n\n.\n/o\\|a/d\n?a?,+pn\n/nomatch/++d\n+-2s/a/\\\n/g\n$+2,//+y\n,n\n' on a pipe: expected output b'106\n1\talpha one\n?\nalpha one\nalpha one\n1\talpha one\n2\tgamma three\n3\tdelta four\n?\n?\n1\talpha one\n2\tg\n3\tmm\n4\t three\n5\tdelta four\n6\tepsilon five\n7\tzeta six\n8\teta seven\n9\ttheta eight\n10\tiota nine\n11\tkappa ten\n?\n' (zero status: False, files: {'f.txt': b'alpha one\nbeta two\ngamma three\ndelta four\nepsilon five\nzeta six\neta seven\ntheta eight\niota nine\nkappa ten\n', 'other.txt': b'o1\no2\n'}), got b'106\n1\talpha one\n?\n?\n?\n?\n1\t\n2\tgamma three\n3\tdelta four\n4\tepsilon five\n5\tzeta six\n6\teta seven\n7\ttheta eight\n8\tiota nine\n9\tkappa ten\n?\n' (zero status: False, files: {'f.txt': b'alpha one\nbeta two\ngamma three\ndelta four\nepsilon five\nzeta six\neta seven\ntheta eight\niota nine\nkappa ten\n', 'other.txt': b'o1\no2\n'})

/tests/test_outputs.py:98: AssertionError
==================================== PASSES ====================================
=========================== short test summary info ============================
PASSED ../../tests/test_outputs.py::test_addresses
PASSED ../../tests/test_outputs.py::test_append_insert_change
PASSED ../../tests/test_outputs.py::test_delete_join_move_copy
PASSED ../../tests/test_outputs.py::test_substitute
PASSED ../../tests/test_outputs.py::test_global_commands
PASSED ../../tests/test_outputs.py::test_interactive_global
PASSED ../../tests/test_outputs.py::test_undo
PASSED ../../tests/test_outputs.py::test_print_list_number
PASSED ../../tests/test_outputs.py::test_regex
PASSED ../../tests/test_outputs.py::test_regex_extended
PASSED ../../tests/test_outputs.py::test_files_and_write
PASSED ../../tests/test_outputs.py::test_errors_and_exit
PASSED ../../tests/test_outputs.py::test_options
PASSED ../../tests/test_outputs.py::test_odd_files
PASSED ../../tests/test_outputs.py::test_mixed_scripts_1
PASSED ../../tests/test_outputs.py::test_mixed_scripts_2
PASSED ../../tests/test_outputs.py::test_mixed_scripts_3
PASSED ../../tests/test_outputs.py::test_mixed_scripts_5
PASSED ../../tests/test_outputs.py::test_mixed_scripts_7
PASSED ../../tests/test_outputs.py::test_mixed_scripts_8
FAILED ../../tests/test_outputs.py::test_mixed_scripts_4 - AssertionError: 1 ...
FAILED ../../tests/test_outputs.py::test_mixed_scripts_6 - AssertionError: 1 ...
======================== 2 failed, 20 passed in 36.11s =========================
