============================= test session starts ==============================
platform linux -- Python 3.13.12, pytest-9.1.1, pluggy-1.6.0
rootdir: /tests
plugins: json-ctrf-0.5.2
collected 54 items

../../tests/test_outputs.py ................F............FFFFFFFFFFFFFFF [ 81%]
.FFFFFFFF.                                                               [100%]

=================================== FAILURES ===================================
_____________________________ test_postings_memos ______________________________

    def test_postings_memos():
>       check("postings_memos")

/tests/test_outputs.py:216: 
_ _ _ _ _ _ _ _ _ _ _ _ _ _ _ _ _ _ _ _ _ _ _ _ _ _ _ _ _ _ _ _ _ _ _ _ _ _ _ _ 
/tests/test_outputs.py:112: in check
    compare(_run_port(name), _expected(name))
_ _ _ _ _ _ _ _ _ _ _ _ _ _ _ _ _ _ _ _ _ _ _ _ _ _ _ _ _ _ _ _ _ _ _ _ _ _ _ _ 

got = b'STATEMENTS FOR POSTINGS             DATED 30/06/2025\n\nACCOUNT ****0001  ADA BYRNE                TARIFF D\nREADING...O FEW FIELDS\nLINE  16 REJECTED TOO FEW FIELDS\nPOSTED   10  REJECTED   6  PAID         $10.00   OTHER         $0.00\n'
want = b'STATEMENTS FOR POSTINGS             DATED 30/06/2025\n\nACCOUNT ****0001  ADA BYRNE                TARIFF D\nREADING...HOLE      1 BAL       171.52   zzzzzzzzzzzzzzz\nPOSTED   16  REJECTED   0  PAID         $13.00   OTHER        $21.18\n'

    def compare(got, want):
        if got == want:
            return
        got_lines, want_lines = got.split(b"\n"), want.split(b"\n")
        for number, (a, b) in enumerate(zip(got_lines, want_lines), start=1):
            if a != b:
>               pytest.fail(f"line {number} differs:\n  port: {a!r}\n  job:  {b!r}")
E               Failed: line 61 differs:
E                 port: b'LINE  11 REJECTED TOO FEW FIELDS'
E                 job:  b'PAY 91000001        1.00 WHOLE      1 BAL       173.52   MMMMMMMMMMMMMMM'

/tests/test_outputs.py:107: Failed
______________________________ test_generated_01 _______________________________

    def test_generated_01():
>       check("generated_01")

/tests/test_outputs.py:268: 
_ _ _ _ _ _ _ _ _ _ _ _ _ _ _ _ _ _ _ _ _ _ _ _ _ _ _ _ _ _ _ _ _ _ _ _ _ _ _ _ 
/tests/test_outputs.py:112: in check
    compare(_run_port(name), _expected(name))
_ _ _ _ _ _ _ _ _ _ _ _ _ _ _ _ _ _ _ _ _ _ _ _ _ _ _ _ _ _ _ _ _ _ _ _ _ _ _ _ 

got = b'STATEMENTS FOR EAST RIDING          DATED 03/75/2023\n\nACCOUNT ****1038  &FP$X~&{CATMF%NI0        TARIFF D\nREADING...EJECTED BAD AMOUNT\nLINE  21 REJECTED BAD KIND\nPOSTED    6  REJECTED  15  PAID    $100,249.07   OTHER         $5.47\n'
want = b'STATEMENTS FOR EAST RIDING          DATED 03/75/2023\n\nACCOUNT ****1038  &FP$X~&{CATMF%NI0        TARIFF D\nREADING...EJECTED BAD AMOUNT\nLINE  21 REJECTED BAD KIND\nPOSTED    8  REJECTED  13  PAID    $100,248.57   OTHER     $9,625.47\n'

    def compare(got, want):
        if got == want:
            return
        got_lines, want_lines = got.split(b"\n"), want.split(b"\n")
        for number, (a, b) in enumerate(zip(got_lines, want_lines), start=1):
            if a != b:
>               pytest.fail(f"line {number} differs:\n  port: {a!r}\n  job:  {b!r}")
E               Failed: line 101 differs:
E                 port: b'LINE   1 REJECTED TOO FEW FIELDS'
E                 job:  b'REF 33931579    9,620.00 WHOLE   9620 BAL    48,604.79CR dZdWy+D^D)\\-`x{'

/tests/test_outputs.py:107: Failed
______________________________ test_generated_02 _______________________________

    def test_generated_02():
>       check("generated_02")

/tests/test_outputs.py:272: 
_ _ _ _ _ _ _ _ _ _ _ _ _ _ _ _ _ _ _ _ _ _ _ _ _ _ _ _ _ _ _ _ _ _ _ _ _ _ _ _ 
/tests/test_outputs.py:112: in check
    compare(_run_port(name), _expected(name))
_ _ _ _ _ _ _ _ _ _ _ _ _ _ _ _ _ _ _ _ _ _ _ _ _ _ _ _ _ _ _ _ _ _ _ _ _ _ _ _ 

got = b'STATEMENTS FOR O^jog5n%l[{+6y       DATED 24/96/2088\n\nACCOUNT ****8340  LARS                     TARIFF L\nREADING... NO SUCH ACCOUNT\nLINE  11 REJECTED BAD AMOUNT\nPOSTED    1  REJECTED  10  PAID          $0.52   OTHER         $0.00\n'
want = b'STATEMENTS FOR O^jog5n%l[{+6y       DATED 24/96/2088\n\nACCOUNT ****8340  LARS                     TARIFF L\nREADING...NO SUCH ACCOUNT\nLINE  11 REJECTED BAD AMOUNT\nPOSTED    2  REJECTED   9  PAID          $0.52   OTHER        $12.52-\n'

    def compare(got, want):
        if got == want:
            return
        got_lines, want_lines = got.split(b"\n"), want.split(b"\n")
        for number, (a, b) in enumerate(zip(got_lines, want_lines), start=1):
            if a != b:
>               pytest.fail(f"line {number} differs:\n  port: {a!r}\n  job:  {b!r}")
E               Failed: line 31 differs:
E                 port: b'LINE   7 REJECTED TOO FEW FIELDS'
E                 job:  b'REF 39767322      -12.52 WHOLE    -13 BAL    46,658.58   3ZvoCaW+'

/tests/test_outputs.py:107: Failed
______________________________ test_generated_03 _______________________________

    def test_generated_03():
>       check("generated_03")

/tests/test_outputs.py:276: 
_ _ _ _ _ _ _ _ _ _ _ _ _ _ _ _ _ _ _ _ _ _ _ _ _ _ _ _ _ _ _ _ _ _ _ _ _ _ _ _ 
/tests/test_outputs.py:112: in check
    compare(_run_port(name), _expected(name))
_ _ _ _ _ _ _ _ _ _ _ _ _ _ _ _ _ _ _ _ _ _ _ _ _ _ _ _ _ _ _ _ _ _ _ _ _ _ _ _ 

got = b'ACCOUNT ****3664  (NO NAME ON FILE)        TARIFF L\nREADINGS   4930 TO   4978  USAGE        48 OVER  22 DAYS\nBANDS... BAD ACCOUNT\nLINE   9 REJECTED TOO FEW FIELDS\nPOSTED    3  REJECTED   6  PAID          $0.00   OTHER       $256.20\n'
want = b'ACCOUNT ****3664  (NO NAME ON FILE)        TARIFF L\nREADINGS   4930 TO   4978  USAGE        48 OVER  22 DAYS\nBANDS... BAD ACCOUNT\nLINE   9 REJECTED TOO FEW FIELDS\nPOSTED    5  REJECTED   4  PAID     $99,998.32-  OTHER       $256.20\n'

    def compare(got, want):
        if got == want:
            return
        got_lines, want_lines = got.split(b"\n"), want.split(b"\n")
        for number, (a, b) in enumerate(zip(got_lines, want_lines), start=1):
            if a != b:
>               pytest.fail(f"line {number} differs:\n  port: {a!r}\n  job:  {b!r}")
E               Failed: line 112 differs:
E                 port: b'LINE   2 REJECTED TOO FEW FIELDS'
E                 job:  b'PAY 84395718        0.44 WHOLE      0 BAL     6,867.00CR F3 4[>U&R0t5C)B'

/tests/test_outputs.py:107: Failed
______________________________ test_generated_04 _______________________________

    def test_generated_04():
>       check("generated_04")

/tests/test_outputs.py:280: 
_ _ _ _ _ _ _ _ _ _ _ _ _ _ _ _ _ _ _ _ _ _ _ _ _ _ _ _ _ _ _ _ _ _ _ _ _ _ _ _ 
/tests/test_outputs.py:112: in check
    compare(_run_port(name), _expected(name))
_ _ _ _ _ _ _ _ _ _ _ _ _ _ _ _ _ _ _ _ _ _ _ _ _ _ _ _ _ _ _ _ _ _ _ _ _ _ _ _ 

got = b'STATEMENTS FOR yQ\\?Nn$6C`7          DATED 04/89/1982\n\nACCOUNT ****7864  E0=9L                    TARIFF C\nREADIN...O FEW FIELDS\nLINE  15 REJECTED TOO FEW FIELDS\nPOSTED    5  REJECTED  10  PAID          $0.00   OTHER    $24,704.29\n'
want = b'STATEMENTS FOR yQ\\?Nn$6C`7          DATED 04/89/1982\n\nACCOUNT ****7864  E0=9L                    TARIFF C\nREADIN...OLE  12345 BAL    19,243.35CR ?#/bIGK\'/rr.XXD\nPOSTED    6  REJECTED   9  PAID          $0.00   OTHER    $37,049.91\n'

    def compare(got, want):
        if got == want:
            return
        got_lines, want_lines = got.split(b"\n"), want.split(b"\n")
        for number, (a, b) in enumerate(zip(got_lines, want_lines), start=1):
            if a != b:
>               pytest.fail(f"line {number} differs:\n  port: {a!r}\n  job:  {b!r}")
E               Failed: line 335 differs:
E                 port: b'LINE  15 REJECTED TOO FEW FIELDS'
E                 job:  b"REF 20674184   12,345.62 WHOLE  12345 BAL    19,243.35CR ?#/bIGK'/rr.XXD"

/tests/test_outputs.py:107: Failed
______________________________ test_generated_05 _______________________________

    def test_generated_05():
>       check("generated_05")

/tests/test_outputs.py:284: 
_ _ _ _ _ _ _ _ _ _ _ _ _ _ _ _ _ _ _ _ _ _ _ _ _ _ _ _ _ _ _ _ _ _ _ _ _ _ _ _ 
/tests/test_outputs.py:112: in check
    compare(_run_port(name), _expected(name))
_ _ _ _ _ _ _ _ _ _ _ _ _ _ _ _ _ _ _ _ _ _ _ _ _ _ _ _ _ _ _ _ _ _ _ _ _ _ _ _ 

got = b"STATEMENTS FOR B\\.RfUB1o:./         DATED 03/62/2094\n\nACCOUNT ****9391  )WMJK2NFV7I!]E<Y^IP(>    TARIFF L\nREADIN... TOO FEW FIELDS\nLINE   2 REJECTED BAD ACCOUNT\nPOSTED    0  REJECTED   2  PAID          $0.00   OTHER         $0.00\n"
want = b"STATEMENTS FOR B\\.RfUB1o:./         DATED 03/62/2094\n\nACCOUNT ****9391  )WMJK2NFV7I!]E<Y^IP(>    TARIFF L\nREADIN...??p0.8#X(XW&WLo\nLINE   2 REJECTED BAD ACCOUNT\nPOSTED    1  REJECTED   1  PAID     $99,998.19-  OTHER         $0.00\n"

    def compare(got, want):
        if got == want:
            return
        got_lines, want_lines = got.split(b"\n"), want.split(b"\n")
        for number, (a, b) in enumerate(zip(got_lines, want_lines), start=1):
            if a != b:
>               pytest.fail(f"line {number} differs:\n  port: {a!r}\n  job:  {b!r}")
E               Failed: line 175 differs:
E                 port: b'LINE   1 REJECTED TOO FEW FIELDS'
E                 job:  b'PAY 24729848  -99,998.19 WHOLE -99999 BAL   414,820.77   ??p0.8#X(XW&WLo'

/tests/test_outputs.py:107: Failed
______________________________ test_generated_06 _______________________________

    def test_generated_06():
>       check("generated_06")

/tests/test_outputs.py:288: 
_ _ _ _ _ _ _ _ _ _ _ _ _ _ _ _ _ _ _ _ _ _ _ _ _ _ _ _ _ _ _ _ _ _ _ _ _ _ _ _ 
/tests/test_outputs.py:112: in check
    compare(_run_port(name), _expected(name))
_ _ _ _ _ _ _ _ _ _ _ _ _ _ _ _ _ _ _ _ _ _ _ _ _ _ _ _ _ _ _ _ _ _ _ _ _ _ _ _ 

got = b'STATEMENTS FOR u~R:                 DATED 15/18/2025\n\nACCOUNT ****2728  (NO NAME ON FILE)        TARIFF L\nREADING...BAD ACCOUNT\nLINE  33 REJECTED TOO FEW FIELDS\nPOSTED    7  REJECTED  26  PAID        $999.86   OTHER    $12,085.11-\n'
want = b'STATEMENTS FOR u~R:                 DATED 15/18/2025\n\nACCOUNT ****2728  (NO NAME ON FILE)        TARIFF L\nREADING... BAD ACCOUNT\nLINE  33 REJECTED TOO FEW FIELDS\nPOSTED   11  REJECTED  22  PAID        $982.05   OTHER    $87,912.89\n'

    def compare(got, want):
        if got == want:
            return
        got_lines, want_lines = got.split(b"\n"), want.split(b"\n")
        for number, (a, b) in enumerate(zip(got_lines, want_lines), start=1):
            if a != b:
>               pytest.fail(f"line {number} differs:\n  port: {a!r}\n  job:  {b!r}")
E               Failed: line 146 differs:
E                 port: b'LINE   3 REJECTED TOO FEW FIELDS'
E                 job:  b'LINE   3 REJECTED NO SUCH ACCOUNT'

/tests/test_outputs.py:107: Failed
______________________________ test_generated_07 _______________________________

    def test_generated_07():
>       check("generated_07")

/tests/test_outputs.py:292: 
_ _ _ _ _ _ _ _ _ _ _ _ _ _ _ _ _ _ _ _ _ _ _ _ _ _ _ _ _ _ _ _ _ _ _ _ _ _ _ _ 
/tests/test_outputs.py:112: in check
    compare(_run_port(name), _expected(name))
_ _ _ _ _ _ _ _ _ _ _ _ _ _ _ _ _ _ _ _ _ _ _ _ _ _ _ _ _ _ _ _ _ _ _ _ _ _ _ _ 

got = b"STATEMENTS FOR EAST RIDING          DATED 54/94/2036\n\nACCOUNT ****7161  SIOBHAN                  TARIFF L\nREADING...HOLE      0 BAL    42,560.44    6**{0OZ##:?bV,\nPOSTED    2  REJECTED   7  PAID          $0.82   OTHER         $0.50\n"
want = b"STATEMENTS FOR EAST RIDING          DATED 54/94/2036\n\nACCOUNT ****7161  SIOBHAN                  TARIFF L\nREADING...HOLE      0 BAL    42,560.44    6**{0OZ##:?bV,\nPOSTED    2  REJECTED   7  PAID          $0.82   OTHER         $0.50\n"

    def compare(got, want):
        if got == want:
            return
        got_lines, want_lines = got.split(b"\n"), want.split(b"\n")
        for number, (a, b) in enumerate(zip(got_lines, want_lines), start=1):
            if a != b:
>               pytest.fail(f"line {number} differs:\n  port: {a!r}\n  job:  {b!r}")
E               Failed: line 161 differs:
E                 port: b'LINE   3 REJECTED TOO FEW FIELDS'
E                 job:  b'LINE   3 REJECTED NO SUCH ACCOUNT'

/tests/test_outputs.py:107: Failed
______________________________ test_generated_08 _______________________________

    def test_generated_08():
>       check("generated_08")

/tests/test_outputs.py:296: 
_ _ _ _ _ _ _ _ _ _ _ _ _ _ _ _ _ _ _ _ _ _ _ _ _ _ _ _ _ _ _ _ _ _ _ _ _ _ _ _ 
/tests/test_outputs.py:112: in check
    compare(_run_port(name), _expected(name))
_ _ _ _ _ _ _ _ _ _ _ _ _ _ _ _ _ _ _ _ _ _ _ _ _ _ _ _ _ _ _ _ _ _ _ _ _ _ _ _ 

got = b"STATEMENTS FOR EAST RIDING          DATED 53/89/2013\n\nACCOUNT ****9447  ADA HADDAD               TARIFF L\nREADING... NO SUCH ACCOUNT\nLINE  12 REJECTED BAD AMOUNT\nPOSTED    5  REJECTED   7  PAID     $24,722.72   OTHER         $0.00\n"
want = b"STATEMENTS FOR EAST RIDING          DATED 53/89/2013\n\nACCOUNT ****9447  ADA HADDAD               TARIFF L\nREADING... NO SUCH ACCOUNT\nLINE  12 REJECTED BAD AMOUNT\nPOSTED    6  REJECTED   6  PAID     $24,722.38   OTHER         $0.00\n"

    def compare(got, want):
        if got == want:
            return
        got_lines, want_lines = got.split(b"\n"), want.split(b"\n")
        for number, (a, b) in enumerate(zip(got_lines, want_lines), start=1):
            if a != b:
>               pytest.fail(f"line {number} differs:\n  port: {a!r}\n  job:  {b!r}")
E               Failed: line 92 differs:
E                 port: b'LINE   5 REJECTED TOO FEW FIELDS'
E                 job:  b'PAY 97479584       -0.34 WHOLE     -1 BAL    48,048.63CR t:|5<Q^7m]qG3%7'

/tests/test_outputs.py:107: Failed
______________________________ test_generated_09 _______________________________

    def test_generated_09():
>       check("generated_09")

/tests/test_outputs.py:300: 
_ _ _ _ _ _ _ _ _ _ _ _ _ _ _ _ _ _ _ _ _ _ _ _ _ _ _ _ _ _ _ _ _ _ _ _ _ _ _ _ 
/tests/test_outputs.py:112: in check
    compare(_run_port(name), _expected(name))
_ _ _ _ _ _ _ _ _ _ _ _ _ _ _ _ _ _ _ _ _ _ _ _ _ _ _ _ _ _ _ _ _ _ _ _ _ _ _ _ 

got = b'STATEMENTS FOR                      DATED 14/07/1943\n\nACCOUNT ****3166  ADA NOVAK                TARIFF D\nREADING...ECTED BAD ACCOUNT\nLINE  18 REJECTED BAD KIND\nPOSTED    4  REJECTED  14  PAID     $91,464.22-  OTHER    $12,346.28-\n'
want = b'STATEMENTS FOR                      DATED 14/07/1943\n\nACCOUNT ****3166  ADA NOVAK                TARIFF D\nREADING...ECTED BAD ACCOUNT\nLINE  18 REJECTED BAD KIND\nPOSTED    5  REJECTED  13  PAID     $91,364.68-  OTHER    $12,346.28-\n'

    def compare(got, want):
        if got == want:
            return
        got_lines, want_lines = got.split(b"\n"), want.split(b"\n")
        for number, (a, b) in enumerate(zip(got_lines, want_lines), start=1):
            if a != b:
>               pytest.fail(f"line {number} differs:\n  port: {a!r}\n  job:  {b!r}")
E               Failed: line 333 differs:
E                 port: b'LINE   3 REJECTED TOO FEW FIELDS'
E                 job:  b'LINE   3 REJECTED BAD AMOUNT'

/tests/test_outputs.py:107: Failed
______________________________ test_generated_10 _______________________________

    def test_generated_10():
>       check("generated_10")

/tests/test_outputs.py:304: 
_ _ _ _ _ _ _ _ _ _ _ _ _ _ _ _ _ _ _ _ _ _ _ _ _ _ _ _ _ _ _ _ _ _ _ _ _ _ _ _ 
/tests/test_outputs.py:112: in check
    compare(_run_port(name), _expected(name))
_ _ _ _ _ _ _ _ _ _ _ _ _ _ _ _ _ _ _ _ _ _ _ _ _ _ _ _ _ _ _ _ _ _ _ _ _ _ _ _ 

got = b'STATEMENTS FOR w1W_qw,`fN2L         DATED 57/94/1940\n\nACCOUNT ****2270  6V=G@U"U{4E+^8?S         TARIFF D\nREADING...R diP[[T6( j@F)qC\nLINE  18 REJECTED BAD KIND\nPOSTED    6  REJECTED  12  PAID     $68,019.08   OTHER       $148.77-\n'
want = b'STATEMENTS FOR w1W_qw,`fN2L         DATED 57/94/1940\n\nACCOUNT ****2270  6V=G@U"U{4E+^8?S         TARIFF D\nREADING...CR diP[[T6( j@F)qC\nLINE  18 REJECTED BAD KIND\nPOSTED    8  REJECTED  10  PAID     $68,019.08   OTHER    $87,979.25\n'

    def compare(got, want):
        if got == want:
            return
        got_lines, want_lines = got.split(b"\n"), want.split(b"\n")
        for number, (a, b) in enumerate(zip(got_lines, want_lines), start=1):
            if a != b:
>               pytest.fail(f"line {number} differs:\n  port: {a!r}\n  job:  {b!r}")
E               Failed: line 103 differs:
E                 port: b'LINE   3 REJECTED TOO FEW FIELDS'
E                 job:  b'LINE   3 REJECTED NO SUCH ACCOUNT'

/tests/test_outputs.py:107: Failed
______________________________ test_generated_11 _______________________________

    def test_generated_11():
>       check("generated_11")

/tests/test_outputs.py:308: 
_ _ _ _ _ _ _ _ _ _ _ _ _ _ _ _ _ _ _ _ _ _ _ _ _ _ _ _ _ _ _ _ _ _ _ _ _ _ _ _ 
/tests/test_outputs.py:112: in check
    compare(_run_port(name), _expected(name))
_ _ _ _ _ _ _ _ _ _ _ _ _ _ _ _ _ _ _ _ _ _ _ _ _ _ _ _ _ _ _ _ _ _ _ _ _ _ _ _ 

got = b'STATEMENTS FOR                      DATED 62/96/2015\n\nACCOUNT ****0867  SIOBHAN                  TARIFF L\nREADING...TED TOO FEW FIELDS\nLINE  40 REJECTED BAD KIND\nPOSTED    9  REJECTED  31  PAID          $1.13-  OTHER        $14.20\n'
want = b'STATEMENTS FOR                      DATED 62/96/2015\n\nACCOUNT ****0867  SIOBHAN                  TARIFF L\nREADING...TED TOO FEW FIELDS\nLINE  40 REJECTED BAD KIND\nPOSTED   15  REJECTED  25  PAID        $187.33   OTHER     $1,013.89\n'

    def compare(got, want):
        if got == want:
            return
        got_lines, want_lines = got.split(b"\n"), want.split(b"\n")
        for number, (a, b) in enumerate(zip(got_lines, want_lines), start=1):
            if a != b:
>               pytest.fail(f"line {number} differs:\n  port: {a!r}\n  job:  {b!r}")
E               Failed: line 62 differs:
E                 port: b'LINE   8 REJECTED TOO FEW FIELDS'
E                 job:  b'LINE   8 REJECTED NO SUCH ACCOUNT'

/tests/test_outputs.py:107: Failed
______________________________ test_generated_12 _______________________________

    def test_generated_12():
>       check("generated_12")

/tests/test_outputs.py:312: 
_ _ _ _ _ _ _ _ _ _ _ _ _ _ _ _ _ _ _ _ _ _ _ _ _ _ _ _ _ _ _ _ _ _ _ _ _ _ _ _ 
/tests/test_outputs.py:112: in check
    compare(_run_port(name), _expected(name))
_ _ _ _ _ _ _ _ _ _ _ _ _ _ _ _ _ _ _ _ _ _ _ _ _ _ _ _ _ _ _ _ _ _ _ _ _ _ _ _ 

got = b'STATEMENTS FOR M7                   DATED 11/60/1988\n\nACCOUNT ****3542  CEF9DSDU~YPRZ3`9PR|MV#O  TARIFF C\nREADING...O FEW FIELDS\nLINE   6 REJECTED TOO FEW FIELDS\nPOSTED    1  REJECTED   5  PAID          $0.13   OTHER         $0.00\n'
want = b'STATEMENTS FOR M7                   DATED 11/60/1988\n\nACCOUNT ****3542  CEF9DSDU~YPRZ3`9PR|MV#O  TARIFF C\nREADING...D BAD AMOUNT\nLINE   6 REJECTED TOO FEW FIELDS\nPOSTED    3  REJECTED   3  PAID          $0.13   OTHER         $0.15\n'

    def compare(got, want):
        if got == want:
            return
        got_lines, want_lines = got.split(b"\n"), want.split(b"\n")
        for number, (a, b) in enumerate(zip(got_lines, want_lines), start=1):
            if a != b:
>               pytest.fail(f"line {number} differs:\n  port: {a!r}\n  job:  {b!r}")
E               Failed: line 136 differs:
E                 port: b'LINE   1 REJECTED TOO FEW FIELDS'
E                 job:  b"REF 78716903        0.15 WHOLE      0 BAL    63,036.28   sP,H1r}_G#@@'f@"

/tests/test_outputs.py:107: Failed
______________________________ test_generated_13 _______________________________

    def test_generated_13():
>       check("generated_13")

/tests/test_outputs.py:316: 
_ _ _ _ _ _ _ _ _ _ _ _ _ _ _ _ _ _ _ _ _ _ _ _ _ _ _ _ _ _ _ _ _ _ _ _ _ _ _ _ 
/tests/test_outputs.py:112: in check
    compare(_run_port(name), _expected(name))
_ _ _ _ _ _ _ _ _ _ _ _ _ _ _ _ _ _ _ _ _ _ _ _ _ _ _ _ _ _ _ _ _ _ _ _ _ _ _ _ 

got = b'STATEMENTS FOR t_<@u,ym;Lp$M)\'CJN[S DATED 83/73/2096\n\nACCOUNT ****1448  P5B"OLV>PC4F>BEH         TARIFF L\nREADIN...{\n    FEE SPLIT 3X      0.15 REMAINDER  0.01\nPOSTED    9  REJECTED  16  PAID          $4.00   OTHER       $968.02-\n'
want = b'STATEMENTS FOR t_<@u,ym;Lp$M)\'CJN[S DATED 83/73/2096\n\nACCOUNT ****1448  P5B"OLV>PC4F>BEH         TARIFF L\nREADIN...{{\n    FEE SPLIT 3X      0.15 REMAINDER  0.01\nPOSTED   11  REJECTED  14  PAID          $4.00   OTHER    $11,476.83\n'

    def compare(got, want):
        if got == want:
            return
        got_lines, want_lines = got.split(b"\n"), want.split(b"\n")
        for number, (a, b) in enumerate(zip(got_lines, want_lines), start=1):
            if a != b:
>               pytest.fail(f"line {number} differs:\n  port: {a!r}\n  job:  {b!r}")
E               Failed: line 114 differs:
E                 port: b'LINE   1 REJECTED TOO FEW FIELDS'
E                 job:  b'LINE   1 REJECTED BAD ACCOUNT'

/tests/test_outputs.py:107: Failed
______________________________ test_generated_14 _______________________________

    def test_generated_14():
>       check("generated_14")

/tests/test_outputs.py:320: 
_ _ _ _ _ _ _ _ _ _ _ _ _ _ _ _ _ _ _ _ _ _ _ _ _ _ _ _ _ _ _ _ _ _ _ _ _ _ _ _ 
/tests/test_outputs.py:112: in check
    compare(_run_port(name), _expected(name))
_ _ _ _ _ _ _ _ _ _ _ _ _ _ _ _ _ _ _ _ _ _ _ _ _ _ _ _ _ _ _ _ _ _ _ _ _ _ _ _ 

got = b'ACCOUNT ****5365  (NO NAME ON FILE)        TARIFF C\nREADINGS 203947 TO 210637  USAGE     6,690 OVER 109 DAYS\nBANDS...D BAD AMOUNT\nLINE   7 REJECTED TOO FEW FIELDS\nPOSTED    1  REJECTED   6  PAID        $250.00   OTHER         $0.00\n'
want = b'ACCOUNT ****5365  (NO NAME ON FILE)        TARIFF C\nREADINGS 203947 TO 210637  USAGE     6,690 OVER 109 DAYS\nBANDS...60 WHOLE      5 BAL   128,160.19CR {@D^Ed^5g??\nPOSTED    2  REJECTED   5  PAID        $255.60   OTHER         $0.00\n'

    def compare(got, want):
        if got == want:
            return
        got_lines, want_lines = got.split(b"\n"), want.split(b"\n")
        for number, (a, b) in enumerate(zip(got_lines, want_lines), start=1):
            if a != b:
>               pytest.fail(f"line {number} differs:\n  port: {a!r}\n  job:  {b!r}")
E               Failed: line 337 differs:
E                 port: b'LINE   7 REJECTED TOO FEW FIELDS'
E                 job:  b'PAY 96319381        5.60 WHOLE      5 BAL   128,160.19CR {@D^Ed^5g??'

/tests/test_outputs.py:107: Failed
______________________________ test_generated_15 _______________________________

    def test_generated_15():
>       check("generated_15")

/tests/test_outputs.py:324: 
_ _ _ _ _ _ _ _ _ _ _ _ _ _ _ _ _ _ _ _ _ _ _ _ _ _ _ _ _ _ _ _ _ _ _ _ _ _ _ _ 
/tests/test_outputs.py:112: in check
    compare(_run_port(name), _expected(name))
_ _ _ _ _ _ _ _ _ _ _ _ _ _ _ _ _ _ _ _ _ _ _ _ _ _ _ _ _ _ _ _ _ _ _ _ _ _ _ _ 

got = b'STATEMENTS FOR NORTH                DATED 23/04/2057\n\nACCOUNT ****0334  _#<ZSI3                  TARIFF D\nREADING...OLE     -2 BAL    55,809.69   Jgt\'"gv<WPy-<?d\nPOSTED    8  REJECTED  24  PAID         $92.13   OTHER       $239.25\n'
want = b'STATEMENTS FOR NORTH                DATED 23/04/2057\n\nACCOUNT ****0334  _#<ZSI3                  TARIFF D\nREADING...OLE     -2 BAL    55,797.44   Jgt\'"gv<WPy-<?d\nPOSTED   15  REJECTED  17  PAID        $185.63   OTHER       $231.29\n'

    def compare(got, want):
        if got == want:
            return
        got_lines, want_lines = got.split(b"\n"), want.split(b"\n")
        for number, (a, b) in enumerate(zip(got_lines, want_lines), start=1):
            if a != b:
>               pytest.fail(f"line {number} differs:\n  port: {a!r}\n  job:  {b!r}")
E               Failed: line 202 differs:
E                 port: b'LINE   2 REJECTED TOO FEW FIELDS'
E                 job:  b'PAY 18761458       99.53 WHOLE     99 BAL   773,129.80   qL'

/tests/test_outputs.py:107: Failed
______________________________ test_generated_17 _______________________________

    def test_generated_17():
>       check("generated_17")

/tests/test_outputs.py:332: 
_ _ _ _ _ _ _ _ _ _ _ _ _ _ _ _ _ _ _ _ _ _ _ _ _ _ _ _ _ _ _ _ _ _ _ _ _ _ _ _ 
/tests/test_outputs.py:112: in check
    compare(_run_port(name), _expected(name))
_ _ _ _ _ _ _ _ _ _ _ _ _ _ _ _ _ _ _ _ _ _ _ _ _ _ _ _ _ _ _ _ _ _ _ _ _ _ _ _ 

got = b'STATEMENTS FOR EAST RIDING          DATED 99/24/1994\n\nREJECT 91384025 UNKNOWN TARIFF\n\nREJECT 81005153 UNKNOWN TA...SUCH ACCOUNT\nLINE  14 REJECTED TOO FEW FIELDS\nPOSTED    1  REJECTED  13  PAID          $0.00   OTHER     $1,000.33\n'
want = b'STATEMENTS FOR EAST RIDING          DATED 99/24/1994\n\nREJECT 91384025 UNKNOWN TARIFF\n\nREJECT 81005153 UNKNOWN TA...SUCH ACCOUNT\nLINE  14 REJECTED TOO FEW FIELDS\nPOSTED    2  REJECTED  12  PAID          $0.50-  OTHER     $1,000.33\n'

    def compare(got, want):
        if got == want:
            return
        got_lines, want_lines = got.split(b"\n"), want.split(b"\n")
        for number, (a, b) in enumerate(zip(got_lines, want_lines), start=1):
            if a != b:
>               pytest.fail(f"line {number} differs:\n  port: {a!r}\n  job:  {b!r}")
E               Failed: line 154 differs:
E                 port: b'LINE   1 REJECTED TOO FEW FIELDS'
E                 job:  b'LINE   1 REJECTED NO SUCH ACCOUNT'

/tests/test_outputs.py:107: Failed
______________________________ test_generated_18 _______________________________

    def test_generated_18():
>       check("generated_18")

/tests/test_outputs.py:336: 
_ _ _ _ _ _ _ _ _ _ _ _ _ _ _ _ _ _ _ _ _ _ _ _ _ _ _ _ _ _ _ _ _ _ _ _ _ _ _ _ 
/tests/test_outputs.py:112: in check
    compare(_run_port(name), _expected(name))
_ _ _ _ _ _ _ _ _ _ _ _ _ _ _ _ _ _ _ _ _ _ _ _ _ _ _ _ _ _ _ _ _ _ _ _ _ _ _ _ 

got = b'STATEMENTS FOR EUnv\'AJe\'Cje"#+SzM!] DATED 43/27/2055\n\nACCOUNT ****2868  (NO NAME ON FILE)        TARIFF C\nREADI...NO SUCH ACCOUNT\nLINE  34 REJECTED BAD ACCOUNT\nPOSTED    5  REJECTED  29  PAID         $99.73   OTHER   $112,330.18\n'
want = b'STATEMENTS FOR EUnv\'AJe\'Cje"#+SzM!] DATED 43/27/2055\n\nACCOUNT ****2868  (NO NAME ON FILE)        TARIFF C\nREADI...NO SUCH ACCOUNT\nLINE  34 REJECTED BAD ACCOUNT\nPOSTED    9  REJECTED  25  PAID        $199.13   OTHER   $150,369.93\n'

    def compare(got, want):
        if got == want:
            return
        got_lines, want_lines = got.split(b"\n"), want.split(b"\n")
        for number, (a, b) in enumerate(zip(got_lines, want_lines), start=1):
            if a != b:
>               pytest.fail(f"line {number} differs:\n  port: {a!r}\n  job:  {b!r}")
E               Failed: line 286 differs:
E                 port: b'LINE   4 REJECTED TOO FEW FIELDS'
E                 job:  b'ADJ 65416561   38,034.23 WHOLE  38034 BAL    21,647.58CR mNv322,aG)p{uTy'

/tests/test_outputs.py:107: Failed
______________________________ test_generated_19 _______________________________

    def test_generated_19():
>       check("generated_19")

/tests/test_outputs.py:340: 
_ _ _ _ _ _ _ _ _ _ _ _ _ _ _ _ _ _ _ _ _ _ _ _ _ _ _ _ _ _ _ _ _ _ _ _ _ _ _ _ 
/tests/test_outputs.py:112: in check
    compare(_run_port(name), _expected(name))
_ _ _ _ _ _ _ _ _ _ _ _ _ _ _ _ _ _ _ _ _ _ _ _ _ _ _ _ _ _ _ _ _ _ _ _ _ _ _ _ 

got = b'STATEMENTS FOR EAST RIDING          DATED 07/54/1983\n\nACCOUNT ****4082  (NO NAME ON FILE)        TARIFF D\nREADING...{e\n    FEE SPLIT 3X    -83.36 REMAINDER -0.01\nPOSTED    4  REJECTED   9  PAID          $0.38   OTHER         $0.78\n'
want = b'STATEMENTS FOR EAST RIDING          DATED 07/54/1983\n\nACCOUNT ****4082  (NO NAME ON FILE)        TARIFF D\nREADING...{e\n    FEE SPLIT 3X    -83.36 REMAINDER -0.01\nPOSTED    4  REJECTED   9  PAID          $0.38   OTHER         $0.78\n'

    def compare(got, want):
        if got == want:
            return
        got_lines, want_lines = got.split(b"\n"), want.split(b"\n")
        for number, (a, b) in enumerate(zip(got_lines, want_lines), start=1):
            if a != b:
>               pytest.fail(f"line {number} differs:\n  port: {a!r}\n  job:  {b!r}")
E               Failed: line 227 differs:
E                 port: b'LINE   3 REJECTED TOO FEW FIELDS'
E                 job:  b'LINE   3 REJECTED BAD KIND'

/tests/test_outputs.py:107: Failed
______________________________ test_generated_20 _______________________________

    def test_generated_20():
>       check("generated_20")

/tests/test_outputs.py:344: 
_ _ _ _ _ _ _ _ _ _ _ _ _ _ _ _ _ _ _ _ _ _ _ _ _ _ _ _ _ _ _ _ _ _ _ _ _ _ _ _ 
/tests/test_outputs.py:112: in check
    compare(_run_port(name), _expected(name))
_ _ _ _ _ _ _ _ _ _ _ _ _ _ _ _ _ _ _ _ _ _ _ _ _ _ _ _ _ _ _ _ _ _ _ _ _ _ _ _ 

got = b"STATEMENTS FOR 5B(F_C$              DATED 19/94/2013\n\nREJECT 90539572 PERIOD TOO LONG\n\nACCOUNT ****6243  X~LX)O|... BAD ACCOUNT\nLINE   6 REJECTED TOO FEW FIELDS\nPOSTED    0  REJECTED   6  PAID          $0.00   OTHER         $0.00\n"
want = b"STATEMENTS FOR 5B(F_C$              DATED 19/94/2013\n\nREJECT 90539572 PERIOD TOO LONG\n\nACCOUNT ****6243  X~LX)O|...JECTED BAD ACCOUNT\nLINE   6 REJECTED BAD KIND\nPOSTED    1  REJECTED   5  PAID     $99,998.10   OTHER         $0.00\n"

    def compare(got, want):
        if got == want:
            return
        got_lines, want_lines = got.split(b"\n"), want.split(b"\n")
        for number, (a, b) in enumerate(zip(got_lines, want_lines), start=1):
            if a != b:
>               pytest.fail(f"line {number} differs:\n  port: {a!r}\n  job:  {b!r}")
E               Failed: line 159 differs:
E                 port: b'LINE   1 REJECTED TOO FEW FIELDS'
E                 job:  b"PAY 91179431   99,998.10 WHOLE  99998 BAL    99,948.24CR KX!HX2^- Z'q@w#"

/tests/test_outputs.py:107: Failed
______________________________ test_generated_21 _______________________________

    def test_generated_21():
>       check("generated_21")

/tests/test_outputs.py:348: 
_ _ _ _ _ _ _ _ _ _ _ _ _ _ _ _ _ _ _ _ _ _ _ _ _ _ _ _ _ _ _ _ _ _ _ _ _ _ _ _ 
/tests/test_outputs.py:112: in check
    compare(_run_port(name), _expected(name))
_ _ _ _ _ _ _ _ _ _ _ _ _ _ _ _ _ _ _ _ _ _ _ _ _ _ _ _ _ _ _ _ _ _ _ _ _ _ _ _ 

got = b"STATEMENTS FOR NORTH                DATED 41/19/2013\n\nACCOUNT ****2036  X;2C                     TARIFF L\nREADING... BAD ACCOUNT\nLINE  16 REJECTED TOO FEW FIELDS\nPOSTED    5  REJECTED  11  PAID     $98,998.18   OTHER     $1,002.66\n"
want = b'STATEMENTS FOR NORTH                DATED 41/19/2013\n\nACCOUNT ****2036  X;2C                     TARIFF L\nREADING...HOLE  50238 BAL   124,090.97   >"MOIEZBxFY8*">\nPOSTED    7  REJECTED   9  PAID     $98,998.18   OTHER    $51,240.53\n'

    def compare(got, want):
        if got == want:
            return
        got_lines, want_lines = got.split(b"\n"), want.split(b"\n")
        for number, (a, b) in enumerate(zip(got_lines, want_lines), start=1):
            if a != b:
>               pytest.fail(f"line {number} differs:\n  port: {a!r}\n  job:  {b!r}")
E               Failed: line 308 differs:
E                 port: b'LINE   4 REJECTED TOO FEW FIELDS'
E                 job:  b'ADJ 69235502       -0.80 WHOLE     -1 BAL    83,998.90CR T:aNZFs6]'

/tests/test_outputs.py:107: Failed
______________________________ test_generated_22 _______________________________

    def test_generated_22():
>       check("generated_22")

/tests/test_outputs.py:352: 
_ _ _ _ _ _ _ _ _ _ _ _ _ _ _ _ _ _ _ _ _ _ _ _ _ _ _ _ _ _ _ _ _ _ _ _ _ _ _ _ 
/tests/test_outputs.py:112: in check
    compare(_run_port(name), _expected(name))
_ _ _ _ _ _ _ _ _ _ _ _ _ _ _ _ _ _ _ _ _ _ _ _ _ _ _ _ _ _ _ _ _ _ _ _ _ _ _ _ 

got = b'STATEMENTS FOR 77vp#DKLI3;{!a`* (lX DATED 75/64/1988\n\nACCOUNT ****1412  (NO NAME ON FILE)        TARIFF D\nREADING... BAD ACCOUNT\nLINE  39 REJECTED TOO FEW FIELDS\nPOSTED    8  REJECTED  31  PAID     $12,345.51-  OTHER   $124,943.21\n'
want = b'STATEMENTS FOR 77vp#DKLI3;{!a`* (lX DATED 75/64/1988\n\nACCOUNT ****1412  (NO NAME ON FILE)        TARIFF D\nREADING...OLE     -2 BAL       596.79CR \'0x(X?67]^bZ>D4\nPOSTED   14  REJECTED  25  PAID     $43,088.82   OTHER   $138,288.21\n'

    def compare(got, want):
        if got == want:
            return
        got_lines, want_lines = got.split(b"\n"), want.split(b"\n")
        for number, (a, b) in enumerate(zip(got_lines, want_lines), start=1):
            if a != b:
>               pytest.fail(f"line {number} differs:\n  port: {a!r}\n  job:  {b!r}")
E               Failed: line 222 differs:
E                 port: b'LINE   5 REJECTED TOO FEW FIELDS'
E                 job:  b'FEE 47643780   12,345.51 WHOLE  12345 BAL    33,149.04   m+>,eU$)Guz{8W<'

/tests/test_outputs.py:107: Failed
______________________________ test_generated_23 _______________________________

    def test_generated_23():
>       check("generated_23")

/tests/test_outputs.py:356: 
_ _ _ _ _ _ _ _ _ _ _ _ _ _ _ _ _ _ _ _ _ _ _ _ _ _ _ _ _ _ _ _ _ _ _ _ _ _ _ _ 
/tests/test_outputs.py:112: in check
    compare(_run_port(name), _expected(name))
_ _ _ _ _ _ _ _ _ _ _ _ _ _ _ _ _ _ _ _ _ _ _ _ _ _ _ _ _ _ _ _ _ _ _ _ _ _ _ _ 

got = b'ACCOUNT ****9784  SIOBHAN                  TARIFF L\nREADINGS 190035 TO 347955  USAGE   157,920 OVER   1 DAYS\nBANDS...80 WHOLE    -13 BAL    84,315.44CR nxjgFVhX+rj\nPOSTED    6  REJECTED  16  PAID     $12,332.52   OTHER    $99,996.19\n'
want = b'ACCOUNT ****9784  SIOBHAN                  TARIFF L\nREADINGS 190035 TO 347955  USAGE   157,920 OVER   1 DAYS\nBANDS...80 WHOLE    -13 BAL    84,315.44CR nxjgFVhX+rj\nPOSTED    8  REJECTED  14  PAID     $12,333.71   OTHER   $158,461.39\n'

    def compare(got, want):
        if got == want:
            return
        got_lines, want_lines = got.split(b"\n"), want.split(b"\n")
        for number, (a, b) in enumerate(zip(got_lines, want_lines), start=1):
            if a != b:
>               pytest.fail(f"line {number} differs:\n  port: {a!r}\n  job:  {b!r}")
E               Failed: line 56 differs:
E                 port: b'LINE   3 REJECTED TOO FEW FIELDS'
E                 job:  b'LINE   3 REJECTED BAD ACCOUNT'

/tests/test_outputs.py:107: Failed
______________________________ test_generated_24 _______________________________

    def test_generated_24():
>       check("generated_24")

/tests/test_outputs.py:360: 
_ _ _ _ _ _ _ _ _ _ _ _ _ _ _ _ _ _ _ _ _ _ _ _ _ _ _ _ _ _ _ _ _ _ _ _ _ _ _ _ 
/tests/test_outputs.py:112: in check
    compare(_run_port(name), _expected(name))
_ _ _ _ _ _ _ _ _ _ _ _ _ _ _ _ _ _ _ _ _ _ _ _ _ _ _ _ _ _ _ _ _ _ _ _ _ _ _ _ 

got = b"STATEMENTS FOR X{sE,dHL             DATED 21/60/2083\n\nACCOUNT ****8916  (NO NAME ON FILE)        TARIFF L\nREADING...FEW FIELDS\nLINE  27 REJECTED NO SUCH ACCOUNT\nPOSTED    7  REJECTED  20  PAID     $30,813.32-  OTHER         $1.72-\n"
want = b"STATEMENTS FOR X{sE,dHL             DATED 21/60/2083\n\nACCOUNT ****8916  (NO NAME ON FILE)        TARIFF L\nREADING...UCH ACCOUNT\nLINE  27 REJECTED NO SUCH ACCOUNT\nPOSTED   13  REJECTED  14  PAID     $18,468.20-  OTHER    $12,593.85\n"

    def compare(got, want):
        if got == want:
            return
        got_lines, want_lines = got.split(b"\n"), want.split(b"\n")
        for number, (a, b) in enumerate(zip(got_lines, want_lines), start=1):
            if a != b:
>               pytest.fail(f"line {number} differs:\n  port: {a!r}\n  job:  {b!r}")
E               Failed: line 19 differs:
E                 port: b'LINE   3 REJECTED TOO FEW FIELDS'
E                 job:  b'REF 36108916      250.41 WHOLE    250 BAL   100,277.40   @c4QjVO_]xGrR^l'

/tests/test_outputs.py:107: Failed
==================================== PASSES ====================================
=========================== short test summary info ============================
PASSED ../../tests/test_outputs.py::test_every_case_has_an_expected_statement
PASSED ../../tests/test_outputs.py::test_band_boundaries
PASSED ../../tests/test_outputs.py::test_credit_balances
PASSED ../../tests/test_outputs.py::test_date_and_region
PASSED ../../tests/test_outputs.py::test_district_run
PASSED ../../tests/test_outputs.py::test_empty_file
PASSED ../../tests/test_outputs.py::test_header_missing
PASSED ../../tests/test_outputs.py::test_header_only
PASSED ../../tests/test_outputs.py::test_header_out_of_place
PASSED ../../tests/test_outputs.py::test_large_commercial_accounts
PASSED ../../tests/test_outputs.py::test_long_run
PASSED ../../tests/test_outputs.py::test_meter_rollover
PASSED ../../tests/test_outputs.py::test_names_of_every_shape
PASSED ../../tests/test_outputs.py::test_postings_amount_forms
PASSED ../../tests/test_outputs.py::test_postings_empty
PASSED ../../tests/test_outputs.py::test_postings_kinds_and_accounts
PASSED ../../tests/test_outputs.py::test_postings_ordinary
PASSED ../../tests/test_outputs.py::test_postings_rounding_modes
PASSED ../../tests/test_outputs.py::test_postings_with_fewer_fields
PASSED ../../tests/test_outputs.py::test_rejected_records
PASSED ../../tests/test_outputs.py::test_rounding_boundaries
PASSED ../../tests/test_outputs.py::test_short_lines
PASSED ../../tests/test_outputs.py::test_two_headers
PASSED ../../tests/test_outputs.py::test_zero_amounts
PASSED ../../tests/test_outputs.py::test_other_record_types
PASSED ../../tests/test_outputs.py::test_short_header
PASSED ../../tests/test_outputs.py::test_header_date_and_part_region
PASSED ../../tests/test_outputs.py::test_blank_line_first
PASSED ../../tests/test_outputs.py::test_generated_16
PASSED ../../tests/test_outputs.py::test_supplied_production_sample
FAILED ../../tests/test_outputs.py::test_postings_memos - Failed: line 61 dif...
FAILED ../../tests/test_outputs.py::test_generated_01 - Failed: line 101 diff...
FAILED ../../tests/test_outputs.py::test_generated_02 - Failed: line 31 differs:
FAILED ../../tests/test_outputs.py::test_generated_03 - Failed: line 112 diff...
FAILED ../../tests/test_outputs.py::test_generated_04 - Failed: line 335 diff...
FAILED ../../tests/test_outputs.py::test_generated_05 - Failed: line 175 diff...
FAILED ../../tests/test_outputs.py::test_generated_06 - Failed: line 146 diff...
FAILED ../../tests/test_outputs.py::test_generated_07 - Failed: line 161 diff...
FAILED ../../tests/test_outputs.py::test_generated_08 - Failed: line 92 differs:
FAILED ../../tests/test_outputs.py::test_generated_09 - Failed: line 333 diff...
FAILED ../../tests/test_outputs.py::test_generated_10 - Failed: line 103 diff...
FAILED ../../tests/test_outputs.py::test_generated_11 - Failed: line 62 differs:
FAILED ../../tests/test_outputs.py::test_generated_12 - Failed: line 136 diff...
FAILED ../../tests/test_outputs.py::test_generated_13 - Failed: line 114 diff...
FAILED ../../tests/test_outputs.py::test_generated_14 - Failed: line 337 diff...
FAILED ../../tests/test_outputs.py::test_generated_15 - Failed: line 202 diff...
FAILED ../../tests/test_outputs.py::test_generated_17 - Failed: line 154 diff...
FAILED ../../tests/test_outputs.py::test_generated_18 - Failed: line 286 diff...
FAILED ../../tests/test_outputs.py::test_generated_19 - Failed: line 227 diff...
FAILED ../../tests/test_outputs.py::test_generated_20 - Failed: line 159 diff...
FAILED ../../tests/test_outputs.py::test_generated_21 - Failed: line 308 diff...
FAILED ../../tests/test_outputs.py::test_generated_22 - Failed: line 222 diff...
FAILED ../../tests/test_outputs.py::test_generated_23 - Failed: line 56 differs:
FAILED ../../tests/test_outputs.py::test_generated_24 - Failed: line 19 differs:
======================== 24 failed, 30 passed in 1.43s =========================
