============================= test session starts ==============================
platform linux -- Python 3.13.12, pytest-9.1.1, pluggy-1.6.0
rootdir: /tests
plugins: json-ctrf-0.5.2
collected 27 items

../../tests/test_outputs.py .F.................FFFFFFFF                  [100%]

=================================== FAILURES ===================================
________________________________ test_addresses ________________________________

    def test_addresses():
>       check("addresses")

/tests/test_outputs.py:221: 
_ _ _ _ _ _ _ _ _ _ _ _ _ _ _ _ _ _ _ _ _ _ _ _ _ _ _ _ _ _ _ _ _ _ _ _ _ _ _ _ 

family = 'addresses'

    def check(family):
        cases = [c for c in CASES if c["family"] == family]
        assert cases, f"no cases for {family}"
        # each case runs in its own fresh directories, so cases are independent and can run
        # side by side; map() keeps the corpus order, so the first failure reported is stable
        with ThreadPoolExecutor(max_workers=WORKERS) as pool:
            results = list(pool.map(lambda case: (case, run([GNU_ED], case), run(DEMOTE + CANDIDATE, case)), cases))
        failures = [(case, want, got) for case, want, got in results if got != want]
        if failures:
            case, want, got = failures[0]
            detail = (f"{len(failures)} of {len(cases)} cases differ; first: ed {case['args']!r} with "
                      f"files {[n for n, _t in case['files']]} and script {case['script']!r} on a "
                      f"{case['stdin']}: expected output {want[0]!r} (zero status: {want[1]}, files: "
                      f"{want[2]!r}), got {got[0]!r} (zero status: {got[1]}, files: {got[2]!r})")
>           raise AssertionError(detail)
E           AssertionError: 2 of 82 cases differ; first: ed ['f.txt'] with files ['f.txt'] and script '1s/a/A/\n1u\n1p\nQ\n' on a pipe: expected output b'4\n?\nA\n' (zero status: False, files: {'f.txt': b'a\nb\n'}), got b'4\na\n' (zero status: True, files: {'f.txt': b'a\nb\n'})

/tests/test_outputs.py:179: AssertionError
_______________________________ test_generated_1 _______________________________

    def test_generated_1():
>       check("generated_1")

/tests/test_outputs.py:293: 
_ _ _ _ _ _ _ _ _ _ _ _ _ _ _ _ _ _ _ _ _ _ _ _ _ _ _ _ _ _ _ _ _ _ _ _ _ _ _ _ 

family = 'generated_1'

    def check(family):
        cases = [c for c in CASES if c["family"] == family]
        assert cases, f"no cases for {family}"
        # each case runs in its own fresh directories, so cases are independent and can run
        # side by side; map() keeps the corpus order, so the first failure reported is stable
        with ThreadPoolExecutor(max_workers=WORKERS) as pool:
            results = list(pool.map(lambda case: (case, run([GNU_ED], case), run(DEMOTE + CANDIDATE, case)), cases))
        failures = [(case, want, got) for case, want, got in results if got != want]
        if failures:
            case, want, got = failures[0]
            detail = (f"{len(failures)} of {len(cases)} cases differ; first: ed {case['args']!r} with "
                      f"files {[n for n, _t in case['files']]} and script {case['script']!r} on a "
                      f"{case['stdin']}: expected output {want[0]!r} (zero status: {want[1]}, files: "
                      f"{want[2]!r}), got {got[0]!r} (zero status: {got[1]}, files: {got[2]!r})")
>           raise AssertionError(detail)
E           AssertionError: 4 of 80 cases differ; first: ed ['f.txt'] with files ['f.txt', 'other.txt'] and script '/x*y*/-1,dpn\na\nnew\n\n\n.\n1s/a/b/2g3\n//+1in\n.\n;s,*a,&&,g\n5+1,5,5\n$-m5\n4# note\n4-u\n,p\n' on a pipe: expected output b'85\n?\n?\n2\tab*c\n?\nepsilon five\n?\naaa\nab*c\n#hash\nMixed Case\nepsilon five\n\n0\nMixed Case\n#hash\nunder_score\ntab\there\n#hash\nnew\n\n?\n' (zero status: False, files: {'f.txt': b'aaa\nab*c\n#hash\nMixed Case\nepsilon five\n0\nMixed Case\n#hash\nunder_score\ntab\there\n#hash\n', 'other.txt': b'ab*c\nfoo bar foo\n  lead\ngamma three\n[-a]\na!b\nphalp\nfoo bar foo\n'}), got b'85\n?\n?\n2\tab*c\n?\nepsilon five\naaa\nab*c\n#hash\nMixed Case\nepsilon five\n0\nMixed Case\n#hash\nunder_score\ntab\there\n#hash\nnew\n\n\n?\n' (zero status: False, files: {'f.txt': b'aaa\nab*c\n#hash\nMixed Case\nepsilon five\n0\nMixed Case\n#hash\nunder_score\ntab\there\n#hash\n', 'other.txt': b'ab*c\nfoo bar foo\n  lead\ngamma three\n[-a]\na!b\nphalp\nfoo bar foo\n'})

/tests/test_outputs.py:179: AssertionError
_______________________________ test_generated_2 _______________________________

    def test_generated_2():
>       check("generated_2")

/tests/test_outputs.py:297: 
_ _ _ _ _ _ _ _ _ _ _ _ _ _ _ _ _ _ _ _ _ _ _ _ _ _ _ _ _ _ _ _ _ _ _ _ _ _ _ _ 

family = 'generated_2'

    def check(family):
        cases = [c for c in CASES if c["family"] == family]
        assert cases, f"no cases for {family}"
        # each case runs in its own fresh directories, so cases are independent and can run
        # side by side; map() keeps the corpus order, so the first failure reported is stable
        with ThreadPoolExecutor(max_workers=WORKERS) as pool:
            results = list(pool.map(lambda case: (case, run([GNU_ED], case), run(DEMOTE + CANDIDATE, case)), cases))
        failures = [(case, want, got) for case, want, got in results if got != want]
        if failures:
            case, want, got = failures[0]
            detail = (f"{len(failures)} of {len(cases)} cases differ; first: ed {case['args']!r} with "
                      f"files {[n for n, _t in case['files']]} and script {case['script']!r} on a "
                      f"{case['stdin']}: expected output {want[0]!r} (zero status: {want[1]}, files: "
                      f"{want[2]!r}), got {got[0]!r} (zero status: {got[1]}, files: {got[2]!r})")
>           raise AssertionError(detail)
E           AssertionError: 4 of 80 cases differ; first: ed ['-l', 'f.txt'] with files ['f.txt', 'other.txt'] and script '8,.,11w\tother.txt\ndn\nd\n/[[:space:]]/u\nt3-1x\n6;jp\n7;kb\n,p\n' on a pipe: expected output b'92\n?\n11\tepsilon five\n?\n?\na|b\nMixed Case\ndelta four\nabab\ntt th t\n#hash\na|b\n123\nfoo bar foo\ntab\there\nabab\n?\n' (zero status: True, files: {'f.txt': b'Mixed Case\ndelta four\nabab\ntt th t\n#hash\na|b\n123\nfoo bar foo\ntab\there\nabab\nepsilon five\n{2}\n', 'other.txt': b'beta two\nx1 y2 z3\nabab\na-b\n123\ngamma three\nfoo bar foo\n[-a]\nalpha one\n'}), got b'92\n?\n11\tepsilon five\n?\na|b\nMixed Case\ndelta four\nabab\ntt th t\n#hash\na|b\n123\nfoo bar foo\ntab\there\nabab\nepsilon five\n?\n' (zero status: True, files: {'f.txt': b'Mixed Case\ndelta four\nabab\ntt th t\n#hash\na|b\n123\nfoo bar foo\ntab\there\nabab\nepsilon five\n{2}\n', 'other.txt': b'beta two\nx1 y2 z3\nabab\na-b\n123\ngamma three\nfoo bar foo\n[-a]\nalpha one\n'})

/tests/test_outputs.py:179: AssertionError
_______________________________ test_generated_3 _______________________________

    def test_generated_3():
>       check("generated_3")

/tests/test_outputs.py:301: 
_ _ _ _ _ _ _ _ _ _ _ _ _ _ _ _ _ _ _ _ _ _ _ _ _ _ _ _ _ _ _ _ _ _ _ _ _ _ _ _ 

family = 'generated_3'

    def check(family):
        cases = [c for c in CASES if c["family"] == family]
        assert cases, f"no cases for {family}"
        # each case runs in its own fresh directories, so cases are independent and can run
        # side by side; map() keeps the corpus order, so the first failure reported is stable
        with ThreadPoolExecutor(max_workers=WORKERS) as pool:
            results = list(pool.map(lambda case: (case, run([GNU_ED], case), run(DEMOTE + CANDIDATE, case)), cases))
        failures = [(case, want, got) for case, want, got in results if got != want]
        if failures:
            case, want, got = failures[0]
            detail = (f"{len(failures)} of {len(cases)} cases differ; first: ed {case['args']!r} with "
                      f"files {[n for n, _t in case['files']]} and script {case['script']!r} on a "
                      f"{case['stdin']}: expected output {want[0]!r} (zero status: {want[1]}, files: "
                      f"{want[2]!r}), got {got[0]!r} (zero status: {got[1]}, files: {got[2]!r})")
>           raise AssertionError(detail)
E           AssertionError: 3 of 80 cases differ; first: ed ['-s'] with files ['f.txt', 'other.txt'] and script "a\n123\nab*c\na!b\n  lead\ndelta four\ntab\there\n.\ncp\na|b\n.\n4u\n'a;--i\ne.e\n.\n;ipn\n.\ns/a\\{0\\}/E\n;t$pn\n/[^a-e]/;--g.$.q\n,p\n" on a pipe: expected output b'a|b\n?\n?\n?\na|b\n6\ta|b\nEa|b\n7\tEa|b\n?\n123\nab*c\na!b\n  lead\ndelta four\nEa|b\nEa|b\n?\n' (zero status: False, files: {'f.txt': b'a|b\n#hash\nMixed Case\nab*c\naaa\nfoo bar foo\n', 'other.txt': b'aaa\ntrail  \naaa\n123\n'}), got b'a|b\n?\n?\ntab\there\n6\ttab\there\nEtab\there\n7\tEtab\there\n?\n123\nab*c\na!b\n  lead\ndelta four\nEtab\there\nEtab\there\n?\n' (zero status: False, files: {'f.txt': b'a|b\n#hash\nMixed Case\nab*c\naaa\nfoo bar foo\n', 'other.txt': b'aaa\ntrail  \naaa\n123\n'})

/tests/test_outputs.py:179: AssertionError
_______________________________ test_generated_4 _______________________________

    def test_generated_4():
>       check("generated_4")

/tests/test_outputs.py:305: 
_ _ _ _ _ _ _ _ _ _ _ _ _ _ _ _ _ _ _ _ _ _ _ _ _ _ _ _ _ _ _ _ _ _ _ _ _ _ _ _ 

family = 'generated_4'

    def check(family):
        cases = [c for c in CASES if c["family"] == family]
        assert cases, f"no cases for {family}"
        # each case runs in its own fresh directories, so cases are independent and can run
        # side by side; map() keeps the corpus order, so the first failure reported is stable
        with ThreadPoolExecutor(max_workers=WORKERS) as pool:
            results = list(pool.map(lambda case: (case, run([GNU_ED], case), run(DEMOTE + CANDIDATE, case)), cases))
        failures = [(case, want, got) for case, want, got in results if got != want]
        if failures:
            case, want, got = failures[0]
            detail = (f"{len(failures)} of {len(cases)} cases differ; first: ed {case['args']!r} with "
                      f"files {[n for n, _t in case['files']]} and script {case['script']!r} on a "
                      f"{case['stdin']}: expected output {want[0]!r} (zero status: {want[1]}, files: "
                      f"{want[2]!r}), got {got[0]!r} (zero status: {got[1]}, files: {got[2]!r})")
>           raise AssertionError(detail)
E           AssertionError: 3 of 80 cases differ; first: ed ['-E'] with files ['f.txt', 'other.txt'] and script "a\na.b\n\n\nbeta two\na!b\n  lead\nabab\n.\n-2,dnp\n.u\n$-1;??+a\n\n..\n.\n,px\n,s|a{0}|\\n|3g\n /a^b/+ , ++ jpn\n+2;ka\n'b,+s,e.e,a\\\nb,I\nup\n,p\n" on a pipe: expected output b'5\t  lead\n?\n?\nabab\n?\nabab\n?\n?\n?\n?\n?\n?\nabab\na.b\n\n\nbeta two\na!b\n  lead\nabab\n?\n' (zero status: False, files: {'f.txt': b'a-b\n  lead\ntt th t\nepsilon five\ndelta four\nx1 y2 z3\ntab\there\nphalp\ndelta four\na|b\n', 'other.txt': b'foo bar foo\na!b\na-b\ntrail  \na.b\ntab\there\nMixed Case\n0\nphalp\nfoo bar foo\nepsilon five\n#hash\n'}), got b'5\t  lead\n?\nabab\n?\nabab\n?\n?\n?\n?\n?\n?\n  lead\na.b\n\n\nbeta two\n  lead\nabab\n?\n' (zero status: False, files: {'f.txt': b'a-b\n  lead\ntt th t\nepsilon five\ndelta four\nx1 y2 z3\ntab\there\nphalp\ndelta four\na|b\n', 'other.txt': b'foo bar foo\na!b\na-b\ntrail  \na.b\ntab\there\nMixed Case\n0\nphalp\nfoo bar foo\nepsilon five\n#hash\n'})

/tests/test_outputs.py:179: AssertionError
_______________________________ test_generated_5 _______________________________

    def test_generated_5():
>       check("generated_5")

/tests/test_outputs.py:309: 
_ _ _ _ _ _ _ _ _ _ _ _ _ _ _ _ _ _ _ _ _ _ _ _ _ _ _ _ _ _ _ _ _ _ _ _ _ _ _ _ 

family = 'generated_5'

    def check(family):
        cases = [c for c in CASES if c["family"] == family]
        assert cases, f"no cases for {family}"
        # each case runs in its own fresh directories, so cases are independent and can run
        # side by side; map() keeps the corpus order, so the first failure reported is stable
        with ThreadPoolExecutor(max_workers=WORKERS) as pool:
            results = list(pool.map(lambda case: (case, run([GNU_ED], case), run(DEMOTE + CANDIDATE, case)), cases))
        failures = [(case, want, got) for case, want, got in results if got != want]
        if failures:
            case, want, got = failures[0]
            detail = (f"{len(failures)} of {len(cases)} cases differ; first: ed {case['args']!r} with "
                      f"files {[n for n, _t in case['files']]} and script {case['script']!r} on a "
                      f"{case['stdin']}: expected output {want[0]!r} (zero status: {want[1]}, files: "
                      f"{want[2]!r}), got {got[0]!r} (zero status: {got[1]}, files: {got[2]!r})")
>           raise AssertionError(detail)
E           AssertionError: 6 of 80 cases differ; first: ed ['f.txt', '-s'] with files ['f.txt', 'other.txt'] and script "g;o\\{0,1\\};s//X/g\n'a;d\n1u\nu1\n,p\n" on a pipe: expected output b'?\n?\n?\n?\nX\na|b\nalpha one\nphalp\nback\\slash\n#hash\nabab\naaa\nx1 y2 z3\nphalp\n?\n' (zero status: False, files: {'f.txt': b'\na|b\nalpha one\nphalp\nback\\slash\n#hash\nabab\naaa\nx1 y2 z3\nphalp\n', 'other.txt': b'{2}\n[-a]\nfoo bar foo\n'}), got b'?\n?\n?\n\na|b\nalpha one\nphalp\nback\\slash\n#hash\nabab\naaa\nx1 y2 z3\nphalp\n' (zero status: False, files: {'f.txt': b'\na|b\nalpha one\nphalp\nback\\slash\n#hash\nabab\naaa\nx1 y2 z3\nphalp\n', 'other.txt': b'{2}\n[-a]\nfoo bar foo\n'})

/tests/test_outputs.py:179: AssertionError
_______________________________ test_generated_6 _______________________________

    def test_generated_6():
>       check("generated_6")

/tests/test_outputs.py:313: 
_ _ _ _ _ _ _ _ _ _ _ _ _ _ _ _ _ _ _ _ _ _ _ _ _ _ _ _ _ _ _ _ _ _ _ _ _ _ _ _ 

family = 'generated_6'

    def check(family):
        cases = [c for c in CASES if c["family"] == family]
        assert cases, f"no cases for {family}"
        # each case runs in its own fresh directories, so cases are independent and can run
        # side by side; map() keeps the corpus order, so the first failure reported is stable
        with ThreadPoolExecutor(max_workers=WORKERS) as pool:
            results = list(pool.map(lambda case: (case, run([GNU_ED], case), run(DEMOTE + CANDIDATE, case)), cases))
        failures = [(case, want, got) for case, want, got in results if got != want]
        if failures:
            case, want, got = failures[0]
            detail = (f"{len(failures)} of {len(cases)} cases differ; first: ed {case['args']!r} with "
                      f"files {[n for n, _t in case['files']]} and script {case['script']!r} on a "
                      f"{case['stdin']}: expected output {want[0]!r} (zero status: {want[1]}, files: "
                      f"{want[2]!r}), got {got[0]!r} (zero status: {got[1]}, files: {got[2]!r})")
>           raise AssertionError(detail)
E           AssertionError: 5 of 80 cases differ; first: ed ['-l', 'new.txt'] with files ['f.txt', 'other.txt'] and script "a\n[-a]\nunder_score\ngamma three\n.\n3u\n# note\n;\nE\n,$s;$;&&\n'as,^,\\n,\n3v,$,u\n $ , .+1 s/e/&&/q\n.-1g#\\(.\\)\\1#s/e/E/\n,p\n" on a pipe: expected output b'?\ngamma three\n?\n?\n?\n?\n?\n?\n?\n' (zero status: True, files: {'f.txt': b'under_score\ngamma three\n[-a]\nab*c\na|b\n', 'other.txt': b'a!b\n[-a]\nphalp\ntrail  \n\n123\n#hash\n{2}\na!b\nalpha one\ngamma three\n'}), got b'?\n?\n?\n?\n?\n?\n?\n?\n' (zero status: True, files: {'f.txt': b'under_score\ngamma three\n[-a]\nab*c\na|b\n', 'other.txt': b'a!b\n[-a]\nphalp\ntrail  \n\n123\n#hash\n{2}\na!b\nalpha one\ngamma three\n'})

/tests/test_outputs.py:179: AssertionError
_______________________________ test_generated_7 _______________________________

    def test_generated_7():
>       check("generated_7")

/tests/test_outputs.py:317: 
_ _ _ _ _ _ _ _ _ _ _ _ _ _ _ _ _ _ _ _ _ _ _ _ _ _ _ _ _ _ _ _ _ _ _ _ _ _ _ _ 

family = 'generated_7'

    def check(family):
        cases = [c for c in CASES if c["family"] == family]
        assert cases, f"no cases for {family}"
        # each case runs in its own fresh directories, so cases are independent and can run
        # side by side; map() keeps the corpus order, so the first failure reported is stable
        with ThreadPoolExecutor(max_workers=WORKERS) as pool:
            results = list(pool.map(lambda case: (case, run([GNU_ED], case), run(DEMOTE + CANDIDATE, case)), cases))
        failures = [(case, want, got) for case, want, got in results if got != want]
        if failures:
            case, want, got = failures[0]
            detail = (f"{len(failures)} of {len(cases)} cases differ; first: ed {case['args']!r} with "
                      f"files {[n for n, _t in case['files']]} and script {case['script']!r} on a "
                      f"{case['stdin']}: expected output {want[0]!r} (zero status: {want[1]}, files: "
                      f"{want[2]!r}), got {got[0]!r} (zero status: {got[1]}, files: {got[2]!r})")
>           raise AssertionError(detail)
E           AssertionError: 1 of 80 cases differ; first: ed ['-s', '-l'] with files ['f.txt', 'other.txt'] and script 'a\nphalp\na!b\n123\nMixed Case\n.\n3u\n,$\nu1\nup\n,-2c\nq y\n.\n/[[:space:]]/u\n1v.*a.s//X/g\n1s/a/b/2g3\ns;a\\{2\\};E;\n,p\n' on a pipe: expected output b'?\nMixed Case\n?\n?\n?\n?\n?\n?\n?\n?\n?\n?\n' (zero status: True, files: {'f.txt': b'foo bar foo\naaa\nphalp\n123\n', 'other.txt': b'tt th t\n{2}\na|b\na.b\ndelta four\n#hash\ntt th t\n/slash/\n#hash\n[-a]\na|b\n  lead\na!b\n'}), got b'?\n?\nMixed Case\n?\n?\nphalp\na!b\n123\nMixed Case\n?\n' (zero status: True, files: {'f.txt': b'foo bar foo\naaa\nphalp\n123\n', 'other.txt': b'tt th t\n{2}\na|b\na.b\ndelta four\n#hash\ntt th t\n/slash/\n#hash\n[-a]\na|b\n  lead\na!b\n'})

/tests/test_outputs.py:179: AssertionError
_______________________________ test_generated_8 _______________________________

    def test_generated_8():
>       check("generated_8")

/tests/test_outputs.py:321: 
_ _ _ _ _ _ _ _ _ _ _ _ _ _ _ _ _ _ _ _ _ _ _ _ _ _ _ _ _ _ _ _ _ _ _ _ _ _ _ _ 

family = 'generated_8'

    def check(family):
        cases = [c for c in CASES if c["family"] == family]
        assert cases, f"no cases for {family}"
        # each case runs in its own fresh directories, so cases are independent and can run
        # side by side; map() keeps the corpus order, so the first failure reported is stable
        with ThreadPoolExecutor(max_workers=WORKERS) as pool:
            results = list(pool.map(lambda case: (case, run([GNU_ED], case), run(DEMOTE + CANDIDATE, case)), cases))
        failures = [(case, want, got) for case, want, got in results if got != want]
        if failures:
            case, want, got = failures[0]
            detail = (f"{len(failures)} of {len(cases)} cases differ; first: ed {case['args']!r} with "
                      f"files {[n for n, _t in case['files']]} and script {case['script']!r} on a "
                      f"{case['stdin']}: expected output {want[0]!r} (zero status: {want[1]}, files: "
                      f"{want[2]!r}), got {got[0]!r} (zero status: {got[1]}, files: {got[2]!r})")
>           raise AssertionError(detail)
E           AssertionError: 1 of 80 cases differ; first: ed ['-s', '-l', 'new.txt'] with files ['f.txt', 'other.txt'] and script 'a\nepsilon five\nab*c\nunder_score\n.\n2-1u\n--v/e/w out.txt\n;s/!/&&/gI\nw\n' on a pipe: expected output b'?\n?\n' (zero status: True, files: {'f.txt': b'phalp\nepsilon five\na.b\n[-a]\nx1 y2 z3\n', 'new.txt': b'epsilon five\nab*c\nunder_score\n', 'other.txt': b'{2}\ngamma three\na.b\nabab\n{2}\na-b\nepsilon five\nfoo bar foo\ntab\there\nunder_score\ntt th t\ntrail  \n'}), got b'?\n?\n' (zero status: True, files: {'f.txt': b'phalp\nepsilon five\na.b\n[-a]\nx1 y2 z3\n', 'new.txt': b'', 'other.txt': b'{2}\ngamma three\na.b\nabab\n{2}\na-b\nepsilon five\nfoo bar foo\ntab\there\nunder_score\ntt th t\ntrail  \n'})

/tests/test_outputs.py:179: AssertionError
==================================== PASSES ====================================
=========================== short test summary info ============================
PASSED ../../tests/test_outputs.py::test_launcher_stops_delegation_and_foreign_code
PASSED ../../tests/test_outputs.py::test_append_insert_change
PASSED ../../tests/test_outputs.py::test_delete_join_move_copy
PASSED ../../tests/test_outputs.py::test_substitute
PASSED ../../tests/test_outputs.py::test_global_commands
PASSED ../../tests/test_outputs.py::test_undo
PASSED ../../tests/test_outputs.py::test_print_list_number
PASSED ../../tests/test_outputs.py::test_regex
PASSED ../../tests/test_outputs.py::test_regex_extended
PASSED ../../tests/test_outputs.py::test_files_and_write
PASSED ../../tests/test_outputs.py::test_errors_and_exit
PASSED ../../tests/test_outputs.py::test_options
PASSED ../../tests/test_outputs.py::test_mixed_scripts_1
PASSED ../../tests/test_outputs.py::test_mixed_scripts_2
PASSED ../../tests/test_outputs.py::test_mixed_scripts_3
PASSED ../../tests/test_outputs.py::test_mixed_scripts_4
PASSED ../../tests/test_outputs.py::test_mixed_scripts_5
PASSED ../../tests/test_outputs.py::test_mixed_scripts_6
FAILED ../../tests/test_outputs.py::test_addresses - AssertionError: 2 of 82 ...
FAILED ../../tests/test_outputs.py::test_generated_1 - AssertionError: 4 of 8...
FAILED ../../tests/test_outputs.py::test_generated_2 - AssertionError: 4 of 8...
FAILED ../../tests/test_outputs.py::test_generated_3 - AssertionError: 3 of 8...
FAILED ../../tests/test_outputs.py::test_generated_4 - AssertionError: 3 of 8...
FAILED ../../tests/test_outputs.py::test_generated_5 - AssertionError: 6 of 8...
FAILED ../../tests/test_outputs.py::test_generated_6 - AssertionError: 5 of 8...
FAILED ../../tests/test_outputs.py::test_generated_7 - AssertionError: 1 of 8...
FAILED ../../tests/test_outputs.py::test_generated_8 - AssertionError: 1 of 8...
======================== 9 failed, 18 passed in 45.02s =========================
