============================= test session starts ==============================
platform linux -- Python 3.13.12, pytest-9.1.1, pluggy-1.6.0
rootdir: /tests
plugins: json-ctrf-0.5.2
collected 27 items

../../tests/test_outputs.py ...........F.FF.FFFFFFFFFFF                  [100%]

=================================== FAILURES ===================================
_____________________________ test_errors_and_exit _____________________________

    def test_errors_and_exit():
>       check("errors_and_exit")

/tests/test_outputs.py:261: 
_ _ _ _ _ _ _ _ _ _ _ _ _ _ _ _ _ _ _ _ _ _ _ _ _ _ _ _ _ _ _ _ _ _ _ _ _ _ _ _ 

family = 'errors_and_exit'

    def check(family):
        cases = [c for c in CASES if c["family"] == family]
        assert cases, f"no cases for {family}"
        # each case runs in its own fresh directories, so cases are independent and can run
        # side by side; map() keeps the corpus order, so the first failure reported is stable
        with ThreadPoolExecutor(max_workers=WORKERS) as pool:
            results = list(pool.map(lambda case: (case, run([GNU_ED], case), run(DEMOTE + CANDIDATE, case)), cases))
        failures = [(case, want, got) for case, want, got in results if got != want]
        if failures:
            case, want, got = failures[0]
            detail = (f"{len(failures)} of {len(cases)} cases differ; first: ed {case['args']!r} with "
                      f"files {[n for n, _t in case['files']]} and script {case['script']!r} on a "
                      f"{case['stdin']}: expected output {want[0]!r} (zero status: {want[1]}, files: "
                      f"{want[2]!r}), got {got[0]!r} (zero status: {got[1]}, files: {got[2]!r})")
>           raise AssertionError(detail)
E           AssertionError: 2 of 30 cases differ; first: ed ['-s', '-l', 'f.txt'] with files ['f.txt'] and script 's/zzz/y/\n,p\n' on a file: expected output b'?\n' (zero status: True, files: {'f.txt': b'alpha one\nbeta two\ngamma three\ndelta four\nepsilon five\nzeta six\neta seven\ntheta eight\niota nine\nkappa ten\n'}), got b'?\n' (zero status: False, files: {'f.txt': b'alpha one\nbeta two\ngamma three\ndelta four\nepsilon five\nzeta six\neta seven\ntheta eight\niota nine\nkappa ten\n'})

/tests/test_outputs.py:179: AssertionError
_____________________________ test_mixed_scripts_1 _____________________________

    def test_mixed_scripts_1():
>       check("mixed_scripts_1")

/tests/test_outputs.py:269: 
_ _ _ _ _ _ _ _ _ _ _ _ _ _ _ _ _ _ _ _ _ _ _ _ _ _ _ _ _ _ _ _ _ _ _ _ _ _ _ _ 

family = 'mixed_scripts_1'

    def check(family):
        cases = [c for c in CASES if c["family"] == family]
        assert cases, f"no cases for {family}"
        # each case runs in its own fresh directories, so cases are independent and can run
        # side by side; map() keeps the corpus order, so the first failure reported is stable
        with ThreadPoolExecutor(max_workers=WORKERS) as pool:
            results = list(pool.map(lambda case: (case, run([GNU_ED], case), run(DEMOTE + CANDIDATE, case)), cases))
        failures = [(case, want, got) for case, want, got in results if got != want]
        if failures:
            case, want, got = failures[0]
            detail = (f"{len(failures)} of {len(cases)} cases differ; first: ed {case['args']!r} with "
                      f"files {[n for n, _t in case['files']]} and script {case['script']!r} on a "
                      f"{case['stdin']}: expected output {want[0]!r} (zero status: {want[1]}, files: "
                      f"{want[2]!r}), got {got[0]!r} (zero status: {got[1]}, files: {got[2]!r})")
>           raise AssertionError(detail)
E           AssertionError: 2 of 19 cases differ; first: ed ['-s', '-l', 'f.txt'] with files ['f.txt', 'other.txt'] and script '.a\ne.e\nalpha\n.\npn\n?a?j\n,n\n' on a file: expected output b'12\talpha\n1\talpha one\n2\tbeta two\n3\tgamma three\n4\tdelta four\n5\tepsilon five\n6\tzeta six\n7\teta seven\n8\ttheta eight\n9\tiota nine\n10\tkappa ten\n11\te.e\n12\talpha\n?\n' (zero status: True, files: {'f.txt': b'alpha one\nbeta two\ngamma three\ndelta four\nepsilon five\nzeta six\neta seven\ntheta eight\niota nine\nkappa ten\n', 'other.txt': b'o1\no2\n'}), got b'12\talpha\n1\talpha one\n2\tbeta two\n3\tgamma three\n4\tdelta four\n5\tepsilon five\n6\tzeta six\n7\teta seven\n8\ttheta eight\n9\tiota nine\n10\tkappa ten\n11\te.e\n12\talpha\n?\n' (zero status: False, files: {'f.txt': b'alpha one\nbeta two\ngamma three\ndelta four\nepsilon five\nzeta six\neta seven\ntheta eight\niota nine\nkappa ten\n', 'other.txt': b'o1\no2\n'})

/tests/test_outputs.py:179: AssertionError
_____________________________ test_mixed_scripts_2 _____________________________

    def test_mixed_scripts_2():
>       check("mixed_scripts_2")

/tests/test_outputs.py:273: 
_ _ _ _ _ _ _ _ _ _ _ _ _ _ _ _ _ _ _ _ _ _ _ _ _ _ _ _ _ _ _ _ _ _ _ _ _ _ _ _ 

family = 'mixed_scripts_2'

    def check(family):
        cases = [c for c in CASES if c["family"] == family]
        assert cases, f"no cases for {family}"
        # each case runs in its own fresh directories, so cases are independent and can run
        # side by side; map() keeps the corpus order, so the first failure reported is stable
        with ThreadPoolExecutor(max_workers=WORKERS) as pool:
            results = list(pool.map(lambda case: (case, run([GNU_ED], case), run(DEMOTE + CANDIDATE, case)), cases))
        failures = [(case, want, got) for case, want, got in results if got != want]
        if failures:
            case, want, got = failures[0]
            detail = (f"{len(failures)} of {len(cases)} cases differ; first: ed {case['args']!r} with "
                      f"files {[n for n, _t in case['files']]} and script {case['script']!r} on a "
                      f"{case['stdin']}: expected output {want[0]!r} (zero status: {want[1]}, files: "
                      f"{want[2]!r}), got {got[0]!r} (zero status: {got[1]}, files: {got[2]!r})")
>           raise AssertionError(detail)
E           AssertionError: 1 of 16 cases differ; first: ed ['-s', '-l', 'f.txt'] with files ['f.txt', 'other.txt'] and script 'd\n/t/=\n-,//-1=\n\n,n\n' on a file: expected output b'2\n1\n?\n' (zero status: True, files: {'f.txt': b'alpha one\nbeta two\ngamma three\ndelta four\nepsilon five\nzeta six\neta seven\ntheta eight\niota nine\nkappa ten\n', 'other.txt': b'o1\no2\n'}), got b'2\n1\n?\n' (zero status: False, files: {'f.txt': b'alpha one\nbeta two\ngamma three\ndelta four\nepsilon five\nzeta six\neta seven\ntheta eight\niota nine\nkappa ten\n', 'other.txt': b'o1\no2\n'})

/tests/test_outputs.py:179: AssertionError
_____________________________ test_mixed_scripts_4 _____________________________

    def test_mixed_scripts_4():
>       check("mixed_scripts_4")

/tests/test_outputs.py:281: 
_ _ _ _ _ _ _ _ _ _ _ _ _ _ _ _ _ _ _ _ _ _ _ _ _ _ _ _ _ _ _ _ _ _ _ _ _ _ _ _ 

family = 'mixed_scripts_4'

    def check(family):
        cases = [c for c in CASES if c["family"] == family]
        assert cases, f"no cases for {family}"
        # each case runs in its own fresh directories, so cases are independent and can run
        # side by side; map() keeps the corpus order, so the first failure reported is stable
        with ThreadPoolExecutor(max_workers=WORKERS) as pool:
            results = list(pool.map(lambda case: (case, run([GNU_ED], case), run(DEMOTE + CANDIDATE, case)), cases))
        failures = [(case, want, got) for case, want, got in results if got != want]
        if failures:
            case, want, got = failures[0]
            detail = (f"{len(failures)} of {len(cases)} cases differ; first: ed {case['args']!r} with "
                      f"files {[n for n, _t in case['files']]} and script {case['script']!r} on a "
                      f"{case['stdin']}: expected output {want[0]!r} (zero status: {want[1]}, files: "
                      f"{want[2]!r}), got {got[0]!r} (zero status: {got[1]}, files: {got[2]!r})")
>           raise AssertionError(detail)
E           AssertionError: 1 of 21 cases differ; first: ed ['-s', '-l', 'f.txt'] with files ['f.txt', 'other.txt'] and script "5++,.r other.txt\n,$=\n/o\\|a/+;$=\n+,/o\\|a/r other.txt\n/nomatch/-,//n\n?a?,-n\n/o\\|a/-1;3-2\n\n,'aw \n,n\n" on a file: expected output b'12\n12\n?\n' (zero status: True, files: {'f.txt': b'alpha one\nbeta two\ngamma three\ndelta four\nepsilon five\nzeta six\neta seven\ntheta eight\niota nine\nkappa ten\n', 'other.txt': b'o1\no2\n'}), got b'12\n12\n?\n' (zero status: False, files: {'f.txt': b'alpha one\nbeta two\ngamma three\ndelta four\nepsilon five\nzeta six\neta seven\ntheta eight\niota nine\nkappa ten\n', 'other.txt': b'o1\no2\n'})

/tests/test_outputs.py:179: AssertionError
_____________________________ test_mixed_scripts_5 _____________________________

    def test_mixed_scripts_5():
>       check("mixed_scripts_5")

/tests/test_outputs.py:285: 
_ _ _ _ _ _ _ _ _ _ _ _ _ _ _ _ _ _ _ _ _ _ _ _ _ _ _ _ _ _ _ _ _ _ _ _ _ _ _ _ 

family = 'mixed_scripts_5'

    def check(family):
        cases = [c for c in CASES if c["family"] == family]
        assert cases, f"no cases for {family}"
        # each case runs in its own fresh directories, so cases are independent and can run
        # side by side; map() keeps the corpus order, so the first failure reported is stable
        with ThreadPoolExecutor(max_workers=WORKERS) as pool:
            results = list(pool.map(lambda case: (case, run([GNU_ED], case), run(DEMOTE + CANDIDATE, case)), cases))
        failures = [(case, want, got) for case, want, got in results if got != want]
        if failures:
            case, want, got = failures[0]
            detail = (f"{len(failures)} of {len(cases)} cases differ; first: ed {case['args']!r} with "
                      f"files {[n for n, _t in case['files']]} and script {case['script']!r} on a "
                      f"{case['stdin']}: expected output {want[0]!r} (zero status: {want[1]}, files: "
                      f"{want[2]!r}), got {got[0]!r} (zero status: {got[1]}, files: {got[2]!r})")
>           raise AssertionError(detail)
E           AssertionError: 2 of 17 cases differ; first: ed ['-s', '-l', 'f.txt'] with files ['f.txt', 'other.txt'] and script "/t/;+-2\n/t/+=\n//,'ap\n,n\n" on a file: expected output b'alpha one\n3\n?\n' (zero status: True, files: {'f.txt': b'alpha one\nbeta two\ngamma three\ndelta four\nepsilon five\nzeta six\neta seven\ntheta eight\niota nine\nkappa ten\n', 'other.txt': b'o1\no2\n'}), got b'alpha one\n3\n?\n' (zero status: False, files: {'f.txt': b'alpha one\nbeta two\ngamma three\ndelta four\nepsilon five\nzeta six\neta seven\ntheta eight\niota nine\nkappa ten\n', 'other.txt': b'o1\no2\n'})

/tests/test_outputs.py:179: AssertionError
_____________________________ test_mixed_scripts_6 _____________________________

    def test_mixed_scripts_6():
>       check("mixed_scripts_6")

/tests/test_outputs.py:289: 
_ _ _ _ _ _ _ _ _ _ _ _ _ _ _ _ _ _ _ _ _ _ _ _ _ _ _ _ _ _ _ _ _ _ _ _ _ _ _ _ 

family = 'mixed_scripts_6'

    def check(family):
        cases = [c for c in CASES if c["family"] == family]
        assert cases, f"no cases for {family}"
        # each case runs in its own fresh directories, so cases are independent and can run
        # side by side; map() keeps the corpus order, so the first failure reported is stable
        with ThreadPoolExecutor(max_workers=WORKERS) as pool:
            results = list(pool.map(lambda case: (case, run([GNU_ED], case), run(DEMOTE + CANDIDATE, case)), cases))
        failures = [(case, want, got) for case, want, got in results if got != want]
        if failures:
            case, want, got = failures[0]
            detail = (f"{len(failures)} of {len(cases)} cases differ; first: ed {case['args']!r} with "
                      f"files {[n for n, _t in case['files']]} and script {case['script']!r} on a "
                      f"{case['stdin']}: expected output {want[0]!r} (zero status: {want[1]}, files: "
                      f"{want[2]!r}), got {got[0]!r} (zero status: {got[1]}, files: {got[2]!r})")
>           raise AssertionError(detail)
E           AssertionError: 1 of 11 cases differ; first: ed ['-s', '-l', 'f.txt'] with files ['f.txt', 'other.txt'] and script '/e/;5-1t?a?\n.,ka\n4i\nnew\nalpha\n.\n,n\n' on a file: expected output b'1\talpha one\n2\tbeta two\n3\tgamma three\n4\tnew\n5\talpha\n6\tdelta four\n7\tepsilon five\n8\tzeta six\n9\teta seven\n10\ttheta eight\n11\tiota nine\n12\tkappa ten\n13\talpha one\n14\tbeta two\n15\tgamma three\n16\tdelta four\n?\n' (zero status: True, files: {'f.txt': b'alpha one\nbeta two\ngamma three\ndelta four\nepsilon five\nzeta six\neta seven\ntheta eight\niota nine\nkappa ten\n', 'other.txt': b'o1\no2\n'}), got b'1\talpha one\n2\tbeta two\n3\tgamma three\n4\tnew\n5\talpha\n6\tdelta four\n7\tepsilon five\n8\tzeta six\n9\teta seven\n10\ttheta eight\n11\tiota nine\n12\tkappa ten\n13\talpha one\n14\tbeta two\n15\tgamma three\n16\tdelta four\n?\n' (zero status: False, files: {'f.txt': b'alpha one\nbeta two\ngamma three\ndelta four\nepsilon five\nzeta six\neta seven\ntheta eight\niota nine\nkappa ten\n', 'other.txt': b'o1\no2\n'})

/tests/test_outputs.py:179: AssertionError
_______________________________ test_generated_1 _______________________________

    def test_generated_1():
>       check("generated_1")

/tests/test_outputs.py:293: 
_ _ _ _ _ _ _ _ _ _ _ _ _ _ _ _ _ _ _ _ _ _ _ _ _ _ _ _ _ _ _ _ _ _ _ _ _ _ _ _ 

family = 'generated_1'

    def check(family):
        cases = [c for c in CASES if c["family"] == family]
        assert cases, f"no cases for {family}"
        # each case runs in its own fresh directories, so cases are independent and can run
        # side by side; map() keeps the corpus order, so the first failure reported is stable
        with ThreadPoolExecutor(max_workers=WORKERS) as pool:
            results = list(pool.map(lambda case: (case, run([GNU_ED], case), run(DEMOTE + CANDIDATE, case)), cases))
        failures = [(case, want, got) for case, want, got in results if got != want]
        if failures:
            case, want, got = failures[0]
            detail = (f"{len(failures)} of {len(cases)} cases differ; first: ed {case['args']!r} with "
                      f"files {[n for n, _t in case['files']]} and script {case['script']!r} on a "
                      f"{case['stdin']}: expected output {want[0]!r} (zero status: {want[1]}, files: "
                      f"{want[2]!r}), got {got[0]!r} (zero status: {got[1]}, files: {got[2]!r})")
>           raise AssertionError(detail)
E           AssertionError: 11 of 80 cases differ; first: ed ['-s', '-l', 'f.txt'] with files ['f.txt', 'other.txt'] and script "'a-1,sgp\n -2 , ?? dx\n5-1dp\nunp\n4-n\nu\nw\n" on a file: expected output b'?\n' (zero status: True, files: {'f.txt': b'foo bar foo\nback\\slash\nx1 y2 z3\na-b\na-b\nab*c\ngamma three\na.b\n0\nMixed Case\ngamma three\n\ntt th t\n', 'other.txt': b'delta four\n{2}\nab*c\ntab\there\ntab\there\n123\nphalp\n/slash/\nback\\slash\na|b\na.b\ntab\there\ntrail  \n'}), got b'?\n' (zero status: False, files: {'f.txt': b'foo bar foo\nback\\slash\nx1 y2 z3\na-b\na-b\nab*c\ngamma three\na.b\n0\nMixed Case\ngamma three\n\ntt th t\n', 'other.txt': b'delta four\n{2}\nab*c\ntab\there\ntab\there\n123\nphalp\n/slash/\nback\\slash\na|b\na.b\ntab\there\ntrail  \n'})

/tests/test_outputs.py:179: AssertionError
_______________________________ test_generated_2 _______________________________

    def test_generated_2():
>       check("generated_2")

/tests/test_outputs.py:297: 
_ _ _ _ _ _ _ _ _ _ _ _ _ _ _ _ _ _ _ _ _ _ _ _ _ _ _ _ _ _ _ _ _ _ _ _ _ _ _ _ 

family = 'generated_2'

    def check(family):
        cases = [c for c in CASES if c["family"] == family]
        assert cases, f"no cases for {family}"
        # each case runs in its own fresh directories, so cases are independent and can run
        # side by side; map() keeps the corpus order, so the first failure reported is stable
        with ThreadPoolExecutor(max_workers=WORKERS) as pool:
            results = list(pool.map(lambda case: (case, run([GNU_ED], case), run(DEMOTE + CANDIDATE, case)), cases))
        failures = [(case, want, got) for case, want, got in results if got != want]
        if failures:
            case, want, got = failures[0]
            detail = (f"{len(failures)} of {len(cases)} cases differ; first: ed {case['args']!r} with "
                      f"files {[n for n, _t in case['files']]} and script {case['script']!r} on a "
                      f"{case['stdin']}: expected output {want[0]!r} (zero status: {want[1]}, files: "
                      f"{want[2]!r}), got {got[0]!r} (zero status: {got[1]}, files: {got[2]!r})")
>           raise AssertionError(detail)
E           AssertionError: 4 of 80 cases differ; first: ed ['f.txt', '-sl'] with files ['f.txt', 'other.txt'] and script 'dpn\n;dp\n3t$\n;sg\n,n\n' on a file: expected output b'3\tback\\slash\nepsilon five\n?\n' (zero status: True, files: {'f.txt': b'delta four\nepsilon five\nback\\slash\na.b\n', 'other.txt': b'a|b\nalpha one\n  lead\ntab\there\nab*c\n{2}\n'}), got b'3\tback\\slash\nepsilon five\n?\n' (zero status: False, files: {'f.txt': b'delta four\nepsilon five\nback\\slash\na.b\n', 'other.txt': b'a|b\nalpha one\n  lead\ntab\there\nab*c\n{2}\n'})

/tests/test_outputs.py:179: AssertionError
_______________________________ test_generated_3 _______________________________

    def test_generated_3():
>       check("generated_3")

/tests/test_outputs.py:301: 
_ _ _ _ _ _ _ _ _ _ _ _ _ _ _ _ _ _ _ _ _ _ _ _ _ _ _ _ _ _ _ _ _ _ _ _ _ _ _ _ 

family = 'generated_3'

    def check(family):
        cases = [c for c in CASES if c["family"] == family]
        assert cases, f"no cases for {family}"
        # each case runs in its own fresh directories, so cases are independent and can run
        # side by side; map() keeps the corpus order, so the first failure reported is stable
        with ThreadPoolExecutor(max_workers=WORKERS) as pool:
            results = list(pool.map(lambda case: (case, run([GNU_ED], case), run(DEMOTE + CANDIDATE, case)), cases))
        failures = [(case, want, got) for case, want, got in results if got != want]
        if failures:
            case, want, got = failures[0]
            detail = (f"{len(failures)} of {len(cases)} cases differ; first: ed {case['args']!r} with "
                      f"files {[n for n, _t in case['files']]} and script {case['script']!r} on a "
                      f"{case['stdin']}: expected output {want[0]!r} (zero status: {want[1]}, files: "
                      f"{want[2]!r}), got {got[0]!r} (zero status: {got[1]}, files: {got[2]!r})")
>           raise AssertionError(detail)
E           AssertionError: 9 of 80 cases differ; first: ed ['-lsE'] with files ['f.txt', 'other.txt'] and script "a\nbeta two\nback\\slash\ntt th t\nbeta two\n0\n.\nemissing.txt\nap\n.\n'akb\n=\n??,.+1s,a^b,a\\\nb\n++;1ap\n..\n.\n4+sgp\nQ\n" on a file: expected output b'?\n' (zero status: True, files: {'f.txt': b'\naaa\naaa\nphalp\ntt th t\nback\\slash\ndelta four\nab*c\nback\\slash\ndelta four\nfoo bar foo\n\nx1 y2 z3\n{2}\n', 'other.txt': b'alpha one\n{2}\n'}), got b'?\n' (zero status: False, files: {'f.txt': b'\naaa\naaa\nphalp\ntt th t\nback\\slash\ndelta four\nab*c\nback\\slash\ndelta four\nfoo bar foo\n\nx1 y2 z3\n{2}\n', 'other.txt': b'alpha one\n{2}\n'})

/tests/test_outputs.py:179: AssertionError
_______________________________ test_generated_4 _______________________________

    def test_generated_4():
>       check("generated_4")

/tests/test_outputs.py:305: 
_ _ _ _ _ _ _ _ _ _ _ _ _ _ _ _ _ _ _ _ _ _ _ _ _ _ _ _ _ _ _ _ _ _ _ _ _ _ _ _ 

family = 'generated_4'

    def check(family):
        cases = [c for c in CASES if c["family"] == family]
        assert cases, f"no cases for {family}"
        # each case runs in its own fresh directories, so cases are independent and can run
        # side by side; map() keeps the corpus order, so the first failure reported is stable
        with ThreadPoolExecutor(max_workers=WORKERS) as pool:
            results = list(pool.map(lambda case: (case, run([GNU_ED], case), run(DEMOTE + CANDIDATE, case)), cases))
        failures = [(case, want, got) for case, want, got in results if got != want]
        if failures:
            case, want, got = failures[0]
            detail = (f"{len(failures)} of {len(cases)} cases differ; first: ed {case['args']!r} with "
                      f"files {[n for n, _t in case['files']]} and script {case['script']!r} on a "
                      f"{case['stdin']}: expected output {want[0]!r} (zero status: {want[1]}, files: "
                      f"{want[2]!r}), got {got[0]!r} (zero status: {got[1]}, files: {got[2]!r})")
>           raise AssertionError(detail)
E           AssertionError: 12 of 80 cases differ; first: ed ['-s', '-l', 'f.txt'] with files ['f.txt', 'other.txt'] and script '?a?+1;s\n.,a\n.\n$-1,11,.an\nbeta\ne.e\n\n.\nipn\n .\n.\n3;$kb\n5g;\\(\\);s/a/A/\\\np\nQ\n' on a file: expected output b'?\n' (zero status: True, files: {'f.txt': b'a-b\na|b\na|b\ne.e\na-b\na.b\ntt th t\ne.e\nabab\na.b\nback\\slash\n', 'other.txt': b'\ntrail  \n'}), got b'?\n' (zero status: False, files: {'f.txt': b'a-b\na|b\na|b\ne.e\na-b\na.b\ntt th t\ne.e\nabab\na.b\nback\\slash\n', 'other.txt': b'\ntrail  \n'})

/tests/test_outputs.py:179: AssertionError
_______________________________ test_generated_5 _______________________________

    def test_generated_5():
>       check("generated_5")

/tests/test_outputs.py:309: 
_ _ _ _ _ _ _ _ _ _ _ _ _ _ _ _ _ _ _ _ _ _ _ _ _ _ _ _ _ _ _ _ _ _ _ _ _ _ _ _ 

family = 'generated_5'

    def check(family):
        cases = [c for c in CASES if c["family"] == family]
        assert cases, f"no cases for {family}"
        # each case runs in its own fresh directories, so cases are independent and can run
        # side by side; map() keeps the corpus order, so the first failure reported is stable
        with ThreadPoolExecutor(max_workers=WORKERS) as pool:
            results = list(pool.map(lambda case: (case, run([GNU_ED], case), run(DEMOTE + CANDIDATE, case)), cases))
        failures = [(case, want, got) for case, want, got in results if got != want]
        if failures:
            case, want, got = failures[0]
            detail = (f"{len(failures)} of {len(cases)} cases differ; first: ed {case['args']!r} with "
                      f"files {[n for n, _t in case['files']]} and script {case['script']!r} on a "
                      f"{case['stdin']}: expected output {want[0]!r} (zero status: {want[1]}, files: "
                      f"{want[2]!r}), got {got[0]!r} (zero status: {got[1]}, files: {got[2]!r})")
>           raise AssertionError(detail)
E           AssertionError: 8 of 80 cases differ; first: ed ['-lsE', 'f.txt'] with files ['f.txt', 'other.txt'] and script " 4 , $ t/^(foo|bar)+$/\n?a{0}?,'a,$v.a{2,}.q\nun\n+2,.t.\na\n.\ng,^(foo|bar)+$,-1p\n,$+1\n,\np\n,p\n" on a file: expected output b'?\n' (zero status: True, files: {'f.txt': b'trail  \nphalp\ntab\there\nphalp\n[-a]\nback\\slash\n', 'other.txt': b'tab\there\nMixed Case\ntrail  \nepsilon five\na-b\ne.e\na|b\nback\\slash\n{2}\ndelta four\nbeta two\n/slash/\ntab\there\ntab\there\n'}), got b'?\n' (zero status: False, files: {'f.txt': b'trail  \nphalp\ntab\there\nphalp\n[-a]\nback\\slash\n', 'other.txt': b'tab\there\nMixed Case\ntrail  \nepsilon five\na-b\ne.e\na|b\nback\\slash\n{2}\ndelta four\nbeta two\n/slash/\ntab\there\ntab\there\n'})

/tests/test_outputs.py:179: AssertionError
_______________________________ test_generated_6 _______________________________

    def test_generated_6():
>       check("generated_6")

/tests/test_outputs.py:313: 
_ _ _ _ _ _ _ _ _ _ _ _ _ _ _ _ _ _ _ _ _ _ _ _ _ _ _ _ _ _ _ _ _ _ _ _ _ _ _ _ 

family = 'generated_6'

    def check(family):
        cases = [c for c in CASES if c["family"] == family]
        assert cases, f"no cases for {family}"
        # each case runs in its own fresh directories, so cases are independent and can run
        # side by side; map() keeps the corpus order, so the first failure reported is stable
        with ThreadPoolExecutor(max_workers=WORKERS) as pool:
            results = list(pool.map(lambda case: (case, run([GNU_ED], case), run(DEMOTE + CANDIDATE, case)), cases))
        failures = [(case, want, got) for case, want, got in results if got != want]
        if failures:
            case, want, got = failures[0]
            detail = (f"{len(failures)} of {len(cases)} cases differ; first: ed {case['args']!r} with "
                      f"files {[n for n, _t in case['files']]} and script {case['script']!r} on a "
                      f"{case['stdin']}: expected output {want[0]!r} (zero status: {want[1]}, files: "
                      f"{want[2]!r}), got {got[0]!r} (zero status: {got[1]}, files: {got[2]!r})")
>           raise AssertionError(detail)
E           AssertionError: 12 of 80 cases differ; first: ed ['-s', '-l', 'f.txt'] with files ['f.txt', 'other.txt'] and script "1u\n/o\\{0,1\\}/g#a^#d\n$-s\t\n5+1;'a=\n,p\n" on a file: expected output b'?\n' (zero status: True, files: {'f.txt': b'a|b\n[-a]\n#hash\nphalp\ntrail  \nabab\na|b\ntt th t\nback\\slash\ntrail  \n', 'other.txt': b'{2}\naaa\nepsilon five\nabab\n123\ne.e\n'}), got b'?\n' (zero status: False, files: {'f.txt': b'a|b\n[-a]\n#hash\nphalp\ntrail  \nabab\na|b\ntt th t\nback\\slash\ntrail  \n', 'other.txt': b'{2}\naaa\nepsilon five\nabab\n123\ne.e\n'})

/tests/test_outputs.py:179: AssertionError
_______________________________ test_generated_7 _______________________________

    def test_generated_7():
>       check("generated_7")

/tests/test_outputs.py:317: 
_ _ _ _ _ _ _ _ _ _ _ _ _ _ _ _ _ _ _ _ _ _ _ _ _ _ _ _ _ _ _ _ _ _ _ _ _ _ _ _ 

family = 'generated_7'

    def check(family):
        cases = [c for c in CASES if c["family"] == family]
        assert cases, f"no cases for {family}"
        # each case runs in its own fresh directories, so cases are independent and can run
        # side by side; map() keeps the corpus order, so the first failure reported is stable
        with ThreadPoolExecutor(max_workers=WORKERS) as pool:
            results = list(pool.map(lambda case: (case, run([GNU_ED], case), run(DEMOTE + CANDIDATE, case)), cases))
        failures = [(case, want, got) for case, want, got in results if got != want]
        if failures:
            case, want, got = failures[0]
            detail = (f"{len(failures)} of {len(cases)} cases differ; first: ed {case['args']!r} with "
                      f"files {[n for n, _t in case['files']]} and script {case['script']!r} on a "
                      f"{case['stdin']}: expected output {want[0]!r} (zero status: {want[1]}, files: "
                      f"{want[2]!r}), got {got[0]!r} (zero status: {got[1]}, files: {got[2]!r})")
>           raise AssertionError(detail)
E           AssertionError: 11 of 80 cases differ; first: ed ['-l', 'f.txt'] with files ['f.txt', 'other.txt'] and script ",'b+sn\na\n.\na\ne.e\n .\nq y\n.\n,n\n" on a file: expected output b'53\n?\n' (zero status: True, files: {'f.txt': b'aaa\ndelta four\n0\n  lead\nMixed Case\n\nepsilon five\na-b\n', 'other.txt': b'/slash/\n/slash/\n'}), got b'53\n?\n' (zero status: False, files: {'f.txt': b'aaa\ndelta four\n0\n  lead\nMixed Case\n\nepsilon five\na-b\n', 'other.txt': b'/slash/\n/slash/\n'})

/tests/test_outputs.py:179: AssertionError
_______________________________ test_generated_8 _______________________________

    def test_generated_8():
>       check("generated_8")

/tests/test_outputs.py:321: 
_ _ _ _ _ _ _ _ _ _ _ _ _ _ _ _ _ _ _ _ _ _ _ _ _ _ _ _ _ _ _ _ _ _ _ _ _ _ _ _ 

family = 'generated_8'

    def check(family):
        cases = [c for c in CASES if c["family"] == family]
        assert cases, f"no cases for {family}"
        # each case runs in its own fresh directories, so cases are independent and can run
        # side by side; map() keeps the corpus order, so the first failure reported is stable
        with ThreadPoolExecutor(max_workers=WORKERS) as pool:
            results = list(pool.map(lambda case: (case, run([GNU_ED], case), run(DEMOTE + CANDIDATE, case)), cases))
        failures = [(case, want, got) for case, want, got in results if got != want]
        if failures:
            case, want, got = failures[0]
            detail = (f"{len(failures)} of {len(cases)} cases differ; first: ed {case['args']!r} with "
                      f"files {[n for n, _t in case['files']]} and script {case['script']!r} on a "
                      f"{case['stdin']}: expected output {want[0]!r} (zero status: {want[1]}, files: "
                      f"{want[2]!r}), got {got[0]!r} (zero status: {got[1]}, files: {got[2]!r})")
>           raise AssertionError(detail)
E           AssertionError: 19 of 80 cases differ; first: ed ['-l'] with files ['f.txt', 'other.txt'] and script 'a\nab*c\nepsilon five\nunder_score\n.\n,s/!/\\1/gn\n$ +1u\np x\n;a\n.\n$dpp\ntq\n,p\n' on a file: expected output b'?\n' (zero status: True, files: {'f.txt': b'beta two\nMixed Case\n\nbeta two\nfoo bar foo\na!b\n', 'other.txt': b'Mixed Case\ngamma three\n'}), got b'?\n' (zero status: False, files: {'f.txt': b'beta two\nMixed Case\n\nbeta two\nfoo bar foo\na!b\n', 'other.txt': b'Mixed Case\ngamma three\n'})

/tests/test_outputs.py:179: AssertionError
==================================== PASSES ====================================
=========================== short test summary info ============================
PASSED ../../tests/test_outputs.py::test_launcher_stops_delegation_and_foreign_code
PASSED ../../tests/test_outputs.py::test_addresses
PASSED ../../tests/test_outputs.py::test_append_insert_change
PASSED ../../tests/test_outputs.py::test_delete_join_move_copy
PASSED ../../tests/test_outputs.py::test_substitute
PASSED ../../tests/test_outputs.py::test_global_commands
PASSED ../../tests/test_outputs.py::test_undo
PASSED ../../tests/test_outputs.py::test_print_list_number
PASSED ../../tests/test_outputs.py::test_regex
PASSED ../../tests/test_outputs.py::test_regex_extended
PASSED ../../tests/test_outputs.py::test_files_and_write
PASSED ../../tests/test_outputs.py::test_options
PASSED ../../tests/test_outputs.py::test_mixed_scripts_3
FAILED ../../tests/test_outputs.py::test_errors_and_exit - AssertionError: 2 ...
FAILED ../../tests/test_outputs.py::test_mixed_scripts_1 - AssertionError: 2 ...
FAILED ../../tests/test_outputs.py::test_mixed_scripts_2 - AssertionError: 1 ...
FAILED ../../tests/test_outputs.py::test_mixed_scripts_4 - AssertionError: 1 ...
FAILED ../../tests/test_outputs.py::test_mixed_scripts_5 - AssertionError: 2 ...
FAILED ../../tests/test_outputs.py::test_mixed_scripts_6 - AssertionError: 1 ...
FAILED ../../tests/test_outputs.py::test_generated_1 - AssertionError: 11 of ...
FAILED ../../tests/test_outputs.py::test_generated_2 - AssertionError: 4 of 8...
FAILED ../../tests/test_outputs.py::test_generated_3 - AssertionError: 9 of 8...
FAILED ../../tests/test_outputs.py::test_generated_4 - AssertionError: 12 of ...
FAILED ../../tests/test_outputs.py::test_generated_5 - AssertionError: 8 of 8...
FAILED ../../tests/test_outputs.py::test_generated_6 - AssertionError: 12 of ...
FAILED ../../tests/test_outputs.py::test_generated_7 - AssertionError: 11 of ...
FAILED ../../tests/test_outputs.py::test_generated_8 - AssertionError: 19 of ...
======================== 14 failed, 13 passed in 32.42s ========================
