============================= test session starts ==============================
platform linux -- Python 3.13.12, pytest-9.1.1, pluggy-1.6.0
rootdir: /tests
plugins: json-ctrf-0.5.2
collected 27 items

../../tests/test_outputs.py ..........F................                  [100%]

=================================== FAILURES ===================================
_____________________________ test_files_and_write _____________________________

    def test_files_and_write():
>       check("files_and_write")

/tests/test_outputs.py:257: 
_ _ _ _ _ _ _ _ _ _ _ _ _ _ _ _ _ _ _ _ _ _ _ _ _ _ _ _ _ _ _ _ _ _ _ _ _ _ _ _ 

family = 'files_and_write'

    def check(family):
        cases = [c for c in CASES if c["family"] == family]
        assert cases, f"no cases for {family}"
        # each case runs in its own fresh directories, so cases are independent and can run
        # side by side; map() keeps the corpus order, so the first failure reported is stable
        with ThreadPoolExecutor(max_workers=WORKERS) as pool:
            results = list(pool.map(lambda case: (case, run([GNU_ED], case), run(DEMOTE + CANDIDATE, case)), cases))
        failures = [(case, want, got) for case, want, got in results if got != want]
        if failures:
            case, want, got = failures[0]
            detail = (f"{len(failures)} of {len(cases)} cases differ; first: ed {case['args']!r} with "
                      f"files {[n for n, _t in case['files']]} and script {case['script']!r} on a "
                      f"{case['stdin']}: expected output {want[0]!r} (zero status: {want[1]}, files: "
                      f"{want[2]!r}), got {got[0]!r} (zero status: {got[1]}, files: {got[2]!r})")
>           raise AssertionError(detail)
E           AssertionError: 2 of 83 cases differ; first: ed ['big.txt'] with files ['big.txt'] and script '33p\n' on a pipe: expected output b'264\nline 33\n' (zero status: True, files: {'big.txt': b'line 01\nline 02\nline 03\nline 04\nline 05\nline 06\nline 07\nline 08\nline 09\nline 10\nline 11\nline 12\nline 13\nline 14\nline 15\nline 16\nline 17\nline 18\nline 19\nline 20\nline 21\nline 22\nline 23\nline 24\nline 25\nline 26\nline 27\nline 28\nline 29\nline 30\nline 31\nline 32\nline 33\n'}), got b'256\n?\n' (zero status: False, files: {'big.txt': b'line 01\nline 02\nline 03\nline 04\nline 05\nline 06\nline 07\nline 08\nline 09\nline 10\nline 11\nline 12\nline 13\nline 14\nline 15\nline 16\nline 17\nline 18\nline 19\nline 20\nline 21\nline 22\nline 23\nline 24\nline 25\nline 26\nline 27\nline 28\nline 29\nline 30\nline 31\nline 32\nline 33\n'})

/tests/test_outputs.py:179: AssertionError
==================================== PASSES ====================================
=========================== short test summary info ============================
PASSED ../../tests/test_outputs.py::test_launcher_stops_delegation_and_foreign_code
PASSED ../../tests/test_outputs.py::test_addresses
PASSED ../../tests/test_outputs.py::test_append_insert_change
PASSED ../../tests/test_outputs.py::test_delete_join_move_copy
PASSED ../../tests/test_outputs.py::test_substitute
PASSED ../../tests/test_outputs.py::test_global_commands
PASSED ../../tests/test_outputs.py::test_undo
PASSED ../../tests/test_outputs.py::test_print_list_number
PASSED ../../tests/test_outputs.py::test_regex
PASSED ../../tests/test_outputs.py::test_regex_extended
PASSED ../../tests/test_outputs.py::test_errors_and_exit
PASSED ../../tests/test_outputs.py::test_options
PASSED ../../tests/test_outputs.py::test_mixed_scripts_1
PASSED ../../tests/test_outputs.py::test_mixed_scripts_2
PASSED ../../tests/test_outputs.py::test_mixed_scripts_3
PASSED ../../tests/test_outputs.py::test_mixed_scripts_4
PASSED ../../tests/test_outputs.py::test_mixed_scripts_5
PASSED ../../tests/test_outputs.py::test_mixed_scripts_6
PASSED ../../tests/test_outputs.py::test_generated_1
PASSED ../../tests/test_outputs.py::test_generated_2
PASSED ../../tests/test_outputs.py::test_generated_3
PASSED ../../tests/test_outputs.py::test_generated_4
PASSED ../../tests/test_outputs.py::test_generated_5
PASSED ../../tests/test_outputs.py::test_generated_6
PASSED ../../tests/test_outputs.py::test_generated_7
PASSED ../../tests/test_outputs.py::test_generated_8
FAILED ../../tests/test_outputs.py::test_files_and_write - AssertionError: 2 ...
======================== 1 failed, 26 passed in 54.07s =========================
