============================= test session starts ==============================
platform linux -- Python 3.13.12, pytest-9.1.1, pluggy-1.6.0
rootdir: /tests
plugins: json-ctrf-0.5.2
collected 27 items

../../tests/test_outputs.py ..........F..........FF..FF                  [100%]

=================================== FAILURES ===================================
_____________________________ test_files_and_write _____________________________

    def test_files_and_write():
>       check("files_and_write")

/tests/test_outputs.py:257: 
_ _ _ _ _ _ _ _ _ _ _ _ _ _ _ _ _ _ _ _ _ _ _ _ _ _ _ _ _ _ _ _ _ _ _ _ _ _ _ _ 

family = 'files_and_write'

    def check(family):
        cases = [c for c in CASES if c["family"] == family]
        assert cases, f"no cases for {family}"
        # each case runs in its own fresh directories, so cases are independent and can run
        # side by side; map() keeps the corpus order, so the first failure reported is stable
        with ThreadPoolExecutor(max_workers=WORKERS) as pool:
            results = list(pool.map(lambda case: (case, run([GNU_ED], case), run(DEMOTE + CANDIDATE, case)), cases))
        failures = [(case, want, got) for case, want, got in results if got != want]
        if failures:
            case, want, got = failures[0]
            detail = (f"{len(failures)} of {len(cases)} cases differ; first: ed {case['args']!r} with "
                      f"files {[n for n, _t in case['files']]} and script {case['script']!r} on a "
                      f"{case['stdin']}: expected output {want[0]!r} (zero status: {want[1]}, files: "
                      f"{want[2]!r}), got {got[0]!r} (zero status: {got[1]}, files: {got[2]!r})")
>           raise AssertionError(detail)
E           AssertionError: 4 of 83 cases differ; first: ed ['-s', 'f.txt'] with files ['f.txt', 'other.txt'] and script '2W part.txt\n4W part.txt\n' on a pipe: expected output b'' (zero status: True, files: {'f.txt': b'alpha one\nbeta two\ngamma three\ndelta four\nepsilon five\nzeta six\neta seven\ntheta eight\niota nine\nkappa ten\n', 'other.txt': b'o1\no2\no3\n', 'part.txt': b'beta two\ndelta four\n'}), got b'' (zero status: True, files: {'f.txt': b'alpha one\nbeta two\ngamma three\ndelta four\nepsilon five\nzeta six\neta seven\ntheta eight\niota nine\nkappa ten\n', 'other.txt': b'o1\no2\no3\n', 'part.txt': b'delta four\n'})

/tests/test_outputs.py:179: AssertionError
_______________________________ test_generated_3 _______________________________

    def test_generated_3():
>       check("generated_3")

/tests/test_outputs.py:301: 
_ _ _ _ _ _ _ _ _ _ _ _ _ _ _ _ _ _ _ _ _ _ _ _ _ _ _ _ _ _ _ _ _ _ _ _ _ _ _ _ 

family = 'generated_3'

    def check(family):
        cases = [c for c in CASES if c["family"] == family]
        assert cases, f"no cases for {family}"
        # each case runs in its own fresh directories, so cases are independent and can run
        # side by side; map() keeps the corpus order, so the first failure reported is stable
        with ThreadPoolExecutor(max_workers=WORKERS) as pool:
            results = list(pool.map(lambda case: (case, run([GNU_ED], case), run(DEMOTE + CANDIDATE, case)), cases))
        failures = [(case, want, got) for case, want, got in results if got != want]
        if failures:
            case, want, got = failures[0]
            detail = (f"{len(failures)} of {len(cases)} cases differ; first: ed {case['args']!r} with "
                      f"files {[n for n, _t in case['files']]} and script {case['script']!r} on a "
                      f"{case['stdin']}: expected output {want[0]!r} (zero status: {want[1]}, files: "
                      f"{want[2]!r}), got {got[0]!r} (zero status: {got[1]}, files: {got[2]!r})")
>           raise AssertionError(detail)
E           AssertionError: 1 of 80 cases differ; first: ed ['-l', 'f.txt'] with files ['f.txt', 'other.txt'] and script 'W\ns#[.]##2\ns/[[:punct:]]/a\\\nb/0\nt?a\\{0\\}?\ns.[[:alpha:]]\\+.\\2\\1.0\ncp x\n--,++-1,4an\n.\n,p\n' on a pipe: expected output b'40\n40\n?\n?\n?\n?\n4\ta!b\ne.e\n0\ne.e\na!b\nbeta two\nepsilon five\naaa\naaa\n?\n' (zero status: True, files: {'f.txt': b'e.e\n0\ne.e\na!b\nbeta two\nepsilon five\naaa\ne.e\n0\ne.e\na!b\nbeta two\nepsilon five\naaa\n', 'other.txt': b'ab*c\ntrail  \ntt th t\ngamma three\nfoo bar foo\nback\\slash\nphalp\nabab\ne.e\n\n123\n'}), got b'40\n40\n?\n?\n?\n?\n4\ta!b\ne.e\n0\ne.e\na!b\nbeta two\nepsilon five\naaa\naaa\n?\n' (zero status: True, files: {'f.txt': b'e.e\n0\ne.e\na!b\nbeta two\nepsilon five\naaa\n', 'other.txt': b'ab*c\ntrail  \ntt th t\ngamma three\nfoo bar foo\nback\\slash\nphalp\nabab\ne.e\n\n123\n'})

/tests/test_outputs.py:179: AssertionError
_______________________________ test_generated_4 _______________________________

    def test_generated_4():
>       check("generated_4")

/tests/test_outputs.py:305: 
_ _ _ _ _ _ _ _ _ _ _ _ _ _ _ _ _ _ _ _ _ _ _ _ _ _ _ _ _ _ _ _ _ _ _ _ _ _ _ _ 

family = 'generated_4'

    def check(family):
        cases = [c for c in CASES if c["family"] == family]
        assert cases, f"no cases for {family}"
        # each case runs in its own fresh directories, so cases are independent and can run
        # side by side; map() keeps the corpus order, so the first failure reported is stable
        with ThreadPoolExecutor(max_workers=WORKERS) as pool:
            results = list(pool.map(lambda case: (case, run([GNU_ED], case), run(DEMOTE + CANDIDATE, case)), cases))
        failures = [(case, want, got) for case, want, got in results if got != want]
        if failures:
            case, want, got = failures[0]
            detail = (f"{len(failures)} of {len(cases)} cases differ; first: ed {case['args']!r} with "
                      f"files {[n for n, _t in case['files']]} and script {case['script']!r} on a "
                      f"{case['stdin']}: expected output {want[0]!r} (zero status: {want[1]}, files: "
                      f"{want[2]!r}), got {got[0]!r} (zero status: {got[1]}, files: {got[2]!r})")
>           raise AssertionError(detail)
E           AssertionError: 2 of 80 cases differ; first: ed ['f.txt'] with files ['f.txt', 'other.txt'] and script "++,5,'ag,\\*,-1p\n 3+1 , 'a s.$.&&.\n$v,\\(\\),q\n??+1a\n.\nW\n0d\nupp\nj\nQ\n" on a pipe: expected output b'35\n?\n?\n35\n?\n?\n?\n' (zero status: False, files: {'f.txt': b'back\\slash\n123\na|b\nunder_score\na-b\nback\\slash\n123\na|b\nunder_score\na-b\n', 'other.txt': b'[-a]\ndelta four\nphalp\nunder_score\n0\nunder_score\nepsilon five\na.b\n  lead\nbeta two\ntrail  \nunder_score\na-b\n'}), got b'35\n?\n?\n35\n?\n?\n?\n' (zero status: False, files: {'f.txt': b'back\\slash\n123\na|b\nunder_score\na-b\n', 'other.txt': b'[-a]\ndelta four\nphalp\nunder_score\n0\nunder_score\nepsilon five\na.b\n  lead\nbeta two\ntrail  \nunder_score\na-b\n'})

/tests/test_outputs.py:179: AssertionError
_______________________________ test_generated_7 _______________________________

    def test_generated_7():
>       check("generated_7")

/tests/test_outputs.py:317: 
_ _ _ _ _ _ _ _ _ _ _ _ _ _ _ _ _ _ _ _ _ _ _ _ _ _ _ _ _ _ _ _ _ _ _ _ _ _ _ _ 

family = 'generated_7'

    def check(family):
        cases = [c for c in CASES if c["family"] == family]
        assert cases, f"no cases for {family}"
        # each case runs in its own fresh directories, so cases are independent and can run
        # side by side; map() keeps the corpus order, so the first failure reported is stable
        with ThreadPoolExecutor(max_workers=WORKERS) as pool:
            results = list(pool.map(lambda case: (case, run([GNU_ED], case), run(DEMOTE + CANDIDATE, case)), cases))
        failures = [(case, want, got) for case, want, got in results if got != want]
        if failures:
            case, want, got = failures[0]
            detail = (f"{len(failures)} of {len(cases)} cases differ; first: ed {case['args']!r} with "
                      f"files {[n for n, _t in case['files']]} and script {case['script']!r} on a "
                      f"{case['stdin']}: expected output {want[0]!r} (zero status: {want[1]}, files: "
                      f"{want[2]!r}), got {got[0]!r} (zero status: {got[1]}, files: {got[2]!r})")
>           raise AssertionError(detail)
E           AssertionError: 1 of 80 cases differ; first: ed ['-s', 'f.txt'] with files ['f.txt', 'other.txt'] and script '+2+1,dp\ncp x\nux\n/o\\{0,1\\}/+,W f.txt\nu\n+2-;---\nu\nu\n,/t\\|th/a\n .\n\n\n.\n,p\n' on a pipe: expected output b'?\n?\n?\n?\n?\n?\n?\ndelta four\n .\n\n\n[-a]\n/slash/\ndelta four\n123\n  lead\n  lead\ne.e\nabab\nphalp\n?\n' (zero status: False, files: {'f.txt': b'delta four\n[-a]\n/slash/\ndelta four\n123\n  lead\n  lead\ne.e\nabab\nphalp\n[-a]\n', 'other.txt': b'ab*c\nabab\na.b\naaa\nfoo bar foo\nback\\slash\nback\\slash\nalpha one\n#hash\n[-a]\nbeta two\ne.e\n123\n'}), got b'?\n?\n?\n?\n?\n?\n?\ndelta four\n .\n\n\n[-a]\n/slash/\ndelta four\n123\n  lead\n  lead\ne.e\nabab\nphalp\n?\n' (zero status: False, files: {'f.txt': b'[-a]\n', 'other.txt': b'ab*c\nabab\na.b\naaa\nfoo bar foo\nback\\slash\nback\\slash\nalpha one\n#hash\n[-a]\nbeta two\ne.e\n123\n'})

/tests/test_outputs.py:179: AssertionError
_______________________________ test_generated_8 _______________________________

    def test_generated_8():
>       check("generated_8")

/tests/test_outputs.py:321: 
_ _ _ _ _ _ _ _ _ _ _ _ _ _ _ _ _ _ _ _ _ _ _ _ _ _ _ _ _ _ _ _ _ _ _ _ _ _ _ _ 

family = 'generated_8'

    def check(family):
        cases = [c for c in CASES if c["family"] == family]
        assert cases, f"no cases for {family}"
        # each case runs in its own fresh directories, so cases are independent and can run
        # side by side; map() keeps the corpus order, so the first failure reported is stable
        with ThreadPoolExecutor(max_workers=WORKERS) as pool:
            results = list(pool.map(lambda case: (case, run([GNU_ED], case), run(DEMOTE + CANDIDATE, case)), cases))
        failures = [(case, want, got) for case, want, got in results if got != want]
        if failures:
            case, want, got = failures[0]
            detail = (f"{len(failures)} of {len(cases)} cases differ; first: ed {case['args']!r} with "
                      f"files {[n for n, _t in case['files']]} and script {case['script']!r} on a "
                      f"{case['stdin']}: expected output {want[0]!r} (zero status: {want[1]}, files: "
                      f"{want[2]!r}), got {got[0]!r} (zero status: {got[1]}, files: {got[2]!r})")
>           raise AssertionError(detail)
E           AssertionError: 2 of 80 cases differ; first: ed ['f.txt', '-E', '-s'] with files ['f.txt', 'other.txt'] and script ',s;(a|ab)(c|bcd)?;\\n;p\n=5\nW other.txt\nw\n' on a pipe: expected output b'deltn four\n?\n' (zero status: False, files: {'f.txt': b'bnk\\slash\nepsilon five\nphnlp\nn*c\n[-n]\ntn\there\nnaa\nnlpha one\n{2}\nn.b\nnab\ne.e\ndeltn four\ndeltn four\n', 'other.txt': b'a!b\n{2}\nMixed Case\nbnk\\slash\nepsilon five\nphnlp\nn*c\n[-n]\ntn\there\nnaa\nnlpha one\n{2}\nn.b\nnab\ne.e\ndeltn four\ndeltn four\n'}), got b'deltn four\n?\n' (zero status: False, files: {'f.txt': b'bnk\\slash\nepsilon five\nphnlp\nn*c\n[-n]\ntn\there\nnaa\nnlpha one\n{2}\nn.b\nnab\ne.e\ndeltn four\ndeltn four\n', 'other.txt': b'bnk\\slash\nepsilon five\nphnlp\nn*c\n[-n]\ntn\there\nnaa\nnlpha one\n{2}\nn.b\nnab\ne.e\ndeltn four\ndeltn four\n'})

/tests/test_outputs.py:179: AssertionError
==================================== PASSES ====================================
=========================== short test summary info ============================
PASSED ../../tests/test_outputs.py::test_launcher_stops_delegation_and_foreign_code
PASSED ../../tests/test_outputs.py::test_addresses
PASSED ../../tests/test_outputs.py::test_append_insert_change
PASSED ../../tests/test_outputs.py::test_delete_join_move_copy
PASSED ../../tests/test_outputs.py::test_substitute
PASSED ../../tests/test_outputs.py::test_global_commands
PASSED ../../tests/test_outputs.py::test_undo
PASSED ../../tests/test_outputs.py::test_print_list_number
PASSED ../../tests/test_outputs.py::test_regex
PASSED ../../tests/test_outputs.py::test_regex_extended
PASSED ../../tests/test_outputs.py::test_errors_and_exit
PASSED ../../tests/test_outputs.py::test_options
PASSED ../../tests/test_outputs.py::test_mixed_scripts_1
PASSED ../../tests/test_outputs.py::test_mixed_scripts_2
PASSED ../../tests/test_outputs.py::test_mixed_scripts_3
PASSED ../../tests/test_outputs.py::test_mixed_scripts_4
PASSED ../../tests/test_outputs.py::test_mixed_scripts_5
PASSED ../../tests/test_outputs.py::test_mixed_scripts_6
PASSED ../../tests/test_outputs.py::test_generated_1
PASSED ../../tests/test_outputs.py::test_generated_2
PASSED ../../tests/test_outputs.py::test_generated_5
PASSED ../../tests/test_outputs.py::test_generated_6
FAILED ../../tests/test_outputs.py::test_files_and_write - AssertionError: 4 ...
FAILED ../../tests/test_outputs.py::test_generated_3 - AssertionError: 1 of 8...
FAILED ../../tests/test_outputs.py::test_generated_4 - AssertionError: 2 of 8...
FAILED ../../tests/test_outputs.py::test_generated_7 - AssertionError: 1 of 8...
FAILED ../../tests/test_outputs.py::test_generated_8 - AssertionError: 2 of 8...
======================== 5 failed, 22 passed in 32.40s =========================
