============================= test session starts ==============================
platform linux -- Python 3.13.12, pytest-9.1.1, pluggy-1.6.0
rootdir: /tests
plugins: json-ctrf-0.5.2
collected 27 items

../../tests/test_outputs.py ........F..........FFFFF.FF                  [100%]

=================================== FAILURES ===================================
__________________________________ test_regex __________________________________

    def test_regex():
>       check("regex")

/tests/test_outputs.py:249: 
_ _ _ _ _ _ _ _ _ _ _ _ _ _ _ _ _ _ _ _ _ _ _ _ _ _ _ _ _ _ _ _ _ _ _ _ _ _ _ _ 

family = 'regex'

    def check(family):
        cases = [c for c in CASES if c["family"] == family]
        assert cases, f"no cases for {family}"
        # each case runs in its own fresh directories, so cases are independent and can run
        # side by side; map() keeps the corpus order, so the first failure reported is stable
        with ThreadPoolExecutor(max_workers=WORKERS) as pool:
            results = list(pool.map(lambda case: (case, run([GNU_ED], case), run(DEMOTE + CANDIDATE, case)), cases))
        failures = [(case, want, got) for case, want, got in results if got != want]
        if failures:
            case, want, got = failures[0]
            detail = (f"{len(failures)} of {len(cases)} cases differ; first: ed {case['args']!r} with "
                      f"files {[n for n, _t in case['files']]} and script {case['script']!r} on a "
                      f"{case['stdin']}: expected output {want[0]!r} (zero status: {want[1]}, files: "
                      f"{want[2]!r}), got {got[0]!r} (zero status: {got[1]}, files: {got[2]!r})")
>           raise AssertionError(detail)
E           AssertionError: 2 of 71 cases differ; first: ed ['-s', 'f.txt'] with files ['f.txt'] and script 'g/a\\{0\\}/p\nQ\n' on a pipe: expected output b'x\n' (zero status: True, files: {'f.txt': b'x\n'}), got b'?\n' (zero status: False, files: {'f.txt': b'x\n'})

/tests/test_outputs.py:179: AssertionError
_______________________________ test_generated_1 _______________________________

    def test_generated_1():
>       check("generated_1")

/tests/test_outputs.py:293: 
_ _ _ _ _ _ _ _ _ _ _ _ _ _ _ _ _ _ _ _ _ _ _ _ _ _ _ _ _ _ _ _ _ _ _ _ _ _ _ _ 

family = 'generated_1'

    def check(family):
        cases = [c for c in CASES if c["family"] == family]
        assert cases, f"no cases for {family}"
        # each case runs in its own fresh directories, so cases are independent and can run
        # side by side; map() keeps the corpus order, so the first failure reported is stable
        with ThreadPoolExecutor(max_workers=WORKERS) as pool:
            results = list(pool.map(lambda case: (case, run([GNU_ED], case), run(DEMOTE + CANDIDATE, case)), cases))
        failures = [(case, want, got) for case, want, got in results if got != want]
        if failures:
            case, want, got = failures[0]
            detail = (f"{len(failures)} of {len(cases)} cases differ; first: ed {case['args']!r} with "
                      f"files {[n for n, _t in case['files']]} and script {case['script']!r} on a "
                      f"{case['stdin']}: expected output {want[0]!r} (zero status: {want[1]}, files: "
                      f"{want[2]!r}), got {got[0]!r} (zero status: {got[1]}, files: {got[2]!r})")
>           raise AssertionError(detail)
E           AssertionError: 2 of 80 cases differ; first: ed ['-s', '-l', 'f.txt'] with files ['f.txt', 'other.txt'] and script "m/a\\{0\\}/np\n,t-\n2+,$-1,$s/[[:alpha:]]\\+/\\n/n\n$,m'bx\nup\nw\n" on a file: expected output b'2\t#hash\n25\tn Case\n?\n' (zero status: True, files: {'f.txt': b'123\nunder_score\na.b\n{2}\nback\\slash\n{2}\nabab\nphalp\nfoo bar foo\n/slash/\nMixed Case\n\n#hash\n', 'other.txt': b'under_score\na-b\ntrail  \nphalp\nabab\nabab\ntrail  \nx1 y2 z3\nfoo bar foo\ndelta four\nab*c\n#hash\n'}), got b'?\n' (zero status: True, files: {'f.txt': b'123\nunder_score\na.b\n{2}\nback\\slash\n{2}\nabab\nphalp\nfoo bar foo\n/slash/\nMixed Case\n\n#hash\n', 'other.txt': b'under_score\na-b\ntrail  \nphalp\nabab\nabab\ntrail  \nx1 y2 z3\nfoo bar foo\ndelta four\nab*c\n#hash\n'})

/tests/test_outputs.py:179: AssertionError
_______________________________ test_generated_2 _______________________________

    def test_generated_2():
>       check("generated_2")

/tests/test_outputs.py:297: 
_ _ _ _ _ _ _ _ _ _ _ _ _ _ _ _ _ _ _ _ _ _ _ _ _ _ _ _ _ _ _ _ _ _ _ _ _ _ _ _ 

family = 'generated_2'

    def check(family):
        cases = [c for c in CASES if c["family"] == family]
        assert cases, f"no cases for {family}"
        # each case runs in its own fresh directories, so cases are independent and can run
        # side by side; map() keeps the corpus order, so the first failure reported is stable
        with ThreadPoolExecutor(max_workers=WORKERS) as pool:
            results = list(pool.map(lambda case: (case, run([GNU_ED], case), run(DEMOTE + CANDIDATE, case)), cases))
        failures = [(case, want, got) for case, want, got in results if got != want]
        if failures:
            case, want, got = failures[0]
            detail = (f"{len(failures)} of {len(cases)} cases differ; first: ed {case['args']!r} with "
                      f"files {[n for n, _t in case['files']]} and script {case['script']!r} on a "
                      f"{case['stdin']}: expected output {want[0]!r} (zero status: {want[1]}, files: "
                      f"{want[2]!r}), got {got[0]!r} (zero status: {got[1]}, files: {got[2]!r})")
>           raise AssertionError(detail)
E           AssertionError: 4 of 80 cases differ; first: ed ['-lsE', 'new.txt'] with files ['f.txt', 'other.txt'] and script "a\n{2}\ngamma three\n\ntt th t\nback\\slash\n{2}\ntrail  \n.\n%g.a{0}.n\n%c\nbeta\n.\n'a+;s/(.)\\1/<&>\n??,m?? +1\nnpp\ns/a/b/q\ns,(a,&&,\n/^(foo|bar)+$/;a\na|b\n.\n,2=\n,n\n" on a pipe: expected output b'1\t{2}\n2\tgamma three\n3\t\n4\ttt th t\n5\tback\\slash\n6\t{2}\n7\ttrail  \n?\n?\n?\n?\n?\n?\n?\nbeta\n?\n1\tbeta\n?\n' (zero status: True, files: {'f.txt': b'{2}\n{2}\n[-a]\nphalp\ne.e\n{2}\ntab\there\n/slash/\na|b\na|b\na.b\n', 'other.txt': b'tab\there\nback\\slash\nunder_score\n/slash/\ntrail  \n\na-b\n{2}\n{2}\n{2}\na-b\n0\ngamma three\n'}), got b'?\n?\n?\n?\n?\n?\n?\n?\nbeta\n?\n1\tbeta\n?\n' (zero status: True, files: {'f.txt': b'{2}\n{2}\n[-a]\nphalp\ne.e\n{2}\ntab\there\n/slash/\na|b\na|b\na.b\n', 'other.txt': b'tab\there\nback\\slash\nunder_score\n/slash/\ntrail  \n\na-b\n{2}\n{2}\n{2}\na-b\n0\ngamma three\n'})

/tests/test_outputs.py:179: AssertionError
_______________________________ test_generated_3 _______________________________

    def test_generated_3():
>       check("generated_3")

/tests/test_outputs.py:301: 
_ _ _ _ _ _ _ _ _ _ _ _ _ _ _ _ _ _ _ _ _ _ _ _ _ _ _ _ _ _ _ _ _ _ _ _ _ _ _ _ 

family = 'generated_3'

    def check(family):
        cases = [c for c in CASES if c["family"] == family]
        assert cases, f"no cases for {family}"
        # each case runs in its own fresh directories, so cases are independent and can run
        # side by side; map() keeps the corpus order, so the first failure reported is stable
        with ThreadPoolExecutor(max_workers=WORKERS) as pool:
            results = list(pool.map(lambda case: (case, run([GNU_ED], case), run(DEMOTE + CANDIDATE, case)), cases))
        failures = [(case, want, got) for case, want, got in results if got != want]
        if failures:
            case, want, got = failures[0]
            detail = (f"{len(failures)} of {len(cases)} cases differ; first: ed {case['args']!r} with "
                      f"files {[n for n, _t in case['files']]} and script {case['script']!r} on a "
                      f"{case['stdin']}: expected output {want[0]!r} (zero status: {want[1]}, files: "
                      f"{want[2]!r}), got {got[0]!r} (zero status: {got[1]}, files: {got[2]!r})")
>           raise AssertionError(detail)
E           AssertionError: 4 of 80 cases differ; first: ed ['-E', 'f.txt'] with files ['f.txt', 'other.txt'] and script "+++1,ap\n..\nnew\n .\n.\n'bs;(ab|a)(bc|c);\\\n\n11,.g;a{0};a\\\nadded\\\n.\n$-1;s.[[:digit:]]+.\\&\n,p\n" on a pipe: expected output b'104\n?\n?\n?\na-b\na-b\n?\n?\n?\ne.e\n123\nback\\slash\ndelta four\n{2}\nunder_score\nfoo bar foo\n{2}\ntt th t\ndelta four\nMixed Case\nadded\n/slash/\nadded\na-b\nadded\n?\n' (zero status: False, files: {'f.txt': b'e.e\n123\nback\\slash\ndelta four\n{2}\nunder_score\nfoo bar foo\n{2}\ntt th t\ndelta four\nMixed Case\n/slash/\na-b\n', 'other.txt': b'alpha one\n\ndelta four\n#hash\na!b\n'}), got b'104\n?\n?\n?\na-b\na-b\n?\n?\n?\n?\na-b\n?\ne.e\n123\nback\\slash\ndelta four\n{2}\nunder_score\nfoo bar foo\n{2}\ntt th t\ndelta four\nMixed Case\n/slash/\na-b\n' (zero status: False, files: {'f.txt': b'e.e\n123\nback\\slash\ndelta four\n{2}\nunder_score\nfoo bar foo\n{2}\ntt th t\ndelta four\nMixed Case\n/slash/\na-b\n', 'other.txt': b'alpha one\n\ndelta four\n#hash\na!b\n'})

/tests/test_outputs.py:179: AssertionError
_______________________________ test_generated_4 _______________________________

    def test_generated_4():
>       check("generated_4")

/tests/test_outputs.py:305: 
_ _ _ _ _ _ _ _ _ _ _ _ _ _ _ _ _ _ _ _ _ _ _ _ _ _ _ _ _ _ _ _ _ _ _ _ _ _ _ _ 

family = 'generated_4'

    def check(family):
        cases = [c for c in CASES if c["family"] == family]
        assert cases, f"no cases for {family}"
        # each case runs in its own fresh directories, so cases are independent and can run
        # side by side; map() keeps the corpus order, so the first failure reported is stable
        with ThreadPoolExecutor(max_workers=WORKERS) as pool:
            results = list(pool.map(lambda case: (case, run([GNU_ED], case), run(DEMOTE + CANDIDATE, case)), cases))
        failures = [(case, want, got) for case, want, got in results if got != want]
        if failures:
            case, want, got = failures[0]
            detail = (f"{len(failures)} of {len(cases)} cases differ; first: ed {case['args']!r} with "
                      f"files {[n for n, _t in case['files']]} and script {case['script']!r} on a "
                      f"{case['stdin']}: expected output {want[0]!r} (zero status: {want[1]}, files: "
                      f"{want[2]!r}), got {got[0]!r} (zero status: {got[1]}, files: {got[2]!r})")
>           raise AssertionError(detail)
E           AssertionError: 2 of 80 cases differ; first: ed ['f.txt', '-ls'] with files ['f.txt', 'other.txt'] and script "/\\(ab\\)*/s/o\\{0,1\\}/\\&\n'a;W out.txt\n,\n$ap\nq y\nnew\n.\n 2 , +2-1 m/./\n/1/,?o\\{0,1\\}?,$apn\n .\nbeta\n.\n%s.o\\{0,1\\}.E.q\n%n\n,p\n" on a file: expected output b'&under_score\n?\n' (zero status: True, files: {'f.txt': b'under_score\nphalp\n', 'other.txt': b'tab\there\na-b\nbeta two\nback\\slash\ntab\there\n123\ne.e\n'}), got b'?\n' (zero status: True, files: {'f.txt': b'under_score\nphalp\n', 'other.txt': b'tab\there\na-b\nbeta two\nback\\slash\ntab\there\n123\ne.e\n'})

/tests/test_outputs.py:179: AssertionError
_______________________________ test_generated_5 _______________________________

    def test_generated_5():
>       check("generated_5")

/tests/test_outputs.py:309: 
_ _ _ _ _ _ _ _ _ _ _ _ _ _ _ _ _ _ _ _ _ _ _ _ _ _ _ _ _ _ _ _ _ _ _ _ _ _ _ _ 

family = 'generated_5'

    def check(family):
        cases = [c for c in CASES if c["family"] == family]
        assert cases, f"no cases for {family}"
        # each case runs in its own fresh directories, so cases are independent and can run
        # side by side; map() keeps the corpus order, so the first failure reported is stable
        with ThreadPoolExecutor(max_workers=WORKERS) as pool:
            results = list(pool.map(lambda case: (case, run([GNU_ED], case), run(DEMOTE + CANDIDATE, case)), cases))
        failures = [(case, want, got) for case, want, got in results if got != want]
        if failures:
            case, want, got = failures[0]
            detail = (f"{len(failures)} of {len(cases)} cases differ; first: ed {case['args']!r} with "
                      f"files {[n for n, _t in case['files']]} and script {case['script']!r} on a "
                      f"{case['stdin']}: expected output {want[0]!r} (zero status: {want[1]}, files: "
                      f"{want[2]!r}), got {got[0]!r} (zero status: {got[1]}, files: {got[2]!r})")
>           raise AssertionError(detail)
E           AssertionError: 3 of 80 cases differ; first: ed ['-s'] with files ['f.txt', 'other.txt'] and script 'a\nabab\ntrail  \n/slash/\n{2}\n0\nMixed Case\na|b\n123\n.\n/o\\{0,1\\}/j\na\n..\na|b\n.\nE\tsub/new.txt\nv#\\.#.=\n6g,[[:digit:]],\ng#!#s/e/E/\n8,+,. +1s;a\\{2\\};E;\n\n,n\n' on a pipe: expected output b'?\n?\n?\n?\n?\n?\n?\n' (zero status: False, files: {'f.txt': b'tt th t\nMixed Case\nabab\nphalp\n', 'other.txt': b'beta two\nfoo bar foo\n[-a]\n  lead\n'}), got b'?\n?\n?\n?\n?\n?\n?\n?\n' (zero status: False, files: {'f.txt': b'tt th t\nMixed Case\nabab\nphalp\n', 'other.txt': b'beta two\nfoo bar foo\n[-a]\n  lead\n'})

/tests/test_outputs.py:179: AssertionError
_______________________________ test_generated_7 _______________________________

    def test_generated_7():
>       check("generated_7")

/tests/test_outputs.py:317: 
_ _ _ _ _ _ _ _ _ _ _ _ _ _ _ _ _ _ _ _ _ _ _ _ _ _ _ _ _ _ _ _ _ _ _ _ _ _ _ _ 

family = 'generated_7'

    def check(family):
        cases = [c for c in CASES if c["family"] == family]
        assert cases, f"no cases for {family}"
        # each case runs in its own fresh directories, so cases are independent and can run
        # side by side; map() keeps the corpus order, so the first failure reported is stable
        with ThreadPoolExecutor(max_workers=WORKERS) as pool:
            results = list(pool.map(lambda case: (case, run([GNU_ED], case), run(DEMOTE + CANDIDATE, case)), cases))
        failures = [(case, want, got) for case, want, got in results if got != want]
        if failures:
            case, want, got = failures[0]
            detail = (f"{len(failures)} of {len(cases)} cases differ; first: ed {case['args']!r} with "
                      f"files {[n for n, _t in case['files']]} and script {case['script']!r} on a "
                      f"{case['stdin']}: expected output {want[0]!r} (zero status: {want[1]}, files: "
                      f"{want[2]!r}), got {got[0]!r} (zero status: {got[1]}, files: {got[2]!r})")
>           raise AssertionError(detail)
E           AssertionError: 2 of 80 cases differ; first: ed ['-s', 'f.txt'] with files ['f.txt', 'other.txt'] and script '+2+1,dp\ncp x\nux\n/o\\{0,1\\}/+,W f.txt\nu\n+2-;---\nu\nu\n,/t\\|th/a\n .\n\n\n.\n,p\n' on a pipe: expected output b'?\n?\n?\n?\n?\n?\n?\ndelta four\n .\n\n\n[-a]\n/slash/\ndelta four\n123\n  lead\n  lead\ne.e\nabab\nphalp\n?\n' (zero status: False, files: {'f.txt': b'delta four\n[-a]\n/slash/\ndelta four\n123\n  lead\n  lead\ne.e\nabab\nphalp\n[-a]\n', 'other.txt': b'ab*c\nabab\na.b\naaa\nfoo bar foo\nback\\slash\nback\\slash\nalpha one\n#hash\n[-a]\nbeta two\ne.e\n123\n'}), got b'?\n?\n?\n?\n?\n?\n?\n?\ndelta four\n .\n\n\n[-a]\n/slash/\ndelta four\n123\n  lead\n  lead\ne.e\nabab\nphalp\n?\n' (zero status: False, files: {'f.txt': b'delta four\n[-a]\n/slash/\ndelta four\n123\n  lead\n  lead\ne.e\nabab\nphalp\n', 'other.txt': b'ab*c\nabab\na.b\naaa\nfoo bar foo\nback\\slash\nback\\slash\nalpha one\n#hash\n[-a]\nbeta two\ne.e\n123\n'})

/tests/test_outputs.py:179: AssertionError
_______________________________ test_generated_8 _______________________________

    def test_generated_8():
>       check("generated_8")

/tests/test_outputs.py:321: 
_ _ _ _ _ _ _ _ _ _ _ _ _ _ _ _ _ _ _ _ _ _ _ _ _ _ _ _ _ _ _ _ _ _ _ _ _ _ _ _ 

family = 'generated_8'

    def check(family):
        cases = [c for c in CASES if c["family"] == family]
        assert cases, f"no cases for {family}"
        # each case runs in its own fresh directories, so cases are independent and can run
        # side by side; map() keeps the corpus order, so the first failure reported is stable
        with ThreadPoolExecutor(max_workers=WORKERS) as pool:
            results = list(pool.map(lambda case: (case, run([GNU_ED], case), run(DEMOTE + CANDIDATE, case)), cases))
        failures = [(case, want, got) for case, want, got in results if got != want]
        if failures:
            case, want, got = failures[0]
            detail = (f"{len(failures)} of {len(cases)} cases differ; first: ed {case['args']!r} with "
                      f"files {[n for n, _t in case['files']]} and script {case['script']!r} on a "
                      f"{case['stdin']}: expected output {want[0]!r} (zero status: {want[1]}, files: "
                      f"{want[2]!r}), got {got[0]!r} (zero status: {got[1]}, files: {got[2]!r})")
>           raise AssertionError(detail)
E           AssertionError: 3 of 80 cases differ; first: ed ['-ls'] with files ['f.txt', 'other.txt'] and script 'a\ne.e\nMixed Case\n.\n2s.t\\|th.\\\\.I\n/*a/-v.b\\{1,\\}.c\\\nchg\\\n.\nj\n.;v|\\(ab\\)*|t.\n,$+1\nv|o\\{0,1\\}|w out.txt\n+2s|[]a]|\\\\|gn\n$+1u\n,n\n' on a pipe: expected output b'?\n?\n?\nMixed Case\n?\n?\n?\n?\n1\te.e\n2\tMixed Case\n?\n' (zero status: True, files: {'f.txt': b'epsilon five\nepsilon five\nback\\slash\n[-a]\n0\n#hash\n', 'other.txt': b'aaa\naaa\ngamma three\nphalp\ne.e\n123\na!b\ndelta four\n'}), got b'?\n?\n?\nMixed Case\n?\n?\n?\n?\n?\n1\te.e\n2\tMixed Case\n?\n' (zero status: True, files: {'f.txt': b'epsilon five\nepsilon five\nback\\slash\n[-a]\n0\n#hash\n', 'other.txt': b'aaa\naaa\ngamma three\nphalp\ne.e\n123\na!b\ndelta four\n'})

/tests/test_outputs.py:179: AssertionError
==================================== PASSES ====================================
=========================== short test summary info ============================
PASSED ../../tests/test_outputs.py::test_launcher_stops_delegation_and_foreign_code
PASSED ../../tests/test_outputs.py::test_addresses
PASSED ../../tests/test_outputs.py::test_append_insert_change
PASSED ../../tests/test_outputs.py::test_delete_join_move_copy
PASSED ../../tests/test_outputs.py::test_substitute
PASSED ../../tests/test_outputs.py::test_global_commands
PASSED ../../tests/test_outputs.py::test_undo
PASSED ../../tests/test_outputs.py::test_print_list_number
PASSED ../../tests/test_outputs.py::test_regex_extended
PASSED ../../tests/test_outputs.py::test_files_and_write
PASSED ../../tests/test_outputs.py::test_errors_and_exit
PASSED ../../tests/test_outputs.py::test_options
PASSED ../../tests/test_outputs.py::test_mixed_scripts_1
PASSED ../../tests/test_outputs.py::test_mixed_scripts_2
PASSED ../../tests/test_outputs.py::test_mixed_scripts_3
PASSED ../../tests/test_outputs.py::test_mixed_scripts_4
PASSED ../../tests/test_outputs.py::test_mixed_scripts_5
PASSED ../../tests/test_outputs.py::test_mixed_scripts_6
PASSED ../../tests/test_outputs.py::test_generated_6
FAILED ../../tests/test_outputs.py::test_regex - AssertionError: 2 of 71 case...
FAILED ../../tests/test_outputs.py::test_generated_1 - AssertionError: 2 of 8...
FAILED ../../tests/test_outputs.py::test_generated_2 - AssertionError: 4 of 8...
FAILED ../../tests/test_outputs.py::test_generated_3 - AssertionError: 4 of 8...
FAILED ../../tests/test_outputs.py::test_generated_4 - AssertionError: 2 of 8...
FAILED ../../tests/test_outputs.py::test_generated_5 - AssertionError: 3 of 8...
FAILED ../../tests/test_outputs.py::test_generated_7 - AssertionError: 2 of 8...
FAILED ../../tests/test_outputs.py::test_generated_8 - AssertionError: 3 of 8...
======================== 8 failed, 19 passed in 44.66s =========================
