============================= test session starts ==============================
platform linux -- Python 3.13.12, pytest-9.1.1, pluggy-1.6.0
rootdir: /tests
plugins: json-ctrf-0.5.2
collected 27 items

../../tests/test_outputs.py ....FF....F........FFFFFF.F                  [100%]

=================================== FAILURES ===================================
_______________________________ test_substitute ________________________________

    def test_substitute():
>       check("substitute")

/tests/test_outputs.py:236: 
_ _ _ _ _ _ _ _ _ _ _ _ _ _ _ _ _ _ _ _ _ _ _ _ _ _ _ _ _ _ _ _ _ _ _ _ _ _ _ _ 

family = 'substitute'

    def check(family):
        cases = [c for c in CASES if c["family"] == family]
        assert cases, f"no cases for {family}"
        # each case runs in its own fresh directories, so cases are independent and can run
        # side by side; map() keeps the corpus order, so the first failure reported is stable
        with ThreadPoolExecutor(max_workers=WORKERS) as pool:
            results = list(pool.map(lambda case: (case, run([GNU_ED], case), run(DEMOTE + CANDIDATE, case)), cases))
        failures = [(case, want, got) for case, want, got in results if got != want]
        if failures:
            case, want, got = failures[0]
            detail = (f"{len(failures)} of {len(cases)} cases differ; first: ed {case['args']!r} with "
                      f"files {[n for n, _t in case['files']]} and script {case['script']!r} on a "
                      f"{case['stdin']}: expected output {want[0]!r} (zero status: {want[1]}, files: "
                      f"{want[2]!r}), got {got[0]!r} (zero status: {got[1]}, files: {got[2]!r})")
>           raise AssertionError(detail)
E           AssertionError: 4 of 84 cases differ; first: ed [] with files [] and script 'a\nab\n.\ns/x*/-/2\np\ns/x*/-/3\np\ns/b*/-/2\np\nQ\n' on a pipe: expected output b'-ab\n--ab\n---ab\n' (zero status: True, files: {}), got b'?\nab\n?\nab\n?\nab\n' (zero status: False, files: {})

/tests/test_outputs.py:179: AssertionError
_____________________________ test_global_commands _____________________________

    def test_global_commands():
>       check("global_commands")

/tests/test_outputs.py:240: 
_ _ _ _ _ _ _ _ _ _ _ _ _ _ _ _ _ _ _ _ _ _ _ _ _ _ _ _ _ _ _ _ _ _ _ _ _ _ _ _ 

family = 'global_commands'

    def check(family):
        cases = [c for c in CASES if c["family"] == family]
        assert cases, f"no cases for {family}"
        # each case runs in its own fresh directories, so cases are independent and can run
        # side by side; map() keeps the corpus order, so the first failure reported is stable
        with ThreadPoolExecutor(max_workers=WORKERS) as pool:
            results = list(pool.map(lambda case: (case, run([GNU_ED], case), run(DEMOTE + CANDIDATE, case)), cases))
        failures = [(case, want, got) for case, want, got in results if got != want]
        if failures:
            case, want, got = failures[0]
            detail = (f"{len(failures)} of {len(cases)} cases differ; first: ed {case['args']!r} with "
                      f"files {[n for n, _t in case['files']]} and script {case['script']!r} on a "
                      f"{case['stdin']}: expected output {want[0]!r} (zero status: {want[1]}, files: "
                      f"{want[2]!r}), got {got[0]!r} (zero status: {got[1]}, files: {got[2]!r})")
>           raise AssertionError(detail)
E           AssertionError: 6 of 63 cases differ; first: ed ['f.txt'] with files ['f.txt'] and script 'g/a/s/a/b\\\np\nQ\n' on a file: expected output b'2\np\np\n' (zero status: True, files: {'f.txt': b'a\n'}), got b'2\np\n' (zero status: True, files: {'f.txt': b'a\n'})

/tests/test_outputs.py:179: AssertionError
_____________________________ test_files_and_write _____________________________

    def test_files_and_write():
>       check("files_and_write")

/tests/test_outputs.py:260: 
_ _ _ _ _ _ _ _ _ _ _ _ _ _ _ _ _ _ _ _ _ _ _ _ _ _ _ _ _ _ _ _ _ _ _ _ _ _ _ _ 

family = 'files_and_write'

    def check(family):
        cases = [c for c in CASES if c["family"] == family]
        assert cases, f"no cases for {family}"
        # each case runs in its own fresh directories, so cases are independent and can run
        # side by side; map() keeps the corpus order, so the first failure reported is stable
        with ThreadPoolExecutor(max_workers=WORKERS) as pool:
            results = list(pool.map(lambda case: (case, run([GNU_ED], case), run(DEMOTE + CANDIDATE, case)), cases))
        failures = [(case, want, got) for case, want, got in results if got != want]
        if failures:
            case, want, got = failures[0]
            detail = (f"{len(failures)} of {len(cases)} cases differ; first: ed {case['args']!r} with "
                      f"files {[n for n, _t in case['files']]} and script {case['script']!r} on a "
                      f"{case['stdin']}: expected output {want[0]!r} (zero status: {want[1]}, files: "
                      f"{want[2]!r}), got {got[0]!r} (zero status: {got[1]}, files: {got[2]!r})")
>           raise AssertionError(detail)
E           AssertionError: 1 of 85 cases differ; first: ed ['f.txt'] with files ['f.txt'] and script '2d\nE nothere.txt\nu\n=\nq\n' on a pipe: expected output b'4\n?\n?\n0\n' (zero status: False, files: {'f.txt': b'a\nb\n'}), got b'4\n?\n2\n' (zero status: False, files: {'f.txt': b'a\nb\n'})

/tests/test_outputs.py:179: AssertionError
_______________________________ test_generated_1 _______________________________

    def test_generated_1():
>       check("generated_1")

/tests/test_outputs.py:296: 
_ _ _ _ _ _ _ _ _ _ _ _ _ _ _ _ _ _ _ _ _ _ _ _ _ _ _ _ _ _ _ _ _ _ _ _ _ _ _ _ 

family = 'generated_1'

    def check(family):
        cases = [c for c in CASES if c["family"] == family]
        assert cases, f"no cases for {family}"
        # each case runs in its own fresh directories, so cases are independent and can run
        # side by side; map() keeps the corpus order, so the first failure reported is stable
        with ThreadPoolExecutor(max_workers=WORKERS) as pool:
            results = list(pool.map(lambda case: (case, run([GNU_ED], case), run(DEMOTE + CANDIDATE, case)), cases))
        failures = [(case, want, got) for case, want, got in results if got != want]
        if failures:
            case, want, got = failures[0]
            detail = (f"{len(failures)} of {len(cases)} cases differ; first: ed {case['args']!r} with "
                      f"files {[n for n, _t in case['files']]} and script {case['script']!r} on a "
                      f"{case['stdin']}: expected output {want[0]!r} (zero status: {want[1]}, files: "
                      f"{want[2]!r}), got {got[0]!r} (zero status: {got[1]}, files: {got[2]!r})")
>           raise AssertionError(detail)
E           AssertionError: 4 of 80 cases differ; first: ed ['f.txt', '-E'] with files ['f.txt', 'other.txt'] and script 'e missing.txt\n 6+ , 6 ka\n-;6pn\n//;s;a|b;;g\n6+=\nt1-1p\n--kb\n,n\n' on a pipe: expected output b'39\n?\n?\n?\n?\n?\n?\n?\n?\n' (zero status: False, files: {'f.txt': b'beta two\na-b\na|b\n123\nabab\nepsilon five\n', 'other.txt': b'0\naaa\nabab\n'}), got b'39\n?\n?\n?\n?\n?\n?\n?\n?\n?\n' (zero status: False, files: {'f.txt': b'beta two\na-b\na|b\n123\nabab\nepsilon five\n', 'other.txt': b'0\naaa\nabab\n'})

/tests/test_outputs.py:179: AssertionError
_______________________________ test_generated_2 _______________________________

    def test_generated_2():
>       check("generated_2")

/tests/test_outputs.py:300: 
_ _ _ _ _ _ _ _ _ _ _ _ _ _ _ _ _ _ _ _ _ _ _ _ _ _ _ _ _ _ _ _ _ _ _ _ _ _ _ _ 

family = 'generated_2'

    def check(family):
        cases = [c for c in CASES if c["family"] == family]
        assert cases, f"no cases for {family}"
        # each case runs in its own fresh directories, so cases are independent and can run
        # side by side; map() keeps the corpus order, so the first failure reported is stable
        with ThreadPoolExecutor(max_workers=WORKERS) as pool:
            results = list(pool.map(lambda case: (case, run([GNU_ED], case), run(DEMOTE + CANDIDATE, case)), cases))
        failures = [(case, want, got) for case, want, got in results if got != want]
        if failures:
            case, want, got = failures[0]
            detail = (f"{len(failures)} of {len(cases)} cases differ; first: ed {case['args']!r} with "
                      f"files {[n for n, _t in case['files']]} and script {case['script']!r} on a "
                      f"{case['stdin']}: expected output {want[0]!r} (zero status: {want[1]}, files: "
                      f"{want[2]!r}), got {got[0]!r} (zero status: {got[1]}, files: {got[2]!r})")
>           raise AssertionError(detail)
E           AssertionError: 4 of 80 cases differ; first: ed ['new.txt'] with files ['f.txt', 'other.txt'] and script 'a\nepsilon five\nbeta two\nx1 y2 z3\na-b\n.\n + +1 , --+ jpn\n/[[:alpha:]]\\+/,//t3np\n$;.-a\nq y\n.\n+2-1,4-,??# note\n4-,t$+1\n;n\n,$g|.|s/e/E\n,p\n' on a pipe: expected output b'?\n4\tepsilon five\n?\n5\tq y\n6\ta-b\nEpsilon five\nEpsilon five\nbEta two\nbEta two\nx1 y2 z3\nx1 y2 z3\nEpsilon five\nEpsilon five\nq y\nq y\na-b\na-b\nEpsilon five\nbEta two\nx1 y2 z3\nEpsilon five\nq y\na-b\n?\n' (zero status: False, files: {'f.txt': b'0\n#hash\nepsilon five\na.b\ngamma three\nalpha one\n', 'other.txt': b'trail  \n  lead\ndelta four\n/slash/\nbeta two\n123\n#hash\nphalp\n'}), got b'?\n4\tepsilon five\n?\n5\tq y\n6\ta-b\nEpsilon five\nbEta two\nx1 y2 z3\nEpsilon five\nq y\na-b\nEpsilon five\nbEta two\nx1 y2 z3\nEpsilon five\nq y\na-b\n?\n' (zero status: False, files: {'f.txt': b'0\n#hash\nepsilon five\na.b\ngamma three\nalpha one\n', 'other.txt': b'trail  \n  lead\ndelta four\n/slash/\nbeta two\n123\n#hash\nphalp\n'})

/tests/test_outputs.py:179: AssertionError
_______________________________ test_generated_3 _______________________________

    def test_generated_3():
>       check("generated_3")

/tests/test_outputs.py:304: 
_ _ _ _ _ _ _ _ _ _ _ _ _ _ _ _ _ _ _ _ _ _ _ _ _ _ _ _ _ _ _ _ _ _ _ _ _ _ _ _ 

family = 'generated_3'

    def check(family):
        cases = [c for c in CASES if c["family"] == family]
        assert cases, f"no cases for {family}"
        # each case runs in its own fresh directories, so cases are independent and can run
        # side by side; map() keeps the corpus order, so the first failure reported is stable
        with ThreadPoolExecutor(max_workers=WORKERS) as pool:
            results = list(pool.map(lambda case: (case, run([GNU_ED], case), run(DEMOTE + CANDIDATE, case)), cases))
        failures = [(case, want, got) for case, want, got in results if got != want]
        if failures:
            case, want, got = failures[0]
            detail = (f"{len(failures)} of {len(cases)} cases differ; first: ed {case['args']!r} with "
                      f"files {[n for n, _t in case['files']]} and script {case['script']!r} on a "
                      f"{case['stdin']}: expected output {want[0]!r} (zero status: {want[1]}, files: "
                      f"{want[2]!r}), got {got[0]!r} (zero status: {got[1]}, files: {got[2]!r})")
>           raise AssertionError(detail)
E           AssertionError: 4 of 80 cases differ; first: ed ['-E', 'new.txt'] with files ['f.txt', 'other.txt'] and script 'a\ngamma three\n#hash\nback\\slash\n\naaa\nback\\slash\n.\ns;[^[:alpha:] ];\\2\\1;gp\nu1\np\n /[-a]/ , 1 +1 v/t|th/a\\\nadded\\\n.\n. +1,jpp\nw\n' on a pipe: expected output b'back21slash\n?\nback21slash\n?\n52\n' (zero status: False, files: {'f.txt': b'under_score\nab*c\n123\n', 'new.txt': b'gamma three\n#hash\nadded\nback\\slash\n\naaa\nback21slash\n', 'other.txt': b'gamma three\nalpha one\nphalp\na-b\nphalp\n/slash/\nunder_score\n'}), got b'backslash\n?\nbackslash\n?\n50\n' (zero status: False, files: {'f.txt': b'under_score\nab*c\n123\n', 'new.txt': b'gamma three\n#hash\nadded\nback\\slash\n\naaa\nbackslash\n', 'other.txt': b'gamma three\nalpha one\nphalp\na-b\nphalp\n/slash/\nunder_score\n'})

/tests/test_outputs.py:179: AssertionError
_______________________________ test_generated_4 _______________________________

    def test_generated_4():
>       check("generated_4")

/tests/test_outputs.py:308: 
_ _ _ _ _ _ _ _ _ _ _ _ _ _ _ _ _ _ _ _ _ _ _ _ _ _ _ _ _ _ _ _ _ _ _ _ _ _ _ _ 

family = 'generated_4'

    def check(family):
        cases = [c for c in CASES if c["family"] == family]
        assert cases, f"no cases for {family}"
        # each case runs in its own fresh directories, so cases are independent and can run
        # side by side; map() keeps the corpus order, so the first failure reported is stable
        with ThreadPoolExecutor(max_workers=WORKERS) as pool:
            results = list(pool.map(lambda case: (case, run([GNU_ED], case), run(DEMOTE + CANDIDATE, case)), cases))
        failures = [(case, want, got) for case, want, got in results if got != want]
        if failures:
            case, want, got = failures[0]
            detail = (f"{len(failures)} of {len(cases)} cases differ; first: ed {case['args']!r} with "
                      f"files {[n for n, _t in case['files']]} and script {case['script']!r} on a "
                      f"{case['stdin']}: expected output {want[0]!r} (zero status: {want[1]}, files: "
                      f"{want[2]!r}), got {got[0]!r} (zero status: {got[1]}, files: {got[2]!r})")
>           raise AssertionError(detail)
E           AssertionError: 4 of 80 cases differ; first: ed ['-s', '-l', 'f.txt'] with files ['f.txt', 'other.txt'] and script 'g/a\\{1,2\\}/u\ns#[[:alpha:]]\\+##gn\nsgp\n/[^a-e]/-1,9,8+s|\\(a|-&-|\n//;++a\nbeta\na|b\n.\nf other.txt\ns/a/b/q\n.;n\nQ\n' on a pipe: expected output b'?\n1\t \n?\n?\nother.txt\n?\n6\ta|b\n' (zero status: True, files: {'f.txt': b'alpha one\nab*c\na.b\n{2}\nepsilon five\nphalp\n0\nepsilon five\n  lead\nab*c\n', 'other.txt': b'delta four\n{2}\n/slash/\nphalp\ndelta four\nphalp\na.b\nfoo bar foo\n'}), got b'?\n1\t \n?\n?\n?\n?\n?\n \nother.txt\n?\n1\t \n' (zero status: True, files: {'f.txt': b'alpha one\nab*c\na.b\n{2}\nepsilon five\nphalp\n0\nepsilon five\n  lead\nab*c\n', 'other.txt': b'delta four\n{2}\n/slash/\nphalp\ndelta four\nphalp\na.b\nfoo bar foo\n'})

/tests/test_outputs.py:179: AssertionError
_______________________________ test_generated_5 _______________________________

    def test_generated_5():
>       check("generated_5")

/tests/test_outputs.py:312: 
_ _ _ _ _ _ _ _ _ _ _ _ _ _ _ _ _ _ _ _ _ _ _ _ _ _ _ _ _ _ _ _ _ _ _ _ _ _ _ _ 

family = 'generated_5'

    def check(family):
        cases = [c for c in CASES if c["family"] == family]
        assert cases, f"no cases for {family}"
        # each case runs in its own fresh directories, so cases are independent and can run
        # side by side; map() keeps the corpus order, so the first failure reported is stable
        with ThreadPoolExecutor(max_workers=WORKERS) as pool:
            results = list(pool.map(lambda case: (case, run([GNU_ED], case), run(DEMOTE + CANDIDATE, case)), cases))
        failures = [(case, want, got) for case, want, got in results if got != want]
        if failures:
            case, want, got = failures[0]
            detail = (f"{len(failures)} of {len(cases)} cases differ; first: ed {case['args']!r} with "
                      f"files {[n for n, _t in case['files']]} and script {case['script']!r} on a "
                      f"{case['stdin']}: expected output {want[0]!r} (zero status: {want[1]}, files: "
                      f"{want[2]!r}), got {got[0]!r} (zero status: {got[1]}, files: {got[2]!r})")
>           raise AssertionError(detail)
E           AssertionError: 8 of 80 cases differ; first: ed ['new.txt'] with files ['f.txt', 'other.txt'] and script 'a\n0\nx1 y2 z3\na!b\ntt th t\nMixed Case\nabab\nphalp\na!b\n.\n,sp\na\n..\na|b\n.\nE\tsub/new.txt\nw\n' on a pipe: expected output b'?\n?\n?\n' (zero status: False, files: {'f.txt': b'ab*c\nfoo bar foo\n', 'other.txt': b'[-a]\n[-a]\na|b\ndelta four\nab*c\n#hash\n  lead\nMixed Case\nabab\nalpha one\n[-a]\naaa\n'}), got b'?\n?\n?\n?\n' (zero status: False, files: {'f.txt': b'ab*c\nfoo bar foo\n', 'other.txt': b'[-a]\n[-a]\na|b\ndelta four\nab*c\n#hash\n  lead\nMixed Case\nabab\nalpha one\n[-a]\naaa\n'})

/tests/test_outputs.py:179: AssertionError
_______________________________ test_generated_6 _______________________________

    def test_generated_6():
>       check("generated_6")

/tests/test_outputs.py:316: 
_ _ _ _ _ _ _ _ _ _ _ _ _ _ _ _ _ _ _ _ _ _ _ _ _ _ _ _ _ _ _ _ _ _ _ _ _ _ _ _ 

family = 'generated_6'

    def check(family):
        cases = [c for c in CASES if c["family"] == family]
        assert cases, f"no cases for {family}"
        # each case runs in its own fresh directories, so cases are independent and can run
        # side by side; map() keeps the corpus order, so the first failure reported is stable
        with ThreadPoolExecutor(max_workers=WORKERS) as pool:
            results = list(pool.map(lambda case: (case, run([GNU_ED], case), run(DEMOTE + CANDIDATE, case)), cases))
        failures = [(case, want, got) for case, want, got in results if got != want]
        if failures:
            case, want, got = failures[0]
            detail = (f"{len(failures)} of {len(cases)} cases differ; first: ed {case['args']!r} with "
                      f"files {[n for n, _t in case['files']]} and script {case['script']!r} on a "
                      f"{case['stdin']}: expected output {want[0]!r} (zero status: {want[1]}, files: "
                      f"{want[2]!r}), got {got[0]!r} (zero status: {got[1]}, files: {got[2]!r})")
>           raise AssertionError(detail)
E           AssertionError: 5 of 80 cases differ; first: ed ['-sl', 'f.txt'] with files ['f.txt', 'other.txt'] and script '5;d\n-2;2+1s#\\(ab\\)*#\\2\\1#n\nw sub/new.txt\nf\tout.txt\nux\n,p\n' on a pipe: expected output b'3\t2[-a]\n?\nout.txt\n?\nfoo bar foo\n\n2[-a]\n{2}\nepsilon five\ntt th t\ngamma three\nMixed Case\n?\n' (zero status: True, files: {'f.txt': b'foo bar foo\n\n[-a]\n{2}\nx1 y2 z3\nepsilon five\ntt th t\ngamma three\nMixed Case\n', 'other.txt': b'\naaa\ntt th t\nab*c\n#hash\ngamma three\ntt th t\nunder_score\nunder_score\ntab\there\n'}), got b'3\t[-a]\n?\nout.txt\n?\nfoo bar foo\n\n[-a]\n{2}\nepsilon five\ntt th t\ngamma three\nMixed Case\n?\n' (zero status: True, files: {'f.txt': b'foo bar foo\n\n[-a]\n{2}\nx1 y2 z3\nepsilon five\ntt th t\ngamma three\nMixed Case\n', 'other.txt': b'\naaa\ntt th t\nab*c\n#hash\ngamma three\ntt th t\nunder_score\nunder_score\ntab\there\n'})

/tests/test_outputs.py:179: AssertionError
_______________________________ test_generated_8 _______________________________

    def test_generated_8():
>       check("generated_8")

/tests/test_outputs.py:324: 
_ _ _ _ _ _ _ _ _ _ _ _ _ _ _ _ _ _ _ _ _ _ _ _ _ _ _ _ _ _ _ _ _ _ _ _ _ _ _ _ 

family = 'generated_8'

    def check(family):
        cases = [c for c in CASES if c["family"] == family]
        assert cases, f"no cases for {family}"
        # each case runs in its own fresh directories, so cases are independent and can run
        # side by side; map() keeps the corpus order, so the first failure reported is stable
        with ThreadPoolExecutor(max_workers=WORKERS) as pool:
            results = list(pool.map(lambda case: (case, run([GNU_ED], case), run(DEMOTE + CANDIDATE, case)), cases))
        failures = [(case, want, got) for case, want, got in results if got != want]
        if failures:
            case, want, got = failures[0]
            detail = (f"{len(failures)} of {len(cases)} cases differ; first: ed {case['args']!r} with "
                      f"files {[n for n, _t in case['files']]} and script {case['script']!r} on a "
                      f"{case['stdin']}: expected output {want[0]!r} (zero status: {want[1]}, files: "
                      f"{want[2]!r}), got {got[0]!r} (zero status: {got[1]}, files: {got[2]!r})")
>           raise AssertionError(detail)
E           AssertionError: 6 of 80 cases differ; first: ed ['-E', 'f.txt'] with files ['f.txt', 'other.txt'] and script " /t|th/- , +2+ g,a^b,-1p\nka\nt.np\n'a-g/o+/-1p\n-;++sn\ns/[-a]/\\2\\1\n 'a , /t|th/ g#a{1,2}b#s/e/E\nsgp\nQ\n" on a pipe: expected output b'107\n?\n15\ta!b\n?\n21!b\n?\n?\n' (zero status: False, files: {'f.txt': b'a.b\ntab\there\ntt th t\nab*c\n#hash\ntt th t\n{2}\nepsilon five\ntrail  \nMixed Case\ntrail  \nMixed Case\ntrail  \na!b\n', 'other.txt': b'under_score\n#hash\nepsilon five\n{2}\nx1 y2 z3\n{2}\nunder_score\nMixed Case\na.b\ntab\there\na.b\nphalp\n'}), got b'107\n?\n15\ta!b\n?\n!b\n?\n?\n' (zero status: False, files: {'f.txt': b'a.b\ntab\there\ntt th t\nab*c\n#hash\ntt th t\n{2}\nepsilon five\ntrail  \nMixed Case\ntrail  \nMixed Case\ntrail  \na!b\n', 'other.txt': b'under_score\n#hash\nepsilon five\n{2}\nx1 y2 z3\n{2}\nunder_score\nMixed Case\na.b\ntab\there\na.b\nphalp\n'})

/tests/test_outputs.py:179: AssertionError
==================================== PASSES ====================================
=========================== short test summary info ============================
PASSED ../../tests/test_outputs.py::test_launcher_stops_delegation_and_foreign_code
PASSED ../../tests/test_outputs.py::test_addresses
PASSED ../../tests/test_outputs.py::test_append_insert_change
PASSED ../../tests/test_outputs.py::test_delete_join_move_copy
PASSED ../../tests/test_outputs.py::test_undo
PASSED ../../tests/test_outputs.py::test_print_list_number
PASSED ../../tests/test_outputs.py::test_regex
PASSED ../../tests/test_outputs.py::test_regex_extended
PASSED ../../tests/test_outputs.py::test_errors_and_exit
PASSED ../../tests/test_outputs.py::test_options
PASSED ../../tests/test_outputs.py::test_mixed_scripts_1
PASSED ../../tests/test_outputs.py::test_mixed_scripts_2
PASSED ../../tests/test_outputs.py::test_mixed_scripts_3
PASSED ../../tests/test_outputs.py::test_mixed_scripts_4
PASSED ../../tests/test_outputs.py::test_mixed_scripts_5
PASSED ../../tests/test_outputs.py::test_mixed_scripts_6
PASSED ../../tests/test_outputs.py::test_generated_7
FAILED ../../tests/test_outputs.py::test_substitute - AssertionError: 4 of 84...
FAILED ../../tests/test_outputs.py::test_global_commands - AssertionError: 6 ...
FAILED ../../tests/test_outputs.py::test_files_and_write - AssertionError: 1 ...
FAILED ../../tests/test_outputs.py::test_generated_1 - AssertionError: 4 of 8...
FAILED ../../tests/test_outputs.py::test_generated_2 - AssertionError: 4 of 8...
FAILED ../../tests/test_outputs.py::test_generated_3 - AssertionError: 4 of 8...
FAILED ../../tests/test_outputs.py::test_generated_4 - AssertionError: 4 of 8...
FAILED ../../tests/test_outputs.py::test_generated_5 - AssertionError: 8 of 8...
FAILED ../../tests/test_outputs.py::test_generated_6 - AssertionError: 5 of 8...
FAILED ../../tests/test_outputs.py::test_generated_8 - AssertionError: 6 of 8...
======================== 10 failed, 17 passed in 12.58s ========================
