============================= test session starts ==============================
platform linux -- Python 3.13.12, pytest-9.1.1, pluggy-1.6.0
rootdir: /tests
plugins: json-ctrf-0.5.2
collected 27 items

../../tests/test_outputs.py ....FF....F....FF.FF.F.FF.F                  [100%]

=================================== FAILURES ===================================
_______________________________ test_substitute ________________________________

    def test_substitute():
>       check("substitute")

/tests/test_outputs.py:236: 
_ _ _ _ _ _ _ _ _ _ _ _ _ _ _ _ _ _ _ _ _ _ _ _ _ _ _ _ _ _ _ _ _ _ _ _ _ _ _ _ 

family = 'substitute'

    def check(family):
        cases = [c for c in CASES if c["family"] == family]
        assert cases, f"no cases for {family}"
        # each case runs in its own fresh directories, so cases are independent and can run
        # side by side; map() keeps the corpus order, so the first failure reported is stable
        with ThreadPoolExecutor(max_workers=WORKERS) as pool:
            results = list(pool.map(lambda case: (case, run([GNU_ED], case), run(DEMOTE + CANDIDATE, case)), cases))
        failures = [(case, want, got) for case, want, got in results if got != want]
        if failures:
            case, want, got = failures[0]
            detail = (f"{len(failures)} of {len(cases)} cases differ; first: ed {case['args']!r} with "
                      f"files {[n for n, _t in case['files']]} and script {case['script']!r} on a "
                      f"{case['stdin']}: expected output {want[0]!r} (zero status: {want[1]}, files: "
                      f"{want[2]!r}), got {got[0]!r} (zero status: {got[1]}, files: {got[2]!r})")
>           raise AssertionError(detail)
E           AssertionError: 1 of 84 cases differ; first: ed ['-s', 'f.txt'] with files ['f.txt'] and script ',s/$/;/\n,p\n' on a pipe: expected output b'alpha one;\nbeta two;\ngamma three;\ndelta four;\nepsilon five;\nzeta six;\neta seven;\ntheta eight;\niota nine;\nkappa ten;\n?\n' (zero status: False, files: {'f.txt': b'alpha one\nbeta two\ngamma three\ndelta four\nepsilon five\nzeta six\neta seven\ntheta eight\niota nine\nkappa ten\n'}), got b'?\nalpha one\nbeta two\ngamma three\ndelta four\nepsilon five\nzeta six\neta seven\ntheta eight\niota nine\nkappa ten\n' (zero status: False, files: {'f.txt': b'alpha one\nbeta two\ngamma three\ndelta four\nepsilon five\nzeta six\neta seven\ntheta eight\niota nine\nkappa ten\n'})

/tests/test_outputs.py:179: AssertionError
_____________________________ test_global_commands _____________________________

    def test_global_commands():
>       check("global_commands")

/tests/test_outputs.py:240: 
_ _ _ _ _ _ _ _ _ _ _ _ _ _ _ _ _ _ _ _ _ _ _ _ _ _ _ _ _ _ _ _ _ _ _ _ _ _ _ _ 

family = 'global_commands'

    def check(family):
        cases = [c for c in CASES if c["family"] == family]
        assert cases, f"no cases for {family}"
        # each case runs in its own fresh directories, so cases are independent and can run
        # side by side; map() keeps the corpus order, so the first failure reported is stable
        with ThreadPoolExecutor(max_workers=WORKERS) as pool:
            results = list(pool.map(lambda case: (case, run([GNU_ED], case), run(DEMOTE + CANDIDATE, case)), cases))
        failures = [(case, want, got) for case, want, got in results if got != want]
        if failures:
            case, want, got = failures[0]
            detail = (f"{len(failures)} of {len(cases)} cases differ; first: ed {case['args']!r} with "
                      f"files {[n for n, _t in case['files']]} and script {case['script']!r} on a "
                      f"{case['stdin']}: expected output {want[0]!r} (zero status: {want[1]}, files: "
                      f"{want[2]!r}), got {got[0]!r} (zero status: {got[1]}, files: {got[2]!r})")
>           raise AssertionError(detail)
E           AssertionError: 1 of 63 cases differ; first: ed ['-s', 'f.txt'] with files ['f.txt'] and script 'gIE\n' on a pipe: expected output b'' (zero status: True, files: {'f.txt': b'alpha one\nbeta two\ngamma three\ndelta four\nepsilon five\nzeta six\neta seven\ntheta eight\niota nine\nkappa ten\n'}), got b'?\n' (zero status: False, files: {'f.txt': b'alpha one\nbeta two\ngamma three\ndelta four\nepsilon five\nzeta six\neta seven\ntheta eight\niota nine\nkappa ten\n'})

/tests/test_outputs.py:179: AssertionError
_____________________________ test_files_and_write _____________________________

    def test_files_and_write():
>       check("files_and_write")

/tests/test_outputs.py:260: 
_ _ _ _ _ _ _ _ _ _ _ _ _ _ _ _ _ _ _ _ _ _ _ _ _ _ _ _ _ _ _ _ _ _ _ _ _ _ _ _ 

family = 'files_and_write'

    def check(family):
        cases = [c for c in CASES if c["family"] == family]
        assert cases, f"no cases for {family}"
        # each case runs in its own fresh directories, so cases are independent and can run
        # side by side; map() keeps the corpus order, so the first failure reported is stable
        with ThreadPoolExecutor(max_workers=WORKERS) as pool:
            results = list(pool.map(lambda case: (case, run([GNU_ED], case), run(DEMOTE + CANDIDATE, case)), cases))
        failures = [(case, want, got) for case, want, got in results if got != want]
        if failures:
            case, want, got = failures[0]
            detail = (f"{len(failures)} of {len(cases)} cases differ; first: ed {case['args']!r} with "
                      f"files {[n for n, _t in case['files']]} and script {case['script']!r} on a "
                      f"{case['stdin']}: expected output {want[0]!r} (zero status: {want[1]}, files: "
                      f"{want[2]!r}), got {got[0]!r} (zero status: {got[1]}, files: {got[2]!r})")
>           raise AssertionError(detail)
E           AssertionError: 2 of 85 cases differ; first: ed [] with files [] and script 'a\nx\n.\nw out\\\n.txt\nQ\n' on a pipe: expected output b'2\n' (zero status: True, files: {'out.txt': b'x\n'}), got b'2\n?\n' (zero status: False, files: {'out\\': b'x\n'})

/tests/test_outputs.py:179: AssertionError
_____________________________ test_mixed_scripts_3 _____________________________

    def test_mixed_scripts_3():
>       check("mixed_scripts_3")

/tests/test_outputs.py:280: 
_ _ _ _ _ _ _ _ _ _ _ _ _ _ _ _ _ _ _ _ _ _ _ _ _ _ _ _ _ _ _ _ _ _ _ _ _ _ _ _ 

family = 'mixed_scripts_3'

    def check(family):
        cases = [c for c in CASES if c["family"] == family]
        assert cases, f"no cases for {family}"
        # each case runs in its own fresh directories, so cases are independent and can run
        # side by side; map() keeps the corpus order, so the first failure reported is stable
        with ThreadPoolExecutor(max_workers=WORKERS) as pool:
            results = list(pool.map(lambda case: (case, run([GNU_ED], case), run(DEMOTE + CANDIDATE, case)), cases))
        failures = [(case, want, got) for case, want, got in results if got != want]
        if failures:
            case, want, got = failures[0]
            detail = (f"{len(failures)} of {len(cases)} cases differ; first: ed {case['args']!r} with "
                      f"files {[n for n, _t in case['files']]} and script {case['script']!r} on a "
                      f"{case['stdin']}: expected output {want[0]!r} (zero status: {want[1]}, files: "
                      f"{want[2]!r}), got {got[0]!r} (zero status: {got[1]}, files: {got[2]!r})")
>           raise AssertionError(detail)
E           AssertionError: 1 of 19 cases differ; first: ed ['-s', 'f.txt'] with files ['f.txt', 'other.txt'] and script "s/$/\\\n/n\n'a+d\n?a?+2;$+1s/o*/E/\n/e/;-d\n,c\n\n.\n'a+;.++a\nx y\n.\n$+1kb\n/nomatch/;=\n/o\\|a/++,$g/a/m0\n,n\n" on a file: expected output b'11\t\n?\n' (zero status: False, files: {'f.txt': b'alpha one\nbeta two\ngamma three\ndelta four\nepsilon five\nzeta six\neta seven\ntheta eight\niota nine\nkappa ten\n', 'other.txt': b'o1\no2\n'}), got b'?\n' (zero status: False, files: {'f.txt': b'alpha one\nbeta two\ngamma three\ndelta four\nepsilon five\nzeta six\neta seven\ntheta eight\niota nine\nkappa ten\n', 'other.txt': b'o1\no2\n'})

/tests/test_outputs.py:179: AssertionError
_____________________________ test_mixed_scripts_4 _____________________________

    def test_mixed_scripts_4():
>       check("mixed_scripts_4")

/tests/test_outputs.py:284: 
_ _ _ _ _ _ _ _ _ _ _ _ _ _ _ _ _ _ _ _ _ _ _ _ _ _ _ _ _ _ _ _ _ _ _ _ _ _ _ _ 

family = 'mixed_scripts_4'

    def check(family):
        cases = [c for c in CASES if c["family"] == family]
        assert cases, f"no cases for {family}"
        # each case runs in its own fresh directories, so cases are independent and can run
        # side by side; map() keeps the corpus order, so the first failure reported is stable
        with ThreadPoolExecutor(max_workers=WORKERS) as pool:
            results = list(pool.map(lambda case: (case, run([GNU_ED], case), run(DEMOTE + CANDIDATE, case)), cases))
        failures = [(case, want, got) for case, want, got in results if got != want]
        if failures:
            case, want, got = failures[0]
            detail = (f"{len(failures)} of {len(cases)} cases differ; first: ed {case['args']!r} with "
                      f"files {[n for n, _t in case['files']]} and script {case['script']!r} on a "
                      f"{case['stdin']}: expected output {want[0]!r} (zero status: {want[1]}, files: "
                      f"{want[2]!r}), got {got[0]!r} (zero status: {got[1]}, files: {got[2]!r})")
>           raise AssertionError(detail)
E           AssertionError: 1 of 21 cases differ; first: ed ['-s', 'f.txt'] with files ['f.txt', 'other.txt'] and script '11-2;j\n\n.;5j\ng/t/s//X/g\n?a?;9s/^/&&/g\nu\n,w f.txt\n,n\n' on a pipe: expected output b'kappa ten\n?\n1\talpha one\n2\tbeXa Xwo\n3\tgamma Xhree\n4\tdelXa four\n5\tepsilon five\n6\tzeXa six\n7\teXa seven\n8\tXheXa eighX\n9\tioXa nine\n10\tkappa Xen\n' (zero status: False, files: {'f.txt': b'alpha one\nbeXa Xwo\ngamma Xhree\ndelXa four\nepsilon five\nzeXa six\neXa seven\nXheXa eighX\nioXa nine\nkappa Xen\n', 'other.txt': b'o1\no2\n'}), got b'kappa ten\n?\n?\n?\n1\talpha one\n2\tbeXa Xwo\n3\tgamma Xhree\n4\tdelXa four\n5\tepsilon five\n6\tzeXa six\n7\teXa seven\n8\tXheXa eighX\n9\tioXa nine\n10\tkappa Xen\n' (zero status: False, files: {'f.txt': b'alpha one\nbeXa Xwo\ngamma Xhree\ndelXa four\nepsilon five\nzeXa six\neXa seven\nXheXa eighX\nioXa nine\nkappa Xen\n', 'other.txt': b'o1\no2\n'})

/tests/test_outputs.py:179: AssertionError
_____________________________ test_mixed_scripts_6 _____________________________

    def test_mixed_scripts_6():
>       check("mixed_scripts_6")

/tests/test_outputs.py:292: 
_ _ _ _ _ _ _ _ _ _ _ _ _ _ _ _ _ _ _ _ _ _ _ _ _ _ _ _ _ _ _ _ _ _ _ _ _ _ _ _ 

family = 'mixed_scripts_6'

    def check(family):
        cases = [c for c in CASES if c["family"] == family]
        assert cases, f"no cases for {family}"
        # each case runs in its own fresh directories, so cases are independent and can run
        # side by side; map() keeps the corpus order, so the first failure reported is stable
        with ThreadPoolExecutor(max_workers=WORKERS) as pool:
            results = list(pool.map(lambda case: (case, run([GNU_ED], case), run(DEMOTE + CANDIDATE, case)), cases))
        failures = [(case, want, got) for case, want, got in results if got != want]
        if failures:
            case, want, got = failures[0]
            detail = (f"{len(failures)} of {len(cases)} cases differ; first: ed {case['args']!r} with "
                      f"files {[n for n, _t in case['files']]} and script {case['script']!r} on a "
                      f"{case['stdin']}: expected output {want[0]!r} (zero status: {want[1]}, files: "
                      f"{want[2]!r}), got {got[0]!r} (zero status: {got[1]}, files: {got[2]!r})")
>           raise AssertionError(detail)
E           AssertionError: 1 of 10 cases differ; first: ed ['-s', '-l', 'f.txt'] with files ['f.txt', 'other.txt'] and script '+=\n?a?++kb\np\n//+1d\n3s/$/<&>/gp\n7;//d\n;$r other.txt\nkb\n,n\n' on a pipe: expected output b'?\n?\nkappa ten\ndelta four<>\n1\talpha one\n2\tgamma three\n3\tdelta four<>\n4\tepsilon five\n5\tzeta six\n6\teta seven\n7\tkappa ten\n8\to1\n9\to2\n?\n' (zero status: True, files: {'f.txt': b'alpha one\nbeta two\ngamma three\ndelta four\nepsilon five\nzeta six\neta seven\ntheta eight\niota nine\nkappa ten\n', 'other.txt': b'o1\no2\n'}), got b'?\n?\nkappa ten\n?\n?\n1\talpha one\n2\tgamma three\n3\tdelta four\n4\tepsilon five\n5\tzeta six\n6\teta seven\n7\ttheta eight\n8\tiota nine\n9\tkappa ten\n10\to1\n11\to2\n?\n' (zero status: True, files: {'f.txt': b'alpha one\nbeta two\ngamma three\ndelta four\nepsilon five\nzeta six\neta seven\ntheta eight\niota nine\nkappa ten\n', 'other.txt': b'o1\no2\n'})

/tests/test_outputs.py:179: AssertionError
_______________________________ test_generated_1 _______________________________

    def test_generated_1():
>       check("generated_1")

/tests/test_outputs.py:296: 
_ _ _ _ _ _ _ _ _ _ _ _ _ _ _ _ _ _ _ _ _ _ _ _ _ _ _ _ _ _ _ _ _ _ _ _ _ _ _ _ 

family = 'generated_1'

    def check(family):
        cases = [c for c in CASES if c["family"] == family]
        assert cases, f"no cases for {family}"
        # each case runs in its own fresh directories, so cases are independent and can run
        # side by side; map() keeps the corpus order, so the first failure reported is stable
        with ThreadPoolExecutor(max_workers=WORKERS) as pool:
            results = list(pool.map(lambda case: (case, run([GNU_ED], case), run(DEMOTE + CANDIDATE, case)), cases))
        failures = [(case, want, got) for case, want, got in results if got != want]
        if failures:
            case, want, got = failures[0]
            detail = (f"{len(failures)} of {len(cases)} cases differ; first: ed {case['args']!r} with "
                      f"files {[n for n, _t in case['files']]} and script {case['script']!r} on a "
                      f"{case['stdin']}: expected output {want[0]!r} (zero status: {want[1]}, files: "
                      f"{want[2]!r}), got {got[0]!r} (zero status: {got[1]}, files: {got[2]!r})")
>           raise AssertionError(detail)
E           AssertionError: 2 of 80 cases differ; first: ed ['f.txt'] with files ['f.txt', 'other.txt'] and script ',$-1s,$,<&>,gn\n,?|?-1p\n/a\\{1,2\\}/,dpp\n$px\n1n\nu\n2-1;g;[-a];s/e/E\n,p\n' on a pipe: expected output b'21\n1\t/slash/<>\n?\n?\n?\n1\t/slash/<>\n/slash/\n/slash/\n/slash/\nepsilon five\n' (zero status: False, files: {'f.txt': b'/slash/\nepsilon five\n', 'other.txt': b'e.e\n[-a]\n#hash\n  lead\n#hash\n/slash/\ngamma three\ne.e\n'}), got b'21\n?\n?\n?\n?\n1\t/slash/\n?\n/slash/\n/slash/\n/slash/\nepsilon five\n' (zero status: False, files: {'f.txt': b'/slash/\nepsilon five\n', 'other.txt': b'e.e\n[-a]\n#hash\n  lead\n#hash\n/slash/\ngamma three\ne.e\n'})

/tests/test_outputs.py:179: AssertionError
_______________________________ test_generated_3 _______________________________

    def test_generated_3():
>       check("generated_3")

/tests/test_outputs.py:304: 
_ _ _ _ _ _ _ _ _ _ _ _ _ _ _ _ _ _ _ _ _ _ _ _ _ _ _ _ _ _ _ _ _ _ _ _ _ _ _ _ 

family = 'generated_3'

    def check(family):
        cases = [c for c in CASES if c["family"] == family]
        assert cases, f"no cases for {family}"
        # each case runs in its own fresh directories, so cases are independent and can run
        # side by side; map() keeps the corpus order, so the first failure reported is stable
        with ThreadPoolExecutor(max_workers=WORKERS) as pool:
            results = list(pool.map(lambda case: (case, run([GNU_ED], case), run(DEMOTE + CANDIDATE, case)), cases))
        failures = [(case, want, got) for case, want, got in results if got != want]
        if failures:
            case, want, got = failures[0]
            detail = (f"{len(failures)} of {len(cases)} cases differ; first: ed {case['args']!r} with "
                      f"files {[n for n, _t in case['files']]} and script {case['script']!r} on a "
                      f"{case['stdin']}: expected output {want[0]!r} (zero status: {want[1]}, files: "
                      f"{want[2]!r}), got {got[0]!r} (zero status: {got[1]}, files: {got[2]!r})")
>           raise AssertionError(detail)
E           AssertionError: 1 of 80 cases differ; first: ed ['f.txt'] with files ['f.txt', 'other.txt'] and script ',8-p\nv;a^;m0\ns#^#\\2\\1\n1s/a/b/2g3\n.g|$|q\ndn\n,$i\nbeta\na|b\ne.e\n.\nip\n.\n,p\n' on a pipe: expected output b'64\n0\n#hash\n\ntt th t\n{2}\n#hash\n  lead\n21  lead\n?\n?\n1\tbeta two\ne.e\nbeta two\nabab\nx1 y2 z3\n  lead\n#hash\n{2}\ntt th t\n\n#hash\nbeta\na|b\ne.e\n0\n?\n' (zero status: False, files: {'f.txt': b'0\n#hash\n\ntt th t\n{2}\n#hash\n  lead\nx1 y2 z3\nabab\nbeta two\n  lead\n', 'other.txt': b'epsilon five\nab*c\nphalp\nfoo bar foo\n'}), got b'64\n0\n#hash\n\ntt th t\n{2}\n#hash\n  lead\n21  lead\n?\n1\tbeta two\ne.e\nbeta two\nabab\nx1 y2 z3\n  lead\n#hash\n{2}\ntt th t\n\n#hash\nbeta\na|b\ne.e\n0\n?\n' (zero status: False, files: {'f.txt': b'0\n#hash\n\ntt th t\n{2}\n#hash\n  lead\nx1 y2 z3\nabab\nbeta two\n  lead\n', 'other.txt': b'epsilon five\nab*c\nphalp\nfoo bar foo\n'})

/tests/test_outputs.py:179: AssertionError
_______________________________ test_generated_5 _______________________________

    def test_generated_5():
>       check("generated_5")

/tests/test_outputs.py:312: 
_ _ _ _ _ _ _ _ _ _ _ _ _ _ _ _ _ _ _ _ _ _ _ _ _ _ _ _ _ _ _ _ _ _ _ _ _ _ _ _ 

family = 'generated_5'

    def check(family):
        cases = [c for c in CASES if c["family"] == family]
        assert cases, f"no cases for {family}"
        # each case runs in its own fresh directories, so cases are independent and can run
        # side by side; map() keeps the corpus order, so the first failure reported is stable
        with ThreadPoolExecutor(max_workers=WORKERS) as pool:
            results = list(pool.map(lambda case: (case, run([GNU_ED], case), run(DEMOTE + CANDIDATE, case)), cases))
        failures = [(case, want, got) for case, want, got in results if got != want]
        if failures:
            case, want, got = failures[0]
            detail = (f"{len(failures)} of {len(cases)} cases differ; first: ed {case['args']!r} with "
                      f"files {[n for n, _t in case['files']]} and script {case['script']!r} on a "
                      f"{case['stdin']}: expected output {want[0]!r} (zero status: {want[1]}, files: "
                      f"{want[2]!r}), got {got[0]!r} (zero status: {got[1]}, files: {got[2]!r})")
>           raise AssertionError(detail)
E           AssertionError: 1 of 80 cases differ; first: ed ['-sl', 'f.txt'] with files ['f.txt', 'other.txt'] and script '1,/[[:digit:]]/+1# note\n,3s|b\\{1,\\}|-&-|0\n\ns|\\(ab\\)*|&&\n/[.]/+\n1-1,ap\n .\ne.e\n.\n.;/$/s/[^a-e]/\\&/p\n/!/ +1,=\n,n\n' on a pipe: expected output b'?\n?\n?\na!b\n?\ne.e\nab&c\n?\n1\t .\n2\te&e\n3\tab&c\n4\tepsilon five\n5\t[-a]\n6\ta|b\n7\tback\\slash\n8\tunder_score\n9\tab*c\n10\ta!b\n?\n' (zero status: True, files: {'f.txt': b'ab*c\nepsilon five\n[-a]\na|b\nback\\slash\nunder_score\nab*c\na!b\n', 'other.txt': b'aaa\n[-a]\ntrail  \ntt th t\n'}), got b'?\n?\n?\na!b\n?\ne.e\n?\n?\n1\t .\n2\te.e\n3\tab*c\n4\tepsilon five\n5\t[-a]\n6\ta|b\n7\tback\\slash\n8\tunder_score\n9\tab*c\n10\ta!b\n?\n' (zero status: True, files: {'f.txt': b'ab*c\nepsilon five\n[-a]\na|b\nback\\slash\nunder_score\nab*c\na!b\n', 'other.txt': b'aaa\n[-a]\ntrail  \ntt th t\n'})

/tests/test_outputs.py:179: AssertionError
_______________________________ test_generated_6 _______________________________

    def test_generated_6():
>       check("generated_6")

/tests/test_outputs.py:316: 
_ _ _ _ _ _ _ _ _ _ _ _ _ _ _ _ _ _ _ _ _ _ _ _ _ _ _ _ _ _ _ _ _ _ _ _ _ _ _ _ 

family = 'generated_6'

    def check(family):
        cases = [c for c in CASES if c["family"] == family]
        assert cases, f"no cases for {family}"
        # each case runs in its own fresh directories, so cases are independent and can run
        # side by side; map() keeps the corpus order, so the first failure reported is stable
        with ThreadPoolExecutor(max_workers=WORKERS) as pool:
            results = list(pool.map(lambda case: (case, run([GNU_ED], case), run(DEMOTE + CANDIDATE, case)), cases))
        failures = [(case, want, got) for case, want, got in results if got != want]
        if failures:
            case, want, got = failures[0]
            detail = (f"{len(failures)} of {len(cases)} cases differ; first: ed {case['args']!r} with "
                      f"files {[n for n, _t in case['files']]} and script {case['script']!r} on a "
                      f"{case['stdin']}: expected output {want[0]!r} (zero status: {want[1]}, files: "
                      f"{want[2]!r}), got {got[0]!r} (zero status: {got[1]}, files: {got[2]!r})")
>           raise AssertionError(detail)
E           AssertionError: 4 of 80 cases differ; first: ed ['f.txt', '-l'] with files ['f.txt', 'other.txt'] and script 't.\n,i\n.\ns.$.\\2\\1.p\nun\n3,1d\ntq\nip\ne.e\na|b\na|b\n.\n3u\ncp x\n,p\n' on a pipe: expected output b'16\nMixed Case21\n4\tMixed Case\n?\n?\na|b\n?\n?\n\na.b\nMixed Case\ne.e\na|b\na|b\nMixed Case\n?\n' (zero status: True, files: {'f.txt': b'\na.b\nMixed Case\n', 'other.txt': b'a-b\na-b\ntrail  \nab*c\n'}), got b'16\n?\n?\n?\n?\na|b\n?\n?\n\na.b\nMixed Case\ne.e\na|b\na|b\nMixed Case\n?\n' (zero status: True, files: {'f.txt': b'\na.b\nMixed Case\n', 'other.txt': b'a-b\na-b\ntrail  \nab*c\n'})

/tests/test_outputs.py:179: AssertionError
_______________________________ test_generated_8 _______________________________

    def test_generated_8():
>       check("generated_8")

/tests/test_outputs.py:324: 
_ _ _ _ _ _ _ _ _ _ _ _ _ _ _ _ _ _ _ _ _ _ _ _ _ _ _ _ _ _ _ _ _ _ _ _ _ _ _ _ 

family = 'generated_8'

    def check(family):
        cases = [c for c in CASES if c["family"] == family]
        assert cases, f"no cases for {family}"
        # each case runs in its own fresh directories, so cases are independent and can run
        # side by side; map() keeps the corpus order, so the first failure reported is stable
        with ThreadPoolExecutor(max_workers=WORKERS) as pool:
            results = list(pool.map(lambda case: (case, run([GNU_ED], case), run(DEMOTE + CANDIDATE, case)), cases))
        failures = [(case, want, got) for case, want, got in results if got != want]
        if failures:
            case, want, got = failures[0]
            detail = (f"{len(failures)} of {len(cases)} cases differ; first: ed {case['args']!r} with "
                      f"files {[n for n, _t in case['files']]} and script {case['script']!r} on a "
                      f"{case['stdin']}: expected output {want[0]!r} (zero status: {want[1]}, files: "
                      f"{want[2]!r}), got {got[0]!r} (zero status: {got[1]}, files: {got[2]!r})")
>           raise AssertionError(detail)
E           AssertionError: 2 of 80 cases differ; first: ed ['-s', '-l'] with files ['f.txt', 'other.txt'] and script 'a\ne.e\ntrail  \na.b\nback\\slash\n.\ns3\n/[[:punct:]]/ip\nbeta\n.\ng;\\(a;s/./&&/\\\n.=\ndnp\n//s|$|E\n/$/ +1;-2 +1i\n..\nnew\na|b\n.\n4;a\n\n .\n.\nf\tother.txt\nw\n' on a pipe: expected output b'?\nbeta\n?\n1\n1\te.e\na.bE\n?\n?\n?\n?\na.bE\nother.txt\n' (zero status: True, files: {'f.txt': b'/slash/\nabab\nphalp\ne.e\naaa\na|b\na-b\naaa\nMixed Case\nalpha one\na.b\nphalp\n', 'other.txt': b'e.e\ntrail  \na.bE\nback\\slash\n\n .\n'}), got b'?\nbeta\n?\n1\n1\te.e\n?\n?\n?\n?\n?\ne.e\nother.txt\n' (zero status: True, files: {'f.txt': b'/slash/\nabab\nphalp\ne.e\naaa\na|b\na-b\naaa\nMixed Case\nalpha one\na.b\nphalp\n', 'other.txt': b'e.e\ntrail  \na.b\nback\\slash\n\n .\n'})

/tests/test_outputs.py:179: AssertionError
==================================== PASSES ====================================
=========================== short test summary info ============================
PASSED ../../tests/test_outputs.py::test_launcher_stops_delegation_and_foreign_code
PASSED ../../tests/test_outputs.py::test_addresses
PASSED ../../tests/test_outputs.py::test_append_insert_change
PASSED ../../tests/test_outputs.py::test_delete_join_move_copy
PASSED ../../tests/test_outputs.py::test_undo
PASSED ../../tests/test_outputs.py::test_print_list_number
PASSED ../../tests/test_outputs.py::test_regex
PASSED ../../tests/test_outputs.py::test_regex_extended
PASSED ../../tests/test_outputs.py::test_errors_and_exit
PASSED ../../tests/test_outputs.py::test_options
PASSED ../../tests/test_outputs.py::test_mixed_scripts_1
PASSED ../../tests/test_outputs.py::test_mixed_scripts_2
PASSED ../../tests/test_outputs.py::test_mixed_scripts_5
PASSED ../../tests/test_outputs.py::test_generated_2
PASSED ../../tests/test_outputs.py::test_generated_4
PASSED ../../tests/test_outputs.py::test_generated_7
FAILED ../../tests/test_outputs.py::test_substitute - AssertionError: 1 of 84...
FAILED ../../tests/test_outputs.py::test_global_commands - AssertionError: 1 ...
FAILED ../../tests/test_outputs.py::test_files_and_write - AssertionError: 2 ...
FAILED ../../tests/test_outputs.py::test_mixed_scripts_3 - AssertionError: 1 ...
FAILED ../../tests/test_outputs.py::test_mixed_scripts_4 - AssertionError: 1 ...
FAILED ../../tests/test_outputs.py::test_mixed_scripts_6 - AssertionError: 1 ...
FAILED ../../tests/test_outputs.py::test_generated_1 - AssertionError: 2 of 8...
FAILED ../../tests/test_outputs.py::test_generated_3 - AssertionError: 1 of 8...
FAILED ../../tests/test_outputs.py::test_generated_5 - AssertionError: 1 of 8...
FAILED ../../tests/test_outputs.py::test_generated_6 - AssertionError: 4 of 8...
FAILED ../../tests/test_outputs.py::test_generated_8 - AssertionError: 2 of 8...
======================== 11 failed, 16 passed in 12.98s ========================
