regress loose-exit-ignored pass reward 0 ['test_outputs.py::test_errors_and_exit', 'test_outputs.py::test_generated_1', 'test_outputs.py::test_generated_2', 'test_outputs.py::test_generated_3', 'test_outputs.py::test_generated_4', 'test_outputs.py::test_generated_5', 'test_outputs.py::test_generated_6', 'test_outputs.py::test_generated_7', 'test_outputs.py::test_generated_8', 'test_outputs.py::test_mixed_scripts_1', 'test_outputs.py::test_mixed_scripts_2', 'test_outputs.py::test_mixed_scripts_4', 'test_outputs.py::test_mixed_scripts_5', 'test_outputs.py::test_mixed_scripts_6']
regress pipe-stops-on-error pass reward 0 ['test_outputs.py::test_addresses', 'test_outputs.py::test_append_insert_change', 'test_outputs.py::test_delete_join_move_copy', 'test_outputs.py::test_errors_and_exit', 'test_outputs.py::test_files_and_write', 'test_outputs.py::test_generated_1', 'test_outputs.py::test_generated_2', 'test_outputs.py::test_generated_3', 'test_outputs.py::test_generated_4', 'test_outputs.py::test_generated_5', 'test_outputs.py::test_generated_6', 'test_outputs.py::test_generated_7', 'test_outputs.py::test_generated_8', 'test_outputs.py::test_global_commands', 'test_outputs.py::test_mixed_scripts_1', 'test_outputs.py::test_mixed_scripts_2', 'test_outputs.py::test_mixed_scripts_3', 'test_outputs.py::test_mixed_scripts_4', 'test_outputs.py::test_mixed_scripts_5', 'test_outputs.py::test_mixed_scripts_6', 'test_outputs.py::test_options', 'test_outputs.py::test_print_list_number', 'test_outputs.py::test_regex', 'test_outputs.py::test_regex_extended', 'test_outputs.py::test_substitute', 'test_outputs.py::test_undo']
regress eof-quits-quietly pass reward 0 ['test_outputs.py::test_addresses', 'test_outputs.py::test_append_insert_change', 'test_outputs.py::test_delete_join_move_copy', 'test_outputs.py::test_errors_and_exit', 'test_outputs.py::test_files_and_write', 'test_outputs.py::test_generated_1', 'test_outputs.py::test_generated_2', 'test_outputs.py::test_generated_3', 'test_outputs.py::test_generated_4', 'test_outputs.py::test_generated_5', 'test_outputs.py::test_generated_6', 'test_outputs.py::test_generated_7', 'test_outputs.py::test_generated_8', 'test_outputs.py::test_global_commands', 'test_outputs.py::test_mixed_scripts_1', 'test_outputs.py::test_mixed_scripts_2', 'test_outputs.py::test_mixed_scripts_3', 'test_outputs.py::test_mixed_scripts_4', 'test_outputs.py::test_mixed_scripts_5', 'test_outputs.py::test_mixed_scripts_6', 'test_outputs.py::test_options', 'test_outputs.py::test_regex', 'test_outputs.py::test_regex_extended', 'test_outputs.py::test_substitute', 'test_outputs.py::test_undo']
regress semicolon-keeps-current pass reward 0 ['test_outputs.py::test_addresses', 'test_outputs.py::test_generated_1', 'test_outputs.py::test_generated_2', 'test_outputs.py::test_generated_3', 'test_outputs.py::test_generated_4', 'test_outputs.py::test_generated_6', 'test_outputs.py::test_generated_7', 'test_outputs.py::test_generated_8', 'test_outputs.py::test_mixed_scripts_1', 'test_outputs.py::test_mixed_scripts_2', 'test_outputs.py::test_mixed_scripts_3', 'test_outputs.py::test_mixed_scripts_4', 'test_outputs.py::test_mixed_scripts_5', 'test_outputs.py::test_mixed_scripts_6']
regress undo-not-undoable pass reward 0 ['test_outputs.py::test_generated_1', 'test_outputs.py::test_generated_2', 'test_outputs.py::test_generated_5', 'test_outputs.py::test_mixed_scripts_1', 'test_outputs.py::test_mixed_scripts_5', 'test_outputs.py::test_mixed_scripts_6', 'test_outputs.py::test_undo']
regress leftmost-first-regex pass reward 0 ['test_outputs.py::test_generated_8', 'test_outputs.py::test_mixed_scripts_5', 'test_outputs.py::test_mixed_scripts_6', 'test_outputs.py::test_substitute']
regress global-keeps-touched-lines pass reward 0 ['test_outputs.py::test_generated_3', 'test_outputs.py::test_generated_4', 'test_outputs.py::test_generated_5', 'test_outputs.py::test_generated_6', 'test_outputs.py::test_generated_7', 'test_outputs.py::test_global_commands']
regress delegate-to-system-ed pass reward 0 ['test_outputs.py::test_generated_1', 'test_outputs.py::test_generated_2', 'test_outputs.py::test_generated_3', 'test_outputs.py::test_generated_4', 'test_outputs.py::test_generated_5', 'test_outputs.py::test_generated_6', 'test_outputs.py::test_generated_7', 'test_outputs.py::test_generated_8', 'test_outputs.py::test_mixed_scripts_1', 'test_outputs.py::test_mixed_scripts_2', 'test_outputs.py::test_mixed_scripts_3', 'test_outputs.py::test_mixed_scripts_4', 'test_outputs.py::test_mixed_scripts_5', 'test_outputs.py::test_mixed_scripts_6', 'test_outputs.py::test_regex', 'test_outputs.py::test_regex_extended', 'test_outputs.py::test_substitute']
regress w-for-W pass reward 0 ['test_outputs.py::test_files_and_write', 'test_outputs.py::test_generated_2', 'test_outputs.py::test_generated_4', 'test_outputs.py::test_generated_6', 'test_outputs.py::test_generated_7']
regress short-initial-load pass reward 0 ['test_outputs.py::test_files_and_write']
regress unescaped-brace-rejected pass reward 0 ['test_outputs.py::test_regex']
regress reversed-range-rejected-for-a pass reward 0 ['test_outputs.py::test_append_insert_change', 'test_outputs.py::test_generated_2', 'test_outputs.py::test_generated_3', 'test_outputs.py::test_generated_4', 'test_outputs.py::test_generated_6', 'test_outputs.py::test_generated_8', 'test_outputs.py::test_global_commands', 'test_outputs.py::test_mixed_scripts_1', 'test_outputs.py::test_mixed_scripts_6']
regress empty-append-keeps-undo pass reward 0 ['test_outputs.py::test_append_insert_change', 'test_outputs.py::test_generated_2', 'test_outputs.py::test_generated_5', 'test_outputs.py::test_generated_6', 'test_outputs.py::test_generated_7']
regress ranged-s-current-last-addressed pass reward 0 ['test_outputs.py::test_generated_3', 'test_outputs.py::test_substitute']
regress addressed-undo-accepted pass reward 0 ['test_outputs.py::test_addresses', 'test_outputs.py::test_generated_1', 'test_outputs.py::test_generated_2', 'test_outputs.py::test_generated_3', 'test_outputs.py::test_generated_4', 'test_outputs.py::test_generated_5', 'test_outputs.py::test_generated_6', 'test_outputs.py::test_generated_7', 'test_outputs.py::test_generated_8']
regress zero-lower-bound-rejected pass reward 0 ['test_outputs.py::test_generated_1', 'test_outputs.py::test_generated_2', 'test_outputs.py::test_generated_3', 'test_outputs.py::test_generated_4', 'test_outputs.py::test_generated_5', 'test_outputs.py::test_generated_6', 'test_outputs.py::test_generated_7', 'test_outputs.py::test_regex']
regress append-suffix-ignored pass reward 0 ['test_outputs.py::test_append_insert_change', 'test_outputs.py::test_generated_1', 'test_outputs.py::test_generated_2', 'test_outputs.py::test_generated_3', 'test_outputs.py::test_generated_4', 'test_outputs.py::test_generated_5', 'test_outputs.py::test_generated_6', 'test_outputs.py::test_generated_7', 'test_outputs.py::test_generated_8']
regress tab-separator-rejected pass reward 0 ['test_outputs.py::test_files_and_write', 'test_outputs.py::test_generated_1', 'test_outputs.py::test_generated_2', 'test_outputs.py::test_generated_4', 'test_outputs.py::test_generated_5', 'test_outputs.py::test_generated_6', 'test_outputs.py::test_generated_7', 'test_outputs.py::test_generated_8']
regress join-keeps-mark pass reward 0 ['test_outputs.py::test_addresses']
regress open-s-prints-first-line pass reward 0 ['test_outputs.py::test_generated_3', 'test_outputs.py::test_generated_5', 'test_outputs.py::test_generated_6', 'test_outputs.py::test_generated_7', 'test_outputs.py::test_substitute']
regress repeat-form-accepts-n pass reward 0 ['test_outputs.py::test_generated_6', 'test_outputs.py::test_substitute']
regress E-count-ignores-s pass reward 0 ['test_outputs.py::test_files_and_write', 'test_outputs.py::test_generated_2', 'test_outputs.py::test_generated_4', 'test_outputs.py::test_generated_5', 'test_outputs.py::test_generated_6', 'test_outputs.py::test_generated_7']
regress leading-hyphen-starts-range pass reward 0 ['test_outputs.py::test_generated_2', 'test_outputs.py::test_generated_5', 'test_outputs.py::test_generated_8', 'test_outputs.py::test_regex']
regress global-s-without-match-fails pass reward 0 ['test_outputs.py::test_generated_1', 'test_outputs.py::test_generated_2', 'test_outputs.py::test_generated_3', 'test_outputs.py::test_generated_4', 'test_outputs.py::test_generated_5', 'test_outputs.py::test_generated_6', 'test_outputs.py::test_generated_7', 'test_outputs.py::test_global_commands']
regress fork-exec-helper-delegation pass reward 0 ['test_outputs.py::test_generated_1', 'test_outputs.py::test_generated_2', 'test_outputs.py::test_generated_3', 'test_outputs.py::test_generated_4', 'test_outputs.py::test_generated_5', 'test_outputs.py::test_generated_6', 'test_outputs.py::test_generated_7', 'test_outputs.py::test_generated_8', 'test_outputs.py::test_mixed_scripts_1', 'test_outputs.py::test_mixed_scripts_2', 'test_outputs.py::test_mixed_scripts_3', 'test_outputs.py::test_mixed_scripts_4', 'test_outputs.py::test_mixed_scripts_5', 'test_outputs.py::test_mixed_scripts_6', 'test_outputs.py::test_regex', 'test_outputs.py::test_regex_extended', 'test_outputs.py::test_substitute']
regress stdin-line-cap-199 pass reward 0 ['test_outputs.py::test_append_insert_change']
regress file-line-cap-199 pass reward 0 ['test_outputs.py::test_files_and_write']
regress ere-no-collating pass reward 0 ['test_outputs.py::test_regex_extended']
regress open-interval-unchecked pass reward 0 ['test_outputs.py::test_regex', 'test_outputs.py::test_regex_extended']
regress repeat-rp-refused pass reward 0 ['test_outputs.py::test_substitute']
regress line-count-cap-4000 pass reward 0 ['test_outputs.py::test_delete_join_move_copy']
regress nesting-depth-two pass reward 0 ['test_outputs.py::test_regex', 'test_outputs.py::test_regex_extended']
regress filename-no-continuation pass reward 0 ['test_outputs.py::test_files_and_write']
regress W-sets-default-filename pass reward 0 ['test_outputs.py::test_files_and_write', 'test_outputs.py::test_generated_3']
escape returned reward=1 []
escape repaired reward=1 []
DONE
