============================= test session starts ==============================
platform linux -- Python 3.13.12, pytest-9.1.1, pluggy-1.6.0
rootdir: /tests
plugins: json-ctrf-0.5.2
collected 23 items

../../tests/test_outputs.py FF..........F.....F....                      [100%]

=================================== FAILURES ===================================
____________ test_rule_3_1_reference_duration_uses_85_dba_and_3_db _____________

    def test_rule_3_1_reference_duration_uses_85_dba_and_3_db():
        """Doses follow the 85 dBA criterion and 3 dB exchange rate, at levels from 80.0 to 115.0 dBA."""
>       check_family("reference_duration")

/tests/test_outputs.py:248: 
_ _ _ _ _ _ _ _ _ _ _ _ _ _ _ _ _ _ _ _ _ _ _ _ _ _ _ _ _ _ _ _ _ _ _ _ _ _ _ _ 
/tests/test_outputs.py:230: in check_family
    compare(reduce(row["survey"]), row["report"], f"{name} {row['survey']['survey']}")
/tests/test_outputs.py:225: in compare
    _row(row, ref, keys, f"{label} {section}[{index}] ({ref.get('id', ref['group'])})")
/tests/test_outputs.py:211: in _row
    _number(a, e, f"{where} dose")
_ _ _ _ _ _ _ _ _ _ _ _ _ _ _ _ _ _ _ _ _ _ _ _ _ _ _ _ _ _ _ _ _ _ _ _ _ _ _ _ 

actual = 0.0, expected = 31.4980262474
where = 'reference_duration HC4-0001 workers[3] (A4) dose'

    def _number(actual, expected, where):
        assert isinstance(actual, (int, float)) and not isinstance(actual, bool), f"{where}: {actual!r} is not a number"
        bound = REL * abs(expected) if abs(expected) >= 1 else ABS
>       assert abs(actual - expected) <= bound, f"{where}: {actual!r}, expected {expected!r}"
E       AssertionError: reference_duration HC4-0001 workers[3] (A4) dose: 0.0, expected 31.4980262474
E       assert 31.4980262474 <= 1.57490131237e-09
E        +  where 31.4980262474 = abs((0.0 - 31.4980262474))

/tests/test_outputs.py:199: AssertionError
________________ test_rule_2_3_reading_at_the_threshold_counts _________________

    def test_rule_2_3_reading_at_the_threshold_counts():
        """A reading exactly at 80.0 dBA adds dose; 79.9 dBA does not."""
>       check_family("threshold")

/tests/test_outputs.py:253: 
_ _ _ _ _ _ _ _ _ _ _ _ _ _ _ _ _ _ _ _ _ _ _ _ _ _ _ _ _ _ _ _ _ _ _ _ _ _ _ _ 
/tests/test_outputs.py:230: in check_family
    compare(reduce(row["survey"]), row["report"], f"{name} {row['survey']['survey']}")
/tests/test_outputs.py:225: in compare
    _row(row, ref, keys, f"{label} {section}[{index}] ({ref.get('id', ref['group'])})")
/tests/test_outputs.py:211: in _row
    _number(a, e, f"{where} dose")
_ _ _ _ _ _ _ _ _ _ _ _ _ _ _ _ _ _ _ _ _ _ _ _ _ _ _ _ _ _ _ _ _ _ _ _ _ _ _ _ 

actual = 158.74010519681997, expected = 174.489118321
where = 'threshold HC4-0003 workers[0] (A1) dose'

    def _number(actual, expected, where):
        assert isinstance(actual, (int, float)) and not isinstance(actual, bool), f"{where}: {actual!r} is not a number"
        bound = REL * abs(expected) if abs(expected) >= 1 else ABS
>       assert abs(actual - expected) <= bound, f"{where}: {actual!r}, expected {expected!r}"
E       AssertionError: threshold HC4-0003 workers[0] (A1) dose: 158.74010519681997, expected 174.489118321
E       assert 15.749013124180038 <= 8.724455916050001e-09
E        +  where 15.749013124180038 = abs((158.74010519681997 - 174.489118321))

/tests/test_outputs.py:199: AssertionError
__________________________ test_rule_4_1_twa_formula ___________________________

    def test_rule_4_1_twa_formula():
        """The TWA is 85 + 3 log2(D / 100); a dose of nought has no TWA."""
>       check_family("twa")

/tests/test_outputs.py:311: 
_ _ _ _ _ _ _ _ _ _ _ _ _ _ _ _ _ _ _ _ _ _ _ _ _ _ _ _ _ _ _ _ _ _ _ _ _ _ _ _ 
/tests/test_outputs.py:230: in check_family
    compare(reduce(row["survey"]), row["report"], f"{name} {row['survey']['survey']}")
/tests/test_outputs.py:225: in compare
    _row(row, ref, keys, f"{label} {section}[{index}] ({ref.get('id', ref['group'])})")
/tests/test_outputs.py:211: in _row
    _number(a, e, f"{where} dose")
_ _ _ _ _ _ _ _ _ _ _ _ _ _ _ _ _ _ _ _ _ _ _ _ _ _ _ _ _ _ _ _ _ _ _ _ _ _ _ _ 

actual = 0.0, expected = 0.0656208880154
where = 'twa HC4-0023 workers[2] (A3) dose'

    def _number(actual, expected, where):
        assert isinstance(actual, (int, float)) and not isinstance(actual, bool), f"{where}: {actual!r} is not a number"
        bound = REL * abs(expected) if abs(expected) >= 1 else ABS
>       assert abs(actual - expected) <= bound, f"{where}: {actual!r}, expected {expected!r}"
E       AssertionError: twa HC4-0023 workers[2] (A3) dose: 0.0, expected 0.0656208880154
E       assert 0.0656208880154 <= 5e-11
E        +  where 0.0656208880154 = abs((0.0 - 0.0656208880154))

/tests/test_outputs.py:199: AssertionError
_______________________ test_section_one_limits_reached ________________________

    def test_section_one_limits_reached():
        """300 workers under 40 codes, a 1,500-run log, a 2,880-minute log, 500 peaks and the range ends."""
        rows = load("limits_workers") + load("limits_logs")
        workers = rows[0]["survey"]["workers"]
        assert len(workers) == 300 and len({w["group"] for w in workers}) == 40
        logs = rows[1]["survey"]["workers"]
        assert len(logs[0]["log"]) == 1500 and sum(m for m, _ in logs[1]["log"]) == 2880 and len(logs[2]["peaks"]) == 500
        check_family("limits_workers")
>       check_family("limits_logs")

/tests/test_outputs.py:347: 
_ _ _ _ _ _ _ _ _ _ _ _ _ _ _ _ _ _ _ _ _ _ _ _ _ _ _ _ _ _ _ _ _ _ _ _ _ _ _ _ 
/tests/test_outputs.py:230: in check_family
    compare(reduce(row["survey"]), row["report"], f"{name} {row['survey']['survey']}")
/tests/test_outputs.py:225: in compare
    _row(row, ref, keys, f"{label} {section}[{index}] ({ref.get('id', ref['group'])})")
/tests/test_outputs.py:211: in _row
    _number(a, e, f"{where} dose")
_ _ _ _ _ _ _ _ _ _ _ _ _ _ _ _ _ _ _ _ _ _ _ _ _ _ _ _ _ _ _ _ _ _ _ _ _ _ _ _ 

actual = 27569.582521578097, expected = 27569.910626
where = 'limits_logs HC4-0031 workers[0] (L-1500) dose'

    def _number(actual, expected, where):
        assert isinstance(actual, (int, float)) and not isinstance(actual, bool), f"{where}: {actual!r} is not a number"
        bound = REL * abs(expected) if abs(expected) >= 1 else ABS
>       assert abs(actual - expected) <= bound, f"{where}: {actual!r}, expected {expected!r}"
E       AssertionError: limits_logs HC4-0031 workers[0] (L-1500) dose: 27569.582521578097, expected 27569.910626
E       assert 0.3281044219038449 <= 1.3784955313e-06
E        +  where 0.3281044219038449 = abs((27569.582521578097 - 27569.910626))

/tests/test_outputs.py:199: AssertionError
==================================== PASSES ====================================
=========================== short test summary info ============================
PASSED ../../tests/test_outputs.py::test_rule_2_4_sampled_time_includes_readings_below_threshold
PASSED ../../tests/test_outputs.py::test_rule_2_2_run_logged_at_nought_is_not_a_reading
PASSED ../../tests/test_outputs.py::test_rule_3_3_partial_survey_projected_to_own_shift
PASSED ../../tests/test_outputs.py::test_rule_3_3_survey_as_long_as_shift_keeps_measured_dose
PASSED ../../tests/test_outputs.py::test_rule_2_5_partial_survey_at_exactly_three_quarters
PASSED ../../tests/test_outputs.py::test_survey_below_three_quarters_keeps_todays_projection
PASSED ../../tests/test_outputs.py::test_survey_that_measured_nothing_keeps_todays_dose
PASSED ../../tests/test_outputs.py::test_reading_above_ceiling_keeps_todays_counted_level
PASSED ../../tests/test_outputs.py::test_rule_5_1_reading_at_the_ceiling_level_is_not_flagged
PASSED ../../tests/test_outputs.py::test_rule_5_2_impulse_at_140_dbc
PASSED ../../tests/test_outputs.py::test_rule_1_2_twa_rounded_to_nearest_tenth
PASSED ../../tests/test_outputs.py::test_rule_5_3_status_bands_at_82_and_85
PASSED ../../tests/test_outputs.py::test_rule_6_1_group_dose_is_mean_of_shift_doses
PASSED ../../tests/test_outputs.py::test_rule_6_1_quiet_member_counts_in_group_mean
PASSED ../../tests/test_outputs.py::test_report_order_and_group_codes
PASSED ../../tests/test_outputs.py::test_section_one_largest_doses
PASSED ../../tests/test_outputs.py::test_generated_surveys
PASSED ../../tests/test_outputs.py::test_candidate_cannot_read_verifier_state
PASSED ../../tests/test_outputs.py::test_submitted_driver_unchanged
FAILED ../../tests/test_outputs.py::test_rule_3_1_reference_duration_uses_85_dba_and_3_db
FAILED ../../tests/test_outputs.py::test_rule_2_3_reading_at_the_threshold_counts
FAILED ../../tests/test_outputs.py::test_rule_4_1_twa_formula - AssertionErro...
FAILED ../../tests/test_outputs.py::test_section_one_limits_reached - Asserti...
========================= 4 failed, 19 passed in 4.83s =========================
