============================= test session starts ==============================
platform linux -- Python 3.13.12, pytest-9.1.1, pluggy-1.6.0
rootdir: /tests
plugins: json-ctrf-0.5.2
collected 22 items

../../tests/test_outputs.py ...........F..F.......                       [100%]

=================================== FAILURES ===================================
_______________________ test_rule_5_2_impulse_at_140_dbc _______________________

    def test_rule_5_2_impulse_at_140_dbc():
        """A peak of 140.0 dBC is an impulse and makes the worker "over"; 139.9 dBC is not."""
>       check_family("impulse")

/tests/test_outputs.py:306: 
_ _ _ _ _ _ _ _ _ _ _ _ _ _ _ _ _ _ _ _ _ _ _ _ _ _ _ _ _ _ _ _ _ _ _ _ _ _ _ _ 
/tests/test_outputs.py:230: in check_family
    compare(reduce(row["survey"]), row["report"], f"{name} {row['survey']['survey']}")
/tests/test_outputs.py:225: in compare
    _row(row, ref, keys, f"{label} {section}[{index}] ({ref.get('id', ref['group'])})")
_ _ _ _ _ _ _ _ _ _ _ _ _ _ _ _ _ _ _ _ _ _ _ _ _ _ _ _ _ _ _ _ _ _ _ _ _ _ _ _ 

actual = {'id': 'A2', 'group': 'G1', 'dose': 39.68502629920499, 'twa': 81.0, ...}
expected = {'id': 'A2', 'group': 'G1', 'dose': 39.6850262992, 'twa': 81.0, ...}
keys = {'ceiling', 'dose', 'group', 'id', 'impulse', 'status', ...}
where = 'impulse HC4-0022 workers[1] (A2)'

    def _row(actual, expected, keys, where):
        """Every key the README lists, compared; a group row carries no ceiling or impulse flag (6.1); any other
        further key is not part of the contract and is ignored."""
        assert isinstance(actual, dict) and set(actual) >= keys, f"{where}: keys {actual!r}"
        if keys == GROUP_KEYS:
            assert not {"ceiling", "impulse"} & set(actual), f"{where}: a group carries no ceiling or impulse flag, got {actual!r}"
        for key in sorted(keys):
            a, e = actual[key], expected[key]
            if key == "dose":
                _number(a, e, f"{where} dose")
            elif key == "twa" and e is not None:
                assert isinstance(a, (int, float)) and not isinstance(a, bool) and a == e, f"{where} twa: {a!r}, expected {e!r}"
            else:
>               assert type(a) is type(e) and a == e, f"{where} {key}: {a!r}, expected {e!r}"
E               AssertionError: impulse HC4-0022 workers[1] (A2) impulse: False, expected True
E               assert (<class 'bool'> is <class 'bool'> and False == True)
E                +  where <class 'bool'> = type(False)
E                +  and   <class 'bool'> = type(True)

/tests/test_outputs.py:215: AssertionError
___________________ test_rule_5_3_status_bands_at_82_and_85 ____________________

    def test_rule_5_3_status_bands_at_82_and_85():
        """Status bands at 82.0 and 85.0 dB on the reported TWA, and "over" for a flagged worker."""
>       check_family("status")

/tests/test_outputs.py:321: 
_ _ _ _ _ _ _ _ _ _ _ _ _ _ _ _ _ _ _ _ _ _ _ _ _ _ _ _ _ _ _ _ _ _ _ _ _ _ _ _ 
/tests/test_outputs.py:230: in check_family
    compare(reduce(row["survey"]), row["report"], f"{name} {row['survey']['survey']}")
/tests/test_outputs.py:225: in compare
    _row(row, ref, keys, f"{label} {section}[{index}] ({ref.get('id', ref['group'])})")
_ _ _ _ _ _ _ _ _ _ _ _ _ _ _ _ _ _ _ _ _ _ _ _ _ _ _ _ _ _ _ _ _ _ _ _ _ _ _ _ 

actual = {'id': 'U1', 'group': 'H9', 'dose': 39.68502629920499, 'twa': 81.0, ...}
expected = {'id': 'U1', 'group': 'H9', 'dose': 39.6850262992, 'twa': 81.0, ...}
keys = {'ceiling', 'dose', 'group', 'id', 'impulse', 'status', ...}
where = 'status HC4-0025 workers[8] (U1)'

    def _row(actual, expected, keys, where):
        """Every key the README lists, compared; a group row carries no ceiling or impulse flag (6.1); any other
        further key is not part of the contract and is ignored."""
        assert isinstance(actual, dict) and set(actual) >= keys, f"{where}: keys {actual!r}"
        if keys == GROUP_KEYS:
            assert not {"ceiling", "impulse"} & set(actual), f"{where}: a group carries no ceiling or impulse flag, got {actual!r}"
        for key in sorted(keys):
            a, e = actual[key], expected[key]
            if key == "dose":
                _number(a, e, f"{where} dose")
            elif key == "twa" and e is not None:
                assert isinstance(a, (int, float)) and not isinstance(a, bool) and a == e, f"{where} twa: {a!r}, expected {e!r}"
            else:
>               assert type(a) is type(e) and a == e, f"{where} {key}: {a!r}, expected {e!r}"
E               AssertionError: status HC4-0025 workers[8] (U1) impulse: False, expected True
E               assert (<class 'bool'> is <class 'bool'> and False == True)
E                +  where <class 'bool'> = type(False)
E                +  and   <class 'bool'> = type(True)

/tests/test_outputs.py:215: AssertionError
==================================== PASSES ====================================
=========================== short test summary info ============================
PASSED ../../tests/test_outputs.py::test_rule_3_1_reference_duration_uses_85_dba_and_3_db
PASSED ../../tests/test_outputs.py::test_rule_2_3_reading_at_the_threshold_counts
PASSED ../../tests/test_outputs.py::test_rule_2_4_sampled_time_includes_readings_below_threshold
PASSED ../../tests/test_outputs.py::test_rule_2_2_run_logged_at_nought_is_not_a_reading
PASSED ../../tests/test_outputs.py::test_rule_3_3_partial_survey_projected_to_own_shift
PASSED ../../tests/test_outputs.py::test_rule_3_3_survey_as_long_as_shift_keeps_measured_dose
PASSED ../../tests/test_outputs.py::test_rule_2_5_partial_survey_at_exactly_three_quarters
PASSED ../../tests/test_outputs.py::test_survey_below_three_quarters_keeps_todays_projection
PASSED ../../tests/test_outputs.py::test_survey_that_measured_nothing_keeps_todays_dose
PASSED ../../tests/test_outputs.py::test_reading_above_ceiling_keeps_todays_counted_level
PASSED ../../tests/test_outputs.py::test_rule_5_1_reading_at_the_ceiling_level_is_not_flagged
PASSED ../../tests/test_outputs.py::test_rule_4_1_twa_formula
PASSED ../../tests/test_outputs.py::test_rule_1_2_twa_rounded_to_nearest_tenth
PASSED ../../tests/test_outputs.py::test_rule_6_1_group_dose_is_mean_of_shift_doses
PASSED ../../tests/test_outputs.py::test_rule_6_1_quiet_member_counts_in_group_mean
PASSED ../../tests/test_outputs.py::test_report_order_and_group_codes
PASSED ../../tests/test_outputs.py::test_section_one_limits_reached
PASSED ../../tests/test_outputs.py::test_generated_surveys
PASSED ../../tests/test_outputs.py::test_candidate_cannot_read_verifier_state
PASSED ../../tests/test_outputs.py::test_submitted_driver_unchanged
FAILED ../../tests/test_outputs.py::test_rule_5_2_impulse_at_140_dbc - Assert...
FAILED ../../tests/test_outputs.py::test_rule_5_3_status_bands_at_82_and_85
========================= 2 failed, 20 passed in 3.06s =========================
