============================= test session starts ==============================
platform linux -- Python 3.13.12, pytest-9.1.1, pluggy-1.6.0
rootdir: /tests
plugins: json-ctrf-0.5.2
collected 22 items

../../tests/test_outputs.py ........FF.FF...F.FF..                       [100%]

=================================== FAILURES ===================================
_____________ test_survey_that_measured_nothing_keeps_todays_dose ______________

    def test_survey_that_measured_nothing_keeps_todays_dose():
        """A survey that measured nothing keeps today's shift dose of nought."""
>       check_family("measured_nothing")

/tests/test_outputs.py:289: 
_ _ _ _ _ _ _ _ _ _ _ _ _ _ _ _ _ _ _ _ _ _ _ _ _ _ _ _ _ _ _ _ _ _ _ _ _ _ _ _ 
/tests/test_outputs.py:230: in check_family
    compare(reduce(row["survey"]), row["report"], f"{name} {row['survey']['survey']}")
            ^^^^^^^^^^^^^^^^^^^^^
_ _ _ _ _ _ _ _ _ _ _ _ _ _ _ _ _ _ _ _ _ _ _ _ _ _ _ _ _ _ _ _ _ _ _ _ _ _ _ _ 

survey = {'survey': 'HC4-0017', 'workers': [{'id': 'A1', 'group': 'G1', 'shift_minutes': 480, 'log': [], ...}, {'id': 'A2', 'gr..., 'shift_minutes': 480, 'log': [[480, 90.0]], ...}, {'id': 'A3', 'group': 'G2', 'shift_minutes': 600, 'log': [], ...}]}
shipped = False

    def reduce(survey, shipped=False):
        """Run the driver on one survey (the candidate's package, or the shipped copy); return its parsed stdout."""
        stage = tempfile.mkdtemp()
        work = tempfile.mkdtemp()
        os.chmod(stage, 0o755)
        os.chmod(work, 0o777)
        path = os.path.join(stage, "survey.json")
        with open(path, "w", encoding="utf-8") as handle:
            json.dump(survey, handle)
        os.chmod(path, 0o644)
        remaining = DEADLINE - time.monotonic()
        assert remaining > 0, "verifier time budget exhausted"
        uid, driver = (SHIPPED_UID, str(SHIPPED_RUN / "app" / "tools" / "noisedose_run.py")) if shipped else (CANDIDATE_UID, str(DELIVERED_DRIVER))
        code, out, err = run_as(uid, ["python3", "-I", "-S", driver, path], work, remaining)
        shutil.rmtree(stage, ignore_errors=True)
        shutil.rmtree(work, ignore_errors=True)
>       assert code == 0, f"driver exited {code}: {err[-2000:]}"
E       AssertionError: driver exited 1: Traceback (most recent call last):
E           File "/app/tools/noisedose_run.py", line 24, in <module>
E             sys.exit(main(sys.argv))
E                      ~~~~^^^^^^^^^^
E           File "/app/tools/noisedose_run.py", line 18, in main
E             json.dump(build_report(survey), sys.stdout)
E                       ~~~~~~~~~~~~^^^^^^^^
E           File "/app/tools/../src/noisedose/report.py", line 32, in build_report
E             return {"survey": survey["survey"], "workers": workers, "groups": group_rows(workers)}
E                                                                               ~~~~~~~~~~^^^^^^^^^
E           File "/app/tools/../src/noisedose/groups.py", line 18, in group_rows
E             dose = sum(doses) / len(doses)
E                    ~~~~~~~~~~~^~~~~~~~~~~~
E         ZeroDivisionError: division by zero
E         
E       assert 1 == 0

/tests/test_outputs.py:146: AssertionError
____________ test_reading_above_ceiling_keeps_todays_counted_level _____________

    def test_reading_above_ceiling_keeps_todays_counted_level():
        """A reading above the ceiling level is counted where today's step counts it, and flags the ceiling."""
>       check_family("above_ceiling")

/tests/test_outputs.py:295: 
_ _ _ _ _ _ _ _ _ _ _ _ _ _ _ _ _ _ _ _ _ _ _ _ _ _ _ _ _ _ _ _ _ _ _ _ _ _ _ _ 
/tests/test_outputs.py:230: in check_family
    compare(reduce(row["survey"]), row["report"], f"{name} {row['survey']['survey']}")
/tests/test_outputs.py:225: in compare
    _row(row, ref, keys, f"{label} {section}[{index}] ({ref.get('id', ref['group'])})")
/tests/test_outputs.py:211: in _row
    _number(a, e, f"{where} dose")
_ _ _ _ _ _ _ _ _ _ _ _ _ _ _ _ _ _ _ _ _ _ _ _ _ _ _ _ _ _ _ _ _ _ _ _ _ _ _ _ 

actual = 213.33333333333334, expected = 71.1111111111
where = 'above_ceiling HC4-0038 groups[0] (G1) dose'

    def _number(actual, expected, where):
        assert isinstance(actual, (int, float)) and not isinstance(actual, bool), f"{where}: {actual!r} is not a number"
        bound = REL * abs(expected) if abs(expected) >= 1 else ABS
>       assert abs(actual - expected) <= bound, f"{where}: {actual!r}, expected {expected!r}"
E       AssertionError: above_ceiling HC4-0038 groups[0] (G1) dose: 213.33333333333334, expected 71.1111111111
E       assert 142.22222222223334 <= 3.5555555555550004e-09
E        +  where 142.22222222223334 = abs((213.33333333333334 - 71.1111111111))

/tests/test_outputs.py:199: AssertionError
_______________________ test_rule_5_2_impulse_at_140_dbc _______________________

    def test_rule_5_2_impulse_at_140_dbc():
        """A peak of 140.0 dBC is an impulse and makes the worker "over"; 139.9 dBC is not."""
>       check_family("impulse")

/tests/test_outputs.py:306: 
_ _ _ _ _ _ _ _ _ _ _ _ _ _ _ _ _ _ _ _ _ _ _ _ _ _ _ _ _ _ _ _ _ _ _ _ _ _ _ _ 
/tests/test_outputs.py:230: in check_family
    compare(reduce(row["survey"]), row["report"], f"{name} {row['survey']['survey']}")
            ^^^^^^^^^^^^^^^^^^^^^
_ _ _ _ _ _ _ _ _ _ _ _ _ _ _ _ _ _ _ _ _ _ _ _ _ _ _ _ _ _ _ _ _ _ _ _ _ _ _ _ 

survey = {'survey': 'HC4-0022', 'workers': [{'id': 'A1', 'group': 'G1', 'shift_minutes': 480, 'log': [[480, 81.0]], ...}, {'id'...nutes': 480, 'log': [[480, 70.0]], ...}, {'id': 'A4', 'group': 'G2', 'shift_minutes': 480, 'log': [[480, 75.0]], ...}]}
shipped = False

    def reduce(survey, shipped=False):
        """Run the driver on one survey (the candidate's package, or the shipped copy); return its parsed stdout."""
        stage = tempfile.mkdtemp()
        work = tempfile.mkdtemp()
        os.chmod(stage, 0o755)
        os.chmod(work, 0o777)
        path = os.path.join(stage, "survey.json")
        with open(path, "w", encoding="utf-8") as handle:
            json.dump(survey, handle)
        os.chmod(path, 0o644)
        remaining = DEADLINE - time.monotonic()
        assert remaining > 0, "verifier time budget exhausted"
        uid, driver = (SHIPPED_UID, str(SHIPPED_RUN / "app" / "tools" / "noisedose_run.py")) if shipped else (CANDIDATE_UID, str(DELIVERED_DRIVER))
        code, out, err = run_as(uid, ["python3", "-I", "-S", driver, path], work, remaining)
        shutil.rmtree(stage, ignore_errors=True)
        shutil.rmtree(work, ignore_errors=True)
>       assert code == 0, f"driver exited {code}: {err[-2000:]}"
E       AssertionError: driver exited 1: Traceback (most recent call last):
E           File "/app/tools/noisedose_run.py", line 24, in <module>
E             sys.exit(main(sys.argv))
E                      ~~~~^^^^^^^^^^
E           File "/app/tools/noisedose_run.py", line 18, in main
E             json.dump(build_report(survey), sys.stdout)
E                       ~~~~~~~~~~~~^^^^^^^^
E           File "/app/tools/../src/noisedose/report.py", line 32, in build_report
E             return {"survey": survey["survey"], "workers": workers, "groups": group_rows(workers)}
E                                                                               ~~~~~~~~~~^^^^^^^^^
E           File "/app/tools/../src/noisedose/groups.py", line 18, in group_rows
E             dose = sum(doses) / len(doses)
E                    ~~~~~~~~~~~^~~~~~~~~~~~
E         ZeroDivisionError: division by zero
E         
E       assert 1 == 0

/tests/test_outputs.py:146: AssertionError
__________________________ test_rule_4_1_twa_formula ___________________________

    def test_rule_4_1_twa_formula():
        """The TWA is 85 + 3 log2(D / 100); a dose of nought has no TWA."""
>       check_family("twa")

/tests/test_outputs.py:311: 
_ _ _ _ _ _ _ _ _ _ _ _ _ _ _ _ _ _ _ _ _ _ _ _ _ _ _ _ _ _ _ _ _ _ _ _ _ _ _ _ 
/tests/test_outputs.py:230: in check_family
    compare(reduce(row["survey"]), row["report"], f"{name} {row['survey']['survey']}")
/tests/test_outputs.py:225: in compare
    _row(row, ref, keys, f"{label} {section}[{index}] ({ref.get('id', ref['group'])})")
/tests/test_outputs.py:211: in _row
    _number(a, e, f"{where} dose")
_ _ _ _ _ _ _ _ _ _ _ _ _ _ _ _ _ _ _ _ _ _ _ _ _ _ _ _ _ _ _ _ _ _ _ _ _ _ _ _ 

actual = 200.0, expected = 100.0, where = 'twa HC4-0023 groups[0] (G1) dose'

    def _number(actual, expected, where):
        assert isinstance(actual, (int, float)) and not isinstance(actual, bool), f"{where}: {actual!r} is not a number"
        bound = REL * abs(expected) if abs(expected) >= 1 else ABS
>       assert abs(actual - expected) <= bound, f"{where}: {actual!r}, expected {expected!r}"
E       AssertionError: twa HC4-0023 groups[0] (G1) dose: 200.0, expected 100.0
E       assert 100.0 <= 5e-09
E        +  where 100.0 = abs((200.0 - 100.0))

/tests/test_outputs.py:199: AssertionError
_______________ test_rule_6_1_quiet_member_counts_in_group_mean ________________

    def test_rule_6_1_quiet_member_counts_in_group_mean():
        """A quiet member's shift dose of nought counts in the group mean."""
>       check_family("quiet_members")

/tests/test_outputs.py:331: 
_ _ _ _ _ _ _ _ _ _ _ _ _ _ _ _ _ _ _ _ _ _ _ _ _ _ _ _ _ _ _ _ _ _ _ _ _ _ _ _ 
/tests/test_outputs.py:230: in check_family
    compare(reduce(row["survey"]), row["report"], f"{name} {row['survey']['survey']}")
/tests/test_outputs.py:225: in compare
    _row(row, ref, keys, f"{label} {section}[{index}] ({ref.get('id', ref['group'])})")
/tests/test_outputs.py:211: in _row
    _number(a, e, f"{where} dose")
_ _ _ _ _ _ _ _ _ _ _ _ _ _ _ _ _ _ _ _ _ _ _ _ _ _ _ _ _ _ _ _ _ _ _ _ _ _ _ _ 

actual = 317.48021039363994, expected = 158.740105197
where = 'quiet_members HC4-0027 groups[0] (G1) dose'

    def _number(actual, expected, where):
        assert isinstance(actual, (int, float)) and not isinstance(actual, bool), f"{where}: {actual!r} is not a number"
        bound = REL * abs(expected) if abs(expected) >= 1 else ABS
>       assert abs(actual - expected) <= bound, f"{where}: {actual!r}, expected {expected!r}"
E       AssertionError: quiet_members HC4-0027 groups[0] (G1) dose: 317.48021039363994, expected 158.740105197
E       assert 158.74010519663995 <= 7.93700525985e-09
E        +  where 158.74010519663995 = abs((317.48021039363994 - 158.740105197))

/tests/test_outputs.py:199: AssertionError
_______________________ test_section_one_limits_reached ________________________

    def test_section_one_limits_reached():
        """300 workers under 40 codes, a 1,500-run log, a 2,880-minute log, 500 peaks and the range ends."""
        rows = load("limits_workers") + load("limits_logs")
        workers = rows[0]["survey"]["workers"]
        assert len(workers) == 300 and len({w["group"] for w in workers}) == 40
        logs = rows[1]["survey"]["workers"]
        assert len(logs[0]["log"]) == 1500 and sum(m for m, _ in logs[1]["log"]) == 2880 and len(logs[2]["peaks"]) == 500
>       check_family("limits_workers")

/tests/test_outputs.py:346: 
_ _ _ _ _ _ _ _ _ _ _ _ _ _ _ _ _ _ _ _ _ _ _ _ _ _ _ _ _ _ _ _ _ _ _ _ _ _ _ _ 
/tests/test_outputs.py:230: in check_family
    compare(reduce(row["survey"]), row["report"], f"{name} {row['survey']['survey']}")
/tests/test_outputs.py:225: in compare
    _row(row, ref, keys, f"{label} {section}[{index}] ({ref.get('id', ref['group'])})")
/tests/test_outputs.py:211: in _row
    _number(a, e, f"{where} dose")
_ _ _ _ _ _ _ _ _ _ _ _ _ _ _ _ _ _ _ _ _ _ _ _ _ _ _ _ _ _ _ _ _ _ _ _ _ _ _ _ 

actual = 1124.6411118296373, expected = 843.480833872
where = 'limits_workers HC4-0030 groups[0] (A) dose'

    def _number(actual, expected, where):
        assert isinstance(actual, (int, float)) and not isinstance(actual, bool), f"{where}: {actual!r} is not a number"
        bound = REL * abs(expected) if abs(expected) >= 1 else ABS
>       assert abs(actual - expected) <= bound, f"{where}: {actual!r}, expected {expected!r}"
E       AssertionError: limits_workers HC4-0030 groups[0] (A) dose: 1124.6411118296373, expected 843.480833872
E       assert 281.1602779576374 <= 4.21740416936e-08
E        +  where 281.1602779576374 = abs((1124.6411118296373 - 843.480833872))

/tests/test_outputs.py:199: AssertionError
____________________________ test_generated_surveys ____________________________

    def test_generated_surveys():
        """Seeded surveys over the rest of the section 1 domain, as sealed and under fresh labels."""
>       check_family("generated")

/tests/test_outputs.py:374: 
_ _ _ _ _ _ _ _ _ _ _ _ _ _ _ _ _ _ _ _ _ _ _ _ _ _ _ _ _ _ _ _ _ _ _ _ _ _ _ _ 
/tests/test_outputs.py:230: in check_family
    compare(reduce(row["survey"]), row["report"], f"{name} {row['survey']['survey']}")
/tests/test_outputs.py:225: in compare
    _row(row, ref, keys, f"{label} {section}[{index}] ({ref.get('id', ref['group'])})")
/tests/test_outputs.py:211: in _row
    _number(a, e, f"{where} dose")
_ _ _ _ _ _ _ _ _ _ _ _ _ _ _ _ _ _ _ _ _ _ _ _ _ _ _ _ _ _ _ _ _ _ _ _ _ _ _ _ 

actual = 1.213856444516285, expected = 0.606928222258
where = 'generated HC4-0032 groups[0] (5AKGKFHZ) dose'

    def _number(actual, expected, where):
        assert isinstance(actual, (int, float)) and not isinstance(actual, bool), f"{where}: {actual!r} is not a number"
        bound = REL * abs(expected) if abs(expected) >= 1 else ABS
>       assert abs(actual - expected) <= bound, f"{where}: {actual!r}, expected {expected!r}"
E       AssertionError: generated HC4-0032 groups[0] (5AKGKFHZ) dose: 1.213856444516285, expected 0.606928222258
E       assert 0.6069282222582849 <= 5e-11
E        +  where 0.6069282222582849 = abs((1.213856444516285 - 0.606928222258))

/tests/test_outputs.py:199: AssertionError
==================================== PASSES ====================================
=========================== short test summary info ============================
PASSED ../../tests/test_outputs.py::test_rule_3_1_reference_duration_uses_85_dba_and_3_db
PASSED ../../tests/test_outputs.py::test_rule_2_3_reading_at_the_threshold_counts
PASSED ../../tests/test_outputs.py::test_rule_2_4_sampled_time_includes_readings_below_threshold
PASSED ../../tests/test_outputs.py::test_rule_2_2_run_logged_at_nought_is_not_a_reading
PASSED ../../tests/test_outputs.py::test_rule_3_3_partial_survey_projected_to_own_shift
PASSED ../../tests/test_outputs.py::test_rule_3_3_survey_as_long_as_shift_keeps_measured_dose
PASSED ../../tests/test_outputs.py::test_rule_2_5_partial_survey_at_exactly_three_quarters
PASSED ../../tests/test_outputs.py::test_survey_below_three_quarters_keeps_todays_projection
PASSED ../../tests/test_outputs.py::test_rule_5_1_reading_at_the_ceiling_level_is_not_flagged
PASSED ../../tests/test_outputs.py::test_rule_1_2_twa_rounded_to_nearest_tenth
PASSED ../../tests/test_outputs.py::test_rule_5_3_status_bands_at_82_and_85
PASSED ../../tests/test_outputs.py::test_rule_6_1_group_dose_is_mean_of_shift_doses
PASSED ../../tests/test_outputs.py::test_report_order_and_group_codes
PASSED ../../tests/test_outputs.py::test_candidate_cannot_read_verifier_state
PASSED ../../tests/test_outputs.py::test_submitted_driver_unchanged
FAILED ../../tests/test_outputs.py::test_survey_that_measured_nothing_keeps_todays_dose
FAILED ../../tests/test_outputs.py::test_reading_above_ceiling_keeps_todays_counted_level
FAILED ../../tests/test_outputs.py::test_rule_5_2_impulse_at_140_dbc - Assert...
FAILED ../../tests/test_outputs.py::test_rule_4_1_twa_formula - AssertionErro...
FAILED ../../tests/test_outputs.py::test_rule_6_1_quiet_member_counts_in_group_mean
FAILED ../../tests/test_outputs.py::test_section_one_limits_reached - Asserti...
FAILED ../../tests/test_outputs.py::test_generated_surveys - AssertionError: ...
========================= 7 failed, 15 passed in 1.55s =========================
