============================= test session starts ==============================
platform linux -- Python 3.13.12, pytest-9.1.1, pluggy-1.6.0
rootdir: /tests
plugins: json-ctrf-0.5.2
collected 10 items

../../tests/test_outputs.py FFFFFFFF..                                   [100%]

=================================== FAILURES ===================================
____________________ test_rule_2_1_every_seventh_night_free ____________________

    def test_rule_2_1_every_seventh_night_free():
        """Stays of 1, 6, 7, 8, 13, 14, 15 and 60 nights."""
>       check_family("free_nights")

/tests/test_outputs.py:215: 
_ _ _ _ _ _ _ _ _ _ _ _ _ _ _ _ _ _ _ _ _ _ _ _ _ _ _ _ _ _ _ _ _ _ _ _ _ _ _ _ 
/tests/test_outputs.py:210: in check_family
    compare(run(row["stays"]), row["folios"], row["stays"]["stays"], f"{name} {row['stays']['audit']}", grades)
/tests/test_outputs.py:196: in compare
    _same(actual["total"], expected["total"], f"{label} total")
_ _ _ _ _ _ _ _ _ _ _ _ _ _ _ _ _ _ _ _ _ _ _ _ _ _ _ _ _ _ _ _ _ _ _ _ _ _ _ _ 

actual = 11636180, expected = 10115180, where = 'free_nights FC3-0001 total'

    def _same(actual, expected, where):
>       assert type(actual) is type(expected) and actual == expected, f"{where}: {actual!r}, expected {expected!r}"
E       AssertionError: free_nights FC3-0001 total: 11636180, expected 10115180
E       assert (<class 'int'> is <class 'int'> and 11636180 == 10115180)
E        +  where <class 'int'> = type(11636180)
E        +  and   <class 'int'> = type(10115180)

/tests/test_outputs.py:185: AssertionError
______________ test_rule_2_2_city_tax_for_at_most_fourteen_nights ______________

    def test_rule_2_2_city_tax_for_at_most_fourteen_nights():
        """250 cents a night, stopping after the fourteenth night."""
>       check_family("city_tax")

/tests/test_outputs.py:220: 
_ _ _ _ _ _ _ _ _ _ _ _ _ _ _ _ _ _ _ _ _ _ _ _ _ _ _ _ _ _ _ _ _ _ _ _ _ _ _ _ 
/tests/test_outputs.py:210: in check_family
    compare(run(row["stays"]), row["folios"], row["stays"]["stays"], f"{name} {row['stays']['audit']}", grades)
/tests/test_outputs.py:196: in compare
    _same(actual["total"], expected["total"], f"{label} total")
_ _ _ _ _ _ _ _ _ _ _ _ _ _ _ _ _ _ _ _ _ _ _ _ _ _ _ _ _ _ _ _ _ _ _ _ _ _ _ _ 

actual = 1098590, expected = 961700, where = 'city_tax FC3-0002 total'

    def _same(actual, expected, where):
>       assert type(actual) is type(expected) and actual == expected, f"{where}: {actual!r}, expected {expected!r}"
E       AssertionError: city_tax FC3-0002 total: 1098590, expected 961700
E       assert (<class 'int'> is <class 'int'> and 1098590 == 961700)
E        +  where <class 'int'> = type(1098590)
E        +  and   <class 'int'> = type(961700)

/tests/test_outputs.py:185: AssertionError
___________________ test_rule_2_3_occupancy_tax_half_cent_up ___________________

    def test_rule_2_3_occupancy_tax_half_cent_up():
        """13.5 per cent of the room charge, an exact half cent going up."""
>       check_family("occupancy_tax")

/tests/test_outputs.py:225: 
_ _ _ _ _ _ _ _ _ _ _ _ _ _ _ _ _ _ _ _ _ _ _ _ _ _ _ _ _ _ _ _ _ _ _ _ _ _ _ _ 
/tests/test_outputs.py:210: in check_family
    compare(run(row["stays"]), row["folios"], row["stays"]["stays"], f"{name} {row['stays']['audit']}", grades)
/tests/test_outputs.py:204: in compare
    _same(row[key], ref[key], f"{label} folios[{index}] ({ref['id']}) {key}")
_ _ _ _ _ _ _ _ _ _ _ _ _ _ _ _ _ _ _ _ _ _ _ _ _ _ _ _ _ _ _ _ _ _ _ _ _ _ _ _ 

actual = 114400, expected = 100100
where = 'occupancy_tax FC3-0003 folios[3] (O4) room'

    def _same(actual, expected, where):
>       assert type(actual) is type(expected) and actual == expected, f"{where}: {actual!r}, expected {expected!r}"
E       AssertionError: occupancy_tax FC3-0003 folios[3] (O4) room: 114400, expected 100100
E       assert (<class 'int'> is <class 'int'> and 114400 == 100100)
E        +  where <class 'int'> = type(114400)
E        +  and   <class 'int'> = type(100100)

/tests/test_outputs.py:185: AssertionError
_____________________ test_rule_2_5_totals_and_folio_order _____________________

    def test_rule_2_5_totals_and_folio_order():
        """Every folio total and the file total, folios in file order, ids of one to ten characters."""
>       check_family("order_and_total")

/tests/test_outputs.py:230: 
_ _ _ _ _ _ _ _ _ _ _ _ _ _ _ _ _ _ _ _ _ _ _ _ _ _ _ _ _ _ _ _ _ _ _ _ _ _ _ _ 
/tests/test_outputs.py:210: in check_family
    compare(run(row["stays"]), row["folios"], row["stays"]["stays"], f"{name} {row['stays']['audit']}", grades)
/tests/test_outputs.py:196: in compare
    _same(actual["total"], expected["total"], f"{label} total")
_ _ _ _ _ _ _ _ _ _ _ _ _ _ _ _ _ _ _ _ _ _ _ _ _ _ _ _ _ _ _ _ _ _ _ _ _ _ _ _ 

actual = 4171200, expected = 3592050, where = 'order_and_total FC3-0004 total'

    def _same(actual, expected, where):
>       assert type(actual) is type(expected) and actual == expected, f"{where}: {actual!r}, expected {expected!r}"
E       AssertionError: order_and_total FC3-0004 total: 4171200, expected 3592050
E       assert (<class 'int'> is <class 'int'> and 4171200 == 3592050)
E        +  where <class 'int'> = type(4171200)
E        +  and   <class 'int'> = type(3592050)

/tests/test_outputs.py:185: AssertionError
______________________ test_service_fee_keeps_todays_step ______________________

    def test_service_fee_keeps_todays_step():
        """The rules give no rate or rounding for the service fee: today's step stands, half cents included."""
>       check_family("service_fee")

/tests/test_outputs.py:235: 
_ _ _ _ _ _ _ _ _ _ _ _ _ _ _ _ _ _ _ _ _ _ _ _ _ _ _ _ _ _ _ _ _ _ _ _ _ _ _ _ 
/tests/test_outputs.py:210: in check_family
    compare(run(row["stays"]), row["folios"], row["stays"]["stays"], f"{name} {row['stays']['audit']}", grades)
/tests/test_outputs.py:196: in compare
    _same(actual["total"], expected["total"], f"{label} total")
_ _ _ _ _ _ _ _ _ _ _ _ _ _ _ _ _ _ _ _ _ _ _ _ _ _ _ _ _ _ _ _ _ _ _ _ _ _ _ _ 

actual = 10580084, expected = 9231426, where = 'service_fee FC3-0006 total'

    def _same(actual, expected, where):
>       assert type(actual) is type(expected) and actual == expected, f"{where}: {actual!r}, expected {expected!r}"
E       AssertionError: service_fee FC3-0006 total: 10580084, expected 9231426
E       assert (<class 'int'> is <class 'int'> and 10580084 == 9231426)
E        +  where <class 'int'> = type(10580084)
E        +  and   <class 'int'> = type(9231426)

/tests/test_outputs.py:185: AssertionError
__________________ test_room_under_5000_keeps_todays_city_tax __________________

    def test_room_under_5000_keeps_todays_city_tax():
        """The rules give no city tax for a room under 5,000 cents a night: today's step stands."""
>       check_family("city_tax_cheap")

/tests/test_outputs.py:240: 
_ _ _ _ _ _ _ _ _ _ _ _ _ _ _ _ _ _ _ _ _ _ _ _ _ _ _ _ _ _ _ _ _ _ _ _ _ _ _ _ 
/tests/test_outputs.py:210: in check_family
    compare(run(row["stays"]), row["folios"], row["stays"]["stays"], f"{name} {row['stays']['audit']}", grades)
/tests/test_outputs.py:196: in compare
    _same(actual["total"], expected["total"], f"{label} total")
_ _ _ _ _ _ _ _ _ _ _ _ _ _ _ _ _ _ _ _ _ _ _ _ _ _ _ _ _ _ _ _ _ _ _ _ _ _ _ _ 

actual = 1126121, expected = 981062, where = 'city_tax_cheap FC3-0007 total'

    def _same(actual, expected, where):
>       assert type(actual) is type(expected) and actual == expected, f"{where}: {actual!r}, expected {expected!r}"
E       AssertionError: city_tax_cheap FC3-0007 total: 1126121, expected 981062
E       assert (<class 'int'> is <class 'int'> and 1126121 == 981062)
E        +  where <class 'int'> = type(1126121)
E        +  and   <class 'int'> = type(981062)

/tests/test_outputs.py:185: AssertionError
_________________________ test_rule_1_2_limits_reached _________________________

    def test_rule_1_2_limits_reached():
        """200 stays; 1 and 60 nights; rates of 5,000 and 150,000 cents."""
        assert len(load("limits")[0]["stays"]["stays"]) == 200
>       check_family("limits")

/tests/test_outputs.py:246: 
_ _ _ _ _ _ _ _ _ _ _ _ _ _ _ _ _ _ _ _ _ _ _ _ _ _ _ _ _ _ _ _ _ _ _ _ _ _ _ _ 
/tests/test_outputs.py:210: in check_family
    compare(run(row["stays"]), row["folios"], row["stays"]["stays"], f"{name} {row['stays']['audit']}", grades)
/tests/test_outputs.py:204: in compare
    _same(row[key], ref[key], f"{label} folios[{index}] ({ref['id']}) {key}")
_ _ _ _ _ _ _ _ _ _ _ _ _ _ _ _ _ _ _ _ _ _ _ _ _ _ _ _ _ _ _ _ _ _ _ _ _ _ _ _ 

actual = 9000000, expected = 7800000
where = 'limits FC3-0012 folios[0] (ABCDEFGHIJ) room'

    def _same(actual, expected, where):
>       assert type(actual) is type(expected) and actual == expected, f"{where}: {actual!r}, expected {expected!r}"
E       AssertionError: limits FC3-0012 folios[0] (ABCDEFGHIJ) room: 9000000, expected 7800000
E       assert (<class 'int'> is <class 'int'> and 9000000 == 7800000)
E        +  where <class 'int'> = type(9000000)
E        +  and   <class 'int'> = type(7800000)

/tests/test_outputs.py:185: AssertionError
_________________________ test_generated_night_audits __________________________

    def test_generated_night_audits():
        """Seeded files of rooms at 5,000 cents a night or more, as sealed and under fresh labels."""
>       check_family("generated")

/tests/test_outputs.py:266: 
_ _ _ _ _ _ _ _ _ _ _ _ _ _ _ _ _ _ _ _ _ _ _ _ _ _ _ _ _ _ _ _ _ _ _ _ _ _ _ _ 
/tests/test_outputs.py:210: in check_family
    compare(run(row["stays"]), row["folios"], row["stays"]["stays"], f"{name} {row['stays']['audit']}", grades)
/tests/test_outputs.py:196: in compare
    _same(actual["total"], expected["total"], f"{label} total")
_ _ _ _ _ _ _ _ _ _ _ _ _ _ _ _ _ _ _ _ _ _ _ _ _ _ _ _ _ _ _ _ _ _ _ _ _ _ _ _ 

actual = 18465616, expected = 16132337, where = 'generated FC3-0008 total'

    def _same(actual, expected, where):
>       assert type(actual) is type(expected) and actual == expected, f"{where}: {actual!r}, expected {expected!r}"
E       AssertionError: generated FC3-0008 total: 18465616, expected 16132337
E       assert (<class 'int'> is <class 'int'> and 18465616 == 16132337)
E        +  where <class 'int'> = type(18465616)
E        +  and   <class 'int'> = type(16132337)

/tests/test_outputs.py:185: AssertionError
==================================== PASSES ====================================
=========================== short test summary info ============================
PASSED ../../tests/test_outputs.py::test_candidate_cannot_read_verifier_state
PASSED ../../tests/test_outputs.py::test_submitted_driver_unchanged
FAILED ../../tests/test_outputs.py::test_rule_2_1_every_seventh_night_free - ...
FAILED ../../tests/test_outputs.py::test_rule_2_2_city_tax_for_at_most_fourteen_nights
FAILED ../../tests/test_outputs.py::test_rule_2_3_occupancy_tax_half_cent_up
FAILED ../../tests/test_outputs.py::test_rule_2_5_totals_and_folio_order - As...
FAILED ../../tests/test_outputs.py::test_service_fee_keeps_todays_step - Asse...
FAILED ../../tests/test_outputs.py::test_room_under_5000_keeps_todays_city_tax
FAILED ../../tests/test_outputs.py::test_rule_1_2_limits_reached - AssertionE...
FAILED ../../tests/test_outputs.py::test_generated_night_audits - AssertionEr...
========================= 8 failed, 2 passed in 0.65s ==========================
