============================= test session starts ==============================
platform linux -- Python 3.13.12, pytest-9.1.1, pluggy-1.6.0
rootdir: /tests
plugins: json-ctrf-0.5.2
collected 10 items

../../tests/test_outputs.py ..F.F.FF..                                   [100%]

=================================== FAILURES ===================================
___________________ test_rule_2_3_occupancy_tax_half_cent_up ___________________

    def test_rule_2_3_occupancy_tax_half_cent_up():
        """13.5 per cent of the room charge, an exact half cent going up."""
>       check_family("occupancy_tax")

/tests/test_outputs.py:225: 
_ _ _ _ _ _ _ _ _ _ _ _ _ _ _ _ _ _ _ _ _ _ _ _ _ _ _ _ _ _ _ _ _ _ _ _ _ _ _ _ 
/tests/test_outputs.py:210: in check_family
    compare(run(row["stays"]), row["folios"], row["stays"]["stays"], f"{name} {row['stays']['audit']}", grades)
/tests/test_outputs.py:204: in compare
    _same(row[key], ref[key], f"{label} folios[{index}] ({ref['id']}) {key}")
_ _ _ _ _ _ _ _ _ _ _ _ _ _ _ _ _ _ _ _ _ _ _ _ _ _ _ _ _ _ _ _ _ _ _ _ _ _ _ _ 

actual = 688, expected = 689
where = 'occupancy_tax FC3-0003 folios[0] (O1) occupancy_tax'

    def _same(actual, expected, where):
>       assert type(actual) is type(expected) and actual == expected, f"{where}: {actual!r}, expected {expected!r}"
E       AssertionError: occupancy_tax FC3-0003 folios[0] (O1) occupancy_tax: 688, expected 689
E       assert (<class 'int'> is <class 'int'> and 688 == 689)
E        +  where <class 'int'> = type(688)
E        +  and   <class 'int'> = type(689)

/tests/test_outputs.py:185: AssertionError
______________________ test_service_fee_keeps_todays_step ______________________

    def test_service_fee_keeps_todays_step():
        """The rules give no rate or rounding for the service fee: today's step stands, half cents included."""
>       check_family("service_fee")

/tests/test_outputs.py:235: 
_ _ _ _ _ _ _ _ _ _ _ _ _ _ _ _ _ _ _ _ _ _ _ _ _ _ _ _ _ _ _ _ _ _ _ _ _ _ _ _ 
/tests/test_outputs.py:210: in check_family
    compare(run(row["stays"]), row["folios"], row["stays"]["stays"], f"{name} {row['stays']['audit']}", grades)
/tests/test_outputs.py:196: in compare
    _same(actual["total"], expected["total"], f"{label} total")
_ _ _ _ _ _ _ _ _ _ _ _ _ _ _ _ _ _ _ _ _ _ _ _ _ _ _ _ _ _ _ _ _ _ _ _ _ _ _ _ 

actual = 9231422, expected = 9231426, where = 'service_fee FC3-0006 total'

    def _same(actual, expected, where):
>       assert type(actual) is type(expected) and actual == expected, f"{where}: {actual!r}, expected {expected!r}"
E       AssertionError: service_fee FC3-0006 total: 9231422, expected 9231426
E       assert (<class 'int'> is <class 'int'> and 9231422 == 9231426)
E        +  where <class 'int'> = type(9231422)
E        +  and   <class 'int'> = type(9231426)

/tests/test_outputs.py:185: AssertionError
_________________________ test_rule_1_2_limits_reached _________________________

    def test_rule_1_2_limits_reached():
        """200 stays; 1 and 60 nights; rates of 5,000 and 150,000 cents."""
        assert len(load("limits")[0]["stays"]["stays"]) == 200
>       check_family("limits")

/tests/test_outputs.py:246: 
_ _ _ _ _ _ _ _ _ _ _ _ _ _ _ _ _ _ _ _ _ _ _ _ _ _ _ _ _ _ _ _ _ _ _ _ _ _ _ _ 
/tests/test_outputs.py:210: in check_family
    compare(run(row["stays"]), row["folios"], row["stays"]["stays"], f"{name} {row['stays']['audit']}", grades)
/tests/test_outputs.py:204: in compare
    _same(row[key], ref[key], f"{label} folios[{index}] ({ref['id']}) {key}")
_ _ _ _ _ _ _ _ _ _ _ _ _ _ _ _ _ _ _ _ _ _ _ _ _ _ _ _ _ _ _ _ _ _ _ _ _ _ _ _ 

actual = 95782, expected = 95783
where = 'limits FC3-0012 folios[29] (L29) occupancy_tax'

    def _same(actual, expected, where):
>       assert type(actual) is type(expected) and actual == expected, f"{where}: {actual!r}, expected {expected!r}"
E       AssertionError: limits FC3-0012 folios[29] (L29) occupancy_tax: 95782, expected 95783
E       assert (<class 'int'> is <class 'int'> and 95782 == 95783)
E        +  where <class 'int'> = type(95782)
E        +  and   <class 'int'> = type(95783)

/tests/test_outputs.py:185: AssertionError
_________________________ test_generated_night_audits __________________________

    def test_generated_night_audits():
        """Seeded files of rooms at 5,000 cents a night or more, as sealed and under fresh labels."""
>       check_family("generated")

/tests/test_outputs.py:266: 
_ _ _ _ _ _ _ _ _ _ _ _ _ _ _ _ _ _ _ _ _ _ _ _ _ _ _ _ _ _ _ _ _ _ _ _ _ _ _ _ 
/tests/test_outputs.py:210: in check_family
    compare(run(row["stays"]), row["folios"], row["stays"]["stays"], f"{name} {row['stays']['audit']}", grades)
/tests/test_outputs.py:204: in compare
    _same(row[key], ref[key], f"{label} folios[{index}] ({ref['id']}) {key}")
_ _ _ _ _ _ _ _ _ _ _ _ _ _ _ _ _ _ _ _ _ _ _ _ _ _ _ _ _ _ _ _ _ _ _ _ _ _ _ _ 

actual = 618718, expected = 618719
where = 'generated FC3-0010 folios[6] (6V2K0H76) occupancy_tax'

    def _same(actual, expected, where):
>       assert type(actual) is type(expected) and actual == expected, f"{where}: {actual!r}, expected {expected!r}"
E       AssertionError: generated FC3-0010 folios[6] (6V2K0H76) occupancy_tax: 618718, expected 618719
E       assert (<class 'int'> is <class 'int'> and 618718 == 618719)
E        +  where <class 'int'> = type(618718)
E        +  and   <class 'int'> = type(618719)

/tests/test_outputs.py:185: AssertionError
==================================== PASSES ====================================
=========================== short test summary info ============================
PASSED ../../tests/test_outputs.py::test_rule_2_1_every_seventh_night_free
PASSED ../../tests/test_outputs.py::test_rule_2_2_city_tax_for_at_most_fourteen_nights
PASSED ../../tests/test_outputs.py::test_rule_2_5_totals_and_folio_order
PASSED ../../tests/test_outputs.py::test_room_under_5000_keeps_todays_city_tax
PASSED ../../tests/test_outputs.py::test_candidate_cannot_read_verifier_state
PASSED ../../tests/test_outputs.py::test_submitted_driver_unchanged
FAILED ../../tests/test_outputs.py::test_rule_2_3_occupancy_tax_half_cent_up
FAILED ../../tests/test_outputs.py::test_service_fee_keeps_todays_step - Asse...
FAILED ../../tests/test_outputs.py::test_rule_1_2_limits_reached - AssertionE...
FAILED ../../tests/test_outputs.py::test_generated_night_audits - AssertionEr...
========================= 4 failed, 6 passed in 0.55s ==========================
