============================= test session starts ==============================
platform linux -- Python 3.13.12, pytest-9.1.1, pluggy-1.6.0
rootdir: /tests
plugins: json-ctrf-0.5.2
collected 22 items

../../tests/test_outputs.py FFFFFFFFFFFFFFFFFFFF..                       [100%]

=================================== FAILURES ===================================
____________ test_rule_3_1_reference_duration_uses_85_dba_and_3_db _____________

    def test_rule_3_1_reference_duration_uses_85_dba_and_3_db():
        """Doses follow the 85 dBA criterion and 3 dB exchange rate, at levels from 80.0 to 115.0 dBA."""
>       check_family("reference_duration")

/tests/test_outputs.py:237: 
_ _ _ _ _ _ _ _ _ _ _ _ _ _ _ _ _ _ _ _ _ _ _ _ _ _ _ _ _ _ _ _ _ _ _ _ _ _ _ _ 
/tests/test_outputs.py:219: in check_family
    compare(reduce(row["survey"]), row["report"], f"{name} {row['survey']['survey']}")
/tests/test_outputs.py:214: in compare
    _row(row, ref, keys, f"{label} {section}[{index}] ({ref.get('id', ref['group'])})")
_ _ _ _ _ _ _ _ _ _ _ _ _ _ _ _ _ _ _ _ _ _ _ _ _ _ _ _ _ _ _ _ _ _ _ _ _ _ _ _ 

actual = {'id': 'A1', 'group': 'G1', 'dose': 100.0, 'twa': 85.0000005, ...}
expected = {'id': 'A1', 'group': 'G1', 'dose': 100.0, 'twa': 85.0, ...}
keys = {'ceiling', 'dose', 'group', 'id', 'impulse', 'status', ...}
where = 'reference_duration HC4-0001 workers[0] (A1)'

    def _row(actual, expected, keys, where):
        """Every key the README lists, compared; a group row carries no ceiling or impulse flag (6.1); any other
        further key is not part of the contract and is ignored."""
        assert isinstance(actual, dict) and set(actual) >= keys, f"{where}: keys {actual!r}"
        if keys == GROUP_KEYS:
            assert not {"ceiling", "impulse"} & set(actual), f"{where}: a group carries no ceiling or impulse flag, got {actual!r}"
        for key in sorted(keys):
            a, e = actual[key], expected[key]
            if key == "dose":
                _number(a, e, f"{where} dose")
            elif key == "twa" and e is not None:
>               assert isinstance(a, (int, float)) and not isinstance(a, bool) and a == e, f"{where} twa: {a!r}, expected {e!r}"
E               AssertionError: reference_duration HC4-0001 workers[0] (A1) twa: 85.0000005, expected 85.0
E               assert (True and not False and 85.0000005 == 85.0)
E                +  where True = isinstance(85.0000005, (<class 'int'>, <class 'float'>))
E                +  and   False = isinstance(85.0000005, bool)

/tests/test_outputs.py:202: AssertionError
________________ test_rule_2_3_reading_at_the_threshold_counts _________________

    def test_rule_2_3_reading_at_the_threshold_counts():
        """A reading exactly at 80.0 dBA adds dose; 79.9 dBA does not."""
>       check_family("threshold")

/tests/test_outputs.py:242: 
_ _ _ _ _ _ _ _ _ _ _ _ _ _ _ _ _ _ _ _ _ _ _ _ _ _ _ _ _ _ _ _ _ _ _ _ _ _ _ _ 
/tests/test_outputs.py:219: in check_family
    compare(reduce(row["survey"]), row["report"], f"{name} {row['survey']['survey']}")
/tests/test_outputs.py:214: in compare
    _row(row, ref, keys, f"{label} {section}[{index}] ({ref.get('id', ref['group'])})")
_ _ _ _ _ _ _ _ _ _ _ _ _ _ _ _ _ _ _ _ _ _ _ _ _ _ _ _ _ _ _ _ _ _ _ _ _ _ _ _ 

actual = {'id': 'A1', 'group': 'G1', 'dose': 174.48911832050587, 'twa': 87.4000005, ...}
expected = {'id': 'A1', 'group': 'G1', 'dose': 174.489118321, 'twa': 87.4, ...}
keys = {'ceiling', 'dose', 'group', 'id', 'impulse', 'status', ...}
where = 'threshold HC4-0003 workers[0] (A1)'

    def _row(actual, expected, keys, where):
        """Every key the README lists, compared; a group row carries no ceiling or impulse flag (6.1); any other
        further key is not part of the contract and is ignored."""
        assert isinstance(actual, dict) and set(actual) >= keys, f"{where}: keys {actual!r}"
        if keys == GROUP_KEYS:
            assert not {"ceiling", "impulse"} & set(actual), f"{where}: a group carries no ceiling or impulse flag, got {actual!r}"
        for key in sorted(keys):
            a, e = actual[key], expected[key]
            if key == "dose":
                _number(a, e, f"{where} dose")
            elif key == "twa" and e is not None:
>               assert isinstance(a, (int, float)) and not isinstance(a, bool) and a == e, f"{where} twa: {a!r}, expected {e!r}"
E               AssertionError: threshold HC4-0003 workers[0] (A1) twa: 87.4000005, expected 87.4
E               assert (True and not False and 87.4000005 == 87.4)
E                +  where True = isinstance(87.4000005, (<class 'int'>, <class 'float'>))
E                +  and   False = isinstance(87.4000005, bool)

/tests/test_outputs.py:202: AssertionError
_________ test_rule_2_4_sampled_time_includes_readings_below_threshold _________

    def test_rule_2_4_sampled_time_includes_readings_below_threshold():
        """Sampled time counts every reading, quiet ones at 40.0 to 79.9 dBA included."""
>       check_family("sampled_time")

/tests/test_outputs.py:247: 
_ _ _ _ _ _ _ _ _ _ _ _ _ _ _ _ _ _ _ _ _ _ _ _ _ _ _ _ _ _ _ _ _ _ _ _ _ _ _ _ 
/tests/test_outputs.py:219: in check_family
    compare(reduce(row["survey"]), row["report"], f"{name} {row['survey']['survey']}")
/tests/test_outputs.py:214: in compare
    _row(row, ref, keys, f"{label} {section}[{index}] ({ref.get('id', ref['group'])})")
_ _ _ _ _ _ _ _ _ _ _ _ _ _ _ _ _ _ _ _ _ _ _ _ _ _ _ _ _ _ _ _ _ _ _ _ _ _ _ _ 

actual = {'id': 'A1', 'group': 'G1', 'dose': 251.98420997897466, 'twa': 89.0000005, ...}
expected = {'id': 'A1', 'group': 'G1', 'dose': 251.984209979, 'twa': 89.0, ...}
keys = {'ceiling', 'dose', 'group', 'id', 'impulse', 'status', ...}
where = 'sampled_time HC4-0005 workers[0] (A1)'

    def _row(actual, expected, keys, where):
        """Every key the README lists, compared; a group row carries no ceiling or impulse flag (6.1); any other
        further key is not part of the contract and is ignored."""
        assert isinstance(actual, dict) and set(actual) >= keys, f"{where}: keys {actual!r}"
        if keys == GROUP_KEYS:
            assert not {"ceiling", "impulse"} & set(actual), f"{where}: a group carries no ceiling or impulse flag, got {actual!r}"
        for key in sorted(keys):
            a, e = actual[key], expected[key]
            if key == "dose":
                _number(a, e, f"{where} dose")
            elif key == "twa" and e is not None:
>               assert isinstance(a, (int, float)) and not isinstance(a, bool) and a == e, f"{where} twa: {a!r}, expected {e!r}"
E               AssertionError: sampled_time HC4-0005 workers[0] (A1) twa: 89.0000005, expected 89.0
E               assert (True and not False and 89.0000005 == 89.0)
E                +  where True = isinstance(89.0000005, (<class 'int'>, <class 'float'>))
E                +  and   False = isinstance(89.0000005, bool)

/tests/test_outputs.py:202: AssertionError
_____________ test_rule_2_2_run_logged_at_nought_is_not_a_reading ______________

    def test_rule_2_2_run_logged_at_nought_is_not_a_reading():
        """A run logged at 0.0 is not a reading, so its minutes stay out of sampled time."""
>       check_family("paused_runs")

/tests/test_outputs.py:252: 
_ _ _ _ _ _ _ _ _ _ _ _ _ _ _ _ _ _ _ _ _ _ _ _ _ _ _ _ _ _ _ _ _ _ _ _ _ _ _ _ 
/tests/test_outputs.py:219: in check_family
    compare(reduce(row["survey"]), row["report"], f"{name} {row['survey']['survey']}")
/tests/test_outputs.py:214: in compare
    _row(row, ref, keys, f"{label} {section}[{index}] ({ref.get('id', ref['group'])})")
_ _ _ _ _ _ _ _ _ _ _ _ _ _ _ _ _ _ _ _ _ _ _ _ _ _ _ _ _ _ _ _ _ _ _ _ _ _ _ _ 

actual = {'id': 'A1', 'group': 'G1', 'dose': 281.1935961090341, 'twa': 89.5000005, ...}
expected = {'id': 'A1', 'group': 'G1', 'dose': 281.193596109, 'twa': 89.5, ...}
keys = {'ceiling', 'dose', 'group', 'id', 'impulse', 'status', ...}
where = 'paused_runs HC4-0007 workers[0] (A1)'

    def _row(actual, expected, keys, where):
        """Every key the README lists, compared; a group row carries no ceiling or impulse flag (6.1); any other
        further key is not part of the contract and is ignored."""
        assert isinstance(actual, dict) and set(actual) >= keys, f"{where}: keys {actual!r}"
        if keys == GROUP_KEYS:
            assert not {"ceiling", "impulse"} & set(actual), f"{where}: a group carries no ceiling or impulse flag, got {actual!r}"
        for key in sorted(keys):
            a, e = actual[key], expected[key]
            if key == "dose":
                _number(a, e, f"{where} dose")
            elif key == "twa" and e is not None:
>               assert isinstance(a, (int, float)) and not isinstance(a, bool) and a == e, f"{where} twa: {a!r}, expected {e!r}"
E               AssertionError: paused_runs HC4-0007 workers[0] (A1) twa: 89.5000005, expected 89.5
E               assert (True and not False and 89.5000005 == 89.5)
E                +  where True = isinstance(89.5000005, (<class 'int'>, <class 'float'>))
E                +  and   False = isinstance(89.5000005, bool)

/tests/test_outputs.py:202: AssertionError
_____________ test_rule_3_3_partial_survey_projected_to_own_shift ______________

    def test_rule_3_3_partial_survey_projected_to_own_shift():
        """A partial survey is projected to the worker's own shift, not to eight hours."""
>       check_family("partial_surveys")

/tests/test_outputs.py:257: 
_ _ _ _ _ _ _ _ _ _ _ _ _ _ _ _ _ _ _ _ _ _ _ _ _ _ _ _ _ _ _ _ _ _ _ _ _ _ _ _ 
/tests/test_outputs.py:219: in check_family
    compare(reduce(row["survey"]), row["report"], f"{name} {row['survey']['survey']}")
/tests/test_outputs.py:214: in compare
    _row(row, ref, keys, f"{label} {section}[{index}] ({ref.get('id', ref['group'])})")
_ _ _ _ _ _ _ _ _ _ _ _ _ _ _ _ _ _ _ _ _ _ _ _ _ _ _ _ _ _ _ _ _ _ _ _ _ _ _ _ 

actual = {'id': 'A1', 'group': 'G1', 'dose': 476.2203155904598, 'twa': 91.8000005, ...}
expected = {'id': 'A1', 'group': 'G1', 'dose': 476.22031559, 'twa': 91.8, ...}
keys = {'ceiling', 'dose', 'group', 'id', 'impulse', 'status', ...}
where = 'partial_surveys HC4-0009 workers[0] (A1)'

    def _row(actual, expected, keys, where):
        """Every key the README lists, compared; a group row carries no ceiling or impulse flag (6.1); any other
        further key is not part of the contract and is ignored."""
        assert isinstance(actual, dict) and set(actual) >= keys, f"{where}: keys {actual!r}"
        if keys == GROUP_KEYS:
            assert not {"ceiling", "impulse"} & set(actual), f"{where}: a group carries no ceiling or impulse flag, got {actual!r}"
        for key in sorted(keys):
            a, e = actual[key], expected[key]
            if key == "dose":
                _number(a, e, f"{where} dose")
            elif key == "twa" and e is not None:
>               assert isinstance(a, (int, float)) and not isinstance(a, bool) and a == e, f"{where} twa: {a!r}, expected {e!r}"
E               AssertionError: partial_surveys HC4-0009 workers[0] (A1) twa: 91.8000005, expected 91.8
E               assert (True and not False and 91.8000005 == 91.8)
E                +  where True = isinstance(91.8000005, (<class 'int'>, <class 'float'>))
E                +  and   False = isinstance(91.8000005, bool)

/tests/test_outputs.py:202: AssertionError
__________ test_rule_3_3_survey_as_long_as_shift_keeps_measured_dose ___________

    def test_rule_3_3_survey_as_long_as_shift_keeps_measured_dose():
        """A survey of the whole shift or longer keeps its measured dose."""
>       check_family("whole_shift")

/tests/test_outputs.py:262: 
_ _ _ _ _ _ _ _ _ _ _ _ _ _ _ _ _ _ _ _ _ _ _ _ _ _ _ _ _ _ _ _ _ _ _ _ _ _ _ _ 
/tests/test_outputs.py:219: in check_family
    compare(reduce(row["survey"]), row["report"], f"{name} {row['survey']['survey']}")
/tests/test_outputs.py:214: in compare
    _row(row, ref, keys, f"{label} {section}[{index}] ({ref.get('id', ref['group'])})")
_ _ _ _ _ _ _ _ _ _ _ _ _ _ _ _ _ _ _ _ _ _ _ _ _ _ _ _ _ _ _ _ _ _ _ _ _ _ _ _ 

actual = {'id': 'A1', 'group': 'G1', 'dose': 175.0, 'twa': 87.4000005, ...}
expected = {'id': 'A1', 'group': 'G1', 'dose': 175.0, 'twa': 87.4, ...}
keys = {'ceiling', 'dose', 'group', 'id', 'impulse', 'status', ...}
where = 'whole_shift HC4-0011 workers[0] (A1)'

    def _row(actual, expected, keys, where):
        """Every key the README lists, compared; a group row carries no ceiling or impulse flag (6.1); any other
        further key is not part of the contract and is ignored."""
        assert isinstance(actual, dict) and set(actual) >= keys, f"{where}: keys {actual!r}"
        if keys == GROUP_KEYS:
            assert not {"ceiling", "impulse"} & set(actual), f"{where}: a group carries no ceiling or impulse flag, got {actual!r}"
        for key in sorted(keys):
            a, e = actual[key], expected[key]
            if key == "dose":
                _number(a, e, f"{where} dose")
            elif key == "twa" and e is not None:
>               assert isinstance(a, (int, float)) and not isinstance(a, bool) and a == e, f"{where} twa: {a!r}, expected {e!r}"
E               AssertionError: whole_shift HC4-0011 workers[0] (A1) twa: 87.4000005, expected 87.4
E               assert (True and not False and 87.4000005 == 87.4)
E                +  where True = isinstance(87.4000005, (<class 'int'>, <class 'float'>))
E                +  and   False = isinstance(87.4000005, bool)

/tests/test_outputs.py:202: AssertionError
____________ test_rule_2_5_partial_survey_at_exactly_three_quarters ____________

    def test_rule_2_5_partial_survey_at_exactly_three_quarters():
        """Sampled time of exactly three quarters of the shift is a partial survey, on shifts of 60 to 1,440 minutes."""
>       check_family("three_quarters")

/tests/test_outputs.py:267: 
_ _ _ _ _ _ _ _ _ _ _ _ _ _ _ _ _ _ _ _ _ _ _ _ _ _ _ _ _ _ _ _ _ _ _ _ _ _ _ _ 
/tests/test_outputs.py:219: in check_family
    compare(reduce(row["survey"]), row["report"], f"{name} {row['survey']['survey']}")
/tests/test_outputs.py:214: in compare
    _row(row, ref, keys, f"{label} {section}[{index}] ({ref.get('id', ref['group'])})")
_ _ _ _ _ _ _ _ _ _ _ _ _ _ _ _ _ _ _ _ _ _ _ _ _ _ _ _ _ _ _ _ _ _ _ _ _ _ _ _ 

actual = {'id': 'A1', 'group': 'G1', 'dose': 396.8502629920499, 'twa': 91.0000005, ...}
expected = {'id': 'A1', 'group': 'G1', 'dose': 396.850262992, 'twa': 91.0, ...}
keys = {'ceiling', 'dose', 'group', 'id', 'impulse', 'status', ...}
where = 'three_quarters HC4-0013 workers[0] (A1)'

    def _row(actual, expected, keys, where):
        """Every key the README lists, compared; a group row carries no ceiling or impulse flag (6.1); any other
        further key is not part of the contract and is ignored."""
        assert isinstance(actual, dict) and set(actual) >= keys, f"{where}: keys {actual!r}"
        if keys == GROUP_KEYS:
            assert not {"ceiling", "impulse"} & set(actual), f"{where}: a group carries no ceiling or impulse flag, got {actual!r}"
        for key in sorted(keys):
            a, e = actual[key], expected[key]
            if key == "dose":
                _number(a, e, f"{where} dose")
            elif key == "twa" and e is not None:
>               assert isinstance(a, (int, float)) and not isinstance(a, bool) and a == e, f"{where} twa: {a!r}, expected {e!r}"
E               AssertionError: three_quarters HC4-0013 workers[0] (A1) twa: 91.0000005, expected 91.0
E               assert (True and not False and 91.0000005 == 91.0)
E                +  where True = isinstance(91.0000005, (<class 'int'>, <class 'float'>))
E                +  and   False = isinstance(91.0000005, bool)

/tests/test_outputs.py:202: AssertionError
___________ test_survey_below_three_quarters_keeps_todays_projection ___________

    def test_survey_below_three_quarters_keeps_todays_projection():
        """The manual gives no rule for the shift dose of a survey below three quarters: today's step stands."""
>       check_family("below_three_quarters")

/tests/test_outputs.py:272: 
_ _ _ _ _ _ _ _ _ _ _ _ _ _ _ _ _ _ _ _ _ _ _ _ _ _ _ _ _ _ _ _ _ _ _ _ _ _ _ _ 
/tests/test_outputs.py:219: in check_family
    compare(reduce(row["survey"]), row["report"], f"{name} {row['survey']['survey']}")
/tests/test_outputs.py:214: in compare
    _row(row, ref, keys, f"{label} {section}[{index}] ({ref.get('id', ref['group'])})")
_ _ _ _ _ _ _ _ _ _ _ _ _ _ _ _ _ _ _ _ _ _ _ _ _ _ _ _ _ _ _ _ _ _ _ _ _ _ _ _ 

actual = {'id': 'X1', 'group': 'G1', 'dose': 317.48021039363994, 'twa': 90.0000005, ...}
expected = {'id': 'X1', 'group': 'G1', 'dose': 317.480210394, 'twa': 90.0, ...}
keys = {'ceiling', 'dose', 'group', 'id', 'impulse', 'status', ...}
where = 'below_three_quarters HC4-0015 workers[0] (X1)'

    def _row(actual, expected, keys, where):
        """Every key the README lists, compared; a group row carries no ceiling or impulse flag (6.1); any other
        further key is not part of the contract and is ignored."""
        assert isinstance(actual, dict) and set(actual) >= keys, f"{where}: keys {actual!r}"
        if keys == GROUP_KEYS:
            assert not {"ceiling", "impulse"} & set(actual), f"{where}: a group carries no ceiling or impulse flag, got {actual!r}"
        for key in sorted(keys):
            a, e = actual[key], expected[key]
            if key == "dose":
                _number(a, e, f"{where} dose")
            elif key == "twa" and e is not None:
>               assert isinstance(a, (int, float)) and not isinstance(a, bool) and a == e, f"{where} twa: {a!r}, expected {e!r}"
E               AssertionError: below_three_quarters HC4-0015 workers[0] (X1) twa: 90.0000005, expected 90.0
E               assert (True and not False and 90.0000005 == 90.0)
E                +  where True = isinstance(90.0000005, (<class 'int'>, <class 'float'>))
E                +  and   False = isinstance(90.0000005, bool)

/tests/test_outputs.py:202: AssertionError
_____________ test_survey_that_measured_nothing_keeps_todays_dose ______________

    def test_survey_that_measured_nothing_keeps_todays_dose():
        """A survey that measured nothing keeps today's shift dose of nought."""
>       check_family("measured_nothing")

/tests/test_outputs.py:278: 
_ _ _ _ _ _ _ _ _ _ _ _ _ _ _ _ _ _ _ _ _ _ _ _ _ _ _ _ _ _ _ _ _ _ _ _ _ _ _ _ 
/tests/test_outputs.py:219: in check_family
    compare(reduce(row["survey"]), row["report"], f"{name} {row['survey']['survey']}")
/tests/test_outputs.py:214: in compare
    _row(row, ref, keys, f"{label} {section}[{index}] ({ref.get('id', ref['group'])})")
_ _ _ _ _ _ _ _ _ _ _ _ _ _ _ _ _ _ _ _ _ _ _ _ _ _ _ _ _ _ _ _ _ _ _ _ _ _ _ _ 

actual = {'id': 'A2', 'group': 'G1', 'dose': 317.48021039363994, 'twa': 90.0000005, ...}
expected = {'id': 'A2', 'group': 'G1', 'dose': 317.480210394, 'twa': 90.0, ...}
keys = {'ceiling', 'dose', 'group', 'id', 'impulse', 'status', ...}
where = 'measured_nothing HC4-0017 workers[1] (A2)'

    def _row(actual, expected, keys, where):
        """Every key the README lists, compared; a group row carries no ceiling or impulse flag (6.1); any other
        further key is not part of the contract and is ignored."""
        assert isinstance(actual, dict) and set(actual) >= keys, f"{where}: keys {actual!r}"
        if keys == GROUP_KEYS:
            assert not {"ceiling", "impulse"} & set(actual), f"{where}: a group carries no ceiling or impulse flag, got {actual!r}"
        for key in sorted(keys):
            a, e = actual[key], expected[key]
            if key == "dose":
                _number(a, e, f"{where} dose")
            elif key == "twa" and e is not None:
>               assert isinstance(a, (int, float)) and not isinstance(a, bool) and a == e, f"{where} twa: {a!r}, expected {e!r}"
E               AssertionError: measured_nothing HC4-0017 workers[1] (A2) twa: 90.0000005, expected 90.0
E               assert (True and not False and 90.0000005 == 90.0)
E                +  where True = isinstance(90.0000005, (<class 'int'>, <class 'float'>))
E                +  and   False = isinstance(90.0000005, bool)

/tests/test_outputs.py:202: AssertionError
____________ test_reading_above_ceiling_keeps_todays_counted_level _____________

    def test_reading_above_ceiling_keeps_todays_counted_level():
        """A reading above the ceiling level is counted where today's step counts it, and flags the ceiling."""
>       check_family("above_ceiling")

/tests/test_outputs.py:284: 
_ _ _ _ _ _ _ _ _ _ _ _ _ _ _ _ _ _ _ _ _ _ _ _ _ _ _ _ _ _ _ _ _ _ _ _ _ _ _ _ 
/tests/test_outputs.py:219: in check_family
    compare(reduce(row["survey"]), row["report"], f"{name} {row['survey']['survey']}")
/tests/test_outputs.py:214: in compare
    _row(row, ref, keys, f"{label} {section}[{index}] ({ref.get('id', ref['group'])})")
_ _ _ _ _ _ _ _ _ _ _ _ _ _ _ _ _ _ _ _ _ _ _ _ _ _ _ _ _ _ _ _ _ _ _ _ _ _ _ _ 

actual = {'id': 'Y1', 'group': 'G1', 'dose': 5178.552581327277, 'twa': 102.1000005, ...}
expected = {'id': 'Y1', 'group': 'G1', 'dose': 5178.55258133, 'twa': 102.1, ...}
keys = {'ceiling', 'dose', 'group', 'id', 'impulse', 'status', ...}
where = 'above_ceiling HC4-0019 workers[0] (Y1)'

    def _row(actual, expected, keys, where):
        """Every key the README lists, compared; a group row carries no ceiling or impulse flag (6.1); any other
        further key is not part of the contract and is ignored."""
        assert isinstance(actual, dict) and set(actual) >= keys, f"{where}: keys {actual!r}"
        if keys == GROUP_KEYS:
            assert not {"ceiling", "impulse"} & set(actual), f"{where}: a group carries no ceiling or impulse flag, got {actual!r}"
        for key in sorted(keys):
            a, e = actual[key], expected[key]
            if key == "dose":
                _number(a, e, f"{where} dose")
            elif key == "twa" and e is not None:
>               assert isinstance(a, (int, float)) and not isinstance(a, bool) and a == e, f"{where} twa: {a!r}, expected {e!r}"
E               AssertionError: above_ceiling HC4-0019 workers[0] (Y1) twa: 102.1000005, expected 102.1
E               assert (True and not False and 102.1000005 == 102.1)
E                +  where True = isinstance(102.1000005, (<class 'int'>, <class 'float'>))
E                +  and   False = isinstance(102.1000005, bool)

/tests/test_outputs.py:202: AssertionError
__________ test_rule_5_1_reading_at_the_ceiling_level_is_not_flagged ___________

    def test_rule_5_1_reading_at_the_ceiling_level_is_not_flagged():
        """A reading of exactly 115.0 dBA does not flag the ceiling."""
>       check_family("ceiling_level")

/tests/test_outputs.py:290: 
_ _ _ _ _ _ _ _ _ _ _ _ _ _ _ _ _ _ _ _ _ _ _ _ _ _ _ _ _ _ _ _ _ _ _ _ _ _ _ _ 
/tests/test_outputs.py:219: in check_family
    compare(reduce(row["survey"]), row["report"], f"{name} {row['survey']['survey']}")
/tests/test_outputs.py:214: in compare
    _row(row, ref, keys, f"{label} {section}[{index}] ({ref.get('id', ref['group'])})")
_ _ _ _ _ _ _ _ _ _ _ _ _ _ _ _ _ _ _ _ _ _ _ _ _ _ _ _ _ _ _ _ _ _ _ _ _ _ _ _ 

actual = {'id': 'A1', 'group': 'G1', 'dose': 213.33333333333334, 'twa': 88.3000005, ...}
expected = {'id': 'A1', 'group': 'G1', 'dose': 213.333333333, 'twa': 88.3, ...}
keys = {'ceiling', 'dose', 'group', 'id', 'impulse', 'status', ...}
where = 'ceiling_level HC4-0021 workers[0] (A1)'

    def _row(actual, expected, keys, where):
        """Every key the README lists, compared; a group row carries no ceiling or impulse flag (6.1); any other
        further key is not part of the contract and is ignored."""
        assert isinstance(actual, dict) and set(actual) >= keys, f"{where}: keys {actual!r}"
        if keys == GROUP_KEYS:
            assert not {"ceiling", "impulse"} & set(actual), f"{where}: a group carries no ceiling or impulse flag, got {actual!r}"
        for key in sorted(keys):
            a, e = actual[key], expected[key]
            if key == "dose":
                _number(a, e, f"{where} dose")
            elif key == "twa" and e is not None:
>               assert isinstance(a, (int, float)) and not isinstance(a, bool) and a == e, f"{where} twa: {a!r}, expected {e!r}"
E               AssertionError: ceiling_level HC4-0021 workers[0] (A1) twa: 88.3000005, expected 88.3
E               assert (True and not False and 88.3000005 == 88.3)
E                +  where True = isinstance(88.3000005, (<class 'int'>, <class 'float'>))
E                +  and   False = isinstance(88.3000005, bool)

/tests/test_outputs.py:202: AssertionError
_______________________ test_rule_5_2_impulse_at_140_dbc _______________________

    def test_rule_5_2_impulse_at_140_dbc():
        """A peak of 140.0 dBC is an impulse and makes the worker "over"; 139.9 dBC is not."""
>       check_family("impulse")

/tests/test_outputs.py:295: 
_ _ _ _ _ _ _ _ _ _ _ _ _ _ _ _ _ _ _ _ _ _ _ _ _ _ _ _ _ _ _ _ _ _ _ _ _ _ _ _ 
/tests/test_outputs.py:219: in check_family
    compare(reduce(row["survey"]), row["report"], f"{name} {row['survey']['survey']}")
/tests/test_outputs.py:214: in compare
    _row(row, ref, keys, f"{label} {section}[{index}] ({ref.get('id', ref['group'])})")
_ _ _ _ _ _ _ _ _ _ _ _ _ _ _ _ _ _ _ _ _ _ _ _ _ _ _ _ _ _ _ _ _ _ _ _ _ _ _ _ 

actual = {'id': 'A1', 'group': 'G1', 'dose': 39.68502629920499, 'twa': 81.0000005, ...}
expected = {'id': 'A1', 'group': 'G1', 'dose': 39.6850262992, 'twa': 81.0, ...}
keys = {'ceiling', 'dose', 'group', 'id', 'impulse', 'status', ...}
where = 'impulse HC4-0022 workers[0] (A1)'

    def _row(actual, expected, keys, where):
        """Every key the README lists, compared; a group row carries no ceiling or impulse flag (6.1); any other
        further key is not part of the contract and is ignored."""
        assert isinstance(actual, dict) and set(actual) >= keys, f"{where}: keys {actual!r}"
        if keys == GROUP_KEYS:
            assert not {"ceiling", "impulse"} & set(actual), f"{where}: a group carries no ceiling or impulse flag, got {actual!r}"
        for key in sorted(keys):
            a, e = actual[key], expected[key]
            if key == "dose":
                _number(a, e, f"{where} dose")
            elif key == "twa" and e is not None:
>               assert isinstance(a, (int, float)) and not isinstance(a, bool) and a == e, f"{where} twa: {a!r}, expected {e!r}"
E               AssertionError: impulse HC4-0022 workers[0] (A1) twa: 81.0000005, expected 81.0
E               assert (True and not False and 81.0000005 == 81.0)
E                +  where True = isinstance(81.0000005, (<class 'int'>, <class 'float'>))
E                +  and   False = isinstance(81.0000005, bool)

/tests/test_outputs.py:202: AssertionError
__________________________ test_rule_4_1_twa_formula ___________________________

    def test_rule_4_1_twa_formula():
        """The TWA is 85 + 3 log2(D / 100); a dose of nought has no TWA."""
>       check_family("twa")

/tests/test_outputs.py:300: 
_ _ _ _ _ _ _ _ _ _ _ _ _ _ _ _ _ _ _ _ _ _ _ _ _ _ _ _ _ _ _ _ _ _ _ _ _ _ _ _ 
/tests/test_outputs.py:219: in check_family
    compare(reduce(row["survey"]), row["report"], f"{name} {row['survey']['survey']}")
/tests/test_outputs.py:214: in compare
    _row(row, ref, keys, f"{label} {section}[{index}] ({ref.get('id', ref['group'])})")
_ _ _ _ _ _ _ _ _ _ _ _ _ _ _ _ _ _ _ _ _ _ _ _ _ _ _ _ _ _ _ _ _ _ _ _ _ _ _ _ 

actual = {'id': 'A1', 'group': 'G1', 'dose': 200.0, 'twa': 88.0000005, ...}
expected = {'id': 'A1', 'group': 'G1', 'dose': 200.0, 'twa': 88.0, ...}
keys = {'ceiling', 'dose', 'group', 'id', 'impulse', 'status', ...}
where = 'twa HC4-0023 workers[0] (A1)'

    def _row(actual, expected, keys, where):
        """Every key the README lists, compared; a group row carries no ceiling or impulse flag (6.1); any other
        further key is not part of the contract and is ignored."""
        assert isinstance(actual, dict) and set(actual) >= keys, f"{where}: keys {actual!r}"
        if keys == GROUP_KEYS:
            assert not {"ceiling", "impulse"} & set(actual), f"{where}: a group carries no ceiling or impulse flag, got {actual!r}"
        for key in sorted(keys):
            a, e = actual[key], expected[key]
            if key == "dose":
                _number(a, e, f"{where} dose")
            elif key == "twa" and e is not None:
>               assert isinstance(a, (int, float)) and not isinstance(a, bool) and a == e, f"{where} twa: {a!r}, expected {e!r}"
E               AssertionError: twa HC4-0023 workers[0] (A1) twa: 88.0000005, expected 88.0
E               assert (True and not False and 88.0000005 == 88.0)
E                +  where True = isinstance(88.0000005, (<class 'int'>, <class 'float'>))
E                +  and   False = isinstance(88.0000005, bool)

/tests/test_outputs.py:202: AssertionError
__________________ test_rule_1_2_twa_rounded_to_nearest_tenth __________________

    def test_rule_1_2_twa_rounded_to_nearest_tenth():
        """The reported TWA is the nearest tenth, on both sides of each tenth."""
>       check_family("rounding")

/tests/test_outputs.py:305: 
_ _ _ _ _ _ _ _ _ _ _ _ _ _ _ _ _ _ _ _ _ _ _ _ _ _ _ _ _ _ _ _ _ _ _ _ _ _ _ _ 
/tests/test_outputs.py:219: in check_family
    compare(reduce(row["survey"]), row["report"], f"{name} {row['survey']['survey']}")
/tests/test_outputs.py:214: in compare
    _row(row, ref, keys, f"{label} {section}[{index}] ({ref.get('id', ref['group'])})")
_ _ _ _ _ _ _ _ _ _ _ _ _ _ _ _ _ _ _ _ _ _ _ _ _ _ _ _ _ _ _ _ _ _ _ _ _ _ _ _ 

actual = {'id': 'R0', 'group': 'G0', 'dose': 80.55209243185567, 'twa': 84.1000005, ...}
expected = {'id': 'R0', 'group': 'G0', 'dose': 80.5520924319, 'twa': 84.1, ...}
keys = {'ceiling', 'dose', 'group', 'id', 'impulse', 'status', ...}
where = 'rounding HC4-0024 workers[0] (R0)'

    def _row(actual, expected, keys, where):
        """Every key the README lists, compared; a group row carries no ceiling or impulse flag (6.1); any other
        further key is not part of the contract and is ignored."""
        assert isinstance(actual, dict) and set(actual) >= keys, f"{where}: keys {actual!r}"
        if keys == GROUP_KEYS:
            assert not {"ceiling", "impulse"} & set(actual), f"{where}: a group carries no ceiling or impulse flag, got {actual!r}"
        for key in sorted(keys):
            a, e = actual[key], expected[key]
            if key == "dose":
                _number(a, e, f"{where} dose")
            elif key == "twa" and e is not None:
>               assert isinstance(a, (int, float)) and not isinstance(a, bool) and a == e, f"{where} twa: {a!r}, expected {e!r}"
E               AssertionError: rounding HC4-0024 workers[0] (R0) twa: 84.1000005, expected 84.1
E               assert (True and not False and 84.1000005 == 84.1)
E                +  where True = isinstance(84.1000005, (<class 'int'>, <class 'float'>))
E                +  and   False = isinstance(84.1000005, bool)

/tests/test_outputs.py:202: AssertionError
___________________ test_rule_5_3_status_bands_at_82_and_85 ____________________

    def test_rule_5_3_status_bands_at_82_and_85():
        """Status bands at 82.0 and 85.0 dB on the reported TWA, and "over" for a flagged worker."""
>       check_family("status")

/tests/test_outputs.py:310: 
_ _ _ _ _ _ _ _ _ _ _ _ _ _ _ _ _ _ _ _ _ _ _ _ _ _ _ _ _ _ _ _ _ _ _ _ _ _ _ _ 
/tests/test_outputs.py:219: in check_family
    compare(reduce(row["survey"]), row["report"], f"{name} {row['survey']['survey']}")
/tests/test_outputs.py:214: in compare
    _row(row, ref, keys, f"{label} {section}[{index}] ({ref.get('id', ref['group'])})")
_ _ _ _ _ _ _ _ _ _ _ _ _ _ _ _ _ _ _ _ _ _ _ _ _ _ _ _ _ _ _ _ _ _ _ _ _ _ _ _ 

actual = {'id': 'S1', 'group': 'G1', 'dose': 48.85799842171236, 'twa': 81.9000005, ...}
expected = {'id': 'S1', 'group': 'G1', 'dose': 48.8579984217, 'twa': 81.9, ...}
keys = {'ceiling', 'dose', 'group', 'id', 'impulse', 'status', ...}
where = 'status HC4-0025 workers[0] (S1)'

    def _row(actual, expected, keys, where):
        """Every key the README lists, compared; a group row carries no ceiling or impulse flag (6.1); any other
        further key is not part of the contract and is ignored."""
        assert isinstance(actual, dict) and set(actual) >= keys, f"{where}: keys {actual!r}"
        if keys == GROUP_KEYS:
            assert not {"ceiling", "impulse"} & set(actual), f"{where}: a group carries no ceiling or impulse flag, got {actual!r}"
        for key in sorted(keys):
            a, e = actual[key], expected[key]
            if key == "dose":
                _number(a, e, f"{where} dose")
            elif key == "twa" and e is not None:
>               assert isinstance(a, (int, float)) and not isinstance(a, bool) and a == e, f"{where} twa: {a!r}, expected {e!r}"
E               AssertionError: status HC4-0025 workers[0] (S1) twa: 81.9000005, expected 81.9
E               assert (True and not False and 81.9000005 == 81.9)
E                +  where True = isinstance(81.9000005, (<class 'int'>, <class 'float'>))
E                +  and   False = isinstance(81.9000005, bool)

/tests/test_outputs.py:202: AssertionError
_______________ test_rule_6_1_group_dose_is_mean_of_shift_doses ________________

    def test_rule_6_1_group_dose_is_mean_of_shift_doses():
        """A group's dose is the mean of its members' shift doses; its TWA and status follow from it."""
>       check_family("groups")

/tests/test_outputs.py:315: 
_ _ _ _ _ _ _ _ _ _ _ _ _ _ _ _ _ _ _ _ _ _ _ _ _ _ _ _ _ _ _ _ _ _ _ _ _ _ _ _ 
/tests/test_outputs.py:219: in check_family
    compare(reduce(row["survey"]), row["report"], f"{name} {row['survey']['survey']}")
/tests/test_outputs.py:214: in compare
    _row(row, ref, keys, f"{label} {section}[{index}] ({ref.get('id', ref['group'])})")
_ _ _ _ _ _ _ _ _ _ _ _ _ _ _ _ _ _ _ _ _ _ _ _ _ _ _ _ _ _ _ _ _ _ _ _ _ _ _ _ 

actual = {'id': 'A1', 'group': 'G1', 'dose': 1007.9368399158985, 'twa': 95.0000005, ...}
expected = {'id': 'A1', 'group': 'G1', 'dose': 1007.93683992, 'twa': 95.0, ...}
keys = {'ceiling', 'dose', 'group', 'id', 'impulse', 'status', ...}
where = 'groups HC4-0026 workers[0] (A1)'

    def _row(actual, expected, keys, where):
        """Every key the README lists, compared; a group row carries no ceiling or impulse flag (6.1); any other
        further key is not part of the contract and is ignored."""
        assert isinstance(actual, dict) and set(actual) >= keys, f"{where}: keys {actual!r}"
        if keys == GROUP_KEYS:
            assert not {"ceiling", "impulse"} & set(actual), f"{where}: a group carries no ceiling or impulse flag, got {actual!r}"
        for key in sorted(keys):
            a, e = actual[key], expected[key]
            if key == "dose":
                _number(a, e, f"{where} dose")
            elif key == "twa" and e is not None:
>               assert isinstance(a, (int, float)) and not isinstance(a, bool) and a == e, f"{where} twa: {a!r}, expected {e!r}"
E               AssertionError: groups HC4-0026 workers[0] (A1) twa: 95.0000005, expected 95.0
E               assert (True and not False and 95.0000005 == 95.0)
E                +  where True = isinstance(95.0000005, (<class 'int'>, <class 'float'>))
E                +  and   False = isinstance(95.0000005, bool)

/tests/test_outputs.py:202: AssertionError
_______________ test_rule_6_1_quiet_member_counts_in_group_mean ________________

    def test_rule_6_1_quiet_member_counts_in_group_mean():
        """A quiet member's shift dose of nought counts in the group mean."""
>       check_family("quiet_members")

/tests/test_outputs.py:320: 
_ _ _ _ _ _ _ _ _ _ _ _ _ _ _ _ _ _ _ _ _ _ _ _ _ _ _ _ _ _ _ _ _ _ _ _ _ _ _ _ 
/tests/test_outputs.py:219: in check_family
    compare(reduce(row["survey"]), row["report"], f"{name} {row['survey']['survey']}")
/tests/test_outputs.py:214: in compare
    _row(row, ref, keys, f"{label} {section}[{index}] ({ref.get('id', ref['group'])})")
_ _ _ _ _ _ _ _ _ _ _ _ _ _ _ _ _ _ _ _ _ _ _ _ _ _ _ _ _ _ _ _ _ _ _ _ _ _ _ _ 

actual = {'id': 'A1', 'group': 'G1', 'dose': 317.48021039363994, 'twa': 90.0000005, ...}
expected = {'id': 'A1', 'group': 'G1', 'dose': 317.480210394, 'twa': 90.0, ...}
keys = {'ceiling', 'dose', 'group', 'id', 'impulse', 'status', ...}
where = 'quiet_members HC4-0027 workers[0] (A1)'

    def _row(actual, expected, keys, where):
        """Every key the README lists, compared; a group row carries no ceiling or impulse flag (6.1); any other
        further key is not part of the contract and is ignored."""
        assert isinstance(actual, dict) and set(actual) >= keys, f"{where}: keys {actual!r}"
        if keys == GROUP_KEYS:
            assert not {"ceiling", "impulse"} & set(actual), f"{where}: a group carries no ceiling or impulse flag, got {actual!r}"
        for key in sorted(keys):
            a, e = actual[key], expected[key]
            if key == "dose":
                _number(a, e, f"{where} dose")
            elif key == "twa" and e is not None:
>               assert isinstance(a, (int, float)) and not isinstance(a, bool) and a == e, f"{where} twa: {a!r}, expected {e!r}"
E               AssertionError: quiet_members HC4-0027 workers[0] (A1) twa: 90.0000005, expected 90.0
E               assert (True and not False and 90.0000005 == 90.0)
E                +  where True = isinstance(90.0000005, (<class 'int'>, <class 'float'>))
E                +  and   False = isinstance(90.0000005, bool)

/tests/test_outputs.py:202: AssertionError
______________________ test_report_order_and_group_codes _______________________

    def test_report_order_and_group_codes():
        """Workers stay in survey order; groups come in ascending character order of their codes."""
>       check_family("report_order")

/tests/test_outputs.py:325: 
_ _ _ _ _ _ _ _ _ _ _ _ _ _ _ _ _ _ _ _ _ _ _ _ _ _ _ _ _ _ _ _ _ _ _ _ _ _ _ _ 
/tests/test_outputs.py:219: in check_family
    compare(reduce(row["survey"]), row["report"], f"{name} {row['survey']['survey']}")
/tests/test_outputs.py:214: in compare
    _row(row, ref, keys, f"{label} {section}[{index}] ({ref.get('id', ref['group'])})")
_ _ _ _ _ _ _ _ _ _ _ _ _ _ _ _ _ _ _ _ _ _ _ _ _ _ _ _ _ _ _ _ _ _ _ _ _ _ _ _ 

actual = {'id': 'Z-9', 'group': 'ZZ', 'dose': 125.99210498948732, 'twa': 86.0000005, ...}
expected = {'id': 'Z-9', 'group': 'ZZ', 'dose': 125.992104989, 'twa': 86.0, ...}
keys = {'ceiling', 'dose', 'group', 'id', 'impulse', 'status', ...}
where = 'report_order HC4-0029 workers[0] (Z-9)'

    def _row(actual, expected, keys, where):
        """Every key the README lists, compared; a group row carries no ceiling or impulse flag (6.1); any other
        further key is not part of the contract and is ignored."""
        assert isinstance(actual, dict) and set(actual) >= keys, f"{where}: keys {actual!r}"
        if keys == GROUP_KEYS:
            assert not {"ceiling", "impulse"} & set(actual), f"{where}: a group carries no ceiling or impulse flag, got {actual!r}"
        for key in sorted(keys):
            a, e = actual[key], expected[key]
            if key == "dose":
                _number(a, e, f"{where} dose")
            elif key == "twa" and e is not None:
>               assert isinstance(a, (int, float)) and not isinstance(a, bool) and a == e, f"{where} twa: {a!r}, expected {e!r}"
E               AssertionError: report_order HC4-0029 workers[0] (Z-9) twa: 86.0000005, expected 86.0
E               assert (True and not False and 86.0000005 == 86.0)
E                +  where True = isinstance(86.0000005, (<class 'int'>, <class 'float'>))
E                +  and   False = isinstance(86.0000005, bool)

/tests/test_outputs.py:202: AssertionError
_______________________ test_section_one_limits_reached ________________________

    def test_section_one_limits_reached():
        """300 workers under 40 codes, a 1,500-run log, a 2,880-minute log, 500 peaks and the range ends."""
        rows = load("limits_workers") + load("limits_logs")
        workers = rows[0]["survey"]["workers"]
        assert len(workers) == 300 and len({w["group"] for w in workers}) == 40
        logs = rows[1]["survey"]["workers"]
        assert len(logs[0]["log"]) == 1500 and sum(m for m, _ in logs[1]["log"]) == 2880 and len(logs[2]["peaks"]) == 500
>       check_family("limits_workers")

/tests/test_outputs.py:335: 
_ _ _ _ _ _ _ _ _ _ _ _ _ _ _ _ _ _ _ _ _ _ _ _ _ _ _ _ _ _ _ _ _ _ _ _ _ _ _ _ 
/tests/test_outputs.py:219: in check_family
    compare(reduce(row["survey"]), row["report"], f"{name} {row['survey']['survey']}")
/tests/test_outputs.py:214: in compare
    _row(row, ref, keys, f"{label} {section}[{index}] ({ref.get('id', ref['group'])})")
_ _ _ _ _ _ _ _ _ _ _ _ _ _ _ _ _ _ _ _ _ _ _ _ _ _ _ _ _ _ _ _ _ _ _ _ _ _ _ _ 

actual = {'id': 'L001-', 'group': 'A', 'dose': 127.60007414262826, 'twa': 86.1000005, ...}
expected = {'id': 'L001-', 'group': 'A', 'dose': 127.600074143, 'twa': 86.1, ...}
keys = {'ceiling', 'dose', 'group', 'id', 'impulse', 'status', ...}
where = 'limits_workers HC4-0030 workers[1] (L001-)'

    def _row(actual, expected, keys, where):
        """Every key the README lists, compared; a group row carries no ceiling or impulse flag (6.1); any other
        further key is not part of the contract and is ignored."""
        assert isinstance(actual, dict) and set(actual) >= keys, f"{where}: keys {actual!r}"
        if keys == GROUP_KEYS:
            assert not {"ceiling", "impulse"} & set(actual), f"{where}: a group carries no ceiling or impulse flag, got {actual!r}"
        for key in sorted(keys):
            a, e = actual[key], expected[key]
            if key == "dose":
                _number(a, e, f"{where} dose")
            elif key == "twa" and e is not None:
>               assert isinstance(a, (int, float)) and not isinstance(a, bool) and a == e, f"{where} twa: {a!r}, expected {e!r}"
E               AssertionError: limits_workers HC4-0030 workers[1] (L001-) twa: 86.1000005, expected 86.1
E               assert (True and not False and 86.1000005 == 86.1)
E                +  where True = isinstance(86.1000005, (<class 'int'>, <class 'float'>))
E                +  and   False = isinstance(86.1000005, bool)

/tests/test_outputs.py:202: AssertionError
____________________________ test_generated_surveys ____________________________

    def test_generated_surveys():
        """Seeded surveys over the rest of the section 1 domain, as sealed and under fresh labels."""
>       check_family("generated")

/tests/test_outputs.py:363: 
_ _ _ _ _ _ _ _ _ _ _ _ _ _ _ _ _ _ _ _ _ _ _ _ _ _ _ _ _ _ _ _ _ _ _ _ _ _ _ _ 
/tests/test_outputs.py:219: in check_family
    compare(reduce(row["survey"]), row["report"], f"{name} {row['survey']['survey']}")
/tests/test_outputs.py:214: in compare
    _row(row, ref, keys, f"{label} {section}[{index}] ({ref.get('id', ref['group'])})")
_ _ _ _ _ _ _ _ _ _ _ _ _ _ _ _ _ _ _ _ _ _ _ _ _ _ _ _ _ _ _ _ _ _ _ _ _ _ _ _ 

actual = {'id': 'ONBHDRZ', 'group': '5AKGKFHZ', 'dose': 1.213856444516285, 'twa': 65.9000005, ...}
expected = {'id': 'ONBHDRZ', 'group': '5AKGKFHZ', 'dose': 1.21385644452, 'twa': 65.9, ...}
keys = {'ceiling', 'dose', 'group', 'id', 'impulse', 'status', ...}
where = 'generated HC4-0032 workers[0] (ONBHDRZ)'

    def _row(actual, expected, keys, where):
        """Every key the README lists, compared; a group row carries no ceiling or impulse flag (6.1); any other
        further key is not part of the contract and is ignored."""
        assert isinstance(actual, dict) and set(actual) >= keys, f"{where}: keys {actual!r}"
        if keys == GROUP_KEYS:
            assert not {"ceiling", "impulse"} & set(actual), f"{where}: a group carries no ceiling or impulse flag, got {actual!r}"
        for key in sorted(keys):
            a, e = actual[key], expected[key]
            if key == "dose":
                _number(a, e, f"{where} dose")
            elif key == "twa" and e is not None:
>               assert isinstance(a, (int, float)) and not isinstance(a, bool) and a == e, f"{where} twa: {a!r}, expected {e!r}"
E               AssertionError: generated HC4-0032 workers[0] (ONBHDRZ) twa: 65.9000005, expected 65.9
E               assert (True and not False and 65.9000005 == 65.9)
E                +  where True = isinstance(65.9000005, (<class 'int'>, <class 'float'>))
E                +  and   False = isinstance(65.9000005, bool)

/tests/test_outputs.py:202: AssertionError
==================================== PASSES ====================================
=========================== short test summary info ============================
PASSED ../../tests/test_outputs.py::test_candidate_cannot_read_verifier_state
PASSED ../../tests/test_outputs.py::test_submitted_driver_unchanged
FAILED ../../tests/test_outputs.py::test_rule_3_1_reference_duration_uses_85_dba_and_3_db
FAILED ../../tests/test_outputs.py::test_rule_2_3_reading_at_the_threshold_counts
FAILED ../../tests/test_outputs.py::test_rule_2_4_sampled_time_includes_readings_below_threshold
FAILED ../../tests/test_outputs.py::test_rule_2_2_run_logged_at_nought_is_not_a_reading
FAILED ../../tests/test_outputs.py::test_rule_3_3_partial_survey_projected_to_own_shift
FAILED ../../tests/test_outputs.py::test_rule_3_3_survey_as_long_as_shift_keeps_measured_dose
FAILED ../../tests/test_outputs.py::test_rule_2_5_partial_survey_at_exactly_three_quarters
FAILED ../../tests/test_outputs.py::test_survey_below_three_quarters_keeps_todays_projection
FAILED ../../tests/test_outputs.py::test_survey_that_measured_nothing_keeps_todays_dose
FAILED ../../tests/test_outputs.py::test_reading_above_ceiling_keeps_todays_counted_level
FAILED ../../tests/test_outputs.py::test_rule_5_1_reading_at_the_ceiling_level_is_not_flagged
FAILED ../../tests/test_outputs.py::test_rule_5_2_impulse_at_140_dbc - Assert...
FAILED ../../tests/test_outputs.py::test_rule_4_1_twa_formula - AssertionErro...
FAILED ../../tests/test_outputs.py::test_rule_1_2_twa_rounded_to_nearest_tenth
FAILED ../../tests/test_outputs.py::test_rule_5_3_status_bands_at_82_and_85
FAILED ../../tests/test_outputs.py::test_rule_6_1_group_dose_is_mean_of_shift_doses
FAILED ../../tests/test_outputs.py::test_rule_6_1_quiet_member_counts_in_group_mean
FAILED ../../tests/test_outputs.py::test_report_order_and_group_codes - Asser...
FAILED ../../tests/test_outputs.py::test_section_one_limits_reached - Asserti...
FAILED ../../tests/test_outputs.py::test_generated_surveys - AssertionError: ...
========================= 20 failed, 2 passed in 1.84s =========================
