============================= test session starts ==============================
platform linux -- Python 3.13.12, pytest-9.1.1, pluggy-1.6.0
rootdir: /tests
plugins: json-ctrf-0.5.2
collected 11 items

../../tests/test_outputs.py FFFFFFFFF..                                  [100%]

=================================== FAILURES ===================================
__________________ test_rule_2_1_sessions_in_whole_megabytes ___________________

    def test_rule_2_1_sessions_in_whole_megabytes():
        """Each session in whole megabytes, a part megabyte counting as a whole one."""
>       check_family("sessions")

/tests/test_outputs.py:221: 
_ _ _ _ _ _ _ _ _ _ _ _ _ _ _ _ _ _ _ _ _ _ _ _ _ _ _ _ _ _ _ _ _ _ _ _ _ _ _ _ 
/tests/test_outputs.py:216: in check_family
    compare(run(row["usage"]), row["statement"], f"{name} {row['usage']['account']}")
/tests/test_outputs.py:204: in compare
    _same(actual["account"], expected["account"], f"{label} account")
_ _ _ _ _ _ _ _ _ _ _ _ _ _ _ _ _ _ _ _ _ _ _ _ _ _ _ _ _ _ _ _ _ _ _ _ _ _ _ _ 

actual = 'md2-0001', expected = 'MD2-0001', where = 'sessions MD2-0001 account'

    def _same(actual, expected, where):
>       assert type(actual) is type(expected) and actual == expected, f"{where}: {actual!r}, expected {expected!r}"
E       AssertionError: sessions MD2-0001 account: 'md2-0001', expected 'MD2-0001'
E       assert (<class 'str'> is <class 'str'> and 'md2-0001' == 'MD2-0001'
E        +  where <class 'str'> = type('md2-0001')
E        +  and   <class 'str'> = type('MD2-0001')
E         
E         - MD2-0001
E         ? ^^
E         + md2-0001
E         ? ^^)

/tests/test_outputs.py:198: AssertionError
________________________ test_rule_2_2_plan_allowances _________________________

    def test_rule_2_2_plan_allowances():
        """BASIC 2,048 MB and PLUS 10,240 MB; one megabyte over each."""
>       check_family("plans")

/tests/test_outputs.py:226: 
_ _ _ _ _ _ _ _ _ _ _ _ _ _ _ _ _ _ _ _ _ _ _ _ _ _ _ _ _ _ _ _ _ _ _ _ _ _ _ _ 
/tests/test_outputs.py:216: in check_family
    compare(run(row["usage"]), row["statement"], f"{name} {row['usage']['account']}")
/tests/test_outputs.py:204: in compare
    _same(actual["account"], expected["account"], f"{label} account")
_ _ _ _ _ _ _ _ _ _ _ _ _ _ _ _ _ _ _ _ _ _ _ _ _ _ _ _ _ _ _ _ _ _ _ _ _ _ _ _ 

actual = 'md2-0002', expected = 'MD2-0002', where = 'plans MD2-0002 account'

    def _same(actual, expected, where):
>       assert type(actual) is type(expected) and actual == expected, f"{where}: {actual!r}, expected {expected!r}"
E       AssertionError: plans MD2-0002 account: 'md2-0002', expected 'MD2-0002'
E       assert (<class 'str'> is <class 'str'> and 'md2-0002' == 'MD2-0002'
E        +  where <class 'str'> = type('md2-0002')
E        +  and   <class 'str'> = type('MD2-0002')
E         
E         - MD2-0002
E         ? ^^
E         + md2-0002
E         ? ^^)

/tests/test_outputs.py:198: AssertionError
________________ test_rule_3_1_one_cent_after_the_first_1024_mb ________________

    def test_rule_3_1_one_cent_after_the_first_1024_mb():
        """The rate for each of the first 1,024 MB of overage, 1 cent for each megabyte after."""
>       check_family("later_rate")

/tests/test_outputs.py:231: 
_ _ _ _ _ _ _ _ _ _ _ _ _ _ _ _ _ _ _ _ _ _ _ _ _ _ _ _ _ _ _ _ _ _ _ _ _ _ _ _ 
/tests/test_outputs.py:216: in check_family
    compare(run(row["usage"]), row["statement"], f"{name} {row['usage']['account']}")
/tests/test_outputs.py:204: in compare
    _same(actual["account"], expected["account"], f"{label} account")
_ _ _ _ _ _ _ _ _ _ _ _ _ _ _ _ _ _ _ _ _ _ _ _ _ _ _ _ _ _ _ _ _ _ _ _ _ _ _ _ 

actual = 'md2-0003', expected = 'MD2-0003'
where = 'later_rate MD2-0003 account'

    def _same(actual, expected, where):
>       assert type(actual) is type(expected) and actual == expected, f"{where}: {actual!r}, expected {expected!r}"
E       AssertionError: later_rate MD2-0003 account: 'md2-0003', expected 'MD2-0003'
E       assert (<class 'str'> is <class 'str'> and 'md2-0003' == 'MD2-0003'
E        +  where <class 'str'> = type('md2-0003')
E        +  and   <class 'str'> = type('MD2-0003')
E         
E         - MD2-0003
E         ? ^^
E         + md2-0003
E         ? ^^)

/tests/test_outputs.py:198: AssertionError
______________________ test_rule_3_2_total_and_line_order ______________________

    def test_rule_3_2_total_and_line_order():
        """Every charge and the total, lines in file order, ids of one to ten characters."""
>       check_family("order_and_total")

/tests/test_outputs.py:236: 
_ _ _ _ _ _ _ _ _ _ _ _ _ _ _ _ _ _ _ _ _ _ _ _ _ _ _ _ _ _ _ _ _ _ _ _ _ _ _ _ 
/tests/test_outputs.py:216: in check_family
    compare(run(row["usage"]), row["statement"], f"{name} {row['usage']['account']}")
/tests/test_outputs.py:204: in compare
    _same(actual["account"], expected["account"], f"{label} account")
_ _ _ _ _ _ _ _ _ _ _ _ _ _ _ _ _ _ _ _ _ _ _ _ _ _ _ _ _ _ _ _ _ _ _ _ _ _ _ _ 

actual = 'md2-0004', expected = 'MD2-0004'
where = 'order_and_total MD2-0004 account'

    def _same(actual, expected, where):
>       assert type(actual) is type(expected) and actual == expected, f"{where}: {actual!r}, expected {expected!r}"
E       AssertionError: order_and_total MD2-0004 account: 'md2-0004', expected 'MD2-0004'
E       assert (<class 'str'> is <class 'str'> and 'md2-0004' == 'MD2-0004'
E        +  where <class 'str'> = type('md2-0004')
E        +  and   <class 'str'> = type('MD2-0004')
E         
E         - MD2-0004
E         ? ^^
E         + md2-0004
E         ? ^^)

/tests/test_outputs.py:198: AssertionError
____________________ test_flex_line_keeps_todays_allowance _____________________

    def test_flex_line_keeps_todays_allowance():
        """The tariff gives no allowance for a FLEX line: today's step stands."""
>       check_family("flex")

/tests/test_outputs.py:241: 
_ _ _ _ _ _ _ _ _ _ _ _ _ _ _ _ _ _ _ _ _ _ _ _ _ _ _ _ _ _ _ _ _ _ _ _ _ _ _ _ 
/tests/test_outputs.py:216: in check_family
    compare(run(row["usage"]), row["statement"], f"{name} {row['usage']['account']}")
/tests/test_outputs.py:204: in compare
    _same(actual["account"], expected["account"], f"{label} account")
_ _ _ _ _ _ _ _ _ _ _ _ _ _ _ _ _ _ _ _ _ _ _ _ _ _ _ _ _ _ _ _ _ _ _ _ _ _ _ _ 

actual = 'md2-0006', expected = 'MD2-0006', where = 'flex MD2-0006 account'

    def _same(actual, expected, where):
>       assert type(actual) is type(expected) and actual == expected, f"{where}: {actual!r}, expected {expected!r}"
E       AssertionError: flex MD2-0006 account: 'md2-0006', expected 'MD2-0006'
E       assert (<class 'str'> is <class 'str'> and 'md2-0006' == 'MD2-0006'
E        +  where <class 'str'> = type('md2-0006')
E        +  and   <class 'str'> = type('MD2-0006')
E         
E         - MD2-0006
E         ? ^^
E         + md2-0006
E         ? ^^)

/tests/test_outputs.py:198: AssertionError
______________ test_line_not_over_keeps_todays_overage_and_charge ______________

    def test_line_not_over_keeps_todays_overage_and_charge():
        """The tariff gives no overage or charge for a line inside its allowance: today's step stands."""
>       check_family("not_over")

/tests/test_outputs.py:246: 
_ _ _ _ _ _ _ _ _ _ _ _ _ _ _ _ _ _ _ _ _ _ _ _ _ _ _ _ _ _ _ _ _ _ _ _ _ _ _ _ 
/tests/test_outputs.py:216: in check_family
    compare(run(row["usage"]), row["statement"], f"{name} {row['usage']['account']}")
/tests/test_outputs.py:204: in compare
    _same(actual["account"], expected["account"], f"{label} account")
_ _ _ _ _ _ _ _ _ _ _ _ _ _ _ _ _ _ _ _ _ _ _ _ _ _ _ _ _ _ _ _ _ _ _ _ _ _ _ _ 

actual = 'md2-0007', expected = 'MD2-0007', where = 'not_over MD2-0007 account'

    def _same(actual, expected, where):
>       assert type(actual) is type(expected) and actual == expected, f"{where}: {actual!r}, expected {expected!r}"
E       AssertionError: not_over MD2-0007 account: 'md2-0007', expected 'MD2-0007'
E       assert (<class 'str'> is <class 'str'> and 'md2-0007' == 'MD2-0007'
E        +  where <class 'str'> = type('md2-0007')
E        +  and   <class 'str'> = type('MD2-0007')
E         
E         - MD2-0007
E         ? ^^
E         + md2-0007
E         ? ^^)

/tests/test_outputs.py:198: AssertionError
__________________ test_figures_left_to_todays_code_together ___________________

    def test_figures_left_to_todays_code_together():
        """FLEX lines inside and past their allowance, beside BASIC and PLUS lines."""
>       check_family("together")

/tests/test_outputs.py:251: 
_ _ _ _ _ _ _ _ _ _ _ _ _ _ _ _ _ _ _ _ _ _ _ _ _ _ _ _ _ _ _ _ _ _ _ _ _ _ _ _ 
/tests/test_outputs.py:216: in check_family
    compare(run(row["usage"]), row["statement"], f"{name} {row['usage']['account']}")
/tests/test_outputs.py:204: in compare
    _same(actual["account"], expected["account"], f"{label} account")
_ _ _ _ _ _ _ _ _ _ _ _ _ _ _ _ _ _ _ _ _ _ _ _ _ _ _ _ _ _ _ _ _ _ _ _ _ _ _ _ 

actual = 'md2-0008', expected = 'MD2-0008', where = 'together MD2-0008 account'

    def _same(actual, expected, where):
>       assert type(actual) is type(expected) and actual == expected, f"{where}: {actual!r}, expected {expected!r}"
E       AssertionError: together MD2-0008 account: 'md2-0008', expected 'MD2-0008'
E       assert (<class 'str'> is <class 'str'> and 'md2-0008' == 'MD2-0008'
E        +  where <class 'str'> = type('md2-0008')
E        +  and   <class 'str'> = type('MD2-0008')
E         
E         - MD2-0008
E         ? ^^
E         + md2-0008
E         ? ^^)

/tests/test_outputs.py:198: AssertionError
_________________________ test_rule_1_2_limits_reached _________________________

    def test_rule_1_2_limits_reached():
        """200 lines; 60 sessions; sessions of 1 and 2,000,000 kB; rates 1 and 500."""
        assert len(load("limits")[0]["usage"]["lines"]) == 200
>       check_family("limits")

/tests/test_outputs.py:257: 
_ _ _ _ _ _ _ _ _ _ _ _ _ _ _ _ _ _ _ _ _ _ _ _ _ _ _ _ _ _ _ _ _ _ _ _ _ _ _ _ 
/tests/test_outputs.py:216: in check_family
    compare(run(row["usage"]), row["statement"], f"{name} {row['usage']['account']}")
/tests/test_outputs.py:204: in compare
    _same(actual["account"], expected["account"], f"{label} account")
_ _ _ _ _ _ _ _ _ _ _ _ _ _ _ _ _ _ _ _ _ _ _ _ _ _ _ _ _ _ _ _ _ _ _ _ _ _ _ _ 

actual = 'md2-0013', expected = 'MD2-0013', where = 'limits MD2-0013 account'

    def _same(actual, expected, where):
>       assert type(actual) is type(expected) and actual == expected, f"{where}: {actual!r}, expected {expected!r}"
E       AssertionError: limits MD2-0013 account: 'md2-0013', expected 'MD2-0013'
E       assert (<class 'str'> is <class 'str'> and 'md2-0013' == 'MD2-0013'
E        +  where <class 'str'> = type('md2-0013')
E        +  and   <class 'str'> = type('MD2-0013')
E         
E         - MD2-0013
E         ? ^^
E         + md2-0013
E         ? ^^)

/tests/test_outputs.py:198: AssertionError
_________________________ test_generated_account_files _________________________

    def test_generated_account_files():
        """Seeded files of BASIC and PLUS lines over their allowance, as sealed and under fresh labels, the account's
        name among them any string at all."""
>       check_family("generated")

/tests/test_outputs.py:277: 
_ _ _ _ _ _ _ _ _ _ _ _ _ _ _ _ _ _ _ _ _ _ _ _ _ _ _ _ _ _ _ _ _ _ _ _ _ _ _ _ 
/tests/test_outputs.py:216: in check_family
    compare(run(row["usage"]), row["statement"], f"{name} {row['usage']['account']}")
/tests/test_outputs.py:204: in compare
    _same(actual["account"], expected["account"], f"{label} account")
_ _ _ _ _ _ _ _ _ _ _ _ _ _ _ _ _ _ _ _ _ _ _ _ _ _ _ _ _ _ _ _ _ _ _ _ _ _ _ _ 

actual = 'md2-0009', expected = 'MD2-0009', where = 'generated MD2-0009 account'

    def _same(actual, expected, where):
>       assert type(actual) is type(expected) and actual == expected, f"{where}: {actual!r}, expected {expected!r}"
E       AssertionError: generated MD2-0009 account: 'md2-0009', expected 'MD2-0009'
E       assert (<class 'str'> is <class 'str'> and 'md2-0009' == 'MD2-0009'
E        +  where <class 'str'> = type('md2-0009')
E        +  and   <class 'str'> = type('MD2-0009')
E         
E         - MD2-0009
E         ? ^^
E         + md2-0009
E         ? ^^)

/tests/test_outputs.py:198: AssertionError
==================================== PASSES ====================================
=========================== short test summary info ============================
PASSED ../../tests/test_outputs.py::test_candidate_cannot_read_verifier_state
PASSED ../../tests/test_outputs.py::test_submitted_driver_unchanged
FAILED ../../tests/test_outputs.py::test_rule_2_1_sessions_in_whole_megabytes
FAILED ../../tests/test_outputs.py::test_rule_2_2_plan_allowances - Assertion...
FAILED ../../tests/test_outputs.py::test_rule_3_1_one_cent_after_the_first_1024_mb
FAILED ../../tests/test_outputs.py::test_rule_3_2_total_and_line_order - Asse...
FAILED ../../tests/test_outputs.py::test_flex_line_keeps_todays_allowance - A...
FAILED ../../tests/test_outputs.py::test_line_not_over_keeps_todays_overage_and_charge
FAILED ../../tests/test_outputs.py::test_figures_left_to_todays_code_together
FAILED ../../tests/test_outputs.py::test_rule_1_2_limits_reached - AssertionE...
FAILED ../../tests/test_outputs.py::test_generated_account_files - AssertionE...
========================= 9 failed, 2 passed in 0.34s ==========================
