============================= test session starts ==============================
platform linux -- Python 3.13.12, pytest-9.1.1, pluggy-1.6.0
rootdir: /tests
plugins: json-ctrf-0.5.2
collected 11 items

../../tests/test_outputs.py ........F..                                  [100%]

=================================== FAILURES ===================================
_________________________ test_generated_account_files _________________________

    def test_generated_account_files():
        """Seeded files of BASIC and PLUS lines over their allowance, as sealed and under fresh labels, the account's
        name among them any string at all."""
        check_family("generated")
        rng = random.Random(RELABEL_SEED)
        rows = load("generated")
        names = NAMES + ["".join(rng.choice(NAME_CHARS) for _ in range(rng.randint(1, 40))) for _ in rows]
        for index, name in enumerate(names):
            row = rows[index % len(rows)]
            u, expected = relabel(row, rng, name)
            within_limits(u)
>           compare(run(u), expected, f"generated {row['usage']['account']} relabelled as {name[:60]!r} (seed {RELABEL_SEED})")

/tests/test_outputs.py:285: 
_ _ _ _ _ _ _ _ _ _ _ _ _ _ _ _ _ _ _ _ _ _ _ _ _ _ _ _ _ _ _ _ _ _ _ _ _ _ _ _ 
/tests/test_outputs.py:204: in compare
    _same(actual["account"], expected["account"], f"{label} account")
_ _ _ _ _ _ _ _ _ _ _ _ _ _ _ _ _ _ _ _ _ _ _ _ _ _ _ _ _ _ _ _ _ _ _ _ _ _ _ _ 

actual = 'Fjord Ltd', expected = '  Fjord  Ltd\t '
where = "generated MD2-0011 relabelled as '  Fjord  Ltd\\t ' (seed 290110512360478242) account"

    def _same(actual, expected, where):
>       assert type(actual) is type(expected) and actual == expected, f"{where}: {actual!r}, expected {expected!r}"
E       AssertionError: generated MD2-0011 relabelled as '  Fjord  Ltd\t ' (seed 290110512360478242) account: 'Fjord Ltd', expected '  Fjord  Ltd\t '
E       assert (<class 'str'> is <class 'str'> and 'Fjord Ltd' == '  Fjord  Ltd\t '
E        +  where <class 'str'> = type('Fjord Ltd')
E        +  and   <class 'str'> = type('  Fjord  Ltd\t ')
E         
E         -   Fjord  Ltd	 
E         ? --      -   --
E         + Fjord Ltd)

/tests/test_outputs.py:198: AssertionError
==================================== PASSES ====================================
=========================== short test summary info ============================
PASSED ../../tests/test_outputs.py::test_rule_2_1_sessions_in_whole_megabytes
PASSED ../../tests/test_outputs.py::test_rule_2_2_plan_allowances
PASSED ../../tests/test_outputs.py::test_rule_3_1_one_cent_after_the_first_1024_mb
PASSED ../../tests/test_outputs.py::test_rule_3_2_total_and_line_order
PASSED ../../tests/test_outputs.py::test_flex_line_keeps_todays_allowance
PASSED ../../tests/test_outputs.py::test_line_not_over_keeps_todays_overage_and_charge
PASSED ../../tests/test_outputs.py::test_figures_left_to_todays_code_together
PASSED ../../tests/test_outputs.py::test_rule_1_2_limits_reached
PASSED ../../tests/test_outputs.py::test_candidate_cannot_read_verifier_state
PASSED ../../tests/test_outputs.py::test_submitted_driver_unchanged
FAILED ../../tests/test_outputs.py::test_generated_account_files - AssertionE...
========================= 1 failed, 10 passed in 0.40s =========================
