============================= test session starts ==============================
platform linux -- Python 3.13.12, pytest-9.1.1, pluggy-1.6.0
rootdir: /tests
plugins: json-ctrf-0.5.2
collected 11 items

../../tests/test_outputs.py .......F...                                  [100%]

=================================== FAILURES ===================================
_________________________ test_rule_1_2_limits_reached _________________________

    def test_rule_1_2_limits_reached():
        """200 containers; discharge days 0 and 3,650; stays of 1 and 121 days; rates 1 and 100,000; a file of 200
        containers at the largest charge, whose total passes 2^31 and 2^32."""
        rows = load("limits")
        assert len(rows[0]["release"]["containers"]) == 200
        assert max(row["statement"]["total"] for row in rows) > 2**32
>       check_family("limits")

/tests/test_outputs.py:252: 
_ _ _ _ _ _ _ _ _ _ _ _ _ _ _ _ _ _ _ _ _ _ _ _ _ _ _ _ _ _ _ _ _ _ _ _ _ _ _ _ 
/tests/test_outputs.py:208: in check_family
    compare(run(row["release"]), row["statement"], f"{name} {row['release']['terminal']}")
/tests/test_outputs.py:197: in compare
    _same(actual["total"], expected["total"], f"{label} total")
_ _ _ _ _ _ _ _ _ _ _ _ _ _ _ _ _ _ _ _ _ _ _ _ _ _ _ _ _ _ _ _ _ _ _ _ _ _ _ _ 

actual = 2147483647, expected = 4600000000, where = 'limits DM3-0014 total'

    def _same(actual, expected, where):
>       assert type(actual) is type(expected) and actual == expected, f"{where}: {actual!r}, expected {expected!r}"
E       AssertionError: limits DM3-0014 total: 2147483647, expected 4600000000
E       assert (<class 'int'> is <class 'int'> and 2147483647 == 4600000000)
E        +  where <class 'int'> = type(2147483647)
E        +  and   <class 'int'> = type(4600000000)

/tests/test_outputs.py:190: AssertionError
==================================== PASSES ====================================
=========================== short test summary info ============================
PASSED ../../tests/test_outputs.py::test_rule_2_1_dwell_counts_both_ends
PASSED ../../tests/test_outputs.py::test_rule_2_2_reefer_free_days
PASSED ../../tests/test_outputs.py::test_rule_3_1_twice_the_rate_after_the_fourth_day
PASSED ../../tests/test_outputs.py::test_rule_3_2_total_and_container_order
PASSED ../../tests/test_outputs.py::test_tank_container_keeps_todays_free_days
PASSED ../../tests/test_outputs.py::test_container_not_on_demurrage_keeps_todays_days_and_charge
PASSED ../../tests/test_outputs.py::test_figures_left_to_todays_code_together
PASSED ../../tests/test_outputs.py::test_generated_release_files
PASSED ../../tests/test_outputs.py::test_candidate_cannot_read_verifier_state
PASSED ../../tests/test_outputs.py::test_submitted_driver_unchanged
FAILED ../../tests/test_outputs.py::test_rule_1_2_limits_reached - AssertionE...
========================= 1 failed, 10 passed in 0.41s =========================
