============================= test session starts ==============================
platform linux -- Python 3.13.12, pytest-9.1.1, pluggy-1.6.0
rootdir: /tests
plugins: json-ctrf-0.5.2
collected 21 items

../../tests/test_outputs.py ........F....F.......                        [100%]

=================================== FAILURES ===================================
____________ test_rule_4_1_stay_days_leave_period_and_covered_days _____________

    def test_rule_4_1_stay_days_leave_period_and_covered_days():
        """Stay days inside the treatment period leave both the period days and the covered days."""
>       check_family("stays")

/tests/test_outputs.py:308: 
_ _ _ _ _ _ _ _ _ _ _ _ _ _ _ _ _ _ _ _ _ _ _ _ _ _ _ _ _ _ _ _ _ _ _ _ _ _ _ _ 
/tests/test_outputs.py:249: in check_family
    compare(measure(row["claims"]), row["report"], f"{name} {row['claims']['plan']}", grades)
/tests/test_outputs.py:243: in compare
    _same(row[key], ref[key], f"{where} {key}")
_ _ _ _ _ _ _ _ _ _ _ _ _ _ _ _ _ _ _ _ _ _ _ _ _ _ _ _ _ _ _ _ _ _ _ _ _ _ _ _ 

actual = 311, expected = 305
where = 'stays AM2-0028 members[0] (H3 DIA) period'

    def _same(actual, expected, where):
>       assert type(actual) is type(expected) and actual == expected, f"{where}: {actual!r}, expected {expected!r}"
E       AssertionError: stays AM2-0028 members[0] (H3 DIA) period: 311, expected 305
E       assert (<class 'int'> is <class 'int'> and 311 == 305)
E        +  where <class 'int'> = type(311)
E        +  and   <class 'int'> = type(305)

/tests/test_outputs.py:213: AssertionError
_________________________ test_rule_1_3_limits_reached _________________________

    def test_rule_1_3_limits_reached():
        """100 members in the measure for one class; 400 claim lines under 40 class codes, 60 stay days in 10 stays."""
        members = load("limits_members")[0]["claims"]["members"]
        assert len(members) == 100
        member = load("limits_fills")[0]["claims"]["members"][0]
        assert len(member["fills"]) == 400 and len({f["class"] for f in member["fills"]}) == 40 and len(member["stays"]) == 10
        check_family("limits_members")
>       check_family("limits_fills")

/tests/test_outputs.py:338: 
_ _ _ _ _ _ _ _ _ _ _ _ _ _ _ _ _ _ _ _ _ _ _ _ _ _ _ _ _ _ _ _ _ _ _ _ _ _ _ _ 
/tests/test_outputs.py:249: in check_family
    compare(measure(row["claims"]), row["report"], f"{name} {row['claims']['plan']}", grades)
/tests/test_outputs.py:243: in compare
    _same(row[key], ref[key], f"{where} {key}")
_ _ _ _ _ _ _ _ _ _ _ _ _ _ _ _ _ _ _ _ _ _ _ _ _ _ _ _ _ _ _ _ _ _ _ _ _ _ _ _ 

actual = 312, expected = 306
where = 'limits_fills AM2-0050 members[0] (W 1) period'

    def _same(actual, expected, where):
>       assert type(actual) is type(expected) and actual == expected, f"{where}: {actual!r}, expected {expected!r}"
E       AssertionError: limits_fills AM2-0050 members[0] (W 1) period: 312, expected 306
E       assert (<class 'int'> is <class 'int'> and 312 == 306)
E        +  where <class 'int'> = type(312)
E        +  and   <class 'int'> = type(306)

/tests/test_outputs.py:213: AssertionError
==================================== PASSES ====================================
=========================== short test summary info ============================
PASSED ../../tests/test_outputs.py::test_rule_3_1_fill_starts_on_its_fill_date
PASSED ../../tests/test_outputs.py::test_rule_3_2_refill_of_same_drug_carries_over
PASSED ../../tests/test_outputs.py::test_rule_3_2_other_drugs_never_move_one_another
PASSED ../../tests/test_outputs.py::test_rule_2_3_index_date_is_the_earliest_fill_date
PASSED ../../tests/test_outputs.py::test_rule_2_1_line_with_no_days_supply_is_not_a_fill
PASSED ../../tests/test_outputs.py::test_rule_2_4_fills_on_two_different_dates
PASSED ../../tests/test_outputs.py::test_rule_2_4_index_date_no_later_than_2_october
PASSED ../../tests/test_outputs.py::test_rule_2_5_treatment_period_runs_to_year_end
PASSED ../../tests/test_outputs.py::test_rule_1_2_percentages_round_half_up
PASSED ../../tests/test_outputs.py::test_rule_4_2_adherent_at_80_and_only_in_the_measure
PASSED ../../tests/test_outputs.py::test_rule_5_1_reportable_class_rate_over_its_rate_base
PASSED ../../tests/test_outputs.py::test_report_order_and_codes
PASSED ../../tests/test_outputs.py::test_member_outside_the_measure_keeps_todays_span
PASSED ../../tests/test_outputs.py::test_class_that_is_not_reportable_keeps_todays_divisor
PASSED ../../tests/test_outputs.py::test_fill_above_the_supply_limit_keeps_todays_coverage
PASSED ../../tests/test_outputs.py::test_figures_left_to_todays_code_together
PASSED ../../tests/test_outputs.py::test_generated_claims_files
PASSED ../../tests/test_outputs.py::test_candidate_cannot_read_verifier_state
PASSED ../../tests/test_outputs.py::test_submitted_driver_unchanged
FAILED ../../tests/test_outputs.py::test_rule_4_1_stay_days_leave_period_and_covered_days
FAILED ../../tests/test_outputs.py::test_rule_1_3_limits_reached - AssertionE...
========================= 2 failed, 19 passed in 2.61s =========================
