============================= test session starts ==============================
platform linux -- Python 3.13.12, pytest-9.1.1, pluggy-1.6.0
rootdir: /tests
plugins: json-ctrf-0.5.2
collected 21 items

../../tests/test_outputs.py ..FFF.......FFF.F.F..                        [100%]

=================================== FAILURES ===================================
_______________ test_rule_3_2_other_drugs_never_move_one_another _______________

    def test_rule_3_2_other_drugs_never_move_one_another():
        """Overlapping fills of different drugs in one class are not moved, and a day is covered once."""
>       check_family("other_drugs")

/tests/test_outputs.py:278: 
_ _ _ _ _ _ _ _ _ _ _ _ _ _ _ _ _ _ _ _ _ _ _ _ _ _ _ _ _ _ _ _ _ _ _ _ _ _ _ _ 
/tests/test_outputs.py:249: in check_family
    compare(measure(row["claims"]), row["report"], f"{name} {row['claims']['plan']}", grades)
/tests/test_outputs.py:243: in compare
    _same(row[key], ref[key], f"{where} {key}")
_ _ _ _ _ _ _ _ _ _ _ _ _ _ _ _ _ _ _ _ _ _ _ _ _ _ _ _ _ _ _ _ _ _ _ _ _ _ _ _ 

actual = 'STA', expected = 'RAS'
where = 'other_drugs AM2-0010 classes[0] ( RAS) class'

    def _same(actual, expected, where):
>       assert type(actual) is type(expected) and actual == expected, f"{where}: {actual!r}, expected {expected!r}"
E       AssertionError: other_drugs AM2-0010 classes[0] ( RAS) class: 'STA', expected 'RAS'
E       assert (<class 'str'> is <class 'str'> and 'STA' == 'RAS'
E        +  where <class 'str'> = type('STA')
E        +  and   <class 'str'> = type('RAS')
E         
E         - RAS
E         + STA)

/tests/test_outputs.py:213: AssertionError
______________ test_rule_2_3_index_date_is_the_earliest_fill_date ______________

    def test_rule_2_3_index_date_is_the_earliest_fill_date():
        """The index date is the earliest fill date, not the first line exported."""
>       check_family("index_order")

/tests/test_outputs.py:283: 
_ _ _ _ _ _ _ _ _ _ _ _ _ _ _ _ _ _ _ _ _ _ _ _ _ _ _ _ _ _ _ _ _ _ _ _ _ _ _ _ 
/tests/test_outputs.py:249: in check_family
    compare(measure(row["claims"]), row["report"], f"{name} {row['claims']['plan']}", grades)
/tests/test_outputs.py:243: in compare
    _same(row[key], ref[key], f"{where} {key}")
_ _ _ _ _ _ _ _ _ _ _ _ _ _ _ _ _ _ _ _ _ _ _ _ _ _ _ _ _ _ _ _ _ _ _ _ _ _ _ _ 

actual = 'RAS', expected = 'DIA'
where = 'index_order AM2-0013 classes[0] ( DIA) class'

    def _same(actual, expected, where):
>       assert type(actual) is type(expected) and actual == expected, f"{where}: {actual!r}, expected {expected!r}"
E       AssertionError: index_order AM2-0013 classes[0] ( DIA) class: 'RAS', expected 'DIA'
E       assert (<class 'str'> is <class 'str'> and 'RAS' == 'DIA'
E        +  where <class 'str'> = type('RAS')
E        +  and   <class 'str'> = type('DIA')
E         
E         - DIA
E         + RAS)

/tests/test_outputs.py:213: AssertionError
_____________ test_rule_2_1_line_with_no_days_supply_is_not_a_fill _____________

    def test_rule_2_1_line_with_no_days_supply_is_not_a_fill():
        """A claim line with no days supply sets no index date, adds no fill date and lists no class."""
>       check_family("adjustment_lines")

/tests/test_outputs.py:288: 
_ _ _ _ _ _ _ _ _ _ _ _ _ _ _ _ _ _ _ _ _ _ _ _ _ _ _ _ _ _ _ _ _ _ _ _ _ _ _ _ 
/tests/test_outputs.py:249: in check_family
    compare(measure(row["claims"]), row["report"], f"{name} {row['claims']['plan']}", grades)
/tests/test_outputs.py:243: in compare
    _same(row[key], ref[key], f"{where} {key}")
_ _ _ _ _ _ _ _ _ _ _ _ _ _ _ _ _ _ _ _ _ _ _ _ _ _ _ _ _ _ _ _ _ _ _ _ _ _ _ _ 

actual = 'ZZ', expected = 'DIA'
where = 'adjustment_lines AM2-0016 classes[0] ( DIA) class'

    def _same(actual, expected, where):
>       assert type(actual) is type(expected) and actual == expected, f"{where}: {actual!r}, expected {expected!r}"
E       AssertionError: adjustment_lines AM2-0016 classes[0] ( DIA) class: 'ZZ', expected 'DIA'
E       assert (<class 'str'> is <class 'str'> and 'ZZ' == 'DIA'
E        +  where <class 'str'> = type('ZZ')
E        +  and   <class 'str'> = type('DIA')
E         
E         - DIA
E         + ZZ)

/tests/test_outputs.py:213: AssertionError
_________________________ test_report_order_and_codes __________________________

    def test_report_order_and_codes():
        """Members in file order, one member's classes and the class list in ascending character order."""
>       check_family("report_order")

/tests/test_outputs.py:328: 
_ _ _ _ _ _ _ _ _ _ _ _ _ _ _ _ _ _ _ _ _ _ _ _ _ _ _ _ _ _ _ _ _ _ _ _ _ _ _ _ 
/tests/test_outputs.py:249: in check_family
    compare(measure(row["claims"]), row["report"], f"{name} {row['claims']['plan']}", grades)
/tests/test_outputs.py:243: in compare
    _same(row[key], ref[key], f"{where} {key}")
_ _ _ _ _ _ _ _ _ _ _ _ _ _ _ _ _ _ _ _ _ _ _ _ _ _ _ _ _ _ _ _ _ _ _ _ _ _ _ _ 

actual = 'ZZZZZZZZ', expected = '0A'
where = 'report_order AM2-0037 classes[0] ( 0A) class'

    def _same(actual, expected, where):
>       assert type(actual) is type(expected) and actual == expected, f"{where}: {actual!r}, expected {expected!r}"
E       AssertionError: report_order AM2-0037 classes[0] ( 0A) class: 'ZZZZZZZZ', expected '0A'
E       assert (<class 'str'> is <class 'str'> and 'ZZZZZZZZ' == '0A'
E        +  where <class 'str'> = type('ZZZZZZZZ')
E        +  and   <class 'str'> = type('0A')
E         
E         - 0A
E         + ZZZZZZZZ)

/tests/test_outputs.py:213: AssertionError
_________________________ test_rule_1_3_limits_reached _________________________

    def test_rule_1_3_limits_reached():
        """100 members in the measure for one class; 400 claim lines under 40 class codes, 60 stay days in 10 stays."""
        members = load("limits_members")[0]["claims"]["members"]
        assert len(members) == 100
        member = load("limits_fills")[0]["claims"]["members"][0]
        assert len(member["fills"]) == 400 and len({f["class"] for f in member["fills"]}) == 40 and len(member["stays"]) == 10
        check_family("limits_members")
>       check_family("limits_fills")

/tests/test_outputs.py:338: 
_ _ _ _ _ _ _ _ _ _ _ _ _ _ _ _ _ _ _ _ _ _ _ _ _ _ _ _ _ _ _ _ _ _ _ _ _ _ _ _ 
/tests/test_outputs.py:249: in check_family
    compare(measure(row["claims"]), row["report"], f"{name} {row['claims']['plan']}", grades)
/tests/test_outputs.py:243: in compare
    _same(row[key], ref[key], f"{where} {key}")
_ _ _ _ _ _ _ _ _ _ _ _ _ _ _ _ _ _ _ _ _ _ _ _ _ _ _ _ _ _ _ _ _ _ _ _ _ _ _ _ 

actual = 'ZZZZZZZ9', expected = '1'
where = 'limits_fills AM2-0050 classes[0] ( 1) class'

    def _same(actual, expected, where):
>       assert type(actual) is type(expected) and actual == expected, f"{where}: {actual!r}, expected {expected!r}"
E       AssertionError: limits_fills AM2-0050 classes[0] ( 1) class: 'ZZZZZZZ9', expected '1'
E       assert (<class 'str'> is <class 'str'> and 'ZZZZZZZ9' == '1'
E        +  where <class 'str'> = type('ZZZZZZZ9')
E        +  and   <class 'str'> = type('1')
E         
E         - 1
E         + ZZZZZZZ9)

/tests/test_outputs.py:213: AssertionError
______________ test_member_outside_the_measure_keeps_todays_span _______________

    def test_member_outside_the_measure_keeps_todays_span():
        """The specification gives no period days for a member outside the measure: today's span stands."""
>       check_family("outside_measure")

/tests/test_outputs.py:343: 
_ _ _ _ _ _ _ _ _ _ _ _ _ _ _ _ _ _ _ _ _ _ _ _ _ _ _ _ _ _ _ _ _ _ _ _ _ _ _ _ 
/tests/test_outputs.py:249: in check_family
    compare(measure(row["claims"]), row["report"], f"{name} {row['claims']['plan']}", grades)
/tests/test_outputs.py:243: in compare
    _same(row[key], ref[key], f"{where} {key}")
_ _ _ _ _ _ _ _ _ _ _ _ _ _ _ _ _ _ _ _ _ _ _ _ _ _ _ _ _ _ _ _ _ _ _ _ _ _ _ _ 

actual = 'STA', expected = 'RAS'
where = 'outside_measure AM2-0039 classes[0] ( RAS) class'

    def _same(actual, expected, where):
>       assert type(actual) is type(expected) and actual == expected, f"{where}: {actual!r}, expected {expected!r}"
E       AssertionError: outside_measure AM2-0039 classes[0] ( RAS) class: 'STA', expected 'RAS'
E       assert (<class 'str'> is <class 'str'> and 'STA' == 'RAS'
E        +  where <class 'str'> = type('STA')
E        +  and   <class 'str'> = type('RAS')
E         
E         - RAS
E         + STA)

/tests/test_outputs.py:213: AssertionError
____________ test_fill_above_the_supply_limit_keeps_todays_coverage ____________

    def test_fill_above_the_supply_limit_keeps_todays_coverage():
        """The specification gives no length for a fill above the supply limit: today's coverage stands."""
>       check_family("over_limit")

/tests/test_outputs.py:354: 
_ _ _ _ _ _ _ _ _ _ _ _ _ _ _ _ _ _ _ _ _ _ _ _ _ _ _ _ _ _ _ _ _ _ _ _ _ _ _ _ 
/tests/test_outputs.py:249: in check_family
    compare(measure(row["claims"]), row["report"], f"{name} {row['claims']['plan']}", grades)
/tests/test_outputs.py:243: in compare
    _same(row[key], ref[key], f"{where} {key}")
_ _ _ _ _ _ _ _ _ _ _ _ _ _ _ _ _ _ _ _ _ _ _ _ _ _ _ _ _ _ _ _ _ _ _ _ _ _ _ _ 

actual = 'STA', expected = 'RAS'
where = 'over_limit AM2-0045 classes[0] ( RAS) class'

    def _same(actual, expected, where):
>       assert type(actual) is type(expected) and actual == expected, f"{where}: {actual!r}, expected {expected!r}"
E       AssertionError: over_limit AM2-0045 classes[0] ( RAS) class: 'STA', expected 'RAS'
E       assert (<class 'str'> is <class 'str'> and 'STA' == 'RAS'
E        +  where <class 'str'> = type('STA')
E        +  and   <class 'str'> = type('RAS')
E         
E         - RAS
E         + STA)

/tests/test_outputs.py:213: AssertionError
_________________________ test_generated_claims_files __________________________

    def test_generated_claims_files():
        """Seeded files over the rest of the rule 1.3 domain, as sealed and under fresh labels."""
>       check_family("generated")

/tests/test_outputs.py:410: 
_ _ _ _ _ _ _ _ _ _ _ _ _ _ _ _ _ _ _ _ _ _ _ _ _ _ _ _ _ _ _ _ _ _ _ _ _ _ _ _ 
/tests/test_outputs.py:249: in check_family
    compare(measure(row["claims"]), row["report"], f"{name} {row['claims']['plan']}", grades)
/tests/test_outputs.py:243: in compare
    _same(row[key], ref[key], f"{where} {key}")
_ _ _ _ _ _ _ _ _ _ _ _ _ _ _ _ _ _ _ _ _ _ _ _ _ _ _ _ _ _ _ _ _ _ _ _ _ _ _ _ 

actual = 'TE', expected = 'HEE5ZX'
where = 'generated AM2-0047 classes[0] ( HEE5ZX) class'

    def _same(actual, expected, where):
>       assert type(actual) is type(expected) and actual == expected, f"{where}: {actual!r}, expected {expected!r}"
E       AssertionError: generated AM2-0047 classes[0] ( HEE5ZX) class: 'TE', expected 'HEE5ZX'
E       assert (<class 'str'> is <class 'str'> and 'TE' == 'HEE5ZX'
E        +  where <class 'str'> = type('TE')
E        +  and   <class 'str'> = type('HEE5ZX')
E         
E         - HEE5ZX
E         + TE)

/tests/test_outputs.py:213: AssertionError
==================================== PASSES ====================================
=========================== short test summary info ============================
PASSED ../../tests/test_outputs.py::test_rule_3_1_fill_starts_on_its_fill_date
PASSED ../../tests/test_outputs.py::test_rule_3_2_refill_of_same_drug_carries_over
PASSED ../../tests/test_outputs.py::test_rule_2_4_fills_on_two_different_dates
PASSED ../../tests/test_outputs.py::test_rule_2_4_index_date_no_later_than_2_october
PASSED ../../tests/test_outputs.py::test_rule_2_5_treatment_period_runs_to_year_end
PASSED ../../tests/test_outputs.py::test_rule_4_1_stay_days_leave_period_and_covered_days
PASSED ../../tests/test_outputs.py::test_rule_1_2_percentages_round_half_up
PASSED ../../tests/test_outputs.py::test_rule_4_2_adherent_at_80_and_only_in_the_measure
PASSED ../../tests/test_outputs.py::test_rule_5_1_reportable_class_rate_over_its_rate_base
PASSED ../../tests/test_outputs.py::test_class_that_is_not_reportable_keeps_todays_divisor
PASSED ../../tests/test_outputs.py::test_figures_left_to_todays_code_together
PASSED ../../tests/test_outputs.py::test_candidate_cannot_read_verifier_state
PASSED ../../tests/test_outputs.py::test_submitted_driver_unchanged
FAILED ../../tests/test_outputs.py::test_rule_3_2_other_drugs_never_move_one_another
FAILED ../../tests/test_outputs.py::test_rule_2_3_index_date_is_the_earliest_fill_date
FAILED ../../tests/test_outputs.py::test_rule_2_1_line_with_no_days_supply_is_not_a_fill
FAILED ../../tests/test_outputs.py::test_report_order_and_codes - AssertionEr...
FAILED ../../tests/test_outputs.py::test_rule_1_3_limits_reached - AssertionE...
FAILED ../../tests/test_outputs.py::test_member_outside_the_measure_keeps_todays_span
FAILED ../../tests/test_outputs.py::test_fill_above_the_supply_limit_keeps_todays_coverage
FAILED ../../tests/test_outputs.py::test_generated_claims_files - AssertionEr...
========================= 8 failed, 13 passed in 1.95s =========================
