============================= test session starts ==============================
platform linux -- Python 3.13.12, pytest-9.1.1, pluggy-1.6.0
rootdir: /tests
plugins: json-ctrf-0.5.2
collected 21 items

../../tests/test_outputs.py ...........FFF.F..F..                        [100%]

=================================== FAILURES ===================================
____________ test_rule_5_1_reportable_class_rate_over_its_rate_base ____________

    def test_rule_5_1_reportable_class_rate_over_its_rate_base():
        """A class with ten or more members in the measure divides by them, and its rate rounds half up."""
>       check_family("reportable_rate")

/tests/test_outputs.py:323: 
_ _ _ _ _ _ _ _ _ _ _ _ _ _ _ _ _ _ _ _ _ _ _ _ _ _ _ _ _ _ _ _ _ _ _ _ _ _ _ _ 
/tests/test_outputs.py:249: in check_family
    compare(measure(row["claims"]), row["report"], f"{name} {row['claims']['plan']}", grades)
/tests/test_outputs.py:243: in compare
    _same(row[key], ref[key], f"{where} {key}")
_ _ _ _ _ _ _ _ _ _ _ _ _ _ _ _ _ _ _ _ _ _ _ _ _ _ _ _ _ _ _ _ _ _ _ _ _ _ _ _ 

actual = 'Q00', expected = 'R04'
where = 'reportable_rate AM2-0035 members[0] (R04 STA) id'

    def _same(actual, expected, where):
>       assert type(actual) is type(expected) and actual == expected, f"{where}: {actual!r}, expected {expected!r}"
E       AssertionError: reportable_rate AM2-0035 members[0] (R04 STA) id: 'Q00', expected 'R04'
E       assert (<class 'str'> is <class 'str'> and 'Q00' == 'R04'
E        +  where <class 'str'> = type('Q00')
E        +  and   <class 'str'> = type('R04')
E         
E         - R04
E         + Q00)

/tests/test_outputs.py:213: AssertionError
_________________________ test_report_order_and_codes __________________________

    def test_report_order_and_codes():
        """Members in file order, one member's classes and the class list in ascending character order."""
>       check_family("report_order")

/tests/test_outputs.py:328: 
_ _ _ _ _ _ _ _ _ _ _ _ _ _ _ _ _ _ _ _ _ _ _ _ _ _ _ _ _ _ _ _ _ _ _ _ _ _ _ _ 
/tests/test_outputs.py:249: in check_family
    compare(measure(row["claims"]), row["report"], f"{name} {row['claims']['plan']}", grades)
/tests/test_outputs.py:243: in compare
    _same(row[key], ref[key], f"{where} {key}")
_ _ _ _ _ _ _ _ _ _ _ _ _ _ _ _ _ _ _ _ _ _ _ _ _ _ _ _ _ _ _ _ _ _ _ _ _ _ _ _ 

actual = '0', expected = 'ZZ'
where = 'report_order AM2-0037 members[0] (ZZ 0A) id'

    def _same(actual, expected, where):
>       assert type(actual) is type(expected) and actual == expected, f"{where}: {actual!r}, expected {expected!r}"
E       AssertionError: report_order AM2-0037 members[0] (ZZ 0A) id: '0', expected 'ZZ'
E       assert (<class 'str'> is <class 'str'> and '0' == 'ZZ'
E        +  where <class 'str'> = type('0')
E        +  and   <class 'str'> = type('ZZ')
E         
E         - ZZ
E         + 0)

/tests/test_outputs.py:213: AssertionError
_________________________ test_rule_1_3_limits_reached _________________________

    def test_rule_1_3_limits_reached():
        """100 members in the measure for one class; 400 claim lines under 40 class codes, 60 stay days in 10 stays."""
        members = load("limits_members")[0]["claims"]["members"]
        assert len(members) == 100
        member = load("limits_fills")[0]["claims"]["members"][0]
        assert len(member["fills"]) == 400 and len({f["class"] for f in member["fills"]}) == 40 and len(member["stays"]) == 10
>       check_family("limits_members")

/tests/test_outputs.py:337: 
_ _ _ _ _ _ _ _ _ _ _ _ _ _ _ _ _ _ _ _ _ _ _ _ _ _ _ _ _ _ _ _ _ _ _ _ _ _ _ _ 
/tests/test_outputs.py:249: in check_family
    compare(measure(row["claims"]), row["report"], f"{name} {row['claims']['plan']}", grades)
/tests/test_outputs.py:243: in compare
    _same(row[key], ref[key], f"{where} {key}")
_ _ _ _ _ _ _ _ _ _ _ _ _ _ _ _ _ _ _ _ _ _ _ _ _ _ _ _ _ _ _ _ _ _ _ _ _ _ _ _ 

actual = 'L10', expected = 'Z-9'
where = 'limits_members AM2-0049 members[1] (Z-9 K) id'

    def _same(actual, expected, where):
>       assert type(actual) is type(expected) and actual == expected, f"{where}: {actual!r}, expected {expected!r}"
E       AssertionError: limits_members AM2-0049 members[1] (Z-9 K) id: 'L10', expected 'Z-9'
E       assert (<class 'str'> is <class 'str'> and 'L10' == 'Z-9'
E        +  where <class 'str'> = type('L10')
E        +  and   <class 'str'> = type('Z-9')
E         
E         - Z-9
E         + L10)

/tests/test_outputs.py:213: AssertionError
____________ test_class_that_is_not_reportable_keeps_todays_divisor ____________

    def test_class_that_is_not_reportable_keeps_todays_divisor():
        """The specification gives no rate base for a class with fewer than ten members in the measure."""
>       check_family("small_class")

/tests/test_outputs.py:349: 
_ _ _ _ _ _ _ _ _ _ _ _ _ _ _ _ _ _ _ _ _ _ _ _ _ _ _ _ _ _ _ _ _ _ _ _ _ _ _ _ 
/tests/test_outputs.py:249: in check_family
    compare(measure(row["claims"]), row["report"], f"{name} {row['claims']['plan']}", grades)
/tests/test_outputs.py:243: in compare
    _same(row[key], ref[key], f"{where} {key}")
_ _ _ _ _ _ _ _ _ _ _ _ _ _ _ _ _ _ _ _ _ _ _ _ _ _ _ _ _ _ _ _ _ _ _ _ _ _ _ _ 

actual = 'S00', expected = 'T00'
where = 'small_class AM2-0041 members[0] (T00 STA) id'

    def _same(actual, expected, where):
>       assert type(actual) is type(expected) and actual == expected, f"{where}: {actual!r}, expected {expected!r}"
E       AssertionError: small_class AM2-0041 members[0] (T00 STA) id: 'S00', expected 'T00'
E       assert (<class 'str'> is <class 'str'> and 'S00' == 'T00'
E        +  where <class 'str'> = type('S00')
E        +  and   <class 'str'> = type('T00')
E         
E         - T00
E         + S00)

/tests/test_outputs.py:213: AssertionError
_________________________ test_generated_claims_files __________________________

    def test_generated_claims_files():
        """Seeded files over the rest of the rule 1.3 domain, as sealed and under fresh labels."""
>       check_family("generated")

/tests/test_outputs.py:410: 
_ _ _ _ _ _ _ _ _ _ _ _ _ _ _ _ _ _ _ _ _ _ _ _ _ _ _ _ _ _ _ _ _ _ _ _ _ _ _ _ 
/tests/test_outputs.py:249: in check_family
    compare(measure(row["claims"]), row["report"], f"{name} {row['claims']['plan']}", grades)
/tests/test_outputs.py:243: in compare
    _same(row[key], ref[key], f"{where} {key}")
_ _ _ _ _ _ _ _ _ _ _ _ _ _ _ _ _ _ _ _ _ _ _ _ _ _ _ _ _ _ _ _ _ _ _ _ _ _ _ _ 

actual = '-1V', expected = 'MA6J7ESN1'
where = 'generated AM2-0047 members[0] (MA6J7ESN1 TE) id'

    def _same(actual, expected, where):
>       assert type(actual) is type(expected) and actual == expected, f"{where}: {actual!r}, expected {expected!r}"
E       AssertionError: generated AM2-0047 members[0] (MA6J7ESN1 TE) id: '-1V', expected 'MA6J7ESN1'
E       assert (<class 'str'> is <class 'str'> and '-1V' == 'MA6J7ESN1'
E        +  where <class 'str'> = type('-1V')
E        +  and   <class 'str'> = type('MA6J7ESN1')
E         
E         - MA6J7ESN1
E         + -1V)

/tests/test_outputs.py:213: AssertionError
==================================== PASSES ====================================
=========================== short test summary info ============================
PASSED ../../tests/test_outputs.py::test_rule_3_1_fill_starts_on_its_fill_date
PASSED ../../tests/test_outputs.py::test_rule_3_2_refill_of_same_drug_carries_over
PASSED ../../tests/test_outputs.py::test_rule_3_2_other_drugs_never_move_one_another
PASSED ../../tests/test_outputs.py::test_rule_2_3_index_date_is_the_earliest_fill_date
PASSED ../../tests/test_outputs.py::test_rule_2_1_line_with_no_days_supply_is_not_a_fill
PASSED ../../tests/test_outputs.py::test_rule_2_4_fills_on_two_different_dates
PASSED ../../tests/test_outputs.py::test_rule_2_4_index_date_no_later_than_2_october
PASSED ../../tests/test_outputs.py::test_rule_2_5_treatment_period_runs_to_year_end
PASSED ../../tests/test_outputs.py::test_rule_4_1_stay_days_leave_period_and_covered_days
PASSED ../../tests/test_outputs.py::test_rule_1_2_percentages_round_half_up
PASSED ../../tests/test_outputs.py::test_rule_4_2_adherent_at_80_and_only_in_the_measure
PASSED ../../tests/test_outputs.py::test_member_outside_the_measure_keeps_todays_span
PASSED ../../tests/test_outputs.py::test_fill_above_the_supply_limit_keeps_todays_coverage
PASSED ../../tests/test_outputs.py::test_figures_left_to_todays_code_together
PASSED ../../tests/test_outputs.py::test_candidate_cannot_read_verifier_state
PASSED ../../tests/test_outputs.py::test_submitted_driver_unchanged
FAILED ../../tests/test_outputs.py::test_rule_5_1_reportable_class_rate_over_its_rate_base
FAILED ../../tests/test_outputs.py::test_report_order_and_codes - AssertionEr...
FAILED ../../tests/test_outputs.py::test_rule_1_3_limits_reached - AssertionE...
FAILED ../../tests/test_outputs.py::test_class_that_is_not_reportable_keeps_todays_divisor
FAILED ../../tests/test_outputs.py::test_generated_claims_files - AssertionEr...
========================= 5 failed, 16 passed in 2.58s =========================
