============================= test session starts ==============================
platform linux -- Python 3.13.12, pytest-9.1.1, pluggy-1.6.0
rootdir: /tests
plugins: json-ctrf-0.5.2
collected 21 items

../../tests/test_outputs.py ............FF....F..                        [100%]

=================================== FAILURES ===================================
_________________________ test_report_order_and_codes __________________________

    def test_report_order_and_codes():
        """Members in file order, one member's classes and the class list in ascending character order."""
>       check_family("report_order")

/tests/test_outputs.py:328: 
_ _ _ _ _ _ _ _ _ _ _ _ _ _ _ _ _ _ _ _ _ _ _ _ _ _ _ _ _ _ _ _ _ _ _ _ _ _ _ _ 
/tests/test_outputs.py:249: in check_family
    compare(measure(row["claims"]), row["report"], f"{name} {row['claims']['plan']}", grades)
/tests/test_outputs.py:243: in compare
    _same(row[key], ref[key], f"{where} {key}")
_ _ _ _ _ _ _ _ _ _ _ _ _ _ _ _ _ _ _ _ _ _ _ _ _ _ _ _ _ _ _ _ _ _ _ _ _ _ _ _ 

actual = 'ZZZZZZZ', expected = 'ZZZZZZZZ'
where = 'report_order AM2-0037 members[6] (0 ZZZZZZZZ) class'

    def _same(actual, expected, where):
>       assert type(actual) is type(expected) and actual == expected, f"{where}: {actual!r}, expected {expected!r}"
E       AssertionError: report_order AM2-0037 members[6] (0 ZZZZZZZZ) class: 'ZZZZZZZ', expected 'ZZZZZZZZ'
E       assert (<class 'str'> is <class 'str'> and 'ZZZZZZZ' == 'ZZZZZZZZ'
E        +  where <class 'str'> = type('ZZZZZZZ')
E        +  and   <class 'str'> = type('ZZZZZZZZ')
E         
E         - ZZZZZZZZ
E         ?        -
E         + ZZZZZZZ)

/tests/test_outputs.py:213: AssertionError
_________________________ test_rule_1_3_limits_reached _________________________

    def test_rule_1_3_limits_reached():
        """100 members in the measure for one class; 400 claim lines under 40 class codes, 60 stay days in 10 stays."""
        members = load("limits_members")[0]["claims"]["members"]
        assert len(members) == 100
        member = load("limits_fills")[0]["claims"]["members"][0]
        assert len(member["fills"]) == 400 and len({f["class"] for f in member["fills"]}) == 40 and len(member["stays"]) == 10
        check_family("limits_members")
>       check_family("limits_fills")

/tests/test_outputs.py:338: 
_ _ _ _ _ _ _ _ _ _ _ _ _ _ _ _ _ _ _ _ _ _ _ _ _ _ _ _ _ _ _ _ _ _ _ _ _ _ _ _ 
/tests/test_outputs.py:249: in check_family
    compare(measure(row["claims"]), row["report"], f"{name} {row['claims']['plan']}", grades)
/tests/test_outputs.py:243: in compare
    _same(row[key], ref[key], f"{where} {key}")
_ _ _ _ _ _ _ _ _ _ _ _ _ _ _ _ _ _ _ _ _ _ _ _ _ _ _ _ _ _ _ _ _ _ _ _ _ _ _ _ 

actual = 'Z9Z9Z9Z', expected = 'Z9Z9Z9Z9'
where = 'limits_fills AM2-0050 members[38] (W Z9Z9Z9Z9) class'

    def _same(actual, expected, where):
>       assert type(actual) is type(expected) and actual == expected, f"{where}: {actual!r}, expected {expected!r}"
E       AssertionError: limits_fills AM2-0050 members[38] (W Z9Z9Z9Z9) class: 'Z9Z9Z9Z', expected 'Z9Z9Z9Z9'
E       assert (<class 'str'> is <class 'str'> and 'Z9Z9Z9Z' == 'Z9Z9Z9Z9'
E        +  where <class 'str'> = type('Z9Z9Z9Z')
E        +  and   <class 'str'> = type('Z9Z9Z9Z9')
E         
E         - Z9Z9Z9Z9
E         ?        -
E         + Z9Z9Z9Z)

/tests/test_outputs.py:213: AssertionError
_________________________ test_generated_claims_files __________________________

    def test_generated_claims_files():
        """Seeded files over the rest of the rule 1.3 domain, as sealed and under fresh labels."""
        check_family("generated")
        rng = random.Random(RELABEL_SEED)
        for row in load("generated"):
            claims, expected = relabel(row, rng)
            within_limits(claims)
>           compare(measure(claims), expected, f"generated {row['claims']['plan']} relabelled (seed {RELABEL_SEED})")

/tests/test_outputs.py:415: 
_ _ _ _ _ _ _ _ _ _ _ _ _ _ _ _ _ _ _ _ _ _ _ _ _ _ _ _ _ _ _ _ _ _ _ _ _ _ _ _ 
/tests/test_outputs.py:243: in compare
    _same(row[key], ref[key], f"{where} {key}")
_ _ _ _ _ _ _ _ _ _ _ _ _ _ _ _ _ _ _ _ _ _ _ _ _ _ _ _ _ _ _ _ _ _ _ _ _ _ _ _ 

actual = 'RK6G4T9', expected = 'RK6G4T9D'
where = 'generated AM2-0047 relabelled (seed 13034157354920810782) members[0] (0ISM9HICOER RK6G4T9D) class'

    def _same(actual, expected, where):
>       assert type(actual) is type(expected) and actual == expected, f"{where}: {actual!r}, expected {expected!r}"
E       AssertionError: generated AM2-0047 relabelled (seed 13034157354920810782) members[0] (0ISM9HICOER RK6G4T9D) class: 'RK6G4T9', expected 'RK6G4T9D'
E       assert (<class 'str'> is <class 'str'> and 'RK6G4T9' == 'RK6G4T9D'
E        +  where <class 'str'> = type('RK6G4T9')
E        +  and   <class 'str'> = type('RK6G4T9D')
E         
E         - RK6G4T9D
E         ?        -
E         + RK6G4T9)

/tests/test_outputs.py:213: AssertionError
==================================== PASSES ====================================
=========================== short test summary info ============================
PASSED ../../tests/test_outputs.py::test_rule_3_1_fill_starts_on_its_fill_date
PASSED ../../tests/test_outputs.py::test_rule_3_2_refill_of_same_drug_carries_over
PASSED ../../tests/test_outputs.py::test_rule_3_2_other_drugs_never_move_one_another
PASSED ../../tests/test_outputs.py::test_rule_2_3_index_date_is_the_earliest_fill_date
PASSED ../../tests/test_outputs.py::test_rule_2_1_line_with_no_days_supply_is_not_a_fill
PASSED ../../tests/test_outputs.py::test_rule_2_4_fills_on_two_different_dates
PASSED ../../tests/test_outputs.py::test_rule_2_4_index_date_no_later_than_2_october
PASSED ../../tests/test_outputs.py::test_rule_2_5_treatment_period_runs_to_year_end
PASSED ../../tests/test_outputs.py::test_rule_4_1_stay_days_leave_period_and_covered_days
PASSED ../../tests/test_outputs.py::test_rule_1_2_percentages_round_half_up
PASSED ../../tests/test_outputs.py::test_rule_4_2_adherent_at_80_and_only_in_the_measure
PASSED ../../tests/test_outputs.py::test_rule_5_1_reportable_class_rate_over_its_rate_base
PASSED ../../tests/test_outputs.py::test_member_outside_the_measure_keeps_todays_span
PASSED ../../tests/test_outputs.py::test_class_that_is_not_reportable_keeps_todays_divisor
PASSED ../../tests/test_outputs.py::test_fill_above_the_supply_limit_keeps_todays_coverage
PASSED ../../tests/test_outputs.py::test_figures_left_to_todays_code_together
PASSED ../../tests/test_outputs.py::test_candidate_cannot_read_verifier_state
PASSED ../../tests/test_outputs.py::test_submitted_driver_unchanged
FAILED ../../tests/test_outputs.py::test_report_order_and_codes - AssertionEr...
FAILED ../../tests/test_outputs.py::test_rule_1_3_limits_reached - AssertionE...
FAILED ../../tests/test_outputs.py::test_generated_claims_files - AssertionEr...
========================= 3 failed, 18 passed in 2.73s =========================
