============================= test session starts ==============================
platform linux -- Python 3.13.12, pytest-9.1.1, pluggy-1.6.0
rootdir: /tests
plugins: json-ctrf-0.5.2
collected 21 items

../../tests/test_outputs.py FFFFFFFFFFFF.F.FF.F..                        [100%]

=================================== FAILURES ===================================
__________________ test_rule_3_1_fill_starts_on_its_fill_date __________________

    def test_rule_3_1_fill_starts_on_its_fill_date():
        """A fill covers its days supply from its fill date, on 1 January, 29 February and 31 December too."""
>       check_family("start_day")

/tests/test_outputs.py:268: 
_ _ _ _ _ _ _ _ _ _ _ _ _ _ _ _ _ _ _ _ _ _ _ _ _ _ _ _ _ _ _ _ _ _ _ _ _ _ _ _ 
/tests/test_outputs.py:249: in check_family
    compare(measure(row["claims"]), row["report"], f"{name} {row['claims']['plan']}", grades)
/tests/test_outputs.py:243: in compare
    _same(row[key], ref[key], f"{where} {key}")
_ _ _ _ _ _ _ _ _ _ _ _ _ _ _ _ _ _ _ _ _ _ _ _ _ _ _ _ _ _ _ _ _ _ _ _ _ _ _ _ 

actual = 731, expected = 365
where = 'start_day AM2-0001 members[0] (A1 STA) period'

    def _same(actual, expected, where):
>       assert type(actual) is type(expected) and actual == expected, f"{where}: {actual!r}, expected {expected!r}"
E       AssertionError: start_day AM2-0001 members[0] (A1 STA) period: 731, expected 365
E       assert (<class 'int'> is <class 'int'> and 731 == 365)
E        +  where <class 'int'> = type(731)
E        +  and   <class 'int'> = type(365)

/tests/test_outputs.py:213: AssertionError
________________ test_rule_3_2_refill_of_same_drug_carries_over ________________

    def test_rule_3_2_refill_of_same_drug_carries_over():
        """A fill whose date an earlier fill of its drug covers starts the day after that coverage, in file order on one day."""
>       check_family("carry_over")

/tests/test_outputs.py:273: 
_ _ _ _ _ _ _ _ _ _ _ _ _ _ _ _ _ _ _ _ _ _ _ _ _ _ _ _ _ _ _ _ _ _ _ _ _ _ _ _ 
/tests/test_outputs.py:249: in check_family
    compare(measure(row["claims"]), row["report"], f"{name} {row['claims']['plan']}", grades)
/tests/test_outputs.py:243: in compare
    _same(row[key], ref[key], f"{where} {key}")
_ _ _ _ _ _ _ _ _ _ _ _ _ _ _ _ _ _ _ _ _ _ _ _ _ _ _ _ _ _ _ _ _ _ _ _ _ _ _ _ 

actual = 1087, expected = 356
where = 'carry_over AM2-0005 members[0] (C1 STA) period'

    def _same(actual, expected, where):
>       assert type(actual) is type(expected) and actual == expected, f"{where}: {actual!r}, expected {expected!r}"
E       AssertionError: carry_over AM2-0005 members[0] (C1 STA) period: 1087, expected 356
E       assert (<class 'int'> is <class 'int'> and 1087 == 356)
E        +  where <class 'int'> = type(1087)
E        +  and   <class 'int'> = type(356)

/tests/test_outputs.py:213: AssertionError
_______________ test_rule_3_2_other_drugs_never_move_one_another _______________

    def test_rule_3_2_other_drugs_never_move_one_another():
        """Overlapping fills of different drugs in one class are not moved, and a day is covered once."""
>       check_family("other_drugs")

/tests/test_outputs.py:278: 
_ _ _ _ _ _ _ _ _ _ _ _ _ _ _ _ _ _ _ _ _ _ _ _ _ _ _ _ _ _ _ _ _ _ _ _ _ _ _ _ 
/tests/test_outputs.py:249: in check_family
    compare(measure(row["claims"]), row["report"], f"{name} {row['claims']['plan']}", grades)
/tests/test_outputs.py:243: in compare
    _same(row[key], ref[key], f"{where} {key}")
_ _ _ _ _ _ _ _ _ _ _ _ _ _ _ _ _ _ _ _ _ _ _ _ _ _ _ _ _ _ _ _ _ _ _ _ _ _ _ _ 

actual = 1458, expected = 362
where = 'other_drugs AM2-0009 members[0] (D1 STA) period'

    def _same(actual, expected, where):
>       assert type(actual) is type(expected) and actual == expected, f"{where}: {actual!r}, expected {expected!r}"
E       AssertionError: other_drugs AM2-0009 members[0] (D1 STA) period: 1458, expected 362
E       assert (<class 'int'> is <class 'int'> and 1458 == 362)
E        +  where <class 'int'> = type(1458)
E        +  and   <class 'int'> = type(362)

/tests/test_outputs.py:213: AssertionError
______________ test_rule_2_3_index_date_is_the_earliest_fill_date ______________

    def test_rule_2_3_index_date_is_the_earliest_fill_date():
        """The index date is the earliest fill date, not the first line exported."""
>       check_family("index_order")

/tests/test_outputs.py:283: 
_ _ _ _ _ _ _ _ _ _ _ _ _ _ _ _ _ _ _ _ _ _ _ _ _ _ _ _ _ _ _ _ _ _ _ _ _ _ _ _ 
/tests/test_outputs.py:249: in check_family
    compare(measure(row["claims"]), row["report"], f"{name} {row['claims']['plan']}", grades)
/tests/test_outputs.py:243: in compare
    _same(row[key], ref[key], f"{where} {key}")
_ _ _ _ _ _ _ _ _ _ _ _ _ _ _ _ _ _ _ _ _ _ _ _ _ _ _ _ _ _ _ _ _ _ _ _ _ _ _ _ 

actual = 1052, expected = 321
where = 'index_order AM2-0012 members[0] (I1 STA) period'

    def _same(actual, expected, where):
>       assert type(actual) is type(expected) and actual == expected, f"{where}: {actual!r}, expected {expected!r}"
E       AssertionError: index_order AM2-0012 members[0] (I1 STA) period: 1052, expected 321
E       assert (<class 'int'> is <class 'int'> and 1052 == 321)
E        +  where <class 'int'> = type(1052)
E        +  and   <class 'int'> = type(321)

/tests/test_outputs.py:213: AssertionError
_____________ test_rule_2_1_line_with_no_days_supply_is_not_a_fill _____________

    def test_rule_2_1_line_with_no_days_supply_is_not_a_fill():
        """A claim line with no days supply sets no index date, adds no fill date and lists no class."""
>       check_family("adjustment_lines")

/tests/test_outputs.py:288: 
_ _ _ _ _ _ _ _ _ _ _ _ _ _ _ _ _ _ _ _ _ _ _ _ _ _ _ _ _ _ _ _ _ _ _ _ _ _ _ _ 
/tests/test_outputs.py:249: in check_family
    compare(measure(row["claims"]), row["report"], f"{name} {row['claims']['plan']}", grades)
/tests/test_outputs.py:243: in compare
    _same(row[key], ref[key], f"{where} {key}")
_ _ _ _ _ _ _ _ _ _ _ _ _ _ _ _ _ _ _ _ _ _ _ _ _ _ _ _ _ _ _ _ _ _ _ _ _ _ _ _ 

actual = -374, expected = 356
where = 'adjustment_lines AM2-0016 members[1] (N4 RAS) period'

    def _same(actual, expected, where):
>       assert type(actual) is type(expected) and actual == expected, f"{where}: {actual!r}, expected {expected!r}"
E       AssertionError: adjustment_lines AM2-0016 members[1] (N4 RAS) period: -374, expected 356
E       assert (<class 'int'> is <class 'int'> and -374 == 356)
E        +  where <class 'int'> = type(-374)
E        +  and   <class 'int'> = type(356)

/tests/test_outputs.py:213: AssertionError
__________________ test_rule_2_4_fills_on_two_different_dates __________________

    def test_rule_2_4_fills_on_two_different_dates():
        """Several fills on one day are one fill date: two different dates are needed to be in the measure."""
>       check_family("measure_dates")

/tests/test_outputs.py:293: 
_ _ _ _ _ _ _ _ _ _ _ _ _ _ _ _ _ _ _ _ _ _ _ _ _ _ _ _ _ _ _ _ _ _ _ _ _ _ _ _ 
/tests/test_outputs.py:249: in check_family
    compare(measure(row["claims"]), row["report"], f"{name} {row['claims']['plan']}", grades)
/tests/test_outputs.py:243: in compare
    _same(row[key], ref[key], f"{where} {key}")
_ _ _ _ _ _ _ _ _ _ _ _ _ _ _ _ _ _ _ _ _ _ _ _ _ _ _ _ _ _ _ _ _ _ _ _ _ _ _ _ 

actual = -1885, expected = 306
where = 'measure_dates AM2-0018 members[1] (E5 DIA) period'

    def _same(actual, expected, where):
>       assert type(actual) is type(expected) and actual == expected, f"{where}: {actual!r}, expected {expected!r}"
E       AssertionError: measure_dates AM2-0018 members[1] (E5 DIA) period: -1885, expected 306
E       assert (<class 'int'> is <class 'int'> and -1885 == 306)
E        +  where <class 'int'> = type(-1885)
E        +  and   <class 'int'> = type(306)

/tests/test_outputs.py:213: AssertionError
_______________ test_rule_2_4_index_date_no_later_than_2_october _______________

    def test_rule_2_4_index_date_no_later_than_2_october():
        """An index date of 2 October is in the measure and 3 October is not, in leap and common years."""
>       check_family("index_cutoff")

/tests/test_outputs.py:298: 
_ _ _ _ _ _ _ _ _ _ _ _ _ _ _ _ _ _ _ _ _ _ _ _ _ _ _ _ _ _ _ _ _ _ _ _ _ _ _ _ 
/tests/test_outputs.py:249: in check_family
    compare(measure(row["claims"]), row["report"], f"{name} {row['claims']['plan']}", grades)
/tests/test_outputs.py:243: in compare
    _same(row[key], ref[key], f"{where} {key}")
_ _ _ _ _ _ _ _ _ _ _ _ _ _ _ _ _ _ _ _ _ _ _ _ _ _ _ _ _ _ _ _ _ _ _ _ _ _ _ _ 

actual = 457, expected = 91
where = 'index_cutoff AM2-0019 members[0] (F1 STA) period'

    def _same(actual, expected, where):
>       assert type(actual) is type(expected) and actual == expected, f"{where}: {actual!r}, expected {expected!r}"
E       AssertionError: index_cutoff AM2-0019 members[0] (F1 STA) period: 457, expected 91
E       assert (<class 'int'> is <class 'int'> and 457 == 91)
E        +  where <class 'int'> = type(457)
E        +  and   <class 'int'> = type(91)

/tests/test_outputs.py:213: AssertionError
_______________ test_rule_2_5_treatment_period_runs_to_year_end ________________

    def test_rule_2_5_treatment_period_runs_to_year_end():
        """The treatment period of a member in the measure runs to 31 December, however early the fills stop."""
>       check_family("year_end_period")

/tests/test_outputs.py:303: 
_ _ _ _ _ _ _ _ _ _ _ _ _ _ _ _ _ _ _ _ _ _ _ _ _ _ _ _ _ _ _ _ _ _ _ _ _ _ _ _ 
/tests/test_outputs.py:249: in check_family
    compare(measure(row["claims"]), row["report"], f"{name} {row['claims']['plan']}", grades)
/tests/test_outputs.py:243: in compare
    _same(row[key], ref[key], f"{where} {key}")
_ _ _ _ _ _ _ _ _ _ _ _ _ _ _ _ _ _ _ _ _ _ _ _ _ _ _ _ _ _ _ _ _ _ _ _ _ _ _ _ 

actual = 2012, expected = 185
where = 'year_end_period AM2-0023 members[0] (G2 RAS) period'

    def _same(actual, expected, where):
>       assert type(actual) is type(expected) and actual == expected, f"{where}: {actual!r}, expected {expected!r}"
E       AssertionError: year_end_period AM2-0023 members[0] (G2 RAS) period: 2012, expected 185
E       assert (<class 'int'> is <class 'int'> and 2012 == 185)
E        +  where <class 'int'> = type(2012)
E        +  and   <class 'int'> = type(185)

/tests/test_outputs.py:213: AssertionError
____________ test_rule_4_1_stay_days_leave_period_and_covered_days _____________

    def test_rule_4_1_stay_days_leave_period_and_covered_days():
        """Stay days inside the treatment period leave both the period days and the covered days."""
>       check_family("stays")

/tests/test_outputs.py:308: 
_ _ _ _ _ _ _ _ _ _ _ _ _ _ _ _ _ _ _ _ _ _ _ _ _ _ _ _ _ _ _ _ _ _ _ _ _ _ _ _ 
/tests/test_outputs.py:249: in check_family
    compare(measure(row["claims"]), row["report"], f"{name} {row['claims']['plan']}", grades)
/tests/test_outputs.py:243: in compare
    _same(row[key], ref[key], f"{where} {key}")
_ _ _ _ _ _ _ _ _ _ _ _ _ _ _ _ _ _ _ _ _ _ _ _ _ _ _ _ _ _ _ _ _ _ _ _ _ _ _ _ 

actual = 684, expected = 318
where = 'stays AM2-0025 members[0] (H2 STA) period'

    def _same(actual, expected, where):
>       assert type(actual) is type(expected) and actual == expected, f"{where}: {actual!r}, expected {expected!r}"
E       AssertionError: stays AM2-0025 members[0] (H2 STA) period: 684, expected 318
E       assert (<class 'int'> is <class 'int'> and 684 == 318)
E        +  where <class 'int'> = type(684)
E        +  and   <class 'int'> = type(318)

/tests/test_outputs.py:213: AssertionError
___________________ test_rule_1_2_percentages_round_half_up ____________________

    def test_rule_1_2_percentages_round_half_up():
        """Every PDC to the nearest tenth, an exact half going up."""
>       check_family("rounding")

/tests/test_outputs.py:313: 
_ _ _ _ _ _ _ _ _ _ _ _ _ _ _ _ _ _ _ _ _ _ _ _ _ _ _ _ _ _ _ _ _ _ _ _ _ _ _ _ 
/tests/test_outputs.py:249: in check_family
    compare(measure(row["claims"]), row["report"], f"{name} {row['claims']['plan']}", grades)
/tests/test_outputs.py:243: in compare
    _same(row[key], ref[key], f"{where} {key}")
_ _ _ _ _ _ _ _ _ _ _ _ _ _ _ _ _ _ _ _ _ _ _ _ _ _ _ _ _ _ _ _ _ _ _ _ _ _ _ _ 

actual = 1185, expected = 89
where = 'rounding AM2-0029 members[0] (K1 STA) period'

    def _same(actual, expected, where):
>       assert type(actual) is type(expected) and actual == expected, f"{where}: {actual!r}, expected {expected!r}"
E       AssertionError: rounding AM2-0029 members[0] (K1 STA) period: 1185, expected 89
E       assert (<class 'int'> is <class 'int'> and 1185 == 89)
E        +  where <class 'int'> = type(1185)
E        +  and   <class 'int'> = type(89)

/tests/test_outputs.py:213: AssertionError
_____________ test_rule_4_2_adherent_at_80_and_only_in_the_measure _____________

    def test_rule_4_2_adherent_at_80_and_only_in_the_measure():
        """A PDC of exactly 80.0 is adherent; a member outside the measure never is."""
>       check_family("adherence")

/tests/test_outputs.py:318: 
_ _ _ _ _ _ _ _ _ _ _ _ _ _ _ _ _ _ _ _ _ _ _ _ _ _ _ _ _ _ _ _ _ _ _ _ _ _ _ _ 
/tests/test_outputs.py:249: in check_family
    compare(measure(row["claims"]), row["report"], f"{name} {row['claims']['plan']}", grades)
/tests/test_outputs.py:243: in compare
    _same(row[key], ref[key], f"{where} {key}")
_ _ _ _ _ _ _ _ _ _ _ _ _ _ _ _ _ _ _ _ _ _ _ _ _ _ _ _ _ _ _ _ _ _ _ _ _ _ _ _ 

actual = 8581, expected = 180
where = 'adherence AM2-0033 members[0] (J1 STA) period'

    def _same(actual, expected, where):
>       assert type(actual) is type(expected) and actual == expected, f"{where}: {actual!r}, expected {expected!r}"
E       AssertionError: adherence AM2-0033 members[0] (J1 STA) period: 8581, expected 180
E       assert (<class 'int'> is <class 'int'> and 8581 == 180)
E        +  where <class 'int'> = type(8581)
E        +  and   <class 'int'> = type(180)

/tests/test_outputs.py:213: AssertionError
____________ test_rule_5_1_reportable_class_rate_over_its_rate_base ____________

    def test_rule_5_1_reportable_class_rate_over_its_rate_base():
        """A class with ten or more members in the measure divides by them, and its rate rounds half up."""
>       check_family("reportable_rate")

/tests/test_outputs.py:323: 
_ _ _ _ _ _ _ _ _ _ _ _ _ _ _ _ _ _ _ _ _ _ _ _ _ _ _ _ _ _ _ _ _ _ _ _ _ _ _ _ 
/tests/test_outputs.py:249: in check_family
    compare(measure(row["claims"]), row["report"], f"{name} {row['claims']['plan']}", grades)
/tests/test_outputs.py:243: in compare
    _same(row[key], ref[key], f"{where} {key}")
_ _ _ _ _ _ _ _ _ _ _ _ _ _ _ _ _ _ _ _ _ _ _ _ _ _ _ _ _ _ _ _ _ _ _ _ _ _ _ _ 

actual = 3238, expected = 316
where = 'reportable_rate AM2-0036 members[0] (R01 STA) period'

    def _same(actual, expected, where):
>       assert type(actual) is type(expected) and actual == expected, f"{where}: {actual!r}, expected {expected!r}"
E       AssertionError: reportable_rate AM2-0036 members[0] (R01 STA) period: 3238, expected 316
E       assert (<class 'int'> is <class 'int'> and 3238 == 316)
E        +  where <class 'int'> = type(3238)
E        +  and   <class 'int'> = type(316)

/tests/test_outputs.py:213: AssertionError
_________________________ test_rule_1_3_limits_reached _________________________

    def test_rule_1_3_limits_reached():
        """100 members in the measure for one class; 400 claim lines under 40 class codes, 60 stay days in 10 stays."""
        members = load("limits_members")[0]["claims"]["members"]
        assert len(members) == 100
        member = load("limits_fills")[0]["claims"]["members"][0]
        assert len(member["fills"]) == 400 and len({f["class"] for f in member["fills"]}) == 40 and len(member["stays"]) == 10
>       check_family("limits_members")

/tests/test_outputs.py:337: 
_ _ _ _ _ _ _ _ _ _ _ _ _ _ _ _ _ _ _ _ _ _ _ _ _ _ _ _ _ _ _ _ _ _ _ _ _ _ _ _ 
/tests/test_outputs.py:249: in check_family
    compare(measure(row["claims"]), row["report"], f"{name} {row['claims']['plan']}", grades)
/tests/test_outputs.py:243: in compare
    _same(row[key], ref[key], f"{where} {key}")
_ _ _ _ _ _ _ _ _ _ _ _ _ _ _ _ _ _ _ _ _ _ _ _ _ _ _ _ _ _ _ _ _ _ _ _ _ _ _ _ 

actual = 8995, expected = 229
where = 'limits_members AM2-0049 members[0] (AAAAAAAAAAAA K) period'

    def _same(actual, expected, where):
>       assert type(actual) is type(expected) and actual == expected, f"{where}: {actual!r}, expected {expected!r}"
E       AssertionError: limits_members AM2-0049 members[0] (AAAAAAAAAAAA K) period: 8995, expected 229
E       assert (<class 'int'> is <class 'int'> and 8995 == 229)
E        +  where <class 'int'> = type(8995)
E        +  and   <class 'int'> = type(229)

/tests/test_outputs.py:213: AssertionError
____________ test_class_that_is_not_reportable_keeps_todays_divisor ____________

    def test_class_that_is_not_reportable_keeps_todays_divisor():
        """The specification gives no rate base for a class with fewer than ten members in the measure."""
>       check_family("small_class")

/tests/test_outputs.py:349: 
_ _ _ _ _ _ _ _ _ _ _ _ _ _ _ _ _ _ _ _ _ _ _ _ _ _ _ _ _ _ _ _ _ _ _ _ _ _ _ _ 
/tests/test_outputs.py:249: in check_family
    compare(measure(row["claims"]), row["report"], f"{name} {row['claims']['plan']}", grades)
/tests/test_outputs.py:243: in compare
    _same(row[key], ref[key], f"{where} {key}")
_ _ _ _ _ _ _ _ _ _ _ _ _ _ _ _ _ _ _ _ _ _ _ _ _ _ _ _ _ _ _ _ _ _ _ _ _ _ _ _ 

actual = -13150, expected = 364
where = 'small_class AM2-0043 members[2] (S01 STA) period'

    def _same(actual, expected, where):
>       assert type(actual) is type(expected) and actual == expected, f"{where}: {actual!r}, expected {expected!r}"
E       AssertionError: small_class AM2-0043 members[2] (S01 STA) period: -13150, expected 364
E       assert (<class 'int'> is <class 'int'> and -13150 == 364)
E        +  where <class 'int'> = type(-13150)
E        +  and   <class 'int'> = type(364)

/tests/test_outputs.py:213: AssertionError
____________ test_fill_above_the_supply_limit_keeps_todays_coverage ____________

    def test_fill_above_the_supply_limit_keeps_todays_coverage():
        """The specification gives no length for a fill above the supply limit: today's coverage stands."""
>       check_family("over_limit")

/tests/test_outputs.py:354: 
_ _ _ _ _ _ _ _ _ _ _ _ _ _ _ _ _ _ _ _ _ _ _ _ _ _ _ _ _ _ _ _ _ _ _ _ _ _ _ _ 
/tests/test_outputs.py:249: in check_family
    compare(measure(row["claims"]), row["report"], f"{name} {row['claims']['plan']}", grades)
/tests/test_outputs.py:243: in compare
    _same(row[key], ref[key], f"{where} {key}")
_ _ _ _ _ _ _ _ _ _ _ _ _ _ _ _ _ _ _ _ _ _ _ _ _ _ _ _ _ _ _ _ _ _ _ _ _ _ _ _ 

actual = -9, expected = 356
where = 'over_limit AM2-0045 members[0] (V2 STA) period'

    def _same(actual, expected, where):
>       assert type(actual) is type(expected) and actual == expected, f"{where}: {actual!r}, expected {expected!r}"
E       AssertionError: over_limit AM2-0045 members[0] (V2 STA) period: -9, expected 356
E       assert (<class 'int'> is <class 'int'> and -9 == 356)
E        +  where <class 'int'> = type(-9)
E        +  and   <class 'int'> = type(356)

/tests/test_outputs.py:213: AssertionError
_________________________ test_generated_claims_files __________________________

    def test_generated_claims_files():
        """Seeded files over the rest of the rule 1.3 domain, as sealed and under fresh labels."""
>       check_family("generated")

/tests/test_outputs.py:410: 
_ _ _ _ _ _ _ _ _ _ _ _ _ _ _ _ _ _ _ _ _ _ _ _ _ _ _ _ _ _ _ _ _ _ _ _ _ _ _ _ 
/tests/test_outputs.py:249: in check_family
    compare(measure(row["claims"]), row["report"], f"{name} {row['claims']['plan']}", grades)
/tests/test_outputs.py:243: in compare
    _same(row[key], ref[key], f"{where} {key}")
_ _ _ _ _ _ _ _ _ _ _ _ _ _ _ _ _ _ _ _ _ _ _ _ _ _ _ _ _ _ _ _ _ _ _ _ _ _ _ _ 

actual = -1835, expected = 356
where = 'generated AM2-0047 members[0] (MA6J7ESN1 TE) period'

    def _same(actual, expected, where):
>       assert type(actual) is type(expected) and actual == expected, f"{where}: {actual!r}, expected {expected!r}"
E       AssertionError: generated AM2-0047 members[0] (MA6J7ESN1 TE) period: -1835, expected 356
E       assert (<class 'int'> is <class 'int'> and -1835 == 356)
E        +  where <class 'int'> = type(-1835)
E        +  and   <class 'int'> = type(356)

/tests/test_outputs.py:213: AssertionError
==================================== PASSES ====================================
=========================== short test summary info ============================
PASSED ../../tests/test_outputs.py::test_report_order_and_codes
PASSED ../../tests/test_outputs.py::test_member_outside_the_measure_keeps_todays_span
PASSED ../../tests/test_outputs.py::test_figures_left_to_todays_code_together
PASSED ../../tests/test_outputs.py::test_candidate_cannot_read_verifier_state
PASSED ../../tests/test_outputs.py::test_submitted_driver_unchanged
FAILED ../../tests/test_outputs.py::test_rule_3_1_fill_starts_on_its_fill_date
FAILED ../../tests/test_outputs.py::test_rule_3_2_refill_of_same_drug_carries_over
FAILED ../../tests/test_outputs.py::test_rule_3_2_other_drugs_never_move_one_another
FAILED ../../tests/test_outputs.py::test_rule_2_3_index_date_is_the_earliest_fill_date
FAILED ../../tests/test_outputs.py::test_rule_2_1_line_with_no_days_supply_is_not_a_fill
FAILED ../../tests/test_outputs.py::test_rule_2_4_fills_on_two_different_dates
FAILED ../../tests/test_outputs.py::test_rule_2_4_index_date_no_later_than_2_october
FAILED ../../tests/test_outputs.py::test_rule_2_5_treatment_period_runs_to_year_end
FAILED ../../tests/test_outputs.py::test_rule_4_1_stay_days_leave_period_and_covered_days
FAILED ../../tests/test_outputs.py::test_rule_1_2_percentages_round_half_up
FAILED ../../tests/test_outputs.py::test_rule_4_2_adherent_at_80_and_only_in_the_measure
FAILED ../../tests/test_outputs.py::test_rule_5_1_reportable_class_rate_over_its_rate_base
FAILED ../../tests/test_outputs.py::test_rule_1_3_limits_reached - AssertionE...
FAILED ../../tests/test_outputs.py::test_class_that_is_not_reportable_keeps_todays_divisor
FAILED ../../tests/test_outputs.py::test_fill_above_the_supply_limit_keeps_todays_coverage
FAILED ../../tests/test_outputs.py::test_generated_claims_files - AssertionEr...
========================= 16 failed, 5 passed in 1.98s =========================
