============================= test session starts ==============================
platform linux -- Python 3.13.12, pytest-9.1.1, pluggy-1.6.0
rootdir: /tests
plugins: json-ctrf-0.5.2
collected 21 items

../../tests/test_outputs.py ..............F..F...                        [100%]

=================================== FAILURES ===================================
______________ test_member_outside_the_measure_keeps_todays_span _______________

    def test_member_outside_the_measure_keeps_todays_span():
        """The specification gives no period days for a member outside the measure: today's span stands."""
>       check_family("outside_measure")

/tests/test_outputs.py:343: 
_ _ _ _ _ _ _ _ _ _ _ _ _ _ _ _ _ _ _ _ _ _ _ _ _ _ _ _ _ _ _ _ _ _ _ _ _ _ _ _ 
/tests/test_outputs.py:249: in check_family
    compare(measure(row["claims"]), row["report"], f"{name} {row['claims']['plan']}", grades)
/tests/test_outputs.py:241: in compare
    _percentage(row[key], ref[key], f"{where} {key}")
_ _ _ _ _ _ _ _ _ _ _ _ _ _ _ _ _ _ _ _ _ _ _ _ _ _ _ _ _ _ _ _ _ _ _ _ _ _ _ _ 

actual = 0.0, expected = 93.3
where = 'outside_measure AM2-0038 members[0] (O1 STA) pdc'

    def _percentage(actual, expected, where):
        """A PDC or rate: the reported tenth, as a JSON number."""
        assert isinstance(actual, (int, float)) and not isinstance(actual, bool), f"{where}: {actual!r} is not a number"
>       assert actual == expected, f"{where}: {actual!r}, expected {expected!r}"
E       AssertionError: outside_measure AM2-0038 members[0] (O1 STA) pdc: 0.0, expected 93.3
E       assert 0.0 == 93.3

/tests/test_outputs.py:219: AssertionError
__________________ test_figures_left_to_todays_code_together ___________________

    def test_figures_left_to_todays_code_together():
        """Members outside the measure with fills above the limit, in a class that is not reportable."""
>       check_family("traps_combined")

/tests/test_outputs.py:360: 
_ _ _ _ _ _ _ _ _ _ _ _ _ _ _ _ _ _ _ _ _ _ _ _ _ _ _ _ _ _ _ _ _ _ _ _ _ _ _ _ 
/tests/test_outputs.py:249: in check_family
    compare(measure(row["claims"]), row["report"], f"{name} {row['claims']['plan']}", grades)
/tests/test_outputs.py:241: in compare
    _percentage(row[key], ref[key], f"{where} {key}")
_ _ _ _ _ _ _ _ _ _ _ _ _ _ _ _ _ _ _ _ _ _ _ _ _ _ _ _ _ _ _ _ _ _ _ _ _ _ _ _ 

actual = 0.0, expected = 100.0
where = 'traps_combined AM2-0046 members[0] (X1 STA) pdc'

    def _percentage(actual, expected, where):
        """A PDC or rate: the reported tenth, as a JSON number."""
        assert isinstance(actual, (int, float)) and not isinstance(actual, bool), f"{where}: {actual!r} is not a number"
>       assert actual == expected, f"{where}: {actual!r}, expected {expected!r}"
E       AssertionError: traps_combined AM2-0046 members[0] (X1 STA) pdc: 0.0, expected 100.0
E       assert 0.0 == 100.0

/tests/test_outputs.py:219: AssertionError
==================================== PASSES ====================================
=========================== short test summary info ============================
PASSED ../../tests/test_outputs.py::test_rule_3_1_fill_starts_on_its_fill_date
PASSED ../../tests/test_outputs.py::test_rule_3_2_refill_of_same_drug_carries_over
PASSED ../../tests/test_outputs.py::test_rule_3_2_other_drugs_never_move_one_another
PASSED ../../tests/test_outputs.py::test_rule_2_3_index_date_is_the_earliest_fill_date
PASSED ../../tests/test_outputs.py::test_rule_2_1_line_with_no_days_supply_is_not_a_fill
PASSED ../../tests/test_outputs.py::test_rule_2_4_fills_on_two_different_dates
PASSED ../../tests/test_outputs.py::test_rule_2_4_index_date_no_later_than_2_october
PASSED ../../tests/test_outputs.py::test_rule_2_5_treatment_period_runs_to_year_end
PASSED ../../tests/test_outputs.py::test_rule_4_1_stay_days_leave_period_and_covered_days
PASSED ../../tests/test_outputs.py::test_rule_1_2_percentages_round_half_up
PASSED ../../tests/test_outputs.py::test_rule_4_2_adherent_at_80_and_only_in_the_measure
PASSED ../../tests/test_outputs.py::test_rule_5_1_reportable_class_rate_over_its_rate_base
PASSED ../../tests/test_outputs.py::test_report_order_and_codes
PASSED ../../tests/test_outputs.py::test_rule_1_3_limits_reached
PASSED ../../tests/test_outputs.py::test_class_that_is_not_reportable_keeps_todays_divisor
PASSED ../../tests/test_outputs.py::test_fill_above_the_supply_limit_keeps_todays_coverage
PASSED ../../tests/test_outputs.py::test_generated_claims_files
PASSED ../../tests/test_outputs.py::test_candidate_cannot_read_verifier_state
PASSED ../../tests/test_outputs.py::test_submitted_driver_unchanged
FAILED ../../tests/test_outputs.py::test_member_outside_the_measure_keeps_todays_span
FAILED ../../tests/test_outputs.py::test_figures_left_to_todays_code_together
========================= 2 failed, 19 passed in 2.09s =========================
