============================= test session starts ==============================
platform linux -- Python 3.13.12, pytest-9.1.1, pluggy-1.6.0
rootdir: /tests
plugins: json-ctrf-0.5.2
collected 21 items

../../tests/test_outputs.py F.....FFFF.F.FFF.FF..                        [100%]

=================================== FAILURES ===================================
__________________ test_rule_3_1_fill_starts_on_its_fill_date __________________

    def test_rule_3_1_fill_starts_on_its_fill_date():
        """A fill covers its days supply from its fill date, on 1 January, 29 February and 31 December too."""
>       check_family("start_day")

/tests/test_outputs.py:268: 
_ _ _ _ _ _ _ _ _ _ _ _ _ _ _ _ _ _ _ _ _ _ _ _ _ _ _ _ _ _ _ _ _ _ _ _ _ _ _ _ 
/tests/test_outputs.py:249: in check_family
    compare(measure(row["claims"]), row["report"], f"{name} {row['claims']['plan']}", grades)
/tests/test_outputs.py:243: in compare
    _same(row[key], ref[key], f"{where} {key}")
_ _ _ _ _ _ _ _ _ _ _ _ _ _ _ _ _ _ _ _ _ _ _ _ _ _ _ _ _ _ _ _ _ _ _ _ _ _ _ _ 

actual = 2, expected = 3
where = 'start_day AM2-0002 members[0] (A1 RAS) covered'

    def _same(actual, expected, where):
>       assert type(actual) is type(expected) and actual == expected, f"{where}: {actual!r}, expected {expected!r}"
E       AssertionError: start_day AM2-0002 members[0] (A1 RAS) covered: 2, expected 3
E       assert (<class 'int'> is <class 'int'> and 2 == 3)
E        +  where <class 'int'> = type(2)
E        +  and   <class 'int'> = type(3)

/tests/test_outputs.py:213: AssertionError
_______________ test_rule_2_4_index_date_no_later_than_2_october _______________

    def test_rule_2_4_index_date_no_later_than_2_october():
        """An index date of 2 October is in the measure and 3 October is not, in leap and common years."""
>       check_family("index_cutoff")

/tests/test_outputs.py:298: 
_ _ _ _ _ _ _ _ _ _ _ _ _ _ _ _ _ _ _ _ _ _ _ _ _ _ _ _ _ _ _ _ _ _ _ _ _ _ _ _ 
/tests/test_outputs.py:249: in check_family
    compare(measure(row["claims"]), row["report"], f"{name} {row['claims']['plan']}", grades)
/tests/test_outputs.py:243: in compare
    _same(row[key], ref[key], f"{where} {key}")
_ _ _ _ _ _ _ _ _ _ _ _ _ _ _ _ _ _ _ _ _ _ _ _ _ _ _ _ _ _ _ _ _ _ _ _ _ _ _ _ 

actual = 30, expected = 31
where = 'index_cutoff AM2-0019 members[2] (F3 STA) covered'

    def _same(actual, expected, where):
>       assert type(actual) is type(expected) and actual == expected, f"{where}: {actual!r}, expected {expected!r}"
E       AssertionError: index_cutoff AM2-0019 members[2] (F3 STA) covered: 30, expected 31
E       assert (<class 'int'> is <class 'int'> and 30 == 31)
E        +  where <class 'int'> = type(30)
E        +  and   <class 'int'> = type(31)

/tests/test_outputs.py:213: AssertionError
_______________ test_rule_2_5_treatment_period_runs_to_year_end ________________

    def test_rule_2_5_treatment_period_runs_to_year_end():
        """The treatment period of a member in the measure runs to 31 December, however early the fills stop."""
>       check_family("year_end_period")

/tests/test_outputs.py:303: 
_ _ _ _ _ _ _ _ _ _ _ _ _ _ _ _ _ _ _ _ _ _ _ _ _ _ _ _ _ _ _ _ _ _ _ _ _ _ _ _ 
/tests/test_outputs.py:249: in check_family
    compare(measure(row["claims"]), row["report"], f"{name} {row['claims']['plan']}", grades)
/tests/test_outputs.py:243: in compare
    _same(row[key], ref[key], f"{where} {key}")
_ _ _ _ _ _ _ _ _ _ _ _ _ _ _ _ _ _ _ _ _ _ _ _ _ _ _ _ _ _ _ _ _ _ _ _ _ _ _ _ 

actual = 100, expected = 101
where = 'year_end_period AM2-0023 members[1] (G3 RAS) covered'

    def _same(actual, expected, where):
>       assert type(actual) is type(expected) and actual == expected, f"{where}: {actual!r}, expected {expected!r}"
E       AssertionError: year_end_period AM2-0023 members[1] (G3 RAS) covered: 100, expected 101
E       assert (<class 'int'> is <class 'int'> and 100 == 101)
E        +  where <class 'int'> = type(100)
E        +  and   <class 'int'> = type(101)

/tests/test_outputs.py:213: AssertionError
____________ test_rule_4_1_stay_days_leave_period_and_covered_days _____________

    def test_rule_4_1_stay_days_leave_period_and_covered_days():
        """Stay days inside the treatment period leave both the period days and the covered days."""
>       check_family("stays")

/tests/test_outputs.py:308: 
_ _ _ _ _ _ _ _ _ _ _ _ _ _ _ _ _ _ _ _ _ _ _ _ _ _ _ _ _ _ _ _ _ _ _ _ _ _ _ _ 
/tests/test_outputs.py:249: in check_family
    compare(measure(row["claims"]), row["report"], f"{name} {row['claims']['plan']}", grades)
/tests/test_outputs.py:243: in compare
    _same(row[key], ref[key], f"{where} {key}")
_ _ _ _ _ _ _ _ _ _ _ _ _ _ _ _ _ _ _ _ _ _ _ _ _ _ _ _ _ _ _ _ _ _ _ _ _ _ _ _ 

actual = 118, expected = 117
where = 'stays AM2-0025 members[0] (H2 STA) covered'

    def _same(actual, expected, where):
>       assert type(actual) is type(expected) and actual == expected, f"{where}: {actual!r}, expected {expected!r}"
E       AssertionError: stays AM2-0025 members[0] (H2 STA) covered: 118, expected 117
E       assert (<class 'int'> is <class 'int'> and 118 == 117)
E        +  where <class 'int'> = type(118)
E        +  and   <class 'int'> = type(117)

/tests/test_outputs.py:213: AssertionError
___________________ test_rule_1_2_percentages_round_half_up ____________________

    def test_rule_1_2_percentages_round_half_up():
        """Every PDC to the nearest tenth, an exact half going up."""
>       check_family("rounding")

/tests/test_outputs.py:313: 
_ _ _ _ _ _ _ _ _ _ _ _ _ _ _ _ _ _ _ _ _ _ _ _ _ _ _ _ _ _ _ _ _ _ _ _ _ _ _ _ 
/tests/test_outputs.py:249: in check_family
    compare(measure(row["claims"]), row["report"], f"{name} {row['claims']['plan']}", grades)
/tests/test_outputs.py:243: in compare
    _same(row[key], ref[key], f"{where} {key}")
_ _ _ _ _ _ _ _ _ _ _ _ _ _ _ _ _ _ _ _ _ _ _ _ _ _ _ _ _ _ _ _ _ _ _ _ _ _ _ _ 

actual = 6, expected = 7
where = 'rounding AM2-0030 members[0] (K2 STA) covered'

    def _same(actual, expected, where):
>       assert type(actual) is type(expected) and actual == expected, f"{where}: {actual!r}, expected {expected!r}"
E       AssertionError: rounding AM2-0030 members[0] (K2 STA) covered: 6, expected 7
E       assert (<class 'int'> is <class 'int'> and 6 == 7)
E        +  where <class 'int'> = type(6)
E        +  and   <class 'int'> = type(7)

/tests/test_outputs.py:213: AssertionError
____________ test_rule_5_1_reportable_class_rate_over_its_rate_base ____________

    def test_rule_5_1_reportable_class_rate_over_its_rate_base():
        """A class with ten or more members in the measure divides by them, and its rate rounds half up."""
>       check_family("reportable_rate")

/tests/test_outputs.py:323: 
_ _ _ _ _ _ _ _ _ _ _ _ _ _ _ _ _ _ _ _ _ _ _ _ _ _ _ _ _ _ _ _ _ _ _ _ _ _ _ _ 
/tests/test_outputs.py:249: in check_family
    compare(measure(row["claims"]), row["report"], f"{name} {row['claims']['plan']}", grades)
/tests/test_outputs.py:243: in compare
    _same(row[key], ref[key], f"{where} {key}")
_ _ _ _ _ _ _ _ _ _ _ _ _ _ _ _ _ _ _ _ _ _ _ _ _ _ _ _ _ _ _ _ _ _ _ _ _ _ _ _ 

actual = 306, expected = 307
where = 'reportable_rate AM2-0035 members[3] (R00 STA) covered'

    def _same(actual, expected, where):
>       assert type(actual) is type(expected) and actual == expected, f"{where}: {actual!r}, expected {expected!r}"
E       AssertionError: reportable_rate AM2-0035 members[3] (R00 STA) covered: 306, expected 307
E       assert (<class 'int'> is <class 'int'> and 306 == 307)
E        +  where <class 'int'> = type(306)
E        +  and   <class 'int'> = type(307)

/tests/test_outputs.py:213: AssertionError
_________________________ test_rule_1_3_limits_reached _________________________

    def test_rule_1_3_limits_reached():
        """100 members in the measure for one class; 400 claim lines under 40 class codes, 60 stay days in 10 stays."""
        members = load("limits_members")[0]["claims"]["members"]
        assert len(members) == 100
        member = load("limits_fills")[0]["claims"]["members"][0]
        assert len(member["fills"]) == 400 and len({f["class"] for f in member["fills"]}) == 40 and len(member["stays"]) == 10
>       check_family("limits_members")

/tests/test_outputs.py:337: 
_ _ _ _ _ _ _ _ _ _ _ _ _ _ _ _ _ _ _ _ _ _ _ _ _ _ _ _ _ _ _ _ _ _ _ _ _ _ _ _ 
/tests/test_outputs.py:249: in check_family
    compare(measure(row["claims"]), row["report"], f"{name} {row['claims']['plan']}", grades)
/tests/test_outputs.py:243: in compare
    _same(row[key], ref[key], f"{where} {key}")
_ _ _ _ _ _ _ _ _ _ _ _ _ _ _ _ _ _ _ _ _ _ _ _ _ _ _ _ _ _ _ _ _ _ _ _ _ _ _ _ 

actual = 228, expected = 229
where = 'limits_members AM2-0049 members[0] (AAAAAAAAAAAA K) covered'

    def _same(actual, expected, where):
>       assert type(actual) is type(expected) and actual == expected, f"{where}: {actual!r}, expected {expected!r}"
E       AssertionError: limits_members AM2-0049 members[0] (AAAAAAAAAAAA K) covered: 228, expected 229
E       assert (<class 'int'> is <class 'int'> and 228 == 229)
E        +  where <class 'int'> = type(228)
E        +  and   <class 'int'> = type(229)

/tests/test_outputs.py:213: AssertionError
______________ test_member_outside_the_measure_keeps_todays_span _______________

    def test_member_outside_the_measure_keeps_todays_span():
        """The specification gives no period days for a member outside the measure: today's span stands."""
>       check_family("outside_measure")

/tests/test_outputs.py:343: 
_ _ _ _ _ _ _ _ _ _ _ _ _ _ _ _ _ _ _ _ _ _ _ _ _ _ _ _ _ _ _ _ _ _ _ _ _ _ _ _ 
/tests/test_outputs.py:249: in check_family
    compare(measure(row["claims"]), row["report"], f"{name} {row['claims']['plan']}", grades)
/tests/test_outputs.py:243: in compare
    _same(row[key], ref[key], f"{where} {key}")
_ _ _ _ _ _ _ _ _ _ _ _ _ _ _ _ _ _ _ _ _ _ _ _ _ _ _ _ _ _ _ _ _ _ _ _ _ _ _ _ 

actual = 31, expected = 30
where = 'outside_measure AM2-0038 members[0] (O1 STA) period'

    def _same(actual, expected, where):
>       assert type(actual) is type(expected) and actual == expected, f"{where}: {actual!r}, expected {expected!r}"
E       AssertionError: outside_measure AM2-0038 members[0] (O1 STA) period: 31, expected 30
E       assert (<class 'int'> is <class 'int'> and 31 == 30)
E        +  where <class 'int'> = type(31)
E        +  and   <class 'int'> = type(30)

/tests/test_outputs.py:213: AssertionError
____________ test_class_that_is_not_reportable_keeps_todays_divisor ____________

    def test_class_that_is_not_reportable_keeps_todays_divisor():
        """The specification gives no rate base for a class with fewer than ten members in the measure."""
>       check_family("small_class")

/tests/test_outputs.py:349: 
_ _ _ _ _ _ _ _ _ _ _ _ _ _ _ _ _ _ _ _ _ _ _ _ _ _ _ _ _ _ _ _ _ _ _ _ _ _ _ _ 
/tests/test_outputs.py:249: in check_family
    compare(measure(row["claims"]), row["report"], f"{name} {row['claims']['plan']}", grades)
/tests/test_outputs.py:243: in compare
    _same(row[key], ref[key], f"{where} {key}")
_ _ _ _ _ _ _ _ _ _ _ _ _ _ _ _ _ _ _ _ _ _ _ _ _ _ _ _ _ _ _ _ _ _ _ _ _ _ _ _ 

actual = 217, expected = 218
where = 'small_class AM2-0041 members[3] (S00 STA) covered'

    def _same(actual, expected, where):
>       assert type(actual) is type(expected) and actual == expected, f"{where}: {actual!r}, expected {expected!r}"
E       AssertionError: small_class AM2-0041 members[3] (S00 STA) covered: 217, expected 218
E       assert (<class 'int'> is <class 'int'> and 217 == 218)
E        +  where <class 'int'> = type(217)
E        +  and   <class 'int'> = type(218)

/tests/test_outputs.py:213: AssertionError
__________________ test_figures_left_to_todays_code_together ___________________

    def test_figures_left_to_todays_code_together():
        """Members outside the measure with fills above the limit, in a class that is not reportable."""
>       check_family("traps_combined")

/tests/test_outputs.py:360: 
_ _ _ _ _ _ _ _ _ _ _ _ _ _ _ _ _ _ _ _ _ _ _ _ _ _ _ _ _ _ _ _ _ _ _ _ _ _ _ _ 
/tests/test_outputs.py:249: in check_family
    compare(measure(row["claims"]), row["report"], f"{name} {row['claims']['plan']}", grades)
/tests/test_outputs.py:243: in compare
    _same(row[key], ref[key], f"{where} {key}")
_ _ _ _ _ _ _ _ _ _ _ _ _ _ _ _ _ _ _ _ _ _ _ _ _ _ _ _ _ _ _ _ _ _ _ _ _ _ _ _ 

actual = 46, expected = 47
where = 'traps_combined AM2-0046 members[0] (X1 STA) covered'

    def _same(actual, expected, where):
>       assert type(actual) is type(expected) and actual == expected, f"{where}: {actual!r}, expected {expected!r}"
E       AssertionError: traps_combined AM2-0046 members[0] (X1 STA) covered: 46, expected 47
E       assert (<class 'int'> is <class 'int'> and 46 == 47)
E        +  where <class 'int'> = type(46)
E        +  and   <class 'int'> = type(47)

/tests/test_outputs.py:213: AssertionError
_________________________ test_generated_claims_files __________________________

    def test_generated_claims_files():
        """Seeded files over the rest of the rule 1.3 domain, as sealed and under fresh labels."""
>       check_family("generated")

/tests/test_outputs.py:410: 
_ _ _ _ _ _ _ _ _ _ _ _ _ _ _ _ _ _ _ _ _ _ _ _ _ _ _ _ _ _ _ _ _ _ _ _ _ _ _ _ 
/tests/test_outputs.py:249: in check_family
    compare(measure(row["claims"]), row["report"], f"{name} {row['claims']['plan']}", grades)
/tests/test_outputs.py:243: in compare
    _same(row[key], ref[key], f"{where} {key}")
_ _ _ _ _ _ _ _ _ _ _ _ _ _ _ _ _ _ _ _ _ _ _ _ _ _ _ _ _ _ _ _ _ _ _ _ _ _ _ _ 

actual = 228, expected = 229
where = 'generated AM2-0047 members[2] (6 TE) covered'

    def _same(actual, expected, where):
>       assert type(actual) is type(expected) and actual == expected, f"{where}: {actual!r}, expected {expected!r}"
E       AssertionError: generated AM2-0047 members[2] (6 TE) covered: 228, expected 229
E       assert (<class 'int'> is <class 'int'> and 228 == 229)
E        +  where <class 'int'> = type(228)
E        +  and   <class 'int'> = type(229)

/tests/test_outputs.py:213: AssertionError
==================================== PASSES ====================================
=========================== short test summary info ============================
PASSED ../../tests/test_outputs.py::test_rule_3_2_refill_of_same_drug_carries_over
PASSED ../../tests/test_outputs.py::test_rule_3_2_other_drugs_never_move_one_another
PASSED ../../tests/test_outputs.py::test_rule_2_3_index_date_is_the_earliest_fill_date
PASSED ../../tests/test_outputs.py::test_rule_2_1_line_with_no_days_supply_is_not_a_fill
PASSED ../../tests/test_outputs.py::test_rule_2_4_fills_on_two_different_dates
PASSED ../../tests/test_outputs.py::test_rule_4_2_adherent_at_80_and_only_in_the_measure
PASSED ../../tests/test_outputs.py::test_report_order_and_codes
PASSED ../../tests/test_outputs.py::test_fill_above_the_supply_limit_keeps_todays_coverage
PASSED ../../tests/test_outputs.py::test_candidate_cannot_read_verifier_state
PASSED ../../tests/test_outputs.py::test_submitted_driver_unchanged
FAILED ../../tests/test_outputs.py::test_rule_3_1_fill_starts_on_its_fill_date
FAILED ../../tests/test_outputs.py::test_rule_2_4_index_date_no_later_than_2_october
FAILED ../../tests/test_outputs.py::test_rule_2_5_treatment_period_runs_to_year_end
FAILED ../../tests/test_outputs.py::test_rule_4_1_stay_days_leave_period_and_covered_days
FAILED ../../tests/test_outputs.py::test_rule_1_2_percentages_round_half_up
FAILED ../../tests/test_outputs.py::test_rule_5_1_reportable_class_rate_over_its_rate_base
FAILED ../../tests/test_outputs.py::test_rule_1_3_limits_reached - AssertionE...
FAILED ../../tests/test_outputs.py::test_member_outside_the_measure_keeps_todays_span
FAILED ../../tests/test_outputs.py::test_class_that_is_not_reportable_keeps_todays_divisor
FAILED ../../tests/test_outputs.py::test_figures_left_to_todays_code_together
FAILED ../../tests/test_outputs.py::test_generated_claims_files - AssertionEr...
======================== 11 failed, 10 passed in 1.93s =========================
