============================= test session starts ==============================
platform linux -- Python 3.13.12, pytest-9.1.1, pluggy-1.6.0
rootdir: /tests
plugins: json-ctrf-0.5.2
collected 21 items

../../tests/test_outputs.py FFFF.F..F....F..F.F..                        [100%]

=================================== FAILURES ===================================
__________________ test_rule_3_1_fill_starts_on_its_fill_date __________________

    def test_rule_3_1_fill_starts_on_its_fill_date():
        """A fill covers its days supply from its fill date, on 1 January, 29 February and 31 December too."""
>       check_family("start_day")

/tests/test_outputs.py:268: 
_ _ _ _ _ _ _ _ _ _ _ _ _ _ _ _ _ _ _ _ _ _ _ _ _ _ _ _ _ _ _ _ _ _ _ _ _ _ _ _ 
/tests/test_outputs.py:249: in check_family
    compare(measure(row["claims"]), row["report"], f"{name} {row['claims']['plan']}", grades)
/tests/test_outputs.py:243: in compare
    _same(row[key], ref[key], f"{where} {key}")
_ _ _ _ _ _ _ _ _ _ _ _ _ _ _ _ _ _ _ _ _ _ _ _ _ _ _ _ _ _ _ _ _ _ _ _ _ _ _ _ 

actual = 87, expected = 102
where = 'start_day AM2-0004 members[0] (Z9 STA) covered'

    def _same(actual, expected, where):
>       assert type(actual) is type(expected) and actual == expected, f"{where}: {actual!r}, expected {expected!r}"
E       AssertionError: start_day AM2-0004 members[0] (Z9 STA) covered: 87, expected 102
E       assert (<class 'int'> is <class 'int'> and 87 == 102)
E        +  where <class 'int'> = type(87)
E        +  and   <class 'int'> = type(102)

/tests/test_outputs.py:213: AssertionError
________________ test_rule_3_2_refill_of_same_drug_carries_over ________________

    def test_rule_3_2_refill_of_same_drug_carries_over():
        """A fill whose date an earlier fill of its drug covers starts the day after that coverage, in file order on one day."""
>       check_family("carry_over")

/tests/test_outputs.py:273: 
_ _ _ _ _ _ _ _ _ _ _ _ _ _ _ _ _ _ _ _ _ _ _ _ _ _ _ _ _ _ _ _ _ _ _ _ _ _ _ _ 
/tests/test_outputs.py:249: in check_family
    compare(measure(row["claims"]), row["report"], f"{name} {row['claims']['plan']}", grades)
/tests/test_outputs.py:243: in compare
    _same(row[key], ref[key], f"{where} {key}")
_ _ _ _ _ _ _ _ _ _ _ _ _ _ _ _ _ _ _ _ _ _ _ _ _ _ _ _ _ _ _ _ _ _ _ _ _ _ _ _ 

actual = 261, expected = 330
where = 'carry_over AM2-0005 members[0] (C1 STA) covered'

    def _same(actual, expected, where):
>       assert type(actual) is type(expected) and actual == expected, f"{where}: {actual!r}, expected {expected!r}"
E       AssertionError: carry_over AM2-0005 members[0] (C1 STA) covered: 261, expected 330
E       assert (<class 'int'> is <class 'int'> and 261 == 330)
E        +  where <class 'int'> = type(261)
E        +  and   <class 'int'> = type(330)

/tests/test_outputs.py:213: AssertionError
_______________ test_rule_3_2_other_drugs_never_move_one_another _______________

    def test_rule_3_2_other_drugs_never_move_one_another():
        """Overlapping fills of different drugs in one class are not moved, and a day is covered once."""
>       check_family("other_drugs")

/tests/test_outputs.py:278: 
_ _ _ _ _ _ _ _ _ _ _ _ _ _ _ _ _ _ _ _ _ _ _ _ _ _ _ _ _ _ _ _ _ _ _ _ _ _ _ _ 
/tests/test_outputs.py:249: in check_family
    compare(measure(row["claims"]), row["report"], f"{name} {row['claims']['plan']}", grades)
/tests/test_outputs.py:243: in compare
    _same(row[key], ref[key], f"{where} {key}")
_ _ _ _ _ _ _ _ _ _ _ _ _ _ _ _ _ _ _ _ _ _ _ _ _ _ _ _ _ _ _ _ _ _ _ _ _ _ _ _ 

actual = 69, expected = 76
where = 'other_drugs AM2-0009 members[0] (D1 STA) covered'

    def _same(actual, expected, where):
>       assert type(actual) is type(expected) and actual == expected, f"{where}: {actual!r}, expected {expected!r}"
E       AssertionError: other_drugs AM2-0009 members[0] (D1 STA) covered: 69, expected 76
E       assert (<class 'int'> is <class 'int'> and 69 == 76)
E        +  where <class 'int'> = type(69)
E        +  and   <class 'int'> = type(76)

/tests/test_outputs.py:213: AssertionError
______________ test_rule_2_3_index_date_is_the_earliest_fill_date ______________

    def test_rule_2_3_index_date_is_the_earliest_fill_date():
        """The index date is the earliest fill date, not the first line exported."""
>       check_family("index_order")

/tests/test_outputs.py:283: 
_ _ _ _ _ _ _ _ _ _ _ _ _ _ _ _ _ _ _ _ _ _ _ _ _ _ _ _ _ _ _ _ _ _ _ _ _ _ _ _ 
/tests/test_outputs.py:249: in check_family
    compare(measure(row["claims"]), row["report"], f"{name} {row['claims']['plan']}", grades)
/tests/test_outputs.py:243: in compare
    _same(row[key], ref[key], f"{where} {key}")
_ _ _ _ _ _ _ _ _ _ _ _ _ _ _ _ _ _ _ _ _ _ _ _ _ _ _ _ _ _ _ _ _ _ _ _ _ _ _ _ 

actual = 120, expected = 150
where = 'index_order AM2-0013 members[1] (I3 DIA) covered'

    def _same(actual, expected, where):
>       assert type(actual) is type(expected) and actual == expected, f"{where}: {actual!r}, expected {expected!r}"
E       AssertionError: index_order AM2-0013 members[1] (I3 DIA) covered: 120, expected 150
E       assert (<class 'int'> is <class 'int'> and 120 == 150)
E        +  where <class 'int'> = type(120)
E        +  and   <class 'int'> = type(150)

/tests/test_outputs.py:213: AssertionError
__________________ test_rule_2_4_fills_on_two_different_dates __________________

    def test_rule_2_4_fills_on_two_different_dates():
        """Several fills on one day are one fill date: two different dates are needed to be in the measure."""
>       check_family("measure_dates")

/tests/test_outputs.py:293: 
_ _ _ _ _ _ _ _ _ _ _ _ _ _ _ _ _ _ _ _ _ _ _ _ _ _ _ _ _ _ _ _ _ _ _ _ _ _ _ _ 
/tests/test_outputs.py:249: in check_family
    compare(measure(row["claims"]), row["report"], f"{name} {row['claims']['plan']}", grades)
/tests/test_outputs.py:243: in compare
    _same(row[key], ref[key], f"{where} {key}")
_ _ _ _ _ _ _ _ _ _ _ _ _ _ _ _ _ _ _ _ _ _ _ _ _ _ _ _ _ _ _ _ _ _ _ _ _ _ _ _ 

actual = 31, expected = 60
where = 'measure_dates AM2-0017 members[1] (E2 STA) covered'

    def _same(actual, expected, where):
>       assert type(actual) is type(expected) and actual == expected, f"{where}: {actual!r}, expected {expected!r}"
E       AssertionError: measure_dates AM2-0017 members[1] (E2 STA) covered: 31, expected 60
E       assert (<class 'int'> is <class 'int'> and 31 == 60)
E        +  where <class 'int'> = type(31)
E        +  and   <class 'int'> = type(60)

/tests/test_outputs.py:213: AssertionError
____________ test_rule_4_1_stay_days_leave_period_and_covered_days _____________

    def test_rule_4_1_stay_days_leave_period_and_covered_days():
        """Stay days inside the treatment period leave both the period days and the covered days."""
>       check_family("stays")

/tests/test_outputs.py:308: 
_ _ _ _ _ _ _ _ _ _ _ _ _ _ _ _ _ _ _ _ _ _ _ _ _ _ _ _ _ _ _ _ _ _ _ _ _ _ _ _ 
/tests/test_outputs.py:249: in check_family
    compare(measure(row["claims"]), row["report"], f"{name} {row['claims']['plan']}", grades)
/tests/test_outputs.py:243: in compare
    _same(row[key], ref[key], f"{where} {key}")
_ _ _ _ _ _ _ _ _ _ _ _ _ _ _ _ _ _ _ _ _ _ _ _ _ _ _ _ _ _ _ _ _ _ _ _ _ _ _ _ 

actual = 171, expected = 172
where = 'stays AM2-0028 members[0] (H3 DIA) covered'

    def _same(actual, expected, where):
>       assert type(actual) is type(expected) and actual == expected, f"{where}: {actual!r}, expected {expected!r}"
E       AssertionError: stays AM2-0028 members[0] (H3 DIA) covered: 171, expected 172
E       assert (<class 'int'> is <class 'int'> and 171 == 172)
E        +  where <class 'int'> = type(171)
E        +  and   <class 'int'> = type(172)

/tests/test_outputs.py:213: AssertionError
_________________________ test_rule_1_3_limits_reached _________________________

    def test_rule_1_3_limits_reached():
        """100 members in the measure for one class; 400 claim lines under 40 class codes, 60 stay days in 10 stays."""
        members = load("limits_members")[0]["claims"]["members"]
        assert len(members) == 100
        member = load("limits_fills")[0]["claims"]["members"][0]
        assert len(member["fills"]) == 400 and len({f["class"] for f in member["fills"]}) == 40 and len(member["stays"]) == 10
        check_family("limits_members")
>       check_family("limits_fills")

/tests/test_outputs.py:338: 
_ _ _ _ _ _ _ _ _ _ _ _ _ _ _ _ _ _ _ _ _ _ _ _ _ _ _ _ _ _ _ _ _ _ _ _ _ _ _ _ 
/tests/test_outputs.py:249: in check_family
    compare(measure(row["claims"]), row["report"], f"{name} {row['claims']['plan']}", grades)
/tests/test_outputs.py:243: in compare
    _same(row[key], ref[key], f"{where} {key}")
_ _ _ _ _ _ _ _ _ _ _ _ _ _ _ _ _ _ _ _ _ _ _ _ _ _ _ _ _ _ _ _ _ _ _ _ _ _ _ _ 

actual = 132, expected = 138
where = 'limits_fills AM2-0050 members[0] (W 1) covered'

    def _same(actual, expected, where):
>       assert type(actual) is type(expected) and actual == expected, f"{where}: {actual!r}, expected {expected!r}"
E       AssertionError: limits_fills AM2-0050 members[0] (W 1) covered: 132, expected 138
E       assert (<class 'int'> is <class 'int'> and 132 == 138)
E        +  where <class 'int'> = type(132)
E        +  and   <class 'int'> = type(138)

/tests/test_outputs.py:213: AssertionError
____________ test_fill_above_the_supply_limit_keeps_todays_coverage ____________

    def test_fill_above_the_supply_limit_keeps_todays_coverage():
        """The specification gives no length for a fill above the supply limit: today's coverage stands."""
>       check_family("over_limit")

/tests/test_outputs.py:354: 
_ _ _ _ _ _ _ _ _ _ _ _ _ _ _ _ _ _ _ _ _ _ _ _ _ _ _ _ _ _ _ _ _ _ _ _ _ _ _ _ 
/tests/test_outputs.py:249: in check_family
    compare(measure(row["claims"]), row["report"], f"{name} {row['claims']['plan']}", grades)
/tests/test_outputs.py:243: in compare
    _same(row[key], ref[key], f"{where} {key}")
_ _ _ _ _ _ _ _ _ _ _ _ _ _ _ _ _ _ _ _ _ _ _ _ _ _ _ _ _ _ _ _ _ _ _ _ _ _ _ _ 

actual = 100, expected = 130
where = 'over_limit AM2-0044 members[0] (V1 STA) covered'

    def _same(actual, expected, where):
>       assert type(actual) is type(expected) and actual == expected, f"{where}: {actual!r}, expected {expected!r}"
E       AssertionError: over_limit AM2-0044 members[0] (V1 STA) covered: 100, expected 130
E       assert (<class 'int'> is <class 'int'> and 100 == 130)
E        +  where <class 'int'> = type(100)
E        +  and   <class 'int'> = type(130)

/tests/test_outputs.py:213: AssertionError
_________________________ test_generated_claims_files __________________________

    def test_generated_claims_files():
        """Seeded files over the rest of the rule 1.3 domain, as sealed and under fresh labels."""
>       check_family("generated")

/tests/test_outputs.py:410: 
_ _ _ _ _ _ _ _ _ _ _ _ _ _ _ _ _ _ _ _ _ _ _ _ _ _ _ _ _ _ _ _ _ _ _ _ _ _ _ _ 
/tests/test_outputs.py:249: in check_family
    compare(measure(row["claims"]), row["report"], f"{name} {row['claims']['plan']}", grades)
/tests/test_outputs.py:243: in compare
    _same(row[key], ref[key], f"{where} {key}")
_ _ _ _ _ _ _ _ _ _ _ _ _ _ _ _ _ _ _ _ _ _ _ _ _ _ _ _ _ _ _ _ _ _ _ _ _ _ _ _ 

actual = 146, expected = 213
where = 'generated AM2-0047 members[0] (MA6J7ESN1 TE) covered'

    def _same(actual, expected, where):
>       assert type(actual) is type(expected) and actual == expected, f"{where}: {actual!r}, expected {expected!r}"
E       AssertionError: generated AM2-0047 members[0] (MA6J7ESN1 TE) covered: 146, expected 213
E       assert (<class 'int'> is <class 'int'> and 146 == 213)
E        +  where <class 'int'> = type(146)
E        +  and   <class 'int'> = type(213)

/tests/test_outputs.py:213: AssertionError
==================================== PASSES ====================================
=========================== short test summary info ============================
PASSED ../../tests/test_outputs.py::test_rule_2_1_line_with_no_days_supply_is_not_a_fill
PASSED ../../tests/test_outputs.py::test_rule_2_4_index_date_no_later_than_2_october
PASSED ../../tests/test_outputs.py::test_rule_2_5_treatment_period_runs_to_year_end
PASSED ../../tests/test_outputs.py::test_rule_1_2_percentages_round_half_up
PASSED ../../tests/test_outputs.py::test_rule_4_2_adherent_at_80_and_only_in_the_measure
PASSED ../../tests/test_outputs.py::test_rule_5_1_reportable_class_rate_over_its_rate_base
PASSED ../../tests/test_outputs.py::test_report_order_and_codes
PASSED ../../tests/test_outputs.py::test_member_outside_the_measure_keeps_todays_span
PASSED ../../tests/test_outputs.py::test_class_that_is_not_reportable_keeps_todays_divisor
PASSED ../../tests/test_outputs.py::test_figures_left_to_todays_code_together
PASSED ../../tests/test_outputs.py::test_candidate_cannot_read_verifier_state
PASSED ../../tests/test_outputs.py::test_submitted_driver_unchanged
FAILED ../../tests/test_outputs.py::test_rule_3_1_fill_starts_on_its_fill_date
FAILED ../../tests/test_outputs.py::test_rule_3_2_refill_of_same_drug_carries_over
FAILED ../../tests/test_outputs.py::test_rule_3_2_other_drugs_never_move_one_another
FAILED ../../tests/test_outputs.py::test_rule_2_3_index_date_is_the_earliest_fill_date
FAILED ../../tests/test_outputs.py::test_rule_2_4_fills_on_two_different_dates
FAILED ../../tests/test_outputs.py::test_rule_4_1_stay_days_leave_period_and_covered_days
FAILED ../../tests/test_outputs.py::test_rule_1_3_limits_reached - AssertionE...
FAILED ../../tests/test_outputs.py::test_fill_above_the_supply_limit_keeps_todays_coverage
FAILED ../../tests/test_outputs.py::test_generated_claims_files - AssertionEr...
========================= 9 failed, 12 passed in 2.00s =========================
