============================= test session starts ==============================
platform linux -- Python 3.13.12, pytest-9.1.1, pluggy-1.6.0
rootdir: /tests
plugins: json-ctrf-0.5.2
collected 21 items

../../tests/test_outputs.py FFFFFFFFFFFFFF.FFFF..                        [100%]

=================================== FAILURES ===================================
__________________ test_rule_3_1_fill_starts_on_its_fill_date __________________

    def test_rule_3_1_fill_starts_on_its_fill_date():
        """A fill covers its days supply from its fill date, on 1 January, 29 February and 31 December too."""
>       check_family("start_day")

/tests/test_outputs.py:268: 
_ _ _ _ _ _ _ _ _ _ _ _ _ _ _ _ _ _ _ _ _ _ _ _ _ _ _ _ _ _ _ _ _ _ _ _ _ _ _ _ 
/tests/test_outputs.py:249: in check_family
    compare(measure(row["claims"]), row["report"], f"{name} {row['claims']['plan']}", grades)
/tests/test_outputs.py:243: in compare
    _same(row[key], ref[key], f"{where} {key}")
_ _ _ _ _ _ _ _ _ _ _ _ _ _ _ _ _ _ _ _ _ _ _ _ _ _ _ _ _ _ _ _ _ _ _ _ _ _ _ _ 

actual = 103, expected = 365
where = 'start_day AM2-0001 members[0] (A1 STA) period'

    def _same(actual, expected, where):
>       assert type(actual) is type(expected) and actual == expected, f"{where}: {actual!r}, expected {expected!r}"
E       AssertionError: start_day AM2-0001 members[0] (A1 STA) period: 103, expected 365
E       assert (<class 'int'> is <class 'int'> and 103 == 365)
E        +  where <class 'int'> = type(103)
E        +  and   <class 'int'> = type(365)

/tests/test_outputs.py:213: AssertionError
________________ test_rule_3_2_refill_of_same_drug_carries_over ________________

    def test_rule_3_2_refill_of_same_drug_carries_over():
        """A fill whose date an earlier fill of its drug covers starts the day after that coverage, in file order on one day."""
>       check_family("carry_over")

/tests/test_outputs.py:273: 
_ _ _ _ _ _ _ _ _ _ _ _ _ _ _ _ _ _ _ _ _ _ _ _ _ _ _ _ _ _ _ _ _ _ _ _ _ _ _ _ 
/tests/test_outputs.py:249: in check_family
    compare(measure(row["claims"]), row["report"], f"{name} {row['claims']['plan']}", grades)
/tests/test_outputs.py:243: in compare
    _same(row[key], ref[key], f"{where} {key}")
_ _ _ _ _ _ _ _ _ _ _ _ _ _ _ _ _ _ _ _ _ _ _ _ _ _ _ _ _ _ _ _ _ _ _ _ _ _ _ _ 

actual = 338, expected = 356
where = 'carry_over AM2-0005 members[0] (C1 STA) period'

    def _same(actual, expected, where):
>       assert type(actual) is type(expected) and actual == expected, f"{where}: {actual!r}, expected {expected!r}"
E       AssertionError: carry_over AM2-0005 members[0] (C1 STA) period: 338, expected 356
E       assert (<class 'int'> is <class 'int'> and 338 == 356)
E        +  where <class 'int'> = type(338)
E        +  and   <class 'int'> = type(356)

/tests/test_outputs.py:213: AssertionError
_______________ test_rule_3_2_other_drugs_never_move_one_another _______________

    def test_rule_3_2_other_drugs_never_move_one_another():
        """Overlapping fills of different drugs in one class are not moved, and a day is covered once."""
>       check_family("other_drugs")

/tests/test_outputs.py:278: 
_ _ _ _ _ _ _ _ _ _ _ _ _ _ _ _ _ _ _ _ _ _ _ _ _ _ _ _ _ _ _ _ _ _ _ _ _ _ _ _ 
/tests/test_outputs.py:249: in check_family
    compare(measure(row["claims"]), row["report"], f"{name} {row['claims']['plan']}", grades)
/tests/test_outputs.py:243: in compare
    _same(row[key], ref[key], f"{where} {key}")
_ _ _ _ _ _ _ _ _ _ _ _ _ _ _ _ _ _ _ _ _ _ _ _ _ _ _ _ _ _ _ _ _ _ _ _ _ _ _ _ 

actual = 76, expected = 362
where = 'other_drugs AM2-0009 members[0] (D1 STA) period'

    def _same(actual, expected, where):
>       assert type(actual) is type(expected) and actual == expected, f"{where}: {actual!r}, expected {expected!r}"
E       AssertionError: other_drugs AM2-0009 members[0] (D1 STA) period: 76, expected 362
E       assert (<class 'int'> is <class 'int'> and 76 == 362)
E        +  where <class 'int'> = type(76)
E        +  and   <class 'int'> = type(362)

/tests/test_outputs.py:213: AssertionError
______________ test_rule_2_3_index_date_is_the_earliest_fill_date ______________

    def test_rule_2_3_index_date_is_the_earliest_fill_date():
        """The index date is the earliest fill date, not the first line exported."""
>       check_family("index_order")

/tests/test_outputs.py:283: 
_ _ _ _ _ _ _ _ _ _ _ _ _ _ _ _ _ _ _ _ _ _ _ _ _ _ _ _ _ _ _ _ _ _ _ _ _ _ _ _ 
/tests/test_outputs.py:249: in check_family
    compare(measure(row["claims"]), row["report"], f"{name} {row['claims']['plan']}", grades)
/tests/test_outputs.py:243: in compare
    _same(row[key], ref[key], f"{where} {key}")
_ _ _ _ _ _ _ _ _ _ _ _ _ _ _ _ _ _ _ _ _ _ _ _ _ _ _ _ _ _ _ _ _ _ _ _ _ _ _ _ 

actual = 229, expected = 321
where = 'index_order AM2-0012 members[0] (I1 STA) period'

    def _same(actual, expected, where):
>       assert type(actual) is type(expected) and actual == expected, f"{where}: {actual!r}, expected {expected!r}"
E       AssertionError: index_order AM2-0012 members[0] (I1 STA) period: 229, expected 321
E       assert (<class 'int'> is <class 'int'> and 229 == 321)
E        +  where <class 'int'> = type(229)
E        +  and   <class 'int'> = type(321)

/tests/test_outputs.py:213: AssertionError
_____________ test_rule_2_1_line_with_no_days_supply_is_not_a_fill _____________

    def test_rule_2_1_line_with_no_days_supply_is_not_a_fill():
        """A claim line with no days supply sets no index date, adds no fill date and lists no class."""
>       check_family("adjustment_lines")

/tests/test_outputs.py:288: 
_ _ _ _ _ _ _ _ _ _ _ _ _ _ _ _ _ _ _ _ _ _ _ _ _ _ _ _ _ _ _ _ _ _ _ _ _ _ _ _ 
/tests/test_outputs.py:249: in check_family
    compare(measure(row["claims"]), row["report"], f"{name} {row['claims']['plan']}", grades)
/tests/test_outputs.py:243: in compare
    _same(row[key], ref[key], f"{where} {key}")
_ _ _ _ _ _ _ _ _ _ _ _ _ _ _ _ _ _ _ _ _ _ _ _ _ _ _ _ _ _ _ _ _ _ _ _ _ _ _ _ 

actual = 60, expected = 326
where = 'adjustment_lines AM2-0014 members[0] (N1 STA) period'

    def _same(actual, expected, where):
>       assert type(actual) is type(expected) and actual == expected, f"{where}: {actual!r}, expected {expected!r}"
E       AssertionError: adjustment_lines AM2-0014 members[0] (N1 STA) period: 60, expected 326
E       assert (<class 'int'> is <class 'int'> and 60 == 326)
E        +  where <class 'int'> = type(60)
E        +  and   <class 'int'> = type(326)

/tests/test_outputs.py:213: AssertionError
__________________ test_rule_2_4_fills_on_two_different_dates __________________

    def test_rule_2_4_fills_on_two_different_dates():
        """Several fills on one day are one fill date: two different dates are needed to be in the measure."""
>       check_family("measure_dates")

/tests/test_outputs.py:293: 
_ _ _ _ _ _ _ _ _ _ _ _ _ _ _ _ _ _ _ _ _ _ _ _ _ _ _ _ _ _ _ _ _ _ _ _ _ _ _ _ 
/tests/test_outputs.py:249: in check_family
    compare(measure(row["claims"]), row["report"], f"{name} {row['claims']['plan']}", grades)
/tests/test_outputs.py:243: in compare
    _same(row[key], ref[key], f"{where} {key}")
_ _ _ _ _ _ _ _ _ _ _ _ _ _ _ _ _ _ _ _ _ _ _ _ _ _ _ _ _ _ _ _ _ _ _ _ _ _ _ _ 

actual = 60, expected = 335
where = 'measure_dates AM2-0017 members[1] (E2 STA) period'

    def _same(actual, expected, where):
>       assert type(actual) is type(expected) and actual == expected, f"{where}: {actual!r}, expected {expected!r}"
E       AssertionError: measure_dates AM2-0017 members[1] (E2 STA) period: 60, expected 335
E       assert (<class 'int'> is <class 'int'> and 60 == 335)
E        +  where <class 'int'> = type(60)
E        +  and   <class 'int'> = type(335)

/tests/test_outputs.py:213: AssertionError
_______________ test_rule_2_4_index_date_no_later_than_2_october _______________

    def test_rule_2_4_index_date_no_later_than_2_october():
        """An index date of 2 October is in the measure and 3 October is not, in leap and common years."""
>       check_family("index_cutoff")

/tests/test_outputs.py:298: 
_ _ _ _ _ _ _ _ _ _ _ _ _ _ _ _ _ _ _ _ _ _ _ _ _ _ _ _ _ _ _ _ _ _ _ _ _ _ _ _ 
/tests/test_outputs.py:249: in check_family
    compare(measure(row["claims"]), row["report"], f"{name} {row['claims']['plan']}", grades)
/tests/test_outputs.py:243: in compare
    _same(row[key], ref[key], f"{where} {key}")
_ _ _ _ _ _ _ _ _ _ _ _ _ _ _ _ _ _ _ _ _ _ _ _ _ _ _ _ _ _ _ _ _ _ _ _ _ _ _ _ 

actual = 60, expected = 91
where = 'index_cutoff AM2-0019 members[0] (F1 STA) period'

    def _same(actual, expected, where):
>       assert type(actual) is type(expected) and actual == expected, f"{where}: {actual!r}, expected {expected!r}"
E       AssertionError: index_cutoff AM2-0019 members[0] (F1 STA) period: 60, expected 91
E       assert (<class 'int'> is <class 'int'> and 60 == 91)
E        +  where <class 'int'> = type(60)
E        +  and   <class 'int'> = type(91)

/tests/test_outputs.py:213: AssertionError
_______________ test_rule_2_5_treatment_period_runs_to_year_end ________________

    def test_rule_2_5_treatment_period_runs_to_year_end():
        """The treatment period of a member in the measure runs to 31 December, however early the fills stop."""
>       check_family("year_end_period")

/tests/test_outputs.py:303: 
_ _ _ _ _ _ _ _ _ _ _ _ _ _ _ _ _ _ _ _ _ _ _ _ _ _ _ _ _ _ _ _ _ _ _ _ _ _ _ _ 
/tests/test_outputs.py:249: in check_family
    compare(measure(row["claims"]), row["report"], f"{name} {row['claims']['plan']}", grades)
/tests/test_outputs.py:243: in compare
    _same(row[key], ref[key], f"{where} {key}")
_ _ _ _ _ _ _ _ _ _ _ _ _ _ _ _ _ _ _ _ _ _ _ _ _ _ _ _ _ _ _ _ _ _ _ _ _ _ _ _ 

actual = 60, expected = 359
where = 'year_end_period AM2-0022 members[0] (G1 STA) period'

    def _same(actual, expected, where):
>       assert type(actual) is type(expected) and actual == expected, f"{where}: {actual!r}, expected {expected!r}"
E       AssertionError: year_end_period AM2-0022 members[0] (G1 STA) period: 60, expected 359
E       assert (<class 'int'> is <class 'int'> and 60 == 359)
E        +  where <class 'int'> = type(60)
E        +  and   <class 'int'> = type(359)

/tests/test_outputs.py:213: AssertionError
____________ test_rule_4_1_stay_days_leave_period_and_covered_days _____________

    def test_rule_4_1_stay_days_leave_period_and_covered_days():
        """Stay days inside the treatment period leave both the period days and the covered days."""
>       check_family("stays")

/tests/test_outputs.py:308: 
_ _ _ _ _ _ _ _ _ _ _ _ _ _ _ _ _ _ _ _ _ _ _ _ _ _ _ _ _ _ _ _ _ _ _ _ _ _ _ _ 
/tests/test_outputs.py:249: in check_family
    compare(measure(row["claims"]), row["report"], f"{name} {row['claims']['plan']}", grades)
/tests/test_outputs.py:243: in compare
    _same(row[key], ref[key], f"{where} {key}")
_ _ _ _ _ _ _ _ _ _ _ _ _ _ _ _ _ _ _ _ _ _ _ _ _ _ _ _ _ _ _ _ _ _ _ _ _ _ _ _ 

actual = 350, expected = 355
where = 'stays AM2-0024 members[0] (H1 STA) period'

    def _same(actual, expected, where):
>       assert type(actual) is type(expected) and actual == expected, f"{where}: {actual!r}, expected {expected!r}"
E       AssertionError: stays AM2-0024 members[0] (H1 STA) period: 350, expected 355
E       assert (<class 'int'> is <class 'int'> and 350 == 355)
E        +  where <class 'int'> = type(350)
E        +  and   <class 'int'> = type(355)

/tests/test_outputs.py:213: AssertionError
___________________ test_rule_1_2_percentages_round_half_up ____________________

    def test_rule_1_2_percentages_round_half_up():
        """Every PDC to the nearest tenth, an exact half going up."""
>       check_family("rounding")

/tests/test_outputs.py:313: 
_ _ _ _ _ _ _ _ _ _ _ _ _ _ _ _ _ _ _ _ _ _ _ _ _ _ _ _ _ _ _ _ _ _ _ _ _ _ _ _ 
/tests/test_outputs.py:249: in check_family
    compare(measure(row["claims"]), row["report"], f"{name} {row['claims']['plan']}", grades)
/tests/test_outputs.py:243: in compare
    _same(row[key], ref[key], f"{where} {key}")
_ _ _ _ _ _ _ _ _ _ _ _ _ _ _ _ _ _ _ _ _ _ _ _ _ _ _ _ _ _ _ _ _ _ _ _ _ _ _ _ 

actual = 63, expected = 89
where = 'rounding AM2-0029 members[0] (K1 STA) period'

    def _same(actual, expected, where):
>       assert type(actual) is type(expected) and actual == expected, f"{where}: {actual!r}, expected {expected!r}"
E       AssertionError: rounding AM2-0029 members[0] (K1 STA) period: 63, expected 89
E       assert (<class 'int'> is <class 'int'> and 63 == 89)
E        +  where <class 'int'> = type(63)
E        +  and   <class 'int'> = type(89)

/tests/test_outputs.py:213: AssertionError
_____________ test_rule_4_2_adherent_at_80_and_only_in_the_measure _____________

    def test_rule_4_2_adherent_at_80_and_only_in_the_measure():
        """A PDC of exactly 80.0 is adherent; a member outside the measure never is."""
>       check_family("adherence")

/tests/test_outputs.py:318: 
_ _ _ _ _ _ _ _ _ _ _ _ _ _ _ _ _ _ _ _ _ _ _ _ _ _ _ _ _ _ _ _ _ _ _ _ _ _ _ _ 
/tests/test_outputs.py:249: in check_family
    compare(measure(row["claims"]), row["report"], f"{name} {row['claims']['plan']}", grades)
/tests/test_outputs.py:243: in compare
    _same(row[key], ref[key], f"{where} {key}")
_ _ _ _ _ _ _ _ _ _ _ _ _ _ _ _ _ _ _ _ _ _ _ _ _ _ _ _ _ _ _ _ _ _ _ _ _ _ _ _ 

actual = 144, expected = 180
where = 'adherence AM2-0033 members[0] (J1 STA) period'

    def _same(actual, expected, where):
>       assert type(actual) is type(expected) and actual == expected, f"{where}: {actual!r}, expected {expected!r}"
E       AssertionError: adherence AM2-0033 members[0] (J1 STA) period: 144, expected 180
E       assert (<class 'int'> is <class 'int'> and 144 == 180)
E        +  where <class 'int'> = type(144)
E        +  and   <class 'int'> = type(180)

/tests/test_outputs.py:213: AssertionError
____________ test_rule_5_1_reportable_class_rate_over_its_rate_base ____________

    def test_rule_5_1_reportable_class_rate_over_its_rate_base():
        """A class with ten or more members in the measure divides by them, and its rate rounds half up."""
>       check_family("reportable_rate")

/tests/test_outputs.py:323: 
_ _ _ _ _ _ _ _ _ _ _ _ _ _ _ _ _ _ _ _ _ _ _ _ _ _ _ _ _ _ _ _ _ _ _ _ _ _ _ _ 
/tests/test_outputs.py:249: in check_family
    compare(measure(row["claims"]), row["report"], f"{name} {row['claims']['plan']}", grades)
/tests/test_outputs.py:243: in compare
    _same(row[key], ref[key], f"{where} {key}")
_ _ _ _ _ _ _ _ _ _ _ _ _ _ _ _ _ _ _ _ _ _ _ _ _ _ _ _ _ _ _ _ _ _ _ _ _ _ _ _ 

actual = 150, expected = 314
where = 'reportable_rate AM2-0035 members[0] (R04 STA) period'

    def _same(actual, expected, where):
>       assert type(actual) is type(expected) and actual == expected, f"{where}: {actual!r}, expected {expected!r}"
E       AssertionError: reportable_rate AM2-0035 members[0] (R04 STA) period: 150, expected 314
E       assert (<class 'int'> is <class 'int'> and 150 == 314)
E        +  where <class 'int'> = type(150)
E        +  and   <class 'int'> = type(314)

/tests/test_outputs.py:213: AssertionError
_________________________ test_report_order_and_codes __________________________

    def test_report_order_and_codes():
        """Members in file order, one member's classes and the class list in ascending character order."""
>       check_family("report_order")

/tests/test_outputs.py:328: 
_ _ _ _ _ _ _ _ _ _ _ _ _ _ _ _ _ _ _ _ _ _ _ _ _ _ _ _ _ _ _ _ _ _ _ _ _ _ _ _ 
/tests/test_outputs.py:249: in check_family
    compare(measure(row["claims"]), row["report"], f"{name} {row['claims']['plan']}", grades)
/tests/test_outputs.py:243: in compare
    _same(row[key], ref[key], f"{where} {key}")
_ _ _ _ _ _ _ _ _ _ _ _ _ _ _ _ _ _ _ _ _ _ _ _ _ _ _ _ _ _ _ _ _ _ _ _ _ _ _ _ 

actual = 89, expected = 365
where = 'report_order AM2-0037 members[0] (ZZ 0A) period'

    def _same(actual, expected, where):
>       assert type(actual) is type(expected) and actual == expected, f"{where}: {actual!r}, expected {expected!r}"
E       AssertionError: report_order AM2-0037 members[0] (ZZ 0A) period: 89, expected 365
E       assert (<class 'int'> is <class 'int'> and 89 == 365)
E        +  where <class 'int'> = type(89)
E        +  and   <class 'int'> = type(365)

/tests/test_outputs.py:213: AssertionError
_________________________ test_rule_1_3_limits_reached _________________________

    def test_rule_1_3_limits_reached():
        """100 members in the measure for one class; 400 claim lines under 40 class codes, 60 stay days in 10 stays."""
        members = load("limits_members")[0]["claims"]["members"]
        assert len(members) == 100
        member = load("limits_fills")[0]["claims"]["members"][0]
        assert len(member["fills"]) == 400 and len({f["class"] for f in member["fills"]}) == 40 and len(member["stays"]) == 10
>       check_family("limits_members")

/tests/test_outputs.py:337: 
_ _ _ _ _ _ _ _ _ _ _ _ _ _ _ _ _ _ _ _ _ _ _ _ _ _ _ _ _ _ _ _ _ _ _ _ _ _ _ _ 
/tests/test_outputs.py:249: in check_family
    compare(measure(row["claims"]), row["report"], f"{name} {row['claims']['plan']}", grades)
/tests/test_outputs.py:243: in compare
    _same(row[key], ref[key], f"{where} {key}")
_ _ _ _ _ _ _ _ _ _ _ _ _ _ _ _ _ _ _ _ _ _ _ _ _ _ _ _ _ _ _ _ _ _ _ _ _ _ _ _ 

actual = 90, expected = 236
where = 'limits_members AM2-0049 members[1] (Z-9 K) period'

    def _same(actual, expected, where):
>       assert type(actual) is type(expected) and actual == expected, f"{where}: {actual!r}, expected {expected!r}"
E       AssertionError: limits_members AM2-0049 members[1] (Z-9 K) period: 90, expected 236
E       assert (<class 'int'> is <class 'int'> and 90 == 236)
E        +  where <class 'int'> = type(90)
E        +  and   <class 'int'> = type(236)

/tests/test_outputs.py:213: AssertionError
____________ test_class_that_is_not_reportable_keeps_todays_divisor ____________

    def test_class_that_is_not_reportable_keeps_todays_divisor():
        """The specification gives no rate base for a class with fewer than ten members in the measure."""
>       check_family("small_class")

/tests/test_outputs.py:349: 
_ _ _ _ _ _ _ _ _ _ _ _ _ _ _ _ _ _ _ _ _ _ _ _ _ _ _ _ _ _ _ _ _ _ _ _ _ _ _ _ 
/tests/test_outputs.py:249: in check_family
    compare(measure(row["claims"]), row["report"], f"{name} {row['claims']['plan']}", grades)
/tests/test_outputs.py:243: in compare
    _same(row[key], ref[key], f"{where} {key}")
_ _ _ _ _ _ _ _ _ _ _ _ _ _ _ _ _ _ _ _ _ _ _ _ _ _ _ _ _ _ _ _ _ _ _ _ _ _ _ _ 

actual = 120, expected = 365
where = 'small_class AM2-0041 members[1] (S08 STA) period'

    def _same(actual, expected, where):
>       assert type(actual) is type(expected) and actual == expected, f"{where}: {actual!r}, expected {expected!r}"
E       AssertionError: small_class AM2-0041 members[1] (S08 STA) period: 120, expected 365
E       assert (<class 'int'> is <class 'int'> and 120 == 365)
E        +  where <class 'int'> = type(120)
E        +  and   <class 'int'> = type(365)

/tests/test_outputs.py:213: AssertionError
____________ test_fill_above_the_supply_limit_keeps_todays_coverage ____________

    def test_fill_above_the_supply_limit_keeps_todays_coverage():
        """The specification gives no length for a fill above the supply limit: today's coverage stands."""
>       check_family("over_limit")

/tests/test_outputs.py:354: 
_ _ _ _ _ _ _ _ _ _ _ _ _ _ _ _ _ _ _ _ _ _ _ _ _ _ _ _ _ _ _ _ _ _ _ _ _ _ _ _ 
/tests/test_outputs.py:249: in check_family
    compare(measure(row["claims"]), row["report"], f"{name} {row['claims']['plan']}", grades)
/tests/test_outputs.py:243: in compare
    _same(row[key], ref[key], f"{where} {key}")
_ _ _ _ _ _ _ _ _ _ _ _ _ _ _ _ _ _ _ _ _ _ _ _ _ _ _ _ _ _ _ _ _ _ _ _ _ _ _ _ 

actual = 130, expected = 366
where = 'over_limit AM2-0044 members[0] (V1 STA) period'

    def _same(actual, expected, where):
>       assert type(actual) is type(expected) and actual == expected, f"{where}: {actual!r}, expected {expected!r}"
E       AssertionError: over_limit AM2-0044 members[0] (V1 STA) period: 130, expected 366
E       assert (<class 'int'> is <class 'int'> and 130 == 366)
E        +  where <class 'int'> = type(130)
E        +  and   <class 'int'> = type(366)

/tests/test_outputs.py:213: AssertionError
__________________ test_figures_left_to_todays_code_together ___________________

    def test_figures_left_to_todays_code_together():
        """Members outside the measure with fills above the limit, in a class that is not reportable."""
>       check_family("traps_combined")

/tests/test_outputs.py:360: 
_ _ _ _ _ _ _ _ _ _ _ _ _ _ _ _ _ _ _ _ _ _ _ _ _ _ _ _ _ _ _ _ _ _ _ _ _ _ _ _ 
/tests/test_outputs.py:249: in check_family
    compare(measure(row["claims"]), row["report"], f"{name} {row['claims']['plan']}", grades)
/tests/test_outputs.py:243: in compare
    _same(row[key], ref[key], f"{where} {key}")
_ _ _ _ _ _ _ _ _ _ _ _ _ _ _ _ _ _ _ _ _ _ _ _ _ _ _ _ _ _ _ _ _ _ _ _ _ _ _ _ 

actual = 330, expected = 352
where = 'traps_combined AM2-0046 members[2] (X3 STA) period'

    def _same(actual, expected, where):
>       assert type(actual) is type(expected) and actual == expected, f"{where}: {actual!r}, expected {expected!r}"
E       AssertionError: traps_combined AM2-0046 members[2] (X3 STA) period: 330, expected 352
E       assert (<class 'int'> is <class 'int'> and 330 == 352)
E        +  where <class 'int'> = type(330)
E        +  and   <class 'int'> = type(352)

/tests/test_outputs.py:213: AssertionError
_________________________ test_generated_claims_files __________________________

    def test_generated_claims_files():
        """Seeded files over the rest of the rule 1.3 domain, as sealed and under fresh labels."""
>       check_family("generated")

/tests/test_outputs.py:410: 
_ _ _ _ _ _ _ _ _ _ _ _ _ _ _ _ _ _ _ _ _ _ _ _ _ _ _ _ _ _ _ _ _ _ _ _ _ _ _ _ 
/tests/test_outputs.py:249: in check_family
    compare(measure(row["claims"]), row["report"], f"{name} {row['claims']['plan']}", grades)
/tests/test_outputs.py:243: in compare
    _same(row[key], ref[key], f"{where} {key}")
_ _ _ _ _ _ _ _ _ _ _ _ _ _ _ _ _ _ _ _ _ _ _ _ _ _ _ _ _ _ _ _ _ _ _ _ _ _ _ _ 

actual = 213, expected = 356
where = 'generated AM2-0047 members[0] (MA6J7ESN1 TE) period'

    def _same(actual, expected, where):
>       assert type(actual) is type(expected) and actual == expected, f"{where}: {actual!r}, expected {expected!r}"
E       AssertionError: generated AM2-0047 members[0] (MA6J7ESN1 TE) period: 213, expected 356
E       assert (<class 'int'> is <class 'int'> and 213 == 356)
E        +  where <class 'int'> = type(213)
E        +  and   <class 'int'> = type(356)

/tests/test_outputs.py:213: AssertionError
==================================== PASSES ====================================
=========================== short test summary info ============================
PASSED ../../tests/test_outputs.py::test_member_outside_the_measure_keeps_todays_span
PASSED ../../tests/test_outputs.py::test_candidate_cannot_read_verifier_state
PASSED ../../tests/test_outputs.py::test_submitted_driver_unchanged
FAILED ../../tests/test_outputs.py::test_rule_3_1_fill_starts_on_its_fill_date
FAILED ../../tests/test_outputs.py::test_rule_3_2_refill_of_same_drug_carries_over
FAILED ../../tests/test_outputs.py::test_rule_3_2_other_drugs_never_move_one_another
FAILED ../../tests/test_outputs.py::test_rule_2_3_index_date_is_the_earliest_fill_date
FAILED ../../tests/test_outputs.py::test_rule_2_1_line_with_no_days_supply_is_not_a_fill
FAILED ../../tests/test_outputs.py::test_rule_2_4_fills_on_two_different_dates
FAILED ../../tests/test_outputs.py::test_rule_2_4_index_date_no_later_than_2_october
FAILED ../../tests/test_outputs.py::test_rule_2_5_treatment_period_runs_to_year_end
FAILED ../../tests/test_outputs.py::test_rule_4_1_stay_days_leave_period_and_covered_days
FAILED ../../tests/test_outputs.py::test_rule_1_2_percentages_round_half_up
FAILED ../../tests/test_outputs.py::test_rule_4_2_adherent_at_80_and_only_in_the_measure
FAILED ../../tests/test_outputs.py::test_rule_5_1_reportable_class_rate_over_its_rate_base
FAILED ../../tests/test_outputs.py::test_report_order_and_codes - AssertionEr...
FAILED ../../tests/test_outputs.py::test_rule_1_3_limits_reached - AssertionE...
FAILED ../../tests/test_outputs.py::test_class_that_is_not_reportable_keeps_todays_divisor
FAILED ../../tests/test_outputs.py::test_fill_above_the_supply_limit_keeps_todays_coverage
FAILED ../../tests/test_outputs.py::test_figures_left_to_todays_code_together
FAILED ../../tests/test_outputs.py::test_generated_claims_files - AssertionEr...
========================= 18 failed, 3 passed in 1.51s =========================
