============================= test session starts ==============================
platform linux -- Python 3.13.12, pytest-9.1.1, pluggy-1.6.0
rootdir: /tests
plugins: json-ctrf-0.5.2
collected 21 items

../../tests/test_outputs.py FFFFF.FFFF.FFF.FFFF..                        [100%]

=================================== FAILURES ===================================
__________________ test_rule_3_1_fill_starts_on_its_fill_date __________________

    def test_rule_3_1_fill_starts_on_its_fill_date():
        """A fill covers its days supply from its fill date, on 1 January, 29 February and 31 December too."""
>       check_family("start_day")

/tests/test_outputs.py:268: 
_ _ _ _ _ _ _ _ _ _ _ _ _ _ _ _ _ _ _ _ _ _ _ _ _ _ _ _ _ _ _ _ _ _ _ _ _ _ _ _ 
/tests/test_outputs.py:249: in check_family
    compare(measure(row["claims"]), row["report"], f"{name} {row['claims']['plan']}", grades)
/tests/test_outputs.py:241: in compare
    _percentage(row[key], ref[key], f"{where} {key}")
_ _ _ _ _ _ _ _ _ _ _ _ _ _ _ _ _ _ _ _ _ _ _ _ _ _ _ _ _ _ _ _ _ _ _ _ _ _ _ _ 

actual = 0.9, expected = 1.0
where = 'start_day AM2-0002 members[0] (A1 RAS) pdc'

    def _percentage(actual, expected, where):
        """A PDC or rate: the reported tenth, as a JSON number."""
        assert isinstance(actual, (int, float)) and not isinstance(actual, bool), f"{where}: {actual!r} is not a number"
>       assert actual == expected, f"{where}: {actual!r}, expected {expected!r}"
E       AssertionError: start_day AM2-0002 members[0] (A1 RAS) pdc: 0.9, expected 1.0
E       assert 0.9 == 1.0

/tests/test_outputs.py:219: AssertionError
________________ test_rule_3_2_refill_of_same_drug_carries_over ________________

    def test_rule_3_2_refill_of_same_drug_carries_over():
        """A fill whose date an earlier fill of its drug covers starts the day after that coverage, in file order on one day."""
>       check_family("carry_over")

/tests/test_outputs.py:273: 
_ _ _ _ _ _ _ _ _ _ _ _ _ _ _ _ _ _ _ _ _ _ _ _ _ _ _ _ _ _ _ _ _ _ _ _ _ _ _ _ 
/tests/test_outputs.py:249: in check_family
    compare(measure(row["claims"]), row["report"], f"{name} {row['claims']['plan']}", grades)
/tests/test_outputs.py:241: in compare
    _percentage(row[key], ref[key], f"{where} {key}")
_ _ _ _ _ _ _ _ _ _ _ _ _ _ _ _ _ _ _ _ _ _ _ _ _ _ _ _ _ _ _ _ _ _ _ _ _ _ _ _ 

actual = 92.6, expected = 92.7
where = 'carry_over AM2-0005 members[0] (C1 STA) pdc'

    def _percentage(actual, expected, where):
        """A PDC or rate: the reported tenth, as a JSON number."""
        assert isinstance(actual, (int, float)) and not isinstance(actual, bool), f"{where}: {actual!r} is not a number"
>       assert actual == expected, f"{where}: {actual!r}, expected {expected!r}"
E       AssertionError: carry_over AM2-0005 members[0] (C1 STA) pdc: 92.6, expected 92.7
E       assert 92.6 == 92.7

/tests/test_outputs.py:219: AssertionError
_______________ test_rule_3_2_other_drugs_never_move_one_another _______________

    def test_rule_3_2_other_drugs_never_move_one_another():
        """Overlapping fills of different drugs in one class are not moved, and a day is covered once."""
>       check_family("other_drugs")

/tests/test_outputs.py:278: 
_ _ _ _ _ _ _ _ _ _ _ _ _ _ _ _ _ _ _ _ _ _ _ _ _ _ _ _ _ _ _ _ _ _ _ _ _ _ _ _ 
/tests/test_outputs.py:249: in check_family
    compare(measure(row["claims"]), row["report"], f"{name} {row['claims']['plan']}", grades)
/tests/test_outputs.py:241: in compare
    _percentage(row[key], ref[key], f"{where} {key}")
_ _ _ _ _ _ _ _ _ _ _ _ _ _ _ _ _ _ _ _ _ _ _ _ _ _ _ _ _ _ _ _ _ _ _ _ _ _ _ _ 

actual = 20.9, expected = 21.0
where = 'other_drugs AM2-0009 members[0] (D1 STA) pdc'

    def _percentage(actual, expected, where):
        """A PDC or rate: the reported tenth, as a JSON number."""
        assert isinstance(actual, (int, float)) and not isinstance(actual, bool), f"{where}: {actual!r} is not a number"
>       assert actual == expected, f"{where}: {actual!r}, expected {expected!r}"
E       AssertionError: other_drugs AM2-0009 members[0] (D1 STA) pdc: 20.9, expected 21.0
E       assert 20.9 == 21.0

/tests/test_outputs.py:219: AssertionError
______________ test_rule_2_3_index_date_is_the_earliest_fill_date ______________

    def test_rule_2_3_index_date_is_the_earliest_fill_date():
        """The index date is the earliest fill date, not the first line exported."""
>       check_family("index_order")

/tests/test_outputs.py:283: 
_ _ _ _ _ _ _ _ _ _ _ _ _ _ _ _ _ _ _ _ _ _ _ _ _ _ _ _ _ _ _ _ _ _ _ _ _ _ _ _ 
/tests/test_outputs.py:249: in check_family
    compare(measure(row["claims"]), row["report"], f"{name} {row['claims']['plan']}", grades)
/tests/test_outputs.py:241: in compare
    _percentage(row[key], ref[key], f"{where} {key}")
_ _ _ _ _ _ _ _ _ _ _ _ _ _ _ _ _ _ _ _ _ _ _ _ _ _ _ _ _ _ _ _ _ _ _ _ _ _ _ _ 

actual = 60.9, expected = 61.0
where = 'index_order AM2-0013 members[1] (I3 DIA) pdc'

    def _percentage(actual, expected, where):
        """A PDC or rate: the reported tenth, as a JSON number."""
        assert isinstance(actual, (int, float)) and not isinstance(actual, bool), f"{where}: {actual!r} is not a number"
>       assert actual == expected, f"{where}: {actual!r}, expected {expected!r}"
E       AssertionError: index_order AM2-0013 members[1] (I3 DIA) pdc: 60.9, expected 61.0
E       assert 60.9 == 61.0

/tests/test_outputs.py:219: AssertionError
_____________ test_rule_2_1_line_with_no_days_supply_is_not_a_fill _____________

    def test_rule_2_1_line_with_no_days_supply_is_not_a_fill():
        """A claim line with no days supply sets no index date, adds no fill date and lists no class."""
>       check_family("adjustment_lines")

/tests/test_outputs.py:288: 
_ _ _ _ _ _ _ _ _ _ _ _ _ _ _ _ _ _ _ _ _ _ _ _ _ _ _ _ _ _ _ _ _ _ _ _ _ _ _ _ 
/tests/test_outputs.py:249: in check_family
    compare(measure(row["claims"]), row["report"], f"{name} {row['claims']['plan']}", grades)
/tests/test_outputs.py:241: in compare
    _percentage(row[key], ref[key], f"{where} {key}")
_ _ _ _ _ _ _ _ _ _ _ _ _ _ _ _ _ _ _ _ _ _ _ _ _ _ _ _ _ _ _ _ _ _ _ _ _ _ _ _ 

actual = 16.8, expected = 16.9
where = 'adjustment_lines AM2-0016 members[1] (N4 RAS) pdc'

    def _percentage(actual, expected, where):
        """A PDC or rate: the reported tenth, as a JSON number."""
        assert isinstance(actual, (int, float)) and not isinstance(actual, bool), f"{where}: {actual!r} is not a number"
>       assert actual == expected, f"{where}: {actual!r}, expected {expected!r}"
E       AssertionError: adjustment_lines AM2-0016 members[1] (N4 RAS) pdc: 16.8, expected 16.9
E       assert 16.8 == 16.9

/tests/test_outputs.py:219: AssertionError
_______________ test_rule_2_4_index_date_no_later_than_2_october _______________

    def test_rule_2_4_index_date_no_later_than_2_october():
        """An index date of 2 October is in the measure and 3 October is not, in leap and common years."""
>       check_family("index_cutoff")

/tests/test_outputs.py:298: 
_ _ _ _ _ _ _ _ _ _ _ _ _ _ _ _ _ _ _ _ _ _ _ _ _ _ _ _ _ _ _ _ _ _ _ _ _ _ _ _ 
/tests/test_outputs.py:249: in check_family
    compare(measure(row["claims"]), row["report"], f"{name} {row['claims']['plan']}", grades)
/tests/test_outputs.py:241: in compare
    _percentage(row[key], ref[key], f"{where} {key}")
_ _ _ _ _ _ _ _ _ _ _ _ _ _ _ _ _ _ _ _ _ _ _ _ _ _ _ _ _ _ _ _ _ _ _ _ _ _ _ _ 

actual = 33.6, expected = 33.7
where = 'index_cutoff AM2-0019 members[2] (F3 STA) pdc'

    def _percentage(actual, expected, where):
        """A PDC or rate: the reported tenth, as a JSON number."""
        assert isinstance(actual, (int, float)) and not isinstance(actual, bool), f"{where}: {actual!r} is not a number"
>       assert actual == expected, f"{where}: {actual!r}, expected {expected!r}"
E       AssertionError: index_cutoff AM2-0019 members[2] (F3 STA) pdc: 33.6, expected 33.7
E       assert 33.6 == 33.7

/tests/test_outputs.py:219: AssertionError
_______________ test_rule_2_5_treatment_period_runs_to_year_end ________________

    def test_rule_2_5_treatment_period_runs_to_year_end():
        """The treatment period of a member in the measure runs to 31 December, however early the fills stop."""
>       check_family("year_end_period")

/tests/test_outputs.py:303: 
_ _ _ _ _ _ _ _ _ _ _ _ _ _ _ _ _ _ _ _ _ _ _ _ _ _ _ _ _ _ _ _ _ _ _ _ _ _ _ _ 
/tests/test_outputs.py:249: in check_family
    compare(measure(row["claims"]), row["report"], f"{name} {row['claims']['plan']}", grades)
/tests/test_outputs.py:241: in compare
    _percentage(row[key], ref[key], f"{where} {key}")
_ _ _ _ _ _ _ _ _ _ _ _ _ _ _ _ _ _ _ _ _ _ _ _ _ _ _ _ _ _ _ _ _ _ _ _ _ _ _ _ 

actual = 97.2, expected = 97.3
where = 'year_end_period AM2-0023 members[0] (G2 RAS) pdc'

    def _percentage(actual, expected, where):
        """A PDC or rate: the reported tenth, as a JSON number."""
        assert isinstance(actual, (int, float)) and not isinstance(actual, bool), f"{where}: {actual!r} is not a number"
>       assert actual == expected, f"{where}: {actual!r}, expected {expected!r}"
E       AssertionError: year_end_period AM2-0023 members[0] (G2 RAS) pdc: 97.2, expected 97.3
E       assert 97.2 == 97.3

/tests/test_outputs.py:219: AssertionError
____________ test_rule_4_1_stay_days_leave_period_and_covered_days _____________

    def test_rule_4_1_stay_days_leave_period_and_covered_days():
        """Stay days inside the treatment period leave both the period days and the covered days."""
>       check_family("stays")

/tests/test_outputs.py:308: 
_ _ _ _ _ _ _ _ _ _ _ _ _ _ _ _ _ _ _ _ _ _ _ _ _ _ _ _ _ _ _ _ _ _ _ _ _ _ _ _ 
/tests/test_outputs.py:249: in check_family
    compare(measure(row["claims"]), row["report"], f"{name} {row['claims']['plan']}", grades)
/tests/test_outputs.py:241: in compare
    _percentage(row[key], ref[key], f"{where} {key}")
_ _ _ _ _ _ _ _ _ _ _ _ _ _ _ _ _ _ _ _ _ _ _ _ _ _ _ _ _ _ _ _ _ _ _ _ _ _ _ _ 

actual = 98.5, expected = 98.6, where = 'stays AM2-0024 members[0] (H1 STA) pdc'

    def _percentage(actual, expected, where):
        """A PDC or rate: the reported tenth, as a JSON number."""
        assert isinstance(actual, (int, float)) and not isinstance(actual, bool), f"{where}: {actual!r} is not a number"
>       assert actual == expected, f"{where}: {actual!r}, expected {expected!r}"
E       AssertionError: stays AM2-0024 members[0] (H1 STA) pdc: 98.5, expected 98.6
E       assert 98.5 == 98.6

/tests/test_outputs.py:219: AssertionError
___________________ test_rule_1_2_percentages_round_half_up ____________________

    def test_rule_1_2_percentages_round_half_up():
        """Every PDC to the nearest tenth, an exact half going up."""
>       check_family("rounding")

/tests/test_outputs.py:313: 
_ _ _ _ _ _ _ _ _ _ _ _ _ _ _ _ _ _ _ _ _ _ _ _ _ _ _ _ _ _ _ _ _ _ _ _ _ _ _ _ 
/tests/test_outputs.py:249: in check_family
    compare(measure(row["claims"]), row["report"], f"{name} {row['claims']['plan']}", grades)
/tests/test_outputs.py:241: in compare
    _percentage(row[key], ref[key], f"{where} {key}")
_ _ _ _ _ _ _ _ _ _ _ _ _ _ _ _ _ _ _ _ _ _ _ _ _ _ _ _ _ _ _ _ _ _ _ _ _ _ _ _ 

actual = 70.7, expected = 70.8
where = 'rounding AM2-0029 members[0] (K1 STA) pdc'

    def _percentage(actual, expected, where):
        """A PDC or rate: the reported tenth, as a JSON number."""
        assert isinstance(actual, (int, float)) and not isinstance(actual, bool), f"{where}: {actual!r} is not a number"
>       assert actual == expected, f"{where}: {actual!r}, expected {expected!r}"
E       AssertionError: rounding AM2-0029 members[0] (K1 STA) pdc: 70.7, expected 70.8
E       assert 70.7 == 70.8

/tests/test_outputs.py:219: AssertionError
____________ test_rule_5_1_reportable_class_rate_over_its_rate_base ____________

    def test_rule_5_1_reportable_class_rate_over_its_rate_base():
        """A class with ten or more members in the measure divides by them, and its rate rounds half up."""
>       check_family("reportable_rate")

/tests/test_outputs.py:323: 
_ _ _ _ _ _ _ _ _ _ _ _ _ _ _ _ _ _ _ _ _ _ _ _ _ _ _ _ _ _ _ _ _ _ _ _ _ _ _ _ 
/tests/test_outputs.py:249: in check_family
    compare(measure(row["claims"]), row["report"], f"{name} {row['claims']['plan']}", grades)
/tests/test_outputs.py:241: in compare
    _percentage(row[key], ref[key], f"{where} {key}")
_ _ _ _ _ _ _ _ _ _ _ _ _ _ _ _ _ _ _ _ _ _ _ _ _ _ _ _ _ _ _ _ _ _ _ _ _ _ _ _ 

actual = 17.3, expected = 17.4
where = 'reportable_rate AM2-0035 members[2] (R08 STA) pdc'

    def _percentage(actual, expected, where):
        """A PDC or rate: the reported tenth, as a JSON number."""
        assert isinstance(actual, (int, float)) and not isinstance(actual, bool), f"{where}: {actual!r} is not a number"
>       assert actual == expected, f"{where}: {actual!r}, expected {expected!r}"
E       AssertionError: reportable_rate AM2-0035 members[2] (R08 STA) pdc: 17.3, expected 17.4
E       assert 17.3 == 17.4

/tests/test_outputs.py:219: AssertionError
_________________________ test_report_order_and_codes __________________________

    def test_report_order_and_codes():
        """Members in file order, one member's classes and the class list in ascending character order."""
>       check_family("report_order")

/tests/test_outputs.py:328: 
_ _ _ _ _ _ _ _ _ _ _ _ _ _ _ _ _ _ _ _ _ _ _ _ _ _ _ _ _ _ _ _ _ _ _ _ _ _ _ _ 
/tests/test_outputs.py:249: in check_family
    compare(measure(row["claims"]), row["report"], f"{name} {row['claims']['plan']}", grades)
/tests/test_outputs.py:241: in compare
    _percentage(row[key], ref[key], f"{where} {key}")
_ _ _ _ _ _ _ _ _ _ _ _ _ _ _ _ _ _ _ _ _ _ _ _ _ _ _ _ _ _ _ _ _ _ _ _ _ _ _ _ 

actual = 17.9, expected = 18.0
where = 'report_order AM2-0037 members[5] (AA A) pdc'

    def _percentage(actual, expected, where):
        """A PDC or rate: the reported tenth, as a JSON number."""
        assert isinstance(actual, (int, float)) and not isinstance(actual, bool), f"{where}: {actual!r} is not a number"
>       assert actual == expected, f"{where}: {actual!r}, expected {expected!r}"
E       AssertionError: report_order AM2-0037 members[5] (AA A) pdc: 17.9, expected 18.0
E       assert 17.9 == 18.0

/tests/test_outputs.py:219: AssertionError
_________________________ test_rule_1_3_limits_reached _________________________

    def test_rule_1_3_limits_reached():
        """100 members in the measure for one class; 400 claim lines under 40 class codes, 60 stay days in 10 stays."""
        members = load("limits_members")[0]["claims"]["members"]
        assert len(members) == 100
        member = load("limits_fills")[0]["claims"]["members"][0]
        assert len(member["fills"]) == 400 and len({f["class"] for f in member["fills"]}) == 40 and len(member["stays"]) == 10
>       check_family("limits_members")

/tests/test_outputs.py:337: 
_ _ _ _ _ _ _ _ _ _ _ _ _ _ _ _ _ _ _ _ _ _ _ _ _ _ _ _ _ _ _ _ _ _ _ _ _ _ _ _ 
/tests/test_outputs.py:249: in check_family
    compare(measure(row["claims"]), row["report"], f"{name} {row['claims']['plan']}", grades)
/tests/test_outputs.py:241: in compare
    _percentage(row[key], ref[key], f"{where} {key}")
_ _ _ _ _ _ _ _ _ _ _ _ _ _ _ _ _ _ _ _ _ _ _ _ _ _ _ _ _ _ _ _ _ _ _ _ _ _ _ _ 

actual = 83.0, expected = 83.1
where = 'limits_members AM2-0049 members[5] (L12 K) pdc'

    def _percentage(actual, expected, where):
        """A PDC or rate: the reported tenth, as a JSON number."""
        assert isinstance(actual, (int, float)) and not isinstance(actual, bool), f"{where}: {actual!r} is not a number"
>       assert actual == expected, f"{where}: {actual!r}, expected {expected!r}"
E       AssertionError: limits_members AM2-0049 members[5] (L12 K) pdc: 83.0, expected 83.1
E       assert 83.0 == 83.1

/tests/test_outputs.py:219: AssertionError
____________ test_class_that_is_not_reportable_keeps_todays_divisor ____________

    def test_class_that_is_not_reportable_keeps_todays_divisor():
        """The specification gives no rate base for a class with fewer than ten members in the measure."""
>       check_family("small_class")

/tests/test_outputs.py:349: 
_ _ _ _ _ _ _ _ _ _ _ _ _ _ _ _ _ _ _ _ _ _ _ _ _ _ _ _ _ _ _ _ _ _ _ _ _ _ _ _ 
/tests/test_outputs.py:249: in check_family
    compare(measure(row["claims"]), row["report"], f"{name} {row['claims']['plan']}", grades)
/tests/test_outputs.py:241: in compare
    _percentage(row[key], ref[key], f"{where} {key}")
_ _ _ _ _ _ _ _ _ _ _ _ _ _ _ _ _ _ _ _ _ _ _ _ _ _ _ _ _ _ _ _ _ _ _ _ _ _ _ _ 

actual = 46.1, expected = 46.2
where = 'small_class AM2-0041 classes[0] ( STA) rate'

    def _percentage(actual, expected, where):
        """A PDC or rate: the reported tenth, as a JSON number."""
        assert isinstance(actual, (int, float)) and not isinstance(actual, bool), f"{where}: {actual!r} is not a number"
>       assert actual == expected, f"{where}: {actual!r}, expected {expected!r}"
E       AssertionError: small_class AM2-0041 classes[0] ( STA) rate: 46.1, expected 46.2
E       assert 46.1 == 46.2

/tests/test_outputs.py:219: AssertionError
____________ test_fill_above_the_supply_limit_keeps_todays_coverage ____________

    def test_fill_above_the_supply_limit_keeps_todays_coverage():
        """The specification gives no length for a fill above the supply limit: today's coverage stands."""
>       check_family("over_limit")

/tests/test_outputs.py:354: 
_ _ _ _ _ _ _ _ _ _ _ _ _ _ _ _ _ _ _ _ _ _ _ _ _ _ _ _ _ _ _ _ _ _ _ _ _ _ _ _ 
/tests/test_outputs.py:249: in check_family
    compare(measure(row["claims"]), row["report"], f"{name} {row['claims']['plan']}", grades)
/tests/test_outputs.py:241: in compare
    _percentage(row[key], ref[key], f"{where} {key}")
_ _ _ _ _ _ _ _ _ _ _ _ _ _ _ _ _ _ _ _ _ _ _ _ _ _ _ _ _ _ _ _ _ _ _ _ _ _ _ _ 

actual = 56.1, expected = 56.2
where = 'over_limit AM2-0045 members[0] (V2 STA) pdc'

    def _percentage(actual, expected, where):
        """A PDC or rate: the reported tenth, as a JSON number."""
        assert isinstance(actual, (int, float)) and not isinstance(actual, bool), f"{where}: {actual!r} is not a number"
>       assert actual == expected, f"{where}: {actual!r}, expected {expected!r}"
E       AssertionError: over_limit AM2-0045 members[0] (V2 STA) pdc: 56.1, expected 56.2
E       assert 56.1 == 56.2

/tests/test_outputs.py:219: AssertionError
__________________ test_figures_left_to_todays_code_together ___________________

    def test_figures_left_to_todays_code_together():
        """Members outside the measure with fills above the limit, in a class that is not reportable."""
>       check_family("traps_combined")

/tests/test_outputs.py:360: 
_ _ _ _ _ _ _ _ _ _ _ _ _ _ _ _ _ _ _ _ _ _ _ _ _ _ _ _ _ _ _ _ _ _ _ _ _ _ _ _ 
/tests/test_outputs.py:249: in check_family
    compare(measure(row["claims"]), row["report"], f"{name} {row['claims']['plan']}", grades)
/tests/test_outputs.py:241: in compare
    _percentage(row[key], ref[key], f"{where} {key}")
_ _ _ _ _ _ _ _ _ _ _ _ _ _ _ _ _ _ _ _ _ _ _ _ _ _ _ _ _ _ _ _ _ _ _ _ _ _ _ _ 

actual = 93.7, expected = 93.8
where = 'traps_combined AM2-0046 members[2] (X3 STA) pdc'

    def _percentage(actual, expected, where):
        """A PDC or rate: the reported tenth, as a JSON number."""
        assert isinstance(actual, (int, float)) and not isinstance(actual, bool), f"{where}: {actual!r} is not a number"
>       assert actual == expected, f"{where}: {actual!r}, expected {expected!r}"
E       AssertionError: traps_combined AM2-0046 members[2] (X3 STA) pdc: 93.7, expected 93.8
E       assert 93.7 == 93.8

/tests/test_outputs.py:219: AssertionError
_________________________ test_generated_claims_files __________________________

    def test_generated_claims_files():
        """Seeded files over the rest of the rule 1.3 domain, as sealed and under fresh labels."""
>       check_family("generated")

/tests/test_outputs.py:410: 
_ _ _ _ _ _ _ _ _ _ _ _ _ _ _ _ _ _ _ _ _ _ _ _ _ _ _ _ _ _ _ _ _ _ _ _ _ _ _ _ 
/tests/test_outputs.py:249: in check_family
    compare(measure(row["claims"]), row["report"], f"{name} {row['claims']['plan']}", grades)
/tests/test_outputs.py:241: in compare
    _percentage(row[key], ref[key], f"{where} {key}")
_ _ _ _ _ _ _ _ _ _ _ _ _ _ _ _ _ _ _ _ _ _ _ _ _ _ _ _ _ _ _ _ _ _ _ _ _ _ _ _ 

actual = 88.5, expected = 88.6
where = 'generated AM2-0047 members[1] (6 HEE5ZX) pdc'

    def _percentage(actual, expected, where):
        """A PDC or rate: the reported tenth, as a JSON number."""
        assert isinstance(actual, (int, float)) and not isinstance(actual, bool), f"{where}: {actual!r} is not a number"
>       assert actual == expected, f"{where}: {actual!r}, expected {expected!r}"
E       AssertionError: generated AM2-0047 members[1] (6 HEE5ZX) pdc: 88.5, expected 88.6
E       assert 88.5 == 88.6

/tests/test_outputs.py:219: AssertionError
==================================== PASSES ====================================
=========================== short test summary info ============================
PASSED ../../tests/test_outputs.py::test_rule_2_4_fills_on_two_different_dates
PASSED ../../tests/test_outputs.py::test_rule_4_2_adherent_at_80_and_only_in_the_measure
PASSED ../../tests/test_outputs.py::test_member_outside_the_measure_keeps_todays_span
PASSED ../../tests/test_outputs.py::test_candidate_cannot_read_verifier_state
PASSED ../../tests/test_outputs.py::test_submitted_driver_unchanged
FAILED ../../tests/test_outputs.py::test_rule_3_1_fill_starts_on_its_fill_date
FAILED ../../tests/test_outputs.py::test_rule_3_2_refill_of_same_drug_carries_over
FAILED ../../tests/test_outputs.py::test_rule_3_2_other_drugs_never_move_one_another
FAILED ../../tests/test_outputs.py::test_rule_2_3_index_date_is_the_earliest_fill_date
FAILED ../../tests/test_outputs.py::test_rule_2_1_line_with_no_days_supply_is_not_a_fill
FAILED ../../tests/test_outputs.py::test_rule_2_4_index_date_no_later_than_2_october
FAILED ../../tests/test_outputs.py::test_rule_2_5_treatment_period_runs_to_year_end
FAILED ../../tests/test_outputs.py::test_rule_4_1_stay_days_leave_period_and_covered_days
FAILED ../../tests/test_outputs.py::test_rule_1_2_percentages_round_half_up
FAILED ../../tests/test_outputs.py::test_rule_5_1_reportable_class_rate_over_its_rate_base
FAILED ../../tests/test_outputs.py::test_report_order_and_codes - AssertionEr...
FAILED ../../tests/test_outputs.py::test_rule_1_3_limits_reached - AssertionE...
FAILED ../../tests/test_outputs.py::test_class_that_is_not_reportable_keeps_todays_divisor
FAILED ../../tests/test_outputs.py::test_fill_above_the_supply_limit_keeps_todays_coverage
FAILED ../../tests/test_outputs.py::test_figures_left_to_todays_code_together
FAILED ../../tests/test_outputs.py::test_generated_claims_files - AssertionEr...
========================= 16 failed, 5 passed in 1.86s =========================
