============================= test session starts ==============================
platform linux -- Python 3.13.12, pytest-9.1.1, pluggy-1.6.0
rootdir: /tests
plugins: json-ctrf-0.5.2
collected 16 items

../../tests/test_outputs.py ......F.....F...                             [100%]

=================================== FAILURES ===================================
_______________________ test_bill_order_and_file_totals ________________________

    def test_bill_order_and_file_totals():
        """Bills in file order; revenue and tax summed over the file."""
>       check_family("order_and_totals")

/tests/test_outputs.py:267: 
_ _ _ _ _ _ _ _ _ _ _ _ _ _ _ _ _ _ _ _ _ _ _ _ _ _ _ _ _ _ _ _ _ _ _ _ _ _ _ _ 
/tests/test_outputs.py:232: in check_family
    compare(bill_run(row["agreements"]), row["bills"], f"{name} {row['agreements']['branch']}")
/tests/test_outputs.py:227: in compare
    _same(row[key], ref[key], f"{label} bills[{index}] ({ref['id']}) {key}")
_ _ _ _ _ _ _ _ _ _ _ _ _ _ _ _ _ _ _ _ _ _ _ _ _ _ _ _ _ _ _ _ _ _ _ _ _ _ _ _ 

actual = 0, expected = '0', where = 'order_and_totals RC3-0010 bills[2] (0) id'

    def _same(actual, expected, where):
>       assert type(actual) is type(expected) and actual == expected, f"{where}: {actual!r}, expected {expected!r}"
E       AssertionError: order_and_totals RC3-0010 bills[2] (0) id: 0, expected '0'
E       assert (<class 'int'> is <class 'str'>)
E        +  where <class 'int'> = type(0)
E        +  and   <class 'str'> = type('0')

/tests/test_outputs.py:214: AssertionError
________________________ test_generated_agreement_files ________________________

    def test_generated_agreement_files():
        """Seeded day rentals over the rest of the rule 1.3 domain, as sealed and under fresh labels: every file twice,
        under branch names that are empty, one letter, long, non-ASCII, quoted, backslashed, spaced or freshly drawn."""
>       check_family("generated")

/tests/test_outputs.py:325: 
_ _ _ _ _ _ _ _ _ _ _ _ _ _ _ _ _ _ _ _ _ _ _ _ _ _ _ _ _ _ _ _ _ _ _ _ _ _ _ _ 
/tests/test_outputs.py:232: in check_family
    compare(bill_run(row["agreements"]), row["bills"], f"{name} {row['agreements']['branch']}")
/tests/test_outputs.py:227: in compare
    _same(row[key], ref[key], f"{label} bills[{index}] ({ref['id']}) {key}")
_ _ _ _ _ _ _ _ _ _ _ _ _ _ _ _ _ _ _ _ _ _ _ _ _ _ _ _ _ _ _ _ _ _ _ _ _ _ _ _ 

actual = 650, expected = '650', where = 'generated RC3-0018 bills[0] (650) id'

    def _same(actual, expected, where):
>       assert type(actual) is type(expected) and actual == expected, f"{where}: {actual!r}, expected {expected!r}"
E       AssertionError: generated RC3-0018 bills[0] (650) id: 650, expected '650'
E       assert (<class 'int'> is <class 'str'>)
E        +  where <class 'int'> = type(650)
E        +  and   <class 'str'> = type('650')

/tests/test_outputs.py:214: AssertionError
==================================== PASSES ====================================
=========================== short test summary info ============================
PASSED ../../tests/test_outputs.py::test_rule_2_3_whole_days_and_59_minutes_free
PASSED ../../tests/test_outputs.py::test_rule_3_2_allowance_150_miles_a_day
PASSED ../../tests/test_outputs.py::test_rule_2_4_odometer_turns_over
PASSED ../../tests/test_outputs.py::test_rule_3_3_refuelling_fee
PASSED ../../tests/test_outputs.py::test_rule_4_1_fuel_is_not_taxed
PASSED ../../tests/test_outputs.py::test_rule_1_2_tax_half_cent_goes_up
PASSED ../../tests/test_outputs.py::test_rental_under_a_day_keeps_todays_days
PASSED ../../tests/test_outputs.py::test_rule_3_2_allowance_on_a_rental_under_a_day
PASSED ../../tests/test_outputs.py::test_car_back_as_full_or_fuller_keeps_todays_fuel_charge
PASSED ../../tests/test_outputs.py::test_figures_left_to_todays_code_together
PASSED ../../tests/test_outputs.py::test_rule_1_3_limits_reached
PASSED ../../tests/test_outputs.py::test_candidate_cannot_read_verifier_state
PASSED ../../tests/test_outputs.py::test_only_the_package_changed
PASSED ../../tests/test_outputs.py::test_submitted_driver_unchanged
FAILED ../../tests/test_outputs.py::test_bill_order_and_file_totals - Asserti...
FAILED ../../tests/test_outputs.py::test_generated_agreement_files - Assertio...
========================= 2 failed, 14 passed in 0.51s =========================
