============================= test session starts ==============================
platform linux -- Python 3.13.12, pytest-9.1.1, pluggy-1.6.0
rootdir: /tests
plugins: json-ctrf-0.5.2
collected 11 items

../../tests/test_outputs.py ..FFFFFFF..                                  [100%]

=================================== FAILURES ===================================
______________________ test_rule_3_3_car_and_van_maximum _______________________

    def test_rule_3_3_car_and_van_maximum():
        """2,400 cents for each 24 hours begun; stays exactly on a day and a minute past it."""
>       check_family("maximum")

/tests/test_outputs.py:225: 
_ _ _ _ _ _ _ _ _ _ _ _ _ _ _ _ _ _ _ _ _ _ _ _ _ _ _ _ _ _ _ _ _ _ _ _ _ _ _ _ 
/tests/test_outputs.py:210: in check_family
    compare(run(row["sessions"]), row["statement"], f"{name} {row['sessions']['garage']}")
/tests/test_outputs.py:205: in compare
    _same(row[key], ref[key], f"{label} sessions[{index}] ({ref['id']}) {key}")
_ _ _ _ _ _ _ _ _ _ _ _ _ _ _ _ _ _ _ _ _ _ _ _ _ _ _ _ _ _ _ _ _ _ _ _ _ _ _ _ 

actual = 'M10', expected = 'M2', where = 'maximum GT2-0003 sessions[1] (M2) id'

    def _same(actual, expected, where):
>       assert type(actual) is type(expected) and actual == expected, f"{where}: {actual!r}, expected {expected!r}"
E       AssertionError: maximum GT2-0003 sessions[1] (M2) id: 'M10', expected 'M2'
E       assert (<class 'str'> is <class 'str'> and 'M10' == 'M2'
E        +  where <class 'str'> = type('M10')
E        +  and   <class 'str'> = type('M2')
E         
E         - M2
E         + M10)

/tests/test_outputs.py:192: AssertionError
_________________________ test_total_and_session_order _________________________

    def test_total_and_session_order():
        """Every amount due and the total, sessions in file order, ids of one to ten characters."""
>       check_family("order_and_total")

/tests/test_outputs.py:230: 
_ _ _ _ _ _ _ _ _ _ _ _ _ _ _ _ _ _ _ _ _ _ _ _ _ _ _ _ _ _ _ _ _ _ _ _ _ _ _ _ 
/tests/test_outputs.py:210: in check_family
    compare(run(row["sessions"]), row["statement"], f"{name} {row['sessions']['garage']}")
/tests/test_outputs.py:205: in compare
    _same(row[key], ref[key], f"{label} sessions[{index}] ({ref['id']}) {key}")
_ _ _ _ _ _ _ _ _ _ _ _ _ _ _ _ _ _ _ _ _ _ _ _ _ _ _ _ _ _ _ _ _ _ _ _ _ _ _ _ 

actual = '0', expected = 'ZZZZZZZZZZ'
where = 'order_and_total GT2-0004 sessions[0] (ZZZZZZZZZZ) id'

    def _same(actual, expected, where):
>       assert type(actual) is type(expected) and actual == expected, f"{where}: {actual!r}, expected {expected!r}"
E       AssertionError: order_and_total GT2-0004 sessions[0] (ZZZZZZZZZZ) id: '0', expected 'ZZZZZZZZZZ'
E       assert (<class 'str'> is <class 'str'> and '0' == 'ZZZZZZZZZZ'
E        +  where <class 'str'> = type('0')
E        +  and   <class 'str'> = type('ZZZZZZZZZZ')
E         
E         - ZZZZZZZZZZ
E         + 0)

/tests/test_outputs.py:192: AssertionError
________________ test_validated_ticket_keeps_todays_amount_due _________________

    def test_validated_ticket_keeps_todays_amount_due():
        """The tariff gives no rule for the amount due: 200 cents off a validated ticket's fee, below nought too."""
>       check_family("validated_credit")

/tests/test_outputs.py:235: 
_ _ _ _ _ _ _ _ _ _ _ _ _ _ _ _ _ _ _ _ _ _ _ _ _ _ _ _ _ _ _ _ _ _ _ _ _ _ _ _ 
/tests/test_outputs.py:210: in check_family
    compare(run(row["sessions"]), row["statement"], f"{name} {row['sessions']['garage']}")
/tests/test_outputs.py:205: in compare
    _same(row[key], ref[key], f"{label} sessions[{index}] ({ref['id']}) {key}")
_ _ _ _ _ _ _ _ _ _ _ _ _ _ _ _ _ _ _ _ _ _ _ _ _ _ _ _ _ _ _ _ _ _ _ _ _ _ _ _ 

actual = 'V10', expected = 'V2'
where = 'validated_credit GT2-0006 sessions[1] (V2) id'

    def _same(actual, expected, where):
>       assert type(actual) is type(expected) and actual == expected, f"{where}: {actual!r}, expected {expected!r}"
E       AssertionError: validated_credit GT2-0006 sessions[1] (V2) id: 'V10', expected 'V2'
E       assert (<class 'str'> is <class 'str'> and 'V10' == 'V2'
E        +  where <class 'str'> = type('V10')
E        +  and   <class 'str'> = type('V2')
E         
E         - V2
E         + V10)

/tests/test_outputs.py:192: AssertionError
__________________ test_motorcycle_keeps_todays_uncapped_fee ___________________

    def test_motorcycle_keeps_todays_uncapped_fee():
        """The tariff gives no grace period and no maximum for a motorcycle: today's step stands."""
>       check_family("motorcycle")

/tests/test_outputs.py:240: 
_ _ _ _ _ _ _ _ _ _ _ _ _ _ _ _ _ _ _ _ _ _ _ _ _ _ _ _ _ _ _ _ _ _ _ _ _ _ _ _ 
/tests/test_outputs.py:210: in check_family
    compare(run(row["sessions"]), row["statement"], f"{name} {row['sessions']['garage']}")
/tests/test_outputs.py:205: in compare
    _same(row[key], ref[key], f"{label} sessions[{index}] ({ref['id']}) {key}")
_ _ _ _ _ _ _ _ _ _ _ _ _ _ _ _ _ _ _ _ _ _ _ _ _ _ _ _ _ _ _ _ _ _ _ _ _ _ _ _ 

actual = 'K10', expected = 'K2'
where = 'motorcycle GT2-0007 sessions[1] (K2) id'

    def _same(actual, expected, where):
>       assert type(actual) is type(expected) and actual == expected, f"{where}: {actual!r}, expected {expected!r}"
E       AssertionError: motorcycle GT2-0007 sessions[1] (K2) id: 'K10', expected 'K2'
E       assert (<class 'str'> is <class 'str'> and 'K10' == 'K2'
E        +  where <class 'str'> = type('K10')
E        +  and   <class 'str'> = type('K2')
E         
E         - K2
E         + K10)

/tests/test_outputs.py:192: AssertionError
__________________ test_figures_left_to_todays_code_together ___________________

    def test_figures_left_to_todays_code_together():
        """Validated tickets below nought and motorcycles past the maximum, beside cars and vans."""
>       check_family("together")

/tests/test_outputs.py:245: 
_ _ _ _ _ _ _ _ _ _ _ _ _ _ _ _ _ _ _ _ _ _ _ _ _ _ _ _ _ _ _ _ _ _ _ _ _ _ _ _ 
/tests/test_outputs.py:210: in check_family
    compare(run(row["sessions"]), row["statement"], f"{name} {row['sessions']['garage']}")
/tests/test_outputs.py:205: in compare
    _same(row[key], ref[key], f"{label} sessions[{index}] ({ref['id']}) {key}")
_ _ _ _ _ _ _ _ _ _ _ _ _ _ _ _ _ _ _ _ _ _ _ _ _ _ _ _ _ _ _ _ _ _ _ _ _ _ _ _ 

actual = 'X3', expected = 'X5', where = 'together GT2-0008 sessions[2] (X5) id'

    def _same(actual, expected, where):
>       assert type(actual) is type(expected) and actual == expected, f"{where}: {actual!r}, expected {expected!r}"
E       AssertionError: together GT2-0008 sessions[2] (X5) id: 'X3', expected 'X5'
E       assert (<class 'str'> is <class 'str'> and 'X3' == 'X5'
E        +  where <class 'str'> = type('X3')
E        +  and   <class 'str'> = type('X5')
E         
E         - X5
E         + X3)

/tests/test_outputs.py:192: AssertionError
_________________________ test_rule_1_2_limits_reached _________________________

    def test_rule_1_2_limits_reached():
        """200 sessions; entry minutes 0 and 100,000; stays of 0 and 10,080 minutes."""
        assert len(load("limits")[0]["sessions"]["sessions"]) == 200
>       check_family("limits")

/tests/test_outputs.py:251: 
_ _ _ _ _ _ _ _ _ _ _ _ _ _ _ _ _ _ _ _ _ _ _ _ _ _ _ _ _ _ _ _ _ _ _ _ _ _ _ _ 
/tests/test_outputs.py:210: in check_family
    compare(run(row["sessions"]), row["statement"], f"{name} {row['sessions']['garage']}")
/tests/test_outputs.py:205: in compare
    _same(row[key], ref[key], f"{label} sessions[{index}] ({ref['id']}) {key}")
_ _ _ _ _ _ _ _ _ _ _ _ _ _ _ _ _ _ _ _ _ _ _ _ _ _ _ _ _ _ _ _ _ _ _ _ _ _ _ _ 

actual = '9', expected = 'ABCDEFGHIJ'
where = 'limits GT2-0013 sessions[0] (ABCDEFGHIJ) id'

    def _same(actual, expected, where):
>       assert type(actual) is type(expected) and actual == expected, f"{where}: {actual!r}, expected {expected!r}"
E       AssertionError: limits GT2-0013 sessions[0] (ABCDEFGHIJ) id: '9', expected 'ABCDEFGHIJ'
E       assert (<class 'str'> is <class 'str'> and '9' == 'ABCDEFGHIJ'
E        +  where <class 'str'> = type('9')
E        +  and   <class 'str'> = type('ABCDEFGHIJ')
E         
E         - ABCDEFGHIJ
E         + 9)

/tests/test_outputs.py:192: AssertionError
__________________________ test_generated_exits_files __________________________

    def test_generated_exits_files():
        """Seeded files of cars and vans, as sealed and under fresh labels."""
>       check_family("generated")

/tests/test_outputs.py:275: 
_ _ _ _ _ _ _ _ _ _ _ _ _ _ _ _ _ _ _ _ _ _ _ _ _ _ _ _ _ _ _ _ _ _ _ _ _ _ _ _ 
/tests/test_outputs.py:210: in check_family
    compare(run(row["sessions"]), row["statement"], f"{name} {row['sessions']['garage']}")
/tests/test_outputs.py:205: in compare
    _same(row[key], ref[key], f"{label} sessions[{index}] ({ref['id']}) {key}")
_ _ _ _ _ _ _ _ _ _ _ _ _ _ _ _ _ _ _ _ _ _ _ _ _ _ _ _ _ _ _ _ _ _ _ _ _ _ _ _ 

actual = '20YOAJ1', expected = 'G90'
where = 'generated GT2-0009 sessions[0] (G90) id'

    def _same(actual, expected, where):
>       assert type(actual) is type(expected) and actual == expected, f"{where}: {actual!r}, expected {expected!r}"
E       AssertionError: generated GT2-0009 sessions[0] (G90) id: '20YOAJ1', expected 'G90'
E       assert (<class 'str'> is <class 'str'> and '20YOAJ1' == 'G90'
E        +  where <class 'str'> = type('20YOAJ1')
E        +  and   <class 'str'> = type('G90')
E         
E         - G90
E         + 20YOAJ1)

/tests/test_outputs.py:192: AssertionError
==================================== PASSES ====================================
=========================== short test summary info ============================
PASSED ../../tests/test_outputs.py::test_rule_2_2_grace_period_and_hours
PASSED ../../tests/test_outputs.py::test_rule_3_1_hourly_rates
PASSED ../../tests/test_outputs.py::test_candidate_cannot_read_verifier_state
PASSED ../../tests/test_outputs.py::test_submitted_driver_unchanged
FAILED ../../tests/test_outputs.py::test_rule_3_3_car_and_van_maximum - Asser...
FAILED ../../tests/test_outputs.py::test_total_and_session_order - AssertionE...
FAILED ../../tests/test_outputs.py::test_validated_ticket_keeps_todays_amount_due
FAILED ../../tests/test_outputs.py::test_motorcycle_keeps_todays_uncapped_fee
FAILED ../../tests/test_outputs.py::test_figures_left_to_todays_code_together
FAILED ../../tests/test_outputs.py::test_rule_1_2_limits_reached - AssertionE...
FAILED ../../tests/test_outputs.py::test_generated_exits_files - AssertionErr...
========================= 7 failed, 4 passed in 0.74s ==========================
