============================= test session starts ==============================
platform linux -- Python 3.13.12, pytest-9.1.1, pluggy-1.6.0
rootdir: /tests
plugins: json-ctrf-0.5.2
collected 11 items

../../tests/test_outputs.py .......F...                                  [100%]

=================================== FAILURES ===================================
_________________________ test_rule_1_2_limits_reached _________________________

    def test_rule_1_2_limits_reached():
        """200 sessions; entry minutes 0 and 100,000; stays of 0 and 10,080 minutes."""
        assert len(load("limits")[0]["sessions"]["sessions"]) == 200
>       check_family("limits")

/tests/test_outputs.py:251: 
_ _ _ _ _ _ _ _ _ _ _ _ _ _ _ _ _ _ _ _ _ _ _ _ _ _ _ _ _ _ _ _ _ _ _ _ _ _ _ _ 
/tests/test_outputs.py:210: in check_family
    compare(run(row["sessions"]), row["statement"], f"{name} {row['sessions']['garage']}")
/tests/test_outputs.py:199: in compare
    _same(actual["total"], expected["total"], f"{label} total")
_ _ _ _ _ _ _ _ _ _ _ _ _ _ _ _ _ _ _ _ _ _ _ _ _ _ _ _ _ _ _ _ _ _ _ _ _ _ _ _ 

actual = 1423500, expected = 1425700, where = 'limits GT2-0013 total'

    def _same(actual, expected, where):
>       assert type(actual) is type(expected) and actual == expected, f"{where}: {actual!r}, expected {expected!r}"
E       AssertionError: limits GT2-0013 total: 1423500, expected 1425700
E       assert (<class 'int'> is <class 'int'> and 1423500 == 1425700)
E        +  where <class 'int'> = type(1423500)
E        +  and   <class 'int'> = type(1425700)

/tests/test_outputs.py:192: AssertionError
==================================== PASSES ====================================
=========================== short test summary info ============================
PASSED ../../tests/test_outputs.py::test_rule_2_2_grace_period_and_hours
PASSED ../../tests/test_outputs.py::test_rule_3_1_hourly_rates
PASSED ../../tests/test_outputs.py::test_rule_3_3_car_and_van_maximum
PASSED ../../tests/test_outputs.py::test_total_and_session_order
PASSED ../../tests/test_outputs.py::test_validated_ticket_keeps_todays_amount_due
PASSED ../../tests/test_outputs.py::test_motorcycle_keeps_todays_uncapped_fee
PASSED ../../tests/test_outputs.py::test_figures_left_to_todays_code_together
PASSED ../../tests/test_outputs.py::test_generated_exits_files
PASSED ../../tests/test_outputs.py::test_candidate_cannot_read_verifier_state
PASSED ../../tests/test_outputs.py::test_submitted_driver_unchanged
FAILED ../../tests/test_outputs.py::test_rule_1_2_limits_reached - AssertionE...
========================= 1 failed, 10 passed in 0.83s =========================
