============================= test session starts ==============================
platform linux -- Python 3.13.12, pytest-9.1.1, pluggy-1.6.0
rootdir: /tests
plugins: json-ctrf-0.5.2
collected 11 items

../../tests/test_outputs.py F...FFFFF..                                  [100%]

=================================== FAILURES ===================================
_____________________ test_rule_2_2_grace_period_and_hours _____________________

    def test_rule_2_2_grace_period_and_hours():
        """0, 15 and 16 minutes; 60 and 61 minutes charged 1 and 2 hours."""
>       check_family("grace")

/tests/test_outputs.py:215: 
_ _ _ _ _ _ _ _ _ _ _ _ _ _ _ _ _ _ _ _ _ _ _ _ _ _ _ _ _ _ _ _ _ _ _ _ _ _ _ _ 
/tests/test_outputs.py:210: in check_family
    compare(run(row["sessions"]), row["statement"], f"{name} {row['sessions']['garage']}")
/tests/test_outputs.py:199: in compare
    _same(actual["total"], expected["total"], f"{label} total")
_ _ _ _ _ _ _ _ _ _ _ _ _ _ _ _ _ _ _ _ _ _ _ _ _ _ _ _ _ _ _ _ _ _ _ _ _ _ _ _ 

actual = 2400, expected = 1650, where = 'grace GT2-0001 total'

    def _same(actual, expected, where):
>       assert type(actual) is type(expected) and actual == expected, f"{where}: {actual!r}, expected {expected!r}"
E       AssertionError: grace GT2-0001 total: 2400, expected 1650
E       assert (<class 'int'> is <class 'int'> and 2400 == 1650)
E        +  where <class 'int'> = type(2400)
E        +  and   <class 'int'> = type(1650)

/tests/test_outputs.py:192: AssertionError
________________ test_validated_ticket_keeps_todays_amount_due _________________

    def test_validated_ticket_keeps_todays_amount_due():
        """The tariff gives no rule for the amount due: 200 cents off a validated ticket's fee, below nought too."""
>       check_family("validated_credit")

/tests/test_outputs.py:235: 
_ _ _ _ _ _ _ _ _ _ _ _ _ _ _ _ _ _ _ _ _ _ _ _ _ _ _ _ _ _ _ _ _ _ _ _ _ _ _ _ 
/tests/test_outputs.py:210: in check_family
    compare(run(row["sessions"]), row["statement"], f"{name} {row['sessions']['garage']}")
/tests/test_outputs.py:199: in compare
    _same(actual["total"], expected["total"], f"{label} total")
_ _ _ _ _ _ _ _ _ _ _ _ _ _ _ _ _ _ _ _ _ _ _ _ _ _ _ _ _ _ _ _ _ _ _ _ _ _ _ _ 

actual = 950, expected = 200, where = 'validated_credit GT2-0006 total'

    def _same(actual, expected, where):
>       assert type(actual) is type(expected) and actual == expected, f"{where}: {actual!r}, expected {expected!r}"
E       AssertionError: validated_credit GT2-0006 total: 950, expected 200
E       assert (<class 'int'> is <class 'int'> and 950 == 200)
E        +  where <class 'int'> = type(950)
E        +  and   <class 'int'> = type(200)

/tests/test_outputs.py:192: AssertionError
__________________ test_motorcycle_keeps_todays_uncapped_fee ___________________

    def test_motorcycle_keeps_todays_uncapped_fee():
        """The tariff gives no grace period and no maximum for a motorcycle: today's step stands."""
>       check_family("motorcycle")

/tests/test_outputs.py:240: 
_ _ _ _ _ _ _ _ _ _ _ _ _ _ _ _ _ _ _ _ _ _ _ _ _ _ _ _ _ _ _ _ _ _ _ _ _ _ _ _ 
/tests/test_outputs.py:210: in check_family
    compare(run(row["sessions"]), row["statement"], f"{name} {row['sessions']['garage']}")
/tests/test_outputs.py:199: in compare
    _same(actual["total"], expected["total"], f"{label} total")
_ _ _ _ _ _ _ _ _ _ _ _ _ _ _ _ _ _ _ _ _ _ _ _ _ _ _ _ _ _ _ _ _ _ _ _ _ _ _ _ 

actual = 63450, expected = 63150, where = 'motorcycle GT2-0007 total'

    def _same(actual, expected, where):
>       assert type(actual) is type(expected) and actual == expected, f"{where}: {actual!r}, expected {expected!r}"
E       AssertionError: motorcycle GT2-0007 total: 63450, expected 63150
E       assert (<class 'int'> is <class 'int'> and 63450 == 63150)
E        +  where <class 'int'> = type(63450)
E        +  and   <class 'int'> = type(63150)

/tests/test_outputs.py:192: AssertionError
__________________ test_figures_left_to_todays_code_together ___________________

    def test_figures_left_to_todays_code_together():
        """Validated tickets below nought and motorcycles past the maximum, beside cars and vans."""
>       check_family("together")

/tests/test_outputs.py:245: 
_ _ _ _ _ _ _ _ _ _ _ _ _ _ _ _ _ _ _ _ _ _ _ _ _ _ _ _ _ _ _ _ _ _ _ _ _ _ _ _ 
/tests/test_outputs.py:210: in check_family
    compare(run(row["sessions"]), row["statement"], f"{name} {row['sessions']['garage']}")
/tests/test_outputs.py:199: in compare
    _same(actual["total"], expected["total"], f"{label} total")
_ _ _ _ _ _ _ _ _ _ _ _ _ _ _ _ _ _ _ _ _ _ _ _ _ _ _ _ _ _ _ _ _ _ _ _ _ _ _ _ 

actual = 29950, expected = 29500, where = 'together GT2-0008 total'

    def _same(actual, expected, where):
>       assert type(actual) is type(expected) and actual == expected, f"{where}: {actual!r}, expected {expected!r}"
E       AssertionError: together GT2-0008 total: 29950, expected 29500
E       assert (<class 'int'> is <class 'int'> and 29950 == 29500)
E        +  where <class 'int'> = type(29950)
E        +  and   <class 'int'> = type(29500)

/tests/test_outputs.py:192: AssertionError
_________________________ test_rule_1_2_limits_reached _________________________

    def test_rule_1_2_limits_reached():
        """200 sessions; entry minutes 0 and 100,000; stays of 0 and 10,080 minutes."""
        assert len(load("limits")[0]["sessions"]["sessions"]) == 200
>       check_family("limits")

/tests/test_outputs.py:251: 
_ _ _ _ _ _ _ _ _ _ _ _ _ _ _ _ _ _ _ _ _ _ _ _ _ _ _ _ _ _ _ _ _ _ _ _ _ _ _ _ 
/tests/test_outputs.py:210: in check_family
    compare(run(row["sessions"]), row["statement"], f"{name} {row['sessions']['garage']}")
/tests/test_outputs.py:199: in compare
    _same(actual["total"], expected["total"], f"{label} total")
_ _ _ _ _ _ _ _ _ _ _ _ _ _ _ _ _ _ _ _ _ _ _ _ _ _ _ _ _ _ _ _ _ _ _ _ _ _ _ _ 

actual = 1426000, expected = 1425700, where = 'limits GT2-0013 total'

    def _same(actual, expected, where):
>       assert type(actual) is type(expected) and actual == expected, f"{where}: {actual!r}, expected {expected!r}"
E       AssertionError: limits GT2-0013 total: 1426000, expected 1425700
E       assert (<class 'int'> is <class 'int'> and 1426000 == 1425700)
E        +  where <class 'int'> = type(1426000)
E        +  and   <class 'int'> = type(1425700)

/tests/test_outputs.py:192: AssertionError
__________________________ test_generated_exits_files __________________________

    def test_generated_exits_files():
        """Seeded files of cars and vans, as sealed and under fresh labels."""
>       check_family("generated")

/tests/test_outputs.py:275: 
_ _ _ _ _ _ _ _ _ _ _ _ _ _ _ _ _ _ _ _ _ _ _ _ _ _ _ _ _ _ _ _ _ _ _ _ _ _ _ _ 
/tests/test_outputs.py:210: in check_family
    compare(run(row["sessions"]), row["statement"], f"{name} {row['sessions']['garage']}")
/tests/test_outputs.py:199: in compare
    _same(actual["total"], expected["total"], f"{label} total")
_ _ _ _ _ _ _ _ _ _ _ _ _ _ _ _ _ _ _ _ _ _ _ _ _ _ _ _ _ _ _ _ _ _ _ _ _ _ _ _ 

actual = 81550, expected = 81100, where = 'generated GT2-0010 total'

    def _same(actual, expected, where):
>       assert type(actual) is type(expected) and actual == expected, f"{where}: {actual!r}, expected {expected!r}"
E       AssertionError: generated GT2-0010 total: 81550, expected 81100
E       assert (<class 'int'> is <class 'int'> and 81550 == 81100)
E        +  where <class 'int'> = type(81550)
E        +  and   <class 'int'> = type(81100)

/tests/test_outputs.py:192: AssertionError
==================================== PASSES ====================================
=========================== short test summary info ============================
PASSED ../../tests/test_outputs.py::test_rule_3_1_hourly_rates
PASSED ../../tests/test_outputs.py::test_rule_3_3_car_and_van_maximum
PASSED ../../tests/test_outputs.py::test_total_and_session_order
PASSED ../../tests/test_outputs.py::test_candidate_cannot_read_verifier_state
PASSED ../../tests/test_outputs.py::test_submitted_driver_unchanged
FAILED ../../tests/test_outputs.py::test_rule_2_2_grace_period_and_hours - As...
FAILED ../../tests/test_outputs.py::test_validated_ticket_keeps_todays_amount_due
FAILED ../../tests/test_outputs.py::test_motorcycle_keeps_todays_uncapped_fee
FAILED ../../tests/test_outputs.py::test_figures_left_to_todays_code_together
FAILED ../../tests/test_outputs.py::test_rule_1_2_limits_reached - AssertionE...
FAILED ../../tests/test_outputs.py::test_generated_exits_files - AssertionErr...
========================= 6 failed, 5 passed in 0.79s ==========================
