============================= test session starts ==============================
platform linux -- Python 3.13.12, pytest-9.1.1, pluggy-1.6.0
rootdir: /tests
plugins: json-ctrf-0.5.2
collected 11 items

../../tests/test_outputs.py F..........                                  [100%]

=================================== FAILURES ===================================
_____________________ test_rule_2_2_grace_period_and_hours _____________________

    def test_rule_2_2_grace_period_and_hours():
        """0, 15 and 16 minutes; 60 and 61 minutes charged 1 and 2 hours."""
>       check_family("grace")

/tests/test_outputs.py:215: 
_ _ _ _ _ _ _ _ _ _ _ _ _ _ _ _ _ _ _ _ _ _ _ _ _ _ _ _ _ _ _ _ _ _ _ _ _ _ _ _ 
/tests/test_outputs.py:210: in check_family
    compare(run(row["sessions"]), row["statement"], f"{name} {row['sessions']['garage']}")
/tests/test_outputs.py:199: in compare
    _same(actual["total"], expected["total"], f"{label} total")
_ _ _ _ _ _ _ _ _ _ _ _ _ _ _ _ _ _ _ _ _ _ _ _ _ _ _ _ _ _ _ _ _ _ _ _ _ _ _ _ 

actual = 900, expected = 1650, where = 'grace GT2-0001 total'

    def _same(actual, expected, where):
>       assert type(actual) is type(expected) and actual == expected, f"{where}: {actual!r}, expected {expected!r}"
E       AssertionError: grace GT2-0001 total: 900, expected 1650
E       assert (<class 'int'> is <class 'int'> and 900 == 1650)
E        +  where <class 'int'> = type(900)
E        +  and   <class 'int'> = type(1650)

/tests/test_outputs.py:192: AssertionError
==================================== PASSES ====================================
=========================== short test summary info ============================
PASSED ../../tests/test_outputs.py::test_rule_3_1_hourly_rates
PASSED ../../tests/test_outputs.py::test_rule_3_3_car_and_van_maximum
PASSED ../../tests/test_outputs.py::test_total_and_session_order
PASSED ../../tests/test_outputs.py::test_validated_ticket_keeps_todays_amount_due
PASSED ../../tests/test_outputs.py::test_motorcycle_keeps_todays_uncapped_fee
PASSED ../../tests/test_outputs.py::test_figures_left_to_todays_code_together
PASSED ../../tests/test_outputs.py::test_rule_1_2_limits_reached
PASSED ../../tests/test_outputs.py::test_generated_exits_files
PASSED ../../tests/test_outputs.py::test_candidate_cannot_read_verifier_state
PASSED ../../tests/test_outputs.py::test_submitted_driver_unchanged
FAILED ../../tests/test_outputs.py::test_rule_2_2_grace_period_and_hours - As...
========================= 1 failed, 10 passed in 0.87s =========================
