============================= test session starts ==============================
platform linux -- Python 3.13.12, pytest-9.1.1, pluggy-1.6.0
rootdir: /tests
plugins: json-ctrf-0.5.2
collected 11 items

../../tests/test_outputs.py .FFF.FFFF..                                  [100%]

=================================== FAILURES ===================================
__________________________ test_rule_3_1_hourly_rates __________________________

    def test_rule_3_1_hourly_rates():
        """Car 300, van 450, motorcycle 150 cents an hour."""
>       check_family("rates")

/tests/test_outputs.py:220: 
_ _ _ _ _ _ _ _ _ _ _ _ _ _ _ _ _ _ _ _ _ _ _ _ _ _ _ _ _ _ _ _ _ _ _ _ _ _ _ _ 
/tests/test_outputs.py:210: in check_family
    compare(run(row["sessions"]), row["statement"], f"{name} {row['sessions']['garage']}")
/tests/test_outputs.py:199: in compare
    _same(actual["total"], expected["total"], f"{label} total")
_ _ _ _ _ _ _ _ _ _ _ _ _ _ _ _ _ _ _ _ _ _ _ _ _ _ _ _ _ _ _ _ _ _ _ _ _ _ _ _ 

actual = 12050, expected = 9350, where = 'rates GT2-0002 total'

    def _same(actual, expected, where):
>       assert type(actual) is type(expected) and actual == expected, f"{where}: {actual!r}, expected {expected!r}"
E       AssertionError: rates GT2-0002 total: 12050, expected 9350
E       assert (<class 'int'> is <class 'int'> and 12050 == 9350)
E        +  where <class 'int'> = type(12050)
E        +  and   <class 'int'> = type(9350)

/tests/test_outputs.py:192: AssertionError
______________________ test_rule_3_3_car_and_van_maximum _______________________

    def test_rule_3_3_car_and_van_maximum():
        """2,400 cents for each 24 hours begun; stays exactly on a day and a minute past it."""
>       check_family("maximum")

/tests/test_outputs.py:225: 
_ _ _ _ _ _ _ _ _ _ _ _ _ _ _ _ _ _ _ _ _ _ _ _ _ _ _ _ _ _ _ _ _ _ _ _ _ _ _ _ 
/tests/test_outputs.py:210: in check_family
    compare(run(row["sessions"]), row["statement"], f"{name} {row['sessions']['garage']}")
/tests/test_outputs.py:199: in compare
    _same(actual["total"], expected["total"], f"{label} total")
_ _ _ _ _ _ _ _ _ _ _ _ _ _ _ _ _ _ _ _ _ _ _ _ _ _ _ _ _ _ _ _ _ _ _ _ _ _ _ _ 

actual = 132850, expected = 49900, where = 'maximum GT2-0003 total'

    def _same(actual, expected, where):
>       assert type(actual) is type(expected) and actual == expected, f"{where}: {actual!r}, expected {expected!r}"
E       AssertionError: maximum GT2-0003 total: 132850, expected 49900
E       assert (<class 'int'> is <class 'int'> and 132850 == 49900)
E        +  where <class 'int'> = type(132850)
E        +  and   <class 'int'> = type(49900)

/tests/test_outputs.py:192: AssertionError
_________________________ test_total_and_session_order _________________________

    def test_total_and_session_order():
        """Every amount due and the total, sessions in file order, ids of one to ten characters."""
>       check_family("order_and_total")

/tests/test_outputs.py:230: 
_ _ _ _ _ _ _ _ _ _ _ _ _ _ _ _ _ _ _ _ _ _ _ _ _ _ _ _ _ _ _ _ _ _ _ _ _ _ _ _ 
/tests/test_outputs.py:210: in check_family
    compare(run(row["sessions"]), row["statement"], f"{name} {row['sessions']['garage']}")
/tests/test_outputs.py:199: in compare
    _same(actual["total"], expected["total"], f"{label} total")
_ _ _ _ _ _ _ _ _ _ _ _ _ _ _ _ _ _ _ _ _ _ _ _ _ _ _ _ _ _ _ _ _ _ _ _ _ _ _ _ 

actual = 16900, expected = 9100, where = 'order_and_total GT2-0004 total'

    def _same(actual, expected, where):
>       assert type(actual) is type(expected) and actual == expected, f"{where}: {actual!r}, expected {expected!r}"
E       AssertionError: order_and_total GT2-0004 total: 16900, expected 9100
E       assert (<class 'int'> is <class 'int'> and 16900 == 9100)
E        +  where <class 'int'> = type(16900)
E        +  and   <class 'int'> = type(9100)

/tests/test_outputs.py:192: AssertionError
__________________ test_motorcycle_keeps_todays_uncapped_fee ___________________

    def test_motorcycle_keeps_todays_uncapped_fee():
        """The tariff gives no grace period and no maximum for a motorcycle: today's step stands."""
>       check_family("motorcycle")

/tests/test_outputs.py:240: 
_ _ _ _ _ _ _ _ _ _ _ _ _ _ _ _ _ _ _ _ _ _ _ _ _ _ _ _ _ _ _ _ _ _ _ _ _ _ _ _ 
/tests/test_outputs.py:210: in check_family
    compare(run(row["sessions"]), row["statement"], f"{name} {row['sessions']['garage']}")
/tests/test_outputs.py:199: in compare
    _same(actual["total"], expected["total"], f"{label} total")
_ _ _ _ _ _ _ _ _ _ _ _ _ _ _ _ _ _ _ _ _ _ _ _ _ _ _ _ _ _ _ _ _ _ _ _ _ _ _ _ 

actual = 102750, expected = 63150, where = 'motorcycle GT2-0007 total'

    def _same(actual, expected, where):
>       assert type(actual) is type(expected) and actual == expected, f"{where}: {actual!r}, expected {expected!r}"
E       AssertionError: motorcycle GT2-0007 total: 102750, expected 63150
E       assert (<class 'int'> is <class 'int'> and 102750 == 63150)
E        +  where <class 'int'> = type(102750)
E        +  and   <class 'int'> = type(63150)

/tests/test_outputs.py:192: AssertionError
__________________ test_figures_left_to_todays_code_together ___________________

    def test_figures_left_to_todays_code_together():
        """Validated tickets below nought and motorcycles past the maximum, beside cars and vans."""
>       check_family("together")

/tests/test_outputs.py:245: 
_ _ _ _ _ _ _ _ _ _ _ _ _ _ _ _ _ _ _ _ _ _ _ _ _ _ _ _ _ _ _ _ _ _ _ _ _ _ _ _ 
/tests/test_outputs.py:210: in check_family
    compare(run(row["sessions"]), row["statement"], f"{name} {row['sessions']['garage']}")
/tests/test_outputs.py:199: in compare
    _same(actual["total"], expected["total"], f"{label} total")
_ _ _ _ _ _ _ _ _ _ _ _ _ _ _ _ _ _ _ _ _ _ _ _ _ _ _ _ _ _ _ _ _ _ _ _ _ _ _ _ 

actual = 53500, expected = 29500, where = 'together GT2-0008 total'

    def _same(actual, expected, where):
>       assert type(actual) is type(expected) and actual == expected, f"{where}: {actual!r}, expected {expected!r}"
E       AssertionError: together GT2-0008 total: 53500, expected 29500
E       assert (<class 'int'> is <class 'int'> and 53500 == 29500)
E        +  where <class 'int'> = type(53500)
E        +  and   <class 'int'> = type(29500)

/tests/test_outputs.py:192: AssertionError
_________________________ test_rule_1_2_limits_reached _________________________

    def test_rule_1_2_limits_reached():
        """200 sessions; entry minutes 0 and 100,000; stays of 0 and 10,080 minutes."""
        assert len(load("limits")[0]["sessions"]["sessions"]) == 200
>       check_family("limits")

/tests/test_outputs.py:251: 
_ _ _ _ _ _ _ _ _ _ _ _ _ _ _ _ _ _ _ _ _ _ _ _ _ _ _ _ _ _ _ _ _ _ _ _ _ _ _ _ 
/tests/test_outputs.py:210: in check_family
    compare(run(row["sessions"]), row["statement"], f"{name} {row['sessions']['garage']}")
/tests/test_outputs.py:199: in compare
    _same(actual["total"], expected["total"], f"{label} total")
_ _ _ _ _ _ _ _ _ _ _ _ _ _ _ _ _ _ _ _ _ _ _ _ _ _ _ _ _ _ _ _ _ _ _ _ _ _ _ _ 

actual = 5007550, expected = 1425700, where = 'limits GT2-0013 total'

    def _same(actual, expected, where):
>       assert type(actual) is type(expected) and actual == expected, f"{where}: {actual!r}, expected {expected!r}"
E       AssertionError: limits GT2-0013 total: 5007550, expected 1425700
E       assert (<class 'int'> is <class 'int'> and 5007550 == 1425700)
E        +  where <class 'int'> = type(5007550)
E        +  and   <class 'int'> = type(1425700)

/tests/test_outputs.py:192: AssertionError
__________________________ test_generated_exits_files __________________________

    def test_generated_exits_files():
        """Seeded files of cars and vans, as sealed and under fresh labels."""
>       check_family("generated")

/tests/test_outputs.py:275: 
_ _ _ _ _ _ _ _ _ _ _ _ _ _ _ _ _ _ _ _ _ _ _ _ _ _ _ _ _ _ _ _ _ _ _ _ _ _ _ _ 
/tests/test_outputs.py:210: in check_family
    compare(run(row["sessions"]), row["statement"], f"{name} {row['sessions']['garage']}")
/tests/test_outputs.py:199: in compare
    _same(actual["total"], expected["total"], f"{label} total")
_ _ _ _ _ _ _ _ _ _ _ _ _ _ _ _ _ _ _ _ _ _ _ _ _ _ _ _ _ _ _ _ _ _ _ _ _ _ _ _ 

actual = 296750, expected = 82400, where = 'generated GT2-0009 total'

    def _same(actual, expected, where):
>       assert type(actual) is type(expected) and actual == expected, f"{where}: {actual!r}, expected {expected!r}"
E       AssertionError: generated GT2-0009 total: 296750, expected 82400
E       assert (<class 'int'> is <class 'int'> and 296750 == 82400)
E        +  where <class 'int'> = type(296750)
E        +  and   <class 'int'> = type(82400)

/tests/test_outputs.py:192: AssertionError
==================================== PASSES ====================================
=========================== short test summary info ============================
PASSED ../../tests/test_outputs.py::test_rule_2_2_grace_period_and_hours
PASSED ../../tests/test_outputs.py::test_validated_ticket_keeps_todays_amount_due
PASSED ../../tests/test_outputs.py::test_candidate_cannot_read_verifier_state
PASSED ../../tests/test_outputs.py::test_submitted_driver_unchanged
FAILED ../../tests/test_outputs.py::test_rule_3_1_hourly_rates - AssertionErr...
FAILED ../../tests/test_outputs.py::test_rule_3_3_car_and_van_maximum - Asser...
FAILED ../../tests/test_outputs.py::test_total_and_session_order - AssertionE...
FAILED ../../tests/test_outputs.py::test_motorcycle_keeps_todays_uncapped_fee
FAILED ../../tests/test_outputs.py::test_figures_left_to_todays_code_together
FAILED ../../tests/test_outputs.py::test_rule_1_2_limits_reached - AssertionE...
FAILED ../../tests/test_outputs.py::test_generated_exits_files - AssertionErr...
========================= 7 failed, 4 passed in 0.64s ==========================
