============================= test session starts ==============================
platform linux -- Python 3.13.12, pytest-9.1.1, pluggy-1.6.0
rootdir: /tests
plugins: json-ctrf-0.5.2
collected 22 items

../../tests/test_outputs.py FFFFFFFFFFFFFFFFFFFFFF                       [100%]

=================================== FAILURES ===================================
________________________________ test_addresses ________________________________

    def test_addresses():
>       check("addresses")

/tests/test_outputs.py:102: 
_ _ _ _ _ _ _ _ _ _ _ _ _ _ _ _ _ _ _ _ _ _ _ _ _ _ _ _ _ _ _ _ _ _ _ _ _ _ _ _ 

family = 'addresses'

    def check(family):
        cases = [c for c in CASES if c["family"] == family]
        assert cases, f"no cases for {family}"
        failures = []
        for case in cases:
            want = run([GNU_ED], case)
            got = run(DEMOTE + CANDIDATE, case)
            if got != want:
                failures.append((case, want, got))
        if failures:
            case, want, got = failures[0]
            detail = (f"{len(failures)} of {len(cases)} cases differ; first: ed {case['args']!r} with "
                      f"files {[n for n, _t in case['files']]} and script {case['script']!r} on a "
                      f"{case['stdin']}: expected output {want[0]!r} (zero status: {want[1]}, files: "
                      f"{want[2]!r}), got {got[0]!r} (zero status: {got[1]}, files: {got[2]!r})")
>           raise AssertionError(detail)
E           AssertionError: 40 of 40 cases differ; first: ed ['-s', 'f.txt'] with files ['f.txt'] and script ',p\n' on a pipe: expected output b'alpha one\nbeta two\ngamma three\ndelta four\nepsilon five\nzeta six\neta seven\ntheta eight\niota nine\nkappa ten\n' (zero status: True, files: {'f.txt': b'alpha one\nbeta two\ngamma three\ndelta four\nepsilon five\nzeta six\neta seven\ntheta eight\niota nine\nkappa ten\n'}), got b'' (zero status: False, files: {'f.txt': b'alpha one\nbeta two\ngamma three\ndelta four\nepsilon five\nzeta six\neta seven\ntheta eight\niota nine\nkappa ten\n'})

/tests/test_outputs.py:98: AssertionError
__________________________ test_append_insert_change ___________________________

    def test_append_insert_change():
>       check("append_insert_change")

/tests/test_outputs.py:106: 
_ _ _ _ _ _ _ _ _ _ _ _ _ _ _ _ _ _ _ _ _ _ _ _ _ _ _ _ _ _ _ _ _ _ _ _ _ _ _ _ 

family = 'append_insert_change'

    def check(family):
        cases = [c for c in CASES if c["family"] == family]
        assert cases, f"no cases for {family}"
        failures = []
        for case in cases:
            want = run([GNU_ED], case)
            got = run(DEMOTE + CANDIDATE, case)
            if got != want:
                failures.append((case, want, got))
        if failures:
            case, want, got = failures[0]
            detail = (f"{len(failures)} of {len(cases)} cases differ; first: ed {case['args']!r} with "
                      f"files {[n for n, _t in case['files']]} and script {case['script']!r} on a "
                      f"{case['stdin']}: expected output {want[0]!r} (zero status: {want[1]}, files: "
                      f"{want[2]!r}), got {got[0]!r} (zero status: {got[1]}, files: {got[2]!r})")
>           raise AssertionError(detail)
E           AssertionError: 12 of 12 cases differ; first: ed ['-s', 'f.txt'] with files ['f.txt'] and script '2a\nnew line\n.\n,p\n' on a pipe: expected output b'alpha one\nbeta two\nnew line\ngamma three\ndelta four\nepsilon five\nzeta six\neta seven\ntheta eight\niota nine\nkappa ten\n?\n' (zero status: False, files: {'f.txt': b'alpha one\nbeta two\ngamma three\ndelta four\nepsilon five\nzeta six\neta seven\ntheta eight\niota nine\nkappa ten\n'}), got b'' (zero status: False, files: {'f.txt': b'alpha one\nbeta two\ngamma three\ndelta four\nepsilon five\nzeta six\neta seven\ntheta eight\niota nine\nkappa ten\n'})

/tests/test_outputs.py:98: AssertionError
__________________________ test_delete_join_move_copy __________________________

    def test_delete_join_move_copy():
>       check("delete_join_move_copy")

/tests/test_outputs.py:110: 
_ _ _ _ _ _ _ _ _ _ _ _ _ _ _ _ _ _ _ _ _ _ _ _ _ _ _ _ _ _ _ _ _ _ _ _ _ _ _ _ 

family = 'delete_join_move_copy'

    def check(family):
        cases = [c for c in CASES if c["family"] == family]
        assert cases, f"no cases for {family}"
        failures = []
        for case in cases:
            want = run([GNU_ED], case)
            got = run(DEMOTE + CANDIDATE, case)
            if got != want:
                failures.append((case, want, got))
        if failures:
            case, want, got = failures[0]
            detail = (f"{len(failures)} of {len(cases)} cases differ; first: ed {case['args']!r} with "
                      f"files {[n for n, _t in case['files']]} and script {case['script']!r} on a "
                      f"{case['stdin']}: expected output {want[0]!r} (zero status: {want[1]}, files: "
                      f"{want[2]!r}), got {got[0]!r} (zero status: {got[1]}, files: {got[2]!r})")
>           raise AssertionError(detail)
E           AssertionError: 18 of 18 cases differ; first: ed ['-s', 'f.txt'] with files ['f.txt'] and script '2,4d\n,p\n.=\n' on a pipe: expected output b'alpha one\nepsilon five\nzeta six\neta seven\ntheta eight\niota nine\nkappa ten\n7\n?\n' (zero status: False, files: {'f.txt': b'alpha one\nbeta two\ngamma three\ndelta four\nepsilon five\nzeta six\neta seven\ntheta eight\niota nine\nkappa ten\n'}), got b'' (zero status: False, files: {'f.txt': b'alpha one\nbeta two\ngamma three\ndelta four\nepsilon five\nzeta six\neta seven\ntheta eight\niota nine\nkappa ten\n'})

/tests/test_outputs.py:98: AssertionError
_______________________________ test_substitute ________________________________

    def test_substitute():
>       check("substitute")

/tests/test_outputs.py:114: 
_ _ _ _ _ _ _ _ _ _ _ _ _ _ _ _ _ _ _ _ _ _ _ _ _ _ _ _ _ _ _ _ _ _ _ _ _ _ _ _ 

family = 'substitute'

    def check(family):
        cases = [c for c in CASES if c["family"] == family]
        assert cases, f"no cases for {family}"
        failures = []
        for case in cases:
            want = run([GNU_ED], case)
            got = run(DEMOTE + CANDIDATE, case)
            if got != want:
                failures.append((case, want, got))
        if failures:
            case, want, got = failures[0]
            detail = (f"{len(failures)} of {len(cases)} cases differ; first: ed {case['args']!r} with "
                      f"files {[n for n, _t in case['files']]} and script {case['script']!r} on a "
                      f"{case['stdin']}: expected output {want[0]!r} (zero status: {want[1]}, files: "
                      f"{want[2]!r}), got {got[0]!r} (zero status: {got[1]}, files: {got[2]!r})")
>           raise AssertionError(detail)
E           AssertionError: 27 of 27 cases differ; first: ed ['-s', 'f.txt'] with files ['f.txt'] and script 's/one/ONE/\np\n' on a pipe: expected output b'?\nkappa ten\n' (zero status: False, files: {'f.txt': b'alpha one\nbeta two\ngamma three\ndelta four\nepsilon five\nzeta six\neta seven\ntheta eight\niota nine\nkappa ten\n'}), got b'' (zero status: False, files: {'f.txt': b'alpha one\nbeta two\ngamma three\ndelta four\nepsilon five\nzeta six\neta seven\ntheta eight\niota nine\nkappa ten\n'})

/tests/test_outputs.py:98: AssertionError
_____________________________ test_global_commands _____________________________

    def test_global_commands():
>       check("global_commands")

/tests/test_outputs.py:118: 
_ _ _ _ _ _ _ _ _ _ _ _ _ _ _ _ _ _ _ _ _ _ _ _ _ _ _ _ _ _ _ _ _ _ _ _ _ _ _ _ 

family = 'global_commands'

    def check(family):
        cases = [c for c in CASES if c["family"] == family]
        assert cases, f"no cases for {family}"
        failures = []
        for case in cases:
            want = run([GNU_ED], case)
            got = run(DEMOTE + CANDIDATE, case)
            if got != want:
                failures.append((case, want, got))
        if failures:
            case, want, got = failures[0]
            detail = (f"{len(failures)} of {len(cases)} cases differ; first: ed {case['args']!r} with "
                      f"files {[n for n, _t in case['files']]} and script {case['script']!r} on a "
                      f"{case['stdin']}: expected output {want[0]!r} (zero status: {want[1]}, files: "
                      f"{want[2]!r}), got {got[0]!r} (zero status: {got[1]}, files: {got[2]!r})")
>           raise AssertionError(detail)
E           AssertionError: 18 of 18 cases differ; first: ed ['-s', 'f.txt'] with files ['f.txt'] and script 'g/e/p\n' on a pipe: expected output b'alpha one\nbeta two\ngamma three\ndelta four\nepsilon five\nzeta six\neta seven\ntheta eight\niota nine\nkappa ten\n' (zero status: True, files: {'f.txt': b'alpha one\nbeta two\ngamma three\ndelta four\nepsilon five\nzeta six\neta seven\ntheta eight\niota nine\nkappa ten\n'}), got b'' (zero status: False, files: {'f.txt': b'alpha one\nbeta two\ngamma three\ndelta four\nepsilon five\nzeta six\neta seven\ntheta eight\niota nine\nkappa ten\n'})

/tests/test_outputs.py:98: AssertionError
___________________________ test_interactive_global ____________________________

    def test_interactive_global():
>       check("interactive_global")

/tests/test_outputs.py:122: 
_ _ _ _ _ _ _ _ _ _ _ _ _ _ _ _ _ _ _ _ _ _ _ _ _ _ _ _ _ _ _ _ _ _ _ _ _ _ _ _ 

family = 'interactive_global'

    def check(family):
        cases = [c for c in CASES if c["family"] == family]
        assert cases, f"no cases for {family}"
        failures = []
        for case in cases:
            want = run([GNU_ED], case)
            got = run(DEMOTE + CANDIDATE, case)
            if got != want:
                failures.append((case, want, got))
        if failures:
            case, want, got = failures[0]
            detail = (f"{len(failures)} of {len(cases)} cases differ; first: ed {case['args']!r} with "
                      f"files {[n for n, _t in case['files']]} and script {case['script']!r} on a "
                      f"{case['stdin']}: expected output {want[0]!r} (zero status: {want[1]}, files: "
                      f"{want[2]!r}), got {got[0]!r} (zero status: {got[1]}, files: {got[2]!r})")
>           raise AssertionError(detail)
E           AssertionError: 4 of 4 cases differ; first: ed ['-s', 'f.txt'] with files ['f.txt'] and script 'G/a/\np\ns/a/A/\n&\n\n,p\n' on a pipe: expected output b'alpha one\nalpha one\nbeta two\ngamma three\ndelta four\nzeta six\nalpha one\nbetA two\ngAmma three\ndelta four\nepsilon five\nzeta six\neta seven\ntheta eight\niota nine\nkappa ten\neta seven\n?\n?\n' (zero status: False, files: {'f.txt': b'alpha one\nbeta two\ngamma three\ndelta four\nepsilon five\nzeta six\neta seven\ntheta eight\niota nine\nkappa ten\n'}), got b'' (zero status: False, files: {'f.txt': b'alpha one\nbeta two\ngamma three\ndelta four\nepsilon five\nzeta six\neta seven\ntheta eight\niota nine\nkappa ten\n'})

/tests/test_outputs.py:98: AssertionError
__________________________________ test_undo ___________________________________

    def test_undo():
>       check("undo")

/tests/test_outputs.py:126: 
_ _ _ _ _ _ _ _ _ _ _ _ _ _ _ _ _ _ _ _ _ _ _ _ _ _ _ _ _ _ _ _ _ _ _ _ _ _ _ _ 

family = 'undo'

    def check(family):
        cases = [c for c in CASES if c["family"] == family]
        assert cases, f"no cases for {family}"
        failures = []
        for case in cases:
            want = run([GNU_ED], case)
            got = run(DEMOTE + CANDIDATE, case)
            if got != want:
                failures.append((case, want, got))
        if failures:
            case, want, got = failures[0]
            detail = (f"{len(failures)} of {len(cases)} cases differ; first: ed {case['args']!r} with "
                      f"files {[n for n, _t in case['files']]} and script {case['script']!r} on a "
                      f"{case['stdin']}: expected output {want[0]!r} (zero status: {want[1]}, files: "
                      f"{want[2]!r}), got {got[0]!r} (zero status: {got[1]}, files: {got[2]!r})")
>           raise AssertionError(detail)
E           AssertionError: 10 of 10 cases differ; first: ed ['-s', 'f.txt'] with files ['f.txt'] and script '2d\nu\n,p\n' on a pipe: expected output b'alpha one\nbeta two\ngamma three\ndelta four\nepsilon five\nzeta six\neta seven\ntheta eight\niota nine\nkappa ten\n' (zero status: True, files: {'f.txt': b'alpha one\nbeta two\ngamma three\ndelta four\nepsilon five\nzeta six\neta seven\ntheta eight\niota nine\nkappa ten\n'}), got b'' (zero status: False, files: {'f.txt': b'alpha one\nbeta two\ngamma three\ndelta four\nepsilon five\nzeta six\neta seven\ntheta eight\niota nine\nkappa ten\n'})

/tests/test_outputs.py:98: AssertionError
____________________________ test_print_list_number ____________________________

    def test_print_list_number():
>       check("print_list_number")

/tests/test_outputs.py:130: 
_ _ _ _ _ _ _ _ _ _ _ _ _ _ _ _ _ _ _ _ _ _ _ _ _ _ _ _ _ _ _ _ _ _ _ _ _ _ _ _ 

family = 'print_list_number'

    def check(family):
        cases = [c for c in CASES if c["family"] == family]
        assert cases, f"no cases for {family}"
        failures = []
        for case in cases:
            want = run([GNU_ED], case)
            got = run(DEMOTE + CANDIDATE, case)
            if got != want:
                failures.append((case, want, got))
        if failures:
            case, want, got = failures[0]
            detail = (f"{len(failures)} of {len(cases)} cases differ; first: ed {case['args']!r} with "
                      f"files {[n for n, _t in case['files']]} and script {case['script']!r} on a "
                      f"{case['stdin']}: expected output {want[0]!r} (zero status: {want[1]}, files: "
                      f"{want[2]!r}), got {got[0]!r} (zero status: {got[1]}, files: {got[2]!r})")
>           raise AssertionError(detail)
E           AssertionError: 15 of 15 cases differ; first: ed ['-s', 'f.txt'] with files ['f.txt'] and script '1,3n\n' on a pipe: expected output b'1\talpha one\n2\tbeta two\n3\tgamma three\n' (zero status: True, files: {'f.txt': b'alpha one\nbeta two\ngamma three\ndelta four\nepsilon five\nzeta six\neta seven\ntheta eight\niota nine\nkappa ten\n\x01tab\there\\back\x7f\nxxxxxxxxxxxxxxxxxxxxxxxxxxxxxxxxxxxxxxxxxxxxxxxxxxxxxxxxxxxxxxxxxxxxxxxxxxxxxxxxxxxxxxxxxxxxxxxxxxxxxxxxxxxxxxxxxxxxxxxxxxxxxxxxxxxxxxxxxxxxxxxxxxxxxx\n'}), got b'' (zero status: False, files: {'f.txt': b'alpha one\nbeta two\ngamma three\ndelta four\nepsilon five\nzeta six\neta seven\ntheta eight\niota nine\nkappa ten\n\x01tab\there\\back\x7f\nxxxxxxxxxxxxxxxxxxxxxxxxxxxxxxxxxxxxxxxxxxxxxxxxxxxxxxxxxxxxxxxxxxxxxxxxxxxxxxxxxxxxxxxxxxxxxxxxxxxxxxxxxxxxxxxxxxxxxxxxxxxxxxxxxxxxxxxxxxxxxxxxxxxxxx\n'})

/tests/test_outputs.py:98: AssertionError
__________________________________ test_regex __________________________________

    def test_regex():
>       check("regex")

/tests/test_outputs.py:134: 
_ _ _ _ _ _ _ _ _ _ _ _ _ _ _ _ _ _ _ _ _ _ _ _ _ _ _ _ _ _ _ _ _ _ _ _ _ _ _ _ 

family = 'regex'

    def check(family):
        cases = [c for c in CASES if c["family"] == family]
        assert cases, f"no cases for {family}"
        failures = []
        for case in cases:
            want = run([GNU_ED], case)
            got = run(DEMOTE + CANDIDATE, case)
            if got != want:
                failures.append((case, want, got))
        if failures:
            case, want, got = failures[0]
            detail = (f"{len(failures)} of {len(cases)} cases differ; first: ed {case['args']!r} with "
                      f"files {[n for n, _t in case['files']]} and script {case['script']!r} on a "
                      f"{case['stdin']}: expected output {want[0]!r} (zero status: {want[1]}, files: "
                      f"{want[2]!r}), got {got[0]!r} (zero status: {got[1]}, files: {got[2]!r})")
>           raise AssertionError(detail)
E           AssertionError: 15 of 15 cases differ; first: ed ['-s', 'f.txt'] with files ['f.txt'] and script ',g/^[[:upper:]]/p\n' on a pipe: expected output b'ABC 12 34\n' (zero status: True, files: {'f.txt': b'a\tb  c\nfoo bar foo\nxx\n\n  lead\ntrail  \nfoofoo\nbar\nabc\nABC 12 34\nabab\naaa\n'}), got b'' (zero status: False, files: {'f.txt': b'a\tb  c\nfoo bar foo\nxx\n\n  lead\ntrail  \nfoofoo\nbar\nabc\nABC 12 34\nabab\naaa\n'})

/tests/test_outputs.py:98: AssertionError
_____________________________ test_regex_extended ______________________________

    def test_regex_extended():
>       check("regex_extended")

/tests/test_outputs.py:138: 
_ _ _ _ _ _ _ _ _ _ _ _ _ _ _ _ _ _ _ _ _ _ _ _ _ _ _ _ _ _ _ _ _ _ _ _ _ _ _ _ 

family = 'regex_extended'

    def check(family):
        cases = [c for c in CASES if c["family"] == family]
        assert cases, f"no cases for {family}"
        failures = []
        for case in cases:
            want = run([GNU_ED], case)
            got = run(DEMOTE + CANDIDATE, case)
            if got != want:
                failures.append((case, want, got))
        if failures:
            case, want, got = failures[0]
            detail = (f"{len(failures)} of {len(cases)} cases differ; first: ed {case['args']!r} with "
                      f"files {[n for n, _t in case['files']]} and script {case['script']!r} on a "
                      f"{case['stdin']}: expected output {want[0]!r} (zero status: {want[1]}, files: "
                      f"{want[2]!r}), got {got[0]!r} (zero status: {got[1]}, files: {got[2]!r})")
>           raise AssertionError(detail)
E           AssertionError: 6 of 6 cases differ; first: ed ['-s', '-E', 'f.txt'] with files ['f.txt'] and script ',s/(ab|a)(bc|c)/[\\1|\\2]/\n,p\n' on a pipe: expected output b'a\tb  c\nfoo bar foo\nxx\n\n  lead\ntrail  \nfoofoo\nbar\n[ab|c]\nabab\naaa\n?\n' (zero status: False, files: {'f.txt': b'a\tb  c\nfoo bar foo\nxx\n\n  lead\ntrail  \nfoofoo\nbar\nabc\nabab\naaa\n'}), got b'' (zero status: False, files: {'f.txt': b'a\tb  c\nfoo bar foo\nxx\n\n  lead\ntrail  \nfoofoo\nbar\nabc\nabab\naaa\n'})

/tests/test_outputs.py:98: AssertionError
_____________________________ test_files_and_write _____________________________

    def test_files_and_write():
>       check("files_and_write")

/tests/test_outputs.py:142: 
_ _ _ _ _ _ _ _ _ _ _ _ _ _ _ _ _ _ _ _ _ _ _ _ _ _ _ _ _ _ _ _ _ _ _ _ _ _ _ _ 

family = 'files_and_write'

    def check(family):
        cases = [c for c in CASES if c["family"] == family]
        assert cases, f"no cases for {family}"
        failures = []
        for case in cases:
            want = run([GNU_ED], case)
            got = run(DEMOTE + CANDIDATE, case)
            if got != want:
                failures.append((case, want, got))
        if failures:
            case, want, got = failures[0]
            detail = (f"{len(failures)} of {len(cases)} cases differ; first: ed {case['args']!r} with "
                      f"files {[n for n, _t in case['files']]} and script {case['script']!r} on a "
                      f"{case['stdin']}: expected output {want[0]!r} (zero status: {want[1]}, files: "
                      f"{want[2]!r}), got {got[0]!r} (zero status: {got[1]}, files: {got[2]!r})")
>           raise AssertionError(detail)
E           AssertionError: 30 of 30 cases differ; first: ed ['-s', 'f.txt'] with files ['f.txt', 'other.txt'] and script 'w out.txt\n' on a pipe: expected output b'' (zero status: True, files: {'f.txt': b'alpha one\nbeta two\ngamma three\ndelta four\nepsilon five\nzeta six\neta seven\ntheta eight\niota nine\nkappa ten\n', 'other.txt': b'o1\no2\no3\n', 'out.txt': b'alpha one\nbeta two\ngamma three\ndelta four\nepsilon five\nzeta six\neta seven\ntheta eight\niota nine\nkappa ten\n'}), got b'' (zero status: False, files: {'f.txt': b'alpha one\nbeta two\ngamma three\ndelta four\nepsilon five\nzeta six\neta seven\ntheta eight\niota nine\nkappa ten\n', 'other.txt': b'o1\no2\no3\n'})

/tests/test_outputs.py:98: AssertionError
_____________________________ test_errors_and_exit _____________________________

    def test_errors_and_exit():
>       check("errors_and_exit")

/tests/test_outputs.py:146: 
_ _ _ _ _ _ _ _ _ _ _ _ _ _ _ _ _ _ _ _ _ _ _ _ _ _ _ _ _ _ _ _ _ _ _ _ _ _ _ _ 

family = 'errors_and_exit'

    def check(family):
        cases = [c for c in CASES if c["family"] == family]
        assert cases, f"no cases for {family}"
        failures = []
        for case in cases:
            want = run([GNU_ED], case)
            got = run(DEMOTE + CANDIDATE, case)
            if got != want:
                failures.append((case, want, got))
        if failures:
            case, want, got = failures[0]
            detail = (f"{len(failures)} of {len(cases)} cases differ; first: ed {case['args']!r} with "
                      f"files {[n for n, _t in case['files']]} and script {case['script']!r} on a "
                      f"{case['stdin']}: expected output {want[0]!r} (zero status: {want[1]}, files: "
                      f"{want[2]!r}), got {got[0]!r} (zero status: {got[1]}, files: {got[2]!r})")
>           raise AssertionError(detail)
E           AssertionError: 31 of 31 cases differ; first: ed ['-s', 'f.txt'] with files ['f.txt'] and script '20p\n,p\n' on a pipe: expected output b'?\nalpha one\nbeta two\ngamma three\ndelta four\nepsilon five\nzeta six\neta seven\ntheta eight\niota nine\nkappa ten\n' (zero status: False, files: {'f.txt': b'alpha one\nbeta two\ngamma three\ndelta four\nepsilon five\nzeta six\neta seven\ntheta eight\niota nine\nkappa ten\n'}), got b'' (zero status: False, files: {'f.txt': b'alpha one\nbeta two\ngamma three\ndelta four\nepsilon five\nzeta six\neta seven\ntheta eight\niota nine\nkappa ten\n'})

/tests/test_outputs.py:98: AssertionError
_________________________________ test_options _________________________________

    def test_options():
>       check("options")

/tests/test_outputs.py:150: 
_ _ _ _ _ _ _ _ _ _ _ _ _ _ _ _ _ _ _ _ _ _ _ _ _ _ _ _ _ _ _ _ _ _ _ _ _ _ _ _ 

family = 'options'

    def check(family):
        cases = [c for c in CASES if c["family"] == family]
        assert cases, f"no cases for {family}"
        failures = []
        for case in cases:
            want = run([GNU_ED], case)
            got = run(DEMOTE + CANDIDATE, case)
            if got != want:
                failures.append((case, want, got))
        if failures:
            case, want, got = failures[0]
            detail = (f"{len(failures)} of {len(cases)} cases differ; first: ed {case['args']!r} with "
                      f"files {[n for n, _t in case['files']]} and script {case['script']!r} on a "
                      f"{case['stdin']}: expected output {want[0]!r} (zero status: {want[1]}, files: "
                      f"{want[2]!r}), got {got[0]!r} (zero status: {got[1]}, files: {got[2]!r})")
>           raise AssertionError(detail)
E           AssertionError: 19 of 19 cases differ; first: ed ['-p', '*', '-s', 'f.txt'] with files ['f.txt'] and script ',p\nq\n' on a pipe: expected output b'*alpha one\nbeta two\ngamma three\ndelta four\nepsilon five\nzeta six\neta seven\ntheta eight\niota nine\nkappa ten\n*' (zero status: True, files: {'f.txt': b'alpha one\nbeta two\ngamma three\ndelta four\nepsilon five\nzeta six\neta seven\ntheta eight\niota nine\nkappa ten\n'}), got b'' (zero status: False, files: {'f.txt': b'alpha one\nbeta two\ngamma three\ndelta four\nepsilon five\nzeta six\neta seven\ntheta eight\niota nine\nkappa ten\n'})

/tests/test_outputs.py:98: AssertionError
________________________________ test_odd_files ________________________________

    def test_odd_files():
>       check("odd_files")

/tests/test_outputs.py:154: 
_ _ _ _ _ _ _ _ _ _ _ _ _ _ _ _ _ _ _ _ _ _ _ _ _ _ _ _ _ _ _ _ _ _ _ _ _ _ _ _ 

family = 'odd_files'

    def check(family):
        cases = [c for c in CASES if c["family"] == family]
        assert cases, f"no cases for {family}"
        failures = []
        for case in cases:
            want = run([GNU_ED], case)
            got = run(DEMOTE + CANDIDATE, case)
            if got != want:
                failures.append((case, want, got))
        if failures:
            case, want, got = failures[0]
            detail = (f"{len(failures)} of {len(cases)} cases differ; first: ed {case['args']!r} with "
                      f"files {[n for n, _t in case['files']]} and script {case['script']!r} on a "
                      f"{case['stdin']}: expected output {want[0]!r} (zero status: {want[1]}, files: "
                      f"{want[2]!r}), got {got[0]!r} (zero status: {got[1]}, files: {got[2]!r})")
>           raise AssertionError(detail)
E           AssertionError: 5 of 5 cases differ; first: ed ['f.txt'] with files ['f.txt'] and script ',l\n' on a pipe: expected output b'0\n?\n' (zero status: False, files: {'f.txt': b''}), got b'' (zero status: False, files: {'f.txt': b''})

/tests/test_outputs.py:98: AssertionError
_____________________________ test_mixed_scripts_1 _____________________________

    def test_mixed_scripts_1():
>       check("mixed_scripts_1")

/tests/test_outputs.py:158: 
_ _ _ _ _ _ _ _ _ _ _ _ _ _ _ _ _ _ _ _ _ _ _ _ _ _ _ _ _ _ _ _ _ _ _ _ _ _ _ _ 

family = 'mixed_scripts_1'

    def check(family):
        cases = [c for c in CASES if c["family"] == family]
        assert cases, f"no cases for {family}"
        failures = []
        for case in cases:
            want = run([GNU_ED], case)
            got = run(DEMOTE + CANDIDATE, case)
            if got != want:
                failures.append((case, want, got))
        if failures:
            case, want, got = failures[0]
            detail = (f"{len(failures)} of {len(cases)} cases differ; first: ed {case['args']!r} with "
                      f"files {[n for n, _t in case['files']]} and script {case['script']!r} on a "
                      f"{case['stdin']}: expected output {want[0]!r} (zero status: {want[1]}, files: "
                      f"{want[2]!r}), got {got[0]!r} (zero status: {got[1]}, files: {got[2]!r})")
>           raise AssertionError(detail)
E           AssertionError: 58 of 58 cases differ; first: ed ['-s', '-E', 'f.txt'] with files ['f.txt', 'other.txt'] and script "/nomatch/,/e/g/e/-1p\n/o\\|a/+2,'a-2r other.txt\n.,m2-1\n//-;l\n?a?,/t/+j\n+,//=\ns\n,n\n" on a pipe: expected output b'?\n?\n?\n2\n?\n1\talpha onekappa tenbeta twogamma three\n2\tdelta four\n3\tepsilon five\n4\tzeta six\n5\teta seven\n6\ttheta eight\n7\tiota nine\n?\n' (zero status: False, files: {'f.txt': b'alpha one\nbeta two\ngamma three\ndelta four\nepsilon five\nzeta six\neta seven\ntheta eight\niota nine\nkappa ten\n', 'other.txt': b'o1\no2\n'}), got b'' (zero status: False, files: {'f.txt': b'alpha one\nbeta two\ngamma three\ndelta four\nepsilon five\nzeta six\neta seven\ntheta eight\niota nine\nkappa ten\n', 'other.txt': b'o1\no2\n'})

/tests/test_outputs.py:98: AssertionError
_____________________________ test_mixed_scripts_2 _____________________________

    def test_mixed_scripts_2():
>       check("mixed_scripts_2")

/tests/test_outputs.py:162: 
_ _ _ _ _ _ _ _ _ _ _ _ _ _ _ _ _ _ _ _ _ _ _ _ _ _ _ _ _ _ _ _ _ _ _ _ _ _ _ _ 

family = 'mixed_scripts_2'

    def check(family):
        cases = [c for c in CASES if c["family"] == family]
        assert cases, f"no cases for {family}"
        failures = []
        for case in cases:
            want = run([GNU_ED], case)
            got = run(DEMOTE + CANDIDATE, case)
            if got != want:
                failures.append((case, want, got))
        if failures:
            case, want, got = failures[0]
            detail = (f"{len(failures)} of {len(cases)} cases differ; first: ed {case['args']!r} with "
                      f"files {[n for n, _t in case['files']]} and script {case['script']!r} on a "
                      f"{case['stdin']}: expected output {want[0]!r} (zero status: {want[1]}, files: "
                      f"{want[2]!r}), got {got[0]!r} (zero status: {got[1]}, files: {got[2]!r})")
>           raise AssertionError(detail)
E           AssertionError: 59 of 59 cases differ; first: ed ['-s', '-l', 'f.txt'] with files ['f.txt', 'other.txt'] and script "/e/;--j\n?a?+1,/t/s/\\(.\\)\\(.\\)/\\2\\1/3g\n4n\n,=\n//;6+2p\nr other.txt\n.w f.txt\n-;+-t'a\n,n\n" on a pipe: expected output b'?\n?\n4\tdelta four\n10\nzeta six\neta seven\ntheta eight\n?\n1\talpha one\n2\tbeta two\n3\tgamma three\n4\tdelta four\n5\tepsilon five\n6\tzeta six\n7\teta seven\n8\ttheta eight\n9\tiota nine\n10\tkappa ten\n11\to1\n12\to2\n?\n' (zero status: True, files: {'f.txt': b'o2\n', 'other.txt': b'o1\no2\n'}), got b'' (zero status: False, files: {'f.txt': b'alpha one\nbeta two\ngamma three\ndelta four\nepsilon five\nzeta six\neta seven\ntheta eight\niota nine\nkappa ten\n', 'other.txt': b'o1\no2\n'})

/tests/test_outputs.py:98: AssertionError
_____________________________ test_mixed_scripts_3 _____________________________

    def test_mixed_scripts_3():
>       check("mixed_scripts_3")

/tests/test_outputs.py:166: 
_ _ _ _ _ _ _ _ _ _ _ _ _ _ _ _ _ _ _ _ _ _ _ _ _ _ _ _ _ _ _ _ _ _ _ _ _ _ _ _ 

family = 'mixed_scripts_3'

    def check(family):
        cases = [c for c in CASES if c["family"] == family]
        assert cases, f"no cases for {family}"
        failures = []
        for case in cases:
            want = run([GNU_ED], case)
            got = run(DEMOTE + CANDIDATE, case)
            if got != want:
                failures.append((case, want, got))
        if failures:
            case, want, got = failures[0]
            detail = (f"{len(failures)} of {len(cases)} cases differ; first: ed {case['args']!r} with "
                      f"files {[n for n, _t in case['files']]} and script {case['script']!r} on a "
                      f"{case['stdin']}: expected output {want[0]!r} (zero status: {want[1]}, files: "
                      f"{want[2]!r}), got {got[0]!r} (zero status: {got[1]}, files: {got[2]!r})")
>           raise AssertionError(detail)
E           AssertionError: 56 of 56 cases differ; first: ed ['-s', 'f.txt'] with files ['f.txt', 'other.txt'] and script ";-r missing.txt\n/o\\|a/;/nomatch/-i\n\n\n.\n;+++j\n'az\n8,\nr missing.txt\n/nomatch/;/nomatch/+1j\n10+2ka\n,n\n" on a pipe: expected output b'?\n?\nbeta two\ngamma three\ngamma three\n?\n?\n?\n?\n?\n1\talpha one\n2\tbeta two\n3\tgamma threedelta fourepsilon fivezeta six\n4\teta seven\n5\ttheta eight\n6\tiota nine\n7\tkappa ten\n?\n' (zero status: False, files: {'f.txt': b'alpha one\nbeta two\ngamma three\ndelta four\nepsilon five\nzeta six\neta seven\ntheta eight\niota nine\nkappa ten\n', 'other.txt': b'o1\no2\n'}), got b'' (zero status: False, files: {'f.txt': b'alpha one\nbeta two\ngamma three\ndelta four\nepsilon five\nzeta six\neta seven\ntheta eight\niota nine\nkappa ten\n', 'other.txt': b'o1\no2\n'})

/tests/test_outputs.py:98: AssertionError
_____________________________ test_mixed_scripts_4 _____________________________

    def test_mixed_scripts_4():
>       check("mixed_scripts_4")

/tests/test_outputs.py:170: 
_ _ _ _ _ _ _ _ _ _ _ _ _ _ _ _ _ _ _ _ _ _ _ _ _ _ _ _ _ _ _ _ _ _ _ _ _ _ _ _ 

family = 'mixed_scripts_4'

    def check(family):
        cases = [c for c in CASES if c["family"] == family]
        assert cases, f"no cases for {family}"
        failures = []
        for case in cases:
            want = run([GNU_ED], case)
            got = run(DEMOTE + CANDIDATE, case)
            if got != want:
                failures.append((case, want, got))
        if failures:
            case, want, got = failures[0]
            detail = (f"{len(failures)} of {len(cases)} cases differ; first: ed {case['args']!r} with "
                      f"files {[n for n, _t in case['files']]} and script {case['script']!r} on a "
                      f"{case['stdin']}: expected output {want[0]!r} (zero status: {want[1]}, files: "
                      f"{want[2]!r}), got {got[0]!r} (zero status: {got[1]}, files: {got[2]!r})")
>           raise AssertionError(detail)
E           AssertionError: 59 of 59 cases differ; first: ed ['-s', 'f.txt'] with files ['f.txt', 'other.txt'] and script "j\n.;$y\n'az5\nd\n,n\n" on a pipe: expected output b'?\n?\n1\talpha one\n2\tbeta two\n3\tgamma three\n4\tdelta four\n5\tepsilon five\n6\tzeta six\n7\teta seven\n8\ttheta eight\n9\tiota nine\n?\n' (zero status: False, files: {'f.txt': b'alpha one\nbeta two\ngamma three\ndelta four\nepsilon five\nzeta six\neta seven\ntheta eight\niota nine\nkappa ten\n', 'other.txt': b'o1\no2\n'}), got b'' (zero status: False, files: {'f.txt': b'alpha one\nbeta two\ngamma three\ndelta four\nepsilon five\nzeta six\neta seven\ntheta eight\niota nine\nkappa ten\n', 'other.txt': b'o1\no2\n'})

/tests/test_outputs.py:98: AssertionError
_____________________________ test_mixed_scripts_5 _____________________________

    def test_mixed_scripts_5():
>       check("mixed_scripts_5")

/tests/test_outputs.py:174: 
_ _ _ _ _ _ _ _ _ _ _ _ _ _ _ _ _ _ _ _ _ _ _ _ _ _ _ _ _ _ _ _ _ _ _ _ _ _ _ _ 

family = 'mixed_scripts_5'

    def check(family):
        cases = [c for c in CASES if c["family"] == family]
        assert cases, f"no cases for {family}"
        failures = []
        for case in cases:
            want = run([GNU_ED], case)
            got = run(DEMOTE + CANDIDATE, case)
            if got != want:
                failures.append((case, want, got))
        if failures:
            case, want, got = failures[0]
            detail = (f"{len(failures)} of {len(cases)} cases differ; first: ed {case['args']!r} with "
                      f"files {[n for n, _t in case['files']]} and script {case['script']!r} on a "
                      f"{case['stdin']}: expected output {want[0]!r} (zero status: {want[1]}, files: "
                      f"{want[2]!r}), got {got[0]!r} (zero status: {got[1]}, files: {got[2]!r})")
>           raise AssertionError(detail)
E           AssertionError: 354 of 354 cases differ; first: ed ['-s', 'f.txt'] with files ['f.txt', 'other.txt'] and script 'p\n/t/,//x\nj\n$;?a?-1t?a?\ns//&/g\n.+2,$d\n,n\n' on a pipe: expected output b'kappa ten\n?\n?\n?\n?\n1\talpha one\n2\tbeta two\n3\tgamma three\n4\tdelta four\n5\tepsilon five\n6\tzeta six\n7\teta seven\n8\ttheta eight\n9\tiota nine\n10\tkappa ten\n?\n' (zero status: False, files: {'f.txt': b'alpha one\nbeta two\ngamma three\ndelta four\nepsilon five\nzeta six\neta seven\ntheta eight\niota nine\nkappa ten\n', 'other.txt': b'o1\no2\n'}), got b'' (zero status: False, files: {'f.txt': b'alpha one\nbeta two\ngamma three\ndelta four\nepsilon five\nzeta six\neta seven\ntheta eight\niota nine\nkappa ten\n', 'other.txt': b'o1\no2\n'})

/tests/test_outputs.py:98: AssertionError
_____________________________ test_mixed_scripts_6 _____________________________

    def test_mixed_scripts_6():
>       check("mixed_scripts_6")

/tests/test_outputs.py:178: 
_ _ _ _ _ _ _ _ _ _ _ _ _ _ _ _ _ _ _ _ _ _ _ _ _ _ _ _ _ _ _ _ _ _ _ _ _ _ _ _ 

family = 'mixed_scripts_6'

    def check(family):
        cases = [c for c in CASES if c["family"] == family]
        assert cases, f"no cases for {family}"
        failures = []
        for case in cases:
            want = run([GNU_ED], case)
            got = run(DEMOTE + CANDIDATE, case)
            if got != want:
                failures.append((case, want, got))
        if failures:
            case, want, got = failures[0]
            detail = (f"{len(failures)} of {len(cases)} cases differ; first: ed {case['args']!r} with "
                      f"files {[n for n, _t in case['files']]} and script {case['script']!r} on a "
                      f"{case['stdin']}: expected output {want[0]!r} (zero status: {want[1]}, files: "
                      f"{want[2]!r}), got {got[0]!r} (zero status: {got[1]}, files: {got[2]!r})")
>           raise AssertionError(detail)
E           AssertionError: 356 of 356 cases differ; first: ed ['-s', '-E', 'f.txt'] with files ['f.txt', 'other.txt'] and script ',+n\nw out.txt\n.++n\n$;3g/t/.=\n$;/e/p\n,n\n' on a file: expected output b'?\n' (zero status: False, files: {'f.txt': b'alpha one\nbeta two\ngamma three\ndelta four\nepsilon five\nzeta six\neta seven\ntheta eight\niota nine\nkappa ten\n', 'other.txt': b'o1\no2\n'}), got b'' (zero status: False, files: {'f.txt': b'alpha one\nbeta two\ngamma three\ndelta four\nepsilon five\nzeta six\neta seven\ntheta eight\niota nine\nkappa ten\n', 'other.txt': b'o1\no2\n'})

/tests/test_outputs.py:98: AssertionError
_____________________________ test_mixed_scripts_7 _____________________________

    def test_mixed_scripts_7():
>       check("mixed_scripts_7")

/tests/test_outputs.py:182: 
_ _ _ _ _ _ _ _ _ _ _ _ _ _ _ _ _ _ _ _ _ _ _ _ _ _ _ _ _ _ _ _ _ _ _ _ _ _ _ _ 

family = 'mixed_scripts_7'

    def check(family):
        cases = [c for c in CASES if c["family"] == family]
        assert cases, f"no cases for {family}"
        failures = []
        for case in cases:
            want = run([GNU_ED], case)
            got = run(DEMOTE + CANDIDATE, case)
            if got != want:
                failures.append((case, want, got))
        if failures:
            case, want, got = failures[0]
            detail = (f"{len(failures)} of {len(cases)} cases differ; first: ed {case['args']!r} with "
                      f"files {[n for n, _t in case['files']]} and script {case['script']!r} on a "
                      f"{case['stdin']}: expected output {want[0]!r} (zero status: {want[1]}, files: "
                      f"{want[2]!r}), got {got[0]!r} (zero status: {got[1]}, files: {got[2]!r})")
>           raise AssertionError(detail)
E           AssertionError: 348 of 348 cases differ; first: ed ['f.txt'] with files ['f.txt', 'other.txt'] and script ";?a?p\n;/e/p\n;/t/+w out.txt\n12-1g/^.....$/s/e/E/\n'a+1l\n,n\n" on a pipe: expected output b'106\n?\n?\n?\n?\n?\n1\talpha one\n2\tbeta two\n3\tgamma three\n4\tdelta four\n5\tepsilon five\n6\tzeta six\n7\teta seven\n8\ttheta eight\n9\tiota nine\n10\tkappa ten\n' (zero status: False, files: {'f.txt': b'alpha one\nbeta two\ngamma three\ndelta four\nepsilon five\nzeta six\neta seven\ntheta eight\niota nine\nkappa ten\n', 'other.txt': b'o1\no2\n'}), got b'' (zero status: False, files: {'f.txt': b'alpha one\nbeta two\ngamma three\ndelta four\nepsilon five\nzeta six\neta seven\ntheta eight\niota nine\nkappa ten\n', 'other.txt': b'o1\no2\n'})

/tests/test_outputs.py:98: AssertionError
_____________________________ test_mixed_scripts_8 _____________________________

    def test_mixed_scripts_8():
>       check("mixed_scripts_8")

/tests/test_outputs.py:186: 
_ _ _ _ _ _ _ _ _ _ _ _ _ _ _ _ _ _ _ _ _ _ _ _ _ _ _ _ _ _ _ _ _ _ _ _ _ _ _ _ 

family = 'mixed_scripts_8'

    def check(family):
        cases = [c for c in CASES if c["family"] == family]
        assert cases, f"no cases for {family}"
        failures = []
        for case in cases:
            want = run([GNU_ED], case)
            got = run(DEMOTE + CANDIDATE, case)
            if got != want:
                failures.append((case, want, got))
        if failures:
            case, want, got = failures[0]
            detail = (f"{len(failures)} of {len(cases)} cases differ; first: ed {case['args']!r} with "
                      f"files {[n for n, _t in case['files']]} and script {case['script']!r} on a "
                      f"{case['stdin']}: expected output {want[0]!r} (zero status: {want[1]}, files: "
                      f"{want[2]!r}), got {got[0]!r} (zero status: {got[1]}, files: {got[2]!r})")
>           raise AssertionError(detail)
E           AssertionError: 358 of 358 cases differ; first: ed ['-s', 'f.txt'] with files ['f.txt', 'other.txt'] and script "-+1p\n'a,/o\\|a/w f.txt\nz5\n1m3\n-;.l\n$d\n,n\n" on a file: expected output b'kappa ten\n?\n' (zero status: False, files: {'f.txt': b'alpha one\nbeta two\ngamma three\ndelta four\nepsilon five\nzeta six\neta seven\ntheta eight\niota nine\nkappa ten\n', 'other.txt': b'o1\no2\n'}), got b'' (zero status: False, files: {'f.txt': b'alpha one\nbeta two\ngamma three\ndelta four\nepsilon five\nzeta six\neta seven\ntheta eight\niota nine\nkappa ten\n', 'other.txt': b'o1\no2\n'})

/tests/test_outputs.py:98: AssertionError
=========================== short test summary info ============================
FAILED ../../tests/test_outputs.py::test_addresses - AssertionError: 40 of 40...
FAILED ../../tests/test_outputs.py::test_append_insert_change - AssertionErro...
FAILED ../../tests/test_outputs.py::test_delete_join_move_copy - AssertionErr...
FAILED ../../tests/test_outputs.py::test_substitute - AssertionError: 27 of 2...
FAILED ../../tests/test_outputs.py::test_global_commands - AssertionError: 18...
FAILED ../../tests/test_outputs.py::test_interactive_global - AssertionError:...
FAILED ../../tests/test_outputs.py::test_undo - AssertionError: 10 of 10 case...
FAILED ../../tests/test_outputs.py::test_print_list_number - AssertionError: ...
FAILED ../../tests/test_outputs.py::test_regex - AssertionError: 15 of 15 cas...
FAILED ../../tests/test_outputs.py::test_regex_extended - AssertionError: 6 o...
FAILED ../../tests/test_outputs.py::test_files_and_write - AssertionError: 30...
FAILED ../../tests/test_outputs.py::test_errors_and_exit - AssertionError: 31...
FAILED ../../tests/test_outputs.py::test_options - AssertionError: 19 of 19 c...
FAILED ../../tests/test_outputs.py::test_odd_files - AssertionError: 5 of 5 c...
FAILED ../../tests/test_outputs.py::test_mixed_scripts_1 - AssertionError: 58...
FAILED ../../tests/test_outputs.py::test_mixed_scripts_2 - AssertionError: 59...
FAILED ../../tests/test_outputs.py::test_mixed_scripts_3 - AssertionError: 56...
FAILED ../../tests/test_outputs.py::test_mixed_scripts_4 - AssertionError: 59...
FAILED ../../tests/test_outputs.py::test_mixed_scripts_5 - AssertionError: 35...
FAILED ../../tests/test_outputs.py::test_mixed_scripts_6 - AssertionError: 35...
FAILED ../../tests/test_outputs.py::test_mixed_scripts_7 - AssertionError: 34...
FAILED ../../tests/test_outputs.py::test_mixed_scripts_8 - AssertionError: 35...
============================= 22 failed in 49.12s ==============================
