============================= test session starts ==============================
platform linux -- Python 3.13.12, pytest-9.1.1, pluggy-1.6.0
rootdir: /tests
plugins: json-ctrf-0.5.2
collected 21 items

../../tests/test_outputs.py ..F..F.........F...FF                        [100%]

=================================== FAILURES ===================================
__________________________ test_append_insert_change ___________________________

    def test_append_insert_change():
>       check("append_insert_change")

/tests/test_outputs.py:203: 
_ _ _ _ _ _ _ _ _ _ _ _ _ _ _ _ _ _ _ _ _ _ _ _ _ _ _ _ _ _ _ _ _ _ _ _ _ _ _ _ 

family = 'append_insert_change'

    def check(family):
        cases = [c for c in CASES if c["family"] == family]
        assert cases, f"no cases for {family}"
        failures = []
        for case in cases:
            want = run([GNU_ED], case)
            got = run(DEMOTE + CANDIDATE, case)
            if got != want:
                failures.append((case, want, got))
        if failures:
            case, want, got = failures[0]
            detail = (f"{len(failures)} of {len(cases)} cases differ; first: ed {case['args']!r} with "
                      f"files {[n for n, _t in case['files']]} and script {case['script']!r} on a "
                      f"{case['stdin']}: expected output {want[0]!r} (zero status: {want[1]}, files: "
                      f"{want[2]!r}), got {got[0]!r} (zero status: {got[1]}, files: {got[2]!r})")
>           raise AssertionError(detail)
E           AssertionError: 4 of 41 cases differ; first: ed [] with files [] and script 'a\nfirst\nsecond\n.\n2,1a\ninserted\n.\n,p\nQ\n' on a file: expected output b'first\ninserted\nsecond\n' (zero status: True, files: {}), got b'?\n' (zero status: False, files: {})

/tests/test_outputs.py:165: AssertionError
_____________________________ test_global_commands _____________________________

    def test_global_commands():
>       check("global_commands")

/tests/test_outputs.py:215: 
_ _ _ _ _ _ _ _ _ _ _ _ _ _ _ _ _ _ _ _ _ _ _ _ _ _ _ _ _ _ _ _ _ _ _ _ _ _ _ _ 

family = 'global_commands'

    def check(family):
        cases = [c for c in CASES if c["family"] == family]
        assert cases, f"no cases for {family}"
        failures = []
        for case in cases:
            want = run([GNU_ED], case)
            got = run(DEMOTE + CANDIDATE, case)
            if got != want:
                failures.append((case, want, got))
        if failures:
            case, want, got = failures[0]
            detail = (f"{len(failures)} of {len(cases)} cases differ; first: ed {case['args']!r} with "
                      f"files {[n for n, _t in case['files']]} and script {case['script']!r} on a "
                      f"{case['stdin']}: expected output {want[0]!r} (zero status: {want[1]}, files: "
                      f"{want[2]!r}), got {got[0]!r} (zero status: {got[1]}, files: {got[2]!r})")
>           raise AssertionError(detail)
E           AssertionError: 1 of 60 cases differ; first: ed [] with files [] and script 'a\none\ntwo\nthree\n.\ng/two/2,1a\\\nX\n,p\nQ\n' on a pipe: expected output b'one\nX\ntwo\nthree\n' (zero status: True, files: {}), got b'?\none\ntwo\nthree\n' (zero status: False, files: {})

/tests/test_outputs.py:165: AssertionError
_____________________________ test_mixed_scripts_1 _____________________________

    def test_mixed_scripts_1():
>       check("mixed_scripts_1")

/tests/test_outputs.py:255: 
_ _ _ _ _ _ _ _ _ _ _ _ _ _ _ _ _ _ _ _ _ _ _ _ _ _ _ _ _ _ _ _ _ _ _ _ _ _ _ _ 

family = 'mixed_scripts_1'

    def check(family):
        cases = [c for c in CASES if c["family"] == family]
        assert cases, f"no cases for {family}"
        failures = []
        for case in cases:
            want = run([GNU_ED], case)
            got = run(DEMOTE + CANDIDATE, case)
            if got != want:
                failures.append((case, want, got))
        if failures:
            case, want, got = failures[0]
            detail = (f"{len(failures)} of {len(cases)} cases differ; first: ed {case['args']!r} with "
                      f"files {[n for n, _t in case['files']]} and script {case['script']!r} on a "
                      f"{case['stdin']}: expected output {want[0]!r} (zero status: {want[1]}, files: "
                      f"{want[2]!r}), got {got[0]!r} (zero status: {got[1]}, files: {got[2]!r})")
>           raise AssertionError(detail)
E           AssertionError: 2 of 47 cases differ; first: ed ['-s', '-E', 'f.txt'] with files ['f.txt', 'other.txt'] and script "n\n;-a\nnew\n.\n'a,/nomatch/t8\n,n\n" on a pipe: expected output b'10\tkappa ten\n?\n1\talpha one\n2\tbeta two\n3\tgamma three\n4\tdelta four\n5\tepsilon five\n6\tzeta six\n7\teta seven\n8\ttheta eight\n9\tiota nine\n10\tnew\n11\tkappa ten\n?\n' (zero status: False, files: {'f.txt': b'alpha one\nbeta two\ngamma three\ndelta four\nepsilon five\nzeta six\neta seven\ntheta eight\niota nine\nkappa ten\n', 'other.txt': b'o1\no2\n'}), got b'10\tkappa ten\n?\n?\nkappa ten\n?\n1\talpha one\n2\tbeta two\n3\tgamma three\n4\tdelta four\n5\tepsilon five\n6\tzeta six\n7\teta seven\n8\ttheta eight\n9\tiota nine\n10\tkappa ten\n' (zero status: False, files: {'f.txt': b'alpha one\nbeta two\ngamma three\ndelta four\nepsilon five\nzeta six\neta seven\ntheta eight\niota nine\nkappa ten\n', 'other.txt': b'o1\no2\n'})

/tests/test_outputs.py:165: AssertionError
_____________________________ test_mixed_scripts_5 _____________________________

    def test_mixed_scripts_5():
>       check("mixed_scripts_5")

/tests/test_outputs.py:271: 
_ _ _ _ _ _ _ _ _ _ _ _ _ _ _ _ _ _ _ _ _ _ _ _ _ _ _ _ _ _ _ _ _ _ _ _ _ _ _ _ 

family = 'mixed_scripts_5'

    def check(family):
        cases = [c for c in CASES if c["family"] == family]
        assert cases, f"no cases for {family}"
        failures = []
        for case in cases:
            want = run([GNU_ED], case)
            got = run(DEMOTE + CANDIDATE, case)
            if got != want:
                failures.append((case, want, got))
        if failures:
            case, want, got = failures[0]
            detail = (f"{len(failures)} of {len(cases)} cases differ; first: ed {case['args']!r} with "
                      f"files {[n for n, _t in case['files']]} and script {case['script']!r} on a "
                      f"{case['stdin']}: expected output {want[0]!r} (zero status: {want[1]}, files: "
                      f"{want[2]!r}), got {got[0]!r} (zero status: {got[1]}, files: {got[2]!r})")
>           raise AssertionError(detail)
E           AssertionError: 2 of 40 cases differ; first: ed ['-s', 'f.txt'] with files ['f.txt', 'other.txt'] and script ';l\n/t/;--1s/$/&&/n\n$-;/e/s//E/n\n$l\ns/$//g\n/nomatch/v/o/-1p\nw \n?a?,//a\nnew\n.\n/o\\|a/=\n,n\n' on a pipe: expected output b'kappa ten$\n?\n10\tkappa tEn\nkappa tEn$\n?\n3\n1\talpha one\n2\tnew\n3\tbeta two\n4\tgamma three\n5\tdelta four\n6\tepsilon five\n7\tzeta six\n8\teta seven\n9\ttheta eight\n10\tiota ninE\n11\tkappa tEn\n?\n' (zero status: False, files: {'f.txt': b'alpha one\nbeta two\ngamma three\ndelta four\nepsilon five\nzeta six\neta seven\ntheta eight\niota ninE\nkappa tEn\n', 'other.txt': b'o1\no2\n'}), got b'kappa ten$\n?\n10\tkappa tEn\nkappa tEn$\n?\n?\n?\nkappa tEn\n1\n1\talpha one\n2\tbeta two\n3\tgamma three\n4\tdelta four\n5\tepsilon five\n6\tzeta six\n7\teta seven\n8\ttheta eight\n9\tiota ninE\n10\tkappa tEn\n' (zero status: False, files: {'f.txt': b'alpha one\nbeta two\ngamma three\ndelta four\nepsilon five\nzeta six\neta seven\ntheta eight\niota ninE\nkappa tEn\n', 'other.txt': b'o1\no2\n'})

/tests/test_outputs.py:165: AssertionError
_____________________________ test_mixed_scripts_6 _____________________________

    def test_mixed_scripts_6():
>       check("mixed_scripts_6")

/tests/test_outputs.py:275: 
_ _ _ _ _ _ _ _ _ _ _ _ _ _ _ _ _ _ _ _ _ _ _ _ _ _ _ _ _ _ _ _ _ _ _ _ _ _ _ _ 

family = 'mixed_scripts_6'

    def check(family):
        cases = [c for c in CASES if c["family"] == family]
        assert cases, f"no cases for {family}"
        failures = []
        for case in cases:
            want = run([GNU_ED], case)
            got = run(DEMOTE + CANDIDATE, case)
            if got != want:
                failures.append((case, want, got))
        if failures:
            case, want, got = failures[0]
            detail = (f"{len(failures)} of {len(cases)} cases differ; first: ed {case['args']!r} with "
                      f"files {[n for n, _t in case['files']]} and script {case['script']!r} on a "
                      f"{case['stdin']}: expected output {want[0]!r} (zero status: {want[1]}, files: "
                      f"{want[2]!r}), got {got[0]!r} (zero status: {got[1]}, files: {got[2]!r})")
>           raise AssertionError(detail)
E           AssertionError: 2 of 40 cases differ; first: ed ['-s', '-l', 'f.txt'] with files ['f.txt', 'other.txt'] and script '/o\\|a/;p\n0-1;//x\n/nomatch/v/t/-1p\n/o\\|a/;-t.-2\n$-;r missing.txt\n\n8+1;g/e/s//X/g\n;--2a\nalpha\nalpha\n.\n,n\n' on a pipe: expected output b'alpha one\n?\n?\n?\n?\nkappa ten\n1\talpha one\n2\tbeta two\n3\tgamma three\n4\tdelta four\n5\tepsilon five\n6\tzeta six\n7\talpha\n8\talpha\n9\teta seven\n10\ttheta eight\n11\tiota ninX\n12\tkappa ten\n?\n' (zero status: True, files: {'f.txt': b'alpha one\nbeta two\ngamma three\ndelta four\nepsilon five\nzeta six\neta seven\ntheta eight\niota nine\nkappa ten\n', 'other.txt': b'o1\no2\n'}), got b'alpha one\n?\n?\n?\n?\nkappa ten\n?\n?\n?\niota ninX\n1\talpha one\n2\tbeta two\n3\tgamma three\n4\tdelta four\n5\tepsilon five\n6\tzeta six\n7\teta seven\n8\ttheta eight\n9\tiota ninX\n10\tkappa ten\n?\n' (zero status: True, files: {'f.txt': b'alpha one\nbeta two\ngamma three\ndelta four\nepsilon five\nzeta six\neta seven\ntheta eight\niota nine\nkappa ten\n', 'other.txt': b'o1\no2\n'})

/tests/test_outputs.py:165: AssertionError
==================================== PASSES ====================================
=========================== short test summary info ============================
PASSED ../../tests/test_outputs.py::test_launcher_stops_delegation_and_foreign_code
PASSED ../../tests/test_outputs.py::test_addresses
PASSED ../../tests/test_outputs.py::test_delete_join_move_copy
PASSED ../../tests/test_outputs.py::test_substitute
PASSED ../../tests/test_outputs.py::test_interactive_global
PASSED ../../tests/test_outputs.py::test_undo
PASSED ../../tests/test_outputs.py::test_print_list_number
PASSED ../../tests/test_outputs.py::test_regex
PASSED ../../tests/test_outputs.py::test_regex_extended
PASSED ../../tests/test_outputs.py::test_files_and_write
PASSED ../../tests/test_outputs.py::test_errors_and_exit
PASSED ../../tests/test_outputs.py::test_options
PASSED ../../tests/test_outputs.py::test_odd_files
PASSED ../../tests/test_outputs.py::test_mixed_scripts_2
PASSED ../../tests/test_outputs.py::test_mixed_scripts_3
PASSED ../../tests/test_outputs.py::test_mixed_scripts_4
FAILED ../../tests/test_outputs.py::test_append_insert_change - AssertionErro...
FAILED ../../tests/test_outputs.py::test_global_commands - AssertionError: 1 ...
FAILED ../../tests/test_outputs.py::test_mixed_scripts_1 - AssertionError: 2 ...
FAILED ../../tests/test_outputs.py::test_mixed_scripts_5 - AssertionError: 2 ...
FAILED ../../tests/test_outputs.py::test_mixed_scripts_6 - AssertionError: 2 ...
======================== 5 failed, 16 passed in 42.45s =========================
