============================= test session starts ==============================
platform linux -- Python 3.13.12, pytest-9.1.1, pluggy-1.6.0
rootdir: /tests
plugins: json-ctrf-0.5.2
collected 37 items

../../tests/test_outputs.py .....F...........FFFF.......F..F.....        [100%]

=================================== FAILURES ===================================
_____________________________ test_multiple_ranges _____________________________

    def test_multiple_ranges():
>       check("multiple_ranges")

/tests/test_outputs.py:176: 
_ _ _ _ _ _ _ _ _ _ _ _ _ _ _ _ _ _ _ _ _ _ _ _ _ _ _ _ _ _ _ _ _ _ _ _ _ _ _ _ 

family = 'multiple_ranges'

    def check(family):
        cases = [c for c in CASES if c["family"] == family]
        assert cases, f"no cases for {family}"
        failures = []
        for case in cases:
            path = workdir(case)
            try:
                want = run([GNU_SED], case, path)
                got = run(DEMOTE + CANDIDATE, case, path)
            finally:
                shutil.rmtree(path, ignore_errors=True)
            if got != want:
                failures.append((case, want, got))
        if failures:
            case, want, got = failures[0]
            files = [name for name, _text in case.get("files", [])]
            detail = (f"{len(failures)} of {len(cases)} cases differ; first: sed {arguments(case)!r} "
                      f"with files {files} on stdin {case['input'][:60]!r}: expected {want[0]!r} "
                      f"(status {want[1]}), got {got[0]!r} (status {got[1]})")
>           raise AssertionError(detail)
E           AssertionError: 11 of 11 cases differ; first: sed ['-n', '-e', '/two/,~4p'] with files [] on stdin 'one\ntwo\nthree\nfour\nfive\nsix\nseven\neight\nnine\nten\n': expected b'two\nthree\nfour\n' (status 0), got b'' (status 97)

/tests/test_outputs.py:152: AssertionError
_____________________________ test_mixed_scripts_1 _____________________________

    def test_mixed_scripts_1():
>       check("mixed_scripts_1")

/tests/test_outputs.py:224: 
_ _ _ _ _ _ _ _ _ _ _ _ _ _ _ _ _ _ _ _ _ _ _ _ _ _ _ _ _ _ _ _ _ _ _ _ _ _ _ _ 

family = 'mixed_scripts_1'

    def check(family):
        cases = [c for c in CASES if c["family"] == family]
        assert cases, f"no cases for {family}"
        failures = []
        for case in cases:
            path = workdir(case)
            try:
                want = run([GNU_SED], case, path)
                got = run(DEMOTE + CANDIDATE, case, path)
            finally:
                shutil.rmtree(path, ignore_errors=True)
            if got != want:
                failures.append((case, want, got))
        if failures:
            case, want, got = failures[0]
            files = [name for name, _text in case.get("files", [])]
            detail = (f"{len(failures)} of {len(cases)} cases differ; first: sed {arguments(case)!r} "
                      f"with files {files} on stdin {case['input'][:60]!r}: expected {want[0]!r} "
                      f"(status {want[1]}), got {got[0]!r} (status {got[1]})")
>           raise AssertionError(detail)
E           AssertionError: 3 of 80 cases differ; first: sed ['-n', '-e', '1,~4x'] with files [] on stdin '3.14 is pi\n42\n-7 and +8\n1e10\n0x1F\n': expected b'' (status 0), got b'' (status 97)

/tests/test_outputs.py:152: AssertionError
_____________________________ test_mixed_scripts_2 _____________________________

    def test_mixed_scripts_2():
>       check("mixed_scripts_2")

/tests/test_outputs.py:228: 
_ _ _ _ _ _ _ _ _ _ _ _ _ _ _ _ _ _ _ _ _ _ _ _ _ _ _ _ _ _ _ _ _ _ _ _ _ _ _ _ 

family = 'mixed_scripts_2'

    def check(family):
        cases = [c for c in CASES if c["family"] == family]
        assert cases, f"no cases for {family}"
        failures = []
        for case in cases:
            path = workdir(case)
            try:
                want = run([GNU_SED], case, path)
                got = run(DEMOTE + CANDIDATE, case, path)
            finally:
                shutil.rmtree(path, ignore_errors=True)
            if got != want:
                failures.append((case, want, got))
        if failures:
            case, want, got = failures[0]
            files = [name for name, _text in case.get("files", [])]
            detail = (f"{len(failures)} of {len(cases)} cases differ; first: sed {arguments(case)!r} "
                      f"with files {files} on stdin {case['input'][:60]!r}: expected {want[0]!r} "
                      f"(status {want[1]}), got {got[0]!r} (status {got[1]})")
>           raise AssertionError(detail)
E           AssertionError: 3 of 74 cases differ; first: sed ['-E', '-e', '3,~2a ADDED'] with files [] on stdin '1\n2\n3\n4\n5\n6\n7\n8\n9\n10\n11\n12\n': expected b'1\n2\n3\nADDED\n4\nADDED\n5\n6\n7\n8\n9\n10\n11\n12\n' (status 0), got b'' (status 97)

/tests/test_outputs.py:152: AssertionError
_____________________________ test_mixed_scripts_3 _____________________________

    def test_mixed_scripts_3():
>       check("mixed_scripts_3")

/tests/test_outputs.py:232: 
_ _ _ _ _ _ _ _ _ _ _ _ _ _ _ _ _ _ _ _ _ _ _ _ _ _ _ _ _ _ _ _ _ _ _ _ _ _ _ _ 

family = 'mixed_scripts_3'

    def check(family):
        cases = [c for c in CASES if c["family"] == family]
        assert cases, f"no cases for {family}"
        failures = []
        for case in cases:
            path = workdir(case)
            try:
                want = run([GNU_SED], case, path)
                got = run(DEMOTE + CANDIDATE, case, path)
            finally:
                shutil.rmtree(path, ignore_errors=True)
            if got != want:
                failures.append((case, want, got))
        if failures:
            case, want, got = failures[0]
            files = [name for name, _text in case.get("files", [])]
            detail = (f"{len(failures)} of {len(cases)} cases differ; first: sed {arguments(case)!r} "
                      f"with files {files} on stdin {case['input'][:60]!r}: expected {want[0]!r} "
                      f"(status {want[1]}), got {got[0]!r} (status {got[1]})")
>           raise AssertionError(detail)
E           AssertionError: 3 of 75 cases differ; first: sed ['-e', 'H;5,~4!p;g'] with files [] on stdin 'key: value\nkey2:  spaced value\n# comment\nkey3:\nend\n': expected b'key: value\n\nkey: value\nkey2:  spaced value\n\nkey: value\nkey2:  spaced value\n# comment\n\nkey: value\nkey2:  spaced value\n# comment\nkey3:\n\nkey: value\nkey2:  spaced value\n# comment\nkey3:\n\nkey: value\nkey2:  spaced value\n# comment\nkey3:\nend\n' (status 0), got b'' (status 97)

/tests/test_outputs.py:152: AssertionError
_____________________________ test_mixed_scripts_4 _____________________________

    def test_mixed_scripts_4():
>       check("mixed_scripts_4")

/tests/test_outputs.py:236: 
_ _ _ _ _ _ _ _ _ _ _ _ _ _ _ _ _ _ _ _ _ _ _ _ _ _ _ _ _ _ _ _ _ _ _ _ _ _ _ _ 

family = 'mixed_scripts_4'

    def check(family):
        cases = [c for c in CASES if c["family"] == family]
        assert cases, f"no cases for {family}"
        failures = []
        for case in cases:
            path = workdir(case)
            try:
                want = run([GNU_SED], case, path)
                got = run(DEMOTE + CANDIDATE, case, path)
            finally:
                shutil.rmtree(path, ignore_errors=True)
            if got != want:
                failures.append((case, want, got))
        if failures:
            case, want, got = failures[0]
            files = [name for name, _text in case.get("files", [])]
            detail = (f"{len(failures)} of {len(cases)} cases differ; first: sed {arguments(case)!r} "
                      f"with files {files} on stdin {case['input'][:60]!r}: expected {want[0]!r} "
                      f"(status {want[1]}), got {got[0]!r} (status {got[1]})")
>           raise AssertionError(detail)
E           AssertionError: 4 of 70 cases differ; first: sed ['-e', '1~3=;6,~4g;2s/\\(k\\w*\\): *\\(.*\\)/&&/p;i\\\nINS'] with files [] on stdin 'tab\there\\back\nint integer in\nxabcxabxa\nfoobarbaz\n': expected b'1\nINS\ntab\there\\back\nINS\nint integer in\nINS\nxabcxabxa\n4\nINS\nfoobarbaz\n' (status 0), got b'' (status 97)

/tests/test_outputs.py:152: AssertionError
______________________________ test_matrix_blocks ______________________________

    def test_matrix_blocks():
>       check("matrix_blocks")

/tests/test_outputs.py:268: 
_ _ _ _ _ _ _ _ _ _ _ _ _ _ _ _ _ _ _ _ _ _ _ _ _ _ _ _ _ _ _ _ _ _ _ _ _ _ _ _ 

family = 'matrix_blocks'

    def check(family):
        cases = [c for c in CASES if c["family"] == family]
        assert cases, f"no cases for {family}"
        failures = []
        for case in cases:
            path = workdir(case)
            try:
                want = run([GNU_SED], case, path)
                got = run(DEMOTE + CANDIDATE, case, path)
            finally:
                shutil.rmtree(path, ignore_errors=True)
            if got != want:
                failures.append((case, want, got))
        if failures:
            case, want, got = failures[0]
            files = [name for name, _text in case.get("files", [])]
            detail = (f"{len(failures)} of {len(cases)} cases differ; first: sed {arguments(case)!r} "
                      f"with files {files} on stdin {case['input'][:60]!r}: expected {want[0]!r} "
                      f"(status {want[1]}), got {got[0]!r} (status {got[1]})")
>           raise AssertionError(detail)
E           AssertionError: 2 of 29 cases differ; first: sed ['-n', '-e', '2,~4{s/./X/;p}'] with files [] on stdin 'a\nb\nc\nd\ne\n': expected b'X\nX\nX\n' (status 0), got b'' (status 97)

/tests/test_outputs.py:152: AssertionError
____________________________ test_matrix_long_input ____________________________

    def test_matrix_long_input():
>       check("matrix_long_input")

/tests/test_outputs.py:280: 
_ _ _ _ _ _ _ _ _ _ _ _ _ _ _ _ _ _ _ _ _ _ _ _ _ _ _ _ _ _ _ _ _ _ _ _ _ _ _ _ 

family = 'matrix_long_input'

    def check(family):
        cases = [c for c in CASES if c["family"] == family]
        assert cases, f"no cases for {family}"
        failures = []
        for case in cases:
            path = workdir(case)
            try:
                want = run([GNU_SED], case, path)
                got = run(DEMOTE + CANDIDATE, case, path)
            finally:
                shutil.rmtree(path, ignore_errors=True)
            if got != want:
                failures.append((case, want, got))
        if failures:
            case, want, got = failures[0]
            files = [name for name, _text in case.get("files", [])]
            detail = (f"{len(failures)} of {len(cases)} cases differ; first: sed {arguments(case)!r} "
                      f"with files {files} on stdin {case['input'][:60]!r}: expected {want[0]!r} "
                      f"(status {want[1]}), got {got[0]!r} (status {got[1]})")
>           raise AssertionError(detail)
E           AssertionError: 1 of 10 cases differ; first: sed ['-n', '-e', '$,~9p'] with files [] on stdin 'line 01 b\nline 02 a\nline 03 b\nline 04 a\nline 05 b\nline 06 a\n': expected b'line 40 a\n' (status 0), got b'' (status 97)

/tests/test_outputs.py:152: AssertionError
==================================== PASSES ====================================
=========================== short test summary info ============================
PASSED ../../tests/test_outputs.py::test_substitution_and_regex_escapes
PASSED ../../tests/test_outputs.py::test_leftmost_longest_matching
PASSED ../../tests/test_outputs.py::test_bracket_expressions
PASSED ../../tests/test_outputs.py::test_step_and_regex_addresses
PASSED ../../tests/test_outputs.py::test_plus_ranges
PASSED ../../tests/test_outputs.py::test_zero_address
PASSED ../../tests/test_outputs.py::test_append_insert_change
PASSED ../../tests/test_outputs.py::test_hold_space
PASSED ../../tests/test_outputs.py::test_multiline_commands
PASSED ../../tests/test_outputs.py::test_branching_and_t_flag
PASSED ../../tests/test_outputs.py::test_quit_and_exit_status
PASSED ../../tests/test_outputs.py::test_z_and_line_numbers
PASSED ../../tests/test_outputs.py::test_comments_and_first_line
PASSED ../../tests/test_outputs.py::test_several_files
PASSED ../../tests/test_outputs.py::test_options_and_script_argument
PASSED ../../tests/test_outputs.py::test_empty_input
PASSED ../../tests/test_outputs.py::test_matrix_escapes
PASSED ../../tests/test_outputs.py::test_matrix_regex_escapes
PASSED ../../tests/test_outputs.py::test_matrix_s_flags
PASSED ../../tests/test_outputs.py::test_matrix_groups
PASSED ../../tests/test_outputs.py::test_matrix_intervals
PASSED ../../tests/test_outputs.py::test_matrix_quit
PASSED ../../tests/test_outputs.py::test_matrix_t_flag
PASSED ../../tests/test_outputs.py::test_matrix_files
PASSED ../../tests/test_outputs.py::test_matrix_append
PASSED ../../tests/test_outputs.py::test_matrix_anchors
PASSED ../../tests/test_outputs.py::test_matrix_ranges
PASSED ../../tests/test_outputs.py::test_matrix_delimiters
PASSED ../../tests/test_outputs.py::test_matrix_brackets
PASSED ../../tests/test_outputs.py::test_editing_is_done_in_python
FAILED ../../tests/test_outputs.py::test_multiple_ranges - AssertionError: 11...
FAILED ../../tests/test_outputs.py::test_mixed_scripts_1 - AssertionError: 3 ...
FAILED ../../tests/test_outputs.py::test_mixed_scripts_2 - AssertionError: 3 ...
FAILED ../../tests/test_outputs.py::test_mixed_scripts_3 - AssertionError: 3 ...
FAILED ../../tests/test_outputs.py::test_mixed_scripts_4 - AssertionError: 4 ...
FAILED ../../tests/test_outputs.py::test_matrix_blocks - AssertionError: 2 of...
FAILED ../../tests/test_outputs.py::test_matrix_long_input - AssertionError: ...
=================== 7 failed, 30 passed in 104.37s (0:01:44) ===================
