============================= test session starts ==============================
platform linux -- Python 3.13.12, pytest-9.1.1, pluggy-1.6.0
rootdir: /tests
plugins: json-ctrf-0.5.2
collected 25 items

../../tests/test_outputs.py ..................F......                    [100%]

=================================== FAILURES ===================================
___________________ test_tidy_up_notices_keep_todays_credit ____________________

    def test_tidy_up_notices_keep_todays_credit():
        """A price notice that is not a price drop keeps the credit the shipped package gives it."""
>       for number, row in enumerate(check_family("tidy_ups")):
                                     ^^^^^^^^^^^^^^^^^^^^^^^^

/tests/test_outputs.py:320: 
_ _ _ _ _ _ _ _ _ _ _ _ _ _ _ _ _ _ _ _ _ _ _ _ _ _ _ _ _ _ _ _ _ _ _ _ _ _ _ _ 
/tests/test_outputs.py:217: in check_family
    compare(run(row["job"]), row["settlements"], f"{name} job {number}")
_ _ _ _ _ _ _ _ _ _ _ _ _ _ _ _ _ _ _ _ _ _ _ _ _ _ _ _ _ _ _ _ _ _ _ _ _ _ _ _ 

actual = {'settlements': [{'account': 'Z9TB8XN5Q60D8AJ', 'purchases': 64456447, 'returns': 0, 'net': 64456447, ...}, {'account'...272, 'returns': 0, 'net': 104272, ...}, {'account': 'YS9', 'purchases': 31493841, 'returns': 0, 'net': 31493841, ...}]}
expected = [{'account': 'Z9TB8XN5Q60D8AJ', 'purchases': 64456447, 'returns': 0, 'net': 64456447, ...}, {'account': 'ML0A1', 'purc...4272, 'returns': 0, 'net': 104272, ...}, {'account': 'YS9', 'purchases': 31493841, 'returns': 0, 'net': 31493841, ...}]
label = 'tidy_ups job 0'

    def compare(actual, expected, label):
        """The whole output: one key, settlements in job order, each with exactly the README's keys, every value
        but the account code an integer (a float or a boolean is not), all equal to the expected ones."""
        assert isinstance(actual, dict) and list(actual) == ["settlements"], f"{label}: top-level {actual!r:.200}"
        got = actual["settlements"]
        assert isinstance(got, list) and len(got) == len(expected), f"{label}: {len(got) if isinstance(got, list) else got!r} settlements, expected {len(expected)}"
        for index, (row, ref) in enumerate(zip(got, expected)):
            where = f"{label} settlement {index} ({ref['account']!r})"
            assert isinstance(row, dict) and set(row) == set(FIELDS) and len(row) == len(FIELDS), f"{where}: keys {sorted(row) if isinstance(row, dict) else row!r}"
            for key in FIELDS:
>               assert type(row[key]) is type(ref[key]) and row[key] == ref[key], f"{where} {key}: {row[key]!r}, expected {ref[key]!r}"
E               AssertionError: tidy_ups job 0 settlement 4 ('YS9') protection: 39998, expected 34900
E               assert (<class 'int'> is <class 'int'> and 39998 == 34900)
E                +  where <class 'int'> = type(39998)
E                +  and   <class 'int'> = type(34900)

/tests/test_outputs.py:211: AssertionError
==================================== PASSES ====================================
=========================== short test summary info ============================
PASSED ../../tests/test_outputs.py::test_rule_3_1_carton_shipment_counts_by_receipt
PASSED ../../tests/test_outputs.py::test_rule_2_2_line_of_exactly_12_units_is_a_carton
PASSED ../../tests/test_outputs.py::test_rule_3_3_returns_less_40_cents_a_unit
PASSED ../../tests/test_outputs.py::test_rule_3_3_returns_on_the_quarter_edges
PASSED ../../tests/test_outputs.py::test_rule_3_5_tier_is_picked_on_net_purchases
PASSED ../../tests/test_outputs.py::test_rule_2_6_net_exactly_on_a_threshold
PASSED ../../tests/test_outputs.py::test_rule_2_6_net_below_nought_reaches_no_tier
PASSED ../../tests/test_outputs.py::test_rule_3_6_volume_rebate_rounded_half_up
PASSED ../../tests/test_outputs.py::test_rule_4_1_growth_bonus_on_the_increase
PASSED ../../tests/test_outputs.py::test_rule_4_1_growth_exactly_110_per_cent
PASSED ../../tests/test_outputs.py::test_rule_4_1_no_prior_purchases_no_bonus
PASSED ../../tests/test_outputs.py::test_rule_5_1_price_drop_earns_cut_times_on_hand
PASSED ../../tests/test_outputs.py::test_rule_2_4_cut_of_exactly_250_cents_is_a_price_drop
PASSED ../../tests/test_outputs.py::test_rule_5_2_contract_sale_chargeback
PASSED ../../tests/test_outputs.py::test_rule_2_5_sale_exactly_100_cents_under_cost_is_a_contract_sale
PASSED ../../tests/test_outputs.py::test_rule_6_2_minimum_settlement
PASSED ../../tests/test_outputs.py::test_rule_6_2_settlement_of_exactly_25000_cents
PASSED ../../tests/test_outputs.py::test_loose_units_keep_their_invoice_quarter
PASSED ../../tests/test_outputs.py::test_price_match_sales_keep_todays_chargeback
PASSED ../../tests/test_outputs.py::test_statement_order_and_keys
PASSED ../../tests/test_outputs.py::test_section_one_limits_reached
PASSED ../../tests/test_outputs.py::test_generated_jobs
PASSED ../../tests/test_outputs.py::test_candidate_cannot_read_verifier_state
PASSED ../../tests/test_outputs.py::test_submitted_driver_unchanged
FAILED ../../tests/test_outputs.py::test_tidy_up_notices_keep_todays_credit
========================= 1 failed, 24 passed in 1.42s =========================
