============================= test session starts ==============================
platform linux -- Python 3.13.12, pytest-9.1.1, pluggy-1.6.0
rootdir: /tests
plugins: json-ctrf-0.5.2
collected 27 items

../../tests/test_outputs.py .....F....F........FFFFFFFF                  [100%]

=================================== FAILURES ===================================
_____________________________ test_global_commands _____________________________

    def test_global_commands():
>       check("global_commands")

/tests/test_outputs.py:227: 
_ _ _ _ _ _ _ _ _ _ _ _ _ _ _ _ _ _ _ _ _ _ _ _ _ _ _ _ _ _ _ _ _ _ _ _ _ _ _ _ 

family = 'global_commands'

    def check(family):
        cases = [c for c in CASES if c["family"] == family]
        assert cases, f"no cases for {family}"
        failures = []
        for case in cases:
            want = run([GNU_ED], case)
            got = run(DEMOTE + CANDIDATE, case)
            if got != want:
                failures.append((case, want, got))
        if failures:
            case, want, got = failures[0]
            detail = (f"{len(failures)} of {len(cases)} cases differ; first: ed {case['args']!r} with "
                      f"files {[n for n, _t in case['files']]} and script {case['script']!r} on a "
                      f"{case['stdin']}: expected output {want[0]!r} (zero status: {want[1]}, files: "
                      f"{want[2]!r}), got {got[0]!r} (zero status: {got[1]}, files: {got[2]!r})")
>           raise AssertionError(detail)
E           AssertionError: 4 of 62 cases differ; first: ed ['f.txt'] with files ['f.txt'] and script 'g/a/s/a/b\\\np\nQ\n' on a file: expected output b'2\np\np\n' (zero status: True, files: {'f.txt': b'a\n'}), got b'2\np\n' (zero status: True, files: {'f.txt': b'a\n'})

/tests/test_outputs.py:169: AssertionError
_____________________________ test_files_and_write _____________________________

    def test_files_and_write():
>       check("files_and_write")

/tests/test_outputs.py:247: 
_ _ _ _ _ _ _ _ _ _ _ _ _ _ _ _ _ _ _ _ _ _ _ _ _ _ _ _ _ _ _ _ _ _ _ _ _ _ _ _ 

family = 'files_and_write'

    def check(family):
        cases = [c for c in CASES if c["family"] == family]
        assert cases, f"no cases for {family}"
        failures = []
        for case in cases:
            want = run([GNU_ED], case)
            got = run(DEMOTE + CANDIDATE, case)
            if got != want:
                failures.append((case, want, got))
        if failures:
            case, want, got = failures[0]
            detail = (f"{len(failures)} of {len(cases)} cases differ; first: ed {case['args']!r} with "
                      f"files {[n for n, _t in case['files']]} and script {case['script']!r} on a "
                      f"{case['stdin']}: expected output {want[0]!r} (zero status: {want[1]}, files: "
                      f"{want[2]!r}), got {got[0]!r} (zero status: {got[1]}, files: {got[2]!r})")
>           raise AssertionError(detail)
E           AssertionError: 1 of 77 cases differ; first: ed [] with files [] and script 'a\nx\n.\nw out\\\n.txt\nQ\n' on a pipe: expected output b'2\n' (zero status: True, files: {'out.txt': b'x\n'}), got b'2\n?\n' (zero status: False, files: {'out\\': b'x\n'})

/tests/test_outputs.py:169: AssertionError
_______________________________ test_generated_1 _______________________________

    def test_generated_1():
>       check("generated_1")

/tests/test_outputs.py:283: 
_ _ _ _ _ _ _ _ _ _ _ _ _ _ _ _ _ _ _ _ _ _ _ _ _ _ _ _ _ _ _ _ _ _ _ _ _ _ _ _ 

family = 'generated_1'

    def check(family):
        cases = [c for c in CASES if c["family"] == family]
        assert cases, f"no cases for {family}"
        failures = []
        for case in cases:
            want = run([GNU_ED], case)
            got = run(DEMOTE + CANDIDATE, case)
            if got != want:
                failures.append((case, want, got))
        if failures:
            case, want, got = failures[0]
            detail = (f"{len(failures)} of {len(cases)} cases differ; first: ed {case['args']!r} with "
                      f"files {[n for n, _t in case['files']]} and script {case['script']!r} on a "
                      f"{case['stdin']}: expected output {want[0]!r} (zero status: {want[1]}, files: "
                      f"{want[2]!r}), got {got[0]!r} (zero status: {got[1]}, files: {got[2]!r})")
>           raise AssertionError(detail)
E           AssertionError: 2 of 80 cases differ; first: ed ['-s', 'f.txt'] with files ['f.txt', 'other.txt'] and script "$+1,.,.+1sn\n'a;--1r f.txt\n%s|o*|<&>|2\nv/a/s/a/A/\\\np\n1-1w\tsub/new.txt\nt'b-1\n,++a\nq y\n..\n.\n5+1np\nw\n" on a pipe: expected output b'?\n?\n\n?\n?\n6\tq y\n' (zero status: False, files: {'f.txt': b'<>tab\there\n<>a|b\n\n<>/slash/\n<>abab\nq y\n..\n<>delta four\n', 'other.txt': b'  lead\nphalp\n'}), got b'?\n?\n?\n\n?\n?\n6\tq y\n' (zero status: False, files: {'f.txt': b'tab\there\na|b\n\n/slash/\nabab\nq y\n..\ndelta four\n', 'other.txt': b'  lead\nphalp\n'})

/tests/test_outputs.py:169: AssertionError
_______________________________ test_generated_2 _______________________________

    def test_generated_2():
>       check("generated_2")

/tests/test_outputs.py:287: 
_ _ _ _ _ _ _ _ _ _ _ _ _ _ _ _ _ _ _ _ _ _ _ _ _ _ _ _ _ _ _ _ _ _ _ _ _ _ _ _ 

family = 'generated_2'

    def check(family):
        cases = [c for c in CASES if c["family"] == family]
        assert cases, f"no cases for {family}"
        failures = []
        for case in cases:
            want = run([GNU_ED], case)
            got = run(DEMOTE + CANDIDATE, case)
            if got != want:
                failures.append((case, want, got))
        if failures:
            case, want, got = failures[0]
            detail = (f"{len(failures)} of {len(cases)} cases differ; first: ed {case['args']!r} with "
                      f"files {[n for n, _t in case['files']]} and script {case['script']!r} on a "
                      f"{case['stdin']}: expected output {want[0]!r} (zero status: {want[1]}, files: "
                      f"{want[2]!r}), got {got[0]!r} (zero status: {got[1]}, files: {got[2]!r})")
>           raise AssertionError(detail)
E           AssertionError: 3 of 80 cases differ; first: ed ['-s'] with files ['f.txt', 'other.txt'] and script 'a\n123\na-b\na-b\nalpha one\nalpha one\n.\nj\n2+pn\n-s;[[:alpha:]]\\+;\\1\n$s\n,p\n' on a pipe: expected output b'?\n3\ta-b\n1-b\n1 one\n123\n1-b\na-b\nalpha one\n1 one\n?\n' (zero status: False, files: {'f.txt': b'phalp\n0\nabab\n', 'other.txt': b'tab\there\nfoo bar foo\nback\\slash\ndelta four\na.b\n  lead\nfoo bar foo\nabab\n0\ngamma three\nunder_score\ntab\there\nunder_score\n'}), got b'?\n3\ta-b\n-b\n one\n123\n-b\na-b\nalpha one\n one\n?\n' (zero status: False, files: {'f.txt': b'phalp\n0\nabab\n', 'other.txt': b'tab\there\nfoo bar foo\nback\\slash\ndelta four\na.b\n  lead\nfoo bar foo\nabab\n0\ngamma three\nunder_score\ntab\there\nunder_score\n'})

/tests/test_outputs.py:169: AssertionError
_______________________________ test_generated_3 _______________________________

    def test_generated_3():
>       check("generated_3")

/tests/test_outputs.py:291: 
_ _ _ _ _ _ _ _ _ _ _ _ _ _ _ _ _ _ _ _ _ _ _ _ _ _ _ _ _ _ _ _ _ _ _ _ _ _ _ _ 

family = 'generated_3'

    def check(family):
        cases = [c for c in CASES if c["family"] == family]
        assert cases, f"no cases for {family}"
        failures = []
        for case in cases:
            want = run([GNU_ED], case)
            got = run(DEMOTE + CANDIDATE, case)
            if got != want:
                failures.append((case, want, got))
        if failures:
            case, want, got = failures[0]
            detail = (f"{len(failures)} of {len(cases)} cases differ; first: ed {case['args']!r} with "
                      f"files {[n for n, _t in case['files']]} and script {case['script']!r} on a "
                      f"{case['stdin']}: expected output {want[0]!r} (zero status: {want[1]}, files: "
                      f"{want[2]!r}), got {got[0]!r} (zero status: {got[1]}, files: {got[2]!r})")
>           raise AssertionError(detail)
E           AssertionError: 2 of 80 cases differ; first: ed ['-ls', 'f.txt'] with files ['f.txt', 'other.txt'] and script "unp\n,3t?1?n\njpn\n,g;a;s/e/E\ni\nbeta\n..\n.\n'b +1,--p\n//ip\n\nnew\n.\n.g,\\(a\\)\\(b\\),\n//-1dp\nQ\n" on a pipe: expected output b'?\n?\n?\nback\\slash\nback\\slash\ntab\thEre\ntab\thEre\ngamma thrEe\ngamma thrEe\n?\nnew\ntab\thEre\n' (zero status: True, files: {'f.txt': b'back\\slash\ntab\there\ngamma three\n', 'other.txt': b'alpha one\n/slash/\n{2}\n\naaa\na.b\na-b\ngamma three\n'}), got b'?\n?\n?\nback\\slash\ntab\thEre\ngamma thrEe\n?\nnew\ntab\thEre\n' (zero status: True, files: {'f.txt': b'back\\slash\ntab\there\ngamma three\n', 'other.txt': b'alpha one\n/slash/\n{2}\n\naaa\na.b\na-b\ngamma three\n'})

/tests/test_outputs.py:169: AssertionError
_______________________________ test_generated_4 _______________________________

    def test_generated_4():
>       check("generated_4")

/tests/test_outputs.py:295: 
_ _ _ _ _ _ _ _ _ _ _ _ _ _ _ _ _ _ _ _ _ _ _ _ _ _ _ _ _ _ _ _ _ _ _ _ _ _ _ _ 

family = 'generated_4'

    def check(family):
        cases = [c for c in CASES if c["family"] == family]
        assert cases, f"no cases for {family}"
        failures = []
        for case in cases:
            want = run([GNU_ED], case)
            got = run(DEMOTE + CANDIDATE, case)
            if got != want:
                failures.append((case, want, got))
        if failures:
            case, want, got = failures[0]
            detail = (f"{len(failures)} of {len(cases)} cases differ; first: ed {case['args']!r} with "
                      f"files {[n for n, _t in case['files']]} and script {case['script']!r} on a "
                      f"{case['stdin']}: expected output {want[0]!r} (zero status: {want[1]}, files: "
                      f"{want[2]!r}), got {got[0]!r} (zero status: {got[1]}, files: {got[2]!r})")
>           raise AssertionError(detail)
E           AssertionError: 3 of 80 cases differ; first: ed ['-l', 'f.txt'] with files ['f.txt', 'other.txt'] and script '+2-1=\n$ +1sgp\n$,/|/-,+d\ndx\n,++n\n$;s/[a-]/\\2\\1/\n;jpp\n,n\n' on a pipe: expected output b'52\n?\n?\n?\n?\n?\n?\n1\t#hash\n2\tback\\slash\n3\t{2}\n4\tfoo bar foo\n5\t/slash/\n6\tdelt21 four\n?\n' (zero status: True, files: {'f.txt': b'#hash\nback\\slash\n{2}\nfoo bar foo\n/slash/\ndelta four\n', 'other.txt': b'a!b\na-b\ngamma three\n  lead\na.b\nunder_score\nepsilon five\n'}), got b'52\n?\n?\n?\n?\n?\n?\n1\t#hash\n2\tback\\slash\n3\t{2}\n4\tfoo bar foo\n5\t/slash/\n6\tdelt four\n?\n' (zero status: True, files: {'f.txt': b'#hash\nback\\slash\n{2}\nfoo bar foo\n/slash/\ndelta four\n', 'other.txt': b'a!b\na-b\ngamma three\n  lead\na.b\nunder_score\nepsilon five\n'})

/tests/test_outputs.py:169: AssertionError
_______________________________ test_generated_5 _______________________________

    def test_generated_5():
>       check("generated_5")

/tests/test_outputs.py:299: 
_ _ _ _ _ _ _ _ _ _ _ _ _ _ _ _ _ _ _ _ _ _ _ _ _ _ _ _ _ _ _ _ _ _ _ _ _ _ _ _ 

family = 'generated_5'

    def check(family):
        cases = [c for c in CASES if c["family"] == family]
        assert cases, f"no cases for {family}"
        failures = []
        for case in cases:
            want = run([GNU_ED], case)
            got = run(DEMOTE + CANDIDATE, case)
            if got != want:
                failures.append((case, want, got))
        if failures:
            case, want, got = failures[0]
            detail = (f"{len(failures)} of {len(cases)} cases differ; first: ed {case['args']!r} with "
                      f"files {[n for n, _t in case['files']]} and script {case['script']!r} on a "
                      f"{case['stdin']}: expected output {want[0]!r} (zero status: {want[1]}, files: "
                      f"{want[2]!r}), got {got[0]!r} (zero status: {got[1]}, files: {got[2]!r})")
>           raise AssertionError(detail)
E           AssertionError: 4 of 80 cases differ; first: ed ['-s'] with files ['f.txt', 'other.txt'] and script 'a\nabab\ntrail  \n/slash/\n{2}\n0\nMixed Case\na|b\n123\n.\n/o\\{0,1\\}/j\na\n..\na|b\n.\nE\tsub/new.txt\nv#\\.#.=\n6g,[[:digit:]],\ng#!#s/e/E/\n8,+,. +1s;a\\{2\\};E;\n\n,n\n' on a pipe: expected output b'?\n?\n?\n?\n?\n?\n?\n' (zero status: False, files: {'f.txt': b'tt th t\nMixed Case\nabab\nphalp\n', 'other.txt': b'beta two\nfoo bar foo\n[-a]\n  lead\n'}), got b'?\n?\n?\n?\n?\n?\n?\n?\n' (zero status: False, files: {'f.txt': b'tt th t\nMixed Case\nabab\nphalp\n', 'other.txt': b'beta two\nfoo bar foo\n[-a]\n  lead\n'})

/tests/test_outputs.py:169: AssertionError
_______________________________ test_generated_6 _______________________________

    def test_generated_6():
>       check("generated_6")

/tests/test_outputs.py:303: 
_ _ _ _ _ _ _ _ _ _ _ _ _ _ _ _ _ _ _ _ _ _ _ _ _ _ _ _ _ _ _ _ _ _ _ _ _ _ _ _ 

family = 'generated_6'

    def check(family):
        cases = [c for c in CASES if c["family"] == family]
        assert cases, f"no cases for {family}"
        failures = []
        for case in cases:
            want = run([GNU_ED], case)
            got = run(DEMOTE + CANDIDATE, case)
            if got != want:
                failures.append((case, want, got))
        if failures:
            case, want, got = failures[0]
            detail = (f"{len(failures)} of {len(cases)} cases differ; first: ed {case['args']!r} with "
                      f"files {[n for n, _t in case['files']]} and script {case['script']!r} on a "
                      f"{case['stdin']}: expected output {want[0]!r} (zero status: {want[1]}, files: "
                      f"{want[2]!r}), got {got[0]!r} (zero status: {got[1]}, files: {got[2]!r})")
>           raise AssertionError(detail)
E           AssertionError: 4 of 80 cases differ; first: ed ['-l', 'new.txt'] with files ['f.txt', 'other.txt'] and script "a\n[-a]\nunder_score\ngamma three\n.\n3u\n# note\n;\nE\n,$s;$;&&\n'as,^,\\n,\n3v,$,u\n $ , .+1 s/e/&&/q\n.-1g#\\(.\\)\\1#s/e/E/\n,p\n" on a pipe: expected output b'?\ngamma three\n?\n?\n?\n?\n?\n?\n?\n' (zero status: True, files: {'f.txt': b'under_score\ngamma three\n[-a]\nab*c\na|b\n', 'other.txt': b'a!b\n[-a]\nphalp\ntrail  \n\n123\n#hash\n{2}\na!b\nalpha one\ngamma three\n'}), got b'?\ngamma three\n?\n?\n?\n?\n?\n?\n?\n?\n' (zero status: True, files: {'f.txt': b'under_score\ngamma three\n[-a]\nab*c\na|b\n', 'other.txt': b'a!b\n[-a]\nphalp\ntrail  \n\n123\n#hash\n{2}\na!b\nalpha one\ngamma three\n'})

/tests/test_outputs.py:169: AssertionError
_______________________________ test_generated_7 _______________________________

    def test_generated_7():
>       check("generated_7")

/tests/test_outputs.py:307: 
_ _ _ _ _ _ _ _ _ _ _ _ _ _ _ _ _ _ _ _ _ _ _ _ _ _ _ _ _ _ _ _ _ _ _ _ _ _ _ _ 

family = 'generated_7'

    def check(family):
        cases = [c for c in CASES if c["family"] == family]
        assert cases, f"no cases for {family}"
        failures = []
        for case in cases:
            want = run([GNU_ED], case)
            got = run(DEMOTE + CANDIDATE, case)
            if got != want:
                failures.append((case, want, got))
        if failures:
            case, want, got = failures[0]
            detail = (f"{len(failures)} of {len(cases)} cases differ; first: ed {case['args']!r} with "
                      f"files {[n for n, _t in case['files']]} and script {case['script']!r} on a "
                      f"{case['stdin']}: expected output {want[0]!r} (zero status: {want[1]}, files: "
                      f"{want[2]!r}), got {got[0]!r} (zero status: {got[1]}, files: {got[2]!r})")
>           raise AssertionError(detail)
E           AssertionError: 1 of 80 cases differ; first: ed ['-s', 'f.txt'] with files ['f.txt', 'other.txt'] and script 'v#^#p\n $+1 , 3 i\n\nq y\n.\n;\njp\n++=\nu1\n%s,[^a-e],\\1,gn\n%\nu\nw\n' on a pipe: expected output b'?\n?\n?\n123\n123\n?\n?\n?\n6\t111\n111\n' (zero status: False, files: {'f.txt': b'phalp\n  lead\n/slash/\n#hash\nx1 y2 z3\n123\n', 'other.txt': b'tt th t\n123\na-b\nalpha one\n  lead\n{2}\nx1 y2 z3\ndelta four\nalpha one\n'}), got b'?\n?\n?\n123\n123\n?\n?\n?\n6\t\n\n' (zero status: False, files: {'f.txt': b'phalp\n  lead\n/slash/\n#hash\nx1 y2 z3\n123\n', 'other.txt': b'tt th t\n123\na-b\nalpha one\n  lead\n{2}\nx1 y2 z3\ndelta four\nalpha one\n'})

/tests/test_outputs.py:169: AssertionError
_______________________________ test_generated_8 _______________________________

    def test_generated_8():
>       check("generated_8")

/tests/test_outputs.py:311: 
_ _ _ _ _ _ _ _ _ _ _ _ _ _ _ _ _ _ _ _ _ _ _ _ _ _ _ _ _ _ _ _ _ _ _ _ _ _ _ _ 

family = 'generated_8'

    def check(family):
        cases = [c for c in CASES if c["family"] == family]
        assert cases, f"no cases for {family}"
        failures = []
        for case in cases:
            want = run([GNU_ED], case)
            got = run(DEMOTE + CANDIDATE, case)
            if got != want:
                failures.append((case, want, got))
        if failures:
            case, want, got = failures[0]
            detail = (f"{len(failures)} of {len(cases)} cases differ; first: ed {case['args']!r} with "
                      f"files {[n for n, _t in case['files']]} and script {case['script']!r} on a "
                      f"{case['stdin']}: expected output {want[0]!r} (zero status: {want[1]}, files: "
                      f"{want[2]!r}), got {got[0]!r} (zero status: {got[1]}, files: {got[2]!r})")
>           raise AssertionError(detail)
E           AssertionError: 5 of 80 cases differ; first: ed ['f.txt', '-sl'] with files ['f.txt', 'other.txt'] and script " +++ , + v;\\(a\\|al\\)\\(p\\|ph\\);s/./&&/\\\n.=\n2+ipn\ne.e\n.\nun\n=\njpn\n%j\nm'ap\n1+,$,//jpp\n1-cpn\nnew\na|b\n.\nw\n" on a pipe: expected output b'?\n2\n?\n?\n\n?\n2\n?\n?\n?\n?\n?\n?\n{2}\n' (zero status: True, files: {'f.txt': b'{2}\n', 'other.txt': b'tab\there\ntab\there\ntab\there\nphalp\n[-a]\n'}), got b'?\n2\n?\n?\n\n?\n2\n?\n?\n?\n2\ta|b\n' (zero status: True, files: {'f.txt': b'new\na|b\n', 'other.txt': b'tab\there\ntab\there\ntab\there\nphalp\n[-a]\n'})

/tests/test_outputs.py:169: AssertionError
==================================== PASSES ====================================
=========================== short test summary info ============================
PASSED ../../tests/test_outputs.py::test_launcher_stops_delegation_and_foreign_code
PASSED ../../tests/test_outputs.py::test_addresses
PASSED ../../tests/test_outputs.py::test_append_insert_change
PASSED ../../tests/test_outputs.py::test_delete_join_move_copy
PASSED ../../tests/test_outputs.py::test_substitute
PASSED ../../tests/test_outputs.py::test_undo
PASSED ../../tests/test_outputs.py::test_print_list_number
PASSED ../../tests/test_outputs.py::test_regex
PASSED ../../tests/test_outputs.py::test_regex_extended
PASSED ../../tests/test_outputs.py::test_errors_and_exit
PASSED ../../tests/test_outputs.py::test_options
PASSED ../../tests/test_outputs.py::test_mixed_scripts_1
PASSED ../../tests/test_outputs.py::test_mixed_scripts_2
PASSED ../../tests/test_outputs.py::test_mixed_scripts_3
PASSED ../../tests/test_outputs.py::test_mixed_scripts_4
PASSED ../../tests/test_outputs.py::test_mixed_scripts_5
PASSED ../../tests/test_outputs.py::test_mixed_scripts_6
FAILED ../../tests/test_outputs.py::test_global_commands - AssertionError: 4 ...
FAILED ../../tests/test_outputs.py::test_files_and_write - AssertionError: 1 ...
FAILED ../../tests/test_outputs.py::test_generated_1 - AssertionError: 2 of 8...
FAILED ../../tests/test_outputs.py::test_generated_2 - AssertionError: 3 of 8...
FAILED ../../tests/test_outputs.py::test_generated_3 - AssertionError: 2 of 8...
FAILED ../../tests/test_outputs.py::test_generated_4 - AssertionError: 3 of 8...
FAILED ../../tests/test_outputs.py::test_generated_5 - AssertionError: 4 of 8...
FAILED ../../tests/test_outputs.py::test_generated_6 - AssertionError: 4 of 8...
FAILED ../../tests/test_outputs.py::test_generated_7 - AssertionError: 1 of 8...
FAILED ../../tests/test_outputs.py::test_generated_8 - AssertionError: 5 of 8...
=================== 10 failed, 17 passed in 64.97s (0:01:04) ===================
