2021-12-22 07:23:25 startup archives unpack
2021-12-22 07:23:25 install anacron:all <none> 2.3-2
2021-12-22 07:23:25 status half-installed anacron:all 2.3-2
2021-12-22 07:23:25 configure anacron:all 2.3-2 2.3-2
2021-12-22 07:23:25 status installed anacron:all 2.3-2
2021-12-24 00:58:29 startup archives unpack
2021-12-24 00:58:29 install logwatch:all <none> 2.18-1
2021-12-24 00:58:29 status half-installed logwatch:all 2.18-1
2021-12-24 00:58:29 configure logwatch:all 2.18-1 2.18-1
2021-12-24 00:58:29 status installed logwatch:all 2.18-1
2021-12-25 04:08:42 startup archives unpack
2021-12-25 04:08:42 install rkhunter:all <none> 6.20-4
2021-12-25 04:08:42 status half-installed rkhunter:all 6.20-4
2021-12-25 04:08:42 configure rkhunter:all 6.20-4 6.20-4
2021-12-25 04:08:42 status installed rkhunter:all 6.20-4
2021-12-27 14:44:46 startup archives unpack
2021-12-27 14:44:46 install sysstat:all <none> 8.9-2
2021-12-27 14:44:46 status half-installed sysstat:all 8.9-2
2021-12-27 14:44:46 configure sysstat:all 8.9-2 8.9-2
2021-12-27 14:44:46 status installed sysstat:all 8.9-2
2021-12-29 03:45:20 startup archives unpack
2021-12-29 03:45:20 install apt-listchanges:all <none> 3.6-1
2021-12-29 03:45:20 status half-installed apt-listchanges:all 3.6-1
2021-12-29 03:45:20 configure apt-listchanges:all 3.6-1 3.6-1
2021-12-29 03:45:20 status installed apt-listchanges:all 3.6-1
