============================= test session starts ==============================
platform linux -- Python 3.13.12, pytest-9.1.1, pluggy-1.6.0
rootdir: /tests
plugins: json-ctrf-0.5.2
collected 11 items

../../tests/test_outputs.py .......F...                                  [100%]

=================================== FAILURES ===================================
_________________________ test_rule_1_2_limits_reached _________________________

    def test_rule_1_2_limits_reached():
        """200 loans; borrowing days 0 and 3,650; returns 180 days on; fines 1 and 500; costs 100 and 20,000."""
        assert len(load("limits")[0]["loans"]["loans"]) == 200
>       check_family("limits")

/tests/test_outputs.py:249: 
_ _ _ _ _ _ _ _ _ _ _ _ _ _ _ _ _ _ _ _ _ _ _ _ _ _ _ _ _ _ _ _ _ _ _ _ _ _ _ _ 
/tests/test_outputs.py:208: in check_family
    compare(run(row["loans"]), row["statement"], f"{name} {row['loans']['branch']}")
/tests/test_outputs.py:197: in compare
    _same(actual["total"], expected["total"], f"{label} total")
_ _ _ _ _ _ _ _ _ _ _ _ _ _ _ _ _ _ _ _ _ _ _ _ _ _ _ _ _ _ _ _ _ _ _ _ _ _ _ _ 

actual = 1185049, expected = 1185143, where = 'limits LF5-0013 total'

    def _same(actual, expected, where):
>       assert type(actual) is type(expected) and actual == expected, f"{where}: {actual!r}, expected {expected!r}"
E       AssertionError: limits LF5-0013 total: 1185049, expected 1185143
E       assert (<class 'int'> is <class 'int'> and 1185049 == 1185143)
E        +  where <class 'int'> = type(1185049)
E        +  and   <class 'int'> = type(1185143)

/tests/test_outputs.py:190: AssertionError
==================================== PASSES ====================================
=========================== short test summary info ============================
PASSED ../../tests/test_outputs.py::test_rule_2_1_loan_periods
PASSED ../../tests/test_outputs.py::test_rule_2_2_sundays_are_never_late_days
PASSED ../../tests/test_outputs.py::test_rule_3_1_fine_capped_at_replacement_cost
PASSED ../../tests/test_outputs.py::test_rule_3_2_total_and_loan_order
PASSED ../../tests/test_outputs.py::test_journal_keeps_todays_loan_period
PASSED ../../tests/test_outputs.py::test_loan_not_late_keeps_todays_late_days_and_fine
PASSED ../../tests/test_outputs.py::test_figures_left_to_todays_code_together
PASSED ../../tests/test_outputs.py::test_generated_return_files
PASSED ../../tests/test_outputs.py::test_candidate_cannot_read_verifier_state
PASSED ../../tests/test_outputs.py::test_submitted_driver_unchanged
FAILED ../../tests/test_outputs.py::test_rule_1_2_limits_reached - AssertionE...
========================= 1 failed, 10 passed in 0.78s =========================
