============================= test session starts ==============================
platform linux -- Python 3.13.12, pytest-9.1.1, pluggy-1.6.0
rootdir: /tests
plugins: json-ctrf-0.5.2
collected 11 items

../../tests/test_outputs.py ..FFF.FFF..                                  [100%]

=================================== FAILURES ===================================
________________ test_rule_3_1_fine_capped_at_replacement_cost _________________

    def test_rule_3_1_fine_capped_at_replacement_cost():
        """The daily fine for each late day, never more than the replacement cost."""
>       check_family("cap")

/tests/test_outputs.py:223: 
_ _ _ _ _ _ _ _ _ _ _ _ _ _ _ _ _ _ _ _ _ _ _ _ _ _ _ _ _ _ _ _ _ _ _ _ _ _ _ _ 
/tests/test_outputs.py:208: in check_family
    compare(run(row["loans"]), row["statement"], f"{name} {row['loans']['branch']}")
/tests/test_outputs.py:197: in compare
    _same(actual["total"], expected["total"], f"{label} total")
_ _ _ _ _ _ _ _ _ _ _ _ _ _ _ _ _ _ _ _ _ _ _ _ _ _ _ _ _ _ _ _ _ _ _ _ _ _ _ _ 

actual = 73986, expected = 5986, where = 'cap LF5-0003 total'

    def _same(actual, expected, where):
>       assert type(actual) is type(expected) and actual == expected, f"{where}: {actual!r}, expected {expected!r}"
E       AssertionError: cap LF5-0003 total: 73986, expected 5986
E       assert (<class 'int'> is <class 'int'> and 73986 == 5986)
E        +  where <class 'int'> = type(73986)
E        +  and   <class 'int'> = type(5986)

/tests/test_outputs.py:190: AssertionError
______________________ test_rule_3_2_total_and_loan_order ______________________

    def test_rule_3_2_total_and_loan_order():
        """Every fine and the total, loans in file order, ids of one to ten characters."""
>       check_family("order_and_total")

/tests/test_outputs.py:228: 
_ _ _ _ _ _ _ _ _ _ _ _ _ _ _ _ _ _ _ _ _ _ _ _ _ _ _ _ _ _ _ _ _ _ _ _ _ _ _ _ 
/tests/test_outputs.py:208: in check_family
    compare(run(row["loans"]), row["statement"], f"{name} {row['loans']['branch']}")
/tests/test_outputs.py:197: in compare
    _same(actual["total"], expected["total"], f"{label} total")
_ _ _ _ _ _ _ _ _ _ _ _ _ _ _ _ _ _ _ _ _ _ _ _ _ _ _ _ _ _ _ _ _ _ _ _ _ _ _ _ 

actual = 13822, expected = 5322, where = 'order_and_total LF5-0004 total'

    def _same(actual, expected, where):
>       assert type(actual) is type(expected) and actual == expected, f"{where}: {actual!r}, expected {expected!r}"
E       AssertionError: order_and_total LF5-0004 total: 13822, expected 5322
E       assert (<class 'int'> is <class 'int'> and 13822 == 5322)
E        +  where <class 'int'> = type(13822)
E        +  and   <class 'int'> = type(5322)

/tests/test_outputs.py:190: AssertionError
____________________ test_journal_keeps_todays_loan_period _____________________

    def test_journal_keeps_todays_loan_period():
        """The policy gives no loan period for a journal: today's step stands."""
>       check_family("journal")

/tests/test_outputs.py:233: 
_ _ _ _ _ _ _ _ _ _ _ _ _ _ _ _ _ _ _ _ _ _ _ _ _ _ _ _ _ _ _ _ _ _ _ _ _ _ _ _ 
/tests/test_outputs.py:208: in check_family
    compare(run(row["loans"]), row["statement"], f"{name} {row['loans']['branch']}")
/tests/test_outputs.py:197: in compare
    _same(actual["total"], expected["total"], f"{label} total")
_ _ _ _ _ _ _ _ _ _ _ _ _ _ _ _ _ _ _ _ _ _ _ _ _ _ _ _ _ _ _ _ _ _ _ _ _ _ _ _ 

actual = 72600, expected = 21120, where = 'journal LF5-0006 total'

    def _same(actual, expected, where):
>       assert type(actual) is type(expected) and actual == expected, f"{where}: {actual!r}, expected {expected!r}"
E       AssertionError: journal LF5-0006 total: 72600, expected 21120
E       assert (<class 'int'> is <class 'int'> and 72600 == 21120)
E        +  where <class 'int'> = type(72600)
E        +  and   <class 'int'> = type(21120)

/tests/test_outputs.py:190: AssertionError
__________________ test_figures_left_to_todays_code_together ___________________

    def test_figures_left_to_todays_code_together():
        """Journals returned early, on time and late, beside books and DVDs."""
>       check_family("together")

/tests/test_outputs.py:243: 
_ _ _ _ _ _ _ _ _ _ _ _ _ _ _ _ _ _ _ _ _ _ _ _ _ _ _ _ _ _ _ _ _ _ _ _ _ _ _ _ 
/tests/test_outputs.py:208: in check_family
    compare(run(row["loans"]), row["statement"], f"{name} {row['loans']['branch']}")
/tests/test_outputs.py:197: in compare
    _same(actual["total"], expected["total"], f"{label} total")
_ _ _ _ _ _ _ _ _ _ _ _ _ _ _ _ _ _ _ _ _ _ _ _ _ _ _ _ _ _ _ _ _ _ _ _ _ _ _ _ 

actual = 1160, expected = 900, where = 'together LF5-0008 total'

    def _same(actual, expected, where):
>       assert type(actual) is type(expected) and actual == expected, f"{where}: {actual!r}, expected {expected!r}"
E       AssertionError: together LF5-0008 total: 1160, expected 900
E       assert (<class 'int'> is <class 'int'> and 1160 == 900)
E        +  where <class 'int'> = type(1160)
E        +  and   <class 'int'> = type(900)

/tests/test_outputs.py:190: AssertionError
_________________________ test_rule_1_2_limits_reached _________________________

    def test_rule_1_2_limits_reached():
        """200 loans; borrowing days 0 and 3,650; returns 180 days on; fines 1 and 500; costs 100 and 20,000."""
        assert len(load("limits")[0]["loans"]["loans"]) == 200
>       check_family("limits")

/tests/test_outputs.py:249: 
_ _ _ _ _ _ _ _ _ _ _ _ _ _ _ _ _ _ _ _ _ _ _ _ _ _ _ _ _ _ _ _ _ _ _ _ _ _ _ _ 
/tests/test_outputs.py:208: in check_family
    compare(run(row["loans"]), row["statement"], f"{name} {row['loans']['branch']}")
/tests/test_outputs.py:197: in compare
    _same(actual["total"], expected["total"], f"{label} total")
_ _ _ _ _ _ _ _ _ _ _ _ _ _ _ _ _ _ _ _ _ _ _ _ _ _ _ _ _ _ _ _ _ _ _ _ _ _ _ _ 

actual = 5775313, expected = 1185143, where = 'limits LF5-0013 total'

    def _same(actual, expected, where):
>       assert type(actual) is type(expected) and actual == expected, f"{where}: {actual!r}, expected {expected!r}"
E       AssertionError: limits LF5-0013 total: 5775313, expected 1185143
E       assert (<class 'int'> is <class 'int'> and 5775313 == 1185143)
E        +  where <class 'int'> = type(5775313)
E        +  and   <class 'int'> = type(1185143)

/tests/test_outputs.py:190: AssertionError
_________________________ test_generated_return_files __________________________

    def test_generated_return_files():
        """Seeded files of late books and DVDs, as sealed and under fresh labels."""
>       check_family("generated")

/tests/test_outputs.py:274: 
_ _ _ _ _ _ _ _ _ _ _ _ _ _ _ _ _ _ _ _ _ _ _ _ _ _ _ _ _ _ _ _ _ _ _ _ _ _ _ _ 
/tests/test_outputs.py:208: in check_family
    compare(run(row["loans"]), row["statement"], f"{name} {row['loans']['branch']}")
/tests/test_outputs.py:197: in compare
    _same(actual["total"], expected["total"], f"{label} total")
_ _ _ _ _ _ _ _ _ _ _ _ _ _ _ _ _ _ _ _ _ _ _ _ _ _ _ _ _ _ _ _ _ _ _ _ _ _ _ _ 

actual = 215364, expected = 136613, where = 'generated LF5-0010 total'

    def _same(actual, expected, where):
>       assert type(actual) is type(expected) and actual == expected, f"{where}: {actual!r}, expected {expected!r}"
E       AssertionError: generated LF5-0010 total: 215364, expected 136613
E       assert (<class 'int'> is <class 'int'> and 215364 == 136613)
E        +  where <class 'int'> = type(215364)
E        +  and   <class 'int'> = type(136613)

/tests/test_outputs.py:190: AssertionError
==================================== PASSES ====================================
=========================== short test summary info ============================
PASSED ../../tests/test_outputs.py::test_rule_2_1_loan_periods
PASSED ../../tests/test_outputs.py::test_rule_2_2_sundays_are_never_late_days
PASSED ../../tests/test_outputs.py::test_loan_not_late_keeps_todays_late_days_and_fine
PASSED ../../tests/test_outputs.py::test_candidate_cannot_read_verifier_state
PASSED ../../tests/test_outputs.py::test_submitted_driver_unchanged
FAILED ../../tests/test_outputs.py::test_rule_3_1_fine_capped_at_replacement_cost
FAILED ../../tests/test_outputs.py::test_rule_3_2_total_and_loan_order - Asse...
FAILED ../../tests/test_outputs.py::test_journal_keeps_todays_loan_period - A...
FAILED ../../tests/test_outputs.py::test_figures_left_to_todays_code_together
FAILED ../../tests/test_outputs.py::test_rule_1_2_limits_reached - AssertionE...
FAILED ../../tests/test_outputs.py::test_generated_return_files - AssertionEr...
========================= 6 failed, 5 passed in 0.59s ==========================
