============================= test session starts ==============================
platform linux -- Python 3.13.12, pytest-9.1.1, pluggy-1.6.0
rootdir: /tests
plugins: json-ctrf-0.5.2
collected 11 items

../../tests/test_outputs.py ....F.F....                                  [100%]

=================================== FAILURES ===================================
____________________ test_journal_keeps_todays_loan_period _____________________

    def test_journal_keeps_todays_loan_period():
        """The policy gives no loan period for a journal: today's step stands."""
>       check_family("journal")

/tests/test_outputs.py:233: 
_ _ _ _ _ _ _ _ _ _ _ _ _ _ _ _ _ _ _ _ _ _ _ _ _ _ _ _ _ _ _ _ _ _ _ _ _ _ _ _ 
/tests/test_outputs.py:208: in check_family
    compare(run(row["loans"]), row["statement"], f"{name} {row['loans']['branch']}")
/tests/test_outputs.py:197: in compare
    _same(actual["total"], expected["total"], f"{label} total")
_ _ _ _ _ _ _ _ _ _ _ _ _ _ _ _ _ _ _ _ _ _ _ _ _ _ _ _ _ _ _ _ _ _ _ _ _ _ _ _ 

actual = 20840, expected = 21120, where = 'journal LF5-0006 total'

    def _same(actual, expected, where):
>       assert type(actual) is type(expected) and actual == expected, f"{where}: {actual!r}, expected {expected!r}"
E       AssertionError: journal LF5-0006 total: 20840, expected 21120
E       assert (<class 'int'> is <class 'int'> and 20840 == 21120)
E        +  where <class 'int'> = type(20840)
E        +  and   <class 'int'> = type(21120)

/tests/test_outputs.py:190: AssertionError
__________________ test_figures_left_to_todays_code_together ___________________

    def test_figures_left_to_todays_code_together():
        """Journals returned early, on time and late, beside books and DVDs."""
>       check_family("together")

/tests/test_outputs.py:243: 
_ _ _ _ _ _ _ _ _ _ _ _ _ _ _ _ _ _ _ _ _ _ _ _ _ _ _ _ _ _ _ _ _ _ _ _ _ _ _ _ 
/tests/test_outputs.py:208: in check_family
    compare(run(row["loans"]), row["statement"], f"{name} {row['loans']['branch']}")
/tests/test_outputs.py:197: in compare
    _same(actual["total"], expected["total"], f"{label} total")
_ _ _ _ _ _ _ _ _ _ _ _ _ _ _ _ _ _ _ _ _ _ _ _ _ _ _ _ _ _ _ _ _ _ _ _ _ _ _ _ 

actual = 340, expected = 900, where = 'together LF5-0008 total'

    def _same(actual, expected, where):
>       assert type(actual) is type(expected) and actual == expected, f"{where}: {actual!r}, expected {expected!r}"
E       AssertionError: together LF5-0008 total: 340, expected 900
E       assert (<class 'int'> is <class 'int'> and 340 == 900)
E        +  where <class 'int'> = type(340)
E        +  and   <class 'int'> = type(900)

/tests/test_outputs.py:190: AssertionError
==================================== PASSES ====================================
=========================== short test summary info ============================
PASSED ../../tests/test_outputs.py::test_rule_2_1_loan_periods
PASSED ../../tests/test_outputs.py::test_rule_2_2_sundays_are_never_late_days
PASSED ../../tests/test_outputs.py::test_rule_3_1_fine_capped_at_replacement_cost
PASSED ../../tests/test_outputs.py::test_rule_3_2_total_and_loan_order
PASSED ../../tests/test_outputs.py::test_loan_not_late_keeps_todays_late_days_and_fine
PASSED ../../tests/test_outputs.py::test_rule_1_2_limits_reached
PASSED ../../tests/test_outputs.py::test_generated_return_files
PASSED ../../tests/test_outputs.py::test_candidate_cannot_read_verifier_state
PASSED ../../tests/test_outputs.py::test_submitted_driver_unchanged
FAILED ../../tests/test_outputs.py::test_journal_keeps_todays_loan_period - A...
FAILED ../../tests/test_outputs.py::test_figures_left_to_todays_code_together
========================= 2 failed, 9 passed in 0.74s ==========================
