============================= test session starts ==============================
platform linux -- Python 3.13.12, pytest-9.1.1, pluggy-1.6.0
rootdir: /tests
plugins: json-ctrf-0.5.2
collected 54 items

../../tests/test_outputs.py .............F...............F....F..F.F.F.. [ 81%]
..F...FF..                                                               [100%]

=================================== FAILURES ===================================
__________________________ test_postings_amount_forms __________________________

    def test_postings_amount_forms():
>       check("postings_amount_forms")

/tests/test_outputs.py:204: 
_ _ _ _ _ _ _ _ _ _ _ _ _ _ _ _ _ _ _ _ _ _ _ _ _ _ _ _ _ _ _ _ _ _ _ _ _ _ _ _ 
/tests/test_outputs.py:112: in check
    compare(_run_port(name), _expected(name))
_ _ _ _ _ _ _ _ _ _ _ _ _ _ _ _ _ _ _ _ _ _ _ _ _ _ _ _ _ _ _ _ _ _ _ _ _ _ _ _ 

got = b'STATEMENTS FOR POSTINGS             DATED 30/06/2025\n\nACCOUNT ****0001  ADA BYRNE                TARIFF D\nREADING...ECTED BAD AMOUNT\nLINE  38 REJECTED BAD AMOUNT\nPOSTED   13  REJECTED  25  PAID         $14.00-  OTHER        $26.09\n'
want = b'STATEMENTS FOR POSTINGS             DATED 30/06/2025\n\nACCOUNT ****0001  ADA BYRNE                TARIFF D\nREADING...  -0.50 WHOLE     -1 BAL       226.11   spaced\nPOSTED   23  REJECTED  15  PAID         $15.50-  OTHER        $26.64\n'

    def compare(got, want):
        if got == want:
            return
        got_lines, want_lines = got.split(b"\n"), want.split(b"\n")
        for number, (a, b) in enumerate(zip(got_lines, want_lines), start=1):
            if a != b:
>               pytest.fail(f"line {number} differs:\n  port: {a!r}\n  job:  {b!r}")
E               Failed: line 72 differs:
E                 port: b'LINE  22 REJECTED BAD AMOUNT'
E                 job:  b'PAY 91000001       -0.50 WHOLE     -1 BAL       223.61   signed leading'

/tests/test_outputs.py:107: Failed
______________________________ test_generated_01 _______________________________

    def test_generated_01():
>       check("generated_01")

/tests/test_outputs.py:268: 
_ _ _ _ _ _ _ _ _ _ _ _ _ _ _ _ _ _ _ _ _ _ _ _ _ _ _ _ _ _ _ _ _ _ _ _ _ _ _ _ 
/tests/test_outputs.py:112: in check
    compare(_run_port(name), _expected(name))
_ _ _ _ _ _ _ _ _ _ _ _ _ _ _ _ _ _ _ _ _ _ _ _ _ _ _ _ _ _ _ _ _ _ _ _ _ _ _ _ 

got = b'STATEMENTS FOR EAST RIDING          DATED 03/75/2023\n\nACCOUNT ****1038  &FP$X~&{CATMF%NI0        TARIFF D\nREADING...EJECTED BAD AMOUNT\nLINE  21 REJECTED BAD KIND\nPOSTED    7  REJECTED  14  PAID    $100,248.57   OTHER     $9,625.97\n'
want = b'STATEMENTS FOR EAST RIDING          DATED 03/75/2023\n\nACCOUNT ****1038  &FP$X~&{CATMF%NI0        TARIFF D\nREADING...EJECTED BAD AMOUNT\nLINE  21 REJECTED BAD KIND\nPOSTED    8  REJECTED  13  PAID    $100,248.57   OTHER     $9,625.47\n'

    def compare(got, want):
        if got == want:
            return
        got_lines, want_lines = got.split(b"\n"), want.split(b"\n")
        for number, (a, b) in enumerate(zip(got_lines, want_lines), start=1):
            if a != b:
>               pytest.fail(f"line {number} differs:\n  port: {a!r}\n  job:  {b!r}")
E               Failed: line 116 differs:
E                 port: b'LINE  15 REJECTED BAD AMOUNT'
E                 job:  b'FEE 56719139       -0.50 WHOLE     -1 BAL    39,997.13   card #XXXXXXXXX'

/tests/test_outputs.py:107: Failed
______________________________ test_generated_06 _______________________________

    def test_generated_06():
>       check("generated_06")

/tests/test_outputs.py:288: 
_ _ _ _ _ _ _ _ _ _ _ _ _ _ _ _ _ _ _ _ _ _ _ _ _ _ _ _ _ _ _ _ _ _ _ _ _ _ _ _ 
/tests/test_outputs.py:112: in check
    compare(_run_port(name), _expected(name))
_ _ _ _ _ _ _ _ _ _ _ _ _ _ _ _ _ _ _ _ _ _ _ _ _ _ _ _ _ _ _ _ _ _ _ _ _ _ _ _ 

got = b'STATEMENTS FOR u~R:                 DATED 15/18/2025\n\nACCOUNT ****2728  (NO NAME ON FILE)        TARIFF L\nREADING... BAD ACCOUNT\nLINE  33 REJECTED TOO FEW FIELDS\nPOSTED   10  REJECTED  23  PAID        $982.05   OTHER    $87,912.91\n'
want = b'STATEMENTS FOR u~R:                 DATED 15/18/2025\n\nACCOUNT ****2728  (NO NAME ON FILE)        TARIFF L\nREADING... BAD ACCOUNT\nLINE  33 REJECTED TOO FEW FIELDS\nPOSTED   11  REJECTED  22  PAID        $982.05   OTHER    $87,912.89\n'

    def compare(got, want):
        if got == want:
            return
        got_lines, want_lines = got.split(b"\n"), want.split(b"\n")
        for number, (a, b) in enumerate(zip(got_lines, want_lines), start=1):
            if a != b:
>               pytest.fail(f"line {number} differs:\n  port: {a!r}\n  job:  {b!r}")
E               Failed: line 175 differs:
E                 port: b'LINE  30 REJECTED BAD AMOUNT'
E                 job:  b'REF 65622370       -0.02 WHOLE     -1 BAL   199,360.51   6+,?1hs#$,ER-g#'

/tests/test_outputs.py:107: Failed
______________________________ test_generated_09 _______________________________

    def test_generated_09():
>       check("generated_09")

/tests/test_outputs.py:300: 
_ _ _ _ _ _ _ _ _ _ _ _ _ _ _ _ _ _ _ _ _ _ _ _ _ _ _ _ _ _ _ _ _ _ _ _ _ _ _ _ 
/tests/test_outputs.py:112: in check
    compare(_run_port(name), _expected(name))
_ _ _ _ _ _ _ _ _ _ _ _ _ _ _ _ _ _ _ _ _ _ _ _ _ _ _ _ _ _ _ _ _ _ _ _ _ _ _ _ 

got = b'STATEMENTS FOR                      DATED 14/07/1943\n\nACCOUNT ****3166  ADA NOVAK                TARIFF D\nREADING...ECTED BAD ACCOUNT\nLINE  18 REJECTED BAD KIND\nPOSTED    5  REJECTED  13  PAID     $91,364.68-  OTHER    $12,346.28-\n'
want = b'STATEMENTS FOR                      DATED 14/07/1943\n\nACCOUNT ****3166  ADA NOVAK                TARIFF D\nREADING...ECTED BAD ACCOUNT\nLINE  18 REJECTED BAD KIND\nPOSTED    5  REJECTED  13  PAID     $91,364.68-  OTHER    $12,346.28-\n'

    def compare(got, want):
        if got == want:
            return
        got_lines, want_lines = got.split(b"\n"), want.split(b"\n")
        for number, (a, b) in enumerate(zip(got_lines, want_lines), start=1):
            if a != b:
>               pytest.fail(f"line {number} differs:\n  port: {a!r}\n  job:  {b!r}")
E               Failed: line 335 differs:
E                 port: b'LINE   5 REJECTED BAD AMOUNT'
E                 job:  b'LINE   5 REJECTED BAD KIND'

/tests/test_outputs.py:107: Failed
______________________________ test_generated_11 _______________________________

    def test_generated_11():
>       check("generated_11")

/tests/test_outputs.py:308: 
_ _ _ _ _ _ _ _ _ _ _ _ _ _ _ _ _ _ _ _ _ _ _ _ _ _ _ _ _ _ _ _ _ _ _ _ _ _ _ _ 
/tests/test_outputs.py:112: in check
    compare(_run_port(name), _expected(name))
_ _ _ _ _ _ _ _ _ _ _ _ _ _ _ _ _ _ _ _ _ _ _ _ _ _ _ _ _ _ _ _ _ _ _ _ _ _ _ _ 

got = b'STATEMENTS FOR                      DATED 62/96/2015\n\nACCOUNT ****0867  SIOBHAN                  TARIFF L\nREADING...TED TOO FEW FIELDS\nLINE  40 REJECTED BAD KIND\nPOSTED   14  REJECTED  26  PAID        $186.69   OTHER     $1,013.89\n'
want = b'STATEMENTS FOR                      DATED 62/96/2015\n\nACCOUNT ****0867  SIOBHAN                  TARIFF L\nREADING...TED TOO FEW FIELDS\nLINE  40 REJECTED BAD KIND\nPOSTED   15  REJECTED  25  PAID        $187.33   OTHER     $1,013.89\n'

    def compare(got, want):
        if got == want:
            return
        got_lines, want_lines = got.split(b"\n"), want.split(b"\n")
        for number, (a, b) in enumerate(zip(got_lines, want_lines), start=1):
            if a != b:
>               pytest.fail(f"line {number} differs:\n  port: {a!r}\n  job:  {b!r}")
E               Failed: line 71 differs:
E                 port: b'LINE  16 REJECTED BAD AMOUNT'
E                 job:  b'PAY 70984399        0.64 WHOLE      0 BAL   758,707.82   +Y^]g8N*vj8?O#@'

/tests/test_outputs.py:107: Failed
______________________________ test_generated_13 _______________________________

    def test_generated_13():
>       check("generated_13")

/tests/test_outputs.py:316: 
_ _ _ _ _ _ _ _ _ _ _ _ _ _ _ _ _ _ _ _ _ _ _ _ _ _ _ _ _ _ _ _ _ _ _ _ _ _ _ _ 
/tests/test_outputs.py:112: in check
    compare(_run_port(name), _expected(name))
_ _ _ _ _ _ _ _ _ _ _ _ _ _ _ _ _ _ _ _ _ _ _ _ _ _ _ _ _ _ _ _ _ _ _ _ _ _ _ _ 

got = b'STATEMENTS FOR t_<@u,ym;Lp$M)\'CJN[S DATED 83/73/2096\n\nACCOUNT ****1448  P5B"OLV>PC4F>BEH         TARIFF L\nREADIN...,489.95   N#Xt~m\nLINE  25 REJECTED BAD AMOUNT\nPOSTED   10  REJECTED  15  PAID          $4.00   OTHER    $11,476.37\n'
want = b'STATEMENTS FOR t_<@u,ym;Lp$M)\'CJN[S DATED 83/73/2096\n\nACCOUNT ****1448  P5B"OLV>PC4F>BEH         TARIFF L\nREADIN...{{\n    FEE SPLIT 3X      0.15 REMAINDER  0.01\nPOSTED   11  REJECTED  14  PAID          $4.00   OTHER    $11,476.83\n'

    def compare(got, want):
        if got == want:
            return
        got_lines, want_lines = got.split(b"\n"), want.split(b"\n")
        for number, (a, b) in enumerate(zip(got_lines, want_lines), start=1):
            if a != b:
>               pytest.fail(f"line {number} differs:\n  port: {a!r}\n  job:  {b!r}")
E               Failed: line 142 differs:
E                 port: b'LINE  25 REJECTED BAD AMOUNT'
E                 job:  b'FEE 84793406        0.46 WHOLE      0 BAL         1.20CR qf{{'

/tests/test_outputs.py:107: Failed
______________________________ test_generated_18 _______________________________

    def test_generated_18():
>       check("generated_18")

/tests/test_outputs.py:336: 
_ _ _ _ _ _ _ _ _ _ _ _ _ _ _ _ _ _ _ _ _ _ _ _ _ _ _ _ _ _ _ _ _ _ _ _ _ _ _ _ 
/tests/test_outputs.py:112: in check
    compare(_run_port(name), _expected(name))
_ _ _ _ _ _ _ _ _ _ _ _ _ _ _ _ _ _ _ _ _ _ _ _ _ _ _ _ _ _ _ _ _ _ _ _ _ _ _ _ 

got = b'STATEMENTS FOR EUnv\'AJe\'Cje"#+SzM!] DATED 43/27/2055\n\nACCOUNT ****2868  (NO NAME ON FILE)        TARIFF C\nREADI...NO SUCH ACCOUNT\nLINE  34 REJECTED BAD ACCOUNT\nPOSTED    8  REJECTED  26  PAID        $199.13   OTHER   $150,370.63\n'
want = b'STATEMENTS FOR EUnv\'AJe\'Cje"#+SzM!] DATED 43/27/2055\n\nACCOUNT ****2868  (NO NAME ON FILE)        TARIFF C\nREADI...NO SUCH ACCOUNT\nLINE  34 REJECTED BAD ACCOUNT\nPOSTED    9  REJECTED  25  PAID        $199.13   OTHER   $150,369.93\n'

    def compare(got, want):
        if got == want:
            return
        got_lines, want_lines = got.split(b"\n"), want.split(b"\n")
        for number, (a, b) in enumerate(zip(got_lines, want_lines), start=1):
            if a != b:
>               pytest.fail(f"line {number} differs:\n  port: {a!r}\n  job:  {b!r}")
E               Failed: line 290 differs:
E                 port: b'LINE   8 REJECTED BAD AMOUNT'
E                 job:  b"FEE 42362843       -0.70 WHOLE     -1 BAL    78,152.71CR !uM]nMY.{TX:'$L"

/tests/test_outputs.py:107: Failed
______________________________ test_generated_22 _______________________________

    def test_generated_22():
>       check("generated_22")

/tests/test_outputs.py:352: 
_ _ _ _ _ _ _ _ _ _ _ _ _ _ _ _ _ _ _ _ _ _ _ _ _ _ _ _ _ _ _ _ _ _ _ _ _ _ _ _ 
/tests/test_outputs.py:112: in check
    compare(_run_port(name), _expected(name))
_ _ _ _ _ _ _ _ _ _ _ _ _ _ _ _ _ _ _ _ _ _ _ _ _ _ _ _ _ _ _ _ _ _ _ _ _ _ _ _ 

got = b'STATEMENTS FOR 77vp#DKLI3;{!a`* (lX DATED 75/64/1988\n\nACCOUNT ****1412  (NO NAME ON FILE)        TARIFF D\nREADING...OLE     -2 BAL       596.79CR \'0x(X?67]^bZ>D4\nPOSTED   13  REJECTED  26  PAID     $43,088.82   OTHER   $138,288.62\n'
want = b'STATEMENTS FOR 77vp#DKLI3;{!a`* (lX DATED 75/64/1988\n\nACCOUNT ****1412  (NO NAME ON FILE)        TARIFF D\nREADING...OLE     -2 BAL       596.79CR \'0x(X?67]^bZ>D4\nPOSTED   14  REJECTED  25  PAID     $43,088.82   OTHER   $138,288.21\n'

    def compare(got, want):
        if got == want:
            return
        got_lines, want_lines = got.split(b"\n"), want.split(b"\n")
        for number, (a, b) in enumerate(zip(got_lines, want_lines), start=1):
            if a != b:
>               pytest.fail(f"line {number} differs:\n  port: {a!r}\n  job:  {b!r}")
E               Failed: line 218 differs:
E                 port: b'LINE   1 REJECTED BAD AMOUNT'
E                 job:  b'REF 80529715       -0.41 WHOLE     -1 BAL   781,552.46   nZ S"HV#zP^Xvj'

/tests/test_outputs.py:107: Failed
______________________________ test_generated_23 _______________________________

    def test_generated_23():
>       check("generated_23")

/tests/test_outputs.py:356: 
_ _ _ _ _ _ _ _ _ _ _ _ _ _ _ _ _ _ _ _ _ _ _ _ _ _ _ _ _ _ _ _ _ _ _ _ _ _ _ _ 
/tests/test_outputs.py:112: in check
    compare(_run_port(name), _expected(name))
_ _ _ _ _ _ _ _ _ _ _ _ _ _ _ _ _ _ _ _ _ _ _ _ _ _ _ _ _ _ _ _ _ _ _ _ _ _ _ _ 

got = b'ACCOUNT ****9784  SIOBHAN                  TARIFF L\nREADINGS 190035 TO 347955  USAGE   157,920 OVER   1 DAYS\nBANDS...80 WHOLE    -13 BAL    84,315.44CR nxjgFVhX+rj\nPOSTED    8  REJECTED  14  PAID     $12,333.71   OTHER   $158,461.39\n'
want = b'ACCOUNT ****9784  SIOBHAN                  TARIFF L\nREADINGS 190035 TO 347955  USAGE   157,920 OVER   1 DAYS\nBANDS...80 WHOLE    -13 BAL    84,315.44CR nxjgFVhX+rj\nPOSTED    8  REJECTED  14  PAID     $12,333.71   OTHER   $158,461.39\n'

    def compare(got, want):
        if got == want:
            return
        got_lines, want_lines = got.split(b"\n"), want.split(b"\n")
        for number, (a, b) in enumerate(zip(got_lines, want_lines), start=1):
            if a != b:
>               pytest.fail(f"line {number} differs:\n  port: {a!r}\n  job:  {b!r}")
E               Failed: line 67 differs:
E                 port: b'LINE  13 REJECTED BAD AMOUNT'
E                 job:  b'LINE  13 REJECTED NO SUCH ACCOUNT'

/tests/test_outputs.py:107: Failed
==================================== PASSES ====================================
=========================== short test summary info ============================
PASSED ../../tests/test_outputs.py::test_every_case_has_an_expected_statement
PASSED ../../tests/test_outputs.py::test_band_boundaries
PASSED ../../tests/test_outputs.py::test_credit_balances
PASSED ../../tests/test_outputs.py::test_date_and_region
PASSED ../../tests/test_outputs.py::test_district_run
PASSED ../../tests/test_outputs.py::test_empty_file
PASSED ../../tests/test_outputs.py::test_header_missing
PASSED ../../tests/test_outputs.py::test_header_only
PASSED ../../tests/test_outputs.py::test_header_out_of_place
PASSED ../../tests/test_outputs.py::test_large_commercial_accounts
PASSED ../../tests/test_outputs.py::test_long_run
PASSED ../../tests/test_outputs.py::test_meter_rollover
PASSED ../../tests/test_outputs.py::test_names_of_every_shape
PASSED ../../tests/test_outputs.py::test_postings_empty
PASSED ../../tests/test_outputs.py::test_postings_kinds_and_accounts
PASSED ../../tests/test_outputs.py::test_postings_memos
PASSED ../../tests/test_outputs.py::test_postings_ordinary
PASSED ../../tests/test_outputs.py::test_postings_rounding_modes
PASSED ../../tests/test_outputs.py::test_postings_with_fewer_fields
PASSED ../../tests/test_outputs.py::test_rejected_records
PASSED ../../tests/test_outputs.py::test_rounding_boundaries
PASSED ../../tests/test_outputs.py::test_short_lines
PASSED ../../tests/test_outputs.py::test_two_headers
PASSED ../../tests/test_outputs.py::test_zero_amounts
PASSED ../../tests/test_outputs.py::test_other_record_types
PASSED ../../tests/test_outputs.py::test_short_header
PASSED ../../tests/test_outputs.py::test_header_date_and_part_region
PASSED ../../tests/test_outputs.py::test_blank_line_first
PASSED ../../tests/test_outputs.py::test_generated_02
PASSED ../../tests/test_outputs.py::test_generated_03
PASSED ../../tests/test_outputs.py::test_generated_04
PASSED ../../tests/test_outputs.py::test_generated_05
PASSED ../../tests/test_outputs.py::test_generated_07
PASSED ../../tests/test_outputs.py::test_generated_08
PASSED ../../tests/test_outputs.py::test_generated_10
PASSED ../../tests/test_outputs.py::test_generated_12
PASSED ../../tests/test_outputs.py::test_generated_14
PASSED ../../tests/test_outputs.py::test_generated_15
PASSED ../../tests/test_outputs.py::test_generated_16
PASSED ../../tests/test_outputs.py::test_generated_17
PASSED ../../tests/test_outputs.py::test_generated_19
PASSED ../../tests/test_outputs.py::test_generated_20
PASSED ../../tests/test_outputs.py::test_generated_21
PASSED ../../tests/test_outputs.py::test_generated_24
PASSED ../../tests/test_outputs.py::test_supplied_production_sample
FAILED ../../tests/test_outputs.py::test_postings_amount_forms - Failed: line...
FAILED ../../tests/test_outputs.py::test_generated_01 - Failed: line 116 diff...
FAILED ../../tests/test_outputs.py::test_generated_06 - Failed: line 175 diff...
FAILED ../../tests/test_outputs.py::test_generated_09 - Failed: line 335 diff...
FAILED ../../tests/test_outputs.py::test_generated_11 - Failed: line 71 differs:
FAILED ../../tests/test_outputs.py::test_generated_13 - Failed: line 142 diff...
FAILED ../../tests/test_outputs.py::test_generated_18 - Failed: line 290 diff...
FAILED ../../tests/test_outputs.py::test_generated_22 - Failed: line 218 diff...
FAILED ../../tests/test_outputs.py::test_generated_23 - Failed: line 67 differs:
========================= 9 failed, 45 passed in 1.43s =========================
