============================= test session starts ==============================
platform linux -- Python 3.13.12, pytest-9.1.1, pluggy-1.6.0
rootdir: /tests
plugins: json-ctrf-0.5.2
collected 16 items

../../tests/test_outputs.py .FFF.FFF..FFF...                             [100%]

=================================== FAILURES ===================================
___________________ test_rule_3_2_allowance_150_miles_a_day ____________________

    def test_rule_3_2_allowance_150_miles_a_day():
        """150 free miles for each day charged; the mile rate beyond, at rates of nought to 500."""
>       check_family("allowance")

/tests/test_outputs.py:242: 
_ _ _ _ _ _ _ _ _ _ _ _ _ _ _ _ _ _ _ _ _ _ _ _ _ _ _ _ _ _ _ _ _ _ _ _ _ _ _ _ 
/tests/test_outputs.py:232: in check_family
    compare(bill_run(row["agreements"]), row["bills"], f"{name} {row['agreements']['branch']}")
            ^^^^^^^^^^^^^^^^^^^^^^^^^^^
_ _ _ _ _ _ _ _ _ _ _ _ _ _ _ _ _ _ _ _ _ _ _ _ _ _ _ _ _ _ _ _ _ _ _ _ _ _ _ _ 

agreements = {'branch': 'RC3-0003', 'agreements': [{'id': 'M1', 'out': '2027-03-01T08:00', 'in': '2027-03-03T08:00', 'odometer_out'...eter_out': 10000, ...}, {'id': 'M5', 'out': '2027-03-01T08:00', 'in': '2027-03-08T09:00', 'odometer_out': 10000, ...}]}
shipped = False

    def bill_run(agreements, shipped=False):
        """Run the driver on one agreement file (the candidate's package, or the shipped copy); return its parsed stdout."""
        stage = tempfile.mkdtemp()
        work = tempfile.mkdtemp()
        os.chmod(stage, 0o755)
        os.chmod(work, 0o777)
        path = os.path.join(stage, STAGE_NAMES[JOBS[0] % len(STAGE_NAMES)])
        JOBS[0] += 1
        os.makedirs(os.path.dirname(path), mode=0o755, exist_ok=True)
        for parent in Path(path).relative_to(stage).parents:
            os.chmod(os.path.join(stage, parent), 0o755)
        with open(path, "w", encoding="utf-8") as handle:
            json.dump(agreements, handle, ensure_ascii=False)
        os.chmod(path, 0o644)
        remaining = DEADLINE - time.monotonic()
        assert remaining > 0, "verifier time budget exhausted"
        uid, driver = (SHIPPED_UID, str(SHIPPED_RUN / "app" / "tools" / "rentcharge_run.py")) if shipped else (CANDIDATE_UID, str(DELIVERED_DRIVER))
        code, out, err = run_as(uid, ["python3", "-I", "-S", driver, path], work, remaining)
        shutil.rmtree(stage, ignore_errors=True)
        shutil.rmtree(work, ignore_errors=True)
>       assert code == 0, f"driver exited {code} on {path}: {err[-2000:]}"
E       AssertionError: driver exited 3 on /tmp/tmpdqj55sly/Counter export 2031-05.JSON: 
E       assert 3 == 0

/tests/test_outputs.py:165: AssertionError
______________________ test_rule_2_4_odometer_turns_over _______________________

    def test_rule_2_4_odometer_turns_over():
        """A reading coming back smaller than the one going out has turned over at 1,000,000."""
>       check_family("turnover")

/tests/test_outputs.py:247: 
_ _ _ _ _ _ _ _ _ _ _ _ _ _ _ _ _ _ _ _ _ _ _ _ _ _ _ _ _ _ _ _ _ _ _ _ _ _ _ _ 
/tests/test_outputs.py:232: in check_family
    compare(bill_run(row["agreements"]), row["bills"], f"{name} {row['agreements']['branch']}")
            ^^^^^^^^^^^^^^^^^^^^^^^^^^^
_ _ _ _ _ _ _ _ _ _ _ _ _ _ _ _ _ _ _ _ _ _ _ _ _ _ _ _ _ _ _ _ _ _ _ _ _ _ _ _ 

agreements = {'branch': 'RC3-0005', 'agreements': [{'id': 'T1', 'out': '2033-08-08T08:08', 'in': '2033-08-10T08:08', 'odometer_out'...dometer_out': 0, ...}, {'id': 'T5', 'out': '2033-08-08T08:08', 'in': '2033-08-11T08:08', 'odometer_out': 999999, ...}]}
shipped = False

    def bill_run(agreements, shipped=False):
        """Run the driver on one agreement file (the candidate's package, or the shipped copy); return its parsed stdout."""
        stage = tempfile.mkdtemp()
        work = tempfile.mkdtemp()
        os.chmod(stage, 0o755)
        os.chmod(work, 0o777)
        path = os.path.join(stage, STAGE_NAMES[JOBS[0] % len(STAGE_NAMES)])
        JOBS[0] += 1
        os.makedirs(os.path.dirname(path), mode=0o755, exist_ok=True)
        for parent in Path(path).relative_to(stage).parents:
            os.chmod(os.path.join(stage, parent), 0o755)
        with open(path, "w", encoding="utf-8") as handle:
            json.dump(agreements, handle, ensure_ascii=False)
        os.chmod(path, 0o644)
        remaining = DEADLINE - time.monotonic()
        assert remaining > 0, "verifier time budget exhausted"
        uid, driver = (SHIPPED_UID, str(SHIPPED_RUN / "app" / "tools" / "rentcharge_run.py")) if shipped else (CANDIDATE_UID, str(DELIVERED_DRIVER))
        code, out, err = run_as(uid, ["python3", "-I", "-S", driver, path], work, remaining)
        shutil.rmtree(stage, ignore_errors=True)
        shutil.rmtree(work, ignore_errors=True)
>       assert code == 0, f"driver exited {code} on {path}: {err[-2000:]}"
E       AssertionError: driver exited 3 on /tmp/tmp6l6be7um/in/2031/05/run: 
E       assert 3 == 0

/tests/test_outputs.py:165: AssertionError
_________________________ test_rule_3_3_refuelling_fee _________________________

    def test_rule_3_3_refuelling_fee():
        """Each eighth short at the fuel rate plus the 1,500-cent refuelling fee."""
>       check_family("refuelling")

/tests/test_outputs.py:252: 
_ _ _ _ _ _ _ _ _ _ _ _ _ _ _ _ _ _ _ _ _ _ _ _ _ _ _ _ _ _ _ _ _ _ _ _ _ _ _ _ 
/tests/test_outputs.py:232: in check_family
    compare(bill_run(row["agreements"]), row["bills"], f"{name} {row['agreements']['branch']}")
            ^^^^^^^^^^^^^^^^^^^^^^^^^^^
_ _ _ _ _ _ _ _ _ _ _ _ _ _ _ _ _ _ _ _ _ _ _ _ _ _ _ _ _ _ _ _ _ _ _ _ _ _ _ _ 

agreements = {'branch': 'RC3-0006', 'agreements': [{'id': 'F1', 'out': '2024-02-28T18:00', 'in': '2024-03-01T18:00', 'odometer_out'...eter_out': 10000, ...}, {'id': 'F4', 'out': '2024-02-28T18:00', 'in': '2024-03-01T18:00', 'odometer_out': 10000, ...}]}
shipped = False

    def bill_run(agreements, shipped=False):
        """Run the driver on one agreement file (the candidate's package, or the shipped copy); return its parsed stdout."""
        stage = tempfile.mkdtemp()
        work = tempfile.mkdtemp()
        os.chmod(stage, 0o755)
        os.chmod(work, 0o777)
        path = os.path.join(stage, STAGE_NAMES[JOBS[0] % len(STAGE_NAMES)])
        JOBS[0] += 1
        os.makedirs(os.path.dirname(path), mode=0o755, exist_ok=True)
        for parent in Path(path).relative_to(stage).parents:
            os.chmod(os.path.join(stage, parent), 0o755)
        with open(path, "w", encoding="utf-8") as handle:
            json.dump(agreements, handle, ensure_ascii=False)
        os.chmod(path, 0o644)
        remaining = DEADLINE - time.monotonic()
        assert remaining > 0, "verifier time budget exhausted"
        uid, driver = (SHIPPED_UID, str(SHIPPED_RUN / "app" / "tools" / "rentcharge_run.py")) if shipped else (CANDIDATE_UID, str(DELIVERED_DRIVER))
        code, out, err = run_as(uid, ["python3", "-I", "-S", driver, path], work, remaining)
        shutil.rmtree(stage, ignore_errors=True)
        shutil.rmtree(work, ignore_errors=True)
>       assert code == 0, f"driver exited {code} on {path}: {err[-2000:]}"
E       AssertionError: driver exited 3 on /tmp/tmp6ijkm67h/bills.2031.05.json.txt: 
E       assert 3 == 0

/tests/test_outputs.py:165: AssertionError
_____________________ test_rule_1_2_tax_half_cent_goes_up ______________________

    def test_rule_1_2_tax_half_cent_goes_up():
        """The tax to the nearest cent, an exact half cent going up."""
>       check_family("tax_rounding")

/tests/test_outputs.py:262: 
_ _ _ _ _ _ _ _ _ _ _ _ _ _ _ _ _ _ _ _ _ _ _ _ _ _ _ _ _ _ _ _ _ _ _ _ _ _ _ _ 
/tests/test_outputs.py:232: in check_family
    compare(bill_run(row["agreements"]), row["bills"], f"{name} {row['agreements']['branch']}")
            ^^^^^^^^^^^^^^^^^^^^^^^^^^^
_ _ _ _ _ _ _ _ _ _ _ _ _ _ _ _ _ _ _ _ _ _ _ _ _ _ _ _ _ _ _ _ _ _ _ _ _ _ _ _ 

agreements = {'branch': 'RC3-0009', 'agreements': [{'id': 'R1', 'out': '2022-07-01T00:00', 'in': '2022-07-02T00:00', 'odometer_out'...eter_out': 10000, ...}, {'id': 'R6', 'out': '2022-07-01T00:00', 'in': '2022-07-03T00:00', 'odometer_out': 10000, ...}]}
shipped = False

    def bill_run(agreements, shipped=False):
        """Run the driver on one agreement file (the candidate's package, or the shipped copy); return its parsed stdout."""
        stage = tempfile.mkdtemp()
        work = tempfile.mkdtemp()
        os.chmod(stage, 0o755)
        os.chmod(work, 0o777)
        path = os.path.join(stage, STAGE_NAMES[JOBS[0] % len(STAGE_NAMES)])
        JOBS[0] += 1
        os.makedirs(os.path.dirname(path), mode=0o755, exist_ok=True)
        for parent in Path(path).relative_to(stage).parents:
            os.chmod(os.path.join(stage, parent), 0o755)
        with open(path, "w", encoding="utf-8") as handle:
            json.dump(agreements, handle, ensure_ascii=False)
        os.chmod(path, 0o644)
        remaining = DEADLINE - time.monotonic()
        assert remaining > 0, "verifier time budget exhausted"
        uid, driver = (SHIPPED_UID, str(SHIPPED_RUN / "app" / "tools" / "rentcharge_run.py")) if shipped else (CANDIDATE_UID, str(DELIVERED_DRIVER))
        code, out, err = run_as(uid, ["python3", "-I", "-S", driver, path], work, remaining)
        shutil.rmtree(stage, ignore_errors=True)
        shutil.rmtree(work, ignore_errors=True)
>       assert code == 0, f"driver exited {code} on {path}: {err[-2000:]}"
E       AssertionError: driver exited 3 on /tmp/tmpxhhcwbk6/Counter export 2031-05.JSON: 
E       assert 3 == 0

/tests/test_outputs.py:165: AssertionError
_______________________ test_bill_order_and_file_totals ________________________

    def test_bill_order_and_file_totals():
        """Bills in file order; revenue and tax summed over the file."""
>       check_family("order_and_totals")

/tests/test_outputs.py:267: 
_ _ _ _ _ _ _ _ _ _ _ _ _ _ _ _ _ _ _ _ _ _ _ _ _ _ _ _ _ _ _ _ _ _ _ _ _ _ _ _ 
/tests/test_outputs.py:232: in check_family
    compare(bill_run(row["agreements"]), row["bills"], f"{name} {row['agreements']['branch']}")
            ^^^^^^^^^^^^^^^^^^^^^^^^^^^
_ _ _ _ _ _ _ _ _ _ _ _ _ _ _ _ _ _ _ _ _ _ _ _ _ _ _ _ _ _ _ _ _ _ _ _ _ _ _ _ 

agreements = {'branch': 'RC3-0010', 'agreements': [{'id': 'Z9', 'out': '2030-01-01T00:00', 'in': '2030-01-03T00:00', 'odometer_out'...': 10000, ...}, {'id': 'MMMMMMMMMM', 'out': '2030-01-01T00:00', 'in': '2030-01-02T00:59', 'odometer_out': 10000, ...}]}
shipped = False

    def bill_run(agreements, shipped=False):
        """Run the driver on one agreement file (the candidate's package, or the shipped copy); return its parsed stdout."""
        stage = tempfile.mkdtemp()
        work = tempfile.mkdtemp()
        os.chmod(stage, 0o755)
        os.chmod(work, 0o777)
        path = os.path.join(stage, STAGE_NAMES[JOBS[0] % len(STAGE_NAMES)])
        JOBS[0] += 1
        os.makedirs(os.path.dirname(path), mode=0o755, exist_ok=True)
        for parent in Path(path).relative_to(stage).parents:
            os.chmod(os.path.join(stage, parent), 0o755)
        with open(path, "w", encoding="utf-8") as handle:
            json.dump(agreements, handle, ensure_ascii=False)
        os.chmod(path, 0o644)
        remaining = DEADLINE - time.monotonic()
        assert remaining > 0, "verifier time budget exhausted"
        uid, driver = (SHIPPED_UID, str(SHIPPED_RUN / "app" / "tools" / "rentcharge_run.py")) if shipped else (CANDIDATE_UID, str(DELIVERED_DRIVER))
        code, out, err = run_as(uid, ["python3", "-I", "-S", driver, path], work, remaining)
        shutil.rmtree(stage, ignore_errors=True)
        shutil.rmtree(work, ignore_errors=True)
>       assert code == 0, f"driver exited {code} on {path}: {err[-2000:]}"
E       AssertionError: driver exited 3 on /tmp/tmpk91qct4a/in/2031/05/run: 
E       assert 3 == 0

/tests/test_outputs.py:165: AssertionError
__________________ test_rental_under_a_day_keeps_todays_days ___________________

    def test_rental_under_a_day_keeps_todays_days():
        """The manual gives no days for a rental under a day: today's step (every day begun) stands."""
>       check_family("short_days")

/tests/test_outputs.py:272: 
_ _ _ _ _ _ _ _ _ _ _ _ _ _ _ _ _ _ _ _ _ _ _ _ _ _ _ _ _ _ _ _ _ _ _ _ _ _ _ _ 
/tests/test_outputs.py:232: in check_family
    compare(bill_run(row["agreements"]), row["bills"], f"{name} {row['agreements']['branch']}")
            ^^^^^^^^^^^^^^^^^^^^^^^^^^^
_ _ _ _ _ _ _ _ _ _ _ _ _ _ _ _ _ _ _ _ _ _ _ _ _ _ _ _ _ _ _ _ _ _ _ _ _ _ _ _ 

agreements = {'branch': 'RC3-0011', 'agreements': [{'id': 'S1', 'out': '2028-04-04T14:00', 'in': '2028-04-04T14:01', 'odometer_out'...eter_out': 10000, ...}, {'id': 'S5', 'out': '2028-04-04T14:00', 'in': '2028-04-05T13:59', 'odometer_out': 10000, ...}]}
shipped = False

    def bill_run(agreements, shipped=False):
        """Run the driver on one agreement file (the candidate's package, or the shipped copy); return its parsed stdout."""
        stage = tempfile.mkdtemp()
        work = tempfile.mkdtemp()
        os.chmod(stage, 0o755)
        os.chmod(work, 0o777)
        path = os.path.join(stage, STAGE_NAMES[JOBS[0] % len(STAGE_NAMES)])
        JOBS[0] += 1
        os.makedirs(os.path.dirname(path), mode=0o755, exist_ok=True)
        for parent in Path(path).relative_to(stage).parents:
            os.chmod(os.path.join(stage, parent), 0o755)
        with open(path, "w", encoding="utf-8") as handle:
            json.dump(agreements, handle, ensure_ascii=False)
        os.chmod(path, 0o644)
        remaining = DEADLINE - time.monotonic()
        assert remaining > 0, "verifier time budget exhausted"
        uid, driver = (SHIPPED_UID, str(SHIPPED_RUN / "app" / "tools" / "rentcharge_run.py")) if shipped else (CANDIDATE_UID, str(DELIVERED_DRIVER))
        code, out, err = run_as(uid, ["python3", "-I", "-S", driver, path], work, remaining)
        shutil.rmtree(stage, ignore_errors=True)
        shutil.rmtree(work, ignore_errors=True)
>       assert code == 0, f"driver exited {code} on {path}: {err[-2000:]}"
E       AssertionError: driver exited 3 on /tmp/tmppirtj_79/bills.2031.05.json.txt: 
E       assert 3 == 0

/tests/test_outputs.py:165: AssertionError
__________________ test_figures_left_to_todays_code_together ___________________

    def test_figures_left_to_todays_code_together():
        """Rentals under an hour and under a day, cars back fuller, in one file."""
>       check_family("traps_combined")

/tests/test_outputs.py:287: 
_ _ _ _ _ _ _ _ _ _ _ _ _ _ _ _ _ _ _ _ _ _ _ _ _ _ _ _ _ _ _ _ _ _ _ _ _ _ _ _ 
/tests/test_outputs.py:232: in check_family
    compare(bill_run(row["agreements"]), row["bills"], f"{name} {row['agreements']['branch']}")
            ^^^^^^^^^^^^^^^^^^^^^^^^^^^
_ _ _ _ _ _ _ _ _ _ _ _ _ _ _ _ _ _ _ _ _ _ _ _ _ _ _ _ _ _ _ _ _ _ _ _ _ _ _ _ 

agreements = {'branch': 'RC3-0014', 'agreements': [{'id': 'C1', 'out': '2061-03-03T03:03', 'in': '2061-03-03T03:48', 'odometer_out'...eter_out': 10000, ...}, {'id': 'C3', 'out': '2061-03-03T03:03', 'in': '2061-03-03T14:43', 'odometer_out': 10000, ...}]}
shipped = False

    def bill_run(agreements, shipped=False):
        """Run the driver on one agreement file (the candidate's package, or the shipped copy); return its parsed stdout."""
        stage = tempfile.mkdtemp()
        work = tempfile.mkdtemp()
        os.chmod(stage, 0o755)
        os.chmod(work, 0o777)
        path = os.path.join(stage, STAGE_NAMES[JOBS[0] % len(STAGE_NAMES)])
        JOBS[0] += 1
        os.makedirs(os.path.dirname(path), mode=0o755, exist_ok=True)
        for parent in Path(path).relative_to(stage).parents:
            os.chmod(os.path.join(stage, parent), 0o755)
        with open(path, "w", encoding="utf-8") as handle:
            json.dump(agreements, handle, ensure_ascii=False)
        os.chmod(path, 0o644)
        remaining = DEADLINE - time.monotonic()
        assert remaining > 0, "verifier time budget exhausted"
        uid, driver = (SHIPPED_UID, str(SHIPPED_RUN / "app" / "tools" / "rentcharge_run.py")) if shipped else (CANDIDATE_UID, str(DELIVERED_DRIVER))
        code, out, err = run_as(uid, ["python3", "-I", "-S", driver, path], work, remaining)
        shutil.rmtree(stage, ignore_errors=True)
        shutil.rmtree(work, ignore_errors=True)
>       assert code == 0, f"driver exited {code} on {path}: {err[-2000:]}"
E       AssertionError: driver exited 3 on /tmp/tmpt3zm4o1x/Counter export 2031-05.JSON: 
E       assert 3 == 0

/tests/test_outputs.py:165: AssertionError
_________________________ test_rule_1_3_limits_reached _________________________

    def test_rule_1_3_limits_reached():
        """200 agreements; 60-day and one-day rentals; the years 2000 and 2099; every rate and reading at its ends."""
        rows = load("limits")
        assert len(rows[0]["agreements"]["agreements"]) == 200
>       check_family("limits")

/tests/test_outputs.py:294: 
_ _ _ _ _ _ _ _ _ _ _ _ _ _ _ _ _ _ _ _ _ _ _ _ _ _ _ _ _ _ _ _ _ _ _ _ _ _ _ _ 
/tests/test_outputs.py:232: in check_family
    compare(bill_run(row["agreements"]), row["bills"], f"{name} {row['agreements']['branch']}")
            ^^^^^^^^^^^^^^^^^^^^^^^^^^^
_ _ _ _ _ _ _ _ _ _ _ _ _ _ _ _ _ _ _ _ _ _ _ _ _ _ _ _ _ _ _ _ _ _ _ _ _ _ _ _ 

agreements = {'branch': 'RC3-0019', 'agreements': [{'id': 'AAAAAAAAAA', 'out': '2000-01-01T00:00', 'in': '2000-03-01T00:00', 'odome...t': 456416, ...}, {'id': 'L5', 'out': '2020-09-16T11:14', 'in': '2020-09-18T12:14', 'odometer_out': 126713, ...}, ...]}
shipped = False

    def bill_run(agreements, shipped=False):
        """Run the driver on one agreement file (the candidate's package, or the shipped copy); return its parsed stdout."""
        stage = tempfile.mkdtemp()
        work = tempfile.mkdtemp()
        os.chmod(stage, 0o755)
        os.chmod(work, 0o777)
        path = os.path.join(stage, STAGE_NAMES[JOBS[0] % len(STAGE_NAMES)])
        JOBS[0] += 1
        os.makedirs(os.path.dirname(path), mode=0o755, exist_ok=True)
        for parent in Path(path).relative_to(stage).parents:
            os.chmod(os.path.join(stage, parent), 0o755)
        with open(path, "w", encoding="utf-8") as handle:
            json.dump(agreements, handle, ensure_ascii=False)
        os.chmod(path, 0o644)
        remaining = DEADLINE - time.monotonic()
        assert remaining > 0, "verifier time budget exhausted"
        uid, driver = (SHIPPED_UID, str(SHIPPED_RUN / "app" / "tools" / "rentcharge_run.py")) if shipped else (CANDIDATE_UID, str(DELIVERED_DRIVER))
        code, out, err = run_as(uid, ["python3", "-I", "-S", driver, path], work, remaining)
        shutil.rmtree(stage, ignore_errors=True)
        shutil.rmtree(work, ignore_errors=True)
>       assert code == 0, f"driver exited {code} on {path}: {err[-2000:]}"
E       AssertionError: driver exited 3 on /tmp/tmpcy6c78lf/in/2031/05/run: 
E       assert 3 == 0

/tests/test_outputs.py:165: AssertionError
________________________ test_generated_agreement_files ________________________

    def test_generated_agreement_files():
        """Seeded day rentals over the rest of the rule 1.3 domain, as sealed and under fresh labels: every file twice,
        under branch names that are empty, one letter, long, non-ASCII, quoted, backslashed, spaced or freshly drawn."""
>       check_family("generated")

/tests/test_outputs.py:325: 
_ _ _ _ _ _ _ _ _ _ _ _ _ _ _ _ _ _ _ _ _ _ _ _ _ _ _ _ _ _ _ _ _ _ _ _ _ _ _ _ 
/tests/test_outputs.py:232: in check_family
    compare(bill_run(row["agreements"]), row["bills"], f"{name} {row['agreements']['branch']}")
            ^^^^^^^^^^^^^^^^^^^^^^^^^^^
_ _ _ _ _ _ _ _ _ _ _ _ _ _ _ _ _ _ _ _ _ _ _ _ _ _ _ _ _ _ _ _ _ _ _ _ _ _ _ _ 

agreements = {'branch': 'RC3-0015', 'agreements': [{'id': '2W0', 'out': '2035-10-04T12:05', 'in': '2035-10-06T22:58', 'odometer_out...01, ...}, {'id': '8N8BRIG835', 'out': '2085-09-19T12:40', 'in': '2085-09-25T08:07', 'odometer_out': 997942, ...}, ...]}
shipped = False

    def bill_run(agreements, shipped=False):
        """Run the driver on one agreement file (the candidate's package, or the shipped copy); return its parsed stdout."""
        stage = tempfile.mkdtemp()
        work = tempfile.mkdtemp()
        os.chmod(stage, 0o755)
        os.chmod(work, 0o777)
        path = os.path.join(stage, STAGE_NAMES[JOBS[0] % len(STAGE_NAMES)])
        JOBS[0] += 1
        os.makedirs(os.path.dirname(path), mode=0o755, exist_ok=True)
        for parent in Path(path).relative_to(stage).parents:
            os.chmod(os.path.join(stage, parent), 0o755)
        with open(path, "w", encoding="utf-8") as handle:
            json.dump(agreements, handle, ensure_ascii=False)
        os.chmod(path, 0o644)
        remaining = DEADLINE - time.monotonic()
        assert remaining > 0, "verifier time budget exhausted"
        uid, driver = (SHIPPED_UID, str(SHIPPED_RUN / "app" / "tools" / "rentcharge_run.py")) if shipped else (CANDIDATE_UID, str(DELIVERED_DRIVER))
        code, out, err = run_as(uid, ["python3", "-I", "-S", driver, path], work, remaining)
        shutil.rmtree(stage, ignore_errors=True)
        shutil.rmtree(work, ignore_errors=True)
>       assert code == 0, f"driver exited {code} on {path}: {err[-2000:]}"
E       AssertionError: driver exited 3 on /tmp/tmp27_7u3m3/bills.2031.05.json.txt: 
E       assert 3 == 0

/tests/test_outputs.py:165: AssertionError
==================================== PASSES ====================================
=========================== short test summary info ============================
PASSED ../../tests/test_outputs.py::test_rule_2_3_whole_days_and_59_minutes_free
PASSED ../../tests/test_outputs.py::test_rule_4_1_fuel_is_not_taxed
PASSED ../../tests/test_outputs.py::test_rule_3_2_allowance_on_a_rental_under_a_day
PASSED ../../tests/test_outputs.py::test_car_back_as_full_or_fuller_keeps_todays_fuel_charge
PASSED ../../tests/test_outputs.py::test_candidate_cannot_read_verifier_state
PASSED ../../tests/test_outputs.py::test_only_the_package_changed
PASSED ../../tests/test_outputs.py::test_submitted_driver_unchanged
FAILED ../../tests/test_outputs.py::test_rule_3_2_allowance_150_miles_a_day
FAILED ../../tests/test_outputs.py::test_rule_2_4_odometer_turns_over - Asser...
FAILED ../../tests/test_outputs.py::test_rule_3_3_refuelling_fee - AssertionE...
FAILED ../../tests/test_outputs.py::test_rule_1_2_tax_half_cent_goes_up - Ass...
FAILED ../../tests/test_outputs.py::test_bill_order_and_file_totals - Asserti...
FAILED ../../tests/test_outputs.py::test_rental_under_a_day_keeps_todays_days
FAILED ../../tests/test_outputs.py::test_figures_left_to_todays_code_together
FAILED ../../tests/test_outputs.py::test_rule_1_3_limits_reached - AssertionE...
FAILED ../../tests/test_outputs.py::test_generated_agreement_files - Assertio...
========================= 9 failed, 7 passed in 0.63s ==========================
