============================= test session starts ==============================
platform linux -- Python 3.13.12, pytest-9.1.1, pluggy-1.6.0
rootdir: /tests
plugins: json-ctrf-0.5.2
collected 22 items

../../tests/test_outputs.py FFFFFFFFFFFFFFFFFFFF..                       [100%]

=================================== FAILURES ===================================
____________ test_rule_3_1_reference_duration_uses_85_dba_and_3_db _____________

    def test_rule_3_1_reference_duration_uses_85_dba_and_3_db():
        """Doses follow the 85 dBA criterion and 3 dB exchange rate, at levels from 80.0 to 115.0 dBA."""
>       check_family("reference_duration")

/tests/test_outputs.py:227: 
_ _ _ _ _ _ _ _ _ _ _ _ _ _ _ _ _ _ _ _ _ _ _ _ _ _ _ _ _ _ _ _ _ _ _ _ _ _ _ _ 
/tests/test_outputs.py:209: in check_family
    compare(reduce(row["survey"]), row["report"], f"{name} {row['survey']['survey']}")
_ _ _ _ _ _ _ _ _ _ _ _ _ _ _ _ _ _ _ _ _ _ _ _ _ _ _ _ _ _ _ _ _ _ _ _ _ _ _ _ 

actual = {'survey': 'HC4-0001', 'workers': [{'id': 'A1', 'group': 'G1', 'dose': 100.0, 'twa': 85.0, ...}, {'id': 'A2', 'group':...1235, 'twa': 110.5, ...}, ...], 'groups': [{'group': 'G', 'dose': 20362.195031856943, 'twa': 108.0, 'status': 'over'}]}
expected = {'survey': 'HC4-0001', 'workers': [{'id': 'A1', 'group': 'G1', 'dose': 100.0, 'twa': 85.0, ...}, {'id': 'A2', 'group':... 3200.0, 'twa': 100.0, 'status': 'over'}, {'group': 'G6', 'dose': 36203.8671968, 'twa': 110.5, 'status': 'over'}, ...]}
label = 'reference_duration HC4-0001'

    def compare(actual, expected, label):
        assert isinstance(actual, dict) and set(actual) >= {"survey", "workers", "groups"}, f"{label}: top-level keys"
        assert type(actual["survey"]) is str and actual["survey"] == expected["survey"], f"{label}: survey name"
        for section, keys in (("workers", ROW_KEYS), ("groups", GROUP_KEYS)):
            got, want = actual[section], expected[section]
>           assert isinstance(got, list) and len(got) == len(want), f"{label}: {section} has {len(got) if isinstance(got, list) else got!r} rows, expected {len(want)}"
E           AssertionError: reference_duration HC4-0001: groups has 1 rows, expected 7
E           assert (True and 1 == 7)
E            +  where True = isinstance([{'group': 'G', 'dose': 20362.195031856943, 'twa': 108.0, 'status': 'over'}], list)
E            +  and   1 = len([{'group': 'G', 'dose': 20362.195031856943, 'twa': 108.0, 'status': 'over'}])
E            +  and   7 = len([{'group': 'G1', 'dose': 100.0, 'twa': 85.0, 'status': 'action'}, {'group': 'G2', 'dose': 200.0, 'twa': 88.0, 'status'...: 3200.0, 'twa': 100.0, 'status': 'over'}, {'group': 'G6', 'dose': 36203.8671968, 'twa': 110.5, 'status': 'over'}, ...])

/tests/test_outputs.py:202: AssertionError
________________ test_rule_2_3_reading_at_the_threshold_counts _________________

    def test_rule_2_3_reading_at_the_threshold_counts():
        """A reading exactly at 80.0 dBA adds dose; 79.9 dBA does not."""
>       check_family("threshold")

/tests/test_outputs.py:232: 
_ _ _ _ _ _ _ _ _ _ _ _ _ _ _ _ _ _ _ _ _ _ _ _ _ _ _ _ _ _ _ _ _ _ _ _ _ _ _ _ 
/tests/test_outputs.py:209: in check_family
    compare(reduce(row["survey"]), row["report"], f"{name} {row['survey']['survey']}")
_ _ _ _ _ _ _ _ _ _ _ _ _ _ _ _ _ _ _ _ _ _ _ _ _ _ _ _ _ _ _ _ _ _ _ _ _ _ _ _ 

actual = {'survey': 'HC4-0003', 'workers': [{'id': 'A1', 'group': 'G1', 'dose': 174.48911832050587, 'twa': 87.4, ...}, {'id': '...723405231468, 'twa': 87.4, ...}], 'groups': [{'group': 'G', 'dose': 169.3621525232135, 'twa': 87.3, 'status': 'over'}]}
expected = {'survey': 'HC4-0003', 'workers': [{'id': 'A1', 'group': 'G1', 'dose': 174.489118321, 'twa': 87.4, ...}, {'id': 'A2', ... 166.614611759, 'twa': 87.2, 'status': 'over'}, {'group': 'G2', 'dose': 174.857234052, 'twa': 87.4, 'status': 'over'}]}
label = 'threshold HC4-0003'

    def compare(actual, expected, label):
        assert isinstance(actual, dict) and set(actual) >= {"survey", "workers", "groups"}, f"{label}: top-level keys"
        assert type(actual["survey"]) is str and actual["survey"] == expected["survey"], f"{label}: survey name"
        for section, keys in (("workers", ROW_KEYS), ("groups", GROUP_KEYS)):
            got, want = actual[section], expected[section]
>           assert isinstance(got, list) and len(got) == len(want), f"{label}: {section} has {len(got) if isinstance(got, list) else got!r} rows, expected {len(want)}"
E           AssertionError: threshold HC4-0003: groups has 1 rows, expected 2
E           assert (True and 1 == 2)
E            +  where True = isinstance([{'group': 'G', 'dose': 169.3621525232135, 'twa': 87.3, 'status': 'over'}], list)
E            +  and   1 = len([{'group': 'G', 'dose': 169.3621525232135, 'twa': 87.3, 'status': 'over'}])
E            +  and   2 = len([{'group': 'G1', 'dose': 166.614611759, 'twa': 87.2, 'status': 'over'}, {'group': 'G2', 'dose': 174.857234052, 'twa': 87.4, 'status': 'over'}])

/tests/test_outputs.py:202: AssertionError
_________ test_rule_2_4_sampled_time_includes_readings_below_threshold _________

    def test_rule_2_4_sampled_time_includes_readings_below_threshold():
        """Sampled time counts every reading, quiet ones at 40.0 to 79.9 dBA included."""
>       check_family("sampled_time")

/tests/test_outputs.py:237: 
_ _ _ _ _ _ _ _ _ _ _ _ _ _ _ _ _ _ _ _ _ _ _ _ _ _ _ _ _ _ _ _ _ _ _ _ _ _ _ _ 
/tests/test_outputs.py:209: in check_family
    compare(reduce(row["survey"]), row["report"], f"{name} {row['survey']['survey']}")
/tests/test_outputs.py:204: in compare
    _row(row, ref, keys, f"{label} {section}[{index}] ({ref.get('id', ref['group'])})")
_ _ _ _ _ _ _ _ _ _ _ _ _ _ _ _ _ _ _ _ _ _ _ _ _ _ _ _ _ _ _ _ _ _ _ _ _ _ _ _ 

actual = {'group': 'G', 'dose': 225.20467073749978, 'twa': 88.5, 'status': 'over'}
expected = {'group': 'G1', 'dose': 225.204670737, 'twa': 88.5, 'status': 'over'}
keys = {'dose', 'group', 'status', 'twa'}
where = 'sampled_time HC4-0005 groups[0] (G1)'

    def _row(actual, expected, keys, where):
        """Every key the README lists, compared; any further key is not part of the contract and is ignored."""
        assert isinstance(actual, dict) and set(actual) >= keys, f"{where}: keys {actual!r}"
        for key in sorted(keys):
            a, e = actual[key], expected[key]
            if key == "dose":
                _number(a, e, f"{where} dose")
            elif key == "twa" and e is not None:
                assert isinstance(a, (int, float)) and not isinstance(a, bool) and abs(a - e) < 1e-6, f"{where} twa: {a!r}, expected {e!r}"
            else:
>               assert type(a) is type(e) and a == e, f"{where} {key}: {a!r}, expected {e!r}"
E               AssertionError: sampled_time HC4-0005 groups[0] (G1) group: 'G', expected 'G1'
E               assert (<class 'str'> is <class 'str'> and 'G' == 'G1'
E                +  where <class 'str'> = type('G')
E                +  and   <class 'str'> = type('G1')
E                 
E                 - G1
E                 + G)

/tests/test_outputs.py:194: AssertionError
_____________ test_rule_2_2_run_logged_at_nought_is_not_a_reading ______________

    def test_rule_2_2_run_logged_at_nought_is_not_a_reading():
        """A run logged at 0.0 is not a reading, so its minutes stay out of sampled time."""
>       check_family("paused_runs")

/tests/test_outputs.py:242: 
_ _ _ _ _ _ _ _ _ _ _ _ _ _ _ _ _ _ _ _ _ _ _ _ _ _ _ _ _ _ _ _ _ _ _ _ _ _ _ _ 
/tests/test_outputs.py:209: in check_family
    compare(reduce(row["survey"]), row["report"], f"{name} {row['survey']['survey']}")
/tests/test_outputs.py:204: in compare
    _row(row, ref, keys, f"{label} {section}[{index}] ({ref.get('id', ref['group'])})")
_ _ _ _ _ _ _ _ _ _ _ _ _ _ _ _ _ _ _ _ _ _ _ _ _ _ _ _ _ _ _ _ _ _ _ _ _ _ _ _ 

actual = {'group': 'G', 'dose': 458.0770084481569, 'twa': 91.6, 'status': 'over'}
expected = {'group': 'G1', 'dose': 458.077008448, 'twa': 91.6, 'status': 'over'}
keys = {'dose', 'group', 'status', 'twa'}
where = 'paused_runs HC4-0007 groups[0] (G1)'

    def _row(actual, expected, keys, where):
        """Every key the README lists, compared; any further key is not part of the contract and is ignored."""
        assert isinstance(actual, dict) and set(actual) >= keys, f"{where}: keys {actual!r}"
        for key in sorted(keys):
            a, e = actual[key], expected[key]
            if key == "dose":
                _number(a, e, f"{where} dose")
            elif key == "twa" and e is not None:
                assert isinstance(a, (int, float)) and not isinstance(a, bool) and abs(a - e) < 1e-6, f"{where} twa: {a!r}, expected {e!r}"
            else:
>               assert type(a) is type(e) and a == e, f"{where} {key}: {a!r}, expected {e!r}"
E               AssertionError: paused_runs HC4-0007 groups[0] (G1) group: 'G', expected 'G1'
E               assert (<class 'str'> is <class 'str'> and 'G' == 'G1'
E                +  where <class 'str'> = type('G')
E                +  and   <class 'str'> = type('G1')
E                 
E                 - G1
E                 + G)

/tests/test_outputs.py:194: AssertionError
_____________ test_rule_3_3_partial_survey_projected_to_own_shift ______________

    def test_rule_3_3_partial_survey_projected_to_own_shift():
        """A partial survey is projected to the worker's own shift, not to eight hours."""
>       check_family("partial_surveys")

/tests/test_outputs.py:247: 
_ _ _ _ _ _ _ _ _ _ _ _ _ _ _ _ _ _ _ _ _ _ _ _ _ _ _ _ _ _ _ _ _ _ _ _ _ _ _ _ 
/tests/test_outputs.py:209: in check_family
    compare(reduce(row["survey"]), row["report"], f"{name} {row['survey']['survey']}")
_ _ _ _ _ _ _ _ _ _ _ _ _ _ _ _ _ _ _ _ _ _ _ _ _ _ _ _ _ _ _ _ _ _ _ _ _ _ _ _ 

actual = {'survey': 'HC4-0009', 'workers': [{'id': 'A1', 'group': 'G1', 'dose': 476.2203155904598, 'twa': 91.8, ...}, {'id': 'A...420997897466, 'twa': 89.0, ...}], 'groups': [{'group': 'G', 'dose': 326.0681751898115, 'twa': 90.1, 'status': 'over'}]}
expected = {'survey': 'HC4-0009', 'workers': [{'id': 'A1', 'group': 'G1', 'dose': 476.22031559, 'twa': 91.8, ...}, {'id': 'A2', '... 'dose': 250.0, 'twa': 89.0, 'status': 'over'}, {'group': 'G3', 'dose': 251.984209979, 'twa': 89.0, 'status': 'over'}]}
label = 'partial_surveys HC4-0009'

    def compare(actual, expected, label):
        assert isinstance(actual, dict) and set(actual) >= {"survey", "workers", "groups"}, f"{label}: top-level keys"
        assert type(actual["survey"]) is str and actual["survey"] == expected["survey"], f"{label}: survey name"
        for section, keys in (("workers", ROW_KEYS), ("groups", GROUP_KEYS)):
            got, want = actual[section], expected[section]
>           assert isinstance(got, list) and len(got) == len(want), f"{label}: {section} has {len(got) if isinstance(got, list) else got!r} rows, expected {len(want)}"
E           AssertionError: partial_surveys HC4-0009: groups has 1 rows, expected 3
E           assert (True and 1 == 3)
E            +  where True = isinstance([{'group': 'G', 'dose': 326.0681751898115, 'twa': 90.1, 'status': 'over'}], list)
E            +  and   1 = len([{'group': 'G', 'dose': 326.0681751898115, 'twa': 90.1, 'status': 'over'}])
E            +  and   3 = len([{'group': 'G1', 'dose': 476.22031559, 'twa': 91.8, 'status': 'over'}, {'group': 'G2', 'dose': 250.0, 'twa': 89.0, 'status': 'over'}, {'group': 'G3', 'dose': 251.984209979, 'twa': 89.0, 'status': 'over'}])

/tests/test_outputs.py:202: AssertionError
__________ test_rule_3_3_survey_as_long_as_shift_keeps_measured_dose ___________

    def test_rule_3_3_survey_as_long_as_shift_keeps_measured_dose():
        """A survey of the whole shift or longer keeps its measured dose."""
>       check_family("whole_shift")

/tests/test_outputs.py:252: 
_ _ _ _ _ _ _ _ _ _ _ _ _ _ _ _ _ _ _ _ _ _ _ _ _ _ _ _ _ _ _ _ _ _ _ _ _ _ _ _ 
/tests/test_outputs.py:209: in check_family
    compare(reduce(row["survey"]), row["report"], f"{name} {row['survey']['survey']}")
_ _ _ _ _ _ _ _ _ _ _ _ _ _ _ _ _ _ _ _ _ _ _ _ _ _ _ _ _ _ _ _ _ _ _ _ _ _ _ _ 

actual = {'survey': 'HC4-0011', 'workers': [{'id': 'A1', 'group': 'G1', 'dose': 175.0, 'twa': 87.4, ...}, {'id': 'A2', 'group':...ose': 100.0, 'twa': 85.0, ...}], 'groups': [{'group': 'G', 'dose': 158.33333333333334, 'twa': 87.0, 'status': 'over'}]}
expected = {'survey': 'HC4-0011', 'workers': [{'id': 'A1', 'group': 'G1', 'dose': 175.0, 'twa': 87.4, ...}, {'id': 'A2', 'group':... 'G1', 'dose': 187.5, 'twa': 87.7, 'status': 'over'}, {'group': 'G2', 'dose': 100.0, 'twa': 85.0, 'status': 'action'}]}
label = 'whole_shift HC4-0011'

    def compare(actual, expected, label):
        assert isinstance(actual, dict) and set(actual) >= {"survey", "workers", "groups"}, f"{label}: top-level keys"
        assert type(actual["survey"]) is str and actual["survey"] == expected["survey"], f"{label}: survey name"
        for section, keys in (("workers", ROW_KEYS), ("groups", GROUP_KEYS)):
            got, want = actual[section], expected[section]
>           assert isinstance(got, list) and len(got) == len(want), f"{label}: {section} has {len(got) if isinstance(got, list) else got!r} rows, expected {len(want)}"
E           AssertionError: whole_shift HC4-0011: groups has 1 rows, expected 2
E           assert (True and 1 == 2)
E            +  where True = isinstance([{'group': 'G', 'dose': 158.33333333333334, 'twa': 87.0, 'status': 'over'}], list)
E            +  and   1 = len([{'group': 'G', 'dose': 158.33333333333334, 'twa': 87.0, 'status': 'over'}])
E            +  and   2 = len([{'group': 'G1', 'dose': 187.5, 'twa': 87.7, 'status': 'over'}, {'group': 'G2', 'dose': 100.0, 'twa': 85.0, 'status': 'action'}])

/tests/test_outputs.py:202: AssertionError
____________ test_rule_2_5_partial_survey_at_exactly_three_quarters ____________

    def test_rule_2_5_partial_survey_at_exactly_three_quarters():
        """Sampled time of exactly three quarters of the shift is a partial survey, on shifts of 60 to 1,440 minutes."""
>       check_family("three_quarters")

/tests/test_outputs.py:257: 
_ _ _ _ _ _ _ _ _ _ _ _ _ _ _ _ _ _ _ _ _ _ _ _ _ _ _ _ _ _ _ _ _ _ _ _ _ _ _ _ 
/tests/test_outputs.py:209: in check_family
    compare(reduce(row["survey"]), row["report"], f"{name} {row['survey']['survey']}")
_ _ _ _ _ _ _ _ _ _ _ _ _ _ _ _ _ _ _ _ _ _ _ _ _ _ _ _ _ _ _ _ _ _ _ _ _ _ _ _ 

actual = {'survey': 'HC4-0013', 'workers': [{'id': 'A1', 'group': 'G1', 'dose': 396.8502629920499, 'twa': 91.0, ...}, {'id': 'A...10498948729, 'twa': 86.0, ...}], 'groups': [{'group': 'G', 'dose': 240.94745599384575, 'twa': 88.8, 'status': 'over'}]}
expected = {'survey': 'HC4-0013', 'workers': [{'id': 'A1', 'group': 'G1', 'dose': 396.850262992, 'twa': 91.0, ...}, {'id': 'A2', ... 'dose': 200.0, 'twa': 88.0, 'status': 'over'}, {'group': 'G3', 'dose': 125.992104989, 'twa': 86.0, 'status': 'over'}]}
label = 'three_quarters HC4-0013'

    def compare(actual, expected, label):
        assert isinstance(actual, dict) and set(actual) >= {"survey", "workers", "groups"}, f"{label}: top-level keys"
        assert type(actual["survey"]) is str and actual["survey"] == expected["survey"], f"{label}: survey name"
        for section, keys in (("workers", ROW_KEYS), ("groups", GROUP_KEYS)):
            got, want = actual[section], expected[section]
>           assert isinstance(got, list) and len(got) == len(want), f"{label}: {section} has {len(got) if isinstance(got, list) else got!r} rows, expected {len(want)}"
E           AssertionError: three_quarters HC4-0013: groups has 1 rows, expected 3
E           assert (True and 1 == 3)
E            +  where True = isinstance([{'group': 'G', 'dose': 240.94745599384575, 'twa': 88.8, 'status': 'over'}], list)
E            +  and   1 = len([{'group': 'G', 'dose': 240.94745599384575, 'twa': 88.8, 'status': 'over'}])
E            +  and   3 = len([{'group': 'G1', 'dose': 396.850262992, 'twa': 91.0, 'status': 'over'}, {'group': 'G2', 'dose': 200.0, 'twa': 88.0, 'status': 'over'}, {'group': 'G3', 'dose': 125.992104989, 'twa': 86.0, 'status': 'over'}])

/tests/test_outputs.py:202: AssertionError
___________ test_survey_below_three_quarters_keeps_todays_projection ___________

    def test_survey_below_three_quarters_keeps_todays_projection():
        """The manual gives no rule for the shift dose of a survey below three quarters: today's step stands."""
>       check_family("below_three_quarters")

/tests/test_outputs.py:262: 
_ _ _ _ _ _ _ _ _ _ _ _ _ _ _ _ _ _ _ _ _ _ _ _ _ _ _ _ _ _ _ _ _ _ _ _ _ _ _ _ 
/tests/test_outputs.py:209: in check_family
    compare(reduce(row["survey"]), row["report"], f"{name} {row['survey']['survey']}")
_ _ _ _ _ _ _ _ _ _ _ _ _ _ _ _ _ _ _ _ _ _ _ _ _ _ _ _ _ _ _ _ _ _ _ _ _ _ _ _ 

actual = {'survey': 'HC4-0015', 'workers': [{'id': 'X1', 'group': 'G1', 'dose': 317.48021039363994, 'twa': 90.0, ...}, {'id': '...43482489453, 'twa': 90.7, ...}], 'groups': [{'group': 'G', 'dose': 313.62485288086174, 'twa': 89.9, 'status': 'over'}]}
expected = {'survey': 'HC4-0015', 'workers': [{'id': 'X1', 'group': 'G1', 'dose': 317.480210394, 'twa': 90.0, ...}, {'id': 'X2', ... 'dose': 250.0, 'twa': 89.0, 'status': 'over'}, {'group': 'G3', 'dose': 373.394348249, 'twa': 90.7, 'status': 'over'}]}
label = 'below_three_quarters HC4-0015'

    def compare(actual, expected, label):
        assert isinstance(actual, dict) and set(actual) >= {"survey", "workers", "groups"}, f"{label}: top-level keys"
        assert type(actual["survey"]) is str and actual["survey"] == expected["survey"], f"{label}: survey name"
        for section, keys in (("workers", ROW_KEYS), ("groups", GROUP_KEYS)):
            got, want = actual[section], expected[section]
>           assert isinstance(got, list) and len(got) == len(want), f"{label}: {section} has {len(got) if isinstance(got, list) else got!r} rows, expected {len(want)}"
E           AssertionError: below_three_quarters HC4-0015: groups has 1 rows, expected 3
E           assert (True and 1 == 3)
E            +  where True = isinstance([{'group': 'G', 'dose': 313.62485288086174, 'twa': 89.9, 'status': 'over'}], list)
E            +  and   1 = len([{'group': 'G', 'dose': 313.62485288086174, 'twa': 89.9, 'status': 'over'}])
E            +  and   3 = len([{'group': 'G1', 'dose': 317.480210394, 'twa': 90.0, 'status': 'over'}, {'group': 'G2', 'dose': 250.0, 'twa': 89.0, 'status': 'over'}, {'group': 'G3', 'dose': 373.394348249, 'twa': 90.7, 'status': 'over'}])

/tests/test_outputs.py:202: AssertionError
_____________ test_survey_that_measured_nothing_keeps_todays_dose ______________

    def test_survey_that_measured_nothing_keeps_todays_dose():
        """A survey that measured nothing keeps today's shift dose of nought."""
>       check_family("measured_nothing")

/tests/test_outputs.py:268: 
_ _ _ _ _ _ _ _ _ _ _ _ _ _ _ _ _ _ _ _ _ _ _ _ _ _ _ _ _ _ _ _ _ _ _ _ _ _ _ _ 
/tests/test_outputs.py:209: in check_family
    compare(reduce(row["survey"]), row["report"], f"{name} {row['survey']['survey']}")
_ _ _ _ _ _ _ _ _ _ _ _ _ _ _ _ _ _ _ _ _ _ _ _ _ _ _ _ _ _ _ _ _ _ _ _ _ _ _ _ 

actual = {'survey': 'HC4-0017', 'workers': [{'id': 'A1', 'group': 'G1', 'dose': 0.0, 'twa': None, ...}, {'id': 'A2', 'group': '...'dose': 0.0, 'twa': None, ...}], 'groups': [{'group': 'G', 'dose': 105.82673679787997, 'twa': 85.2, 'status': 'over'}]}
expected = {'survey': 'HC4-0017', 'workers': [{'id': 'A1', 'group': 'G1', 'dose': 0.0, 'twa': None, ...}, {'id': 'A2', 'group': '..., 'dose': 158.740105197, 'twa': 87.0, 'status': 'over'}, {'group': 'G2', 'dose': 0.0, 'twa': None, 'status': 'below'}]}
label = 'measured_nothing HC4-0017'

    def compare(actual, expected, label):
        assert isinstance(actual, dict) and set(actual) >= {"survey", "workers", "groups"}, f"{label}: top-level keys"
        assert type(actual["survey"]) is str and actual["survey"] == expected["survey"], f"{label}: survey name"
        for section, keys in (("workers", ROW_KEYS), ("groups", GROUP_KEYS)):
            got, want = actual[section], expected[section]
>           assert isinstance(got, list) and len(got) == len(want), f"{label}: {section} has {len(got) if isinstance(got, list) else got!r} rows, expected {len(want)}"
E           AssertionError: measured_nothing HC4-0017: groups has 1 rows, expected 2
E           assert (True and 1 == 2)
E            +  where True = isinstance([{'group': 'G', 'dose': 105.82673679787997, 'twa': 85.2, 'status': 'over'}], list)
E            +  and   1 = len([{'group': 'G', 'dose': 105.82673679787997, 'twa': 85.2, 'status': 'over'}])
E            +  and   2 = len([{'group': 'G1', 'dose': 158.740105197, 'twa': 87.0, 'status': 'over'}, {'group': 'G2', 'dose': 0.0, 'twa': None, 'status': 'below'}])

/tests/test_outputs.py:202: AssertionError
____________ test_reading_above_ceiling_keeps_todays_counted_level _____________

    def test_reading_above_ceiling_keeps_todays_counted_level():
        """A reading above the ceiling level is counted where today's step counts it, and flags the ceiling."""
>       check_family("above_ceiling")

/tests/test_outputs.py:274: 
_ _ _ _ _ _ _ _ _ _ _ _ _ _ _ _ _ _ _ _ _ _ _ _ _ _ _ _ _ _ _ _ _ _ _ _ _ _ _ _ 
/tests/test_outputs.py:209: in check_family
    compare(reduce(row["survey"]), row["report"], f"{name} {row['survey']['survey']}")
_ _ _ _ _ _ _ _ _ _ _ _ _ _ _ _ _ _ _ _ _ _ _ _ _ _ _ _ _ _ _ _ _ _ _ _ _ _ _ _ 

actual = {'survey': 'HC4-0019', 'workers': [{'id': 'Y1', 'group': 'G1', 'dose': 5178.552581327277, 'twa': 102.1, ...}, {'id': '...98431692763, 'twa': 98.4, ...}], 'groups': [{'group': 'G', 'dose': 3694.801212248277, 'twa': 100.6, 'status': 'over'}]}
expected = {'survey': 'HC4-0019', 'workers': [{'id': 'Y1', 'group': 'G1', 'dose': 5178.55258133, 'twa': 102.1, ...}, {'id': 'Y2',...5178.55258133, 'twa': 102.1, 'status': 'over'}, {'group': 'G2', 'dose': 2211.04984317, 'twa': 98.4, 'status': 'over'}]}
label = 'above_ceiling HC4-0019'

    def compare(actual, expected, label):
        assert isinstance(actual, dict) and set(actual) >= {"survey", "workers", "groups"}, f"{label}: top-level keys"
        assert type(actual["survey"]) is str and actual["survey"] == expected["survey"], f"{label}: survey name"
        for section, keys in (("workers", ROW_KEYS), ("groups", GROUP_KEYS)):
            got, want = actual[section], expected[section]
>           assert isinstance(got, list) and len(got) == len(want), f"{label}: {section} has {len(got) if isinstance(got, list) else got!r} rows, expected {len(want)}"
E           AssertionError: above_ceiling HC4-0019: groups has 1 rows, expected 2
E           assert (True and 1 == 2)
E            +  where True = isinstance([{'group': 'G', 'dose': 3694.801212248277, 'twa': 100.6, 'status': 'over'}], list)
E            +  and   1 = len([{'group': 'G', 'dose': 3694.801212248277, 'twa': 100.6, 'status': 'over'}])
E            +  and   2 = len([{'group': 'G1', 'dose': 5178.55258133, 'twa': 102.1, 'status': 'over'}, {'group': 'G2', 'dose': 2211.04984317, 'twa': 98.4, 'status': 'over'}])

/tests/test_outputs.py:202: AssertionError
__________ test_rule_5_1_reading_at_the_ceiling_level_is_not_flagged ___________

    def test_rule_5_1_reading_at_the_ceiling_level_is_not_flagged():
        """A reading of exactly 115.0 dBA does not flag the ceiling."""
>       check_family("ceiling_level")

/tests/test_outputs.py:280: 
_ _ _ _ _ _ _ _ _ _ _ _ _ _ _ _ _ _ _ _ _ _ _ _ _ _ _ _ _ _ _ _ _ _ _ _ _ _ _ _ 
/tests/test_outputs.py:209: in check_family
    compare(reduce(row["survey"]), row["report"], f"{name} {row['survey']['survey']}")
_ _ _ _ _ _ _ _ _ _ _ _ _ _ _ _ _ _ _ _ _ _ _ _ _ _ _ _ _ _ _ _ _ _ _ _ _ _ _ _ 

actual = {'survey': 'HC4-0021', 'workers': [{'id': 'A1', 'group': 'G1', 'dose': 213.33333333333334, 'twa': 88.3, ...}, {'id': '... 102400.0, 'twa': 115.0, ...}], 'groups': [{'group': 'G', 'dose': 51306.666666666664, 'twa': 112.0, 'status': 'over'}]}
expected = {'survey': 'HC4-0021', 'workers': [{'id': 'A1', 'group': 'G1', 'dose': 213.333333333, 'twa': 88.3, ...}, {'id': 'A2', ...se': 213.333333333, 'twa': 88.3, 'status': 'over'}, {'group': 'G2', 'dose': 102400.0, 'twa': 115.0, 'status': 'over'}]}
label = 'ceiling_level HC4-0021'

    def compare(actual, expected, label):
        assert isinstance(actual, dict) and set(actual) >= {"survey", "workers", "groups"}, f"{label}: top-level keys"
        assert type(actual["survey"]) is str and actual["survey"] == expected["survey"], f"{label}: survey name"
        for section, keys in (("workers", ROW_KEYS), ("groups", GROUP_KEYS)):
            got, want = actual[section], expected[section]
>           assert isinstance(got, list) and len(got) == len(want), f"{label}: {section} has {len(got) if isinstance(got, list) else got!r} rows, expected {len(want)}"
E           AssertionError: ceiling_level HC4-0021: groups has 1 rows, expected 2
E           assert (True and 1 == 2)
E            +  where True = isinstance([{'group': 'G', 'dose': 51306.666666666664, 'twa': 112.0, 'status': 'over'}], list)
E            +  and   1 = len([{'group': 'G', 'dose': 51306.666666666664, 'twa': 112.0, 'status': 'over'}])
E            +  and   2 = len([{'group': 'G1', 'dose': 213.333333333, 'twa': 88.3, 'status': 'over'}, {'group': 'G2', 'dose': 102400.0, 'twa': 115.0, 'status': 'over'}])

/tests/test_outputs.py:202: AssertionError
_______________________ test_rule_5_2_impulse_at_140_dbc _______________________

    def test_rule_5_2_impulse_at_140_dbc():
        """A peak of 140.0 dBC is an impulse and makes the worker "over"; 139.9 dBC is not."""
>       check_family("impulse")

/tests/test_outputs.py:285: 
_ _ _ _ _ _ _ _ _ _ _ _ _ _ _ _ _ _ _ _ _ _ _ _ _ _ _ _ _ _ _ _ _ _ _ _ _ _ _ _ 
/tests/test_outputs.py:209: in check_family
    compare(reduce(row["survey"]), row["report"], f"{name} {row['survey']['survey']}")
_ _ _ _ _ _ _ _ _ _ _ _ _ _ _ _ _ _ _ _ _ _ _ _ _ _ _ _ _ _ _ _ _ _ _ _ _ _ _ _ 

actual = {'survey': 'HC4-0022', 'workers': [{'id': 'A1', 'group': 'G1', 'dose': 39.68502629920499, 'twa': 81.0, ...}, {'id': 'A...dose': 0.0, 'twa': None, ...}], 'groups': [{'group': 'G', 'dose': 19.842513149602496, 'twa': 78.0, 'status': 'below'}]}
expected = {'survey': 'HC4-0022', 'workers': [{'id': 'A1', 'group': 'G1', 'dose': 39.6850262992, 'twa': 81.0, ...}, {'id': 'A2', ... 'dose': 39.6850262992, 'twa': 81.0, 'status': 'below'}, {'group': 'G2', 'dose': 0.0, 'twa': None, 'status': 'below'}]}
label = 'impulse HC4-0022'

    def compare(actual, expected, label):
        assert isinstance(actual, dict) and set(actual) >= {"survey", "workers", "groups"}, f"{label}: top-level keys"
        assert type(actual["survey"]) is str and actual["survey"] == expected["survey"], f"{label}: survey name"
        for section, keys in (("workers", ROW_KEYS), ("groups", GROUP_KEYS)):
            got, want = actual[section], expected[section]
>           assert isinstance(got, list) and len(got) == len(want), f"{label}: {section} has {len(got) if isinstance(got, list) else got!r} rows, expected {len(want)}"
E           AssertionError: impulse HC4-0022: groups has 1 rows, expected 2
E           assert (True and 1 == 2)
E            +  where True = isinstance([{'group': 'G', 'dose': 19.842513149602496, 'twa': 78.0, 'status': 'below'}], list)
E            +  and   1 = len([{'group': 'G', 'dose': 19.842513149602496, 'twa': 78.0, 'status': 'below'}])
E            +  and   2 = len([{'group': 'G1', 'dose': 39.6850262992, 'twa': 81.0, 'status': 'below'}, {'group': 'G2', 'dose': 0.0, 'twa': None, 'status': 'below'}])

/tests/test_outputs.py:202: AssertionError
__________________________ test_rule_4_1_twa_formula ___________________________

    def test_rule_4_1_twa_formula():
        """The TWA is 85 + 3 log2(D / 100); a dose of nought has no TWA."""
>       check_family("twa")

/tests/test_outputs.py:290: 
_ _ _ _ _ _ _ _ _ _ _ _ _ _ _ _ _ _ _ _ _ _ _ _ _ _ _ _ _ _ _ _ _ _ _ _ _ _ _ _ 
/tests/test_outputs.py:209: in check_family
    compare(reduce(row["survey"]), row["report"], f"{name} {row['survey']['survey']}")
_ _ _ _ _ _ _ _ _ _ _ _ _ _ _ _ _ _ _ _ _ _ _ _ _ _ _ _ _ _ _ _ _ _ _ _ _ _ _ _ 

actual = {'survey': 'HC4-0023', 'workers': [{'id': 'A1', 'group': 'G1', 'dose': 200.0, 'twa': 88.0, ...}, {'id': 'A2', 'group':...e': 4800.0, 'twa': 101.8, ...}], 'groups': [{'group': 'G', 'dose': 1250.0164052220039, 'twa': 95.9, 'status': 'over'}]}
expected = {'survey': 'HC4-0023', 'workers': [{'id': 'A1', 'group': 'G1', 'dose': 200.0, 'twa': 88.0, ...}, {'id': 'A2', 'group':...e': 0.0656208880154, 'twa': 53.3, 'status': 'below'}, {'group': 'G3', 'dose': 4800.0, 'twa': 101.8, 'status': 'over'}]}
label = 'twa HC4-0023'

    def compare(actual, expected, label):
        assert isinstance(actual, dict) and set(actual) >= {"survey", "workers", "groups"}, f"{label}: top-level keys"
        assert type(actual["survey"]) is str and actual["survey"] == expected["survey"], f"{label}: survey name"
        for section, keys in (("workers", ROW_KEYS), ("groups", GROUP_KEYS)):
            got, want = actual[section], expected[section]
>           assert isinstance(got, list) and len(got) == len(want), f"{label}: {section} has {len(got) if isinstance(got, list) else got!r} rows, expected {len(want)}"
E           AssertionError: twa HC4-0023: groups has 1 rows, expected 3
E           assert (True and 1 == 3)
E            +  where True = isinstance([{'group': 'G', 'dose': 1250.0164052220039, 'twa': 95.9, 'status': 'over'}], list)
E            +  and   1 = len([{'group': 'G', 'dose': 1250.0164052220039, 'twa': 95.9, 'status': 'over'}])
E            +  and   3 = len([{'group': 'G1', 'dose': 100.0, 'twa': 85.0, 'status': 'action'}, {'group': 'G2', 'dose': 0.0656208880154, 'twa': 53.3, 'status': 'below'}, {'group': 'G3', 'dose': 4800.0, 'twa': 101.8, 'status': 'over'}])

/tests/test_outputs.py:202: AssertionError
__________________ test_rule_1_2_twa_rounded_to_nearest_tenth __________________

    def test_rule_1_2_twa_rounded_to_nearest_tenth():
        """The reported TWA is the nearest tenth, on both sides of each tenth."""
>       check_family("rounding")

/tests/test_outputs.py:295: 
_ _ _ _ _ _ _ _ _ _ _ _ _ _ _ _ _ _ _ _ _ _ _ _ _ _ _ _ _ _ _ _ _ _ _ _ _ _ _ _ 
/tests/test_outputs.py:209: in check_family
    compare(reduce(row["survey"]), row["report"], f"{name} {row['survey']['survey']}")
_ _ _ _ _ _ _ _ _ _ _ _ _ _ _ _ _ _ _ _ _ _ _ _ _ _ _ _ _ _ _ _ _ _ _ _ _ _ _ _ 

actual = {'survey': 'HC4-0024', 'workers': [{'id': 'R0', 'group': 'G0', 'dose': 80.55209243185567, 'twa': 84.1, ...}, {'id': 'R...2880856257, 'twa': 80.0, ...}], 'groups': [{'group': 'G', 'dose': 95.88415786473291, 'twa': 84.8, 'status': 'action'}]}
expected = {'survey': 'HC4-0024', 'workers': [{'id': 'R0', 'group': 'G0', 'dose': 80.5520924319, 'twa': 84.1, ...}, {'id': 'R1', ...142.845939091, 'twa': 86.5, 'status': 'over'}, {'group': 'G4', 'dose': 31.3383128809, 'twa': 80.0, 'status': 'below'}]}
label = 'rounding HC4-0024'

    def compare(actual, expected, label):
        assert isinstance(actual, dict) and set(actual) >= {"survey", "workers", "groups"}, f"{label}: top-level keys"
        assert type(actual["survey"]) is str and actual["survey"] == expected["survey"], f"{label}: survey name"
        for section, keys in (("workers", ROW_KEYS), ("groups", GROUP_KEYS)):
            got, want = actual[section], expected[section]
>           assert isinstance(got, list) and len(got) == len(want), f"{label}: {section} has {len(got) if isinstance(got, list) else got!r} rows, expected {len(want)}"
E           AssertionError: rounding HC4-0024: groups has 1 rows, expected 5
E           assert (True and 1 == 5)
E            +  where True = isinstance([{'group': 'G', 'dose': 95.88415786473291, 'twa': 84.8, 'status': 'action'}], list)
E            +  and   1 = len([{'group': 'G', 'dose': 95.88415786473291, 'twa': 84.8, 'status': 'action'}])
E            +  and   5 = len([{'group': 'G0', 'dose': 80.5520924319, 'twa': 84.1, 'status': 'action'}, {'group': 'G1', 'dose': 80.234088974, 'twa':... 142.845939091, 'twa': 86.5, 'status': 'over'}, {'group': 'G4', 'dose': 31.3383128809, 'twa': 80.0, 'status': 'below'}])

/tests/test_outputs.py:202: AssertionError
___________________ test_rule_5_3_status_bands_at_82_and_85 ____________________

    def test_rule_5_3_status_bands_at_82_and_85():
        """Status bands at 82.0 and 85.0 dB on the reported TWA, and "over" for a flagged worker."""
>       check_family("status")

/tests/test_outputs.py:300: 
_ _ _ _ _ _ _ _ _ _ _ _ _ _ _ _ _ _ _ _ _ _ _ _ _ _ _ _ _ _ _ _ _ _ _ _ _ _ _ _ 
/tests/test_outputs.py:209: in check_family
    compare(reduce(row["survey"]), row["report"], f"{name} {row['survey']['survey']}")
_ _ _ _ _ _ _ _ _ _ _ _ _ _ _ _ _ _ _ _ _ _ _ _ _ _ _ _ _ _ _ _ _ _ _ _ _ _ _ _ 

actual = {'survey': 'HC4-0025', 'workers': [{'id': 'S1', 'group': 'G1', 'dose': 48.85799842171236, 'twa': 81.9, ...}, {'id': 'S...90534743, 'twa': 83.8, 'status': 'action'}, {'group': 'H', 'dose': 68.1448218375889, 'twa': 83.3, 'status': 'action'}]}
expected = {'survey': 'HC4-0025', 'workers': [{'id': 'S1', 'group': 'G1', 'dose': 48.8579984217, 'twa': 81.9, ...}, {'id': 'S2', ...29324, 'twa': 82.0, 'status': 'action'}, {'group': 'H1', 'dose': 100.591208759, 'twa': 85.0, 'status': 'action'}, ...]}
label = 'status HC4-0025'

    def compare(actual, expected, label):
        assert isinstance(actual, dict) and set(actual) >= {"survey", "workers", "groups"}, f"{label}: top-level keys"
        assert type(actual["survey"]) is str and actual["survey"] == expected["survey"], f"{label}: survey name"
        for section, keys in (("workers", ROW_KEYS), ("groups", GROUP_KEYS)):
            got, want = actual[section], expected[section]
>           assert isinstance(got, list) and len(got) == len(want), f"{label}: {section} has {len(got) if isinstance(got, list) else got!r} rows, expected {len(want)}"
E           AssertionError: status HC4-0025: groups has 2 rows, expected 9
E           assert (True and 2 == 9)
E            +  where True = isinstance([{'group': 'G', 'dose': 75.29884690534743, 'twa': 83.8, 'status': 'action'}, {'group': 'H', 'dose': 68.1448218375889, 'twa': 83.3, 'status': 'action'}], list)
E            +  and   2 = len([{'group': 'G', 'dose': 75.29884690534743, 'twa': 83.8, 'status': 'action'}, {'group': 'H', 'dose': 68.1448218375889, 'twa': 83.3, 'status': 'action'}])
E            +  and   9 = len([{'group': 'G1', 'dose': 48.8579984217, 'twa': 81.9, 'status': 'below'}, {'group': 'G2', 'dose': 50.0, 'twa': 82.0, 's...429324, 'twa': 82.0, 'status': 'action'}, {'group': 'H1', 'dose': 100.591208759, 'twa': 85.0, 'status': 'action'}, ...])

/tests/test_outputs.py:202: AssertionError
_______________ test_rule_6_1_group_dose_is_mean_of_shift_doses ________________

    def test_rule_6_1_group_dose_is_mean_of_shift_doses():
        """A group's dose is the mean of its members' shift doses; its TWA and status follow from it."""
>       check_family("groups")

/tests/test_outputs.py:305: 
_ _ _ _ _ _ _ _ _ _ _ _ _ _ _ _ _ _ _ _ _ _ _ _ _ _ _ _ _ _ _ _ _ _ _ _ _ _ _ _ 
/tests/test_outputs.py:209: in check_family
    compare(reduce(row["survey"]), row["report"], f"{name} {row['survey']['survey']}")
_ _ _ _ _ _ _ _ _ _ _ _ _ _ _ _ _ _ _ _ _ _ _ _ _ _ _ _ _ _ _ _ _ _ _ _ _ _ _ _ 

actual = {'survey': 'HC4-0026', 'workers': [{'id': 'A1', 'group': 'G1', 'dose': 1007.9368399158985, 'twa': 95.0, ...}, {'id': '...158215457905, 'twa': 89.2, ...}], 'groups': [{'group': 'G', 'dose': 298.3661053588531, 'twa': 89.7, 'status': 'over'}]}
expected = {'survey': 'HC4-0026', 'workers': [{'id': 'A1', 'group': 'G1', 'dose': 1007.93683992, 'twa': 95.0, ...}, {'id': 'A2', ... 187.996052495, 'twa': 87.7, 'status': 'over'}, {'group': 'G3', 'dose': 263.901582155, 'twa': 89.2, 'status': 'over'}]}
label = 'groups HC4-0026'

    def compare(actual, expected, label):
        assert isinstance(actual, dict) and set(actual) >= {"survey", "workers", "groups"}, f"{label}: top-level keys"
        assert type(actual["survey"]) is str and actual["survey"] == expected["survey"], f"{label}: survey name"
        for section, keys in (("workers", ROW_KEYS), ("groups", GROUP_KEYS)):
            got, want = actual[section], expected[section]
>           assert isinstance(got, list) and len(got) == len(want), f"{label}: {section} has {len(got) if isinstance(got, list) else got!r} rows, expected {len(want)}"
E           AssertionError: groups HC4-0026: groups has 1 rows, expected 3
E           assert (True and 1 == 3)
E            +  where True = isinstance([{'group': 'G', 'dose': 298.3661053588531, 'twa': 89.7, 'status': 'over'}], list)
E            +  and   1 = len([{'group': 'G', 'dose': 298.3661053588531, 'twa': 89.7, 'status': 'over'}])
E            +  and   3 = len([{'group': 'G1', 'dose': 383.434315003, 'twa': 90.8, 'status': 'over'}, {'group': 'G2', 'dose': 187.996052495, 'twa': 87.7, 'status': 'over'}, {'group': 'G3', 'dose': 263.901582155, 'twa': 89.2, 'status': 'over'}])

/tests/test_outputs.py:202: AssertionError
_______________ test_rule_6_1_quiet_member_counts_in_group_mean ________________

    def test_rule_6_1_quiet_member_counts_in_group_mean():
        """A quiet member's shift dose of nought counts in the group mean."""
>       check_family("quiet_members")

/tests/test_outputs.py:310: 
_ _ _ _ _ _ _ _ _ _ _ _ _ _ _ _ _ _ _ _ _ _ _ _ _ _ _ _ _ _ _ _ _ _ _ _ _ _ _ _ 
/tests/test_outputs.py:209: in check_family
    compare(reduce(row["survey"]), row["report"], f"{name} {row['survey']['survey']}")
/tests/test_outputs.py:204: in compare
    _row(row, ref, keys, f"{label} {section}[{index}] ({ref.get('id', ref['group'])})")
_ _ _ _ _ _ _ _ _ _ _ _ _ _ _ _ _ _ _ _ _ _ _ _ _ _ _ _ _ _ _ _ _ _ _ _ _ _ _ _ 

actual = {'group': 'G', 'dose': 158.74010519681997, 'twa': 87.0, 'status': 'over'}
expected = {'group': 'G1', 'dose': 158.740105197, 'twa': 87.0, 'status': 'over'}
keys = {'dose', 'group', 'status', 'twa'}
where = 'quiet_members HC4-0027 groups[0] (G1)'

    def _row(actual, expected, keys, where):
        """Every key the README lists, compared; any further key is not part of the contract and is ignored."""
        assert isinstance(actual, dict) and set(actual) >= keys, f"{where}: keys {actual!r}"
        for key in sorted(keys):
            a, e = actual[key], expected[key]
            if key == "dose":
                _number(a, e, f"{where} dose")
            elif key == "twa" and e is not None:
                assert isinstance(a, (int, float)) and not isinstance(a, bool) and abs(a - e) < 1e-6, f"{where} twa: {a!r}, expected {e!r}"
            else:
>               assert type(a) is type(e) and a == e, f"{where} {key}: {a!r}, expected {e!r}"
E               AssertionError: quiet_members HC4-0027 groups[0] (G1) group: 'G', expected 'G1'
E               assert (<class 'str'> is <class 'str'> and 'G' == 'G1'
E                +  where <class 'str'> = type('G')
E                +  and   <class 'str'> = type('G1')
E                 
E                 - G1
E                 + G)

/tests/test_outputs.py:194: AssertionError
______________________ test_report_order_and_group_codes _______________________

    def test_report_order_and_group_codes():
        """Workers stay in survey order; groups come in ascending character order of their codes."""
>       check_family("report_order")

/tests/test_outputs.py:315: 
_ _ _ _ _ _ _ _ _ _ _ _ _ _ _ _ _ _ _ _ _ _ _ _ _ _ _ _ _ _ _ _ _ _ _ _ _ _ _ _ 
/tests/test_outputs.py:209: in check_family
    compare(reduce(row["survey"]), row["report"], f"{name} {row['survey']['survey']}")
_ _ _ _ _ _ _ _ _ _ _ _ _ _ _ _ _ _ _ _ _ _ _ _ _ _ _ _ _ _ _ _ _ _ _ _ _ _ _ _ 

actual = {'survey': 'HC4-0029', 'workers': [{'id': 'Z-9', 'group': 'ZZ', 'dose': 125.99210498948732, 'twa': 86.0, ...}, {'id': ...06980577, 'twa': 82.2, 'status': 'action'}, {'group': 'Z', 'dose': 125.99210498948732, 'twa': 86.0, 'status': 'over'}]}
expected = {'survey': 'HC4-0029', 'workers': [{'id': 'Z-9', 'group': 'ZZ', 'dose': 125.992104989, 'twa': 86.0, ...}, {'id': 'A-1'...6.1231024155, 'twa': 82.5, 'status': 'action'}, {'group': 'ZZ', 'dose': 125.992104989, 'twa': 86.0, 'status': 'over'}]}
label = 'report_order HC4-0029'

    def compare(actual, expected, label):
        assert isinstance(actual, dict) and set(actual) >= {"survey", "workers", "groups"}, f"{label}: top-level keys"
        assert type(actual["survey"]) is str and actual["survey"] == expected["survey"], f"{label}: survey name"
        for section, keys in (("workers", ROW_KEYS), ("groups", GROUP_KEYS)):
            got, want = actual[section], expected[section]
>           assert isinstance(got, list) and len(got) == len(want), f"{label}: {section} has {len(got) if isinstance(got, list) else got!r} rows, expected {len(want)}"
E           AssertionError: report_order HC4-0029: groups has 4 rows, expected 6
E           assert (True and 4 == 6)
E            +  where True = isinstance([{'group': '0', 'dose': 165.6771312886923, 'twa': 87.2, 'status': 'over'}, {'group': '9', 'dose': 200.0, 'twa': 88.0, ...706980577, 'twa': 82.2, 'status': 'action'}, {'group': 'Z', 'dose': 125.99210498948732, 'twa': 86.0, 'status': 'over'}], list)
E            +  and   4 = len([{'group': '0', 'dose': 165.6771312886923, 'twa': 87.2, 'status': 'over'}, {'group': '9', 'dose': 200.0, 'twa': 88.0, ...706980577, 'twa': 82.2, 'status': 'action'}, {'group': 'Z', 'dose': 125.99210498948732, 'twa': 86.0, 'status': 'over'}])
E            +  and   6 = len([{'group': '0', 'dose': 165.677131289, 'twa': 87.2, 'status': 'over'}, {'group': '9A', 'dose': 200.0, 'twa': 88.0, 'st...56.1231024155, 'twa': 82.5, 'status': 'action'}, {'group': 'ZZ', 'dose': 125.992104989, 'twa': 86.0, 'status': 'over'}])

/tests/test_outputs.py:202: AssertionError
_______________________ test_section_one_limits_reached ________________________

    def test_section_one_limits_reached():
        """300 workers under 40 codes, a 1,500-run log, a 2,880-minute log, 500 peaks and the range ends."""
        rows = load("limits_workers") + load("limits_logs")
        workers = rows[0]["survey"]["workers"]
        assert len(workers) == 300 and len({w["group"] for w in workers}) == 40
        logs = rows[1]["survey"]["workers"]
        assert len(logs[0]["log"]) == 1500 and sum(m for m, _ in logs[1]["log"]) == 2880 and len(logs[2]["peaks"]) == 500
>       check_family("limits_workers")

/tests/test_outputs.py:325: 
_ _ _ _ _ _ _ _ _ _ _ _ _ _ _ _ _ _ _ _ _ _ _ _ _ _ _ _ _ _ _ _ _ _ _ _ _ _ _ _ 
/tests/test_outputs.py:209: in check_family
    compare(reduce(row["survey"]), row["report"], f"{name} {row['survey']['survey']}")
_ _ _ _ _ _ _ _ _ _ _ _ _ _ _ _ _ _ _ _ _ _ _ _ _ _ _ _ _ _ _ _ _ _ _ _ _ _ _ _ 

actual = {'survey': 'HC4-0030', 'workers': [{'id': 'L000-XXXXXXX', 'group': 'ABCDEFGH', 'dose': 0.0, 'twa': None, ...}, {'id': ...018317, 'twa': 85.3, 'status': 'over'}, {'group': 'F', 'dose': 849.4436849673582, 'twa': 94.3, 'status': 'over'}, ...]}
expected = {'survey': 'HC4-0030', 'workers': [{'id': 'L000-XXXXXXX', 'group': 'ABCDEFGH', 'dose': 0.0, 'twa': None, ...}, {'id': ...0.1529720182, 'twa': 79.8, 'status': 'below'}, {'group': 'E', 'dose': 106.603153, 'twa': 85.3, 'status': 'over'}, ...]}
label = 'limits_workers HC4-0030'

    def compare(actual, expected, label):
        assert isinstance(actual, dict) and set(actual) >= {"survey", "workers", "groups"}, f"{label}: top-level keys"
        assert type(actual["survey"]) is str and actual["survey"] == expected["survey"], f"{label}: survey name"
        for section, keys in (("workers", ROW_KEYS), ("groups", GROUP_KEYS)):
            got, want = actual[section], expected[section]
>           assert isinstance(got, list) and len(got) == len(want), f"{label}: {section} has {len(got) if isinstance(got, list) else got!r} rows, expected {len(want)}"
E           AssertionError: limits_workers HC4-0030: groups has 26 rows, expected 40
E           assert (True and 26 == 40)
E            +  where True = isinstance([{'group': 'A', 'dose': 662.7799426818748, 'twa': 93.2, 'status': 'over'}, {'group': 'B', 'dose': 1007.0369583911786, ...0018317, 'twa': 85.3, 'status': 'over'}, {'group': 'F', 'dose': 849.4436849673582, 'twa': 94.3, 'status': 'over'}, ...], list)
E            +  and   26 = len([{'group': 'A', 'dose': 662.7799426818748, 'twa': 93.2, 'status': 'over'}, {'group': 'B', 'dose': 1007.0369583911786, ...0018317, 'twa': 85.3, 'status': 'over'}, {'group': 'F', 'dose': 849.4436849673582, 'twa': 94.3, 'status': 'over'}, ...])
E            +  and   40 = len([{'group': 'A', 'dose': 843.480833872, 'twa': 94.2, 'status': 'over'}, {'group': 'ABCDEFGH', 'dose': 482.079051492, 't...30.1529720182, 'twa': 79.8, 'status': 'below'}, {'group': 'E', 'dose': 106.603153, 'twa': 85.3, 'status': 'over'}, ...])

/tests/test_outputs.py:202: AssertionError
____________________________ test_generated_surveys ____________________________

    def test_generated_surveys():
        """Seeded surveys over the rest of the section 1 domain."""
>       check_family("generated")

/tests/test_outputs.py:331: 
_ _ _ _ _ _ _ _ _ _ _ _ _ _ _ _ _ _ _ _ _ _ _ _ _ _ _ _ _ _ _ _ _ _ _ _ _ _ _ _ 
/tests/test_outputs.py:209: in check_family
    compare(reduce(row["survey"]), row["report"], f"{name} {row['survey']['survey']}")
_ _ _ _ _ _ _ _ _ _ _ _ _ _ _ _ _ _ _ _ _ _ _ _ _ _ _ _ _ _ _ _ _ _ _ _ _ _ _ _ 

actual = {'survey': 'HC4-0032', 'workers': [{'id': 'ONBHDRZ', 'group': '5AKGKFHZ', 'dose': 1.213856444516285, 'twa': 65.9, ...}...8531811759, 'twa': 90.0, 'status': 'over'}, {'group': 'R', 'dose': 1412.2583156344149, 'twa': 96.5, 'status': 'over'}]}
expected = {'survey': 'HC4-0032', 'workers': [{'id': 'ONBHDRZ', 'group': '5AKGKFHZ', 'dose': 1.21385644452, 'twa': 65.9, ...}, {'...77703099, 'twa': 94.8, 'status': 'over'}, {'group': 'RW24XM2I', 'dose': 1412.25831563, 'twa': 96.5, 'status': 'over'}]}
label = 'generated HC4-0032'

    def compare(actual, expected, label):
        assert isinstance(actual, dict) and set(actual) >= {"survey", "workers", "groups"}, f"{label}: top-level keys"
        assert type(actual["survey"]) is str and actual["survey"] == expected["survey"], f"{label}: survey name"
        for section, keys in (("workers", ROW_KEYS), ("groups", GROUP_KEYS)):
            got, want = actual[section], expected[section]
>           assert isinstance(got, list) and len(got) == len(want), f"{label}: {section} has {len(got) if isinstance(got, list) else got!r} rows, expected {len(want)}"
E           AssertionError: generated HC4-0032: groups has 2 rows, expected 3
E           assert (True and 2 == 3)
E            +  where True = isinstance([{'group': '5', 'dose': 319.4638531811759, 'twa': 90.0, 'status': 'over'}, {'group': 'R', 'dose': 1412.2583156344149, 'twa': 96.5, 'status': 'over'}], list)
E            +  and   2 = len([{'group': '5', 'dose': 319.4638531811759, 'twa': 90.0, 'status': 'over'}, {'group': 'R', 'dose': 1412.2583156344149, 'twa': 96.5, 'status': 'over'}])
E            +  and   3 = len([{'group': '5AKGKFHZ', 'dose': 0.606928222258, 'twa': 62.9, 'status': 'below'}, {'group': '5OWT9', 'dose': 957.177703099, 'twa': 94.8, 'status': 'over'}, {'group': 'RW24XM2I', 'dose': 1412.25831563, 'twa': 96.5, 'status': 'over'}])

/tests/test_outputs.py:202: AssertionError
==================================== PASSES ====================================
=========================== short test summary info ============================
PASSED ../../tests/test_outputs.py::test_candidate_cannot_read_verifier_state
PASSED ../../tests/test_outputs.py::test_submitted_driver_unchanged
FAILED ../../tests/test_outputs.py::test_rule_3_1_reference_duration_uses_85_dba_and_3_db
FAILED ../../tests/test_outputs.py::test_rule_2_3_reading_at_the_threshold_counts
FAILED ../../tests/test_outputs.py::test_rule_2_4_sampled_time_includes_readings_below_threshold
FAILED ../../tests/test_outputs.py::test_rule_2_2_run_logged_at_nought_is_not_a_reading
FAILED ../../tests/test_outputs.py::test_rule_3_3_partial_survey_projected_to_own_shift
FAILED ../../tests/test_outputs.py::test_rule_3_3_survey_as_long_as_shift_keeps_measured_dose
FAILED ../../tests/test_outputs.py::test_rule_2_5_partial_survey_at_exactly_three_quarters
FAILED ../../tests/test_outputs.py::test_survey_below_three_quarters_keeps_todays_projection
FAILED ../../tests/test_outputs.py::test_survey_that_measured_nothing_keeps_todays_dose
FAILED ../../tests/test_outputs.py::test_reading_above_ceiling_keeps_todays_counted_level
FAILED ../../tests/test_outputs.py::test_rule_5_1_reading_at_the_ceiling_level_is_not_flagged
FAILED ../../tests/test_outputs.py::test_rule_5_2_impulse_at_140_dbc - Assert...
FAILED ../../tests/test_outputs.py::test_rule_4_1_twa_formula - AssertionErro...
FAILED ../../tests/test_outputs.py::test_rule_1_2_twa_rounded_to_nearest_tenth
FAILED ../../tests/test_outputs.py::test_rule_5_3_status_bands_at_82_and_85
FAILED ../../tests/test_outputs.py::test_rule_6_1_group_dose_is_mean_of_shift_doses
FAILED ../../tests/test_outputs.py::test_rule_6_1_quiet_member_counts_in_group_mean
FAILED ../../tests/test_outputs.py::test_report_order_and_group_codes - Asser...
FAILED ../../tests/test_outputs.py::test_section_one_limits_reached - Asserti...
FAILED ../../tests/test_outputs.py::test_generated_surveys - AssertionError: ...
========================= 20 failed, 2 passed in 0.83s =========================
