============================= test session starts ==============================
platform linux -- Python 3.13.12, pytest-9.1.1, pluggy-1.6.0
rootdir: /tests
plugins: json-ctrf-0.5.2
collected 22 items

../../tests/test_outputs.py FFFFFF.FFF..F..FFFFF..                       [100%]

=================================== FAILURES ===================================
____________ test_rule_3_1_reference_duration_uses_85_dba_and_3_db _____________

    def test_rule_3_1_reference_duration_uses_85_dba_and_3_db():
        """Doses follow the 85 dBA criterion and 3 dB exchange rate, at levels from 80.0 to 115.0 dBA."""
>       check_family("reference_duration")

/tests/test_outputs.py:227: 
_ _ _ _ _ _ _ _ _ _ _ _ _ _ _ _ _ _ _ _ _ _ _ _ _ _ _ _ _ _ _ _ _ _ _ _ _ _ _ _ 
/tests/test_outputs.py:209: in check_family
    compare(reduce(row["survey"]), row["report"], f"{name} {row['survey']['survey']}")
/tests/test_outputs.py:204: in compare
    _row(row, ref, keys, f"{label} {section}[{index}] ({ref.get('id', ref['group'])})")
/tests/test_outputs.py:190: in _row
    _number(a, e, f"{where} dose")
_ _ _ _ _ _ _ _ _ _ _ _ _ _ _ _ _ _ _ _ _ _ _ _ _ _ _ _ _ _ _ _ _ _ _ _ _ _ _ _ 

actual = 2025.5515952695716, expected = 1160.60836214
where = 'reference_duration HC4-0002 groups[0] (G1) dose'

    def _number(actual, expected, where):
        assert isinstance(actual, (int, float)) and not isinstance(actual, bool), f"{where}: {actual!r} is not a number"
        bound = REL * abs(expected) if abs(expected) >= 1 else ABS
>       assert abs(actual - expected) <= bound, f"{where}: {actual!r}, expected {expected!r}"
E       AssertionError: reference_duration HC4-0002 groups[0] (G1) dose: 2025.5515952695716, expected 1160.60836214
E       assert 864.9432331295716 <= 0.00116060836214
E        +  where 864.9432331295716 = abs((2025.5515952695716 - 1160.60836214))

/tests/test_outputs.py:181: AssertionError
________________ test_rule_2_3_reading_at_the_threshold_counts _________________

    def test_rule_2_3_reading_at_the_threshold_counts():
        """A reading exactly at 80.0 dBA adds dose; 79.9 dBA does not."""
>       check_family("threshold")

/tests/test_outputs.py:232: 
_ _ _ _ _ _ _ _ _ _ _ _ _ _ _ _ _ _ _ _ _ _ _ _ _ _ _ _ _ _ _ _ _ _ _ _ _ _ _ _ 
/tests/test_outputs.py:209: in check_family
    compare(reduce(row["survey"]), row["report"], f"{name} {row['survey']['survey']}")
/tests/test_outputs.py:204: in compare
    _row(row, ref, keys, f"{label} {section}[{index}] ({ref.get('id', ref['group'])})")
/tests/test_outputs.py:190: in _row
    _number(a, e, f"{where} dose")
_ _ _ _ _ _ _ _ _ _ _ _ _ _ _ _ _ _ _ _ _ _ _ _ _ _ _ _ _ _ _ _ _ _ _ _ _ _ _ _ 

actual = 174.48911832050587, expected = 166.614611759
where = 'threshold HC4-0003 groups[0] (G1) dose'

    def _number(actual, expected, where):
        assert isinstance(actual, (int, float)) and not isinstance(actual, bool), f"{where}: {actual!r} is not a number"
        bound = REL * abs(expected) if abs(expected) >= 1 else ABS
>       assert abs(actual - expected) <= bound, f"{where}: {actual!r}, expected {expected!r}"
E       AssertionError: threshold HC4-0003 groups[0] (G1) dose: 174.48911832050587, expected 166.614611759
E       assert 7.874506561505854 <= 0.000166614611759
E        +  where 7.874506561505854 = abs((174.48911832050587 - 166.614611759))

/tests/test_outputs.py:181: AssertionError
_________ test_rule_2_4_sampled_time_includes_readings_below_threshold _________

    def test_rule_2_4_sampled_time_includes_readings_below_threshold():
        """Sampled time counts every reading, quiet ones at 40.0 to 79.9 dBA included."""
>       check_family("sampled_time")

/tests/test_outputs.py:237: 
_ _ _ _ _ _ _ _ _ _ _ _ _ _ _ _ _ _ _ _ _ _ _ _ _ _ _ _ _ _ _ _ _ _ _ _ _ _ _ _ 
/tests/test_outputs.py:209: in check_family
    compare(reduce(row["survey"]), row["report"], f"{name} {row['survey']['survey']}")
/tests/test_outputs.py:204: in compare
    _row(row, ref, keys, f"{label} {section}[{index}] ({ref.get('id', ref['group'])})")
/tests/test_outputs.py:190: in _row
    _number(a, e, f"{where} dose")
_ _ _ _ _ _ _ _ _ _ _ _ _ _ _ _ _ _ _ _ _ _ _ _ _ _ _ _ _ _ _ _ _ _ _ _ _ _ _ _ 

actual = 251.98420997897466, expected = 225.204670737
where = 'sampled_time HC4-0005 groups[0] (G1) dose'

    def _number(actual, expected, where):
        assert isinstance(actual, (int, float)) and not isinstance(actual, bool), f"{where}: {actual!r} is not a number"
        bound = REL * abs(expected) if abs(expected) >= 1 else ABS
>       assert abs(actual - expected) <= bound, f"{where}: {actual!r}, expected {expected!r}"
E       AssertionError: sampled_time HC4-0005 groups[0] (G1) dose: 251.98420997897466, expected 225.204670737
E       assert 26.779539241974675 <= 0.00022520467073699997
E        +  where 26.779539241974675 = abs((251.98420997897466 - 225.204670737))

/tests/test_outputs.py:181: AssertionError
_____________ test_rule_2_2_run_logged_at_nought_is_not_a_reading ______________

    def test_rule_2_2_run_logged_at_nought_is_not_a_reading():
        """A run logged at 0.0 is not a reading, so its minutes stay out of sampled time."""
>       check_family("paused_runs")

/tests/test_outputs.py:242: 
_ _ _ _ _ _ _ _ _ _ _ _ _ _ _ _ _ _ _ _ _ _ _ _ _ _ _ _ _ _ _ _ _ _ _ _ _ _ _ _ 
/tests/test_outputs.py:209: in check_family
    compare(reduce(row["survey"]), row["report"], f"{name} {row['survey']['survey']}")
/tests/test_outputs.py:204: in compare
    _row(row, ref, keys, f"{label} {section}[{index}] ({ref.get('id', ref['group'])})")
/tests/test_outputs.py:190: in _row
    _number(a, e, f"{where} dose")
_ _ _ _ _ _ _ _ _ _ _ _ _ _ _ _ _ _ _ _ _ _ _ _ _ _ _ _ _ _ _ _ _ _ _ _ _ _ _ _ 

actual = 634.9604207872798, expected = 458.077008448
where = 'paused_runs HC4-0007 groups[0] (G1) dose'

    def _number(actual, expected, where):
        assert isinstance(actual, (int, float)) and not isinstance(actual, bool), f"{where}: {actual!r} is not a number"
        bound = REL * abs(expected) if abs(expected) >= 1 else ABS
>       assert abs(actual - expected) <= bound, f"{where}: {actual!r}, expected {expected!r}"
E       AssertionError: paused_runs HC4-0007 groups[0] (G1) dose: 634.9604207872798, expected 458.077008448
E       assert 176.88341233927974 <= 0.000458077008448
E        +  where 176.88341233927974 = abs((634.9604207872798 - 458.077008448))

/tests/test_outputs.py:181: AssertionError
_____________ test_rule_3_3_partial_survey_projected_to_own_shift ______________

    def test_rule_3_3_partial_survey_projected_to_own_shift():
        """A partial survey is projected to the worker's own shift, not to eight hours."""
>       check_family("partial_surveys")

/tests/test_outputs.py:247: 
_ _ _ _ _ _ _ _ _ _ _ _ _ _ _ _ _ _ _ _ _ _ _ _ _ _ _ _ _ _ _ _ _ _ _ _ _ _ _ _ 
/tests/test_outputs.py:209: in check_family
    compare(reduce(row["survey"]), row["report"], f"{name} {row['survey']['survey']}")
/tests/test_outputs.py:204: in compare
    _row(row, ref, keys, f"{label} {section}[{index}] ({ref.get('id', ref['group'])})")
/tests/test_outputs.py:190: in _row
    _number(a, e, f"{where} dose")
_ _ _ _ _ _ _ _ _ _ _ _ _ _ _ _ _ _ _ _ _ _ _ _ _ _ _ _ _ _ _ _ _ _ _ _ _ _ _ _ 

actual = 755.9526299369238, expected = 614.211511824
where = 'partial_surveys HC4-0010 groups[0] (G1) dose'

    def _number(actual, expected, where):
        assert isinstance(actual, (int, float)) and not isinstance(actual, bool), f"{where}: {actual!r} is not a number"
        bound = REL * abs(expected) if abs(expected) >= 1 else ABS
>       assert abs(actual - expected) <= bound, f"{where}: {actual!r}, expected {expected!r}"
E       AssertionError: partial_surveys HC4-0010 groups[0] (G1) dose: 755.9526299369238, expected 614.211511824
E       assert 141.7411181129238 <= 0.000614211511824
E        +  where 141.7411181129238 = abs((755.9526299369238 - 614.211511824))

/tests/test_outputs.py:181: AssertionError
__________ test_rule_3_3_survey_as_long_as_shift_keeps_measured_dose ___________

    def test_rule_3_3_survey_as_long_as_shift_keeps_measured_dose():
        """A survey of the whole shift or longer keeps its measured dose."""
>       check_family("whole_shift")

/tests/test_outputs.py:252: 
_ _ _ _ _ _ _ _ _ _ _ _ _ _ _ _ _ _ _ _ _ _ _ _ _ _ _ _ _ _ _ _ _ _ _ _ _ _ _ _ 
/tests/test_outputs.py:209: in check_family
    compare(reduce(row["survey"]), row["report"], f"{name} {row['survey']['survey']}")
/tests/test_outputs.py:204: in compare
    _row(row, ref, keys, f"{label} {section}[{index}] ({ref.get('id', ref['group'])})")
/tests/test_outputs.py:190: in _row
    _number(a, e, f"{where} dose")
_ _ _ _ _ _ _ _ _ _ _ _ _ _ _ _ _ _ _ _ _ _ _ _ _ _ _ _ _ _ _ _ _ _ _ _ _ _ _ _ 

actual = 200.0, expected = 187.5
where = 'whole_shift HC4-0011 groups[0] (G1) dose'

    def _number(actual, expected, where):
        assert isinstance(actual, (int, float)) and not isinstance(actual, bool), f"{where}: {actual!r} is not a number"
        bound = REL * abs(expected) if abs(expected) >= 1 else ABS
>       assert abs(actual - expected) <= bound, f"{where}: {actual!r}, expected {expected!r}"
E       AssertionError: whole_shift HC4-0011 groups[0] (G1) dose: 200.0, expected 187.5
E       assert 12.5 <= 0.0001875
E        +  where 12.5 = abs((200.0 - 187.5))

/tests/test_outputs.py:181: AssertionError
___________ test_survey_below_three_quarters_keeps_todays_projection ___________

    def test_survey_below_three_quarters_keeps_todays_projection():
        """The manual gives no rule for the shift dose of a survey below three quarters: today's step stands."""
>       check_family("below_three_quarters")

/tests/test_outputs.py:262: 
_ _ _ _ _ _ _ _ _ _ _ _ _ _ _ _ _ _ _ _ _ _ _ _ _ _ _ _ _ _ _ _ _ _ _ _ _ _ _ _ 
/tests/test_outputs.py:209: in check_family
    compare(reduce(row["survey"]), row["report"], f"{name} {row['survey']['survey']}")
/tests/test_outputs.py:204: in compare
    _row(row, ref, keys, f"{label} {section}[{index}] ({ref.get('id', ref['group'])})")
/tests/test_outputs.py:190: in _row
    _number(a, e, f"{where} dose")
_ _ _ _ _ _ _ _ _ _ _ _ _ _ _ _ _ _ _ _ _ _ _ _ _ _ _ _ _ _ _ _ _ _ _ _ _ _ _ _ 

actual = 400.0, expected = 358.740105197
where = 'below_three_quarters HC4-0016 groups[4] (G5) dose'

    def _number(actual, expected, where):
        assert isinstance(actual, (int, float)) and not isinstance(actual, bool), f"{where}: {actual!r} is not a number"
        bound = REL * abs(expected) if abs(expected) >= 1 else ABS
>       assert abs(actual - expected) <= bound, f"{where}: {actual!r}, expected {expected!r}"
E       AssertionError: below_three_quarters HC4-0016 groups[4] (G5) dose: 400.0, expected 358.740105197
E       assert 41.25989480300001 <= 0.00035874010519699995
E        +  where 41.25989480300001 = abs((400.0 - 358.740105197))

/tests/test_outputs.py:181: AssertionError
_____________ test_survey_that_measured_nothing_keeps_todays_dose ______________

    def test_survey_that_measured_nothing_keeps_todays_dose():
        """A survey that measured nothing keeps today's shift dose of nought."""
>       check_family("measured_nothing")

/tests/test_outputs.py:268: 
_ _ _ _ _ _ _ _ _ _ _ _ _ _ _ _ _ _ _ _ _ _ _ _ _ _ _ _ _ _ _ _ _ _ _ _ _ _ _ _ 
/tests/test_outputs.py:209: in check_family
    compare(reduce(row["survey"]), row["report"], f"{name} {row['survey']['survey']}")
/tests/test_outputs.py:204: in compare
    _row(row, ref, keys, f"{label} {section}[{index}] ({ref.get('id', ref['group'])})")
/tests/test_outputs.py:190: in _row
    _number(a, e, f"{where} dose")
_ _ _ _ _ _ _ _ _ _ _ _ _ _ _ _ _ _ _ _ _ _ _ _ _ _ _ _ _ _ _ _ _ _ _ _ _ _ _ _ 

actual = 317.48021039363994, expected = 158.740105197
where = 'measured_nothing HC4-0017 groups[0] (G1) dose'

    def _number(actual, expected, where):
        assert isinstance(actual, (int, float)) and not isinstance(actual, bool), f"{where}: {actual!r} is not a number"
        bound = REL * abs(expected) if abs(expected) >= 1 else ABS
>       assert abs(actual - expected) <= bound, f"{where}: {actual!r}, expected {expected!r}"
E       AssertionError: measured_nothing HC4-0017 groups[0] (G1) dose: 317.48021039363994, expected 158.740105197
E       assert 158.74010519663995 <= 0.000158740105197
E        +  where 158.74010519663995 = abs((317.48021039363994 - 158.740105197))

/tests/test_outputs.py:181: AssertionError
____________ test_reading_above_ceiling_keeps_todays_counted_level _____________

    def test_reading_above_ceiling_keeps_todays_counted_level():
        """A reading above the ceiling level is counted where today's step counts it, and flags the ceiling."""
>       check_family("above_ceiling")

/tests/test_outputs.py:274: 
_ _ _ _ _ _ _ _ _ _ _ _ _ _ _ _ _ _ _ _ _ _ _ _ _ _ _ _ _ _ _ _ _ _ _ _ _ _ _ _ 
/tests/test_outputs.py:209: in check_family
    compare(reduce(row["survey"]), row["report"], f"{name} {row['survey']['survey']}")
/tests/test_outputs.py:204: in compare
    _row(row, ref, keys, f"{label} {section}[{index}] ({ref.get('id', ref['group'])})")
/tests/test_outputs.py:190: in _row
    _number(a, e, f"{where} dose")
_ _ _ _ _ _ _ _ _ _ _ _ _ _ _ _ _ _ _ _ _ _ _ _ _ _ _ _ _ _ _ _ _ _ _ _ _ _ _ _ 

actual = 64078.74506561843, expected = 32220.9871161
where = 'above_ceiling HC4-0020 groups[0] (G1) dose'

    def _number(actual, expected, where):
        assert isinstance(actual, (int, float)) and not isinstance(actual, bool), f"{where}: {actual!r} is not a number"
        bound = REL * abs(expected) if abs(expected) >= 1 else ABS
>       assert abs(actual - expected) <= bound, f"{where}: {actual!r}, expected {expected!r}"
E       AssertionError: above_ceiling HC4-0020 groups[0] (G1) dose: 64078.74506561843, expected 32220.9871161
E       assert 31857.75794951843 <= 0.0322209871161
E        +  where 31857.75794951843 = abs((64078.74506561843 - 32220.9871161))

/tests/test_outputs.py:181: AssertionError
__________________________ test_rule_4_1_twa_formula ___________________________

    def test_rule_4_1_twa_formula():
        """The TWA is 85 + 3 log2(D / 100); a dose of nought has no TWA."""
>       check_family("twa")

/tests/test_outputs.py:290: 
_ _ _ _ _ _ _ _ _ _ _ _ _ _ _ _ _ _ _ _ _ _ _ _ _ _ _ _ _ _ _ _ _ _ _ _ _ _ _ _ 
/tests/test_outputs.py:209: in check_family
    compare(reduce(row["survey"]), row["report"], f"{name} {row['survey']['survey']}")
/tests/test_outputs.py:204: in compare
    _row(row, ref, keys, f"{label} {section}[{index}] ({ref.get('id', ref['group'])})")
/tests/test_outputs.py:190: in _row
    _number(a, e, f"{where} dose")
_ _ _ _ _ _ _ _ _ _ _ _ _ _ _ _ _ _ _ _ _ _ _ _ _ _ _ _ _ _ _ _ _ _ _ _ _ _ _ _ 

actual = 200.0, expected = 100.0, where = 'twa HC4-0023 groups[0] (G1) dose'

    def _number(actual, expected, where):
        assert isinstance(actual, (int, float)) and not isinstance(actual, bool), f"{where}: {actual!r} is not a number"
        bound = REL * abs(expected) if abs(expected) >= 1 else ABS
>       assert abs(actual - expected) <= bound, f"{where}: {actual!r}, expected {expected!r}"
E       AssertionError: twa HC4-0023 groups[0] (G1) dose: 200.0, expected 100.0
E       assert 100.0 <= 9.999999999999999e-05
E        +  where 100.0 = abs((200.0 - 100.0))

/tests/test_outputs.py:181: AssertionError
_______________ test_rule_6_1_group_dose_is_mean_of_shift_doses ________________

    def test_rule_6_1_group_dose_is_mean_of_shift_doses():
        """A group's dose is the mean of its members' shift doses; its TWA and status follow from it."""
>       check_family("groups")

/tests/test_outputs.py:305: 
_ _ _ _ _ _ _ _ _ _ _ _ _ _ _ _ _ _ _ _ _ _ _ _ _ _ _ _ _ _ _ _ _ _ _ _ _ _ _ _ 
/tests/test_outputs.py:209: in check_family
    compare(reduce(row["survey"]), row["report"], f"{name} {row['survey']['survey']}")
/tests/test_outputs.py:204: in compare
    _row(row, ref, keys, f"{label} {section}[{index}] ({ref.get('id', ref['group'])})")
/tests/test_outputs.py:190: in _row
    _number(a, e, f"{where} dose")
_ _ _ _ _ _ _ _ _ _ _ _ _ _ _ _ _ _ _ _ _ _ _ _ _ _ _ _ _ _ _ _ _ _ _ _ _ _ _ _ 

actual = 543.6534462571542, expected = 383.434315003
where = 'groups HC4-0026 groups[0] (G1) dose'

    def _number(actual, expected, where):
        assert isinstance(actual, (int, float)) and not isinstance(actual, bool), f"{where}: {actual!r} is not a number"
        bound = REL * abs(expected) if abs(expected) >= 1 else ABS
>       assert abs(actual - expected) <= bound, f"{where}: {actual!r}, expected {expected!r}"
E       AssertionError: groups HC4-0026 groups[0] (G1) dose: 543.6534462571542, expected 383.434315003
E       assert 160.2191312541542 <= 0.00038343431500299996
E        +  where 160.2191312541542 = abs((543.6534462571542 - 383.434315003))

/tests/test_outputs.py:181: AssertionError
_______________ test_rule_6_1_quiet_member_counts_in_group_mean ________________

    def test_rule_6_1_quiet_member_counts_in_group_mean():
        """A quiet member's shift dose of nought counts in the group mean."""
>       check_family("quiet_members")

/tests/test_outputs.py:310: 
_ _ _ _ _ _ _ _ _ _ _ _ _ _ _ _ _ _ _ _ _ _ _ _ _ _ _ _ _ _ _ _ _ _ _ _ _ _ _ _ 
/tests/test_outputs.py:209: in check_family
    compare(reduce(row["survey"]), row["report"], f"{name} {row['survey']['survey']}")
/tests/test_outputs.py:204: in compare
    _row(row, ref, keys, f"{label} {section}[{index}] ({ref.get('id', ref['group'])})")
/tests/test_outputs.py:190: in _row
    _number(a, e, f"{where} dose")
_ _ _ _ _ _ _ _ _ _ _ _ _ _ _ _ _ _ _ _ _ _ _ _ _ _ _ _ _ _ _ _ _ _ _ _ _ _ _ _ 

actual = 317.48021039363994, expected = 158.740105197
where = 'quiet_members HC4-0027 groups[0] (G1) dose'

    def _number(actual, expected, where):
        assert isinstance(actual, (int, float)) and not isinstance(actual, bool), f"{where}: {actual!r} is not a number"
        bound = REL * abs(expected) if abs(expected) >= 1 else ABS
>       assert abs(actual - expected) <= bound, f"{where}: {actual!r}, expected {expected!r}"
E       AssertionError: quiet_members HC4-0027 groups[0] (G1) dose: 317.48021039363994, expected 158.740105197
E       assert 158.74010519663995 <= 0.000158740105197
E        +  where 158.74010519663995 = abs((317.48021039363994 - 158.740105197))

/tests/test_outputs.py:181: AssertionError
______________________ test_report_order_and_group_codes _______________________

    def test_report_order_and_group_codes():
        """Workers stay in survey order; groups come in ascending character order of their codes."""
>       check_family("report_order")

/tests/test_outputs.py:315: 
_ _ _ _ _ _ _ _ _ _ _ _ _ _ _ _ _ _ _ _ _ _ _ _ _ _ _ _ _ _ _ _ _ _ _ _ _ _ _ _ 
/tests/test_outputs.py:209: in check_family
    compare(reduce(row["survey"]), row["report"], f"{name} {row['survey']['survey']}")
/tests/test_outputs.py:204: in compare
    _row(row, ref, keys, f"{label} {section}[{index}] ({ref.get('id', ref['group'])})")
/tests/test_outputs.py:190: in _row
    _number(a, e, f"{where} dose")
_ _ _ _ _ _ _ _ _ _ _ _ _ _ _ _ _ _ _ _ _ _ _ _ _ _ _ _ _ _ _ _ _ _ _ _ _ _ _ _ 

actual = 251.98420997897463, expected = 165.677131289
where = 'report_order HC4-0029 groups[0] (0) dose'

    def _number(actual, expected, where):
        assert isinstance(actual, (int, float)) and not isinstance(actual, bool), f"{where}: {actual!r} is not a number"
        bound = REL * abs(expected) if abs(expected) >= 1 else ABS
>       assert abs(actual - expected) <= bound, f"{where}: {actual!r}, expected {expected!r}"
E       AssertionError: report_order HC4-0029 groups[0] (0) dose: 251.98420997897463, expected 165.677131289
E       assert 86.30707868997465 <= 0.00016567713128899997
E        +  where 86.30707868997465 = abs((251.98420997897463 - 165.677131289))

/tests/test_outputs.py:181: AssertionError
_______________________ test_section_one_limits_reached ________________________

    def test_section_one_limits_reached():
        """300 workers under 40 codes, a 1,500-run log, a 2,880-minute log, 500 peaks and the range ends."""
        rows = load("limits_workers") + load("limits_logs")
        workers = rows[0]["survey"]["workers"]
        assert len(workers) == 300 and len({w["group"] for w in workers}) == 40
        logs = rows[1]["survey"]["workers"]
        assert len(logs[0]["log"]) == 1500 and sum(m for m, _ in logs[1]["log"]) == 2880 and len(logs[2]["peaks"]) == 500
>       check_family("limits_workers")

/tests/test_outputs.py:325: 
_ _ _ _ _ _ _ _ _ _ _ _ _ _ _ _ _ _ _ _ _ _ _ _ _ _ _ _ _ _ _ _ _ _ _ _ _ _ _ _ 
/tests/test_outputs.py:209: in check_family
    compare(reduce(row["survey"]), row["report"], f"{name} {row['survey']['survey']}")
/tests/test_outputs.py:204: in compare
    _row(row, ref, keys, f"{label} {section}[{index}] ({ref.get('id', ref['group'])})")
/tests/test_outputs.py:190: in _row
    _number(a, e, f"{where} dose")
_ _ _ _ _ _ _ _ _ _ _ _ _ _ _ _ _ _ _ _ _ _ _ _ _ _ _ _ _ _ _ _ _ _ _ _ _ _ _ _ 

actual = 963.9780958539749, expected = 843.480833872
where = 'limits_workers HC4-0030 groups[0] (A) dose'

    def _number(actual, expected, where):
        assert isinstance(actual, (int, float)) and not isinstance(actual, bool), f"{where}: {actual!r} is not a number"
        bound = REL * abs(expected) if abs(expected) >= 1 else ABS
>       assert abs(actual - expected) <= bound, f"{where}: {actual!r}, expected {expected!r}"
E       AssertionError: limits_workers HC4-0030 groups[0] (A) dose: 963.9780958539749, expected 843.480833872
E       assert 120.49726198197493 <= 0.000843480833872
E        +  where 120.49726198197493 = abs((963.9780958539749 - 843.480833872))

/tests/test_outputs.py:181: AssertionError
____________________________ test_generated_surveys ____________________________

    def test_generated_surveys():
        """Seeded surveys over the rest of the section 1 domain."""
>       check_family("generated")

/tests/test_outputs.py:331: 
_ _ _ _ _ _ _ _ _ _ _ _ _ _ _ _ _ _ _ _ _ _ _ _ _ _ _ _ _ _ _ _ _ _ _ _ _ _ _ _ 
/tests/test_outputs.py:209: in check_family
    compare(reduce(row["survey"]), row["report"], f"{name} {row['survey']['survey']}")
/tests/test_outputs.py:204: in compare
    _row(row, ref, keys, f"{label} {section}[{index}] ({ref.get('id', ref['group'])})")
/tests/test_outputs.py:190: in _row
    _number(a, e, f"{where} dose")
_ _ _ _ _ _ _ _ _ _ _ _ _ _ _ _ _ _ _ _ _ _ _ _ _ _ _ _ _ _ _ _ _ _ _ _ _ _ _ _ 

actual = 1.213856444516285, expected = 0.606928222258
where = 'generated HC4-0032 groups[0] (5AKGKFHZ) dose'

    def _number(actual, expected, where):
        assert isinstance(actual, (int, float)) and not isinstance(actual, bool), f"{where}: {actual!r} is not a number"
        bound = REL * abs(expected) if abs(expected) >= 1 else ABS
>       assert abs(actual - expected) <= bound, f"{where}: {actual!r}, expected {expected!r}"
E       AssertionError: generated HC4-0032 groups[0] (5AKGKFHZ) dose: 1.213856444516285, expected 0.606928222258
E       assert 0.6069282222582849 <= 1e-06
E        +  where 0.6069282222582849 = abs((1.213856444516285 - 0.606928222258))

/tests/test_outputs.py:181: AssertionError
==================================== PASSES ====================================
=========================== short test summary info ============================
PASSED ../../tests/test_outputs.py::test_rule_2_5_partial_survey_at_exactly_three_quarters
PASSED ../../tests/test_outputs.py::test_rule_5_1_reading_at_the_ceiling_level_is_not_flagged
PASSED ../../tests/test_outputs.py::test_rule_5_2_impulse_at_140_dbc
PASSED ../../tests/test_outputs.py::test_rule_1_2_twa_rounded_to_nearest_tenth
PASSED ../../tests/test_outputs.py::test_rule_5_3_status_bands_at_82_and_85
PASSED ../../tests/test_outputs.py::test_candidate_cannot_read_verifier_state
PASSED ../../tests/test_outputs.py::test_submitted_driver_unchanged
FAILED ../../tests/test_outputs.py::test_rule_3_1_reference_duration_uses_85_dba_and_3_db
FAILED ../../tests/test_outputs.py::test_rule_2_3_reading_at_the_threshold_counts
FAILED ../../tests/test_outputs.py::test_rule_2_4_sampled_time_includes_readings_below_threshold
FAILED ../../tests/test_outputs.py::test_rule_2_2_run_logged_at_nought_is_not_a_reading
FAILED ../../tests/test_outputs.py::test_rule_3_3_partial_survey_projected_to_own_shift
FAILED ../../tests/test_outputs.py::test_rule_3_3_survey_as_long_as_shift_keeps_measured_dose
FAILED ../../tests/test_outputs.py::test_survey_below_three_quarters_keeps_todays_projection
FAILED ../../tests/test_outputs.py::test_survey_that_measured_nothing_keeps_todays_dose
FAILED ../../tests/test_outputs.py::test_reading_above_ceiling_keeps_todays_counted_level
FAILED ../../tests/test_outputs.py::test_rule_4_1_twa_formula - AssertionErro...
FAILED ../../tests/test_outputs.py::test_rule_6_1_group_dose_is_mean_of_shift_doses
FAILED ../../tests/test_outputs.py::test_rule_6_1_quiet_member_counts_in_group_mean
FAILED ../../tests/test_outputs.py::test_report_order_and_group_codes - Asser...
FAILED ../../tests/test_outputs.py::test_section_one_limits_reached - Asserti...
FAILED ../../tests/test_outputs.py::test_generated_surveys - AssertionError: ...
========================= 15 failed, 7 passed in 0.94s =========================
