============================= test session starts ==============================
platform linux -- Python 3.13.12, pytest-9.1.1, pluggy-1.6.0
rootdir: /tests
plugins: json-ctrf-0.5.2
collected 22 items

../../tests/test_outputs.py ...........F......FF..                       [100%]

=================================== FAILURES ===================================
_______________________ test_rule_5_2_impulse_at_140_dbc _______________________

    def test_rule_5_2_impulse_at_140_dbc():
        """A peak of 140.0 dBC is an impulse and makes the worker "over"; 139.9 dBC is not."""
>       check_family("impulse")

/tests/test_outputs.py:285: 
_ _ _ _ _ _ _ _ _ _ _ _ _ _ _ _ _ _ _ _ _ _ _ _ _ _ _ _ _ _ _ _ _ _ _ _ _ _ _ _ 
/tests/test_outputs.py:209: in check_family
    compare(reduce(row["survey"]), row["report"], f"{name} {row['survey']['survey']}")
/tests/test_outputs.py:204: in compare
    _row(row, ref, keys, f"{label} {section}[{index}] ({ref.get('id', ref['group'])})")
_ _ _ _ _ _ _ _ _ _ _ _ _ _ _ _ _ _ _ _ _ _ _ _ _ _ _ _ _ _ _ _ _ _ _ _ _ _ _ _ 

actual = {'id': 'A3', 'group': 'G2', 'dose': 0.0, 'twa': None, ...}
expected = {'id': 'A3', 'group': 'G2', 'dose': 0.0, 'twa': None, ...}
keys = {'ceiling', 'dose', 'group', 'id', 'impulse', 'status', ...}
where = 'impulse HC4-0022 workers[2] (A3)'

    def _row(actual, expected, keys, where):
        """Every key the README lists, compared; any further key is not part of the contract and is ignored."""
        assert isinstance(actual, dict) and set(actual) >= keys, f"{where}: keys {actual!r}"
        for key in sorted(keys):
            a, e = actual[key], expected[key]
            if key == "dose":
                _number(a, e, f"{where} dose")
            elif key == "twa" and e is not None:
                assert isinstance(a, (int, float)) and not isinstance(a, bool) and abs(a - e) < 1e-6, f"{where} twa: {a!r}, expected {e!r}"
            else:
>               assert type(a) is type(e) and a == e, f"{where} {key}: {a!r}, expected {e!r}"
E               AssertionError: impulse HC4-0022 workers[2] (A3) impulse: False, expected True
E               assert (<class 'bool'> is <class 'bool'> and False == True)
E                +  where <class 'bool'> = type(False)
E                +  and   <class 'bool'> = type(True)

/tests/test_outputs.py:194: AssertionError
_______________________ test_section_one_limits_reached ________________________

    def test_section_one_limits_reached():
        """300 workers under 40 codes, a 1,500-run log, a 2,880-minute log, 500 peaks and the range ends."""
        rows = load("limits_workers") + load("limits_logs")
        workers = rows[0]["survey"]["workers"]
        assert len(workers) == 300 and len({w["group"] for w in workers}) == 40
        logs = rows[1]["survey"]["workers"]
        assert len(logs[0]["log"]) == 1500 and sum(m for m, _ in logs[1]["log"]) == 2880 and len(logs[2]["peaks"]) == 500
        check_family("limits_workers")
>       check_family("limits_logs")

/tests/test_outputs.py:326: 
_ _ _ _ _ _ _ _ _ _ _ _ _ _ _ _ _ _ _ _ _ _ _ _ _ _ _ _ _ _ _ _ _ _ _ _ _ _ _ _ 
/tests/test_outputs.py:209: in check_family
    compare(reduce(row["survey"]), row["report"], f"{name} {row['survey']['survey']}")
/tests/test_outputs.py:204: in compare
    _row(row, ref, keys, f"{label} {section}[{index}] ({ref.get('id', ref['group'])})")
_ _ _ _ _ _ _ _ _ _ _ _ _ _ _ _ _ _ _ _ _ _ _ _ _ _ _ _ _ _ _ _ _ _ _ _ _ _ _ _ 

actual = {'id': 'L-PEAKS', 'group': 'G2', 'dose': 4.533049497892871, 'twa': 71.6, ...}
expected = {'id': 'L-PEAKS', 'group': 'G2', 'dose': 4.53304949789, 'twa': 71.6, ...}
keys = {'ceiling', 'dose', 'group', 'id', 'impulse', 'status', ...}
where = 'limits_logs HC4-0031 workers[2] (L-PEAKS)'

    def _row(actual, expected, keys, where):
        """Every key the README lists, compared; any further key is not part of the contract and is ignored."""
        assert isinstance(actual, dict) and set(actual) >= keys, f"{where}: keys {actual!r}"
        for key in sorted(keys):
            a, e = actual[key], expected[key]
            if key == "dose":
                _number(a, e, f"{where} dose")
            elif key == "twa" and e is not None:
                assert isinstance(a, (int, float)) and not isinstance(a, bool) and abs(a - e) < 1e-6, f"{where} twa: {a!r}, expected {e!r}"
            else:
>               assert type(a) is type(e) and a == e, f"{where} {key}: {a!r}, expected {e!r}"
E               AssertionError: limits_logs HC4-0031 workers[2] (L-PEAKS) impulse: False, expected True
E               assert (<class 'bool'> is <class 'bool'> and False == True)
E                +  where <class 'bool'> = type(False)
E                +  and   <class 'bool'> = type(True)

/tests/test_outputs.py:194: AssertionError
____________________________ test_generated_surveys ____________________________

    def test_generated_surveys():
        """Seeded surveys over the rest of the section 1 domain."""
>       check_family("generated")

/tests/test_outputs.py:331: 
_ _ _ _ _ _ _ _ _ _ _ _ _ _ _ _ _ _ _ _ _ _ _ _ _ _ _ _ _ _ _ _ _ _ _ _ _ _ _ _ 
/tests/test_outputs.py:209: in check_family
    compare(reduce(row["survey"]), row["report"], f"{name} {row['survey']['survey']}")
/tests/test_outputs.py:204: in compare
    _row(row, ref, keys, f"{label} {section}[{index}] ({ref.get('id', ref['group'])})")
_ _ _ _ _ _ _ _ _ _ _ _ _ _ _ _ _ _ _ _ _ _ _ _ _ _ _ _ _ _ _ _ _ _ _ _ _ _ _ _ 

actual = {'id': 'SB', 'group': 'MA4P', 'dose': 12567.529473847526, 'twa': 105.9, ...}
expected = {'id': 'SB', 'group': 'MA4P', 'dose': 12567.5294738, 'twa': 105.9, ...}
keys = {'ceiling', 'dose', 'group', 'id', 'impulse', 'status', ...}
where = 'generated HC4-0035 workers[2] (SB)'

    def _row(actual, expected, keys, where):
        """Every key the README lists, compared; any further key is not part of the contract and is ignored."""
        assert isinstance(actual, dict) and set(actual) >= keys, f"{where}: keys {actual!r}"
        for key in sorted(keys):
            a, e = actual[key], expected[key]
            if key == "dose":
                _number(a, e, f"{where} dose")
            elif key == "twa" and e is not None:
                assert isinstance(a, (int, float)) and not isinstance(a, bool) and abs(a - e) < 1e-6, f"{where} twa: {a!r}, expected {e!r}"
            else:
>               assert type(a) is type(e) and a == e, f"{where} {key}: {a!r}, expected {e!r}"
E               AssertionError: generated HC4-0035 workers[2] (SB) impulse: False, expected True
E               assert (<class 'bool'> is <class 'bool'> and False == True)
E                +  where <class 'bool'> = type(False)
E                +  and   <class 'bool'> = type(True)

/tests/test_outputs.py:194: AssertionError
==================================== PASSES ====================================
=========================== short test summary info ============================
PASSED ../../tests/test_outputs.py::test_rule_3_1_reference_duration_uses_85_dba_and_3_db
PASSED ../../tests/test_outputs.py::test_rule_2_3_reading_at_the_threshold_counts
PASSED ../../tests/test_outputs.py::test_rule_2_4_sampled_time_includes_readings_below_threshold
PASSED ../../tests/test_outputs.py::test_rule_2_2_run_logged_at_nought_is_not_a_reading
PASSED ../../tests/test_outputs.py::test_rule_3_3_partial_survey_projected_to_own_shift
PASSED ../../tests/test_outputs.py::test_rule_3_3_survey_as_long_as_shift_keeps_measured_dose
PASSED ../../tests/test_outputs.py::test_rule_2_5_partial_survey_at_exactly_three_quarters
PASSED ../../tests/test_outputs.py::test_survey_below_three_quarters_keeps_todays_projection
PASSED ../../tests/test_outputs.py::test_survey_that_measured_nothing_keeps_todays_dose
PASSED ../../tests/test_outputs.py::test_reading_above_ceiling_keeps_todays_counted_level
PASSED ../../tests/test_outputs.py::test_rule_5_1_reading_at_the_ceiling_level_is_not_flagged
PASSED ../../tests/test_outputs.py::test_rule_4_1_twa_formula
PASSED ../../tests/test_outputs.py::test_rule_1_2_twa_rounded_to_nearest_tenth
PASSED ../../tests/test_outputs.py::test_rule_5_3_status_bands_at_82_and_85
PASSED ../../tests/test_outputs.py::test_rule_6_1_group_dose_is_mean_of_shift_doses
PASSED ../../tests/test_outputs.py::test_rule_6_1_quiet_member_counts_in_group_mean
PASSED ../../tests/test_outputs.py::test_report_order_and_group_codes
PASSED ../../tests/test_outputs.py::test_candidate_cannot_read_verifier_state
PASSED ../../tests/test_outputs.py::test_submitted_driver_unchanged
FAILED ../../tests/test_outputs.py::test_rule_5_2_impulse_at_140_dbc - Assert...
FAILED ../../tests/test_outputs.py::test_section_one_limits_reached - Asserti...
FAILED ../../tests/test_outputs.py::test_generated_surveys - AssertionError: ...
========================= 3 failed, 19 passed in 2.37s =========================
