============================= test session starts ==============================
platform linux -- Python 3.13.12, pytest-9.1.1, pluggy-1.6.0
rootdir: /tests
plugins: json-ctrf-0.5.2
collected 22 items

../../tests/test_outputs.py ......F...........FF..                       [100%]

=================================== FAILURES ===================================
____________ test_rule_2_5_partial_survey_at_exactly_three_quarters ____________

    def test_rule_2_5_partial_survey_at_exactly_three_quarters():
        """Sampled time of exactly three quarters of the shift is a partial survey, on shifts of 60 to 1,440 minutes."""
>       check_family("three_quarters")

/tests/test_outputs.py:257: 
_ _ _ _ _ _ _ _ _ _ _ _ _ _ _ _ _ _ _ _ _ _ _ _ _ _ _ _ _ _ _ _ _ _ _ _ _ _ _ _ 
/tests/test_outputs.py:209: in check_family
    compare(reduce(row["survey"]), row["report"], f"{name} {row['survey']['survey']}")
/tests/test_outputs.py:204: in compare
    _row(row, ref, keys, f"{label} {section}[{index}] ({ref.get('id', ref['group'])})")
/tests/test_outputs.py:190: in _row
    _number(a, e, f"{where} dose")
_ _ _ _ _ _ _ _ _ _ _ _ _ _ _ _ _ _ _ _ _ _ _ _ _ _ _ _ _ _ _ _ _ _ _ _ _ _ _ _ 

actual = 1007.9368399158983, expected = 125.992104989
where = 'three_quarters HC4-0013 workers[2] (A3) dose'

    def _number(actual, expected, where):
        assert isinstance(actual, (int, float)) and not isinstance(actual, bool), f"{where}: {actual!r} is not a number"
        bound = REL * abs(expected) if abs(expected) >= 1 else ABS
>       assert abs(actual - expected) <= bound, f"{where}: {actual!r}, expected {expected!r}"
E       AssertionError: three_quarters HC4-0013 workers[2] (A3) dose: 1007.9368399158983, expected 125.992104989
E       assert 881.9447349268983 <= 0.00012599210498899998
E        +  where 881.9447349268983 = abs((1007.9368399158983 - 125.992104989))

/tests/test_outputs.py:181: AssertionError
_______________________ test_section_one_limits_reached ________________________

    def test_section_one_limits_reached():
        """300 workers under 40 codes, a 1,500-run log, a 2,880-minute log, 500 peaks and the range ends."""
        rows = load("limits_workers") + load("limits_logs")
        workers = rows[0]["survey"]["workers"]
        assert len(workers) == 300 and len({w["group"] for w in workers}) == 40
        logs = rows[1]["survey"]["workers"]
        assert len(logs[0]["log"]) == 1500 and sum(m for m, _ in logs[1]["log"]) == 2880 and len(logs[2]["peaks"]) == 500
>       check_family("limits_workers")

/tests/test_outputs.py:325: 
_ _ _ _ _ _ _ _ _ _ _ _ _ _ _ _ _ _ _ _ _ _ _ _ _ _ _ _ _ _ _ _ _ _ _ _ _ _ _ _ 
/tests/test_outputs.py:209: in check_family
    compare(reduce(row["survey"]), row["report"], f"{name} {row['survey']['survey']}")
/tests/test_outputs.py:204: in compare
    _row(row, ref, keys, f"{label} {section}[{index}] ({ref.get('id', ref['group'])})")
/tests/test_outputs.py:190: in _row
    _number(a, e, f"{where} dose")
_ _ _ _ _ _ _ _ _ _ _ _ _ _ _ _ _ _ _ _ _ _ _ _ _ _ _ _ _ _ _ _ _ _ _ _ _ _ _ _ 

actual = 348.2202253184501, expected = 43.5275281648
where = 'limits_workers HC4-0030 workers[3] (L003-) dose'

    def _number(actual, expected, where):
        assert isinstance(actual, (int, float)) and not isinstance(actual, bool), f"{where}: {actual!r} is not a number"
        bound = REL * abs(expected) if abs(expected) >= 1 else ABS
>       assert abs(actual - expected) <= bound, f"{where}: {actual!r}, expected {expected!r}"
E       AssertionError: limits_workers HC4-0030 workers[3] (L003-) dose: 348.2202253184501, expected 43.5275281648
E       assert 304.6926971536501 <= 4.35275281648e-05
E        +  where 304.6926971536501 = abs((348.2202253184501 - 43.5275281648))

/tests/test_outputs.py:181: AssertionError
____________________________ test_generated_surveys ____________________________

    def test_generated_surveys():
        """Seeded surveys over the rest of the section 1 domain."""
>       check_family("generated")

/tests/test_outputs.py:331: 
_ _ _ _ _ _ _ _ _ _ _ _ _ _ _ _ _ _ _ _ _ _ _ _ _ _ _ _ _ _ _ _ _ _ _ _ _ _ _ _ 
/tests/test_outputs.py:209: in check_family
    compare(reduce(row["survey"]), row["report"], f"{name} {row['survey']['survey']}")
/tests/test_outputs.py:204: in compare
    _row(row, ref, keys, f"{label} {section}[{index}] ({ref.get('id', ref['group'])})")
/tests/test_outputs.py:190: in _row
    _number(a, e, f"{where} dose")
_ _ _ _ _ _ _ _ _ _ _ _ _ _ _ _ _ _ _ _ _ _ _ _ _ _ _ _ _ _ _ _ _ _ _ _ _ _ _ _ 

actual = 1.418793246837216, expected = 1.21385644452
where = 'generated HC4-0032 workers[0] (ONBHDRZ) dose'

    def _number(actual, expected, where):
        assert isinstance(actual, (int, float)) and not isinstance(actual, bool), f"{where}: {actual!r} is not a number"
        bound = REL * abs(expected) if abs(expected) >= 1 else ABS
>       assert abs(actual - expected) <= bound, f"{where}: {actual!r}, expected {expected!r}"
E       AssertionError: generated HC4-0032 workers[0] (ONBHDRZ) dose: 1.418793246837216, expected 1.21385644452
E       assert 0.204936802317216 <= 1.21385644452e-06
E        +  where 0.204936802317216 = abs((1.418793246837216 - 1.21385644452))

/tests/test_outputs.py:181: AssertionError
==================================== PASSES ====================================
=========================== short test summary info ============================
PASSED ../../tests/test_outputs.py::test_rule_3_1_reference_duration_uses_85_dba_and_3_db
PASSED ../../tests/test_outputs.py::test_rule_2_3_reading_at_the_threshold_counts
PASSED ../../tests/test_outputs.py::test_rule_2_4_sampled_time_includes_readings_below_threshold
PASSED ../../tests/test_outputs.py::test_rule_2_2_run_logged_at_nought_is_not_a_reading
PASSED ../../tests/test_outputs.py::test_rule_3_3_partial_survey_projected_to_own_shift
PASSED ../../tests/test_outputs.py::test_rule_3_3_survey_as_long_as_shift_keeps_measured_dose
PASSED ../../tests/test_outputs.py::test_survey_below_three_quarters_keeps_todays_projection
PASSED ../../tests/test_outputs.py::test_survey_that_measured_nothing_keeps_todays_dose
PASSED ../../tests/test_outputs.py::test_reading_above_ceiling_keeps_todays_counted_level
PASSED ../../tests/test_outputs.py::test_rule_5_1_reading_at_the_ceiling_level_is_not_flagged
PASSED ../../tests/test_outputs.py::test_rule_5_2_impulse_at_140_dbc
PASSED ../../tests/test_outputs.py::test_rule_4_1_twa_formula
PASSED ../../tests/test_outputs.py::test_rule_1_2_twa_rounded_to_nearest_tenth
PASSED ../../tests/test_outputs.py::test_rule_5_3_status_bands_at_82_and_85
PASSED ../../tests/test_outputs.py::test_rule_6_1_group_dose_is_mean_of_shift_doses
PASSED ../../tests/test_outputs.py::test_rule_6_1_quiet_member_counts_in_group_mean
PASSED ../../tests/test_outputs.py::test_report_order_and_group_codes
PASSED ../../tests/test_outputs.py::test_candidate_cannot_read_verifier_state
PASSED ../../tests/test_outputs.py::test_submitted_driver_unchanged
FAILED ../../tests/test_outputs.py::test_rule_2_5_partial_survey_at_exactly_three_quarters
FAILED ../../tests/test_outputs.py::test_section_one_limits_reached - Asserti...
FAILED ../../tests/test_outputs.py::test_generated_surveys - AssertionError: ...
========================= 3 failed, 19 passed in 2.56s =========================
