============================= test session starts ==============================
platform linux -- Python 3.13.12, pytest-9.1.1, pluggy-1.6.0
rootdir: /tests
plugins: json-ctrf-0.5.2
collected 22 items

../../tests/test_outputs.py FFFFFFFF.....FFFF.FF..                       [100%]

=================================== FAILURES ===================================
____________ test_rule_3_1_reference_duration_uses_85_dba_and_3_db _____________

    def test_rule_3_1_reference_duration_uses_85_dba_and_3_db():
        """Doses follow the 85 dBA criterion and 3 dB exchange rate, at levels from 80.0 to 115.0 dBA."""
>       check_family("reference_duration")

/tests/test_outputs.py:227: 
_ _ _ _ _ _ _ _ _ _ _ _ _ _ _ _ _ _ _ _ _ _ _ _ _ _ _ _ _ _ _ _ _ _ _ _ _ _ _ _ 
/tests/test_outputs.py:209: in check_family
    compare(reduce(row["survey"]), row["report"], f"{name} {row['survey']['survey']}")
/tests/test_outputs.py:204: in compare
    _row(row, ref, keys, f"{label} {section}[{index}] ({ref.get('id', ref['group'])})")
_ _ _ _ _ _ _ _ _ _ _ _ _ _ _ _ _ _ _ _ _ _ _ _ _ _ _ _ _ _ _ _ _ _ _ _ _ _ _ _ 

actual = {'id': 'B1', 'group': 'G1', 'dose': 2025.5515952695716, 'twa': 98.1, ...}
expected = {'id': 'B1', 'group': 'G1', 'dose': 2025.55159527, 'twa': 98.0, ...}
keys = {'ceiling', 'dose', 'group', 'id', 'impulse', 'status', ...}
where = 'reference_duration HC4-0002 workers[0] (B1)'

    def _row(actual, expected, keys, where):
        """Every key the README lists, compared; any further key is not part of the contract and is ignored."""
        assert isinstance(actual, dict) and set(actual) >= keys, f"{where}: keys {actual!r}"
        for key in sorted(keys):
            a, e = actual[key], expected[key]
            if key == "dose":
                _number(a, e, f"{where} dose")
            elif key == "twa" and e is not None:
>               assert isinstance(a, (int, float)) and not isinstance(a, bool) and abs(a - e) < 1e-6, f"{where} twa: {a!r}, expected {e!r}"
E               AssertionError: reference_duration HC4-0002 workers[0] (B1) twa: 98.1, expected 98.0
E               assert (True and not False and 0.09999999999999432 < 1e-06)
E                +  where True = isinstance(98.1, (<class 'int'>, <class 'float'>))
E                +  and   False = isinstance(98.1, bool)
E                +  and   0.09999999999999432 = abs((98.1 - 98.0))

/tests/test_outputs.py:192: AssertionError
________________ test_rule_2_3_reading_at_the_threshold_counts _________________

    def test_rule_2_3_reading_at_the_threshold_counts():
        """A reading exactly at 80.0 dBA adds dose; 79.9 dBA does not."""
>       check_family("threshold")

/tests/test_outputs.py:232: 
_ _ _ _ _ _ _ _ _ _ _ _ _ _ _ _ _ _ _ _ _ _ _ _ _ _ _ _ _ _ _ _ _ _ _ _ _ _ _ _ 
/tests/test_outputs.py:209: in check_family
    compare(reduce(row["survey"]), row["report"], f"{name} {row['survey']['survey']}")
/tests/test_outputs.py:204: in compare
    _row(row, ref, keys, f"{label} {section}[{index}] ({ref.get('id', ref['group'])})")
_ _ _ _ _ _ _ _ _ _ _ _ _ _ _ _ _ _ _ _ _ _ _ _ _ _ _ _ _ _ _ _ _ _ _ _ _ _ _ _ 

actual = {'id': 'A1', 'group': 'G1', 'dose': 174.48911832050587, 'twa': 87.5, ...}
expected = {'id': 'A1', 'group': 'G1', 'dose': 174.489118321, 'twa': 87.4, ...}
keys = {'ceiling', 'dose', 'group', 'id', 'impulse', 'status', ...}
where = 'threshold HC4-0003 workers[0] (A1)'

    def _row(actual, expected, keys, where):
        """Every key the README lists, compared; any further key is not part of the contract and is ignored."""
        assert isinstance(actual, dict) and set(actual) >= keys, f"{where}: keys {actual!r}"
        for key in sorted(keys):
            a, e = actual[key], expected[key]
            if key == "dose":
                _number(a, e, f"{where} dose")
            elif key == "twa" and e is not None:
>               assert isinstance(a, (int, float)) and not isinstance(a, bool) and abs(a - e) < 1e-6, f"{where} twa: {a!r}, expected {e!r}"
E               AssertionError: threshold HC4-0003 workers[0] (A1) twa: 87.5, expected 87.4
E               assert (True and not False and 0.09999999999999432 < 1e-06)
E                +  where True = isinstance(87.5, (<class 'int'>, <class 'float'>))
E                +  and   False = isinstance(87.5, bool)
E                +  and   0.09999999999999432 = abs((87.5 - 87.4))

/tests/test_outputs.py:192: AssertionError
_________ test_rule_2_4_sampled_time_includes_readings_below_threshold _________

    def test_rule_2_4_sampled_time_includes_readings_below_threshold():
        """Sampled time counts every reading, quiet ones at 40.0 to 79.9 dBA included."""
>       check_family("sampled_time")

/tests/test_outputs.py:237: 
_ _ _ _ _ _ _ _ _ _ _ _ _ _ _ _ _ _ _ _ _ _ _ _ _ _ _ _ _ _ _ _ _ _ _ _ _ _ _ _ 
/tests/test_outputs.py:209: in check_family
    compare(reduce(row["survey"]), row["report"], f"{name} {row['survey']['survey']}")
/tests/test_outputs.py:204: in compare
    _row(row, ref, keys, f"{label} {section}[{index}] ({ref.get('id', ref['group'])})")
_ _ _ _ _ _ _ _ _ _ _ _ _ _ _ _ _ _ _ _ _ _ _ _ _ _ _ _ _ _ _ _ _ _ _ _ _ _ _ _ 

actual = {'group': 'G1', 'dose': 225.20467073749978, 'twa': 88.6, 'status': 'over'}
expected = {'group': 'G1', 'dose': 225.204670737, 'twa': 88.5, 'status': 'over'}
keys = {'dose', 'group', 'status', 'twa'}
where = 'sampled_time HC4-0005 groups[0] (G1)'

    def _row(actual, expected, keys, where):
        """Every key the README lists, compared; any further key is not part of the contract and is ignored."""
        assert isinstance(actual, dict) and set(actual) >= keys, f"{where}: keys {actual!r}"
        for key in sorted(keys):
            a, e = actual[key], expected[key]
            if key == "dose":
                _number(a, e, f"{where} dose")
            elif key == "twa" and e is not None:
>               assert isinstance(a, (int, float)) and not isinstance(a, bool) and abs(a - e) < 1e-6, f"{where} twa: {a!r}, expected {e!r}"
E               AssertionError: sampled_time HC4-0005 groups[0] (G1) twa: 88.6, expected 88.5
E               assert (True and not False and 0.09999999999999432 < 1e-06)
E                +  where True = isinstance(88.6, (<class 'int'>, <class 'float'>))
E                +  and   False = isinstance(88.6, bool)
E                +  and   0.09999999999999432 = abs((88.6 - 88.5))

/tests/test_outputs.py:192: AssertionError
_____________ test_rule_2_2_run_logged_at_nought_is_not_a_reading ______________

    def test_rule_2_2_run_logged_at_nought_is_not_a_reading():
        """A run logged at 0.0 is not a reading, so its minutes stay out of sampled time."""
>       check_family("paused_runs")

/tests/test_outputs.py:242: 
_ _ _ _ _ _ _ _ _ _ _ _ _ _ _ _ _ _ _ _ _ _ _ _ _ _ _ _ _ _ _ _ _ _ _ _ _ _ _ _ 
/tests/test_outputs.py:209: in check_family
    compare(reduce(row["survey"]), row["report"], f"{name} {row['survey']['survey']}")
/tests/test_outputs.py:204: in compare
    _row(row, ref, keys, f"{label} {section}[{index}] ({ref.get('id', ref['group'])})")
_ _ _ _ _ _ _ _ _ _ _ _ _ _ _ _ _ _ _ _ _ _ _ _ _ _ _ _ _ _ _ _ _ _ _ _ _ _ _ _ 

actual = {'id': 'B1', 'group': 'G1', 'dose': 343.65281788778964, 'twa': 90.4, ...}
expected = {'id': 'B1', 'group': 'G1', 'dose': 343.652817888, 'twa': 90.3, ...}
keys = {'ceiling', 'dose', 'group', 'id', 'impulse', 'status', ...}
where = 'paused_runs HC4-0008 workers[0] (B1)'

    def _row(actual, expected, keys, where):
        """Every key the README lists, compared; any further key is not part of the contract and is ignored."""
        assert isinstance(actual, dict) and set(actual) >= keys, f"{where}: keys {actual!r}"
        for key in sorted(keys):
            a, e = actual[key], expected[key]
            if key == "dose":
                _number(a, e, f"{where} dose")
            elif key == "twa" and e is not None:
>               assert isinstance(a, (int, float)) and not isinstance(a, bool) and abs(a - e) < 1e-6, f"{where} twa: {a!r}, expected {e!r}"
E               AssertionError: paused_runs HC4-0008 workers[0] (B1) twa: 90.4, expected 90.3
E               assert (True and not False and 0.10000000000000853 < 1e-06)
E                +  where True = isinstance(90.4, (<class 'int'>, <class 'float'>))
E                +  and   False = isinstance(90.4, bool)
E                +  and   0.10000000000000853 = abs((90.4 - 90.3))

/tests/test_outputs.py:192: AssertionError
_____________ test_rule_3_3_partial_survey_projected_to_own_shift ______________

    def test_rule_3_3_partial_survey_projected_to_own_shift():
        """A partial survey is projected to the worker's own shift, not to eight hours."""
>       check_family("partial_surveys")

/tests/test_outputs.py:247: 
_ _ _ _ _ _ _ _ _ _ _ _ _ _ _ _ _ _ _ _ _ _ _ _ _ _ _ _ _ _ _ _ _ _ _ _ _ _ _ _ 
/tests/test_outputs.py:209: in check_family
    compare(reduce(row["survey"]), row["report"], f"{name} {row['survey']['survey']}")
/tests/test_outputs.py:204: in compare
    _row(row, ref, keys, f"{label} {section}[{index}] ({ref.get('id', ref['group'])})")
_ _ _ _ _ _ _ _ _ _ _ _ _ _ _ _ _ _ _ _ _ _ _ _ _ _ _ _ _ _ _ _ _ _ _ _ _ _ _ _ 

actual = {'id': 'B1', 'group': 'G1', 'dose': 472.4703937105774, 'twa': 91.8, ...}
expected = {'id': 'B1', 'group': 'G1', 'dose': 472.470393711, 'twa': 91.7, ...}
keys = {'ceiling', 'dose', 'group', 'id', 'impulse', 'status', ...}
where = 'partial_surveys HC4-0010 workers[0] (B1)'

    def _row(actual, expected, keys, where):
        """Every key the README lists, compared; any further key is not part of the contract and is ignored."""
        assert isinstance(actual, dict) and set(actual) >= keys, f"{where}: keys {actual!r}"
        for key in sorted(keys):
            a, e = actual[key], expected[key]
            if key == "dose":
                _number(a, e, f"{where} dose")
            elif key == "twa" and e is not None:
>               assert isinstance(a, (int, float)) and not isinstance(a, bool) and abs(a - e) < 1e-6, f"{where} twa: {a!r}, expected {e!r}"
E               AssertionError: partial_surveys HC4-0010 workers[0] (B1) twa: 91.8, expected 91.7
E               assert (True and not False and 0.09999999999999432 < 1e-06)
E                +  where True = isinstance(91.8, (<class 'int'>, <class 'float'>))
E                +  and   False = isinstance(91.8, bool)
E                +  and   0.09999999999999432 = abs((91.8 - 91.7))

/tests/test_outputs.py:192: AssertionError
__________ test_rule_3_3_survey_as_long_as_shift_keeps_measured_dose ___________

    def test_rule_3_3_survey_as_long_as_shift_keeps_measured_dose():
        """A survey of the whole shift or longer keeps its measured dose."""
>       check_family("whole_shift")

/tests/test_outputs.py:252: 
_ _ _ _ _ _ _ _ _ _ _ _ _ _ _ _ _ _ _ _ _ _ _ _ _ _ _ _ _ _ _ _ _ _ _ _ _ _ _ _ 
/tests/test_outputs.py:209: in check_family
    compare(reduce(row["survey"]), row["report"], f"{name} {row['survey']['survey']}")
/tests/test_outputs.py:204: in compare
    _row(row, ref, keys, f"{label} {section}[{index}] ({ref.get('id', ref['group'])})")
_ _ _ _ _ _ _ _ _ _ _ _ _ _ _ _ _ _ _ _ _ _ _ _ _ _ _ _ _ _ _ _ _ _ _ _ _ _ _ _ 

actual = {'id': 'A1', 'group': 'G1', 'dose': 175.0, 'twa': 87.5, ...}
expected = {'id': 'A1', 'group': 'G1', 'dose': 175.0, 'twa': 87.4, ...}
keys = {'ceiling', 'dose', 'group', 'id', 'impulse', 'status', ...}
where = 'whole_shift HC4-0011 workers[0] (A1)'

    def _row(actual, expected, keys, where):
        """Every key the README lists, compared; any further key is not part of the contract and is ignored."""
        assert isinstance(actual, dict) and set(actual) >= keys, f"{where}: keys {actual!r}"
        for key in sorted(keys):
            a, e = actual[key], expected[key]
            if key == "dose":
                _number(a, e, f"{where} dose")
            elif key == "twa" and e is not None:
>               assert isinstance(a, (int, float)) and not isinstance(a, bool) and abs(a - e) < 1e-6, f"{where} twa: {a!r}, expected {e!r}"
E               AssertionError: whole_shift HC4-0011 workers[0] (A1) twa: 87.5, expected 87.4
E               assert (True and not False and 0.09999999999999432 < 1e-06)
E                +  where True = isinstance(87.5, (<class 'int'>, <class 'float'>))
E                +  and   False = isinstance(87.5, bool)
E                +  and   0.09999999999999432 = abs((87.5 - 87.4))

/tests/test_outputs.py:192: AssertionError
____________ test_rule_2_5_partial_survey_at_exactly_three_quarters ____________

    def test_rule_2_5_partial_survey_at_exactly_three_quarters():
        """Sampled time of exactly three quarters of the shift is a partial survey, on shifts of 60 to 1,440 minutes."""
>       check_family("three_quarters")

/tests/test_outputs.py:257: 
_ _ _ _ _ _ _ _ _ _ _ _ _ _ _ _ _ _ _ _ _ _ _ _ _ _ _ _ _ _ _ _ _ _ _ _ _ _ _ _ 
/tests/test_outputs.py:209: in check_family
    compare(reduce(row["survey"]), row["report"], f"{name} {row['survey']['survey']}")
/tests/test_outputs.py:204: in compare
    _row(row, ref, keys, f"{label} {section}[{index}] ({ref.get('id', ref['group'])})")
_ _ _ _ _ _ _ _ _ _ _ _ _ _ _ _ _ _ _ _ _ _ _ _ _ _ _ _ _ _ _ _ _ _ _ _ _ _ _ _ 

actual = {'id': 'B2', 'group': 'G2', 'dose': 403.4644340419174, 'twa': 91.1, ...}
expected = {'id': 'B2', 'group': 'G2', 'dose': 403.464434042, 'twa': 91.0, ...}
keys = {'ceiling', 'dose', 'group', 'id', 'impulse', 'status', ...}
where = 'three_quarters HC4-0014 workers[1] (B2)'

    def _row(actual, expected, keys, where):
        """Every key the README lists, compared; any further key is not part of the contract and is ignored."""
        assert isinstance(actual, dict) and set(actual) >= keys, f"{where}: keys {actual!r}"
        for key in sorted(keys):
            a, e = actual[key], expected[key]
            if key == "dose":
                _number(a, e, f"{where} dose")
            elif key == "twa" and e is not None:
>               assert isinstance(a, (int, float)) and not isinstance(a, bool) and abs(a - e) < 1e-6, f"{where} twa: {a!r}, expected {e!r}"
E               AssertionError: three_quarters HC4-0014 workers[1] (B2) twa: 91.1, expected 91.0
E               assert (True and not False and 0.09999999999999432 < 1e-06)
E                +  where True = isinstance(91.1, (<class 'int'>, <class 'float'>))
E                +  and   False = isinstance(91.1, bool)
E                +  and   0.09999999999999432 = abs((91.1 - 91.0))

/tests/test_outputs.py:192: AssertionError
___________ test_survey_below_three_quarters_keeps_todays_projection ___________

    def test_survey_below_three_quarters_keeps_todays_projection():
        """The manual gives no rule for the shift dose of a survey below three quarters: today's step stands."""
>       check_family("below_three_quarters")

/tests/test_outputs.py:262: 
_ _ _ _ _ _ _ _ _ _ _ _ _ _ _ _ _ _ _ _ _ _ _ _ _ _ _ _ _ _ _ _ _ _ _ _ _ _ _ _ 
/tests/test_outputs.py:209: in check_family
    compare(reduce(row["survey"]), row["report"], f"{name} {row['survey']['survey']}")
/tests/test_outputs.py:204: in compare
    _row(row, ref, keys, f"{label} {section}[{index}] ({ref.get('id', ref['group'])})")
_ _ _ _ _ _ _ _ _ _ _ _ _ _ _ _ _ _ _ _ _ _ _ _ _ _ _ _ _ _ _ _ _ _ _ _ _ _ _ _ 

actual = {'id': 'X3', 'group': 'G3', 'dose': 373.3943482489453, 'twa': 90.8, ...}
expected = {'id': 'X3', 'group': 'G3', 'dose': 373.394348249, 'twa': 90.7, ...}
keys = {'ceiling', 'dose', 'group', 'id', 'impulse', 'status', ...}
where = 'below_three_quarters HC4-0015 workers[2] (X3)'

    def _row(actual, expected, keys, where):
        """Every key the README lists, compared; any further key is not part of the contract and is ignored."""
        assert isinstance(actual, dict) and set(actual) >= keys, f"{where}: keys {actual!r}"
        for key in sorted(keys):
            a, e = actual[key], expected[key]
            if key == "dose":
                _number(a, e, f"{where} dose")
            elif key == "twa" and e is not None:
>               assert isinstance(a, (int, float)) and not isinstance(a, bool) and abs(a - e) < 1e-6, f"{where} twa: {a!r}, expected {e!r}"
E               AssertionError: below_three_quarters HC4-0015 workers[2] (X3) twa: 90.8, expected 90.7
E               assert (True and not False and 0.09999999999999432 < 1e-06)
E                +  where True = isinstance(90.8, (<class 'int'>, <class 'float'>))
E                +  and   False = isinstance(90.8, bool)
E                +  and   0.09999999999999432 = abs((90.8 - 90.7))

/tests/test_outputs.py:192: AssertionError
__________________ test_rule_1_2_twa_rounded_to_nearest_tenth __________________

    def test_rule_1_2_twa_rounded_to_nearest_tenth():
        """The reported TWA is the nearest tenth, on both sides of each tenth."""
>       check_family("rounding")

/tests/test_outputs.py:295: 
_ _ _ _ _ _ _ _ _ _ _ _ _ _ _ _ _ _ _ _ _ _ _ _ _ _ _ _ _ _ _ _ _ _ _ _ _ _ _ _ 
/tests/test_outputs.py:209: in check_family
    compare(reduce(row["survey"]), row["report"], f"{name} {row['survey']['survey']}")
/tests/test_outputs.py:204: in compare
    _row(row, ref, keys, f"{label} {section}[{index}] ({ref.get('id', ref['group'])})")
_ _ _ _ _ _ _ _ _ _ _ _ _ _ _ _ _ _ _ _ _ _ _ _ _ _ _ _ _ _ _ _ _ _ _ _ _ _ _ _ 

actual = {'id': 'R1', 'group': 'G1', 'dose': 80.23408897396955, 'twa': 84.1, ...}
expected = {'id': 'R1', 'group': 'G1', 'dose': 80.234088974, 'twa': 84.0, ...}
keys = {'ceiling', 'dose', 'group', 'id', 'impulse', 'status', ...}
where = 'rounding HC4-0024 workers[1] (R1)'

    def _row(actual, expected, keys, where):
        """Every key the README lists, compared; any further key is not part of the contract and is ignored."""
        assert isinstance(actual, dict) and set(actual) >= keys, f"{where}: keys {actual!r}"
        for key in sorted(keys):
            a, e = actual[key], expected[key]
            if key == "dose":
                _number(a, e, f"{where} dose")
            elif key == "twa" and e is not None:
>               assert isinstance(a, (int, float)) and not isinstance(a, bool) and abs(a - e) < 1e-6, f"{where} twa: {a!r}, expected {e!r}"
E               AssertionError: rounding HC4-0024 workers[1] (R1) twa: 84.1, expected 84.0
E               assert (True and not False and 0.09999999999999432 < 1e-06)
E                +  where True = isinstance(84.1, (<class 'int'>, <class 'float'>))
E                +  and   False = isinstance(84.1, bool)
E                +  and   0.09999999999999432 = abs((84.1 - 84.0))

/tests/test_outputs.py:192: AssertionError
___________________ test_rule_5_3_status_bands_at_82_and_85 ____________________

    def test_rule_5_3_status_bands_at_82_and_85():
        """Status bands at 82.0 and 85.0 dB on the reported TWA, and "over" for a flagged worker."""
>       check_family("status")

/tests/test_outputs.py:300: 
_ _ _ _ _ _ _ _ _ _ _ _ _ _ _ _ _ _ _ _ _ _ _ _ _ _ _ _ _ _ _ _ _ _ _ _ _ _ _ _ 
/tests/test_outputs.py:209: in check_family
    compare(reduce(row["survey"]), row["report"], f"{name} {row['survey']['survey']}")
/tests/test_outputs.py:204: in compare
    _row(row, ref, keys, f"{label} {section}[{index}] ({ref.get('id', ref['group'])})")
_ _ _ _ _ _ _ _ _ _ _ _ _ _ _ _ _ _ _ _ _ _ _ _ _ _ _ _ _ _ _ _ _ _ _ _ _ _ _ _ 

actual = {'id': 'T1', 'group': 'H1', 'dose': 100.59120875946255, 'twa': 85.1, ...}
expected = {'id': 'T1', 'group': 'H1', 'dose': 100.591208759, 'twa': 85.0, ...}
keys = {'ceiling', 'dose', 'group', 'id', 'impulse', 'status', ...}
where = 'status HC4-0025 workers[5] (T1)'

    def _row(actual, expected, keys, where):
        """Every key the README lists, compared; any further key is not part of the contract and is ignored."""
        assert isinstance(actual, dict) and set(actual) >= keys, f"{where}: keys {actual!r}"
        for key in sorted(keys):
            a, e = actual[key], expected[key]
            if key == "dose":
                _number(a, e, f"{where} dose")
            elif key == "twa" and e is not None:
                assert isinstance(a, (int, float)) and not isinstance(a, bool) and abs(a - e) < 1e-6, f"{where} twa: {a!r}, expected {e!r}"
            else:
>               assert type(a) is type(e) and a == e, f"{where} {key}: {a!r}, expected {e!r}"
E               AssertionError: status HC4-0025 workers[5] (T1) status: 'over', expected 'action'
E               assert (<class 'str'> is <class 'str'> and 'over' == 'action'
E                +  where <class 'str'> = type('over')
E                +  and   <class 'str'> = type('action')
E                 
E                 - action
E                 + over)

/tests/test_outputs.py:194: AssertionError
_______________ test_rule_6_1_group_dose_is_mean_of_shift_doses ________________

    def test_rule_6_1_group_dose_is_mean_of_shift_doses():
        """A group's dose is the mean of its members' shift doses; its TWA and status follow from it."""
>       check_family("groups")

/tests/test_outputs.py:305: 
_ _ _ _ _ _ _ _ _ _ _ _ _ _ _ _ _ _ _ _ _ _ _ _ _ _ _ _ _ _ _ _ _ _ _ _ _ _ _ _ 
/tests/test_outputs.py:209: in check_family
    compare(reduce(row["survey"]), row["report"], f"{name} {row['survey']['survey']}")
/tests/test_outputs.py:204: in compare
    _row(row, ref, keys, f"{label} {section}[{index}] ({ref.get('id', ref['group'])})")
_ _ _ _ _ _ _ _ _ _ _ _ _ _ _ _ _ _ _ _ _ _ _ _ _ _ _ _ _ _ _ _ _ _ _ _ _ _ _ _ 

actual = {'group': 'G1', 'dose': 383.4343150030174, 'twa': 90.9, 'status': 'over'}
expected = {'group': 'G1', 'dose': 383.434315003, 'twa': 90.8, 'status': 'over'}
keys = {'dose', 'group', 'status', 'twa'}
where = 'groups HC4-0026 groups[0] (G1)'

    def _row(actual, expected, keys, where):
        """Every key the README lists, compared; any further key is not part of the contract and is ignored."""
        assert isinstance(actual, dict) and set(actual) >= keys, f"{where}: keys {actual!r}"
        for key in sorted(keys):
            a, e = actual[key], expected[key]
            if key == "dose":
                _number(a, e, f"{where} dose")
            elif key == "twa" and e is not None:
>               assert isinstance(a, (int, float)) and not isinstance(a, bool) and abs(a - e) < 1e-6, f"{where} twa: {a!r}, expected {e!r}"
E               AssertionError: groups HC4-0026 groups[0] (G1) twa: 90.9, expected 90.8
E               assert (True and not False and 0.10000000000000853 < 1e-06)
E                +  where True = isinstance(90.9, (<class 'int'>, <class 'float'>))
E                +  and   False = isinstance(90.9, bool)
E                +  and   0.10000000000000853 = abs((90.9 - 90.8))

/tests/test_outputs.py:192: AssertionError
_______________ test_rule_6_1_quiet_member_counts_in_group_mean ________________

    def test_rule_6_1_quiet_member_counts_in_group_mean():
        """A quiet member's shift dose of nought counts in the group mean."""
>       check_family("quiet_members")

/tests/test_outputs.py:310: 
_ _ _ _ _ _ _ _ _ _ _ _ _ _ _ _ _ _ _ _ _ _ _ _ _ _ _ _ _ _ _ _ _ _ _ _ _ _ _ _ 
/tests/test_outputs.py:209: in check_family
    compare(reduce(row["survey"]), row["report"], f"{name} {row['survey']['survey']}")
/tests/test_outputs.py:204: in compare
    _row(row, ref, keys, f"{label} {section}[{index}] ({ref.get('id', ref['group'])})")
_ _ _ _ _ _ _ _ _ _ _ _ _ _ _ _ _ _ _ _ _ _ _ _ _ _ _ _ _ _ _ _ _ _ _ _ _ _ _ _ 

actual = {'group': 'G1', 'dose': 66.66666666666667, 'twa': 83.3, 'status': 'action'}
expected = {'group': 'G1', 'dose': 66.6666666667, 'twa': 83.2, 'status': 'action'}
keys = {'dose', 'group', 'status', 'twa'}
where = 'quiet_members HC4-0028 groups[0] (G1)'

    def _row(actual, expected, keys, where):
        """Every key the README lists, compared; any further key is not part of the contract and is ignored."""
        assert isinstance(actual, dict) and set(actual) >= keys, f"{where}: keys {actual!r}"
        for key in sorted(keys):
            a, e = actual[key], expected[key]
            if key == "dose":
                _number(a, e, f"{where} dose")
            elif key == "twa" and e is not None:
>               assert isinstance(a, (int, float)) and not isinstance(a, bool) and abs(a - e) < 1e-6, f"{where} twa: {a!r}, expected {e!r}"
E               AssertionError: quiet_members HC4-0028 groups[0] (G1) twa: 83.3, expected 83.2
E               assert (True and not False and 0.09999999999999432 < 1e-06)
E                +  where True = isinstance(83.3, (<class 'int'>, <class 'float'>))
E                +  and   False = isinstance(83.3, bool)
E                +  and   0.09999999999999432 = abs((83.3 - 83.2))

/tests/test_outputs.py:192: AssertionError
_______________________ test_section_one_limits_reached ________________________

    def test_section_one_limits_reached():
        """300 workers under 40 codes, a 1,500-run log, a 2,880-minute log, 500 peaks and the range ends."""
        rows = load("limits_workers") + load("limits_logs")
        workers = rows[0]["survey"]["workers"]
        assert len(workers) == 300 and len({w["group"] for w in workers}) == 40
        logs = rows[1]["survey"]["workers"]
        assert len(logs[0]["log"]) == 1500 and sum(m for m, _ in logs[1]["log"]) == 2880 and len(logs[2]["peaks"]) == 500
>       check_family("limits_workers")

/tests/test_outputs.py:325: 
_ _ _ _ _ _ _ _ _ _ _ _ _ _ _ _ _ _ _ _ _ _ _ _ _ _ _ _ _ _ _ _ _ _ _ _ _ _ _ _ 
/tests/test_outputs.py:209: in check_family
    compare(reduce(row["survey"]), row["report"], f"{name} {row['survey']['survey']}")
/tests/test_outputs.py:204: in compare
    _row(row, ref, keys, f"{label} {section}[{index}] ({ref.get('id', ref['group'])})")
_ _ _ _ _ _ _ _ _ _ _ _ _ _ _ _ _ _ _ _ _ _ _ _ _ _ _ _ _ _ _ _ _ _ _ _ _ _ _ _ 

actual = {'group': 'A', 'dose': 843.480833872228, 'twa': 94.3, 'status': 'over'}
expected = {'group': 'A', 'dose': 843.480833872, 'twa': 94.2, 'status': 'over'}
keys = {'dose', 'group', 'status', 'twa'}
where = 'limits_workers HC4-0030 groups[0] (A)'

    def _row(actual, expected, keys, where):
        """Every key the README lists, compared; any further key is not part of the contract and is ignored."""
        assert isinstance(actual, dict) and set(actual) >= keys, f"{where}: keys {actual!r}"
        for key in sorted(keys):
            a, e = actual[key], expected[key]
            if key == "dose":
                _number(a, e, f"{where} dose")
            elif key == "twa" and e is not None:
>               assert isinstance(a, (int, float)) and not isinstance(a, bool) and abs(a - e) < 1e-6, f"{where} twa: {a!r}, expected {e!r}"
E               AssertionError: limits_workers HC4-0030 groups[0] (A) twa: 94.3, expected 94.2
E               assert (True and not False and 0.09999999999999432 < 1e-06)
E                +  where True = isinstance(94.3, (<class 'int'>, <class 'float'>))
E                +  and   False = isinstance(94.3, bool)
E                +  and   0.09999999999999432 = abs((94.3 - 94.2))

/tests/test_outputs.py:192: AssertionError
____________________________ test_generated_surveys ____________________________

    def test_generated_surveys():
        """Seeded surveys over the rest of the section 1 domain."""
>       check_family("generated")

/tests/test_outputs.py:331: 
_ _ _ _ _ _ _ _ _ _ _ _ _ _ _ _ _ _ _ _ _ _ _ _ _ _ _ _ _ _ _ _ _ _ _ _ _ _ _ _ 
/tests/test_outputs.py:209: in check_family
    compare(reduce(row["survey"]), row["report"], f"{name} {row['survey']['survey']}")
/tests/test_outputs.py:204: in compare
    _row(row, ref, keys, f"{label} {section}[{index}] ({ref.get('id', ref['group'])})")
_ _ _ _ _ _ _ _ _ _ _ _ _ _ _ _ _ _ _ _ _ _ _ _ _ _ _ _ _ _ _ _ _ _ _ _ _ _ _ _ 

actual = {'id': 'ONBHDRZ', 'group': '5AKGKFHZ', 'dose': 1.213856444516285, 'twa': 66.0, ...}
expected = {'id': 'ONBHDRZ', 'group': '5AKGKFHZ', 'dose': 1.21385644452, 'twa': 65.9, ...}
keys = {'ceiling', 'dose', 'group', 'id', 'impulse', 'status', ...}
where = 'generated HC4-0032 workers[0] (ONBHDRZ)'

    def _row(actual, expected, keys, where):
        """Every key the README lists, compared; any further key is not part of the contract and is ignored."""
        assert isinstance(actual, dict) and set(actual) >= keys, f"{where}: keys {actual!r}"
        for key in sorted(keys):
            a, e = actual[key], expected[key]
            if key == "dose":
                _number(a, e, f"{where} dose")
            elif key == "twa" and e is not None:
>               assert isinstance(a, (int, float)) and not isinstance(a, bool) and abs(a - e) < 1e-6, f"{where} twa: {a!r}, expected {e!r}"
E               AssertionError: generated HC4-0032 workers[0] (ONBHDRZ) twa: 66.0, expected 65.9
E               assert (True and not False and 0.09999999999999432 < 1e-06)
E                +  where True = isinstance(66.0, (<class 'int'>, <class 'float'>))
E                +  and   False = isinstance(66.0, bool)
E                +  and   0.09999999999999432 = abs((66.0 - 65.9))

/tests/test_outputs.py:192: AssertionError
==================================== PASSES ====================================
=========================== short test summary info ============================
PASSED ../../tests/test_outputs.py::test_survey_that_measured_nothing_keeps_todays_dose
PASSED ../../tests/test_outputs.py::test_reading_above_ceiling_keeps_todays_counted_level
PASSED ../../tests/test_outputs.py::test_rule_5_1_reading_at_the_ceiling_level_is_not_flagged
PASSED ../../tests/test_outputs.py::test_rule_5_2_impulse_at_140_dbc
PASSED ../../tests/test_outputs.py::test_rule_4_1_twa_formula
PASSED ../../tests/test_outputs.py::test_report_order_and_group_codes
PASSED ../../tests/test_outputs.py::test_candidate_cannot_read_verifier_state
PASSED ../../tests/test_outputs.py::test_submitted_driver_unchanged
FAILED ../../tests/test_outputs.py::test_rule_3_1_reference_duration_uses_85_dba_and_3_db
FAILED ../../tests/test_outputs.py::test_rule_2_3_reading_at_the_threshold_counts
FAILED ../../tests/test_outputs.py::test_rule_2_4_sampled_time_includes_readings_below_threshold
FAILED ../../tests/test_outputs.py::test_rule_2_2_run_logged_at_nought_is_not_a_reading
FAILED ../../tests/test_outputs.py::test_rule_3_3_partial_survey_projected_to_own_shift
FAILED ../../tests/test_outputs.py::test_rule_3_3_survey_as_long_as_shift_keeps_measured_dose
FAILED ../../tests/test_outputs.py::test_rule_2_5_partial_survey_at_exactly_three_quarters
FAILED ../../tests/test_outputs.py::test_survey_below_three_quarters_keeps_todays_projection
FAILED ../../tests/test_outputs.py::test_rule_1_2_twa_rounded_to_nearest_tenth
FAILED ../../tests/test_outputs.py::test_rule_5_3_status_bands_at_82_and_85
FAILED ../../tests/test_outputs.py::test_rule_6_1_group_dose_is_mean_of_shift_doses
FAILED ../../tests/test_outputs.py::test_rule_6_1_quiet_member_counts_in_group_mean
FAILED ../../tests/test_outputs.py::test_section_one_limits_reached - Asserti...
FAILED ../../tests/test_outputs.py::test_generated_surveys - AssertionError: ...
========================= 14 failed, 8 passed in 1.96s =========================
