============================= test session starts ==============================
platform linux -- Python 3.13.12, pytest-9.1.1, pluggy-1.6.0
rootdir: /tests
plugins: json-ctrf-0.5.2
collected 15 items

../../tests/test_outputs.py FF.........F...                              [100%]

=================================== FAILURES ===================================
_________________ test_rule_2_3_whole_days_and_59_minutes_free _________________

    def test_rule_2_3_whole_days_and_59_minutes_free():
        """A day rental is charged its whole days, and one more only past 59 minutes over."""
>       check_family("grace")

/tests/test_outputs.py:220: 
_ _ _ _ _ _ _ _ _ _ _ _ _ _ _ _ _ _ _ _ _ _ _ _ _ _ _ _ _ _ _ _ _ _ _ _ _ _ _ _ 
/tests/test_outputs.py:215: in check_family
    compare(bill_run(row["agreements"]), row["bills"], f"{name} {row['agreements']['branch']}")
/tests/test_outputs.py:204: in compare
    _same(actual[key], expected[key], f"{label} {key}")
_ _ _ _ _ _ _ _ _ _ _ _ _ _ _ _ _ _ _ _ _ _ _ _ _ _ _ _ _ _ _ _ _ _ _ _ _ _ _ _ 

actual = 108252, expected = 113664, where = 'grace RC3-0001 revenue'

    def _same(actual, expected, where):
>       assert type(actual) is type(expected) and actual == expected, f"{where}: {actual!r}, expected {expected!r}"
E       AssertionError: grace RC3-0001 revenue: 108252, expected 113664
E       assert (<class 'int'> is <class 'int'> and 108252 == 113664)
E        +  where <class 'int'> = type(108252)
E        +  and   <class 'int'> = type(113664)

/tests/test_outputs.py:197: AssertionError
___________________ test_rule_3_2_allowance_150_miles_a_day ____________________

    def test_rule_3_2_allowance_150_miles_a_day():
        """150 free miles for each day charged; the mile rate beyond, at rates of nought to 500."""
>       check_family("allowance")

/tests/test_outputs.py:225: 
_ _ _ _ _ _ _ _ _ _ _ _ _ _ _ _ _ _ _ _ _ _ _ _ _ _ _ _ _ _ _ _ _ _ _ _ _ _ _ _ 
/tests/test_outputs.py:215: in check_family
    compare(bill_run(row["agreements"]), row["bills"], f"{name} {row['agreements']['branch']}")
/tests/test_outputs.py:204: in compare
    _same(actual[key], expected[key], f"{label} {key}")
_ _ _ _ _ _ _ _ _ _ _ _ _ _ _ _ _ _ _ _ _ _ _ _ _ _ _ _ _ _ _ _ _ _ _ _ _ _ _ _ 

actual = 108987, expected = 114237, where = 'allowance RC3-0003 revenue'

    def _same(actual, expected, where):
>       assert type(actual) is type(expected) and actual == expected, f"{where}: {actual!r}, expected {expected!r}"
E       AssertionError: allowance RC3-0003 revenue: 108987, expected 114237
E       assert (<class 'int'> is <class 'int'> and 108987 == 114237)
E        +  where <class 'int'> = type(108987)
E        +  and   <class 'int'> = type(114237)

/tests/test_outputs.py:197: AssertionError
_________________________ test_rule_1_3_limits_reached _________________________

    def test_rule_1_3_limits_reached():
        """200 agreements; 60-day and one-day rentals; the years 2000 and 2099; every rate and reading at its ends."""
        rows = load("limits")
        assert len(rows[0]["agreements"]["agreements"]) == 200
>       check_family("limits")

/tests/test_outputs.py:277: 
_ _ _ _ _ _ _ _ _ _ _ _ _ _ _ _ _ _ _ _ _ _ _ _ _ _ _ _ _ _ _ _ _ _ _ _ _ _ _ _ 
/tests/test_outputs.py:215: in check_family
    compare(bill_run(row["agreements"]), row["bills"], f"{name} {row['agreements']['branch']}")
/tests/test_outputs.py:204: in compare
    _same(actual[key], expected[key], f"{label} {key}")
_ _ _ _ _ _ _ _ _ _ _ _ _ _ _ _ _ _ _ _ _ _ _ _ _ _ _ _ _ _ _ _ _ _ _ _ _ _ _ _ 

actual = 119292465, expected = 120074712, where = 'limits RC3-0018 revenue'

    def _same(actual, expected, where):
>       assert type(actual) is type(expected) and actual == expected, f"{where}: {actual!r}, expected {expected!r}"
E       AssertionError: limits RC3-0018 revenue: 119292465, expected 120074712
E       assert (<class 'int'> is <class 'int'> and 119292465 == 120074712)
E        +  where <class 'int'> = type(119292465)
E        +  and   <class 'int'> = type(120074712)

/tests/test_outputs.py:197: AssertionError
==================================== PASSES ====================================
=========================== short test summary info ============================
PASSED ../../tests/test_outputs.py::test_rule_2_4_odometer_turns_over
PASSED ../../tests/test_outputs.py::test_rule_3_3_refuelling_fee
PASSED ../../tests/test_outputs.py::test_rule_4_1_fuel_is_not_taxed
PASSED ../../tests/test_outputs.py::test_rule_1_2_tax_half_cent_goes_up
PASSED ../../tests/test_outputs.py::test_bill_order_and_file_totals
PASSED ../../tests/test_outputs.py::test_rental_under_a_day_keeps_todays_days
PASSED ../../tests/test_outputs.py::test_rule_3_2_allowance_on_a_rental_under_a_day
PASSED ../../tests/test_outputs.py::test_car_back_as_full_or_fuller_keeps_todays_fuel_charge
PASSED ../../tests/test_outputs.py::test_figures_left_to_todays_code_together
PASSED ../../tests/test_outputs.py::test_generated_agreement_files
PASSED ../../tests/test_outputs.py::test_candidate_cannot_read_verifier_state
PASSED ../../tests/test_outputs.py::test_submitted_driver_unchanged
FAILED ../../tests/test_outputs.py::test_rule_2_3_whole_days_and_59_minutes_free
FAILED ../../tests/test_outputs.py::test_rule_3_2_allowance_150_miles_a_day
FAILED ../../tests/test_outputs.py::test_rule_1_3_limits_reached - AssertionE...
========================= 3 failed, 12 passed in 0.98s =========================
