============================= test session starts ==============================
platform linux -- Python 3.13.12, pytest-9.1.1, pluggy-1.6.0
rootdir: /tests
plugins: json-ctrf-0.5.2
collected 15 items

../../tests/test_outputs.py ..F........F...                              [100%]

=================================== FAILURES ===================================
______________________ test_rule_2_4_odometer_turns_over _______________________

    def test_rule_2_4_odometer_turns_over():
        """A reading coming back smaller than the one going out has turned over at 1,000,000."""
>       check_family("turnover")

/tests/test_outputs.py:230: 
_ _ _ _ _ _ _ _ _ _ _ _ _ _ _ _ _ _ _ _ _ _ _ _ _ _ _ _ _ _ _ _ _ _ _ _ _ _ _ _ 
/tests/test_outputs.py:215: in check_family
    compare(bill_run(row["agreements"]), row["bills"], f"{name} {row['agreements']['branch']}")
/tests/test_outputs.py:204: in compare
    _same(actual[key], expected[key], f"{label} {key}")
_ _ _ _ _ _ _ _ _ _ _ _ _ _ _ _ _ _ _ _ _ _ _ _ _ _ _ _ _ _ _ _ _ _ _ _ _ _ _ _ 

actual = 717157, expected = 1345548, where = 'turnover RC3-0005 revenue'

    def _same(actual, expected, where):
>       assert type(actual) is type(expected) and actual == expected, f"{where}: {actual!r}, expected {expected!r}"
E       AssertionError: turnover RC3-0005 revenue: 717157, expected 1345548
E       assert (<class 'int'> is <class 'int'> and 717157 == 1345548)
E        +  where <class 'int'> = type(717157)
E        +  and   <class 'int'> = type(1345548)

/tests/test_outputs.py:197: AssertionError
_________________________ test_rule_1_3_limits_reached _________________________

    def test_rule_1_3_limits_reached():
        """200 agreements; 60-day and one-day rentals; the years 2000 and 2099; every rate and reading at its ends."""
        rows = load("limits")
        assert len(rows[0]["agreements"]["agreements"]) == 200
>       check_family("limits")

/tests/test_outputs.py:277: 
_ _ _ _ _ _ _ _ _ _ _ _ _ _ _ _ _ _ _ _ _ _ _ _ _ _ _ _ _ _ _ _ _ _ _ _ _ _ _ _ 
/tests/test_outputs.py:215: in check_family
    compare(bill_run(row["agreements"]), row["bills"], f"{name} {row['agreements']['branch']}")
/tests/test_outputs.py:210: in compare
    _same(row[key], ref[key], f"{label} bills[{index}] ({ref['id']}) {key}")
_ _ _ _ _ _ _ _ _ _ _ _ _ _ _ _ _ _ _ _ _ _ _ _ _ _ _ _ _ _ _ _ _ _ _ _ _ _ _ _ 

actual = -997036, expected = 2964
where = 'limits RC3-0018 bills[123] (L123) miles'

    def _same(actual, expected, where):
>       assert type(actual) is type(expected) and actual == expected, f"{where}: {actual!r}, expected {expected!r}"
E       AssertionError: limits RC3-0018 bills[123] (L123) miles: -997036, expected 2964
E       assert (<class 'int'> is <class 'int'> and -997036 == 2964)
E        +  where <class 'int'> = type(-997036)
E        +  and   <class 'int'> = type(2964)

/tests/test_outputs.py:197: AssertionError
==================================== PASSES ====================================
=========================== short test summary info ============================
PASSED ../../tests/test_outputs.py::test_rule_2_3_whole_days_and_59_minutes_free
PASSED ../../tests/test_outputs.py::test_rule_3_2_allowance_150_miles_a_day
PASSED ../../tests/test_outputs.py::test_rule_3_3_refuelling_fee
PASSED ../../tests/test_outputs.py::test_rule_4_1_fuel_is_not_taxed
PASSED ../../tests/test_outputs.py::test_rule_1_2_tax_half_cent_goes_up
PASSED ../../tests/test_outputs.py::test_bill_order_and_file_totals
PASSED ../../tests/test_outputs.py::test_rental_under_a_day_keeps_todays_days
PASSED ../../tests/test_outputs.py::test_rule_3_2_allowance_on_a_rental_under_a_day
PASSED ../../tests/test_outputs.py::test_car_back_as_full_or_fuller_keeps_todays_fuel_charge
PASSED ../../tests/test_outputs.py::test_figures_left_to_todays_code_together
PASSED ../../tests/test_outputs.py::test_generated_agreement_files
PASSED ../../tests/test_outputs.py::test_candidate_cannot_read_verifier_state
PASSED ../../tests/test_outputs.py::test_submitted_driver_unchanged
FAILED ../../tests/test_outputs.py::test_rule_2_4_odometer_turns_over - Asser...
FAILED ../../tests/test_outputs.py::test_rule_1_3_limits_reached - AssertionE...
========================= 2 failed, 13 passed in 1.02s =========================
