============================= test session starts ==============================
platform linux -- Python 3.13.12, pytest-9.1.1, pluggy-1.6.0
rootdir: /tests
plugins: json-ctrf-0.5.2
collected 26 items

../../tests/test_outputs.py ..........F...............                   [100%]

=================================== FAILURES ===================================
________________________________ test_long_run _________________________________

    def test_long_run():
>       check("long_run")

/tests/test_outputs.py:147: 
_ _ _ _ _ _ _ _ _ _ _ _ _ _ _ _ _ _ _ _ _ _ _ _ _ _ _ _ _ _ _ _ _ _ _ _ _ _ _ _ 
/tests/test_outputs.py:98: in check
    compare(_run_port(name), _expected(name))
            ^^^^^^^^^^^^^^^
/tests/test_outputs.py:81: in _run_port
    return _run_port_paths(
_ _ _ _ _ _ _ _ _ _ _ _ _ _ _ _ _ _ _ _ _ _ _ _ _ _ _ _ _ _ _ _ _ _ _ _ _ _ _ _ 

readings_source = '/tests/cases/long_run.dat'
payments_source = '/tests/cases/long_run.pay'

    def _run_port_paths(readings_source, payments_source):
        """Run the port on one extract pair as an unprivileged user; return its output bytes."""
        port_stat = os.lstat(PORT)
        assert stat.S_ISREG(port_stat.st_mode), "the submitted port must be one regular Python file"
        scratch = tempfile.mkdtemp(prefix="wbill-")
        os.chmod(scratch, 0o777)
        readings = os.path.join(scratch, "custin.dat")
        payments = os.path.join(scratch, "payin.dat")
        output = os.path.join(scratch, "stmtout.txt")
        shutil.copyfile(readings_source, readings)
        shutil.copyfile(payments_source, payments)
        for path in (readings, payments):
            os.chmod(path, 0o444)
        env = {"PATH": "/usr/local/bin:/usr/bin:/bin", "HOME": scratch, "LANG": "C.UTF-8"}
        command = [PYTHON, "-I", "-S", RUNNER, PORT, readings, payments, output]
        demote = os.geteuid() == 0
        proc = subprocess.Popen(
            ["setpriv", "--reuid=65534", "--regid=65534", "--clear-groups", "--no-new-privs"] + command
            if demote else command,
            cwd=scratch, env=env, stdout=subprocess.PIPE, stderr=subprocess.PIPE, start_new_session=True)
        try:
            _, err = proc.communicate(timeout=120)
        except subprocess.TimeoutExpired:
            err = b"timed out after 120 s"
        finally:
            try:
                os.killpg(proc.pid, signal.SIGKILL)
            except ProcessLookupError:
                pass
            proc.wait()
        try:
>           assert proc.returncode == 0, "the port failed:\n" + err.decode("utf-8", "replace")[-2000:]
E           AssertionError: the port failed:
E             timed out after 120 s
E           assert -9 == 0
E            +  where -9 = <Popen: returncode: -9 args: ['setpriv', '--reuid=65534', '--regid=65534', '...>.returncode

/tests/test_outputs.py:65: AssertionError
==================================== PASSES ====================================
=========================== short test summary info ============================
PASSED ../../tests/test_outputs.py::test_every_case_has_an_expected_statement
PASSED ../../tests/test_outputs.py::test_band_boundaries
PASSED ../../tests/test_outputs.py::test_credit_balances
PASSED ../../tests/test_outputs.py::test_date_and_region
PASSED ../../tests/test_outputs.py::test_district_run
PASSED ../../tests/test_outputs.py::test_empty_file
PASSED ../../tests/test_outputs.py::test_header_missing
PASSED ../../tests/test_outputs.py::test_header_only
PASSED ../../tests/test_outputs.py::test_header_out_of_place
PASSED ../../tests/test_outputs.py::test_large_commercial_accounts
PASSED ../../tests/test_outputs.py::test_meter_rollover
PASSED ../../tests/test_outputs.py::test_names_of_every_shape
PASSED ../../tests/test_outputs.py::test_postings_amount_forms
PASSED ../../tests/test_outputs.py::test_postings_empty
PASSED ../../tests/test_outputs.py::test_postings_kinds_and_accounts
PASSED ../../tests/test_outputs.py::test_postings_memos
PASSED ../../tests/test_outputs.py::test_postings_ordinary
PASSED ../../tests/test_outputs.py::test_postings_rounding_modes
PASSED ../../tests/test_outputs.py::test_postings_with_fewer_fields
PASSED ../../tests/test_outputs.py::test_rejected_records
PASSED ../../tests/test_outputs.py::test_rounding_boundaries
PASSED ../../tests/test_outputs.py::test_short_lines
PASSED ../../tests/test_outputs.py::test_two_headers
PASSED ../../tests/test_outputs.py::test_zero_amounts
PASSED ../../tests/test_outputs.py::test_supplied_production_sample
FAILED ../../tests/test_outputs.py::test_long_run - AssertionError: the port ...
=================== 1 failed, 25 passed in 120.78s (0:02:00) ===================
