============================= test session starts ==============================
platform linux -- Python 3.13.12, pytest-9.1.1, pluggy-1.6.0
rootdir: /tests
plugins: json-ctrf-0.5.2
collected 11 items

../../tests/test_outputs.py FFFFFFFFF..                                  [100%]

=================================== FAILURES ===================================
_____________________ test_rule_2_1_dwell_counts_both_ends _____________________

    def test_rule_2_1_dwell_counts_both_ends():
        """The discharge day, the pickup day and every day between."""
>       check_family("dwell")

/tests/test_outputs.py:213: 
_ _ _ _ _ _ _ _ _ _ _ _ _ _ _ _ _ _ _ _ _ _ _ _ _ _ _ _ _ _ _ _ _ _ _ _ _ _ _ _ 
/tests/test_outputs.py:208: in check_family
    compare(run(row["release"]), row["statement"], f"{name} {row['release']['terminal']}")
/tests/test_outputs.py:197: in compare
    _same(actual["total"], expected["total"], f"{label} total")
_ _ _ _ _ _ _ _ _ _ _ _ _ _ _ _ _ _ _ _ _ _ _ _ _ _ _ _ _ _ _ _ _ _ _ _ _ _ _ _ 

actual = 45365, expected = 75828, where = 'dwell DM3-0001 total'

    def _same(actual, expected, where):
>       assert type(actual) is type(expected) and actual == expected, f"{where}: {actual!r}, expected {expected!r}"
E       AssertionError: dwell DM3-0001 total: 45365, expected 75828
E       assert (<class 'int'> is <class 'int'> and 45365 == 75828)
E        +  where <class 'int'> = type(45365)
E        +  and   <class 'int'> = type(75828)

/tests/test_outputs.py:190: AssertionError
________________________ test_rule_2_2_reefer_free_days ________________________

    def test_rule_2_2_reefer_free_days():
        """A reefer has 3 free days and a dry box 5; on the edge and one past."""
>       check_family("reefer")

/tests/test_outputs.py:218: 
_ _ _ _ _ _ _ _ _ _ _ _ _ _ _ _ _ _ _ _ _ _ _ _ _ _ _ _ _ _ _ _ _ _ _ _ _ _ _ _ 
/tests/test_outputs.py:208: in check_family
    compare(run(row["release"]), row["statement"], f"{name} {row['release']['terminal']}")
/tests/test_outputs.py:197: in compare
    _same(actual["total"], expected["total"], f"{label} total")
_ _ _ _ _ _ _ _ _ _ _ _ _ _ _ _ _ _ _ _ _ _ _ _ _ _ _ _ _ _ _ _ _ _ _ _ _ _ _ _ 

actual = 22964000, expected = 46048000, where = 'reefer DM3-0002 total'

    def _same(actual, expected, where):
>       assert type(actual) is type(expected) and actual == expected, f"{where}: {actual!r}, expected {expected!r}"
E       AssertionError: reefer DM3-0002 total: 22964000, expected 46048000
E       assert (<class 'int'> is <class 'int'> and 22964000 == 46048000)
E        +  where <class 'int'> = type(22964000)
E        +  and   <class 'int'> = type(46048000)

/tests/test_outputs.py:190: AssertionError
______________ test_rule_3_1_twice_the_rate_after_the_fourth_day _______________

    def test_rule_3_1_twice_the_rate_after_the_fourth_day():
        """The rate for each of the first 4 demurrage days, twice the rate for each day after."""
>       check_family("higher_rate")

/tests/test_outputs.py:223: 
_ _ _ _ _ _ _ _ _ _ _ _ _ _ _ _ _ _ _ _ _ _ _ _ _ _ _ _ _ _ _ _ _ _ _ _ _ _ _ _ 
/tests/test_outputs.py:208: in check_family
    compare(run(row["release"]), row["statement"], f"{name} {row['release']['terminal']}")
/tests/test_outputs.py:197: in compare
    _same(actual["total"], expected["total"], f"{label} total")
_ _ _ _ _ _ _ _ _ _ _ _ _ _ _ _ _ _ _ _ _ _ _ _ _ _ _ _ _ _ _ _ _ _ _ _ _ _ _ _ 

actual = 1309984, expected = 2554298, where = 'higher_rate DM3-0003 total'

    def _same(actual, expected, where):
>       assert type(actual) is type(expected) and actual == expected, f"{where}: {actual!r}, expected {expected!r}"
E       AssertionError: higher_rate DM3-0003 total: 1309984, expected 2554298
E       assert (<class 'int'> is <class 'int'> and 1309984 == 2554298)
E        +  where <class 'int'> = type(1309984)
E        +  and   <class 'int'> = type(2554298)

/tests/test_outputs.py:190: AssertionError
___________________ test_rule_3_2_total_and_container_order ____________________

    def test_rule_3_2_total_and_container_order():
        """Every charge and the total, containers in file order, ids of one to eleven characters."""
>       check_family("order_and_total")

/tests/test_outputs.py:228: 
_ _ _ _ _ _ _ _ _ _ _ _ _ _ _ _ _ _ _ _ _ _ _ _ _ _ _ _ _ _ _ _ _ _ _ _ _ _ _ _ 
/tests/test_outputs.py:208: in check_family
    compare(run(row["release"]), row["statement"], f"{name} {row['release']['terminal']}")
/tests/test_outputs.py:197: in compare
    _same(actual["total"], expected["total"], f"{label} total")
_ _ _ _ _ _ _ _ _ _ _ _ _ _ _ _ _ _ _ _ _ _ _ _ _ _ _ _ _ _ _ _ _ _ _ _ _ _ _ _ 

actual = 56024, expected = 204050, where = 'order_and_total DM3-0004 total'

    def _same(actual, expected, where):
>       assert type(actual) is type(expected) and actual == expected, f"{where}: {actual!r}, expected {expected!r}"
E       AssertionError: order_and_total DM3-0004 total: 56024, expected 204050
E       assert (<class 'int'> is <class 'int'> and 56024 == 204050)
E        +  where <class 'int'> = type(56024)
E        +  and   <class 'int'> = type(204050)

/tests/test_outputs.py:190: AssertionError
__________________ test_tank_container_keeps_todays_free_days __________________

    def test_tank_container_keeps_todays_free_days():
        """The tariff gives no free days for a tank container: today's step stands."""
>       check_family("tank")

/tests/test_outputs.py:233: 
_ _ _ _ _ _ _ _ _ _ _ _ _ _ _ _ _ _ _ _ _ _ _ _ _ _ _ _ _ _ _ _ _ _ _ _ _ _ _ _ 
/tests/test_outputs.py:208: in check_family
    compare(run(row["release"]), row["statement"], f"{name} {row['release']['terminal']}")
/tests/test_outputs.py:197: in compare
    _same(actual["total"], expected["total"], f"{label} total")
_ _ _ _ _ _ _ _ _ _ _ _ _ _ _ _ _ _ _ _ _ _ _ _ _ _ _ _ _ _ _ _ _ _ _ _ _ _ _ _ 

actual = 11515308, expected = 22829462, where = 'tank DM3-0006 total'

    def _same(actual, expected, where):
>       assert type(actual) is type(expected) and actual == expected, f"{where}: {actual!r}, expected {expected!r}"
E       AssertionError: tank DM3-0006 total: 11515308, expected 22829462
E       assert (<class 'int'> is <class 'int'> and 11515308 == 22829462)
E        +  where <class 'int'> = type(11515308)
E        +  and   <class 'int'> = type(22829462)

/tests/test_outputs.py:190: AssertionError
_________ test_container_not_on_demurrage_keeps_todays_days_and_charge _________

    def test_container_not_on_demurrage_keeps_todays_days_and_charge():
        """The tariff gives no demurrage days or charge for a container inside its free time: today's step stands."""
>       check_family("not_on_demurrage")

/tests/test_outputs.py:238: 
_ _ _ _ _ _ _ _ _ _ _ _ _ _ _ _ _ _ _ _ _ _ _ _ _ _ _ _ _ _ _ _ _ _ _ _ _ _ _ _ 
/tests/test_outputs.py:208: in check_family
    compare(run(row["release"]), row["statement"], f"{name} {row['release']['terminal']}")
/tests/test_outputs.py:197: in compare
    _same(actual["total"], expected["total"], f"{label} total")
_ _ _ _ _ _ _ _ _ _ _ _ _ _ _ _ _ _ _ _ _ _ _ _ _ _ _ _ _ _ _ _ _ _ _ _ _ _ _ _ 

actual = -180005, expected = -34401, where = 'not_on_demurrage DM3-0007 total'

    def _same(actual, expected, where):
>       assert type(actual) is type(expected) and actual == expected, f"{where}: {actual!r}, expected {expected!r}"
E       AssertionError: not_on_demurrage DM3-0007 total: -180005, expected -34401
E       assert (<class 'int'> is <class 'int'> and -180005 == -34401)
E        +  where <class 'int'> = type(-180005)
E        +  and   <class 'int'> = type(-34401)

/tests/test_outputs.py:190: AssertionError
__________________ test_figures_left_to_todays_code_together ___________________

    def test_figures_left_to_todays_code_together():
        """Tanks inside and past their free time, beside dry and reefer boxes."""
>       check_family("together")

/tests/test_outputs.py:243: 
_ _ _ _ _ _ _ _ _ _ _ _ _ _ _ _ _ _ _ _ _ _ _ _ _ _ _ _ _ _ _ _ _ _ _ _ _ _ _ _ 
/tests/test_outputs.py:208: in check_family
    compare(run(row["release"]), row["statement"], f"{name} {row['release']['terminal']}")
/tests/test_outputs.py:197: in compare
    _same(actual["total"], expected["total"], f"{label} total")
_ _ _ _ _ _ _ _ _ _ _ _ _ _ _ _ _ _ _ _ _ _ _ _ _ _ _ _ _ _ _ _ _ _ _ _ _ _ _ _ 

actual = 6300, expected = 21600, where = 'together DM3-0008 total'

    def _same(actual, expected, where):
>       assert type(actual) is type(expected) and actual == expected, f"{where}: {actual!r}, expected {expected!r}"
E       AssertionError: together DM3-0008 total: 6300, expected 21600
E       assert (<class 'int'> is <class 'int'> and 6300 == 21600)
E        +  where <class 'int'> = type(6300)
E        +  and   <class 'int'> = type(21600)

/tests/test_outputs.py:190: AssertionError
_________________________ test_rule_1_2_limits_reached _________________________

    def test_rule_1_2_limits_reached():
        """200 containers; discharge days 0 and 3,650; stays of 1 and 121 days; rates 1 and 100,000; a file of 200
        containers at the largest charge, whose total passes 2^31 and 2^32."""
        rows = load("limits")
        assert len(rows[0]["release"]["containers"]) == 200
        assert max(row["statement"]["total"] for row in rows) > 2**32
>       check_family("limits")

/tests/test_outputs.py:252: 
_ _ _ _ _ _ _ _ _ _ _ _ _ _ _ _ _ _ _ _ _ _ _ _ _ _ _ _ _ _ _ _ _ _ _ _ _ _ _ _ 
/tests/test_outputs.py:208: in check_family
    compare(run(row["release"]), row["statement"], f"{name} {row['release']['terminal']}")
/tests/test_outputs.py:197: in compare
    _same(actual["total"], expected["total"], f"{label} total")
_ _ _ _ _ _ _ _ _ _ _ _ _ _ _ _ _ _ _ _ _ _ _ _ _ _ _ _ _ _ _ _ _ _ _ _ _ _ _ _ 

actual = 974927313, expected = 1949204504, where = 'limits DM3-0013 total'

    def _same(actual, expected, where):
>       assert type(actual) is type(expected) and actual == expected, f"{where}: {actual!r}, expected {expected!r}"
E       AssertionError: limits DM3-0013 total: 974927313, expected 1949204504
E       assert (<class 'int'> is <class 'int'> and 974927313 == 1949204504)
E        +  where <class 'int'> = type(974927313)
E        +  and   <class 'int'> = type(1949204504)

/tests/test_outputs.py:190: AssertionError
_________________________ test_generated_release_files _________________________

    def test_generated_release_files():
        """Seeded files of dry and reefer containers on demurrage, as sealed and under fresh labels."""
>       check_family("generated")

/tests/test_outputs.py:276: 
_ _ _ _ _ _ _ _ _ _ _ _ _ _ _ _ _ _ _ _ _ _ _ _ _ _ _ _ _ _ _ _ _ _ _ _ _ _ _ _ 
/tests/test_outputs.py:208: in check_family
    compare(run(row["release"]), row["statement"], f"{name} {row['release']['terminal']}")
/tests/test_outputs.py:197: in compare
    _same(actual["total"], expected["total"], f"{label} total")
_ _ _ _ _ _ _ _ _ _ _ _ _ _ _ _ _ _ _ _ _ _ _ _ _ _ _ _ _ _ _ _ _ _ _ _ _ _ _ _ 

actual = 6979249, expected = 13737542, where = 'generated DM3-0009 total'

    def _same(actual, expected, where):
>       assert type(actual) is type(expected) and actual == expected, f"{where}: {actual!r}, expected {expected!r}"
E       AssertionError: generated DM3-0009 total: 6979249, expected 13737542
E       assert (<class 'int'> is <class 'int'> and 6979249 == 13737542)
E        +  where <class 'int'> = type(6979249)
E        +  and   <class 'int'> = type(13737542)

/tests/test_outputs.py:190: AssertionError
==================================== PASSES ====================================
=========================== short test summary info ============================
PASSED ../../tests/test_outputs.py::test_candidate_cannot_read_verifier_state
PASSED ../../tests/test_outputs.py::test_submitted_driver_unchanged
FAILED ../../tests/test_outputs.py::test_rule_2_1_dwell_counts_both_ends - As...
FAILED ../../tests/test_outputs.py::test_rule_2_2_reefer_free_days - Assertio...
FAILED ../../tests/test_outputs.py::test_rule_3_1_twice_the_rate_after_the_fourth_day
FAILED ../../tests/test_outputs.py::test_rule_3_2_total_and_container_order
FAILED ../../tests/test_outputs.py::test_tank_container_keeps_todays_free_days
FAILED ../../tests/test_outputs.py::test_container_not_on_demurrage_keeps_todays_days_and_charge
FAILED ../../tests/test_outputs.py::test_figures_left_to_todays_code_together
FAILED ../../tests/test_outputs.py::test_rule_1_2_limits_reached - AssertionE...
FAILED ../../tests/test_outputs.py::test_generated_release_files - AssertionE...
========================= 9 failed, 2 passed in 0.41s ==========================
