============================= test session starts ==============================
platform linux -- Python 3.13.12, pytest-9.1.1, pluggy-1.6.0
rootdir: /tests
plugins: json-ctrf-0.5.2
collected 23 items

../../tests/test_outputs.py ................FF.FF..                      [100%]

=================================== FAILURES ===================================
_______________ test_rule_6_1_quiet_member_counts_in_group_mean ________________

    def test_rule_6_1_quiet_member_counts_in_group_mean():
        """A quiet member's shift dose of nought counts in the group mean."""
>       check_family("quiet_members")

/tests/test_outputs.py:331: 
_ _ _ _ _ _ _ _ _ _ _ _ _ _ _ _ _ _ _ _ _ _ _ _ _ _ _ _ _ _ _ _ _ _ _ _ _ _ _ _ 
/tests/test_outputs.py:230: in check_family
    compare(reduce(row["survey"]), row["report"], f"{name} {row['survey']['survey']}")
/tests/test_outputs.py:225: in compare
    _row(row, ref, keys, f"{label} {section}[{index}] ({ref.get('id', ref['group'])})")
/tests/test_outputs.py:211: in _row
    _number(a, e, f"{where} dose")
_ _ _ _ _ _ _ _ _ _ _ _ _ _ _ _ _ _ _ _ _ _ _ _ _ _ _ _ _ _ _ _ _ _ _ _ _ _ _ _ 

actual = 200.0, expected = 0.0
where = 'quiet_members HC4-0028 workers[0] (Q2) dose'

    def _number(actual, expected, where):
        assert isinstance(actual, (int, float)) and not isinstance(actual, bool), f"{where}: {actual!r} is not a number"
        bound = REL * abs(expected) if abs(expected) >= 1 else ABS
>       assert abs(actual - expected) <= bound, f"{where}: {actual!r}, expected {expected!r}"
E       AssertionError: quiet_members HC4-0028 workers[0] (Q2) dose: 200.0, expected 0.0
E       assert 200.0 <= 5e-11
E        +  where 200.0 = abs((200.0 - 0.0))

/tests/test_outputs.py:199: AssertionError
______________________ test_report_order_and_group_codes _______________________

    def test_report_order_and_group_codes():
        """Workers stay in survey order; groups come in ascending character order of their codes."""
>       check_family("report_order")

/tests/test_outputs.py:336: 
_ _ _ _ _ _ _ _ _ _ _ _ _ _ _ _ _ _ _ _ _ _ _ _ _ _ _ _ _ _ _ _ _ _ _ _ _ _ _ _ 
/tests/test_outputs.py:230: in check_family
    compare(reduce(row["survey"]), row["report"], f"{name} {row['survey']['survey']}")
/tests/test_outputs.py:225: in compare
    _row(row, ref, keys, f"{label} {section}[{index}] ({ref.get('id', ref['group'])})")
/tests/test_outputs.py:211: in _row
    _number(a, e, f"{where} dose")
_ _ _ _ _ _ _ _ _ _ _ _ _ _ _ _ _ _ _ _ _ _ _ _ _ _ _ _ _ _ _ _ _ _ _ _ _ _ _ _ 

actual = 200.0, expected = 125.992104989
where = 'report_order HC4-0029 workers[0] (Z-9) dose'

    def _number(actual, expected, where):
        assert isinstance(actual, (int, float)) and not isinstance(actual, bool), f"{where}: {actual!r} is not a number"
        bound = REL * abs(expected) if abs(expected) >= 1 else ABS
>       assert abs(actual - expected) <= bound, f"{where}: {actual!r}, expected {expected!r}"
E       AssertionError: report_order HC4-0029 workers[0] (Z-9) dose: 200.0, expected 125.992104989
E       assert 74.007895011 <= 6.29960524945e-09
E        +  where 74.007895011 = abs((200.0 - 125.992104989))

/tests/test_outputs.py:199: AssertionError
________________________ test_section_one_largest_doses ________________________

    def test_section_one_largest_doses():
        """Doses above a full shift at the ceiling level, up to the largest section 1 allows (2,880 minutes at
        115.0 dBA): dose is linear in reading minutes, so each is a whole multiple of the sealed ceiling-level
        worker (480 minutes at 115.0 dBA on a 480-minute shift)."""
        sealed = load("ceiling_level")[0]
        base = next(r for r in sealed["report"]["workers"] if r["id"] == "A2")
        assert sealed["survey"]["workers"][1]["log"] == [[480, 115.0]] and base["dose"] == 102400.0
        cases = [  # id, shift, log, multiple, TWA offset in dB when the multiple is a power of two
            ("X4", 480, [[960, 115.0], [960, 115.0]], 4, 6.0),
            ("X3", 1440, [[1080, 115.0]], 3, None),
            ("X6", 60, [[1440, 115.0], [1440, 115.0]], 6, None),
        ]
        survey = {"survey": "HC4-MAX", "workers": [
            {"id": wid, "group": f"M{wid}", "shift_minutes": shift, "log": log, "peaks": []} for wid, shift, log, _k, _o in cases]}
        within_limits(survey)
        report = reduce(survey)
        assert isinstance(report, dict) and len(report["workers"]) == 3 and len(report["groups"]) == 3, f"largest doses: {report!r}"
        groups = sorted(cases, key=lambda case: f"M{case[0]}")  # groups come in ascending code order
        assert [g.get("group") for g in report["groups"]] == [f"M{case[0]}" for case in groups], f"largest doses groups: {report['groups']!r}"
        by_code = {g["group"]: g for g in report["groups"]}
        for (wid, _shift, _log, k, offset), row in zip(cases, report["workers"]):
            group = by_code[f"M{wid}"]
            for where, got, keys in ((f"worker {wid}", row, ROW_KEYS), (f"group M{wid}", group, GROUP_KEYS)):
                assert isinstance(got, dict) and set(got) >= keys, f"largest doses {where}: {got!r}"
>               _number(got["dose"], k * base["dose"], f"largest doses {where} dose")

/tests/test_outputs.py:407: 
_ _ _ _ _ _ _ _ _ _ _ _ _ _ _ _ _ _ _ _ _ _ _ _ _ _ _ _ _ _ _ _ _ _ _ _ _ _ _ _ 

actual = 307200.0, expected = 409600.0, where = 'largest doses worker X4 dose'

    def _number(actual, expected, where):
        assert isinstance(actual, (int, float)) and not isinstance(actual, bool), f"{where}: {actual!r} is not a number"
        bound = REL * abs(expected) if abs(expected) >= 1 else ABS
>       assert abs(actual - expected) <= bound, f"{where}: {actual!r}, expected {expected!r}"
E       AssertionError: largest doses worker X4 dose: 307200.0, expected 409600.0
E       assert 102400.0 <= 2.048e-05
E        +  where 102400.0 = abs((307200.0 - 409600.0))

/tests/test_outputs.py:199: AssertionError
____________________________ test_generated_surveys ____________________________

    def test_generated_surveys():
        """Seeded surveys over the rest of the section 1 domain, as sealed and under fresh labels."""
>       check_family("generated")

/tests/test_outputs.py:418: 
_ _ _ _ _ _ _ _ _ _ _ _ _ _ _ _ _ _ _ _ _ _ _ _ _ _ _ _ _ _ _ _ _ _ _ _ _ _ _ _ 
/tests/test_outputs.py:230: in check_family
    compare(reduce(row["survey"]), row["report"], f"{name} {row['survey']['survey']}")
/tests/test_outputs.py:225: in compare
    _row(row, ref, keys, f"{label} {section}[{index}] ({ref.get('id', ref['group'])})")
/tests/test_outputs.py:211: in _row
    _number(a, e, f"{where} dose")
_ _ _ _ _ _ _ _ _ _ _ _ _ _ _ _ _ _ _ _ _ _ _ _ _ _ _ _ _ _ _ _ _ _ _ _ _ _ _ _ 

actual = 957.1777030990115, expected = 1.21385644452
where = 'generated HC4-0032 workers[0] (ONBHDRZ) dose'

    def _number(actual, expected, where):
        assert isinstance(actual, (int, float)) and not isinstance(actual, bool), f"{where}: {actual!r} is not a number"
        bound = REL * abs(expected) if abs(expected) >= 1 else ABS
>       assert abs(actual - expected) <= bound, f"{where}: {actual!r}, expected {expected!r}"
E       AssertionError: generated HC4-0032 workers[0] (ONBHDRZ) dose: 957.1777030990115, expected 1.21385644452
E       assert 955.9638466544915 <= 6.0692822226e-11
E        +  where 955.9638466544915 = abs((957.1777030990115 - 1.21385644452))

/tests/test_outputs.py:199: AssertionError
==================================== PASSES ====================================
=========================== short test summary info ============================
PASSED ../../tests/test_outputs.py::test_rule_3_1_reference_duration_uses_85_dba_and_3_db
PASSED ../../tests/test_outputs.py::test_rule_2_3_reading_at_the_threshold_counts
PASSED ../../tests/test_outputs.py::test_rule_2_4_sampled_time_includes_readings_below_threshold
PASSED ../../tests/test_outputs.py::test_rule_2_2_run_logged_at_nought_is_not_a_reading
PASSED ../../tests/test_outputs.py::test_rule_3_3_partial_survey_projected_to_own_shift
PASSED ../../tests/test_outputs.py::test_rule_3_3_survey_as_long_as_shift_keeps_measured_dose
PASSED ../../tests/test_outputs.py::test_rule_2_5_partial_survey_at_exactly_three_quarters
PASSED ../../tests/test_outputs.py::test_survey_below_three_quarters_keeps_todays_projection
PASSED ../../tests/test_outputs.py::test_survey_that_measured_nothing_keeps_todays_dose
PASSED ../../tests/test_outputs.py::test_reading_above_ceiling_keeps_todays_counted_level
PASSED ../../tests/test_outputs.py::test_rule_5_1_reading_at_the_ceiling_level_is_not_flagged
PASSED ../../tests/test_outputs.py::test_rule_5_2_impulse_at_140_dbc
PASSED ../../tests/test_outputs.py::test_rule_4_1_twa_formula
PASSED ../../tests/test_outputs.py::test_rule_1_2_twa_rounded_to_nearest_tenth
PASSED ../../tests/test_outputs.py::test_rule_5_3_status_bands_at_82_and_85
PASSED ../../tests/test_outputs.py::test_rule_6_1_group_dose_is_mean_of_shift_doses
PASSED ../../tests/test_outputs.py::test_section_one_limits_reached
PASSED ../../tests/test_outputs.py::test_candidate_cannot_read_verifier_state
PASSED ../../tests/test_outputs.py::test_submitted_driver_unchanged
FAILED ../../tests/test_outputs.py::test_rule_6_1_quiet_member_counts_in_group_mean
FAILED ../../tests/test_outputs.py::test_report_order_and_group_codes - Asser...
FAILED ../../tests/test_outputs.py::test_section_one_largest_doses - Assertio...
FAILED ../../tests/test_outputs.py::test_generated_surveys - AssertionError: ...
========================= 4 failed, 19 passed in 3.28s =========================
