{
  "axis_prechecks": {
    "coherent_contract": "mechanically_ready",
    "correct_reference_solution": "mechanically_ready",
    "deterministic_execution": "mechanically_ready",
    "protected_ground_truth": "mechanically_ready",
    "sound_verifier": "mechanically_ready"
  },
  "blockers": [],
  "deterministic_panel_precheck": "pass",
  "mode": "full",
  "profile": "builder_certified",
  "review_questions": [
    "Does the declared causal graph match the actual domain semantics?",
    "Could another contract-correct reference implementation be rejected?",
    "Are any important semantic branches absent from the authored partition inventory?"
  ],
  "schema_version": 1,
  "semantic_review_required": true,
  "status": "pass",
  "task_slug": "tbrain-local-magnitude-network-reduction",
  "task_snapshot_sha256": "a508257f4c308181a4d2ef4766bc36598c0153657e69c9054d97aae7e71f180f",
  "warnings": [
    {
      "axis": "sound_verifier",
      "code": "panel_packet_budget",
      "message": "the sound_verifier packet (instruction, task.toml, environment/, tests/) holds about 171579 bytes of text; the panel stops near 150000 and reports the coverage of files it never reached (the alphabetically last case files) as missing. Fold or drop broad cases, or confirm the excess is an upstream tree the reviewer does not need to read"
    }
  ]
}
