============================= test session starts ==============================
platform linux -- Python 3.13.12, pytest-9.1.1, pluggy-1.6.0
rootdir: /tests
plugins: json-ctrf-0.5.2
collected 8 items

../../tests/test_outputs.py .....F.F                                     [100%]

=================================== FAILURES ===================================
_________________________ test_fri_layout_meets_target _________________________

    def test_fri_layout_meets_target():
>       check_target("fri")

/tests/test_outputs.py:65: 
_ _ _ _ _ _ _ _ _ _ _ _ _ _ _ _ _ _ _ _ _ _ _ _ _ _ _ _ _ _ _ _ _ _ _ _ _ _ _ _ 

name = 'fri'

    def check_target(name):
        cost = _cost(name)
>       assert cost <= TARGETS[name], f"{name}: layout costs {cost}, target is {TARGETS[name]}"
E       AssertionError: fri: layout costs 7522, target is 7500
E       assert 7522 <= 7500

/tests/test_outputs.py:41: AssertionError
_________________________ test_sat_layout_meets_target _________________________

    def test_sat_layout_meets_target():
>       check_target("sat")

/tests/test_outputs.py:73: 
_ _ _ _ _ _ _ _ _ _ _ _ _ _ _ _ _ _ _ _ _ _ _ _ _ _ _ _ _ _ _ _ _ _ _ _ _ _ _ _ 

name = 'sat'

    def check_target(name):
        cost = _cost(name)
>       assert cost <= TARGETS[name], f"{name}: layout costs {cost}, target is {TARGETS[name]}"
E       AssertionError: sat: layout costs 10607, target is 10601
E       assert 10607 <= 10601

/tests/test_outputs.py:41: AssertionError
==================================== PASSES ====================================
=========================== short test summary info ============================
PASSED ../../tests/test_outputs.py::test_mon_layout_is_valid
PASSED ../../tests/test_outputs.py::test_mon_layout_meets_target
PASSED ../../tests/test_outputs.py::test_wed_layout_is_valid
PASSED ../../tests/test_outputs.py::test_wed_layout_meets_target
PASSED ../../tests/test_outputs.py::test_fri_layout_is_valid
PASSED ../../tests/test_outputs.py::test_sat_layout_is_valid
FAILED ../../tests/test_outputs.py::test_fri_layout_meets_target - AssertionE...
FAILED ../../tests/test_outputs.py::test_sat_layout_meets_target - AssertionE...
========================= 2 failed, 6 passed in 0.04s ==========================
