============================= test session starts ==============================
platform linux -- Python 3.13.12, pytest-9.1.1, pluggy-1.6.0
rootdir: /tests
plugins: json-ctrf-0.5.2
collected 20 items

../../tests/test_outputs.py ...............F....                         [100%]

=================================== FAILURES ===================================
_______________________ test_section_one_limits_reached ________________________

    def test_section_one_limits_reached():
        """Fifty events, two hundred stations, forty recordings, and every amplitude, noise, depth and correction limit."""
        rows = load("limits.jsonl")
        bulletin = rows[0]["bulletin"]
        assert len(bulletin["events"]) == 50 and len(bulletin["stations"]) == 200
        assert max(len(e["recordings"]) for e in bulletin["events"]) == 40
>       check_file("limits.jsonl")

/tests/test_outputs.py:262: 
_ _ _ _ _ _ _ _ _ _ _ _ _ _ _ _ _ _ _ _ _ _ _ _ _ _ _ _ _ _ _ _ _ _ _ _ _ _ _ _ 
/tests/test_outputs.py:178: in check_file
    compare(reduce(row["bulletin"]), row["report"], f"{name} bulletin {number}")
            ^^^^^^^^^^^^^^^^^^^^^^^
_ _ _ _ _ _ _ _ _ _ _ _ _ _ _ _ _ _ _ _ _ _ _ _ _ _ _ _ _ _ _ _ _ _ _ _ _ _ _ _ 

bulletin = {'events': [{'depth_km': 60.0, 'id': 'LLLLLLLLLLLLLLLLLLLL', 'recordings': [{'amplitudes': [{...}], 'code': 'K2', 'epi...}, {'code': 'Z', 'correction': -0.13}, {'code': '3', 'correction': 0.26}, {'code': 'K8UMC', 'correction': -0.77}, ...]}

    def reduce(bulletin):
        """Run the documented command on one bulletin as the unprivileged user; return its parsed stdout."""
        stage, work = tempfile.mkdtemp(), tempfile.mkdtemp()
        os.chmod(stage, 0o755)
        os.chmod(work, 0o777)
        path = os.path.join(stage, "bulletin.json")
        with open(path, "w", encoding="utf-8") as handle:
            json.dump(bulletin, handle)
        os.chmod(path, 0o644)
        remaining = DEADLINE - time.monotonic()
        assert remaining > 0, "verifier time budget exhausted"
        code, out, err = run_unprivileged(["python3", "-I", "-S", str(DELIVERED_DRIVER), path], work, remaining)
>       assert code == 0, f"driver exited {code}: {err[-2000:]}"
E       AssertionError: driver exited 1: Traceback (most recent call last):
E           File "/app/tools/ml_bulletin.py", line 24, in <module>
E             sys.exit(main(sys.argv))
E                      ~~~~^^^^^^^^^^
E           File "/app/tools/ml_bulletin.py", line 18, in main
E             json.dump(reduce_bulletin(bulletin), sys.stdout)
E                       ~~~~~~~~~~~~~~~^^^^^^^^^^
E           File "/app/tools/../mlnet/bulletin.py", line 39, in reduce_bulletin
E             return {"events": [reduce_event(event, corrections) for event in bulletin["events"]]}
E                                ~~~~~~~~~~~~^^^^^^^^^^^^^^^^^^^^
E           File "/app/tools/../mlnet/bulletin.py", line 28, in reduce_event
E             "ml": station_magnitude(items, distance_km, corrections[code]),
E                                                         ~~~~~~~~~~~^^^^^^
E         KeyError: '9QG0'
E         
E       assert 1 == 0

/tests/test_outputs.py:144: AssertionError
==================================== PASSES ====================================
=========================== short test summary info ============================
PASSED ../../tests/test_outputs.py::test_rule_2_2_record_amplitude_uses_magnification_2080
PASSED ../../tests/test_outputs.py::test_rule_2_2_record_amplitude_is_half_peak_to_peak
PASSED ../../tests/test_outputs.py::test_rule_2_3_station_mean_leaves_out_amplitudes_under_three_times_noise
PASSED ../../tests/test_outputs.py::test_rule_3_1_distance_is_hypocentral
PASSED ../../tests/test_outputs.py::test_rule_3_3_correction_linear_between_listed_distances
PASSED ../../tests/test_outputs.py::test_rule_3_3_listed_distances_and_table_ends
PASSED ../../tests/test_outputs.py::test_station_beyond_the_table_keeps_the_shipped_correction
PASSED ../../tests/test_outputs.py::test_rule_4_2_station_correction_is_added
PASSED ../../tests/test_outputs.py::test_rule_4_3_station_magnitude_is_mean_of_channel_magnitudes
PASSED ../../tests/test_outputs.py::test_two_sensors_of_one_site_are_one_station
PASSED ../../tests/test_outputs.py::test_off_table_sub_noise_and_two_sensor_sites_together
PASSED ../../tests/test_outputs.py::test_rule_5_2_network_magnitude_is_median_of_contributors
PASSED ../../tests/test_outputs.py::test_rule_5_2_even_number_takes_mean_of_middle_two
PASSED ../../tests/test_outputs.py::test_rule_5_3_fewer_than_three_contributors_has_no_network_magnitude
PASSED ../../tests/test_outputs.py::test_rule_5_3_three_contributors_give_a_network_magnitude
PASSED ../../tests/test_outputs.py::test_report_keeps_file_and_recording_order
PASSED ../../tests/test_outputs.py::test_generated_bulletins
PASSED ../../tests/test_outputs.py::test_sandbox_cannot_read_ground_truth
PASSED ../../tests/test_outputs.py::test_submitted_driver_matches_ours
FAILED ../../tests/test_outputs.py::test_section_one_limits_reached - Asserti...
========================= 1 failed, 19 passed in 1.10s =========================
