============================= test session starts ==============================
platform linux -- Python 3.13.12, pytest-9.1.1, pluggy-1.6.0
rootdir: /tests
plugins: json-ctrf-0.5.2
collected 20 items

../../tests/test_outputs.py ...............F....                         [100%]

=================================== FAILURES ===================================
_______________________ test_section_one_limits_reached ________________________

    def test_section_one_limits_reached():
        """Fifty events, two hundred stations, forty recordings, and every amplitude, noise, depth and correction limit."""
        rows = load("limits.jsonl")
        bulletin = rows[0]["bulletin"]
        assert len(bulletin["events"]) == 50 and len(bulletin["stations"]) == 200
        assert max(len(e["recordings"]) for e in bulletin["events"]) == 40
>       check_file("limits.jsonl")

/tests/test_outputs.py:262: 
_ _ _ _ _ _ _ _ _ _ _ _ _ _ _ _ _ _ _ _ _ _ _ _ _ _ _ _ _ _ _ _ _ _ _ _ _ _ _ _ 
/tests/test_outputs.py:178: in check_file
    compare(reduce(row["bulletin"]), row["report"], f"{name} bulletin {number}")
_ _ _ _ _ _ _ _ _ _ _ _ _ _ _ _ _ _ _ _ _ _ _ _ _ _ _ _ _ _ _ _ _ _ _ _ _ _ _ _ 

actual = {'events': [{'id': 'LLLLLLLLLLLLLLLL', 'ml': 4.604748535724532, 'stations': [{'code': 'K2', 'distance_km': 80.45470775...'stations': [{'code': '9QG0', 'distance_km': 129.69028490985744, 'ml': 5.342299482187891, 'contributes': True}]}, ...]}
expected = {'events': [{'id': 'LLLLLLLLLLLLLLLLLLLL', 'ml': 4.6047485, 'stations': [{'code': 'K2', 'contributes': True, 'distance...', 'ml': None, 'stations': [{'code': '9QG0', 'contributes': True, 'distance_km': 129.6902849, 'ml': 5.3422995}]}, ...]}
label = 'limits.jsonl bulletin 0'

    def compare(actual, expected, label):
        assert isinstance(actual, dict) and set(actual) == {"events"}, f"{label}: top-level keys"
        got, want = actual["events"], expected["events"]
        assert isinstance(got, list) and len(got) == len(want), f"{label}: {len(want)} events expected"
        for event, ref in zip(got, want):
            where = f"{label} event {ref['id']}"
            assert isinstance(event, dict) and set(event) == {"id", "ml", "stations"}, f"{where}: keys"
>           assert type(event["id"]) is str and event["id"] == ref["id"], f"{where}: id {event['id']!r}"
E           AssertionError: limits.jsonl bulletin 0 event LLLLLLLLLLLLLLLLLLLL: id 'LLLLLLLLLLLLLLLL'
E           assert (<class 'str'> is str and 'LLLLLLLLLLLLLLLL' == 'LLLLLLLLLLLLLLLLLLLL'
E            +  where <class 'str'> = type('LLLLLLLLLLLLLLLL')
E             
E             - LLLLLLLLLLLLLLLLLLLL
E             ?                 ----
E             + LLLLLLLLLLLLLLLL)

/tests/test_outputs.py:163: AssertionError
==================================== PASSES ====================================
=========================== short test summary info ============================
PASSED ../../tests/test_outputs.py::test_rule_2_2_record_amplitude_uses_magnification_2080
PASSED ../../tests/test_outputs.py::test_rule_2_2_record_amplitude_is_half_peak_to_peak
PASSED ../../tests/test_outputs.py::test_rule_2_3_station_mean_leaves_out_amplitudes_under_three_times_noise
PASSED ../../tests/test_outputs.py::test_rule_3_1_distance_is_hypocentral
PASSED ../../tests/test_outputs.py::test_rule_3_3_correction_linear_between_listed_distances
PASSED ../../tests/test_outputs.py::test_rule_3_3_listed_distances_and_table_ends
PASSED ../../tests/test_outputs.py::test_station_beyond_the_table_keeps_the_shipped_correction
PASSED ../../tests/test_outputs.py::test_rule_4_2_station_correction_is_added
PASSED ../../tests/test_outputs.py::test_rule_4_3_station_magnitude_is_mean_of_channel_magnitudes
PASSED ../../tests/test_outputs.py::test_two_sensors_of_one_site_are_one_station
PASSED ../../tests/test_outputs.py::test_off_table_sub_noise_and_two_sensor_sites_together
PASSED ../../tests/test_outputs.py::test_rule_5_2_network_magnitude_is_median_of_contributors
PASSED ../../tests/test_outputs.py::test_rule_5_2_even_number_takes_mean_of_middle_two
PASSED ../../tests/test_outputs.py::test_rule_5_3_fewer_than_three_contributors_has_no_network_magnitude
PASSED ../../tests/test_outputs.py::test_rule_5_3_three_contributors_give_a_network_magnitude
PASSED ../../tests/test_outputs.py::test_report_keeps_file_and_recording_order
PASSED ../../tests/test_outputs.py::test_generated_bulletins
PASSED ../../tests/test_outputs.py::test_sandbox_cannot_read_ground_truth
PASSED ../../tests/test_outputs.py::test_submitted_driver_matches_ours
FAILED ../../tests/test_outputs.py::test_section_one_limits_reached - Asserti...
========================= 1 failed, 19 passed in 0.52s =========================
