============================= test session starts ==============================
platform linux -- Python 3.13.12, pytest-9.1.1, pluggy-1.6.0
rootdir: /tests
plugins: json-ctrf-0.5.2
collected 20 items

../../tests/test_outputs.py F.FFFFFFFF.FF.FFFF..                         [100%]

=================================== FAILURES ===================================
____________ test_rule_2_2_record_amplitude_uses_magnification_2080 ____________

    def test_rule_2_2_record_amplitude_uses_magnification_2080():
        """Station magnitudes at listed distances, depth 0: the record amplitude uses magnification 2080."""
>       check_file("gain.jsonl")

/tests/test_outputs.py:183: 
_ _ _ _ _ _ _ _ _ _ _ _ _ _ _ _ _ _ _ _ _ _ _ _ _ _ _ _ _ _ _ _ _ _ _ _ _ _ _ _ 
/tests/test_outputs.py:178: in check_file
    compare(reduce(row["bulletin"]), row["report"], f"{name} bulletin {number}")
_ _ _ _ _ _ _ _ _ _ _ _ _ _ _ _ _ _ _ _ _ _ _ _ _ _ _ _ _ _ _ _ _ _ _ _ _ _ _ _ 

actual = {'events': [{'id': 'ev000001', 'ml': 4.144597324611451, 'stations': [{'code': '8CZY', 'distance_km': 100.0, 'ml': 4.92...9803543, 'contributes': True}, {'code': '8CZY', 'distance_km': 150.0, 'ml': 3.516952374802322, 'contributes': True}]}]}
expected = {'events': [{'id': 'ev000001', 'ml': 4.1445973, 'stations': [{'code': '8CZYF', 'contributes': True, 'distance_km': 100...istance_km': 400.0, 'ml': 2.0897912}, {'code': '8CZYF', 'contributes': True, 'distance_km': 150.0, 'ml': 3.5169524}]}]}
label = 'gain.jsonl bulletin 0'

    def compare(actual, expected, label):
        assert isinstance(actual, dict) and set(actual) == {"events"}, f"{label}: top-level keys"
        got, want = actual["events"], expected["events"]
        assert isinstance(got, list) and len(got) == len(want), f"{label}: {len(want)} events expected"
        for event, ref in zip(got, want):
            where = f"{label} event {ref['id']}"
            assert isinstance(event, dict) and set(event) == {"id", "ml", "stations"}, f"{where}: keys"
            assert type(event["id"]) is str and event["id"] == ref["id"], f"{where}: id {event['id']!r}"
            _number(event["ml"], ref["ml"], f"{where} ml")
            rows = event["stations"]
            assert isinstance(rows, list) and len(rows) == len(ref["stations"]), f"{where}: station rows"
            for index, (row, exp) in enumerate(zip(rows, ref["stations"])):
                at = f"{where} station {index} ({exp['code']})"
                assert isinstance(row, dict) and set(row) == {"code", "distance_km", "ml", "contributes"}, f"{at}: keys"
>               assert type(row["code"]) is str and row["code"] == exp["code"], f"{at}: code {row['code']!r}"
E               AssertionError: gain.jsonl bulletin 0 event ev000001 station 0 (8CZYF): code '8CZY'
E               assert (<class 'str'> is str and '8CZY' == '8CZYF'
E                +  where <class 'str'> = type('8CZY')
E                 
E                 - 8CZYF
E                 ?     -
E                 + 8CZY)

/tests/test_outputs.py:170: AssertionError
___ test_rule_2_3_station_mean_leaves_out_amplitudes_under_three_times_noise ___

    def test_rule_2_3_station_mean_leaves_out_amplitudes_under_three_times_noise():
        """Only amplitudes at least three times their channel's noise enter a station's mean, on either side close to the line."""
>       check_file("readings.jsonl")

/tests/test_outputs.py:193: 
_ _ _ _ _ _ _ _ _ _ _ _ _ _ _ _ _ _ _ _ _ _ _ _ _ _ _ _ _ _ _ _ _ _ _ _ _ _ _ _ 
/tests/test_outputs.py:178: in check_file
    compare(reduce(row["bulletin"]), row["report"], f"{name} bulletin {number}")
_ _ _ _ _ _ _ _ _ _ _ _ _ _ _ _ _ _ _ _ _ _ _ _ _ _ _ _ _ _ _ _ _ _ _ _ _ _ _ _ 

actual = {'events': [{'id': 'ev000001', 'ml': 3.729764403819961, 'stations': [{'code': 'DFZV', 'distance_km': 92.85800988606206...ntributes': True}, {'code': '7V26', 'distance_km': 584.806745857125, 'ml': 4.3676765624960785, 'contributes': True}]}]}
expected = {'events': [{'id': 'ev000001', 'ml': 3.7297644, 'stations': [{'code': 'DFZV', 'contributes': True, 'distance_km': 92.8...: 258.6840737, 'ml': 5.8883197}, {'code': '7V26', 'contributes': True, 'distance_km': 584.8067459, 'ml': 4.3676766}]}]}
label = 'readings.jsonl bulletin 0'

    def compare(actual, expected, label):
        assert isinstance(actual, dict) and set(actual) == {"events"}, f"{label}: top-level keys"
        got, want = actual["events"], expected["events"]
        assert isinstance(got, list) and len(got) == len(want), f"{label}: {len(want)} events expected"
        for event, ref in zip(got, want):
            where = f"{label} event {ref['id']}"
            assert isinstance(event, dict) and set(event) == {"id", "ml", "stations"}, f"{where}: keys"
            assert type(event["id"]) is str and event["id"] == ref["id"], f"{where}: id {event['id']!r}"
            _number(event["ml"], ref["ml"], f"{where} ml")
            rows = event["stations"]
            assert isinstance(rows, list) and len(rows) == len(ref["stations"]), f"{where}: station rows"
            for index, (row, exp) in enumerate(zip(rows, ref["stations"])):
                at = f"{where} station {index} ({exp['code']})"
                assert isinstance(row, dict) and set(row) == {"code", "distance_km", "ml", "contributes"}, f"{at}: keys"
>               assert type(row["code"]) is str and row["code"] == exp["code"], f"{at}: code {row['code']!r}"
E               AssertionError: readings.jsonl bulletin 0 event ev000001 station 1 (F5IOS): code 'F5IO'
E               assert (<class 'str'> is str and 'F5IO' == 'F5IOS'
E                +  where <class 'str'> = type('F5IO')
E                 
E                 - F5IOS
E                 ?     -
E                 + F5IO)

/tests/test_outputs.py:170: AssertionError
____________________ test_rule_3_1_distance_is_hypocentral _____________________

    def test_rule_3_1_distance_is_hypocentral():
        """The distance reported, corrected for and tested against the table is the hypocentral distance."""
>       check_file("hypocentral.jsonl")

/tests/test_outputs.py:198: 
_ _ _ _ _ _ _ _ _ _ _ _ _ _ _ _ _ _ _ _ _ _ _ _ _ _ _ _ _ _ _ _ _ _ _ _ _ _ _ _ 
/tests/test_outputs.py:178: in check_file
    compare(reduce(row["bulletin"]), row["report"], f"{name} bulletin {number}")
_ _ _ _ _ _ _ _ _ _ _ _ _ _ _ _ _ _ _ _ _ _ _ _ _ _ _ _ _ _ _ _ _ _ _ _ _ _ _ _ 

actual = {'events': [{'id': 'ev000001', 'ml': 2.9639583288701137, 'stations': [{'code': 'LKG5', 'distance_km': 11.5277925033373...ntributes': True}, {'code': 'XCMS', 'distance_km': 43.58222114578375, 'ml': 5.951186203478655, 'contributes': True}]}]}
expected = {'events': [{'id': 'ev000001', 'ml': 2.9639583, 'stations': [{'code': 'LKG5', 'contributes': True, 'distance_km': 11.5...': 44.5691597, 'ml': 6.4049715}, {'code': 'XCMSM', 'contributes': True, 'distance_km': 43.5822211, 'ml': 5.9511862}]}]}
label = 'hypocentral.jsonl bulletin 0'

    def compare(actual, expected, label):
        assert isinstance(actual, dict) and set(actual) == {"events"}, f"{label}: top-level keys"
        got, want = actual["events"], expected["events"]
        assert isinstance(got, list) and len(got) == len(want), f"{label}: {len(want)} events expected"
        for event, ref in zip(got, want):
            where = f"{label} event {ref['id']}"
            assert isinstance(event, dict) and set(event) == {"id", "ml", "stations"}, f"{where}: keys"
            assert type(event["id"]) is str and event["id"] == ref["id"], f"{where}: id {event['id']!r}"
            _number(event["ml"], ref["ml"], f"{where} ml")
            rows = event["stations"]
            assert isinstance(rows, list) and len(rows) == len(ref["stations"]), f"{where}: station rows"
            for index, (row, exp) in enumerate(zip(rows, ref["stations"])):
                at = f"{where} station {index} ({exp['code']})"
                assert isinstance(row, dict) and set(row) == {"code", "distance_km", "ml", "contributes"}, f"{at}: keys"
>               assert type(row["code"]) is str and row["code"] == exp["code"], f"{at}: code {row['code']!r}"
E               AssertionError: hypocentral.jsonl bulletin 0 event ev000002 station 1 (XCMSM): code 'XCMS'
E               assert (<class 'str'> is str and 'XCMS' == 'XCMSM'
E                +  where <class 'str'> = type('XCMS')
E                 
E                 - XCMSM
E                 ?     -
E                 + XCMS)

/tests/test_outputs.py:170: AssertionError
___________ test_rule_3_3_correction_linear_between_listed_distances ___________

    def test_rule_3_3_correction_linear_between_listed_distances():
        """Between two listed distances the correction is interpolated linearly in distance."""
>       check_file("interpolation.jsonl")

/tests/test_outputs.py:203: 
_ _ _ _ _ _ _ _ _ _ _ _ _ _ _ _ _ _ _ _ _ _ _ _ _ _ _ _ _ _ _ _ _ _ _ _ _ _ _ _ 
/tests/test_outputs.py:178: in check_file
    compare(reduce(row["bulletin"]), row["report"], f"{name} bulletin {number}")
_ _ _ _ _ _ _ _ _ _ _ _ _ _ _ _ _ _ _ _ _ _ _ _ _ _ _ _ _ _ _ _ _ _ _ _ _ _ _ _ 

actual = {'events': [{'id': 'ev000001', 'ml': 4.590094056897407, 'stations': [{'code': '4', 'distance_km': 261.6, 'ml': 4.65012...679246051, 'contributes': True}, {'code': 'A', 'distance_km': 133.6, 'ml': 1.5221017948783668, 'contributes': True}]}]}
expected = {'events': [{'id': 'ev000001', 'ml': 4.5900941, 'stations': [{'code': '4', 'contributes': True, 'distance_km': 261.6, ...e, 'distance_km': 25.9, 'ml': 3.7970117}, {'code': 'A', 'contributes': True, 'distance_km': 133.6, 'ml': 1.5221018}]}]}
label = 'interpolation.jsonl bulletin 0'

    def compare(actual, expected, label):
        assert isinstance(actual, dict) and set(actual) == {"events"}, f"{label}: top-level keys"
        got, want = actual["events"], expected["events"]
        assert isinstance(got, list) and len(got) == len(want), f"{label}: {len(want)} events expected"
        for event, ref in zip(got, want):
            where = f"{label} event {ref['id']}"
            assert isinstance(event, dict) and set(event) == {"id", "ml", "stations"}, f"{where}: keys"
            assert type(event["id"]) is str and event["id"] == ref["id"], f"{where}: id {event['id']!r}"
            _number(event["ml"], ref["ml"], f"{where} ml")
            rows = event["stations"]
            assert isinstance(rows, list) and len(rows) == len(ref["stations"]), f"{where}: station rows"
            for index, (row, exp) in enumerate(zip(rows, ref["stations"])):
                at = f"{where} station {index} ({exp['code']})"
                assert isinstance(row, dict) and set(row) == {"code", "distance_km", "ml", "contributes"}, f"{at}: keys"
>               assert type(row["code"]) is str and row["code"] == exp["code"], f"{at}: code {row['code']!r}"
E               AssertionError: interpolation.jsonl bulletin 0 event ev000001 station 3 (J3H57): code 'J3H5'
E               assert (<class 'str'> is str and 'J3H5' == 'J3H57'
E                +  where <class 'str'> = type('J3H5')
E                 
E                 - J3H57
E                 ?     -
E                 + J3H5)

/tests/test_outputs.py:170: AssertionError
________________ test_rule_3_3_listed_distances_and_table_ends _________________

    def test_rule_3_3_listed_distances_and_table_ends():
        """At listed distances the correction is the listed value; stations just inside either end of the table contribute."""
>       check_file("table_ends.jsonl")

/tests/test_outputs.py:208: 
_ _ _ _ _ _ _ _ _ _ _ _ _ _ _ _ _ _ _ _ _ _ _ _ _ _ _ _ _ _ _ _ _ _ _ _ _ _ _ _ 
/tests/test_outputs.py:178: in check_file
    compare(reduce(row["bulletin"]), row["report"], f"{name} bulletin {number}")
_ _ _ _ _ _ _ _ _ _ _ _ _ _ _ _ _ _ _ _ _ _ _ _ _ _ _ _ _ _ _ _ _ _ _ _ _ _ _ _ 

actual = {'events': [{'id': 'ev000001', 'ml': 3.380948691605617, 'stations': [{'code': 'F', 'distance_km': 10.01, 'ml': 4.23547...ntributes': True}, {'code': '3S5', 'distance_km': 39.671778382119456, 'ml': 4.281595570358693, 'contributes': True}]}]}
expected = {'events': [{'id': 'ev000001', 'ml': 3.3809487, 'stations': [{'code': 'F', 'contributes': True, 'distance_km': 10.01, ...m': 209.1889576, 'ml': 6.2724608}, {'code': '3S5', 'contributes': True, 'distance_km': 39.6717784, 'ml': 4.2815956}]}]}
label = 'table_ends.jsonl bulletin 0'

    def compare(actual, expected, label):
        assert isinstance(actual, dict) and set(actual) == {"events"}, f"{label}: top-level keys"
        got, want = actual["events"], expected["events"]
        assert isinstance(got, list) and len(got) == len(want), f"{label}: {len(want)} events expected"
        for event, ref in zip(got, want):
            where = f"{label} event {ref['id']}"
            assert isinstance(event, dict) and set(event) == {"id", "ml", "stations"}, f"{where}: keys"
            assert type(event["id"]) is str and event["id"] == ref["id"], f"{where}: id {event['id']!r}"
            _number(event["ml"], ref["ml"], f"{where} ml")
            rows = event["stations"]
            assert isinstance(rows, list) and len(rows) == len(ref["stations"]), f"{where}: station rows"
            for index, (row, exp) in enumerate(zip(rows, ref["stations"])):
                at = f"{where} station {index} ({exp['code']})"
                assert isinstance(row, dict) and set(row) == {"code", "distance_km", "ml", "contributes"}, f"{at}: keys"
>               assert type(row["code"]) is str and row["code"] == exp["code"], f"{at}: code {row['code']!r}"
E               AssertionError: table_ends.jsonl bulletin 0 event ev000003 station 3 (4UAQ7): code '4UAQ'
E               assert (<class 'str'> is str and '4UAQ' == '4UAQ7'
E                +  where <class 'str'> = type('4UAQ')
E                 
E                 - 4UAQ7
E                 ?     -
E                 + 4UAQ)

/tests/test_outputs.py:170: AssertionError
__________ test_station_beyond_the_table_keeps_the_shipped_correction __________

    def test_station_beyond_the_table_keeps_the_shipped_correction():
        """A station nearer than 10 km or beyond 600 km keeps today's correction calculation and does not contribute."""
>       check_file("off_table.jsonl")

/tests/test_outputs.py:213: 
_ _ _ _ _ _ _ _ _ _ _ _ _ _ _ _ _ _ _ _ _ _ _ _ _ _ _ _ _ _ _ _ _ _ _ _ _ _ _ _ 
/tests/test_outputs.py:178: in check_file
    compare(reduce(row["bulletin"]), row["report"], f"{name} bulletin {number}")
_ _ _ _ _ _ _ _ _ _ _ _ _ _ _ _ _ _ _ _ _ _ _ _ _ _ _ _ _ _ _ _ _ _ _ _ _ _ _ _ 

actual = {'events': [{'id': 'ev000001', 'ml': 4.7663998756359565, 'stations': [{'code': 'J7D', 'distance_km': 32.2, 'ml': 6.101..., 'contributes': False}, {'code': 'P51', 'distance_km': 1000.0, 'ml': 3.264985540523671, 'contributes': False}]}, ...]}
expected = {'events': [{'id': 'ev000001', 'ml': 4.7663999, 'stations': [{'code': 'J7D', 'contributes': True, 'distance_km': 32.2,...ance_km': 1.0, 'ml': 3.9775981}, {'code': 'P51', 'contributes': False, 'distance_km': 1000.0, 'ml': 3.2649855}]}, ...]}
label = 'off_table.jsonl bulletin 0'

    def compare(actual, expected, label):
        assert isinstance(actual, dict) and set(actual) == {"events"}, f"{label}: top-level keys"
        got, want = actual["events"], expected["events"]
        assert isinstance(got, list) and len(got) == len(want), f"{label}: {len(want)} events expected"
        for event, ref in zip(got, want):
            where = f"{label} event {ref['id']}"
            assert isinstance(event, dict) and set(event) == {"id", "ml", "stations"}, f"{where}: keys"
            assert type(event["id"]) is str and event["id"] == ref["id"], f"{where}: id {event['id']!r}"
            _number(event["ml"], ref["ml"], f"{where} ml")
            rows = event["stations"]
            assert isinstance(rows, list) and len(rows) == len(ref["stations"]), f"{where}: station rows"
            for index, (row, exp) in enumerate(zip(rows, ref["stations"])):
                at = f"{where} station {index} ({exp['code']})"
                assert isinstance(row, dict) and set(row) == {"code", "distance_km", "ml", "contributes"}, f"{at}: keys"
>               assert type(row["code"]) is str and row["code"] == exp["code"], f"{at}: code {row['code']!r}"
E               AssertionError: off_table.jsonl bulletin 0 event ev000001 station 2 (BP2F7): code 'BP2F'
E               assert (<class 'str'> is str and 'BP2F' == 'BP2F7'
E                +  where <class 'str'> = type('BP2F')
E                 
E                 - BP2F7
E                 ?     -
E                 + BP2F)

/tests/test_outputs.py:170: AssertionError
__________________ test_rule_4_2_station_correction_is_added ___________________

    def test_rule_4_2_station_correction_is_added():
        """Station corrections from -1.0 to +1.0 are added to each channel magnitude."""
>       check_file("correction.jsonl")

/tests/test_outputs.py:218: 
_ _ _ _ _ _ _ _ _ _ _ _ _ _ _ _ _ _ _ _ _ _ _ _ _ _ _ _ _ _ _ _ _ _ _ _ _ _ _ _ 
/tests/test_outputs.py:178: in check_file
    compare(reduce(row["bulletin"]), row["report"], f"{name} bulletin {number}")
_ _ _ _ _ _ _ _ _ _ _ _ _ _ _ _ _ _ _ _ _ _ _ _ _ _ _ _ _ _ _ _ _ _ _ _ _ _ _ _ 

actual = {'events': [{'id': 'ev000001', 'ml': 4.390670289099282, 'stations': [{'code': 'R', 'distance_km': 400.0, 'ml': 2.91878...26290724, 'contributes': True}, {'code': 'AU23', 'distance_km': 50.0, 'ml': 5.714186099483965, 'contributes': True}]}]}
expected = {'events': [{'id': 'ev000001', 'ml': 4.3906703, 'stations': [{'code': 'R', 'contributes': True, 'distance_km': 400.0, ... 'distance_km': 30.0, 'ml': 1.2101233}, {'code': 'AU23', 'contributes': True, 'distance_km': 50.0, 'ml': 5.7141861}]}]}
label = 'correction.jsonl bulletin 0'

    def compare(actual, expected, label):
        assert isinstance(actual, dict) and set(actual) == {"events"}, f"{label}: top-level keys"
        got, want = actual["events"], expected["events"]
        assert isinstance(got, list) and len(got) == len(want), f"{label}: {len(want)} events expected"
        for event, ref in zip(got, want):
            where = f"{label} event {ref['id']}"
            assert isinstance(event, dict) and set(event) == {"id", "ml", "stations"}, f"{where}: keys"
            assert type(event["id"]) is str and event["id"] == ref["id"], f"{where}: id {event['id']!r}"
            _number(event["ml"], ref["ml"], f"{where} ml")
            rows = event["stations"]
            assert isinstance(rows, list) and len(rows) == len(ref["stations"]), f"{where}: station rows"
            for index, (row, exp) in enumerate(zip(rows, ref["stations"])):
                at = f"{where} station {index} ({exp['code']})"
                assert isinstance(row, dict) and set(row) == {"code", "distance_km", "ml", "contributes"}, f"{at}: keys"
>               assert type(row["code"]) is str and row["code"] == exp["code"], f"{at}: code {row['code']!r}"
E               AssertionError: correction.jsonl bulletin 0 event ev000003 station 1 (NEE1D): code 'NEE1'
E               assert (<class 'str'> is str and 'NEE1' == 'NEE1D'
E                +  where <class 'str'> = type('NEE1')
E                 
E                 - NEE1D
E                 ?     -
E                 + NEE1)

/tests/test_outputs.py:170: AssertionError
________ test_rule_4_3_station_magnitude_is_mean_of_channel_magnitudes _________

    def test_rule_4_3_station_magnitude_is_mean_of_channel_magnitudes():
        """A station's magnitude is the mean of its readings' channel magnitudes, whatever their channel codes, not its largest channel."""
>       check_file("station_mean.jsonl")

/tests/test_outputs.py:223: 
_ _ _ _ _ _ _ _ _ _ _ _ _ _ _ _ _ _ _ _ _ _ _ _ _ _ _ _ _ _ _ _ _ _ _ _ _ _ _ _ 
/tests/test_outputs.py:178: in check_file
    compare(reduce(row["bulletin"]), row["report"], f"{name} bulletin {number}")
_ _ _ _ _ _ _ _ _ _ _ _ _ _ _ _ _ _ _ _ _ _ _ _ _ _ _ _ _ _ _ _ _ _ _ _ _ _ _ _ 

actual = {'events': [{'id': 'ev000001', 'ml': 2.674088122357373, 'stations': [{'code': 'ZGV4', 'distance_km': 89.15295844782719...ntributes': True}, {'code': 'V8', 'distance_km': 108.63240768757727, 'ml': 0.8496326415084618, 'contributes': True}]}]}
expected = {'events': [{'id': 'ev000001', 'ml': 2.6740881, 'stations': [{'code': 'ZGV4', 'contributes': True, 'distance_km': 89.1...m': 136.9357514, 'ml': 2.6790895}, {'code': 'V8', 'contributes': True, 'distance_km': 108.6324077, 'ml': 0.8496326}]}]}
label = 'station_mean.jsonl bulletin 0'

    def compare(actual, expected, label):
        assert isinstance(actual, dict) and set(actual) == {"events"}, f"{label}: top-level keys"
        got, want = actual["events"], expected["events"]
        assert isinstance(got, list) and len(got) == len(want), f"{label}: {len(want)} events expected"
        for event, ref in zip(got, want):
            where = f"{label} event {ref['id']}"
            assert isinstance(event, dict) and set(event) == {"id", "ml", "stations"}, f"{where}: keys"
            assert type(event["id"]) is str and event["id"] == ref["id"], f"{where}: id {event['id']!r}"
            _number(event["ml"], ref["ml"], f"{where} ml")
            rows = event["stations"]
            assert isinstance(rows, list) and len(rows) == len(ref["stations"]), f"{where}: station rows"
            for index, (row, exp) in enumerate(zip(rows, ref["stations"])):
                at = f"{where} station {index} ({exp['code']})"
                assert isinstance(row, dict) and set(row) == {"code", "distance_km", "ml", "contributes"}, f"{at}: keys"
>               assert type(row["code"]) is str and row["code"] == exp["code"], f"{at}: code {row['code']!r}"
E               AssertionError: station_mean.jsonl bulletin 0 event ev000004 station 1 (SER4B): code 'SER4'
E               assert (<class 'str'> is str and 'SER4' == 'SER4B'
E                +  where <class 'str'> = type('SER4')
E                 
E                 - SER4B
E                 ?     -
E                 + SER4)

/tests/test_outputs.py:170: AssertionError
_________________ test_two_sensors_of_one_site_are_one_station _________________

    def test_two_sensors_of_one_site_are_one_station():
        """A station with two recordings pools their readings and counts once in the median and the three-station minimum."""
>       check_file("shared_station.jsonl")

/tests/test_outputs.py:228: 
_ _ _ _ _ _ _ _ _ _ _ _ _ _ _ _ _ _ _ _ _ _ _ _ _ _ _ _ _ _ _ _ _ _ _ _ _ _ _ _ 
/tests/test_outputs.py:178: in check_file
    compare(reduce(row["bulletin"]), row["report"], f"{name} bulletin {number}")
_ _ _ _ _ _ _ _ _ _ _ _ _ _ _ _ _ _ _ _ _ _ _ _ _ _ _ _ _ _ _ _ _ _ _ _ _ _ _ _ 

actual = {'events': [{'id': 'ev000001', 'ml': None, 'stations': [{'code': 'N', 'distance_km': 41.29600464936045, 'ml': 1.781356...ntributes': True}, {'code': 'GYTX', 'distance_km': 70.36376908608578, 'ml': 5.415819645489501, 'contributes': True}]}]}
expected = {'events': [{'id': 'ev000001', 'ml': None, 'stations': [{'code': 'N', 'contributes': True, 'distance_km': 41.2960046, ...: 386.3834494, 'ml': 4.9167751}, {'code': 'GYTX4', 'contributes': True, 'distance_km': 70.3637691, 'ml': 5.4158196}]}]}
label = 'shared_station.jsonl bulletin 0'

    def compare(actual, expected, label):
        assert isinstance(actual, dict) and set(actual) == {"events"}, f"{label}: top-level keys"
        got, want = actual["events"], expected["events"]
        assert isinstance(got, list) and len(got) == len(want), f"{label}: {len(want)} events expected"
        for event, ref in zip(got, want):
            where = f"{label} event {ref['id']}"
            assert isinstance(event, dict) and set(event) == {"id", "ml", "stations"}, f"{where}: keys"
            assert type(event["id"]) is str and event["id"] == ref["id"], f"{where}: id {event['id']!r}"
            _number(event["ml"], ref["ml"], f"{where} ml")
            rows = event["stations"]
            assert isinstance(rows, list) and len(rows) == len(ref["stations"]), f"{where}: station rows"
            for index, (row, exp) in enumerate(zip(rows, ref["stations"])):
                at = f"{where} station {index} ({exp['code']})"
                assert isinstance(row, dict) and set(row) == {"code", "distance_km", "ml", "contributes"}, f"{at}: keys"
>               assert type(row["code"]) is str and row["code"] == exp["code"], f"{at}: code {row['code']!r}"
E               AssertionError: shared_station.jsonl bulletin 0 event ev000001 station 1 (GYTX4): code 'GYTX'
E               assert (<class 'str'> is str and 'GYTX' == 'GYTX4'
E                +  where <class 'str'> = type('GYTX')
E                 
E                 - GYTX4
E                 ?     -
E                 + GYTX)

/tests/test_outputs.py:170: AssertionError
__________ test_rule_5_2_network_magnitude_is_median_of_contributors ___________

    def test_rule_5_2_network_magnitude_is_median_of_contributors():
        """With an odd number of contributing stations the network magnitude is the middle one."""
>       check_file("median.jsonl")

/tests/test_outputs.py:238: 
_ _ _ _ _ _ _ _ _ _ _ _ _ _ _ _ _ _ _ _ _ _ _ _ _ _ _ _ _ _ _ _ _ _ _ _ _ _ _ _ 
/tests/test_outputs.py:178: in check_file
    compare(reduce(row["bulletin"]), row["report"], f"{name} bulletin {number}")
_ _ _ _ _ _ _ _ _ _ _ _ _ _ _ _ _ _ _ _ _ _ _ _ _ _ _ _ _ _ _ _ _ _ _ _ _ _ _ _ 

actual = {'events': [{'id': 'ev000001', 'ml': 5.478907399165337, 'stations': [{'code': '0', 'distance_km': 105.56159339456751, ...ibutes': True}, {'code': '0', 'distance_km': 437.12245423908394, 'ml': 7.369164812418868, 'contributes': True}, ...]}]}
expected = {'events': [{'id': 'ev000001', 'ml': 5.4789074, 'stations': [{'code': '0', 'contributes': True, 'distance_km': 105.561... 84.3976303, 'ml': 3.6284369}, {'code': '0', 'contributes': True, 'distance_km': 437.1224542, 'ml': 7.3691648}, ...]}]}
label = 'median.jsonl bulletin 0'

    def compare(actual, expected, label):
        assert isinstance(actual, dict) and set(actual) == {"events"}, f"{label}: top-level keys"
        got, want = actual["events"], expected["events"]
        assert isinstance(got, list) and len(got) == len(want), f"{label}: {len(want)} events expected"
        for event, ref in zip(got, want):
            where = f"{label} event {ref['id']}"
            assert isinstance(event, dict) and set(event) == {"id", "ml", "stations"}, f"{where}: keys"
            assert type(event["id"]) is str and event["id"] == ref["id"], f"{where}: id {event['id']!r}"
            _number(event["ml"], ref["ml"], f"{where} ml")
            rows = event["stations"]
            assert isinstance(rows, list) and len(rows) == len(ref["stations"]), f"{where}: station rows"
            for index, (row, exp) in enumerate(zip(rows, ref["stations"])):
                at = f"{where} station {index} ({exp['code']})"
                assert isinstance(row, dict) and set(row) == {"code", "distance_km", "ml", "contributes"}, f"{at}: keys"
>               assert type(row["code"]) is str and row["code"] == exp["code"], f"{at}: code {row['code']!r}"
E               AssertionError: median.jsonl bulletin 0 event ev000001 station 1 (OM10E): code 'OM10'
E               assert (<class 'str'> is str and 'OM10' == 'OM10E'
E                +  where <class 'str'> = type('OM10')
E                 
E                 - OM10E
E                 ?     -
E                 + OM10)

/tests/test_outputs.py:170: AssertionError
______________ test_rule_5_2_even_number_takes_mean_of_middle_two ______________

    def test_rule_5_2_even_number_takes_mean_of_middle_two():
        """With an even number of contributing stations the network magnitude is the mean of the two middle ones."""
>       check_file("median_even.jsonl")

/tests/test_outputs.py:243: 
_ _ _ _ _ _ _ _ _ _ _ _ _ _ _ _ _ _ _ _ _ _ _ _ _ _ _ _ _ _ _ _ _ _ _ _ _ _ _ _ 
/tests/test_outputs.py:178: in check_file
    compare(reduce(row["bulletin"]), row["report"], f"{name} bulletin {number}")
_ _ _ _ _ _ _ _ _ _ _ _ _ _ _ _ _ _ _ _ _ _ _ _ _ _ _ _ _ _ _ _ _ _ _ _ _ _ _ _ 

actual = {'events': [{'id': 'ev000001', 'ml': 3.67977286709629, 'stations': [{'code': 'I', 'distance_km': 24.69109151090733, 'm...ibutes': True}, {'code': 'V', 'distance_km': 71.94720286432266, 'ml': 2.5740174211411175, 'contributes': True}, ...]}]}
expected = {'events': [{'id': 'ev000001', 'ml': 3.6797729, 'stations': [{'code': 'I', 'contributes': True, 'distance_km': 24.6910...: 24.1422866, 'ml': 4.3778917}, {'code': 'V', 'contributes': True, 'distance_km': 71.9472029, 'ml': 2.5740174}, ...]}]}
label = 'median_even.jsonl bulletin 0'

    def compare(actual, expected, label):
        assert isinstance(actual, dict) and set(actual) == {"events"}, f"{label}: top-level keys"
        got, want = actual["events"], expected["events"]
        assert isinstance(got, list) and len(got) == len(want), f"{label}: {len(want)} events expected"
        for event, ref in zip(got, want):
            where = f"{label} event {ref['id']}"
            assert isinstance(event, dict) and set(event) == {"id", "ml", "stations"}, f"{where}: keys"
            assert type(event["id"]) is str and event["id"] == ref["id"], f"{where}: id {event['id']!r}"
            _number(event["ml"], ref["ml"], f"{where} ml")
            rows = event["stations"]
            assert isinstance(rows, list) and len(rows) == len(ref["stations"]), f"{where}: station rows"
            for index, (row, exp) in enumerate(zip(rows, ref["stations"])):
                at = f"{where} station {index} ({exp['code']})"
                assert isinstance(row, dict) and set(row) == {"code", "distance_km", "ml", "contributes"}, f"{at}: keys"
>               assert type(row["code"]) is str and row["code"] == exp["code"], f"{at}: code {row['code']!r}"
E               AssertionError: median_even.jsonl bulletin 0 event ev000001 station 3 (21Q1A): code '21Q1'
E               assert (<class 'str'> is str and '21Q1' == '21Q1A'
E                +  where <class 'str'> = type('21Q1')
E                 
E                 - 21Q1A
E                 ?     -
E                 + 21Q1)

/tests/test_outputs.py:170: AssertionError
__________ test_rule_5_3_three_contributors_give_a_network_magnitude ___________

    def test_rule_5_3_three_contributors_give_a_network_magnitude():
        """Events with exactly three contributing stations get a network magnitude."""
>       check_file("three.jsonl")

/tests/test_outputs.py:253: 
_ _ _ _ _ _ _ _ _ _ _ _ _ _ _ _ _ _ _ _ _ _ _ _ _ _ _ _ _ _ _ _ _ _ _ _ _ _ _ _ 
/tests/test_outputs.py:178: in check_file
    compare(reduce(row["bulletin"]), row["report"], f"{name} bulletin {number}")
_ _ _ _ _ _ _ _ _ _ _ _ _ _ _ _ _ _ _ _ _ _ _ _ _ _ _ _ _ _ _ _ _ _ _ _ _ _ _ _ 

actual = {'events': [{'id': 'ev000001', 'ml': 3.233172104948755, 'stations': [{'code': '0F', 'distance_km': 28.411617342207045,...ntributes': True}, {'code': '861', 'distance_km': 114.29260693500696, 'ml': 3.127345357760325, 'contributes': True}]}]}
expected = {'events': [{'id': 'ev000001', 'ml': 3.2331721, 'stations': [{'code': '0F', 'contributes': True, 'distance_km': 28.411...': 200.2379834, 'ml': 5.8262241}, {'code': '861', 'contributes': True, 'distance_km': 114.2926069, 'ml': 3.1273454}]}]}
label = 'three.jsonl bulletin 0'

    def compare(actual, expected, label):
        assert isinstance(actual, dict) and set(actual) == {"events"}, f"{label}: top-level keys"
        got, want = actual["events"], expected["events"]
        assert isinstance(got, list) and len(got) == len(want), f"{label}: {len(want)} events expected"
        for event, ref in zip(got, want):
            where = f"{label} event {ref['id']}"
            assert isinstance(event, dict) and set(event) == {"id", "ml", "stations"}, f"{where}: keys"
            assert type(event["id"]) is str and event["id"] == ref["id"], f"{where}: id {event['id']!r}"
            _number(event["ml"], ref["ml"], f"{where} ml")
            rows = event["stations"]
            assert isinstance(rows, list) and len(rows) == len(ref["stations"]), f"{where}: station rows"
            for index, (row, exp) in enumerate(zip(rows, ref["stations"])):
                at = f"{where} station {index} ({exp['code']})"
                assert isinstance(row, dict) and set(row) == {"code", "distance_km", "ml", "contributes"}, f"{at}: keys"
>               assert type(row["code"]) is str and row["code"] == exp["code"], f"{at}: code {row['code']!r}"
E               AssertionError: three.jsonl bulletin 0 event ev000001 station 1 (F3D89): code 'F3D8'
E               assert (<class 'str'> is str and 'F3D8' == 'F3D89'
E                +  where <class 'str'> = type('F3D8')
E                 
E                 - F3D89
E                 ?     -
E                 + F3D8)

/tests/test_outputs.py:170: AssertionError
_______________________ test_section_one_limits_reached ________________________

    def test_section_one_limits_reached():
        """Fifty events, two hundred stations, forty recordings, and every amplitude, noise, depth and correction limit."""
        rows = load("limits.jsonl")
        bulletin = rows[0]["bulletin"]
        assert len(bulletin["events"]) == 50 and len(bulletin["stations"]) == 200
        assert max(len(e["recordings"]) for e in bulletin["events"]) == 40
>       check_file("limits.jsonl")

/tests/test_outputs.py:262: 
_ _ _ _ _ _ _ _ _ _ _ _ _ _ _ _ _ _ _ _ _ _ _ _ _ _ _ _ _ _ _ _ _ _ _ _ _ _ _ _ 
/tests/test_outputs.py:178: in check_file
    compare(reduce(row["bulletin"]), row["report"], f"{name} bulletin {number}")
_ _ _ _ _ _ _ _ _ _ _ _ _ _ _ _ _ _ _ _ _ _ _ _ _ _ _ _ _ _ _ _ _ _ _ _ _ _ _ _ 

actual = {'events': [{'id': 'LLLLLLLLLLLLLLLLLLLL', 'ml': 4.604748535724532, 'stations': [{'code': 'K2', 'distance_km': 80.4547...'stations': [{'code': '9QG0', 'distance_km': 129.69028490985744, 'ml': 5.342299482187891, 'contributes': True}]}, ...]}
expected = {'events': [{'id': 'LLLLLLLLLLLLLLLLLLLL', 'ml': 4.6047485, 'stations': [{'code': 'K2', 'contributes': True, 'distance...', 'ml': None, 'stations': [{'code': '9QG0', 'contributes': True, 'distance_km': 129.6902849, 'ml': 5.3422995}]}, ...]}
label = 'limits.jsonl bulletin 0'

    def compare(actual, expected, label):
        assert isinstance(actual, dict) and set(actual) == {"events"}, f"{label}: top-level keys"
        got, want = actual["events"], expected["events"]
        assert isinstance(got, list) and len(got) == len(want), f"{label}: {len(want)} events expected"
        for event, ref in zip(got, want):
            where = f"{label} event {ref['id']}"
            assert isinstance(event, dict) and set(event) == {"id", "ml", "stations"}, f"{where}: keys"
            assert type(event["id"]) is str and event["id"] == ref["id"], f"{where}: id {event['id']!r}"
            _number(event["ml"], ref["ml"], f"{where} ml")
            rows = event["stations"]
            assert isinstance(rows, list) and len(rows) == len(ref["stations"]), f"{where}: station rows"
            for index, (row, exp) in enumerate(zip(rows, ref["stations"])):
                at = f"{where} station {index} ({exp['code']})"
                assert isinstance(row, dict) and set(row) == {"code", "distance_km", "ml", "contributes"}, f"{at}: keys"
>               assert type(row["code"]) is str and row["code"] == exp["code"], f"{at}: code {row['code']!r}"
E               AssertionError: limits.jsonl bulletin 0 event LLLLLLLLLLLLLLLLLLLL station 1 (5WHD7): code '5WHD'
E               assert (<class 'str'> is str and '5WHD' == '5WHD7'
E                +  where <class 'str'> = type('5WHD')
E                 
E                 - 5WHD7
E                 ?     -
E                 + 5WHD)

/tests/test_outputs.py:170: AssertionError
__________________ test_report_keeps_file_and_recording_order __________________

    def test_report_keeps_file_and_recording_order():
        """Events keep file order and station rows keep recording order, whatever the ids and codes, at any length they may have."""
>       check_file("order.jsonl")

/tests/test_outputs.py:267: 
_ _ _ _ _ _ _ _ _ _ _ _ _ _ _ _ _ _ _ _ _ _ _ _ _ _ _ _ _ _ _ _ _ _ _ _ _ _ _ _ 
/tests/test_outputs.py:178: in check_file
    compare(reduce(row["bulletin"]), row["report"], f"{name} bulletin {number}")
_ _ _ _ _ _ _ _ _ _ _ _ _ _ _ _ _ _ _ _ _ _ _ _ _ _ _ _ _ _ _ _ _ _ _ _ _ _ _ _ 

actual = {'events': [{'id': 'v77vy7uvv97vu64', 'ml': 4.642662925552957, 'stations': [{'code': '9JK', 'distance_km': 51.28898517...tes': True}, {'code': 'MQ9Q', 'distance_km': 102.55617972604088, 'ml': 6.189018060310263, 'contributes': True}, ...]}]}
expected = {'events': [{'id': 'v77vy7uvv97vu64', 'ml': 4.6426629, 'stations': [{'code': '9JK', 'contributes': True, 'distance_km'...1782235, 'ml': 2.6078148}, {'code': 'MQ9QB', 'contributes': True, 'distance_km': 102.5561797, 'ml': 6.1890181}, ...]}]}
label = 'order.jsonl bulletin 0'

    def compare(actual, expected, label):
        assert isinstance(actual, dict) and set(actual) == {"events"}, f"{label}: top-level keys"
        got, want = actual["events"], expected["events"]
        assert isinstance(got, list) and len(got) == len(want), f"{label}: {len(want)} events expected"
        for event, ref in zip(got, want):
            where = f"{label} event {ref['id']}"
            assert isinstance(event, dict) and set(event) == {"id", "ml", "stations"}, f"{where}: keys"
            assert type(event["id"]) is str and event["id"] == ref["id"], f"{where}: id {event['id']!r}"
            _number(event["ml"], ref["ml"], f"{where} ml")
            rows = event["stations"]
            assert isinstance(rows, list) and len(rows) == len(ref["stations"]), f"{where}: station rows"
            for index, (row, exp) in enumerate(zip(rows, ref["stations"])):
                at = f"{where} station {index} ({exp['code']})"
                assert isinstance(row, dict) and set(row) == {"code", "distance_km", "ml", "contributes"}, f"{at}: keys"
>               assert type(row["code"]) is str and row["code"] == exp["code"], f"{at}: code {row['code']!r}"
E               AssertionError: order.jsonl bulletin 0 event v77vy7uvv97vu64 station 2 (11VBY): code '11VB'
E               assert (<class 'str'> is str and '11VB' == '11VBY'
E                +  where <class 'str'> = type('11VB')
E                 
E                 - 11VBY
E                 ?     -
E                 + 11VB)

/tests/test_outputs.py:170: AssertionError
___________________________ test_generated_bulletins ___________________________

    def test_generated_bulletins():
        """Generated bulletins across the envelope: depths, distances, one or two channels, corrections, event sizes."""
>       check_file("generated.jsonl")

/tests/test_outputs.py:272: 
_ _ _ _ _ _ _ _ _ _ _ _ _ _ _ _ _ _ _ _ _ _ _ _ _ _ _ _ _ _ _ _ _ _ _ _ _ _ _ _ 
/tests/test_outputs.py:178: in check_file
    compare(reduce(row["bulletin"]), row["report"], f"{name} bulletin {number}")
_ _ _ _ _ _ _ _ _ _ _ _ _ _ _ _ _ _ _ _ _ _ _ _ _ _ _ _ _ _ _ _ _ _ _ _ _ _ _ _ 

actual = {'events': [{'id': 'ev000001', 'ml': 4.295944883959281, 'stations': [{'code': 'B87G', 'distance_km': 72.64908808787624...es': True}, {'code': 'WXOE', 'distance_km': 106.30921879122242, 'ml': 6.1670508214335475, 'contributes': True}, ...]}]}
expected = {'events': [{'id': 'ev000001', 'ml': 4.2959449, 'stations': [{'code': 'B87GA', 'contributes': True, 'distance_km': 72....2.9291763, 'ml': 6.066754}, {'code': 'WXOE', 'contributes': True, 'distance_km': 106.3092188, 'ml': 6.1670508}, ...]}]}
label = 'generated.jsonl bulletin 0'

    def compare(actual, expected, label):
        assert isinstance(actual, dict) and set(actual) == {"events"}, f"{label}: top-level keys"
        got, want = actual["events"], expected["events"]
        assert isinstance(got, list) and len(got) == len(want), f"{label}: {len(want)} events expected"
        for event, ref in zip(got, want):
            where = f"{label} event {ref['id']}"
            assert isinstance(event, dict) and set(event) == {"id", "ml", "stations"}, f"{where}: keys"
            assert type(event["id"]) is str and event["id"] == ref["id"], f"{where}: id {event['id']!r}"
            _number(event["ml"], ref["ml"], f"{where} ml")
            rows = event["stations"]
            assert isinstance(rows, list) and len(rows) == len(ref["stations"]), f"{where}: station rows"
            for index, (row, exp) in enumerate(zip(rows, ref["stations"])):
                at = f"{where} station {index} ({exp['code']})"
                assert isinstance(row, dict) and set(row) == {"code", "distance_km", "ml", "contributes"}, f"{at}: keys"
>               assert type(row["code"]) is str and row["code"] == exp["code"], f"{at}: code {row['code']!r}"
E               AssertionError: generated.jsonl bulletin 0 event ev000001 station 0 (B87GA): code 'B87G'
E               assert (<class 'str'> is str and 'B87G' == 'B87GA'
E                +  where <class 'str'> = type('B87G')
E                 
E                 - B87GA
E                 ?     -
E                 + B87G)

/tests/test_outputs.py:170: AssertionError
==================================== PASSES ====================================
=========================== short test summary info ============================
PASSED ../../tests/test_outputs.py::test_rule_2_2_record_amplitude_is_half_peak_to_peak
PASSED ../../tests/test_outputs.py::test_off_table_sub_noise_and_two_sensor_sites_together
PASSED ../../tests/test_outputs.py::test_rule_5_3_fewer_than_three_contributors_has_no_network_magnitude
PASSED ../../tests/test_outputs.py::test_sandbox_cannot_read_ground_truth
PASSED ../../tests/test_outputs.py::test_submitted_driver_matches_ours
FAILED ../../tests/test_outputs.py::test_rule_2_2_record_amplitude_uses_magnification_2080
FAILED ../../tests/test_outputs.py::test_rule_2_3_station_mean_leaves_out_amplitudes_under_three_times_noise
FAILED ../../tests/test_outputs.py::test_rule_3_1_distance_is_hypocentral - A...
FAILED ../../tests/test_outputs.py::test_rule_3_3_correction_linear_between_listed_distances
FAILED ../../tests/test_outputs.py::test_rule_3_3_listed_distances_and_table_ends
FAILED ../../tests/test_outputs.py::test_station_beyond_the_table_keeps_the_shipped_correction
FAILED ../../tests/test_outputs.py::test_rule_4_2_station_correction_is_added
FAILED ../../tests/test_outputs.py::test_rule_4_3_station_magnitude_is_mean_of_channel_magnitudes
FAILED ../../tests/test_outputs.py::test_two_sensors_of_one_site_are_one_station
FAILED ../../tests/test_outputs.py::test_rule_5_2_network_magnitude_is_median_of_contributors
FAILED ../../tests/test_outputs.py::test_rule_5_2_even_number_takes_mean_of_middle_two
FAILED ../../tests/test_outputs.py::test_rule_5_3_three_contributors_give_a_network_magnitude
FAILED ../../tests/test_outputs.py::test_section_one_limits_reached - Asserti...
FAILED ../../tests/test_outputs.py::test_report_keeps_file_and_recording_order
FAILED ../../tests/test_outputs.py::test_generated_bulletins - AssertionError...
========================= 15 failed, 5 passed in 0.58s =========================
