============================= test session starts ==============================
platform linux -- Python 3.13.12, pytest-9.1.1, pluggy-1.6.0
rootdir: /tests
plugins: json-ctrf-0.5.2
collected 20 items

../../tests/test_outputs.py FFFFFFFFFFFFFFFFFF..                         [100%]

=================================== FAILURES ===================================
____________ test_rule_2_2_record_amplitude_uses_magnification_2080 ____________

    def test_rule_2_2_record_amplitude_uses_magnification_2080():
        """Station magnitudes at listed distances, depth 0: the record amplitude uses magnification 2080."""
>       check_file("gain.jsonl")

/tests/test_outputs.py:183: 
_ _ _ _ _ _ _ _ _ _ _ _ _ _ _ _ _ _ _ _ _ _ _ _ _ _ _ _ _ _ _ _ _ _ _ _ _ _ _ _ 
/tests/test_outputs.py:178: in check_file
    compare(reduce(row["bulletin"]), row["report"], f"{name} bulletin {number}")
/tests/test_outputs.py:171: in compare
    _number(row["distance_km"], exp["distance_km"], f"{at} distance_km")
_ _ _ _ _ _ _ _ _ _ _ _ _ _ _ _ _ _ _ _ _ _ _ _ _ _ _ _ _ _ _ _ _ _ _ _ _ _ _ _ 

actual = 100.0000021, expected = 100.0
where = 'gain.jsonl bulletin 0 event ev000001 station 0 (8CZYF) distance_km'

    def _number(actual, expected, where):
        if expected is None:
            assert actual is None, f"{where}: {actual!r}, expected null"
            return
        assert isinstance(actual, (int, float)) and not isinstance(actual, bool), f"{where}: {actual!r} is not a number"
>       assert abs(actual - expected) <= TOL, f"{where}: {actual!r}, expected {expected!r}"
E       AssertionError: gain.jsonl bulletin 0 event ev000001 station 0 (8CZYF) distance_km: 100.0000021, expected 100.0
E       assert 2.1000000032245225e-06 <= 1.5e-06
E        +  where 2.1000000032245225e-06 = abs((100.0000021 - 100.0))

/tests/test_outputs.py:153: AssertionError
_____________ test_rule_2_2_record_amplitude_is_half_peak_to_peak ______________

    def test_rule_2_2_record_amplitude_is_half_peak_to_peak():
        """Single readings at listed distances with no correction: the record amplitude is half the peak-to-peak value."""
>       check_file("half.jsonl")

/tests/test_outputs.py:188: 
_ _ _ _ _ _ _ _ _ _ _ _ _ _ _ _ _ _ _ _ _ _ _ _ _ _ _ _ _ _ _ _ _ _ _ _ _ _ _ _ 
/tests/test_outputs.py:178: in check_file
    compare(reduce(row["bulletin"]), row["report"], f"{name} bulletin {number}")
/tests/test_outputs.py:171: in compare
    _number(row["distance_km"], exp["distance_km"], f"{at} distance_km")
_ _ _ _ _ _ _ _ _ _ _ _ _ _ _ _ _ _ _ _ _ _ _ _ _ _ _ _ _ _ _ _ _ _ _ _ _ _ _ _ 

actual = 100.0000021, expected = 100.0
where = 'half.jsonl bulletin 0 event half-1 station 0 (HALF) distance_km'

    def _number(actual, expected, where):
        if expected is None:
            assert actual is None, f"{where}: {actual!r}, expected null"
            return
        assert isinstance(actual, (int, float)) and not isinstance(actual, bool), f"{where}: {actual!r} is not a number"
>       assert abs(actual - expected) <= TOL, f"{where}: {actual!r}, expected {expected!r}"
E       AssertionError: half.jsonl bulletin 0 event half-1 station 0 (HALF) distance_km: 100.0000021, expected 100.0
E       assert 2.1000000032245225e-06 <= 1.5e-06
E        +  where 2.1000000032245225e-06 = abs((100.0000021 - 100.0))

/tests/test_outputs.py:153: AssertionError
___ test_rule_2_3_station_mean_leaves_out_amplitudes_under_three_times_noise ___

    def test_rule_2_3_station_mean_leaves_out_amplitudes_under_three_times_noise():
        """Only amplitudes at least three times their channel's noise enter a station's mean, on either side close to the line."""
>       check_file("readings.jsonl")

/tests/test_outputs.py:193: 
_ _ _ _ _ _ _ _ _ _ _ _ _ _ _ _ _ _ _ _ _ _ _ _ _ _ _ _ _ _ _ _ _ _ _ _ _ _ _ _ 
/tests/test_outputs.py:178: in check_file
    compare(reduce(row["bulletin"]), row["report"], f"{name} bulletin {number}")
/tests/test_outputs.py:171: in compare
    _number(row["distance_km"], exp["distance_km"], f"{at} distance_km")
_ _ _ _ _ _ _ _ _ _ _ _ _ _ _ _ _ _ _ _ _ _ _ _ _ _ _ _ _ _ _ _ _ _ _ _ _ _ _ _ 

actual = 92.85801198606207, expected = 92.8580099
where = 'readings.jsonl bulletin 0 event ev000001 station 0 (DFZV) distance_km'

    def _number(actual, expected, where):
        if expected is None:
            assert actual is None, f"{where}: {actual!r}, expected null"
            return
        assert isinstance(actual, (int, float)) and not isinstance(actual, bool), f"{where}: {actual!r} is not a number"
>       assert abs(actual - expected) <= TOL, f"{where}: {actual!r}, expected {expected!r}"
E       AssertionError: readings.jsonl bulletin 0 event ev000001 station 0 (DFZV) distance_km: 92.85801198606207, expected 92.8580099
E       assert 2.086062067974126e-06 <= 1.5e-06
E        +  where 2.086062067974126e-06 = abs((92.85801198606207 - 92.8580099))

/tests/test_outputs.py:153: AssertionError
____________________ test_rule_3_1_distance_is_hypocentral _____________________

    def test_rule_3_1_distance_is_hypocentral():
        """The distance reported, corrected for and tested against the table is the hypocentral distance."""
>       check_file("hypocentral.jsonl")

/tests/test_outputs.py:198: 
_ _ _ _ _ _ _ _ _ _ _ _ _ _ _ _ _ _ _ _ _ _ _ _ _ _ _ _ _ _ _ _ _ _ _ _ _ _ _ _ 
/tests/test_outputs.py:178: in check_file
    compare(reduce(row["bulletin"]), row["report"], f"{name} bulletin {number}")
/tests/test_outputs.py:171: in compare
    _number(row["distance_km"], exp["distance_km"], f"{at} distance_km")
_ _ _ _ _ _ _ _ _ _ _ _ _ _ _ _ _ _ _ _ _ _ _ _ _ _ _ _ _ _ _ _ _ _ _ _ _ _ _ _ 

actual = 11.527794603337316, expected = 11.5277925
where = 'hypocentral.jsonl bulletin 0 event ev000001 station 0 (LKG5) distance_km'

    def _number(actual, expected, where):
        if expected is None:
            assert actual is None, f"{where}: {actual!r}, expected null"
            return
        assert isinstance(actual, (int, float)) and not isinstance(actual, bool), f"{where}: {actual!r} is not a number"
>       assert abs(actual - expected) <= TOL, f"{where}: {actual!r}, expected {expected!r}"
E       AssertionError: hypocentral.jsonl bulletin 0 event ev000001 station 0 (LKG5) distance_km: 11.527794603337316, expected 11.5277925
E       assert 2.1033373158729773e-06 <= 1.5e-06
E        +  where 2.1033373158729773e-06 = abs((11.527794603337316 - 11.5277925))

/tests/test_outputs.py:153: AssertionError
___________ test_rule_3_3_correction_linear_between_listed_distances ___________

    def test_rule_3_3_correction_linear_between_listed_distances():
        """Between two listed distances the correction is interpolated linearly in distance."""
>       check_file("interpolation.jsonl")

/tests/test_outputs.py:203: 
_ _ _ _ _ _ _ _ _ _ _ _ _ _ _ _ _ _ _ _ _ _ _ _ _ _ _ _ _ _ _ _ _ _ _ _ _ _ _ _ 
/tests/test_outputs.py:178: in check_file
    compare(reduce(row["bulletin"]), row["report"], f"{name} bulletin {number}")
/tests/test_outputs.py:171: in compare
    _number(row["distance_km"], exp["distance_km"], f"{at} distance_km")
_ _ _ _ _ _ _ _ _ _ _ _ _ _ _ _ _ _ _ _ _ _ _ _ _ _ _ _ _ _ _ _ _ _ _ _ _ _ _ _ 

actual = 261.60000210000004, expected = 261.6
where = 'interpolation.jsonl bulletin 0 event ev000001 station 0 (4) distance_km'

    def _number(actual, expected, where):
        if expected is None:
            assert actual is None, f"{where}: {actual!r}, expected null"
            return
        assert isinstance(actual, (int, float)) and not isinstance(actual, bool), f"{where}: {actual!r} is not a number"
>       assert abs(actual - expected) <= TOL, f"{where}: {actual!r}, expected {expected!r}"
E       AssertionError: interpolation.jsonl bulletin 0 event ev000001 station 0 (4) distance_km: 261.60000210000004, expected 261.6
E       assert 2.1000000174353772e-06 <= 1.5e-06
E        +  where 2.1000000174353772e-06 = abs((261.60000210000004 - 261.6))

/tests/test_outputs.py:153: AssertionError
________________ test_rule_3_3_listed_distances_and_table_ends _________________

    def test_rule_3_3_listed_distances_and_table_ends():
        """At listed distances the correction is the listed value; stations just inside either end of the table contribute."""
>       check_file("table_ends.jsonl")

/tests/test_outputs.py:208: 
_ _ _ _ _ _ _ _ _ _ _ _ _ _ _ _ _ _ _ _ _ _ _ _ _ _ _ _ _ _ _ _ _ _ _ _ _ _ _ _ 
/tests/test_outputs.py:178: in check_file
    compare(reduce(row["bulletin"]), row["report"], f"{name} bulletin {number}")
/tests/test_outputs.py:171: in compare
    _number(row["distance_km"], exp["distance_km"], f"{at} distance_km")
_ _ _ _ _ _ _ _ _ _ _ _ _ _ _ _ _ _ _ _ _ _ _ _ _ _ _ _ _ _ _ _ _ _ _ _ _ _ _ _ 

actual = 10.0100021, expected = 10.01
where = 'table_ends.jsonl bulletin 0 event ev000001 station 0 (F) distance_km'

    def _number(actual, expected, where):
        if expected is None:
            assert actual is None, f"{where}: {actual!r}, expected null"
            return
        assert isinstance(actual, (int, float)) and not isinstance(actual, bool), f"{where}: {actual!r} is not a number"
>       assert abs(actual - expected) <= TOL, f"{where}: {actual!r}, expected {expected!r}"
E       AssertionError: table_ends.jsonl bulletin 0 event ev000001 station 0 (F) distance_km: 10.0100021, expected 10.01
E       assert 2.099999999671809e-06 <= 1.5e-06
E        +  where 2.099999999671809e-06 = abs((10.0100021 - 10.01))

/tests/test_outputs.py:153: AssertionError
__________ test_station_beyond_the_table_keeps_the_shipped_correction __________

    def test_station_beyond_the_table_keeps_the_shipped_correction():
        """A station nearer than 10 km or beyond 600 km keeps today's correction calculation and does not contribute."""
>       check_file("off_table.jsonl")

/tests/test_outputs.py:213: 
_ _ _ _ _ _ _ _ _ _ _ _ _ _ _ _ _ _ _ _ _ _ _ _ _ _ _ _ _ _ _ _ _ _ _ _ _ _ _ _ 
/tests/test_outputs.py:178: in check_file
    compare(reduce(row["bulletin"]), row["report"], f"{name} bulletin {number}")
/tests/test_outputs.py:171: in compare
    _number(row["distance_km"], exp["distance_km"], f"{at} distance_km")
_ _ _ _ _ _ _ _ _ _ _ _ _ _ _ _ _ _ _ _ _ _ _ _ _ _ _ _ _ _ _ _ _ _ _ _ _ _ _ _ 

actual = 32.200002100000006, expected = 32.2
where = 'off_table.jsonl bulletin 0 event ev000001 station 0 (J7D) distance_km'

    def _number(actual, expected, where):
        if expected is None:
            assert actual is None, f"{where}: {actual!r}, expected null"
            return
        assert isinstance(actual, (int, float)) and not isinstance(actual, bool), f"{where}: {actual!r} is not a number"
>       assert abs(actual - expected) <= TOL, f"{where}: {actual!r}, expected {expected!r}"
E       AssertionError: off_table.jsonl bulletin 0 event ev000001 station 0 (J7D) distance_km: 32.200002100000006, expected 32.2
E       assert 2.1000000032245225e-06 <= 1.5e-06
E        +  where 2.1000000032245225e-06 = abs((32.200002100000006 - 32.2))

/tests/test_outputs.py:153: AssertionError
__________________ test_rule_4_2_station_correction_is_added ___________________

    def test_rule_4_2_station_correction_is_added():
        """Station corrections from -1.0 to +1.0 are added to each channel magnitude."""
>       check_file("correction.jsonl")

/tests/test_outputs.py:218: 
_ _ _ _ _ _ _ _ _ _ _ _ _ _ _ _ _ _ _ _ _ _ _ _ _ _ _ _ _ _ _ _ _ _ _ _ _ _ _ _ 
/tests/test_outputs.py:178: in check_file
    compare(reduce(row["bulletin"]), row["report"], f"{name} bulletin {number}")
/tests/test_outputs.py:171: in compare
    _number(row["distance_km"], exp["distance_km"], f"{at} distance_km")
_ _ _ _ _ _ _ _ _ _ _ _ _ _ _ _ _ _ _ _ _ _ _ _ _ _ _ _ _ _ _ _ _ _ _ _ _ _ _ _ 

actual = 400.0000021, expected = 400.0
where = 'correction.jsonl bulletin 0 event ev000001 station 0 (R) distance_km'

    def _number(actual, expected, where):
        if expected is None:
            assert actual is None, f"{where}: {actual!r}, expected null"
            return
        assert isinstance(actual, (int, float)) and not isinstance(actual, bool), f"{where}: {actual!r} is not a number"
>       assert abs(actual - expected) <= TOL, f"{where}: {actual!r}, expected {expected!r}"
E       AssertionError: correction.jsonl bulletin 0 event ev000001 station 0 (R) distance_km: 400.0000021, expected 400.0
E       assert 2.1000000174353772e-06 <= 1.5e-06
E        +  where 2.1000000174353772e-06 = abs((400.0000021 - 400.0))

/tests/test_outputs.py:153: AssertionError
________ test_rule_4_3_station_magnitude_is_mean_of_channel_magnitudes _________

    def test_rule_4_3_station_magnitude_is_mean_of_channel_magnitudes():
        """A station's magnitude is the mean of its readings' channel magnitudes, whatever their channel codes, not its largest channel."""
>       check_file("station_mean.jsonl")

/tests/test_outputs.py:223: 
_ _ _ _ _ _ _ _ _ _ _ _ _ _ _ _ _ _ _ _ _ _ _ _ _ _ _ _ _ _ _ _ _ _ _ _ _ _ _ _ 
/tests/test_outputs.py:178: in check_file
    compare(reduce(row["bulletin"]), row["report"], f"{name} bulletin {number}")
/tests/test_outputs.py:171: in compare
    _number(row["distance_km"], exp["distance_km"], f"{at} distance_km")
_ _ _ _ _ _ _ _ _ _ _ _ _ _ _ _ _ _ _ _ _ _ _ _ _ _ _ _ _ _ _ _ _ _ _ _ _ _ _ _ 

actual = 89.15296054782719, expected = 89.1529584
where = 'station_mean.jsonl bulletin 0 event ev000001 station 0 (ZGV4) distance_km'

    def _number(actual, expected, where):
        if expected is None:
            assert actual is None, f"{where}: {actual!r}, expected null"
            return
        assert isinstance(actual, (int, float)) and not isinstance(actual, bool), f"{where}: {actual!r} is not a number"
>       assert abs(actual - expected) <= TOL, f"{where}: {actual!r}, expected {expected!r}"
E       AssertionError: station_mean.jsonl bulletin 0 event ev000001 station 0 (ZGV4) distance_km: 89.15296054782719, expected 89.1529584
E       assert 2.1478271889918688e-06 <= 1.5e-06
E        +  where 2.1478271889918688e-06 = abs((89.15296054782719 - 89.1529584))

/tests/test_outputs.py:153: AssertionError
_________________ test_two_sensors_of_one_site_are_one_station _________________

    def test_two_sensors_of_one_site_are_one_station():
        """A station with two recordings pools their readings and counts once in the median and the three-station minimum."""
>       check_file("shared_station.jsonl")

/tests/test_outputs.py:228: 
_ _ _ _ _ _ _ _ _ _ _ _ _ _ _ _ _ _ _ _ _ _ _ _ _ _ _ _ _ _ _ _ _ _ _ _ _ _ _ _ 
/tests/test_outputs.py:178: in check_file
    compare(reduce(row["bulletin"]), row["report"], f"{name} bulletin {number}")
/tests/test_outputs.py:171: in compare
    _number(row["distance_km"], exp["distance_km"], f"{at} distance_km")
_ _ _ _ _ _ _ _ _ _ _ _ _ _ _ _ _ _ _ _ _ _ _ _ _ _ _ _ _ _ _ _ _ _ _ _ _ _ _ _ 

actual = 41.29600674936045, expected = 41.2960046
where = 'shared_station.jsonl bulletin 0 event ev000001 station 0 (N) distance_km'

    def _number(actual, expected, where):
        if expected is None:
            assert actual is None, f"{where}: {actual!r}, expected null"
            return
        assert isinstance(actual, (int, float)) and not isinstance(actual, bool), f"{where}: {actual!r} is not a number"
>       assert abs(actual - expected) <= TOL, f"{where}: {actual!r}, expected {expected!r}"
E       AssertionError: shared_station.jsonl bulletin 0 event ev000001 station 0 (N) distance_km: 41.29600674936045, expected 41.2960046
E       assert 2.1493604478450834e-06 <= 1.5e-06
E        +  where 2.1493604478450834e-06 = abs((41.29600674936045 - 41.2960046))

/tests/test_outputs.py:153: AssertionError
____________ test_off_table_sub_noise_and_two_sensor_sites_together ____________

    def test_off_table_sub_noise_and_two_sensor_sites_together():
        """Sub-noise amplitudes at stations off the table and at two-sensor sites, two-sensor sites off the table."""
>       check_file("combined.jsonl")

/tests/test_outputs.py:233: 
_ _ _ _ _ _ _ _ _ _ _ _ _ _ _ _ _ _ _ _ _ _ _ _ _ _ _ _ _ _ _ _ _ _ _ _ _ _ _ _ 
/tests/test_outputs.py:178: in check_file
    compare(reduce(row["bulletin"]), row["report"], f"{name} bulletin {number}")
/tests/test_outputs.py:171: in compare
    _number(row["distance_km"], exp["distance_km"], f"{at} distance_km")
_ _ _ _ _ _ _ _ _ _ _ _ _ _ _ _ _ _ _ _ _ _ _ _ _ _ _ _ _ _ _ _ _ _ _ _ _ _ _ _ 

actual = 5.0000021, expected = 5.0
where = 'combined.jsonl bulletin 0 event tog-near station 0 (TA) distance_km'

    def _number(actual, expected, where):
        if expected is None:
            assert actual is None, f"{where}: {actual!r}, expected null"
            return
        assert isinstance(actual, (int, float)) and not isinstance(actual, bool), f"{where}: {actual!r} is not a number"
>       assert abs(actual - expected) <= TOL, f"{where}: {actual!r}, expected {expected!r}"
E       AssertionError: combined.jsonl bulletin 0 event tog-near station 0 (TA) distance_km: 5.0000021, expected 5.0
E       assert 2.099999999671809e-06 <= 1.5e-06
E        +  where 2.099999999671809e-06 = abs((5.0000021 - 5.0))

/tests/test_outputs.py:153: AssertionError
__________ test_rule_5_2_network_magnitude_is_median_of_contributors ___________

    def test_rule_5_2_network_magnitude_is_median_of_contributors():
        """With an odd number of contributing stations the network magnitude is the middle one."""
>       check_file("median.jsonl")

/tests/test_outputs.py:238: 
_ _ _ _ _ _ _ _ _ _ _ _ _ _ _ _ _ _ _ _ _ _ _ _ _ _ _ _ _ _ _ _ _ _ _ _ _ _ _ _ 
/tests/test_outputs.py:178: in check_file
    compare(reduce(row["bulletin"]), row["report"], f"{name} bulletin {number}")
/tests/test_outputs.py:171: in compare
    _number(row["distance_km"], exp["distance_km"], f"{at} distance_km")
_ _ _ _ _ _ _ _ _ _ _ _ _ _ _ _ _ _ _ _ _ _ _ _ _ _ _ _ _ _ _ _ _ _ _ _ _ _ _ _ 

actual = 105.56159549456751, expected = 105.5615934
where = 'median.jsonl bulletin 0 event ev000001 station 0 (0) distance_km'

    def _number(actual, expected, where):
        if expected is None:
            assert actual is None, f"{where}: {actual!r}, expected null"
            return
        assert isinstance(actual, (int, float)) and not isinstance(actual, bool), f"{where}: {actual!r} is not a number"
>       assert abs(actual - expected) <= TOL, f"{where}: {actual!r}, expected {expected!r}"
E       AssertionError: median.jsonl bulletin 0 event ev000001 station 0 (0) distance_km: 105.56159549456751, expected 105.5615934
E       assert 2.0945675061057045e-06 <= 1.5e-06
E        +  where 2.0945675061057045e-06 = abs((105.56159549456751 - 105.5615934))

/tests/test_outputs.py:153: AssertionError
______________ test_rule_5_2_even_number_takes_mean_of_middle_two ______________

    def test_rule_5_2_even_number_takes_mean_of_middle_two():
        """With an even number of contributing stations the network magnitude is the mean of the two middle ones."""
>       check_file("median_even.jsonl")

/tests/test_outputs.py:243: 
_ _ _ _ _ _ _ _ _ _ _ _ _ _ _ _ _ _ _ _ _ _ _ _ _ _ _ _ _ _ _ _ _ _ _ _ _ _ _ _ 
/tests/test_outputs.py:178: in check_file
    compare(reduce(row["bulletin"]), row["report"], f"{name} bulletin {number}")
/tests/test_outputs.py:171: in compare
    _number(row["distance_km"], exp["distance_km"], f"{at} distance_km")
_ _ _ _ _ _ _ _ _ _ _ _ _ _ _ _ _ _ _ _ _ _ _ _ _ _ _ _ _ _ _ _ _ _ _ _ _ _ _ _ 

actual = 24.69109361090733, expected = 24.6910915
where = 'median_even.jsonl bulletin 0 event ev000001 station 0 (I) distance_km'

    def _number(actual, expected, where):
        if expected is None:
            assert actual is None, f"{where}: {actual!r}, expected null"
            return
        assert isinstance(actual, (int, float)) and not isinstance(actual, bool), f"{where}: {actual!r} is not a number"
>       assert abs(actual - expected) <= TOL, f"{where}: {actual!r}, expected {expected!r}"
E       AssertionError: median_even.jsonl bulletin 0 event ev000001 station 0 (I) distance_km: 24.69109361090733, expected 24.6910915
E       assert 2.110907331598355e-06 <= 1.5e-06
E        +  where 2.110907331598355e-06 = abs((24.69109361090733 - 24.6910915))

/tests/test_outputs.py:153: AssertionError
_____ test_rule_5_3_fewer_than_three_contributors_has_no_network_magnitude _____

    def test_rule_5_3_fewer_than_three_contributors_has_no_network_magnitude():
        """Events with one or two contributing stations report a null network magnitude."""
>       check_file("fewer_than_three.jsonl")

/tests/test_outputs.py:248: 
_ _ _ _ _ _ _ _ _ _ _ _ _ _ _ _ _ _ _ _ _ _ _ _ _ _ _ _ _ _ _ _ _ _ _ _ _ _ _ _ 
/tests/test_outputs.py:178: in check_file
    compare(reduce(row["bulletin"]), row["report"], f"{name} bulletin {number}")
/tests/test_outputs.py:171: in compare
    _number(row["distance_km"], exp["distance_km"], f"{at} distance_km")
_ _ _ _ _ _ _ _ _ _ _ _ _ _ _ _ _ _ _ _ _ _ _ _ _ _ _ _ _ _ _ _ _ _ _ _ _ _ _ _ 

actual = 102.90286892109494, expected = 102.9028668
where = 'fewer_than_three.jsonl bulletin 0 event ev000001 station 0 (RY) distance_km'

    def _number(actual, expected, where):
        if expected is None:
            assert actual is None, f"{where}: {actual!r}, expected null"
            return
        assert isinstance(actual, (int, float)) and not isinstance(actual, bool), f"{where}: {actual!r} is not a number"
>       assert abs(actual - expected) <= TOL, f"{where}: {actual!r}, expected {expected!r}"
E       AssertionError: fewer_than_three.jsonl bulletin 0 event ev000001 station 0 (RY) distance_km: 102.90286892109494, expected 102.9028668
E       assert 2.1210949370242815e-06 <= 1.5e-06
E        +  where 2.1210949370242815e-06 = abs((102.90286892109494 - 102.9028668))

/tests/test_outputs.py:153: AssertionError
__________ test_rule_5_3_three_contributors_give_a_network_magnitude ___________

    def test_rule_5_3_three_contributors_give_a_network_magnitude():
        """Events with exactly three contributing stations get a network magnitude."""
>       check_file("three.jsonl")

/tests/test_outputs.py:253: 
_ _ _ _ _ _ _ _ _ _ _ _ _ _ _ _ _ _ _ _ _ _ _ _ _ _ _ _ _ _ _ _ _ _ _ _ _ _ _ _ 
/tests/test_outputs.py:178: in check_file
    compare(reduce(row["bulletin"]), row["report"], f"{name} bulletin {number}")
/tests/test_outputs.py:171: in compare
    _number(row["distance_km"], exp["distance_km"], f"{at} distance_km")
_ _ _ _ _ _ _ _ _ _ _ _ _ _ _ _ _ _ _ _ _ _ _ _ _ _ _ _ _ _ _ _ _ _ _ _ _ _ _ _ 

actual = 28.411619442207044, expected = 28.4116173
where = 'three.jsonl bulletin 0 event ev000001 station 0 (0F) distance_km'

    def _number(actual, expected, where):
        if expected is None:
            assert actual is None, f"{where}: {actual!r}, expected null"
            return
        assert isinstance(actual, (int, float)) and not isinstance(actual, bool), f"{where}: {actual!r} is not a number"
>       assert abs(actual - expected) <= TOL, f"{where}: {actual!r}, expected {expected!r}"
E       AssertionError: three.jsonl bulletin 0 event ev000001 station 0 (0F) distance_km: 28.411619442207044, expected 28.4116173
E       assert 2.142207044641964e-06 <= 1.5e-06
E        +  where 2.142207044641964e-06 = abs((28.411619442207044 - 28.4116173))

/tests/test_outputs.py:153: AssertionError
_______________________ test_section_one_limits_reached ________________________

    def test_section_one_limits_reached():
        """Fifty events, two hundred stations, forty recordings, and every amplitude, noise, depth and correction limit."""
        rows = load("limits.jsonl")
        bulletin = rows[0]["bulletin"]
        assert len(bulletin["events"]) == 50 and len(bulletin["stations"]) == 200
        assert max(len(e["recordings"]) for e in bulletin["events"]) == 40
>       check_file("limits.jsonl")

/tests/test_outputs.py:262: 
_ _ _ _ _ _ _ _ _ _ _ _ _ _ _ _ _ _ _ _ _ _ _ _ _ _ _ _ _ _ _ _ _ _ _ _ _ _ _ _ 
/tests/test_outputs.py:178: in check_file
    compare(reduce(row["bulletin"]), row["report"], f"{name} bulletin {number}")
/tests/test_outputs.py:171: in compare
    _number(row["distance_km"], exp["distance_km"], f"{at} distance_km")
_ _ _ _ _ _ _ _ _ _ _ _ _ _ _ _ _ _ _ _ _ _ _ _ _ _ _ _ _ _ _ _ _ _ _ _ _ _ _ _ 

actual = 80.45470985535762, expected = 80.4547078
where = 'limits.jsonl bulletin 0 event LLLLLLLLLLLLLLLLLLLL station 0 (K2) distance_km'

    def _number(actual, expected, where):
        if expected is None:
            assert actual is None, f"{where}: {actual!r}, expected null"
            return
        assert isinstance(actual, (int, float)) and not isinstance(actual, bool), f"{where}: {actual!r} is not a number"
>       assert abs(actual - expected) <= TOL, f"{where}: {actual!r}, expected {expected!r}"
E       AssertionError: limits.jsonl bulletin 0 event LLLLLLLLLLLLLLLLLLLL station 0 (K2) distance_km: 80.45470985535762, expected 80.4547078
E       assert 2.055357626318255e-06 <= 1.5e-06
E        +  where 2.055357626318255e-06 = abs((80.45470985535762 - 80.4547078))

/tests/test_outputs.py:153: AssertionError
__________________ test_report_keeps_file_and_recording_order __________________

    def test_report_keeps_file_and_recording_order():
        """Events keep file order and station rows keep recording order, whatever the ids and codes, at any length they may have."""
>       check_file("order.jsonl")

/tests/test_outputs.py:267: 
_ _ _ _ _ _ _ _ _ _ _ _ _ _ _ _ _ _ _ _ _ _ _ _ _ _ _ _ _ _ _ _ _ _ _ _ _ _ _ _ 
/tests/test_outputs.py:178: in check_file
    compare(reduce(row["bulletin"]), row["report"], f"{name} bulletin {number}")
/tests/test_outputs.py:171: in compare
    _number(row["distance_km"], exp["distance_km"], f"{at} distance_km")
_ _ _ _ _ _ _ _ _ _ _ _ _ _ _ _ _ _ _ _ _ _ _ _ _ _ _ _ _ _ _ _ _ _ _ _ _ _ _ _ 

actual = 51.288987272257025, expected = 51.2889852
where = 'order.jsonl bulletin 0 event v77vy7uvv97vu64 station 0 (9JK) distance_km'

    def _number(actual, expected, where):
        if expected is None:
            assert actual is None, f"{where}: {actual!r}, expected null"
            return
        assert isinstance(actual, (int, float)) and not isinstance(actual, bool), f"{where}: {actual!r} is not a number"
>       assert abs(actual - expected) <= TOL, f"{where}: {actual!r}, expected {expected!r}"
E       AssertionError: order.jsonl bulletin 0 event v77vy7uvv97vu64 station 0 (9JK) distance_km: 51.288987272257025, expected 51.2889852
E       assert 2.0722570255315986e-06 <= 1.5e-06
E        +  where 2.0722570255315986e-06 = abs((51.288987272257025 - 51.2889852))

/tests/test_outputs.py:153: AssertionError
___________________________ test_generated_bulletins ___________________________

    def test_generated_bulletins():
        """Generated bulletins across the envelope: depths, distances, one or two channels, corrections, event sizes."""
>       check_file("generated.jsonl")

/tests/test_outputs.py:272: 
_ _ _ _ _ _ _ _ _ _ _ _ _ _ _ _ _ _ _ _ _ _ _ _ _ _ _ _ _ _ _ _ _ _ _ _ _ _ _ _ 
/tests/test_outputs.py:178: in check_file
    compare(reduce(row["bulletin"]), row["report"], f"{name} bulletin {number}")
/tests/test_outputs.py:171: in compare
    _number(row["distance_km"], exp["distance_km"], f"{at} distance_km")
_ _ _ _ _ _ _ _ _ _ _ _ _ _ _ _ _ _ _ _ _ _ _ _ _ _ _ _ _ _ _ _ _ _ _ _ _ _ _ _ 

actual = 72.64909018787624, expected = 72.6490881
where = 'generated.jsonl bulletin 0 event ev000001 station 0 (B87GA) distance_km'

    def _number(actual, expected, where):
        if expected is None:
            assert actual is None, f"{where}: {actual!r}, expected null"
            return
        assert isinstance(actual, (int, float)) and not isinstance(actual, bool), f"{where}: {actual!r} is not a number"
>       assert abs(actual - expected) <= TOL, f"{where}: {actual!r}, expected {expected!r}"
E       AssertionError: generated.jsonl bulletin 0 event ev000001 station 0 (B87GA) distance_km: 72.64909018787624, expected 72.6490881
E       assert 2.0878762398979234e-06 <= 1.5e-06
E        +  where 2.0878762398979234e-06 = abs((72.64909018787624 - 72.6490881))

/tests/test_outputs.py:153: AssertionError
==================================== PASSES ====================================
=========================== short test summary info ============================
PASSED ../../tests/test_outputs.py::test_sandbox_cannot_read_ground_truth
PASSED ../../tests/test_outputs.py::test_submitted_driver_matches_ours
FAILED ../../tests/test_outputs.py::test_rule_2_2_record_amplitude_uses_magnification_2080
FAILED ../../tests/test_outputs.py::test_rule_2_2_record_amplitude_is_half_peak_to_peak
FAILED ../../tests/test_outputs.py::test_rule_2_3_station_mean_leaves_out_amplitudes_under_three_times_noise
FAILED ../../tests/test_outputs.py::test_rule_3_1_distance_is_hypocentral - A...
FAILED ../../tests/test_outputs.py::test_rule_3_3_correction_linear_between_listed_distances
FAILED ../../tests/test_outputs.py::test_rule_3_3_listed_distances_and_table_ends
FAILED ../../tests/test_outputs.py::test_station_beyond_the_table_keeps_the_shipped_correction
FAILED ../../tests/test_outputs.py::test_rule_4_2_station_correction_is_added
FAILED ../../tests/test_outputs.py::test_rule_4_3_station_magnitude_is_mean_of_channel_magnitudes
FAILED ../../tests/test_outputs.py::test_two_sensors_of_one_site_are_one_station
FAILED ../../tests/test_outputs.py::test_off_table_sub_noise_and_two_sensor_sites_together
FAILED ../../tests/test_outputs.py::test_rule_5_2_network_magnitude_is_median_of_contributors
FAILED ../../tests/test_outputs.py::test_rule_5_2_even_number_takes_mean_of_middle_two
FAILED ../../tests/test_outputs.py::test_rule_5_3_fewer_than_three_contributors_has_no_network_magnitude
FAILED ../../tests/test_outputs.py::test_rule_5_3_three_contributors_give_a_network_magnitude
FAILED ../../tests/test_outputs.py::test_section_one_limits_reached - Asserti...
FAILED ../../tests/test_outputs.py::test_report_keeps_file_and_recording_order
FAILED ../../tests/test_outputs.py::test_generated_bulletins - AssertionError...
========================= 18 failed, 2 passed in 0.56s =========================
