============================= test session starts ==============================
platform linux -- Python 3.13.12, pytest-9.1.1, pluggy-1.6.0
rootdir: /tests
plugins: json-ctrf-0.5.2
collected 20 items

../../tests/test_outputs.py ..FFFFF....F.F.F.F..                         [100%]

=================================== FAILURES ===================================
___ test_rule_2_3_station_mean_leaves_out_amplitudes_under_three_times_noise ___

    def test_rule_2_3_station_mean_leaves_out_amplitudes_under_three_times_noise():
        """Only amplitudes at least three times their channel's noise enter a station's mean, on either side close to the line."""
>       check_file("readings.jsonl")

/tests/test_outputs.py:193: 
_ _ _ _ _ _ _ _ _ _ _ _ _ _ _ _ _ _ _ _ _ _ _ _ _ _ _ _ _ _ _ _ _ _ _ _ _ _ _ _ 
/tests/test_outputs.py:178: in check_file
    compare(reduce(row["bulletin"]), row["report"], f"{name} bulletin {number}")
/tests/test_outputs.py:172: in compare
    _number(row["ml"], exp["ml"], f"{at} ml")
_ _ _ _ _ _ _ _ _ _ _ _ _ _ _ _ _ _ _ _ _ _ _ _ _ _ _ _ _ _ _ _ _ _ _ _ _ _ _ _ 

actual = 0.0, expected = -0.245412
where = 'readings.jsonl bulletin 0 event ev000001 station 0 (DFZV) ml'

    def _number(actual, expected, where):
        if expected is None:
            assert actual is None, f"{where}: {actual!r}, expected null"
            return
        assert isinstance(actual, (int, float)) and not isinstance(actual, bool), f"{where}: {actual!r} is not a number"
>       assert abs(actual - expected) <= TOL, f"{where}: {actual!r}, expected {expected!r}"
E       AssertionError: readings.jsonl bulletin 0 event ev000001 station 0 (DFZV) ml: 0.0, expected -0.245412
E       assert 0.245412 <= 1.5e-06
E        +  where 0.245412 = abs((0.0 - -0.245412))

/tests/test_outputs.py:153: AssertionError
____________________ test_rule_3_1_distance_is_hypocentral _____________________

    def test_rule_3_1_distance_is_hypocentral():
        """The distance reported, corrected for and tested against the table is the hypocentral distance."""
>       check_file("hypocentral.jsonl")

/tests/test_outputs.py:198: 
_ _ _ _ _ _ _ _ _ _ _ _ _ _ _ _ _ _ _ _ _ _ _ _ _ _ _ _ _ _ _ _ _ _ _ _ _ _ _ _ 
/tests/test_outputs.py:178: in check_file
    compare(reduce(row["bulletin"]), row["report"], f"{name} bulletin {number}")
/tests/test_outputs.py:172: in compare
    _number(row["ml"], exp["ml"], f"{at} ml")
_ _ _ _ _ _ _ _ _ _ _ _ _ _ _ _ _ _ _ _ _ _ _ _ _ _ _ _ _ _ _ _ _ _ _ _ _ _ _ _ 

actual = 0.0, expected = -0.6008449
where = 'hypocentral.jsonl bulletin 0 event ev000001 station 0 (LKG5) ml'

    def _number(actual, expected, where):
        if expected is None:
            assert actual is None, f"{where}: {actual!r}, expected null"
            return
        assert isinstance(actual, (int, float)) and not isinstance(actual, bool), f"{where}: {actual!r} is not a number"
>       assert abs(actual - expected) <= TOL, f"{where}: {actual!r}, expected {expected!r}"
E       AssertionError: hypocentral.jsonl bulletin 0 event ev000001 station 0 (LKG5) ml: 0.0, expected -0.6008449
E       assert 0.6008449 <= 1.5e-06
E        +  where 0.6008449 = abs((0.0 - -0.6008449))

/tests/test_outputs.py:153: AssertionError
___________ test_rule_3_3_correction_linear_between_listed_distances ___________

    def test_rule_3_3_correction_linear_between_listed_distances():
        """Between two listed distances the correction is interpolated linearly in distance."""
>       check_file("interpolation.jsonl")

/tests/test_outputs.py:203: 
_ _ _ _ _ _ _ _ _ _ _ _ _ _ _ _ _ _ _ _ _ _ _ _ _ _ _ _ _ _ _ _ _ _ _ _ _ _ _ _ 
/tests/test_outputs.py:178: in check_file
    compare(reduce(row["bulletin"]), row["report"], f"{name} bulletin {number}")
/tests/test_outputs.py:172: in compare
    _number(row["ml"], exp["ml"], f"{at} ml")
_ _ _ _ _ _ _ _ _ _ _ _ _ _ _ _ _ _ _ _ _ _ _ _ _ _ _ _ _ _ _ _ _ _ _ _ _ _ _ _ 

actual = 0.0, expected = -0.2362176
where = 'interpolation.jsonl bulletin 0 event ev000004 station 1 (IG1R) ml'

    def _number(actual, expected, where):
        if expected is None:
            assert actual is None, f"{where}: {actual!r}, expected null"
            return
        assert isinstance(actual, (int, float)) and not isinstance(actual, bool), f"{where}: {actual!r} is not a number"
>       assert abs(actual - expected) <= TOL, f"{where}: {actual!r}, expected {expected!r}"
E       AssertionError: interpolation.jsonl bulletin 0 event ev000004 station 1 (IG1R) ml: 0.0, expected -0.2362176
E       assert 0.2362176 <= 1.5e-06
E        +  where 0.2362176 = abs((0.0 - -0.2362176))

/tests/test_outputs.py:153: AssertionError
________________ test_rule_3_3_listed_distances_and_table_ends _________________

    def test_rule_3_3_listed_distances_and_table_ends():
        """At listed distances the correction is the listed value; stations just inside either end of the table contribute."""
>       check_file("table_ends.jsonl")

/tests/test_outputs.py:208: 
_ _ _ _ _ _ _ _ _ _ _ _ _ _ _ _ _ _ _ _ _ _ _ _ _ _ _ _ _ _ _ _ _ _ _ _ _ _ _ _ 
/tests/test_outputs.py:178: in check_file
    compare(reduce(row["bulletin"]), row["report"], f"{name} bulletin {number}")
/tests/test_outputs.py:172: in compare
    _number(row["ml"], exp["ml"], f"{at} ml")
_ _ _ _ _ _ _ _ _ _ _ _ _ _ _ _ _ _ _ _ _ _ _ _ _ _ _ _ _ _ _ _ _ _ _ _ _ _ _ _ 

actual = 0.0, expected = -0.9297541
where = 'table_ends.jsonl bulletin 0 event ev000001 station 4 (3S5) ml'

    def _number(actual, expected, where):
        if expected is None:
            assert actual is None, f"{where}: {actual!r}, expected null"
            return
        assert isinstance(actual, (int, float)) and not isinstance(actual, bool), f"{where}: {actual!r} is not a number"
>       assert abs(actual - expected) <= TOL, f"{where}: {actual!r}, expected {expected!r}"
E       AssertionError: table_ends.jsonl bulletin 0 event ev000001 station 4 (3S5) ml: 0.0, expected -0.9297541
E       assert 0.9297541 <= 1.5e-06
E        +  where 0.9297541 = abs((0.0 - -0.9297541))

/tests/test_outputs.py:153: AssertionError
__________ test_station_beyond_the_table_keeps_the_shipped_correction __________

    def test_station_beyond_the_table_keeps_the_shipped_correction():
        """A station nearer than 10 km or beyond 600 km keeps today's correction calculation and does not contribute."""
>       check_file("off_table.jsonl")

/tests/test_outputs.py:213: 
_ _ _ _ _ _ _ _ _ _ _ _ _ _ _ _ _ _ _ _ _ _ _ _ _ _ _ _ _ _ _ _ _ _ _ _ _ _ _ _ 
/tests/test_outputs.py:178: in check_file
    compare(reduce(row["bulletin"]), row["report"], f"{name} bulletin {number}")
/tests/test_outputs.py:172: in compare
    _number(row["ml"], exp["ml"], f"{at} ml")
_ _ _ _ _ _ _ _ _ _ _ _ _ _ _ _ _ _ _ _ _ _ _ _ _ _ _ _ _ _ _ _ _ _ _ _ _ _ _ _ 

actual = 0.0, expected = -1.2419554
where = 'off_table.jsonl bulletin 0 event ev000006 station 2 (KZ) ml'

    def _number(actual, expected, where):
        if expected is None:
            assert actual is None, f"{where}: {actual!r}, expected null"
            return
        assert isinstance(actual, (int, float)) and not isinstance(actual, bool), f"{where}: {actual!r} is not a number"
>       assert abs(actual - expected) <= TOL, f"{where}: {actual!r}, expected {expected!r}"
E       AssertionError: off_table.jsonl bulletin 0 event ev000006 station 2 (KZ) ml: 0.0, expected -1.2419554
E       assert 1.2419554 <= 1.5e-06
E        +  where 1.2419554 = abs((0.0 - -1.2419554))

/tests/test_outputs.py:153: AssertionError
__________ test_rule_5_2_network_magnitude_is_median_of_contributors ___________

    def test_rule_5_2_network_magnitude_is_median_of_contributors():
        """With an odd number of contributing stations the network magnitude is the middle one."""
>       check_file("median.jsonl")

/tests/test_outputs.py:238: 
_ _ _ _ _ _ _ _ _ _ _ _ _ _ _ _ _ _ _ _ _ _ _ _ _ _ _ _ _ _ _ _ _ _ _ _ _ _ _ _ 
/tests/test_outputs.py:178: in check_file
    compare(reduce(row["bulletin"]), row["report"], f"{name} bulletin {number}")
/tests/test_outputs.py:172: in compare
    _number(row["ml"], exp["ml"], f"{at} ml")
_ _ _ _ _ _ _ _ _ _ _ _ _ _ _ _ _ _ _ _ _ _ _ _ _ _ _ _ _ _ _ _ _ _ _ _ _ _ _ _ 

actual = 0.0, expected = -1.1773876
where = 'median.jsonl bulletin 0 event ev000001 station 1 (OM10E) ml'

    def _number(actual, expected, where):
        if expected is None:
            assert actual is None, f"{where}: {actual!r}, expected null"
            return
        assert isinstance(actual, (int, float)) and not isinstance(actual, bool), f"{where}: {actual!r} is not a number"
>       assert abs(actual - expected) <= TOL, f"{where}: {actual!r}, expected {expected!r}"
E       AssertionError: median.jsonl bulletin 0 event ev000001 station 1 (OM10E) ml: 0.0, expected -1.1773876
E       assert 1.1773876 <= 1.5e-06
E        +  where 1.1773876 = abs((0.0 - -1.1773876))

/tests/test_outputs.py:153: AssertionError
_____ test_rule_5_3_fewer_than_three_contributors_has_no_network_magnitude _____

    def test_rule_5_3_fewer_than_three_contributors_has_no_network_magnitude():
        """Events with one or two contributing stations report a null network magnitude."""
>       check_file("fewer_than_three.jsonl")

/tests/test_outputs.py:248: 
_ _ _ _ _ _ _ _ _ _ _ _ _ _ _ _ _ _ _ _ _ _ _ _ _ _ _ _ _ _ _ _ _ _ _ _ _ _ _ _ 
/tests/test_outputs.py:178: in check_file
    compare(reduce(row["bulletin"]), row["report"], f"{name} bulletin {number}")
/tests/test_outputs.py:172: in compare
    _number(row["ml"], exp["ml"], f"{at} ml")
_ _ _ _ _ _ _ _ _ _ _ _ _ _ _ _ _ _ _ _ _ _ _ _ _ _ _ _ _ _ _ _ _ _ _ _ _ _ _ _ 

actual = 0.0, expected = -1.2671014
where = 'fewer_than_three.jsonl bulletin 0 event ev000004 station 1 (7) ml'

    def _number(actual, expected, where):
        if expected is None:
            assert actual is None, f"{where}: {actual!r}, expected null"
            return
        assert isinstance(actual, (int, float)) and not isinstance(actual, bool), f"{where}: {actual!r} is not a number"
>       assert abs(actual - expected) <= TOL, f"{where}: {actual!r}, expected {expected!r}"
E       AssertionError: fewer_than_three.jsonl bulletin 0 event ev000004 station 1 (7) ml: 0.0, expected -1.2671014
E       assert 1.2671014 <= 1.5e-06
E        +  where 1.2671014 = abs((0.0 - -1.2671014))

/tests/test_outputs.py:153: AssertionError
_______________________ test_section_one_limits_reached ________________________

    def test_section_one_limits_reached():
        """Fifty events, two hundred stations, forty recordings, and every amplitude, noise, depth and correction limit."""
        rows = load("limits.jsonl")
        bulletin = rows[0]["bulletin"]
        assert len(bulletin["events"]) == 50 and len(bulletin["stations"]) == 200
        assert max(len(e["recordings"]) for e in bulletin["events"]) == 40
>       check_file("limits.jsonl")

/tests/test_outputs.py:262: 
_ _ _ _ _ _ _ _ _ _ _ _ _ _ _ _ _ _ _ _ _ _ _ _ _ _ _ _ _ _ _ _ _ _ _ _ _ _ _ _ 
/tests/test_outputs.py:178: in check_file
    compare(reduce(row["bulletin"]), row["report"], f"{name} bulletin {number}")
/tests/test_outputs.py:172: in compare
    _number(row["ml"], exp["ml"], f"{at} ml")
_ _ _ _ _ _ _ _ _ _ _ _ _ _ _ _ _ _ _ _ _ _ _ _ _ _ _ _ _ _ _ _ _ _ _ _ _ _ _ _ 

actual = 0.0, expected = -3.2826067
where = 'limits.jsonl bulletin 0 event Z station 0 (K2) ml'

    def _number(actual, expected, where):
        if expected is None:
            assert actual is None, f"{where}: {actual!r}, expected null"
            return
        assert isinstance(actual, (int, float)) and not isinstance(actual, bool), f"{where}: {actual!r} is not a number"
>       assert abs(actual - expected) <= TOL, f"{where}: {actual!r}, expected {expected!r}"
E       AssertionError: limits.jsonl bulletin 0 event Z station 0 (K2) ml: 0.0, expected -3.2826067
E       assert 3.2826067 <= 1.5e-06
E        +  where 3.2826067 = abs((0.0 - -3.2826067))

/tests/test_outputs.py:153: AssertionError
___________________________ test_generated_bulletins ___________________________

    def test_generated_bulletins():
        """Generated bulletins across the envelope: depths, distances, one or two channels, corrections, event sizes."""
>       check_file("generated.jsonl")

/tests/test_outputs.py:272: 
_ _ _ _ _ _ _ _ _ _ _ _ _ _ _ _ _ _ _ _ _ _ _ _ _ _ _ _ _ _ _ _ _ _ _ _ _ _ _ _ 
/tests/test_outputs.py:178: in check_file
    compare(reduce(row["bulletin"]), row["report"], f"{name} bulletin {number}")
/tests/test_outputs.py:172: in compare
    _number(row["ml"], exp["ml"], f"{at} ml")
_ _ _ _ _ _ _ _ _ _ _ _ _ _ _ _ _ _ _ _ _ _ _ _ _ _ _ _ _ _ _ _ _ _ _ _ _ _ _ _ 

actual = 0.0, expected = -0.4964201
where = 'generated.jsonl bulletin 1 event ev000003 station 1 (GEUZ) ml'

    def _number(actual, expected, where):
        if expected is None:
            assert actual is None, f"{where}: {actual!r}, expected null"
            return
        assert isinstance(actual, (int, float)) and not isinstance(actual, bool), f"{where}: {actual!r} is not a number"
>       assert abs(actual - expected) <= TOL, f"{where}: {actual!r}, expected {expected!r}"
E       AssertionError: generated.jsonl bulletin 1 event ev000003 station 1 (GEUZ) ml: 0.0, expected -0.4964201
E       assert 0.4964201 <= 1.5e-06
E        +  where 0.4964201 = abs((0.0 - -0.4964201))

/tests/test_outputs.py:153: AssertionError
==================================== PASSES ====================================
=========================== short test summary info ============================
PASSED ../../tests/test_outputs.py::test_rule_2_2_record_amplitude_uses_magnification_2080
PASSED ../../tests/test_outputs.py::test_rule_2_2_record_amplitude_is_half_peak_to_peak
PASSED ../../tests/test_outputs.py::test_rule_4_2_station_correction_is_added
PASSED ../../tests/test_outputs.py::test_rule_4_3_station_magnitude_is_mean_of_channel_magnitudes
PASSED ../../tests/test_outputs.py::test_two_sensors_of_one_site_are_one_station
PASSED ../../tests/test_outputs.py::test_off_table_sub_noise_and_two_sensor_sites_together
PASSED ../../tests/test_outputs.py::test_rule_5_2_even_number_takes_mean_of_middle_two
PASSED ../../tests/test_outputs.py::test_rule_5_3_three_contributors_give_a_network_magnitude
PASSED ../../tests/test_outputs.py::test_report_keeps_file_and_recording_order
PASSED ../../tests/test_outputs.py::test_sandbox_cannot_read_ground_truth
PASSED ../../tests/test_outputs.py::test_submitted_driver_matches_ours
FAILED ../../tests/test_outputs.py::test_rule_2_3_station_mean_leaves_out_amplitudes_under_three_times_noise
FAILED ../../tests/test_outputs.py::test_rule_3_1_distance_is_hypocentral - A...
FAILED ../../tests/test_outputs.py::test_rule_3_3_correction_linear_between_listed_distances
FAILED ../../tests/test_outputs.py::test_rule_3_3_listed_distances_and_table_ends
FAILED ../../tests/test_outputs.py::test_station_beyond_the_table_keeps_the_shipped_correction
FAILED ../../tests/test_outputs.py::test_rule_5_2_network_magnitude_is_median_of_contributors
FAILED ../../tests/test_outputs.py::test_rule_5_3_fewer_than_three_contributors_has_no_network_magnitude
FAILED ../../tests/test_outputs.py::test_section_one_limits_reached - Asserti...
FAILED ../../tests/test_outputs.py::test_generated_bulletins - AssertionError...
========================= 9 failed, 11 passed in 0.63s =========================
