============================= test session starts ==============================
platform linux -- Python 3.13.12, pytest-9.1.1, pluggy-1.6.0
rootdir: /tests
plugins: json-ctrf-0.5.2
collected 54 items

../../tests/test_outputs.py ..........F................................. [ 81%]
..........                                                               [100%]

=================================== FAILURES ===================================
________________________________ test_long_run _________________________________

    def test_long_run():
        # The instruction promises files of up to 500 records each; this pair is at
        # that size on both streams, so a port with a smaller fixed capacity cannot
        # pass on the shorter fixtures alone.
        with open(os.path.join(CASES, "long_run.dat"), "rb") as fh:
            readings = fh.read().split(b"\n")[:-1]
        with open(os.path.join(CASES, "long_run.pay"), "rb") as fh:
            postings = fh.read().split(b"\n")[:-1]
>       assert len(readings) == 500 and sum(r.startswith(b"C") for r in readings) == 499
E       AssertionError: assert (100 == 500)
E        +  where 100 = len([b'H20250930ALL DISTRICTS                                                          ', b'C95575035Ines Tanaka          ...00000000000                ', b'C77637145Irina Okafor            D224706224892088+00000000000000                ', ...])

/tests/test_outputs.py:202: AssertionError
==================================== PASSES ====================================
=========================== short test summary info ============================
PASSED ../../tests/test_outputs.py::test_every_case_has_an_expected_statement
PASSED ../../tests/test_outputs.py::test_band_boundaries
PASSED ../../tests/test_outputs.py::test_credit_balances
PASSED ../../tests/test_outputs.py::test_date_and_region
PASSED ../../tests/test_outputs.py::test_district_run
PASSED ../../tests/test_outputs.py::test_empty_file
PASSED ../../tests/test_outputs.py::test_header_missing
PASSED ../../tests/test_outputs.py::test_header_only
PASSED ../../tests/test_outputs.py::test_header_out_of_place
PASSED ../../tests/test_outputs.py::test_large_commercial_accounts
PASSED ../../tests/test_outputs.py::test_meter_rollover
PASSED ../../tests/test_outputs.py::test_names_of_every_shape
PASSED ../../tests/test_outputs.py::test_postings_account_identifiers
PASSED ../../tests/test_outputs.py::test_postings_amount_forms
PASSED ../../tests/test_outputs.py::test_postings_empty
PASSED ../../tests/test_outputs.py::test_postings_kinds_and_accounts
PASSED ../../tests/test_outputs.py::test_postings_memos
PASSED ../../tests/test_outputs.py::test_postings_ordinary
PASSED ../../tests/test_outputs.py::test_postings_rounding_modes
PASSED ../../tests/test_outputs.py::test_postings_with_fewer_fields
PASSED ../../tests/test_outputs.py::test_rejected_records
PASSED ../../tests/test_outputs.py::test_rounding_boundaries
PASSED ../../tests/test_outputs.py::test_short_lines
PASSED ../../tests/test_outputs.py::test_two_headers
PASSED ../../tests/test_outputs.py::test_zero_amounts
PASSED ../../tests/test_outputs.py::test_other_record_types
PASSED ../../tests/test_outputs.py::test_short_header
PASSED ../../tests/test_outputs.py::test_header_date_and_part_region
PASSED ../../tests/test_outputs.py::test_blank_line_first
PASSED ../../tests/test_outputs.py::test_generated_01
PASSED ../../tests/test_outputs.py::test_generated_02
PASSED ../../tests/test_outputs.py::test_generated_03
PASSED ../../tests/test_outputs.py::test_generated_04
PASSED ../../tests/test_outputs.py::test_generated_05
PASSED ../../tests/test_outputs.py::test_generated_06
PASSED ../../tests/test_outputs.py::test_generated_07
PASSED ../../tests/test_outputs.py::test_generated_08
PASSED ../../tests/test_outputs.py::test_generated_09
PASSED ../../tests/test_outputs.py::test_generated_10
PASSED ../../tests/test_outputs.py::test_generated_11
PASSED ../../tests/test_outputs.py::test_generated_12
PASSED ../../tests/test_outputs.py::test_generated_13
PASSED ../../tests/test_outputs.py::test_generated_14
PASSED ../../tests/test_outputs.py::test_generated_15
PASSED ../../tests/test_outputs.py::test_generated_16
PASSED ../../tests/test_outputs.py::test_generated_17
PASSED ../../tests/test_outputs.py::test_generated_18
PASSED ../../tests/test_outputs.py::test_generated_19
PASSED ../../tests/test_outputs.py::test_generated_20
PASSED ../../tests/test_outputs.py::test_generated_21
PASSED ../../tests/test_outputs.py::test_generated_22
PASSED ../../tests/test_outputs.py::test_generated_23
PASSED ../../tests/test_outputs.py::test_generated_24
FAILED ../../tests/test_outputs.py::test_long_run - AssertionError: assert (1...
========================= 1 failed, 53 passed in 1.62s =========================
