============================= test session starts ==============================
platform linux -- Python 3.13.12, pytest-9.1.1, pluggy-1.6.0
rootdir: /tests
plugins: json-ctrf-0.5.2
collected 17 items

../../tests/test_outputs.py F................                            [100%]

=================================== FAILURES ===================================
______________________________ test_binary_input _______________________________

    def test_binary_input():
>       check("binary_input")

/tests/test_outputs.py:110: 
_ _ _ _ _ _ _ _ _ _ _ _ _ _ _ _ _ _ _ _ _ _ _ _ _ _ _ _ _ _ _ _ _ _ _ _ _ _ _ _ 

family = 'binary_input'

    def check(family):
        cases = [c for c in CASES if c["family"] == family]
        assert cases, f"no cases for {family}"
        failures = []
        for case in cases:
            want = run([GNU_GREP], case)
            got = run(DEMOTE + CANDIDATE, case)
            if got != want:
                failures.append((case, want, got))
        if failures:
            case, want, got = failures[0]
            detail = (f"{len(failures)} of {len(cases)} cases differ; first: grep {case['args']!r} with files "
                      f"{[n for n, _t in case['files']]} on stdin {case['stdin'][:60]!r}: expected {want[0]!r} "
                      f"(status {want[1]}), got {got[0]!r} (status {got[1]})")
>           raise AssertionError(detail)
E           AssertionError: 1 of 8 cases differ; first: grep ['ary'] with files [] on stdin 'text line foo\nbin\x00ary foo\nmore foo\n': expected b'' (status 0), got b'ary foo\n' (status 0)

/tests/test_outputs.py:106: AssertionError
==================================== PASSES ====================================
=========================== short test summary info ============================
PASSED ../../tests/test_outputs.py::test_context
PASSED ../../tests/test_outputs.py::test_files_and_status
PASSED ../../tests/test_outputs.py::test_mixed_1
PASSED ../../tests/test_outputs.py::test_mixed_2
PASSED ../../tests/test_outputs.py::test_mixed_3
PASSED ../../tests/test_outputs.py::test_mixed_4
PASSED ../../tests/test_outputs.py::test_mixed_5
PASSED ../../tests/test_outputs.py::test_mixed_6
PASSED ../../tests/test_outputs.py::test_mixed_7
PASSED ../../tests/test_outputs.py::test_mixed_8
PASSED ../../tests/test_outputs.py::test_null_data
PASSED ../../tests/test_outputs.py::test_only_matching
PASSED ../../tests/test_outputs.py::test_output_controls
PASSED ../../tests/test_outputs.py::test_patterns
PASSED ../../tests/test_outputs.py::test_launcher_stops_delegation_and_foreign_code
PASSED ../../tests/test_outputs.py::test_delivered_package_is_standard_library_python
FAILED ../../tests/test_outputs.py::test_binary_input - AssertionError: 1 of ...
=================== 1 failed, 16 passed in 106.52s (0:01:46) ===================
