============================= test session starts ==============================
platform linux -- Python 3.13.12, pytest-9.1.1, pluggy-1.6.0
rootdir: /tests
plugins: json-ctrf-0.5.2
collected 17 items

../../tests/test_outputs.py .F.FFFFFFFF..F...                            [100%]

=================================== FAILURES ===================================
_________________________________ test_context _________________________________

    def test_context():
>       check("context")

/tests/test_outputs.py:114: 
_ _ _ _ _ _ _ _ _ _ _ _ _ _ _ _ _ _ _ _ _ _ _ _ _ _ _ _ _ _ _ _ _ _ _ _ _ _ _ _ 

family = 'context'

    def check(family):
        cases = [c for c in CASES if c["family"] == family]
        assert cases, f"no cases for {family}"
        failures = []
        for case in cases:
            want = run([GNU_GREP], case)
            got = run(DEMOTE + CANDIDATE, case)
            if got != want:
                failures.append((case, want, got))
        if failures:
            case, want, got = failures[0]
            detail = (f"{len(failures)} of {len(cases)} cases differ; first: grep {case['args']!r} with files "
                      f"{[n for n, _t in case['files']]} on stdin {case['stdin'][:60]!r}: expected {want[0]!r} "
                      f"(status {want[1]}), got {got[0]!r} (status {got[1]})")
>           raise AssertionError(detail)
E           AssertionError: 1 of 18 cases differ; first: grep ['-A', '1', '-B', '1', '-m', '2', 'a'] with files [] on stdin 'alpha beta\nBeta gamma\ngamma delta epsilon\nfoo bar foo\nfoobar': expected b'alpha beta\nBeta gamma\ngamma delta epsilon\n' (status 0), got b'alpha beta\nBeta gamma\ngamma delta epsilon\nfoo bar foo\nfoobar\nbar-foo\n\n--\nFOO\nabcabc\na.b.c\nx1y2z3\n' (status 0)

/tests/test_outputs.py:106: AssertionError
_________________________________ test_mixed_1 _________________________________

    def test_mixed_1():
>       check("mixed_1")

/tests/test_outputs.py:122: 
_ _ _ _ _ _ _ _ _ _ _ _ _ _ _ _ _ _ _ _ _ _ _ _ _ _ _ _ _ _ _ _ _ _ _ _ _ _ _ _ 

family = 'mixed_1'

    def check(family):
        cases = [c for c in CASES if c["family"] == family]
        assert cases, f"no cases for {family}"
        failures = []
        for case in cases:
            want = run([GNU_GREP], case)
            got = run(DEMOTE + CANDIDATE, case)
            if got != want:
                failures.append((case, want, got))
        if failures:
            case, want, got = failures[0]
            detail = (f"{len(failures)} of {len(cases)} cases differ; first: grep {case['args']!r} with files "
                      f"{[n for n, _t in case['files']]} on stdin {case['stdin'][:60]!r}: expected {want[0]!r} "
                      f"(status {want[1]}), got {got[0]!r} (status {got[1]})")
>           raise AssertionError(detail)
E           AssertionError: 12 of 236 cases differ; first: grep ['-m2', '-e', '^a', '-e', '^$', '-e', '\\(o\\)\\1', 'f1', 'f2'] with files ['f1', 'f2'] on stdin 'x-y baz\noo a1\na1  foo bar_2\noo x-y alpha fo baz\nabc a1\nalpha': expected b'f1:oo a1\nf1:a1  foo bar_2\nf2:fo oo bar_2\nf2:a.b\n' (status 0), got b'f1:oo a1\nf1:a1  foo bar_2\nf1:oo x-y alpha fo baz\nf1:abc a1\nf1:alpha abc\nf2:fo oo bar_2\nf2:a.b\nf2:oo\n' (status 0)

/tests/test_outputs.py:106: AssertionError
_________________________________ test_mixed_2 _________________________________

    def test_mixed_2():
>       check("mixed_2")

/tests/test_outputs.py:126: 
_ _ _ _ _ _ _ _ _ _ _ _ _ _ _ _ _ _ _ _ _ _ _ _ _ _ _ _ _ _ _ _ _ _ _ _ _ _ _ _ 

family = 'mixed_2'

    def check(family):
        cases = [c for c in CASES if c["family"] == family]
        assert cases, f"no cases for {family}"
        failures = []
        for case in cases:
            want = run([GNU_GREP], case)
            got = run(DEMOTE + CANDIDATE, case)
            if got != want:
                failures.append((case, want, got))
        if failures:
            case, want, got = failures[0]
            detail = (f"{len(failures)} of {len(cases)} cases differ; first: grep {case['args']!r} with files "
                      f"{[n for n, _t in case['files']]} on stdin {case['stdin'][:60]!r}: expected {want[0]!r} "
                      f"(status {want[1]}), got {got[0]!r} (status {got[1]})")
>           raise AssertionError(detail)
E           AssertionError: 14 of 235 cases differ; first: grep ['-2', '-m2', '-b', 'o*'] with files [] on stdin 'ab\nfoo abc FOO a1 oo\nx-y a.b Beta\n\nbar_2 a.b\nqux\nbar alpha  ': expected b'0:ab\n3:foo abc FOO a1 oo\n21-x-y a.b Beta\n34-\n' (status 0), got b'0:ab\n3:foo abc FOO a1 oo\n21:x-y a.b Beta\n34:\n35:bar_2 a.b\n45:qux\n49:bar alpha   \n62:\n63:baz foo baz\n75:a1 bar\n82:abc \n87:   qux qux\n98:\n' (status 0)

/tests/test_outputs.py:106: AssertionError
_________________________________ test_mixed_3 _________________________________

    def test_mixed_3():
>       check("mixed_3")

/tests/test_outputs.py:130: 
_ _ _ _ _ _ _ _ _ _ _ _ _ _ _ _ _ _ _ _ _ _ _ _ _ _ _ _ _ _ _ _ _ _ _ _ _ _ _ _ 

family = 'mixed_3'

    def check(family):
        cases = [c for c in CASES if c["family"] == family]
        assert cases, f"no cases for {family}"
        failures = []
        for case in cases:
            want = run([GNU_GREP], case)
            got = run(DEMOTE + CANDIDATE, case)
            if got != want:
                failures.append((case, want, got))
        if failures:
            case, want, got = failures[0]
            detail = (f"{len(failures)} of {len(cases)} cases differ; first: grep {case['args']!r} with files "
                      f"{[n for n, _t in case['files']]} on stdin {case['stdin'][:60]!r}: expected {want[0]!r} "
                      f"(status {want[1]}), got {got[0]!r} (status {got[1]})")
>           raise AssertionError(detail)
E           AssertionError: 14 of 234 cases differ; first: grep ['-m1', '-2', '-H', '-e', '\\bba', '-e', '^$', '-e', 'foo'] with files [] on stdin 'a.b a.b fo Beta foo\n\n   Beta\n\n\nbar_2 ab\nqux bar\n\n\n': expected b'(standard input):a.b a.b fo Beta foo\n(standard input)-\n(standard input)-   Beta\n' (status 0), got b'(standard input):a.b a.b fo Beta foo\n(standard input):\n(standard input)-   Beta\n(standard input):\n(standard input):\n(standard input):bar_2 ab\n(standard input):qux bar\n(standard input):\n(standard input):\n' (status 0)

/tests/test_outputs.py:106: AssertionError
_________________________________ test_mixed_4 _________________________________

    def test_mixed_4():
>       check("mixed_4")

/tests/test_outputs.py:134: 
_ _ _ _ _ _ _ _ _ _ _ _ _ _ _ _ _ _ _ _ _ _ _ _ _ _ _ _ _ _ _ _ _ _ _ _ _ _ _ _ 

family = 'mixed_4'

    def check(family):
        cases = [c for c in CASES if c["family"] == family]
        assert cases, f"no cases for {family}"
        failures = []
        for case in cases:
            want = run([GNU_GREP], case)
            got = run(DEMOTE + CANDIDATE, case)
            if got != want:
                failures.append((case, want, got))
        if failures:
            case, want, got = failures[0]
            detail = (f"{len(failures)} of {len(cases)} cases differ; first: grep {case['args']!r} with files "
                      f"{[n for n, _t in case['files']]} on stdin {case['stdin'][:60]!r}: expected {want[0]!r} "
                      f"(status {want[1]}), got {got[0]!r} (status {got[1]})")
>           raise AssertionError(detail)
E           AssertionError: 16 of 235 cases differ; first: grep ['-m2', '--no-group-separator', '-e', 'o\\{2\\}', '-e', 'o*', '-e', 'fo*'] with files [] on stdin '  \nqux  ab\nqux x-y oo qux\n\nfoo ab x-y\na.b\n': expected b'  \nqux  ab\n' (status 0), got b'  \nqux  ab\nqux x-y oo qux\n\nfoo ab x-y\na.b\n' (status 0)

/tests/test_outputs.py:106: AssertionError
_________________________________ test_mixed_5 _________________________________

    def test_mixed_5():
>       check("mixed_5")

/tests/test_outputs.py:138: 
_ _ _ _ _ _ _ _ _ _ _ _ _ _ _ _ _ _ _ _ _ _ _ _ _ _ _ _ _ _ _ _ _ _ _ _ _ _ _ _ 

family = 'mixed_5'

    def check(family):
        cases = [c for c in CASES if c["family"] == family]
        assert cases, f"no cases for {family}"
        failures = []
        for case in cases:
            want = run([GNU_GREP], case)
            got = run(DEMOTE + CANDIDATE, case)
            if got != want:
                failures.append((case, want, got))
        if failures:
            case, want, got = failures[0]
            detail = (f"{len(failures)} of {len(cases)} cases differ; first: grep {case['args']!r} with files "
                      f"{[n for n, _t in case['files']]} on stdin {case['stdin'][:60]!r}: expected {want[0]!r} "
                      f"(status {want[1]}), got {got[0]!r} (status {got[1]})")
>           raise AssertionError(detail)
E           AssertionError: 14 of 233 cases differ; first: grep ['-m2', '-2', '-C1', '-c', '-e', 'o*'] with files [] on stdin 'baz a.b\nbar_2\nx-y qux \n': expected b'2\n' (status 0), got b'3\n' (status 0)

/tests/test_outputs.py:106: AssertionError
_________________________________ test_mixed_6 _________________________________

    def test_mixed_6():
>       check("mixed_6")

/tests/test_outputs.py:142: 
_ _ _ _ _ _ _ _ _ _ _ _ _ _ _ _ _ _ _ _ _ _ _ _ _ _ _ _ _ _ _ _ _ _ _ _ _ _ _ _ 

family = 'mixed_6'

    def check(family):
        cases = [c for c in CASES if c["family"] == family]
        assert cases, f"no cases for {family}"
        failures = []
        for case in cases:
            want = run([GNU_GREP], case)
            got = run(DEMOTE + CANDIDATE, case)
            if got != want:
                failures.append((case, want, got))
        if failures:
            case, want, got = failures[0]
            detail = (f"{len(failures)} of {len(cases)} cases differ; first: grep {case['args']!r} with files "
                      f"{[n for n, _t in case['files']]} on stdin {case['stdin'][:60]!r}: expected {want[0]!r} "
                      f"(status {want[1]}), got {got[0]!r} (status {got[1]})")
>           raise AssertionError(detail)
E           AssertionError: 13 of 236 cases differ; first: grep ['-i', '-m1', '-o', '-e', 'r$', '-e', 'foo', '-e', 'fo*'] with files [] on stdin '   baz oo\nfo bar Beta\nabc x-y  a.b baz\nFOO baz x-y\nFOO fo\nba': expected b'fo\n' (status 0), got b'fo\nFOO\nFOO\nfo\nfoo\nfoo\nfo\nfoo\n' (status 0)

/tests/test_outputs.py:106: AssertionError
_________________________________ test_mixed_7 _________________________________

    def test_mixed_7():
>       check("mixed_7")

/tests/test_outputs.py:146: 
_ _ _ _ _ _ _ _ _ _ _ _ _ _ _ _ _ _ _ _ _ _ _ _ _ _ _ _ _ _ _ _ _ _ _ _ _ _ _ _ 

family = 'mixed_7'

    def check(family):
        cases = [c for c in CASES if c["family"] == family]
        assert cases, f"no cases for {family}"
        failures = []
        for case in cases:
            want = run([GNU_GREP], case)
            got = run(DEMOTE + CANDIDATE, case)
            if got != want:
                failures.append((case, want, got))
        if failures:
            case, want, got = failures[0]
            detail = (f"{len(failures)} of {len(cases)} cases differ; first: grep {case['args']!r} with files "
                      f"{[n for n, _t in case['files']]} on stdin {case['stdin'][:60]!r}: expected {want[0]!r} "
                      f"(status {want[1]}), got {got[0]!r} (status {got[1]})")
>           raise AssertionError(detail)
E           AssertionError: 17 of 235 cases differ; first: grep ['-m2', '-e', '\\(o\\)\\1', '-e', 'o*', '-e', '\\bba'] with files [] on stdin 'ab x-y\nbaz\nab ab     oo\nqux\nbar foo\noo foo\n oo abc\n': expected b'ab x-y\nbaz\n' (status 0), got b'ab x-y\nbaz\nab ab     oo\nqux\nbar foo\noo foo\n oo abc\n' (status 0)

/tests/test_outputs.py:106: AssertionError
_________________________________ test_mixed_8 _________________________________

    def test_mixed_8():
>       check("mixed_8")

/tests/test_outputs.py:150: 
_ _ _ _ _ _ _ _ _ _ _ _ _ _ _ _ _ _ _ _ _ _ _ _ _ _ _ _ _ _ _ _ _ _ _ _ _ _ _ _ 

family = 'mixed_8'

    def check(family):
        cases = [c for c in CASES if c["family"] == family]
        assert cases, f"no cases for {family}"
        failures = []
        for case in cases:
            want = run([GNU_GREP], case)
            got = run(DEMOTE + CANDIDATE, case)
            if got != want:
                failures.append((case, want, got))
        if failures:
            case, want, got = failures[0]
            detail = (f"{len(failures)} of {len(cases)} cases differ; first: grep {case['args']!r} with files "
                      f"{[n for n, _t in case['files']]} on stdin {case['stdin'][:60]!r}: expected {want[0]!r} "
                      f"(status {want[1]}), got {got[0]!r} (status {got[1]})")
>           raise AssertionError(detail)
E           AssertionError: 19 of 235 cases differ; first: grep ['-h', '-m1', '-v', '-e', '(ab)+', '-e', '-'] with files [] on stdin 'abc ab baz bar   \n\nfoo qux foo baz\n\nbar_2\n\nbar a1 bar_2\na1 F': expected b'abc ab baz bar   \n' (status 0), got b'abc ab baz bar   \n\nfoo qux foo baz\n\nbar_2\n\nbar a1 bar_2\na1 FOO\n' (status 0)

/tests/test_outputs.py:106: AssertionError
_____________________________ test_output_controls _____________________________

    def test_output_controls():
>       check("output_controls")

/tests/test_outputs.py:162: 
_ _ _ _ _ _ _ _ _ _ _ _ _ _ _ _ _ _ _ _ _ _ _ _ _ _ _ _ _ _ _ _ _ _ _ _ _ _ _ _ 

family = 'output_controls'

    def check(family):
        cases = [c for c in CASES if c["family"] == family]
        assert cases, f"no cases for {family}"
        failures = []
        for case in cases:
            want = run([GNU_GREP], case)
            got = run(DEMOTE + CANDIDATE, case)
            if got != want:
                failures.append((case, want, got))
        if failures:
            case, want, got = failures[0]
            detail = (f"{len(failures)} of {len(cases)} cases differ; first: grep {case['args']!r} with files "
                      f"{[n for n, _t in case['files']]} on stdin {case['stdin'][:60]!r}: expected {want[0]!r} "
                      f"(status {want[1]}), got {got[0]!r} (status {got[1]})")
>           raise AssertionError(detail)
E           AssertionError: 6 of 21 cases differ; first: grep ['-m', '2', 'foo'] with files [] on stdin 'alpha beta\nBeta gamma\ngamma delta epsilon\nfoo bar foo\nfoobar': expected b'foo bar foo\nfoobar\n' (status 0), got b'foo bar foo\nfoobar\nbar-foo\n  indented foo\n' (status 0)

/tests/test_outputs.py:106: AssertionError
==================================== PASSES ====================================
=========================== short test summary info ============================
PASSED ../../tests/test_outputs.py::test_binary_input
PASSED ../../tests/test_outputs.py::test_files_and_status
PASSED ../../tests/test_outputs.py::test_null_data
PASSED ../../tests/test_outputs.py::test_only_matching
PASSED ../../tests/test_outputs.py::test_patterns
PASSED ../../tests/test_outputs.py::test_launcher_stops_delegation_and_foreign_code
PASSED ../../tests/test_outputs.py::test_delivered_package_is_standard_library_python
FAILED ../../tests/test_outputs.py::test_context - AssertionError: 1 of 18 ca...
FAILED ../../tests/test_outputs.py::test_mixed_1 - AssertionError: 12 of 236 ...
FAILED ../../tests/test_outputs.py::test_mixed_2 - AssertionError: 14 of 235 ...
FAILED ../../tests/test_outputs.py::test_mixed_3 - AssertionError: 14 of 234 ...
FAILED ../../tests/test_outputs.py::test_mixed_4 - AssertionError: 16 of 235 ...
FAILED ../../tests/test_outputs.py::test_mixed_5 - AssertionError: 14 of 233 ...
FAILED ../../tests/test_outputs.py::test_mixed_6 - AssertionError: 13 of 236 ...
FAILED ../../tests/test_outputs.py::test_mixed_7 - AssertionError: 17 of 235 ...
FAILED ../../tests/test_outputs.py::test_mixed_8 - AssertionError: 19 of 235 ...
FAILED ../../tests/test_outputs.py::test_output_controls - AssertionError: 6 ...
=================== 10 failed, 7 passed in 107.04s (0:01:47) ===================
