============================= test session starts ==============================
platform linux -- Python 3.13.12, pytest-9.1.1, pluggy-1.6.0
rootdir: /tests
plugins: json-ctrf-0.5.2
collected 17 items

../../tests/test_outputs.py .F.FFFFFFFF......                            [100%]

=================================== FAILURES ===================================
_________________________________ test_context _________________________________

    def test_context():
>       check("context")

/tests/test_outputs.py:114: 
_ _ _ _ _ _ _ _ _ _ _ _ _ _ _ _ _ _ _ _ _ _ _ _ _ _ _ _ _ _ _ _ _ _ _ _ _ _ _ _ 

family = 'context'

    def check(family):
        cases = [c for c in CASES if c["family"] == family]
        assert cases, f"no cases for {family}"
        failures = []
        for case in cases:
            want = run([GNU_GREP], case)
            got = run(DEMOTE + CANDIDATE, case)
            if got != want:
                failures.append((case, want, got))
        if failures:
            case, want, got = failures[0]
            detail = (f"{len(failures)} of {len(cases)} cases differ; first: grep {case['args']!r} with files "
                      f"{[n for n, _t in case['files']]} on stdin {case['stdin'][:60]!r}: expected {want[0]!r} "
                      f"(status {want[1]}), got {got[0]!r} (status {got[1]})")
>           raise AssertionError(detail)
E           AssertionError: 2 of 18 cases differ; first: grep ['-A', '1', '-v', 'a'] with files [] on stdin 'alpha beta\nBeta gamma\ngamma delta epsilon\nfoo bar foo\nfoobar': expected b'\n  indented foo\nFOO\nabcabc\n--\nx1y2z3\nthe end\n' (status 0), got b'\n  indented foo\nFOO\nabcabc\nx1y2z3\nthe end\n' (status 0)

/tests/test_outputs.py:106: AssertionError
_________________________________ test_mixed_1 _________________________________

    def test_mixed_1():
>       check("mixed_1")

/tests/test_outputs.py:122: 
_ _ _ _ _ _ _ _ _ _ _ _ _ _ _ _ _ _ _ _ _ _ _ _ _ _ _ _ _ _ _ _ _ _ _ _ _ _ _ _ 

family = 'mixed_1'

    def check(family):
        cases = [c for c in CASES if c["family"] == family]
        assert cases, f"no cases for {family}"
        failures = []
        for case in cases:
            want = run([GNU_GREP], case)
            got = run(DEMOTE + CANDIDATE, case)
            if got != want:
                failures.append((case, want, got))
        if failures:
            case, want, got = failures[0]
            detail = (f"{len(failures)} of {len(cases)} cases differ; first: grep {case['args']!r} with files "
                      f"{[n for n, _t in case['files']]} on stdin {case['stdin'][:60]!r}: expected {want[0]!r} "
                      f"(status {want[1]}), got {got[0]!r} (status {got[1]})")
>           raise AssertionError(detail)
E           AssertionError: 17 of 236 cases differ; first: grep ['-s', '-C1', '-v', '-F', '-e', '_', '-e', 'q.x', '-e', 'b.r', 'f1', 'f2'] with files ['f1', 'f2'] on stdin '\nabc fo\nBeta x-y    \nabc FOO abc ab\nab a1\nx-y qux qux Beta\nb': expected b'f1:\nf1:abc fo\nf1:Beta x-y    \nf1:abc FOO abc ab\nf1:ab a1\nf1:x-y qux qux Beta\nf1:baz FOO abc\nf1:oo\nf1:\nf1:Beta fo\nf1-bar_2 ab bar ab\nf1:a1 ab baz ab\nf1:oo    abc\nf1:\n--\nf2:oo x-y\n' (status 0), got b'f1:\nf1:abc fo\nf1:Beta x-y    \nf1:abc FOO abc ab\nf1:ab a1\nf1:x-y qux qux Beta\nf1:baz FOO abc\nf1:oo\nf1:\nf1:Beta fo\nf1-bar_2 ab bar ab\nf1:a1 ab baz ab\nf1:oo    abc\nf1:\nf2:oo x-y\n' (status 0)

/tests/test_outputs.py:106: AssertionError
_________________________________ test_mixed_2 _________________________________

    def test_mixed_2():
>       check("mixed_2")

/tests/test_outputs.py:126: 
_ _ _ _ _ _ _ _ _ _ _ _ _ _ _ _ _ _ _ _ _ _ _ _ _ _ _ _ _ _ _ _ _ _ _ _ _ _ _ _ 

family = 'mixed_2'

    def check(family):
        cases = [c for c in CASES if c["family"] == family]
        assert cases, f"no cases for {family}"
        failures = []
        for case in cases:
            want = run([GNU_GREP], case)
            got = run(DEMOTE + CANDIDATE, case)
            if got != want:
                failures.append((case, want, got))
        if failures:
            case, want, got = failures[0]
            detail = (f"{len(failures)} of {len(cases)} cases differ; first: grep {case['args']!r} with files "
                      f"{[n for n, _t in case['files']]} on stdin {case['stdin'][:60]!r}: expected {want[0]!r} "
                      f"(status {want[1]}), got {got[0]!r} (status {got[1]})")
>           raise AssertionError(detail)
E           AssertionError: 9 of 235 cases differ; first: grep ['-h', '-B1', '-Z', '-H', '-e', '-', '-e', '(ab)+', '-e', 'o\\{2\\}'] with files [] on stdin 'a1 fo a.b baz a.b\noo ab FOO\na1 abc qux x-y\n\nbaz bar_2 baz a1': expected b'(standard input)\x00a1 fo a.b baz a.b\n(standard input)\x00oo ab FOO\n(standard input)\x00a1 abc qux x-y\n--\n(standard input)\x00baz bar_2 baz a1 bar_2\n(standard input)\x00   qux a1 x-y\n(standard input)\x00Beta Beta oo baz\n(standard input)\x00oo\n' (status 0), got b'(standard input)\x00a1 fo a.b baz a.b\n(standard input)\x00oo ab FOO\n(standard input)\x00a1 abc qux x-y\n(standard input)\x00baz bar_2 baz a1 bar_2\n(standard input)\x00   qux a1 x-y\n(standard input)\x00Beta Beta oo baz\n(standard input)\x00oo\n' (status 0)

/tests/test_outputs.py:106: AssertionError
_________________________________ test_mixed_3 _________________________________

    def test_mixed_3():
>       check("mixed_3")

/tests/test_outputs.py:130: 
_ _ _ _ _ _ _ _ _ _ _ _ _ _ _ _ _ _ _ _ _ _ _ _ _ _ _ _ _ _ _ _ _ _ _ _ _ _ _ _ 

family = 'mixed_3'

    def check(family):
        cases = [c for c in CASES if c["family"] == family]
        assert cases, f"no cases for {family}"
        failures = []
        for case in cases:
            want = run([GNU_GREP], case)
            got = run(DEMOTE + CANDIDATE, case)
            if got != want:
                failures.append((case, want, got))
        if failures:
            case, want, got = failures[0]
            detail = (f"{len(failures)} of {len(cases)} cases differ; first: grep {case['args']!r} with files "
                      f"{[n for n, _t in case['files']]} on stdin {case['stdin'][:60]!r}: expected {want[0]!r} "
                      f"(status {want[1]}), got {got[0]!r} (status {got[1]})")
>           raise AssertionError(detail)
E           AssertionError: 15 of 234 cases differ; first: grep ['-C1', '-e', 'Ba', '-e', '^$', '-e', '-', 'f1', 'f2'] with files ['f1', 'f2'] on stdin 'abc bar_2 fo baz\na.b ab alpha\na1 ab a.b bar_2\nabc ab abc abc': expected b'f1-ab oo oo fo Beta\nf1:\nf1:bar_2 x-y ab x-y\nf1-   fo\n--\nf2:oo bar x-y\nf2- a1 baz\nf2-bar_2 a1\nf2:\n' (status 0), got b'f1-ab oo oo fo Beta\nf1:\nf1:bar_2 x-y ab x-y\nf1-   fo\nf2:oo bar x-y\nf2- a1 baz\nf2-bar_2 a1\nf2:\n' (status 0)

/tests/test_outputs.py:106: AssertionError
_________________________________ test_mixed_4 _________________________________

    def test_mixed_4():
>       check("mixed_4")

/tests/test_outputs.py:134: 
_ _ _ _ _ _ _ _ _ _ _ _ _ _ _ _ _ _ _ _ _ _ _ _ _ _ _ _ _ _ _ _ _ _ _ _ _ _ _ _ 

family = 'mixed_4'

    def check(family):
        cases = [c for c in CASES if c["family"] == family]
        assert cases, f"no cases for {family}"
        failures = []
        for case in cases:
            want = run([GNU_GREP], case)
            got = run(DEMOTE + CANDIDATE, case)
            if got != want:
                failures.append((case, want, got))
        if failures:
            case, want, got = failures[0]
            detail = (f"{len(failures)} of {len(cases)} cases differ; first: grep {case['args']!r} with files "
                      f"{[n for n, _t in case['files']]} on stdin {case['stdin'][:60]!r}: expected {want[0]!r} "
                      f"(status {want[1]}), got {got[0]!r} (status {got[1]})")
>           raise AssertionError(detail)
E           AssertionError: 9 of 235 cases differ; first: grep ['-A1', '-Z', '-e', '[[:digit:]]', '-e', 'fo*', '-e', '^$'] with files [] on stdin 'qux    \nabc foo oo abc bar_2\n a.b\nqux FOO\nab\nfoo\nbaz foo\nbaz': expected b'abc foo oo abc bar_2\n a.b\n--\nfoo\nbaz foo\nbaz\n--\noo a1 foo\n\n' (status 0), got b'abc foo oo abc bar_2\n a.b\nfoo\nbaz foo\nbaz\noo a1 foo\n\n' (status 0)

/tests/test_outputs.py:106: AssertionError
_________________________________ test_mixed_5 _________________________________

    def test_mixed_5():
>       check("mixed_5")

/tests/test_outputs.py:138: 
_ _ _ _ _ _ _ _ _ _ _ _ _ _ _ _ _ _ _ _ _ _ _ _ _ _ _ _ _ _ _ _ _ _ _ _ _ _ _ _ 

family = 'mixed_5'

    def check(family):
        cases = [c for c in CASES if c["family"] == family]
        assert cases, f"no cases for {family}"
        failures = []
        for case in cases:
            want = run([GNU_GREP], case)
            got = run(DEMOTE + CANDIDATE, case)
            if got != want:
                failures.append((case, want, got))
        if failures:
            case, want, got = failures[0]
            detail = (f"{len(failures)} of {len(cases)} cases differ; first: grep {case['args']!r} with files "
                      f"{[n for n, _t in case['files']]} on stdin {case['stdin'][:60]!r}: expected {want[0]!r} "
                      f"(status {want[1]}), got {got[0]!r} (status {got[1]})")
>           raise AssertionError(detail)
E           AssertionError: 14 of 233 cases differ; first: grep ['-h', '-A1', '-v', '-e', '[a-c]+', '-e', '\\bba', 'f1', 'f2'] with files ['f1', 'f2'] on stdin 'baz a1 alpha\noo  abc\n  \na.b FOO\nx-y abc oo oo\n\nabc abc oo\nx-': expected b'oo  abc\n  \na.b FOO\nx-y abc oo oo\n\nabc abc oo\nx-y bar_2 foo foo alpha\n--\noo fo x-y\nFOO    fo ab bar\n\n' (status 0), got b'oo  abc\n  \na.b FOO\nx-y abc oo oo\n\nabc abc oo\nx-y bar_2 foo foo alpha\noo fo x-y\nFOO    fo ab bar\n\n' (status 0)

/tests/test_outputs.py:106: AssertionError
_________________________________ test_mixed_6 _________________________________

    def test_mixed_6():
>       check("mixed_6")

/tests/test_outputs.py:142: 
_ _ _ _ _ _ _ _ _ _ _ _ _ _ _ _ _ _ _ _ _ _ _ _ _ _ _ _ _ _ _ _ _ _ _ _ _ _ _ _ 

family = 'mixed_6'

    def check(family):
        cases = [c for c in CASES if c["family"] == family]
        assert cases, f"no cases for {family}"
        failures = []
        for case in cases:
            want = run([GNU_GREP], case)
            got = run(DEMOTE + CANDIDATE, case)
            if got != want:
                failures.append((case, want, got))
        if failures:
            case, want, got = failures[0]
            detail = (f"{len(failures)} of {len(cases)} cases differ; first: grep {case['args']!r} with files "
                      f"{[n for n, _t in case['files']]} on stdin {case['stdin'][:60]!r}: expected {want[0]!r} "
                      f"(status {want[1]}), got {got[0]!r} (status {got[1]})")
>           raise AssertionError(detail)
E           AssertionError: 10 of 236 cases differ; first: grep ['-A2', '-w', '-T', 'a.b'] with files [] on stdin 'a.b\na1 abc\n\nqux bar_2 FOO\nBeta ab alpha bar ab\n\nfo foo x-y o': expected b'a.b\na1 abc\n\n--\na.b alpha alpha ab\nabc bar_2 a1 oo\n' (status 0), got b'a.b\na1 abc\n\na.b alpha alpha ab\nabc bar_2 a1 oo\n' (status 0)

/tests/test_outputs.py:106: AssertionError
_________________________________ test_mixed_7 _________________________________

    def test_mixed_7():
>       check("mixed_7")

/tests/test_outputs.py:146: 
_ _ _ _ _ _ _ _ _ _ _ _ _ _ _ _ _ _ _ _ _ _ _ _ _ _ _ _ _ _ _ _ _ _ _ _ _ _ _ _ 

family = 'mixed_7'

    def check(family):
        cases = [c for c in CASES if c["family"] == family]
        assert cases, f"no cases for {family}"
        failures = []
        for case in cases:
            want = run([GNU_GREP], case)
            got = run(DEMOTE + CANDIDATE, case)
            if got != want:
                failures.append((case, want, got))
        if failures:
            case, want, got = failures[0]
            detail = (f"{len(failures)} of {len(cases)} cases differ; first: grep {case['args']!r} with files "
                      f"{[n for n, _t in case['files']]} on stdin {case['stdin'][:60]!r}: expected {want[0]!r} "
                      f"(status {want[1]}), got {got[0]!r} (status {got[1]})")
>           raise AssertionError(detail)
E           AssertionError: 13 of 235 cases differ; first: grep ['-w', '-C1', '-F', '-e', '^a', '-e', 'x?y', '-e', 'foo'] with files [] on stdin '  \n  \nab baz foo qux\nfo\nbaz\nbar_2 alpha bar   \na1 x-y abc   ': expected b'  \nab baz foo qux\nfo\n--\nalpha fo qux\nFOO foo abc\n' (status 0), got b'  \nab baz foo qux\nfo\nalpha fo qux\nFOO foo abc\n' (status 0)

/tests/test_outputs.py:106: AssertionError
_________________________________ test_mixed_8 _________________________________

    def test_mixed_8():
>       check("mixed_8")

/tests/test_outputs.py:150: 
_ _ _ _ _ _ _ _ _ _ _ _ _ _ _ _ _ _ _ _ _ _ _ _ _ _ _ _ _ _ _ _ _ _ _ _ _ _ _ _ 

family = 'mixed_8'

    def check(family):
        cases = [c for c in CASES if c["family"] == family]
        assert cases, f"no cases for {family}"
        failures = []
        for case in cases:
            want = run([GNU_GREP], case)
            got = run(DEMOTE + CANDIDATE, case)
            if got != want:
                failures.append((case, want, got))
        if failures:
            case, want, got = failures[0]
            detail = (f"{len(failures)} of {len(cases)} cases differ; first: grep {case['args']!r} with files "
                      f"{[n for n, _t in case['files']]} on stdin {case['stdin'][:60]!r}: expected {want[0]!r} "
                      f"(status {want[1]}), got {got[0]!r} (status {got[1]})")
>           raise AssertionError(detail)
E           AssertionError: 15 of 235 cases differ; first: grep ['-B1', '-e', '\\bba', '-e', '(ab)+', 'f1', 'f2'] with files ['f1', 'f2'] on stdin 'bar_2\nx-y fo bar_2 a.b oo\nbaz a1 ab\n\nabc abc x-y\noo\n\nbaz FOO': expected b'f1:bar_2\nf1:x-y fo bar_2 a.b oo\nf1:baz a1 ab\n--\nf1-\nf1:baz FOO\n--\nf2-\nf2:Beta bar_2\n' (status 0), got b'f1:bar_2\nf1:x-y fo bar_2 a.b oo\nf1:baz a1 ab\nf1-\nf1:baz FOO\nf2-\nf2:Beta bar_2\n' (status 0)

/tests/test_outputs.py:106: AssertionError
==================================== PASSES ====================================
=========================== short test summary info ============================
PASSED ../../tests/test_outputs.py::test_binary_input
PASSED ../../tests/test_outputs.py::test_files_and_status
PASSED ../../tests/test_outputs.py::test_null_data
PASSED ../../tests/test_outputs.py::test_only_matching
PASSED ../../tests/test_outputs.py::test_output_controls
PASSED ../../tests/test_outputs.py::test_patterns
PASSED ../../tests/test_outputs.py::test_launcher_stops_delegation_and_foreign_code
PASSED ../../tests/test_outputs.py::test_delivered_package_is_standard_library_python
FAILED ../../tests/test_outputs.py::test_context - AssertionError: 2 of 18 ca...
FAILED ../../tests/test_outputs.py::test_mixed_1 - AssertionError: 17 of 236 ...
FAILED ../../tests/test_outputs.py::test_mixed_2 - AssertionError: 9 of 235 c...
FAILED ../../tests/test_outputs.py::test_mixed_3 - AssertionError: 15 of 234 ...
FAILED ../../tests/test_outputs.py::test_mixed_4 - AssertionError: 9 of 235 c...
FAILED ../../tests/test_outputs.py::test_mixed_5 - AssertionError: 14 of 233 ...
FAILED ../../tests/test_outputs.py::test_mixed_6 - AssertionError: 10 of 236 ...
FAILED ../../tests/test_outputs.py::test_mixed_7 - AssertionError: 13 of 235 ...
FAILED ../../tests/test_outputs.py::test_mixed_8 - AssertionError: 15 of 235 ...
=================== 9 failed, 8 passed in 154.31s (0:02:34) ====================
