============================= test session starts ==============================
platform linux -- Python 3.13.12, pytest-9.1.1, pluggy-1.6.0
rootdir: /tests
plugins: json-ctrf-0.5.2
collected 17 items

../../tests/test_outputs.py ...FFFFFFFF......                            [100%]

=================================== FAILURES ===================================
_________________________________ test_mixed_1 _________________________________

    def test_mixed_1():
>       check("mixed_1")

/tests/test_outputs.py:122: 
_ _ _ _ _ _ _ _ _ _ _ _ _ _ _ _ _ _ _ _ _ _ _ _ _ _ _ _ _ _ _ _ _ _ _ _ _ _ _ _ 

family = 'mixed_1'

    def check(family):
        cases = [c for c in CASES if c["family"] == family]
        assert cases, f"no cases for {family}"
        failures = []
        for case in cases:
            want = run([GNU_GREP], case)
            got = run(DEMOTE + CANDIDATE, case)
            if got != want:
                failures.append((case, want, got))
        if failures:
            case, want, got = failures[0]
            detail = (f"{len(failures)} of {len(cases)} cases differ; first: grep {case['args']!r} with files "
                      f"{[n for n, _t in case['files']]} on stdin {case['stdin'][:60]!r}: expected {want[0]!r} "
                      f"(status {want[1]}), got {got[0]!r} (status {got[1]})")
>           raise AssertionError(detail)
E           AssertionError: 1 of 236 cases differ; first: grep ['-w', '-e', '.', '-e', 'q.x'] with files [] on stdin '\nbar ab\nfo a.b ab\na.b a.b fo\nbaz\n\n\nFOO    ab ab\nabc abc\nbar\n': expected b'fo a.b ab\na.b a.b fo\nFOO    ab ab\n' (status 0), got b'a.b a.b fo\n' (status 0)

/tests/test_outputs.py:106: AssertionError
_________________________________ test_mixed_2 _________________________________

    def test_mixed_2():
>       check("mixed_2")

/tests/test_outputs.py:126: 
_ _ _ _ _ _ _ _ _ _ _ _ _ _ _ _ _ _ _ _ _ _ _ _ _ _ _ _ _ _ _ _ _ _ _ _ _ _ _ _ 

family = 'mixed_2'

    def check(family):
        cases = [c for c in CASES if c["family"] == family]
        assert cases, f"no cases for {family}"
        failures = []
        for case in cases:
            want = run([GNU_GREP], case)
            got = run(DEMOTE + CANDIDATE, case)
            if got != want:
                failures.append((case, want, got))
        if failures:
            case, want, got = failures[0]
            detail = (f"{len(failures)} of {len(cases)} cases differ; first: grep {case['args']!r} with files "
                      f"{[n for n, _t in case['files']]} on stdin {case['stdin'][:60]!r}: expected {want[0]!r} "
                      f"(status {want[1]}), got {got[0]!r} (status {got[1]})")
>           raise AssertionError(detail)
E           AssertionError: 2 of 235 cases differ; first: grep ['-T', '-v', '-m2', '-w', '-e', '\\bba', '-e', 'o+', '-e', '\\(o\\)\\1'] with files [] on stdin 'a.b fo\nfoo x-y oo qux\noo a.b    bar_2': expected b'a.b fo\n' (status 0), got b'a.b fo\nfoo x-y oo qux\n' (status 0)

/tests/test_outputs.py:106: AssertionError
_________________________________ test_mixed_3 _________________________________

    def test_mixed_3():
>       check("mixed_3")

/tests/test_outputs.py:130: 
_ _ _ _ _ _ _ _ _ _ _ _ _ _ _ _ _ _ _ _ _ _ _ _ _ _ _ _ _ _ _ _ _ _ _ _ _ _ _ _ 

family = 'mixed_3'

    def check(family):
        cases = [c for c in CASES if c["family"] == family]
        assert cases, f"no cases for {family}"
        failures = []
        for case in cases:
            want = run([GNU_GREP], case)
            got = run(DEMOTE + CANDIDATE, case)
            if got != want:
                failures.append((case, want, got))
        if failures:
            case, want, got = failures[0]
            detail = (f"{len(failures)} of {len(cases)} cases differ; first: grep {case['args']!r} with files "
                      f"{[n for n, _t in case['files']]} on stdin {case['stdin'][:60]!r}: expected {want[0]!r} "
                      f"(status {want[1]}), got {got[0]!r} (status {got[1]})")
>           raise AssertionError(detail)
E           AssertionError: 1 of 234 cases differ; first: grep ['-w', '-i', 'o*', 'f1', 'f2'] with files ['f1', 'f2'] on stdin 'a.b bar_2 FOO oo x-y\n   a1 Beta qux\nbaz   \n qux  fo\nFOO ab\na': expected b'f1:a.b bar_2 FOO oo x-y\nf1:   a1 Beta qux\nf1:baz   \nf1: qux  fo\nf1:qux bar  bar\nf1:fo fo alpha ab \nf1:\nf1:oo oo\nf2:\n' (status 0), got b'f1:   a1 Beta qux\nf1: qux  fo\nf1:\nf1:oo oo\nf2:\n' (status 0)

/tests/test_outputs.py:106: AssertionError
_________________________________ test_mixed_4 _________________________________

    def test_mixed_4():
>       check("mixed_4")

/tests/test_outputs.py:134: 
_ _ _ _ _ _ _ _ _ _ _ _ _ _ _ _ _ _ _ _ _ _ _ _ _ _ _ _ _ _ _ _ _ _ _ _ _ _ _ _ 

family = 'mixed_4'

    def check(family):
        cases = [c for c in CASES if c["family"] == family]
        assert cases, f"no cases for {family}"
        failures = []
        for case in cases:
            want = run([GNU_GREP], case)
            got = run(DEMOTE + CANDIDATE, case)
            if got != want:
                failures.append((case, want, got))
        if failures:
            case, want, got = failures[0]
            detail = (f"{len(failures)} of {len(cases)} cases differ; first: grep {case['args']!r} with files "
                      f"{[n for n, _t in case['files']]} on stdin {case['stdin'][:60]!r}: expected {want[0]!r} "
                      f"(status {want[1]}), got {got[0]!r} (status {got[1]})")
>           raise AssertionError(detail)
E           AssertionError: 1 of 235 cases differ; first: grep ['-w', '-v', '-e', 'a|ab', '-e', 'o*'] with files [] on stdin '  \n\nbar_2     Beta\na1 a1   \nx-y ab fo Beta\nabc  ab\n\nabc     ': expected b'x-y ab fo Beta\nbar_2 ab abc baz bar_2\nqux alpha\nbaz x-y ab baz\nbar\n' (status 0), got b'bar_2     Beta\na1 a1   \nx-y ab fo Beta\nabc  ab\nabc       FOO abc\nfo qux oo\nab  abc baz a.b\nbar_2 ab abc baz bar_2\nqux alpha\nbaz x-y ab baz\nbar\n' (status 0)

/tests/test_outputs.py:106: AssertionError
_________________________________ test_mixed_5 _________________________________

    def test_mixed_5():
>       check("mixed_5")

/tests/test_outputs.py:138: 
_ _ _ _ _ _ _ _ _ _ _ _ _ _ _ _ _ _ _ _ _ _ _ _ _ _ _ _ _ _ _ _ _ _ _ _ _ _ _ _ 

family = 'mixed_5'

    def check(family):
        cases = [c for c in CASES if c["family"] == family]
        assert cases, f"no cases for {family}"
        failures = []
        for case in cases:
            want = run([GNU_GREP], case)
            got = run(DEMOTE + CANDIDATE, case)
            if got != want:
                failures.append((case, want, got))
        if failures:
            case, want, got = failures[0]
            detail = (f"{len(failures)} of {len(cases)} cases differ; first: grep {case['args']!r} with files "
                      f"{[n for n, _t in case['files']]} on stdin {case['stdin'][:60]!r}: expected {want[0]!r} "
                      f"(status {want[1]}), got {got[0]!r} (status {got[1]})")
>           raise AssertionError(detail)
E           AssertionError: 1 of 233 cases differ; first: grep ['-2', '-w', '-A1', '-e', '[a-c]+', '-e', '^a', '-e', 'o*'] with files [] on stdin '\nbar Beta Beta\nbar bar_2 bar_2 a1 FOO\nalpha\nFOO Beta \nbar ba': expected b'\nbar Beta Beta\nbar bar_2 bar_2 a1 FOO\nalpha\nFOO Beta \nbar bar_2 oo\noo a.b\n' (status 0), got b'\nbar Beta Beta\n--\nFOO Beta \nbar bar_2 oo\noo a.b\n' (status 0)

/tests/test_outputs.py:106: AssertionError
_________________________________ test_mixed_6 _________________________________

    def test_mixed_6():
>       check("mixed_6")

/tests/test_outputs.py:142: 
_ _ _ _ _ _ _ _ _ _ _ _ _ _ _ _ _ _ _ _ _ _ _ _ _ _ _ _ _ _ _ _ _ _ _ _ _ _ _ _ 

family = 'mixed_6'

    def check(family):
        cases = [c for c in CASES if c["family"] == family]
        assert cases, f"no cases for {family}"
        failures = []
        for case in cases:
            want = run([GNU_GREP], case)
            got = run(DEMOTE + CANDIDATE, case)
            if got != want:
                failures.append((case, want, got))
        if failures:
            case, want, got = failures[0]
            detail = (f"{len(failures)} of {len(cases)} cases differ; first: grep {case['args']!r} with files "
                      f"{[n for n, _t in case['files']]} on stdin {case['stdin'][:60]!r}: expected {want[0]!r} "
                      f"(status {want[1]}), got {got[0]!r} (status {got[1]})")
>           raise AssertionError(detail)
E           AssertionError: 4 of 236 cases differ; first: grep ['-w', '-h', '-i', '-c', '.', 'f1', 'f2'] with files ['f1', 'f2'] on stdin 'FOO bar_2\nFOO a1 oo baz baz\na.b  Beta\nfo\nalpha fo foo Beta a': expected b'4\n2\n' (status 0), got b'3\n2\n' (status 0)

/tests/test_outputs.py:106: AssertionError
_________________________________ test_mixed_7 _________________________________

    def test_mixed_7():
>       check("mixed_7")

/tests/test_outputs.py:146: 
_ _ _ _ _ _ _ _ _ _ _ _ _ _ _ _ _ _ _ _ _ _ _ _ _ _ _ _ _ _ _ _ _ _ _ _ _ _ _ _ 

family = 'mixed_7'

    def check(family):
        cases = [c for c in CASES if c["family"] == family]
        assert cases, f"no cases for {family}"
        failures = []
        for case in cases:
            want = run([GNU_GREP], case)
            got = run(DEMOTE + CANDIDATE, case)
            if got != want:
                failures.append((case, want, got))
        if failures:
            case, want, got = failures[0]
            detail = (f"{len(failures)} of {len(cases)} cases differ; first: grep {case['args']!r} with files "
                      f"{[n for n, _t in case['files']]} on stdin {case['stdin'][:60]!r}: expected {want[0]!r} "
                      f"(status {want[1]}), got {got[0]!r} (status {got[1]})")
>           raise AssertionError(detail)
E           AssertionError: 1 of 235 cases differ; first: grep ['-v', '-A2', '-w', '-e', 'Ba', '-e', '.', '-e', 'x?y', 'f1', 'f2'] with files ['f1', 'f2'] on stdin '\nalpha fo\nFOO bar abc x-y\nqux\nqux Beta x-y fo\nfoo\n bar fo\nfo': expected b'f1:\nf1:alpha fo\nf1-FOO bar abc x-y\nf1:qux\nf1-qux Beta x-y fo\nf1:foo\nf1: bar fo\nf1:fo\nf1-bar_2 bar_2    bar\nf1:ab foo bar\nf1:bar\n' (status 0), got b'f1:\nf1:alpha fo\nf1:FOO bar abc x-y\nf1:qux\nf1:qux Beta x-y fo\nf1:foo\nf1: bar fo\nf1:fo\nf1:bar_2 bar_2    bar\nf1:ab foo bar\nf1:bar\n' (status 0)

/tests/test_outputs.py:106: AssertionError
_________________________________ test_mixed_8 _________________________________

    def test_mixed_8():
>       check("mixed_8")

/tests/test_outputs.py:150: 
_ _ _ _ _ _ _ _ _ _ _ _ _ _ _ _ _ _ _ _ _ _ _ _ _ _ _ _ _ _ _ _ _ _ _ _ _ _ _ _ 

family = 'mixed_8'

    def check(family):
        cases = [c for c in CASES if c["family"] == family]
        assert cases, f"no cases for {family}"
        failures = []
        for case in cases:
            want = run([GNU_GREP], case)
            got = run(DEMOTE + CANDIDATE, case)
            if got != want:
                failures.append((case, want, got))
        if failures:
            case, want, got = failures[0]
            detail = (f"{len(failures)} of {len(cases)} cases differ; first: grep {case['args']!r} with files "
                      f"{[n for n, _t in case['files']]} on stdin {case['stdin'][:60]!r}: expected {want[0]!r} "
                      f"(status {want[1]}), got {got[0]!r} (status {got[1]})")
>           raise AssertionError(detail)
E           AssertionError: 1 of 235 cases differ; first: grep ['-w', '-L', '-e', '.', '-e', 'o+', 'f1', 'f2'] with files ['f1', 'f2'] on stdin 'alpha FOO Beta fo\n\nbaz Beta qux\n FOO\nabc\nbar\nabc a.b  FOO a1': expected b'' (status 0), got b'f1\n' (status 0)

/tests/test_outputs.py:106: AssertionError
==================================== PASSES ====================================
=========================== short test summary info ============================
PASSED ../../tests/test_outputs.py::test_binary_input
PASSED ../../tests/test_outputs.py::test_context
PASSED ../../tests/test_outputs.py::test_files_and_status
PASSED ../../tests/test_outputs.py::test_null_data
PASSED ../../tests/test_outputs.py::test_only_matching
PASSED ../../tests/test_outputs.py::test_output_controls
PASSED ../../tests/test_outputs.py::test_patterns
PASSED ../../tests/test_outputs.py::test_launcher_stops_delegation_and_foreign_code
PASSED ../../tests/test_outputs.py::test_delivered_package_is_standard_library_python
FAILED ../../tests/test_outputs.py::test_mixed_1 - AssertionError: 1 of 236 c...
FAILED ../../tests/test_outputs.py::test_mixed_2 - AssertionError: 2 of 235 c...
FAILED ../../tests/test_outputs.py::test_mixed_3 - AssertionError: 1 of 234 c...
FAILED ../../tests/test_outputs.py::test_mixed_4 - AssertionError: 1 of 235 c...
FAILED ../../tests/test_outputs.py::test_mixed_5 - AssertionError: 1 of 233 c...
FAILED ../../tests/test_outputs.py::test_mixed_6 - AssertionError: 4 of 236 c...
FAILED ../../tests/test_outputs.py::test_mixed_7 - AssertionError: 1 of 235 c...
FAILED ../../tests/test_outputs.py::test_mixed_8 - AssertionError: 1 of 235 c...
=================== 8 failed, 9 passed in 155.82s (0:02:35) ====================
