============================= test session starts ==============================
platform linux -- Python 3.13.12, pytest-9.1.1, pluggy-1.6.0
rootdir: /tests
plugins: json-ctrf-0.5.2
collected 27 items

../../tests/test_outputs.py .F......FF.........FFFFFFFF                  [100%]

=================================== FAILURES ===================================
________________________________ test_addresses ________________________________

    def test_addresses():
>       check("addresses")

/tests/test_outputs.py:242: 
_ _ _ _ _ _ _ _ _ _ _ _ _ _ _ _ _ _ _ _ _ _ _ _ _ _ _ _ _ _ _ _ _ _ _ _ _ _ _ _ 

family = 'addresses'

    def check(family):
        cases = [c for c in CASES if c["family"] == family]
        assert cases, f"no cases for {family}"
        # each case runs in its own fresh directories, so cases are independent and can run
        # side by side; map() keeps the corpus order, so the first failure reported is stable
        with ThreadPoolExecutor(max_workers=WORKERS) as pool:
            results = list(pool.map(lambda case: (case, run([GNU_ED], case), run(DEMOTE + CANDIDATE, case)), cases))
        failures = [(case, want, got) for case, want, got in results if got != want]
        if failures:
            case, want, got = failures[0]
            detail = (f"{len(failures)} of {len(cases)} cases differ; first: ed {case['args']!r} with "
                      f"files {[n for n, _t in case['files']]} and script {case['script']!r} on a "
                      f"{case['stdin']}: expected output {want[0]!r} (zero status: {want[1]}, files: "
                      f"{want[2]!r}), got {got[0]!r} (zero status: {got[1]}, files: {got[2]!r})")
>           raise AssertionError(detail)
E           AssertionError: 2 of 92 cases differ; first: ed ['f.txt'] with files ['f.txt'] and script '1s/a/A/\n1u\n1p\nQ\n' on a pipe: expected output b'4\n?\nA\n' (zero status: False, files: {'f.txt': b'a\nb\n'}), got b'4\na\n' (zero status: True, files: {'f.txt': b'a\nb\n'})

/tests/test_outputs.py:180: AssertionError
__________________________________ test_regex __________________________________

    def test_regex():
>       check("regex")

/tests/test_outputs.py:270: 
_ _ _ _ _ _ _ _ _ _ _ _ _ _ _ _ _ _ _ _ _ _ _ _ _ _ _ _ _ _ _ _ _ _ _ _ _ _ _ _ 

family = 'regex'

    def check(family):
        cases = [c for c in CASES if c["family"] == family]
        assert cases, f"no cases for {family}"
        # each case runs in its own fresh directories, so cases are independent and can run
        # side by side; map() keeps the corpus order, so the first failure reported is stable
        with ThreadPoolExecutor(max_workers=WORKERS) as pool:
            results = list(pool.map(lambda case: (case, run([GNU_ED], case), run(DEMOTE + CANDIDATE, case)), cases))
        failures = [(case, want, got) for case, want, got in results if got != want]
        if failures:
            case, want, got = failures[0]
            detail = (f"{len(failures)} of {len(cases)} cases differ; first: ed {case['args']!r} with "
                      f"files {[n for n, _t in case['files']]} and script {case['script']!r} on a "
                      f"{case['stdin']}: expected output {want[0]!r} (zero status: {want[1]}, files: "
                      f"{want[2]!r}), got {got[0]!r} (zero status: {got[1]}, files: {got[2]!r})")
>           raise AssertionError(detail)
E           AssertionError: 1 of 80 cases differ; first: ed [] with files [] and script 'a\naaab\nxaabaab\n.\n1s/\\(a\\{1,2\\}\\)\\1b/X/p\n2s/\\(a\\{1,3\\}\\)b\\1b/Y/p\nQ\n' on a pipe: expected output b'aX\nxY\n' (zero status: True, files: {}), got b'?\nxY\n' (zero status: False, files: {})

/tests/test_outputs.py:180: AssertionError
_____________________________ test_regex_extended ______________________________

    def test_regex_extended():
>       check("regex_extended")

/tests/test_outputs.py:274: 
_ _ _ _ _ _ _ _ _ _ _ _ _ _ _ _ _ _ _ _ _ _ _ _ _ _ _ _ _ _ _ _ _ _ _ _ _ _ _ _ 

family = 'regex_extended'

    def check(family):
        cases = [c for c in CASES if c["family"] == family]
        assert cases, f"no cases for {family}"
        # each case runs in its own fresh directories, so cases are independent and can run
        # side by side; map() keeps the corpus order, so the first failure reported is stable
        with ThreadPoolExecutor(max_workers=WORKERS) as pool:
            results = list(pool.map(lambda case: (case, run([GNU_ED], case), run(DEMOTE + CANDIDATE, case)), cases))
        failures = [(case, want, got) for case, want, got in results if got != want]
        if failures:
            case, want, got = failures[0]
            detail = (f"{len(failures)} of {len(cases)} cases differ; first: ed {case['args']!r} with "
                      f"files {[n for n, _t in case['files']]} and script {case['script']!r} on a "
                      f"{case['stdin']}: expected output {want[0]!r} (zero status: {want[1]}, files: "
                      f"{want[2]!r}), got {got[0]!r} (zero status: {got[1]}, files: {got[2]!r})")
>           raise AssertionError(detail)
E           AssertionError: 1 of 23 cases differ; first: ed ['-E'] with files [] and script 'a\naaab\n.\ns/(a{1,2})\\1b/X/p\nQ\n' on a pipe: expected output b'aX\n' (zero status: True, files: {}), got b'?\n' (zero status: False, files: {})

/tests/test_outputs.py:180: AssertionError
_______________________________ test_generated_1 _______________________________

    def test_generated_1():
>       check("generated_1")

/tests/test_outputs.py:314: 
_ _ _ _ _ _ _ _ _ _ _ _ _ _ _ _ _ _ _ _ _ _ _ _ _ _ _ _ _ _ _ _ _ _ _ _ _ _ _ _ 

family = 'generated_1'

    def check(family):
        cases = [c for c in CASES if c["family"] == family]
        assert cases, f"no cases for {family}"
        # each case runs in its own fresh directories, so cases are independent and can run
        # side by side; map() keeps the corpus order, so the first failure reported is stable
        with ThreadPoolExecutor(max_workers=WORKERS) as pool:
            results = list(pool.map(lambda case: (case, run([GNU_ED], case), run(DEMOTE + CANDIDATE, case)), cases))
        failures = [(case, want, got) for case, want, got in results if got != want]
        if failures:
            case, want, got = failures[0]
            detail = (f"{len(failures)} of {len(cases)} cases differ; first: ed {case['args']!r} with "
                      f"files {[n for n, _t in case['files']]} and script {case['script']!r} on a "
                      f"{case['stdin']}: expected output {want[0]!r} (zero status: {want[1]}, files: "
                      f"{want[2]!r}), got {got[0]!r} (zero status: {got[1]}, files: {got[2]!r})")
>           raise AssertionError(detail)
E           AssertionError: 1 of 80 cases differ; first: ed ['-lsE'] with files ['f.txt', 'other.txt'] and script 'a\ntt th t\n#hash\ntt th t\n[-a]\nMixed Case\n.\n,//t/a{2,}/n\n0u\ns,a{0},<&>,gI\n-2;2dp\n,.cn\nnew\nbeta\n.\n;g;a{1,2}b;c\\\nchg\\\n.\n,p\n' on a pipe: expected output b'?\n?\n?\n?\n2\tbeta\nnew\nbeta\n[-a]\nMixed Case\n?\n' (zero status: True, files: {'f.txt': b'trail  \n{2}\ntrail  \nphalp\ntt th t\n{2}\n[-a]\na|b\n#hash\na|b\nfoo bar foo\ndelta four\n0\n', 'other.txt': b'abab\ntrail  \n'}), got b'?\n?\n?\n?\n?\n?\n?\n?\n?\n?\n?\n' (zero status: True, files: {'f.txt': b'trail  \n{2}\ntrail  \nphalp\ntt th t\n{2}\n[-a]\na|b\n#hash\na|b\nfoo bar foo\ndelta four\n0\n', 'other.txt': b'abab\ntrail  \n'})

/tests/test_outputs.py:180: AssertionError
_______________________________ test_generated_2 _______________________________

    def test_generated_2():
>       check("generated_2")

/tests/test_outputs.py:318: 
_ _ _ _ _ _ _ _ _ _ _ _ _ _ _ _ _ _ _ _ _ _ _ _ _ _ _ _ _ _ _ _ _ _ _ _ _ _ _ _ 

family = 'generated_2'

    def check(family):
        cases = [c for c in CASES if c["family"] == family]
        assert cases, f"no cases for {family}"
        # each case runs in its own fresh directories, so cases are independent and can run
        # side by side; map() keeps the corpus order, so the first failure reported is stable
        with ThreadPoolExecutor(max_workers=WORKERS) as pool:
            results = list(pool.map(lambda case: (case, run([GNU_ED], case), run(DEMOTE + CANDIDATE, case)), cases))
        failures = [(case, want, got) for case, want, got in results if got != want]
        if failures:
            case, want, got = failures[0]
            detail = (f"{len(failures)} of {len(cases)} cases differ; first: ed {case['args']!r} with "
                      f"files {[n for n, _t in case['files']]} and script {case['script']!r} on a "
                      f"{case['stdin']}: expected output {want[0]!r} (zero status: {want[1]}, files: "
                      f"{want[2]!r}), got {got[0]!r} (zero status: {got[1]}, files: {got[2]!r})")
>           raise AssertionError(detail)
E           AssertionError: 4 of 80 cases differ; first: ed [] with files ['f.txt', 'other.txt'] and script "a\n{2}\nphalp\n.\nu\n$u\n\n2;.cp\n.\n'a-,/\\(\\)/g;\\(ab\\)*;-1p\nw\n" on a pipe: expected output b'?\n?\n?\n?\n?\n?\n' (zero status: False, files: {'f.txt': b'back\\slash\n\nunder_score\ngamma three\n[-a]\n', 'other.txt': b'epsilon five\ntab\there\na-b\nbeta two\n#hash\n{2}\n[-a]\n\n123\ntt th t\n[-a]\nepsilon five\n'}), got b'?\n{2}\n?\n?\n?\n' (zero status: False, files: {'f.txt': b'back\\slash\n\nunder_score\ngamma three\n[-a]\n', 'other.txt': b'epsilon five\ntab\there\na-b\nbeta two\n#hash\n{2}\n[-a]\n\n123\ntt th t\n[-a]\nepsilon five\n'})

/tests/test_outputs.py:180: AssertionError
_______________________________ test_generated_3 _______________________________

    def test_generated_3():
>       check("generated_3")

/tests/test_outputs.py:322: 
_ _ _ _ _ _ _ _ _ _ _ _ _ _ _ _ _ _ _ _ _ _ _ _ _ _ _ _ _ _ _ _ _ _ _ _ _ _ _ _ 

family = 'generated_3'

    def check(family):
        cases = [c for c in CASES if c["family"] == family]
        assert cases, f"no cases for {family}"
        # each case runs in its own fresh directories, so cases are independent and can run
        # side by side; map() keeps the corpus order, so the first failure reported is stable
        with ThreadPoolExecutor(max_workers=WORKERS) as pool:
            results = list(pool.map(lambda case: (case, run([GNU_ED], case), run(DEMOTE + CANDIDATE, case)), cases))
        failures = [(case, want, got) for case, want, got in results if got != want]
        if failures:
            case, want, got = failures[0]
            detail = (f"{len(failures)} of {len(cases)} cases differ; first: ed {case['args']!r} with "
                      f"files {[n for n, _t in case['files']]} and script {case['script']!r} on a "
                      f"{case['stdin']}: expected output {want[0]!r} (zero status: {want[1]}, files: "
                      f"{want[2]!r}), got {got[0]!r} (zero status: {got[1]}, files: {got[2]!r})")
>           raise AssertionError(detail)
E           AssertionError: 4 of 80 cases differ; first: ed ['-E', '-s'] with files ['f.txt', 'other.txt'] and script 'a\nepsilon five\nx1 y2 z3\ngamma three\ntt th t\n#hash\n.\n4u\n+2u\nm$ +1x\nu\ns;a{0};&&\n-,ka\n3-1;apn\n.\n,n\n' on a pipe: expected output b'?\n?\n?\n?\n?\n?\n?\n?\n' (zero status: False, files: {'f.txt': b'delta four\nepsilon five\n#hash\nunder_score\n{2}\nalpha one\nx1 y2 z3\naaa\ntab\there\n[-a]\nunder_score\n', 'other.txt': b'a-b\ne.e\n'}), got b'?\n?\n#hash\n2\tx1 y2 z3\n1\tepsilon five\n2\tx1 y2 z3\n3\tgamma three\n4\ttt th t\n5\t#hash\n?\n' (zero status: False, files: {'f.txt': b'delta four\nepsilon five\n#hash\nunder_score\n{2}\nalpha one\nx1 y2 z3\naaa\ntab\there\n[-a]\nunder_score\n', 'other.txt': b'a-b\ne.e\n'})

/tests/test_outputs.py:180: AssertionError
_______________________________ test_generated_4 _______________________________

    def test_generated_4():
>       check("generated_4")

/tests/test_outputs.py:326: 
_ _ _ _ _ _ _ _ _ _ _ _ _ _ _ _ _ _ _ _ _ _ _ _ _ _ _ _ _ _ _ _ _ _ _ _ _ _ _ _ 

family = 'generated_4'

    def check(family):
        cases = [c for c in CASES if c["family"] == family]
        assert cases, f"no cases for {family}"
        # each case runs in its own fresh directories, so cases are independent and can run
        # side by side; map() keeps the corpus order, so the first failure reported is stable
        with ThreadPoolExecutor(max_workers=WORKERS) as pool:
            results = list(pool.map(lambda case: (case, run([GNU_ED], case), run(DEMOTE + CANDIDATE, case)), cases))
        failures = [(case, want, got) for case, want, got in results if got != want]
        if failures:
            case, want, got = failures[0]
            detail = (f"{len(failures)} of {len(cases)} cases differ; first: ed {case['args']!r} with "
                      f"files {[n for n, _t in case['files']]} and script {case['script']!r} on a "
                      f"{case['stdin']}: expected output {want[0]!r} (zero status: {want[1]}, files: "
                      f"{want[2]!r}), got {got[0]!r} (zero status: {got[1]}, files: {got[2]!r})")
>           raise AssertionError(detail)
E           AssertionError: 3 of 80 cases differ; first: ed ['f.txt'] with files ['f.txt', 'other.txt'] and script 'kA\na\n.\n/a\\{1,2\\}/t$pn\n5,+++,14+1\n2,1p\nunp\njp\n4 +1u\nQ\n' on a pipe: expected output b'86\n?\n14\t[-a]\n?\n?\n13\ta.b\n?\n?\n' (zero status: False, files: {'f.txt': b'tt th t\n[-a]\ne.e\n0\nab*c\ntab\there\ntt th t\n/slash/\nbeta two\ntrail  \ndelta four\nabab\na.b\n', 'other.txt': b'tab\there\ngamma three\na!b\ne.e\naaa\n'}), got b'86\n?\n14\t[-a]\n?\n?\n13\ta.b\n?\n' (zero status: False, files: {'f.txt': b'tt th t\n[-a]\ne.e\n0\nab*c\ntab\there\ntt th t\n/slash/\nbeta two\ntrail  \ndelta four\nabab\na.b\n', 'other.txt': b'tab\there\ngamma three\na!b\ne.e\naaa\n'})

/tests/test_outputs.py:180: AssertionError
_______________________________ test_generated_5 _______________________________

    def test_generated_5():
>       check("generated_5")

/tests/test_outputs.py:330: 
_ _ _ _ _ _ _ _ _ _ _ _ _ _ _ _ _ _ _ _ _ _ _ _ _ _ _ _ _ _ _ _ _ _ _ _ _ _ _ _ 

family = 'generated_5'

    def check(family):
        cases = [c for c in CASES if c["family"] == family]
        assert cases, f"no cases for {family}"
        # each case runs in its own fresh directories, so cases are independent and can run
        # side by side; map() keeps the corpus order, so the first failure reported is stable
        with ThreadPoolExecutor(max_workers=WORKERS) as pool:
            results = list(pool.map(lambda case: (case, run([GNU_ED], case), run(DEMOTE + CANDIDATE, case)), cases))
        failures = [(case, want, got) for case, want, got in results if got != want]
        if failures:
            case, want, got = failures[0]
            detail = (f"{len(failures)} of {len(cases)} cases differ; first: ed {case['args']!r} with "
                      f"files {[n for n, _t in case['files']]} and script {case['script']!r} on a "
                      f"{case['stdin']}: expected output {want[0]!r} (zero status: {want[1]}, files: "
                      f"{want[2]!r}), got {got[0]!r} (zero status: {got[1]}, files: {got[2]!r})")
>           raise AssertionError(detail)
E           AssertionError: 3 of 80 cases differ; first: ed ['-sE', 'f.txt'] with files ['f.txt', 'other.txt'] and script ",=\n+2 +1,'b +1,8-s.x?y.<&>\n11;cp\n.\n10+1u\n9p\n=\n,a\n.\n# note\n1 +1;np\n,p\n" on a pipe: expected output b'12\n?\ne.e\n?\na.b\n11\n2\tepsilon five\nback\\slash\nepsilon five\nMixed Case\ntrail  \n0\n0\ne.e\nMixed Case\na.b\ndelta four\ne.e\n?\n' (zero status: False, files: {'f.txt': b'back\\slash\nepsilon five\nMixed Case\ntrail  \n0\n0\ne.e\nMixed Case\na.b\ndelta four\nabab\ne.e\n', 'other.txt': b'0\ntt th t\nfoo bar foo\n'}), got b'12\n?\ne.e\na.b\n12\n2\tepsilon five\nback\\slash\nepsilon five\nMixed Case\ntrail  \n0\n0\ne.e\nMixed Case\na.b\ndelta four\nabab\ne.e\n' (zero status: False, files: {'f.txt': b'back\\slash\nepsilon five\nMixed Case\ntrail  \n0\n0\ne.e\nMixed Case\na.b\ndelta four\nabab\ne.e\n', 'other.txt': b'0\ntt th t\nfoo bar foo\n'})

/tests/test_outputs.py:180: AssertionError
_______________________________ test_generated_6 _______________________________

    def test_generated_6():
>       check("generated_6")

/tests/test_outputs.py:334: 
_ _ _ _ _ _ _ _ _ _ _ _ _ _ _ _ _ _ _ _ _ _ _ _ _ _ _ _ _ _ _ _ _ _ _ _ _ _ _ _ 

family = 'generated_6'

    def check(family):
        cases = [c for c in CASES if c["family"] == family]
        assert cases, f"no cases for {family}"
        # each case runs in its own fresh directories, so cases are independent and can run
        # side by side; map() keeps the corpus order, so the first failure reported is stable
        with ThreadPoolExecutor(max_workers=WORKERS) as pool:
            results = list(pool.map(lambda case: (case, run([GNU_ED], case), run(DEMOTE + CANDIDATE, case)), cases))
        failures = [(case, want, got) for case, want, got in results if got != want]
        if failures:
            case, want, got = failures[0]
            detail = (f"{len(failures)} of {len(cases)} cases differ; first: ed {case['args']!r} with "
                      f"files {[n for n, _t in case['files']]} and script {case['script']!r} on a "
                      f"{case['stdin']}: expected output {want[0]!r} (zero status: {want[1]}, files: "
                      f"{want[2]!r}), got {got[0]!r} (zero status: {got[1]}, files: {got[2]!r})")
>           raise AssertionError(detail)
E           AssertionError: 8 of 80 cases differ; first: ed ['-sE', 'f.txt'] with files ['f.txt', 'other.txt'] and script ',2ap\nbeta\n.\np x\n.t//\n$,$npp\n/a^b/ap\n .\nbeta\n.\n13u\nw\n' on a pipe: expected output b'beta\n?\n?\n?\n?\nbeta\n?\nbeta\n?\n' (zero status: False, files: {'f.txt': b'[-a]\naaa\nbeta\nphalp\nab*c\n123\na.b\nx1 y2 z3\ne.e\ntrail  \na|b\ntrail  \ne.e\nbeta two\ngamma three\n', 'other.txt': b'foo bar foo\na!b\na-b\n[-a]\na|b\nbeta two\nunder_score\nx1 y2 z3\na|b\ne.e\ntt th t\n0\nepsilon five\nx1 y2 z3\n'}), got b'beta\n?\n?\n?\n?\nbeta\n?\nbeta\n' (zero status: False, files: {'f.txt': b'[-a]\naaa\nphalp\nab*c\n123\na.b\nx1 y2 z3\ne.e\ntrail  \na|b\ntrail  \ne.e\nbeta two\ngamma three\n', 'other.txt': b'foo bar foo\na!b\na-b\n[-a]\na|b\nbeta two\nunder_score\nx1 y2 z3\na|b\ne.e\ntt th t\n0\nepsilon five\nx1 y2 z3\n'})

/tests/test_outputs.py:180: AssertionError
_______________________________ test_generated_7 _______________________________

    def test_generated_7():
>       check("generated_7")

/tests/test_outputs.py:338: 
_ _ _ _ _ _ _ _ _ _ _ _ _ _ _ _ _ _ _ _ _ _ _ _ _ _ _ _ _ _ _ _ _ _ _ _ _ _ _ _ 

family = 'generated_7'

    def check(family):
        cases = [c for c in CASES if c["family"] == family]
        assert cases, f"no cases for {family}"
        # each case runs in its own fresh directories, so cases are independent and can run
        # side by side; map() keeps the corpus order, so the first failure reported is stable
        with ThreadPoolExecutor(max_workers=WORKERS) as pool:
            results = list(pool.map(lambda case: (case, run([GNU_ED], case), run(DEMOTE + CANDIDATE, case)), cases))
        failures = [(case, want, got) for case, want, got in results if got != want]
        if failures:
            case, want, got = failures[0]
            detail = (f"{len(failures)} of {len(cases)} cases differ; first: ed {case['args']!r} with "
                      f"files {[n for n, _t in case['files']]} and script {case['script']!r} on a "
                      f"{case['stdin']}: expected output {want[0]!r} (zero status: {want[1]}, files: "
                      f"{want[2]!r}), got {got[0]!r} (zero status: {got[1]}, files: {got[2]!r})")
>           raise AssertionError(detail)
E           AssertionError: 7 of 80 cases differ; first: ed ['-s', 'f.txt'] with files ['f.txt', 'other.txt'] and script '/a\\?b/,c\n.\n?o*? +1u\n//;c\n.\n+2,--,++cpn\n.\n-u\n=5\n$p\n10v|\\{2\\}|q\nw\n' on a pipe: expected output b'?\n1\tback\\slash\n?\n?\nphalp\n?\n' (zero status: False, files: {'f.txt': b'back\\slash\n#hash\ntt th t\ndelta four\nphalp\n', 'other.txt': b'0\na.b\ntab\there\na.b\nabab\na|b\nabab\n'}), got b'?\na-b\n?\nphalp\n?\n' (zero status: False, files: {'f.txt': b'{2}\na-b\ne.e\nback\\slash\nback\\slash\nepsilon five\nbeta two\nback\\slash\n#hash\ntt th t\ndelta four\nphalp\n', 'other.txt': b'0\na.b\ntab\there\na.b\nabab\na|b\nabab\n'})

/tests/test_outputs.py:180: AssertionError
_______________________________ test_generated_8 _______________________________

    def test_generated_8():
>       check("generated_8")

/tests/test_outputs.py:342: 
_ _ _ _ _ _ _ _ _ _ _ _ _ _ _ _ _ _ _ _ _ _ _ _ _ _ _ _ _ _ _ _ _ _ _ _ _ _ _ _ 

family = 'generated_8'

    def check(family):
        cases = [c for c in CASES if c["family"] == family]
        assert cases, f"no cases for {family}"
        # each case runs in its own fresh directories, so cases are independent and can run
        # side by side; map() keeps the corpus order, so the first failure reported is stable
        with ThreadPoolExecutor(max_workers=WORKERS) as pool:
            results = list(pool.map(lambda case: (case, run([GNU_ED], case), run(DEMOTE + CANDIDATE, case)), cases))
        failures = [(case, want, got) for case, want, got in results if got != want]
        if failures:
            case, want, got = failures[0]
            detail = (f"{len(failures)} of {len(cases)} cases differ; first: ed {case['args']!r} with "
                      f"files {[n for n, _t in case['files']]} and script {case['script']!r} on a "
                      f"{case['stdin']}: expected output {want[0]!r} (zero status: {want[1]}, files: "
                      f"{want[2]!r}), got {got[0]!r} (zero status: {got[1]}, files: {got[2]!r})")
>           raise AssertionError(detail)
E           AssertionError: 2 of 80 cases differ; first: ed ['-s', '-l', 'f.txt'] with files ['f.txt', 'other.txt'] and script "=\n2,3,$s;o\\{0,1\\};\\2\\1\ns#[[=a=]]#E#pn\n??,3,'at3\n -- , -2 jp\n# note\n/a/u\n,$-dp\n1;-s.^\\*.a\\\nb.\nw\n" on a pipe: expected output b'2\n?\n2\t/slEsh/\n?\n?\n?\n/slEsh/\n?\n?\n' (zero status: True, files: {'f.txt': b'/slEsh/\n', 'other.txt': b'gamma three\nunder_score\ndelta four\nfoo bar foo\ndelta four\nback\\slash\n'}), got b'2\n?\n2\t/slEsh/\n?\n?\n/slash/\n?\n?\n' (zero status: True, files: {'f.txt': b'/slash/\n', 'other.txt': b'gamma three\nunder_score\ndelta four\nfoo bar foo\ndelta four\nback\\slash\n'})

/tests/test_outputs.py:180: AssertionError
==================================== PASSES ====================================
=========================== short test summary info ============================
PASSED ../../tests/test_outputs.py::test_launcher_stops_delegation_and_foreign_code
PASSED ../../tests/test_outputs.py::test_append_insert_change
PASSED ../../tests/test_outputs.py::test_delete_join_move_copy
PASSED ../../tests/test_outputs.py::test_substitute
PASSED ../../tests/test_outputs.py::test_global_commands
PASSED ../../tests/test_outputs.py::test_undo
PASSED ../../tests/test_outputs.py::test_print_list_number
PASSED ../../tests/test_outputs.py::test_files_and_write
PASSED ../../tests/test_outputs.py::test_errors_and_exit
PASSED ../../tests/test_outputs.py::test_options
PASSED ../../tests/test_outputs.py::test_mixed_scripts_1
PASSED ../../tests/test_outputs.py::test_mixed_scripts_2
PASSED ../../tests/test_outputs.py::test_mixed_scripts_3
PASSED ../../tests/test_outputs.py::test_mixed_scripts_4
PASSED ../../tests/test_outputs.py::test_mixed_scripts_5
PASSED ../../tests/test_outputs.py::test_mixed_scripts_6
FAILED ../../tests/test_outputs.py::test_addresses - AssertionError: 2 of 92 ...
FAILED ../../tests/test_outputs.py::test_regex - AssertionError: 1 of 80 case...
FAILED ../../tests/test_outputs.py::test_regex_extended - AssertionError: 1 o...
FAILED ../../tests/test_outputs.py::test_generated_1 - AssertionError: 1 of 8...
FAILED ../../tests/test_outputs.py::test_generated_2 - AssertionError: 4 of 8...
FAILED ../../tests/test_outputs.py::test_generated_3 - AssertionError: 4 of 8...
FAILED ../../tests/test_outputs.py::test_generated_4 - AssertionError: 3 of 8...
FAILED ../../tests/test_outputs.py::test_generated_5 - AssertionError: 3 of 8...
FAILED ../../tests/test_outputs.py::test_generated_6 - AssertionError: 8 of 8...
FAILED ../../tests/test_outputs.py::test_generated_7 - AssertionError: 7 of 8...
FAILED ../../tests/test_outputs.py::test_generated_8 - AssertionError: 2 of 8...
=================== 11 failed, 16 passed in 71.96s (0:01:11) ===================
