============================= test session starts ==============================
platform linux -- Python 3.13.12, pytest-9.1.1, pluggy-1.6.0
rootdir: /tests
plugins: json-ctrf-0.5.2
collected 27 items

../../tests/test_outputs.py ..F.....FF..........F..FFF.                  [100%]

=================================== FAILURES ===================================
__________________________ test_append_insert_change ___________________________

    def test_append_insert_change():
>       check("append_insert_change")

/tests/test_outputs.py:246: 
_ _ _ _ _ _ _ _ _ _ _ _ _ _ _ _ _ _ _ _ _ _ _ _ _ _ _ _ _ _ _ _ _ _ _ _ _ _ _ _ 

family = 'append_insert_change'

    def check(family):
        cases = [c for c in CASES if c["family"] == family]
        assert cases, f"no cases for {family}"
        # each case runs in its own fresh directories, so cases are independent and can run
        # side by side; map() keeps the corpus order, so the first failure reported is stable
        with ThreadPoolExecutor(max_workers=WORKERS) as pool:
            results = list(pool.map(lambda case: (case, run([GNU_ED], case), run(DEMOTE + CANDIDATE, case)), cases))
        failures = [(case, want, got) for case, want, got in results if got != want]
        if failures:
            case, want, got = failures[0]
            detail = (f"{len(failures)} of {len(cases)} cases differ; first: ed {case['args']!r} with "
                      f"files {[n for n, _t in case['files']]} and script {case['script']!r} on a "
                      f"{case['stdin']}: expected output {want[0]!r} (zero status: {want[1]}, files: "
                      f"{want[2]!r}), got {got[0]!r} (zero status: {got[1]}, files: {got[2]!r})")
>           raise AssertionError(detail)
E           AssertionError: 3 of 45 cases differ; first: ed [] with files [] and script 'a\nfoo\n.\na\n.\nu\n=\nQ\n' on a pipe: expected output b'?\n1\n' (zero status: False, files: {}), got b'1\n' (zero status: True, files: {})

/tests/test_outputs.py:180: AssertionError
__________________________________ test_regex __________________________________

    def test_regex():
>       check("regex")

/tests/test_outputs.py:270: 
_ _ _ _ _ _ _ _ _ _ _ _ _ _ _ _ _ _ _ _ _ _ _ _ _ _ _ _ _ _ _ _ _ _ _ _ _ _ _ _ 

family = 'regex'

    def check(family):
        cases = [c for c in CASES if c["family"] == family]
        assert cases, f"no cases for {family}"
        # each case runs in its own fresh directories, so cases are independent and can run
        # side by side; map() keeps the corpus order, so the first failure reported is stable
        with ThreadPoolExecutor(max_workers=WORKERS) as pool:
            results = list(pool.map(lambda case: (case, run([GNU_ED], case), run(DEMOTE + CANDIDATE, case)), cases))
        failures = [(case, want, got) for case, want, got in results if got != want]
        if failures:
            case, want, got = failures[0]
            detail = (f"{len(failures)} of {len(cases)} cases differ; first: ed {case['args']!r} with "
                      f"files {[n for n, _t in case['files']]} and script {case['script']!r} on a "
                      f"{case['stdin']}: expected output {want[0]!r} (zero status: {want[1]}, files: "
                      f"{want[2]!r}), got {got[0]!r} (zero status: {got[1]}, files: {got[2]!r})")
>           raise AssertionError(detail)
E           AssertionError: 1 of 80 cases differ; first: ed [] with files [] and script 'a\naaab\nxaabaab\n.\n1s/\\(a\\{1,2\\}\\)\\1b/X/p\n2s/\\(a\\{1,3\\}\\)b\\1b/Y/p\nQ\n' on a pipe: expected output b'aX\nxY\n' (zero status: True, files: {}), got b'?\nxY\n' (zero status: False, files: {})

/tests/test_outputs.py:180: AssertionError
_____________________________ test_regex_extended ______________________________

    def test_regex_extended():
>       check("regex_extended")

/tests/test_outputs.py:274: 
_ _ _ _ _ _ _ _ _ _ _ _ _ _ _ _ _ _ _ _ _ _ _ _ _ _ _ _ _ _ _ _ _ _ _ _ _ _ _ _ 

family = 'regex_extended'

    def check(family):
        cases = [c for c in CASES if c["family"] == family]
        assert cases, f"no cases for {family}"
        # each case runs in its own fresh directories, so cases are independent and can run
        # side by side; map() keeps the corpus order, so the first failure reported is stable
        with ThreadPoolExecutor(max_workers=WORKERS) as pool:
            results = list(pool.map(lambda case: (case, run([GNU_ED], case), run(DEMOTE + CANDIDATE, case)), cases))
        failures = [(case, want, got) for case, want, got in results if got != want]
        if failures:
            case, want, got = failures[0]
            detail = (f"{len(failures)} of {len(cases)} cases differ; first: ed {case['args']!r} with "
                      f"files {[n for n, _t in case['files']]} and script {case['script']!r} on a "
                      f"{case['stdin']}: expected output {want[0]!r} (zero status: {want[1]}, files: "
                      f"{want[2]!r}), got {got[0]!r} (zero status: {got[1]}, files: {got[2]!r})")
>           raise AssertionError(detail)
E           AssertionError: 1 of 23 cases differ; first: ed ['-E'] with files [] and script 'a\naaab\n.\ns/(a{1,2})\\1b/X/p\nQ\n' on a pipe: expected output b'aX\n' (zero status: True, files: {}), got b'?\n' (zero status: False, files: {})

/tests/test_outputs.py:180: AssertionError
_______________________________ test_generated_2 _______________________________

    def test_generated_2():
>       check("generated_2")

/tests/test_outputs.py:318: 
_ _ _ _ _ _ _ _ _ _ _ _ _ _ _ _ _ _ _ _ _ _ _ _ _ _ _ _ _ _ _ _ _ _ _ _ _ _ _ _ 

family = 'generated_2'

    def check(family):
        cases = [c for c in CASES if c["family"] == family]
        assert cases, f"no cases for {family}"
        # each case runs in its own fresh directories, so cases are independent and can run
        # side by side; map() keeps the corpus order, so the first failure reported is stable
        with ThreadPoolExecutor(max_workers=WORKERS) as pool:
            results = list(pool.map(lambda case: (case, run([GNU_ED], case), run(DEMOTE + CANDIDATE, case)), cases))
        failures = [(case, want, got) for case, want, got in results if got != want]
        if failures:
            case, want, got = failures[0]
            detail = (f"{len(failures)} of {len(cases)} cases differ; first: ed {case['args']!r} with "
                      f"files {[n for n, _t in case['files']]} and script {case['script']!r} on a "
                      f"{case['stdin']}: expected output {want[0]!r} (zero status: {want[1]}, files: "
                      f"{want[2]!r}), got {got[0]!r} (zero status: {got[1]}, files: {got[2]!r})")
>           raise AssertionError(detail)
E           AssertionError: 1 of 80 cases differ; first: ed ['new.txt'] with files ['f.txt', 'other.txt'] and script 'a\nabab\nbeta two\nfoo bar foo\n.\n2,1p\n$;1n\n . , .-1 s|\\(ab\\)*|\\\\|\na\n.\n ?[[.-.]]? , --1 a\n.\nupn\n1,2k\nw\n' on a pipe: expected output b'?\n?\n?\n?\nfoo bar foo\n?\n?\n26\n' (zero status: False, files: {'f.txt': b'tab\there\naaa\nepsilon five\nfoo bar foo\naaa\ntab\there\ndelta four\nabab\nback\\slash\n', 'new.txt': b'abab\nbeta two\nfoo bar foo\n', 'other.txt': b'phalp\nfoo bar foo\ntab\there\n\n[-a]\n'}), got b'?\n?\n?\n?\nfoo bar foo\n?\n3\n' (zero status: False, files: {'f.txt': b'tab\there\naaa\nepsilon five\nfoo bar foo\naaa\ntab\there\ndelta four\nabab\nback\\slash\n', 'new.txt': b'\n\n\n', 'other.txt': b'phalp\nfoo bar foo\ntab\there\n\n[-a]\n'})

/tests/test_outputs.py:180: AssertionError
_______________________________ test_generated_5 _______________________________

    def test_generated_5():
>       check("generated_5")

/tests/test_outputs.py:330: 
_ _ _ _ _ _ _ _ _ _ _ _ _ _ _ _ _ _ _ _ _ _ _ _ _ _ _ _ _ _ _ _ _ _ _ _ _ _ _ _ 

family = 'generated_5'

    def check(family):
        cases = [c for c in CASES if c["family"] == family]
        assert cases, f"no cases for {family}"
        # each case runs in its own fresh directories, so cases are independent and can run
        # side by side; map() keeps the corpus order, so the first failure reported is stable
        with ThreadPoolExecutor(max_workers=WORKERS) as pool:
            results = list(pool.map(lambda case: (case, run([GNU_ED], case), run(DEMOTE + CANDIDATE, case)), cases))
        failures = [(case, want, got) for case, want, got in results if got != want]
        if failures:
            case, want, got = failures[0]
            detail = (f"{len(failures)} of {len(cases)} cases differ; first: ed {case['args']!r} with "
                      f"files {[n for n, _t in case['files']]} and script {case['script']!r} on a "
                      f"{case['stdin']}: expected output {want[0]!r} (zero status: {want[1]}, files: "
                      f"{want[2]!r}), got {got[0]!r} (zero status: {got[1]}, files: {got[2]!r})")
>           raise AssertionError(detail)
E           AssertionError: 1 of 80 cases differ; first: ed ['f.txt'] with files ['f.txt', 'other.txt'] and script 'p x\n\na\n.\nupn\n,n\n' on a pipe: expected output b'107\n?\n?\n?\n1\ttt th t\n2\ttt th t\n3\t/slash/\n4\te.e\n5\tMixed Case\n6\t0\n7\t/slash/\n8\tdelta four\n9\talpha one\n10\ta.b\n11\tbeta two\n12\tdelta four\n13\t\n14\tgamma three\n' (zero status: False, files: {'f.txt': b'tt th t\ntt th t\n/slash/\ne.e\nMixed Case\n0\n/slash/\ndelta four\nalpha one\na.b\nbeta two\ndelta four\n\ngamma three\n', 'other.txt': b'#hash\n{2}\ngamma three\nbeta two\ndelta four\naaa\na-b\n  lead\ne.e\n[-a]\ngamma three\n  lead\n'}), got b'107\n?\n?\n' (zero status: False, files: {'f.txt': b'tt th t\ntt th t\n/slash/\ne.e\nMixed Case\n0\n/slash/\ndelta four\nalpha one\na.b\nbeta two\ndelta four\n\ngamma three\n', 'other.txt': b'#hash\n{2}\ngamma three\nbeta two\ndelta four\naaa\na-b\n  lead\ne.e\n[-a]\ngamma three\n  lead\n'})

/tests/test_outputs.py:180: AssertionError
_______________________________ test_generated_6 _______________________________

    def test_generated_6():
>       check("generated_6")

/tests/test_outputs.py:334: 
_ _ _ _ _ _ _ _ _ _ _ _ _ _ _ _ _ _ _ _ _ _ _ _ _ _ _ _ _ _ _ _ _ _ _ _ _ _ _ _ 

family = 'generated_6'

    def check(family):
        cases = [c for c in CASES if c["family"] == family]
        assert cases, f"no cases for {family}"
        # each case runs in its own fresh directories, so cases are independent and can run
        # side by side; map() keeps the corpus order, so the first failure reported is stable
        with ThreadPoolExecutor(max_workers=WORKERS) as pool:
            results = list(pool.map(lambda case: (case, run([GNU_ED], case), run(DEMOTE + CANDIDATE, case)), cases))
        failures = [(case, want, got) for case, want, got in results if got != want]
        if failures:
            case, want, got = failures[0]
            detail = (f"{len(failures)} of {len(cases)} cases differ; first: ed {case['args']!r} with "
                      f"files {[n for n, _t in case['files']]} and script {case['script']!r} on a "
                      f"{case['stdin']}: expected output {want[0]!r} (zero status: {want[1]}, files: "
                      f"{want[2]!r}), got {got[0]!r} (zero status: {got[1]}, files: {got[2]!r})")
>           raise AssertionError(detail)
E           AssertionError: 1 of 80 cases differ; first: ed ['-s', 'new.txt'] with files ['f.txt', 'other.txt'] and script 'a\nabab\n0\na|b\na|b\na!b\naaa\na-b\ne.e\n.\n,np\ntq\na\n.\nup\nu\n++;an\n.\n6+1,1g,\\*,n\n,.-1a\n .\na|b\n .\n.\n;kb\n,n\n' on a pipe: expected output b'1\tabab\n2\t0\n3\ta|b\n4\ta|b\n5\ta!b\n6\taaa\n7\ta-b\n8\te.e\n?\n?\n?\n?\ne.e\n?\n1\tabab\n2\t0\n3\ta|b\n4\ta|b\n5\ta!b\n6\taaa\n7\ta-b\n8\t .\n9\ta|b\n10\t .\n11\te.e\n?\n' (zero status: False, files: {'f.txt': b'0\na|b\nMixed Case\na.b\nab*c\n123\n{2}\nx1 y2 z3\n\naaa\na!b\n', 'other.txt': b'a.b\na|b\nbeta two\ntab\there\nunder_score\nabab\nx1 y2 z3\nalpha one\nunder_score\n\n'}), got b'1\tabab\n2\t0\n3\ta|b\n4\ta|b\n5\ta!b\n6\taaa\n7\ta-b\n8\te.e\n?\n?\ne.e\n?\n1\tabab\n2\t0\n3\ta|b\n4\ta|b\n5\ta!b\n6\taaa\n7\ta-b\n8\t .\n9\ta|b\n10\t .\n11\te.e\n?\n' (zero status: False, files: {'f.txt': b'0\na|b\nMixed Case\na.b\nab*c\n123\n{2}\nx1 y2 z3\n\naaa\na!b\n', 'other.txt': b'a.b\na|b\nbeta two\ntab\there\nunder_score\nabab\nx1 y2 z3\nalpha one\nunder_score\n\n'})

/tests/test_outputs.py:180: AssertionError
_______________________________ test_generated_7 _______________________________

    def test_generated_7():
>       check("generated_7")

/tests/test_outputs.py:338: 
_ _ _ _ _ _ _ _ _ _ _ _ _ _ _ _ _ _ _ _ _ _ _ _ _ _ _ _ _ _ _ _ _ _ _ _ _ _ _ _ 

family = 'generated_7'

    def check(family):
        cases = [c for c in CASES if c["family"] == family]
        assert cases, f"no cases for {family}"
        # each case runs in its own fresh directories, so cases are independent and can run
        # side by side; map() keeps the corpus order, so the first failure reported is stable
        with ThreadPoolExecutor(max_workers=WORKERS) as pool:
            results = list(pool.map(lambda case: (case, run([GNU_ED], case), run(DEMOTE + CANDIDATE, case)), cases))
        failures = [(case, want, got) for case, want, got in results if got != want]
        if failures:
            case, want, got = failures[0]
            detail = (f"{len(failures)} of {len(cases)} cases differ; first: ed {case['args']!r} with "
                      f"files {[n for n, _t in case['files']]} and script {case['script']!r} on a "
                      f"{case['stdin']}: expected output {want[0]!r} (zero status: {want[1]}, files: "
                      f"{want[2]!r}), got {got[0]!r} (zero status: {got[1]}, files: {got[2]!r})")
>           raise AssertionError(detail)
E           AssertionError: 1 of 80 cases differ; first: ed ['-E', 'f.txt'] with files ['f.txt', 'other.txt'] and script 's/(o)(o)?/a\\\nb\nu\n+-1,4t//+1\na\n.\nun\n,p\n' on a pipe: expected output b'61\nbre\n?\n?\nepsilon five\ne.e\n123\n123\n  lead\nabab\ne.e\naaa\n123\nunder_score\n' (zero status: False, files: {'f.txt': b'epsilon five\ne.e\n123\n123\n  lead\nabab\ne.e\naaa\n123\nunder_score\n', 'other.txt': b'a.b\naaa\nepsilon five\na|b\nMixed Case\ntab\there\n\ntrail  \ntt th t\n{2}\n\nx1 y2 z3\nepsilon five\nabab\n'}), got b'61\nbre\n?\n10\tunder_sca\n11\tbre\nepsilon five\ne.e\n123\n123\n  lead\nabab\ne.e\naaa\n123\nunder_sca\nbre\n' (zero status: False, files: {'f.txt': b'epsilon five\ne.e\n123\n123\n  lead\nabab\ne.e\naaa\n123\nunder_score\n', 'other.txt': b'a.b\naaa\nepsilon five\na|b\nMixed Case\ntab\there\n\ntrail  \ntt th t\n{2}\n\nx1 y2 z3\nepsilon five\nabab\n'})

/tests/test_outputs.py:180: AssertionError
==================================== PASSES ====================================
=========================== short test summary info ============================
PASSED ../../tests/test_outputs.py::test_launcher_stops_delegation_and_foreign_code
PASSED ../../tests/test_outputs.py::test_addresses
PASSED ../../tests/test_outputs.py::test_delete_join_move_copy
PASSED ../../tests/test_outputs.py::test_substitute
PASSED ../../tests/test_outputs.py::test_global_commands
PASSED ../../tests/test_outputs.py::test_undo
PASSED ../../tests/test_outputs.py::test_print_list_number
PASSED ../../tests/test_outputs.py::test_files_and_write
PASSED ../../tests/test_outputs.py::test_errors_and_exit
PASSED ../../tests/test_outputs.py::test_options
PASSED ../../tests/test_outputs.py::test_mixed_scripts_1
PASSED ../../tests/test_outputs.py::test_mixed_scripts_2
PASSED ../../tests/test_outputs.py::test_mixed_scripts_3
PASSED ../../tests/test_outputs.py::test_mixed_scripts_4
PASSED ../../tests/test_outputs.py::test_mixed_scripts_5
PASSED ../../tests/test_outputs.py::test_mixed_scripts_6
PASSED ../../tests/test_outputs.py::test_generated_1
PASSED ../../tests/test_outputs.py::test_generated_3
PASSED ../../tests/test_outputs.py::test_generated_4
PASSED ../../tests/test_outputs.py::test_generated_8
FAILED ../../tests/test_outputs.py::test_append_insert_change - AssertionErro...
FAILED ../../tests/test_outputs.py::test_regex - AssertionError: 1 of 80 case...
FAILED ../../tests/test_outputs.py::test_regex_extended - AssertionError: 1 o...
FAILED ../../tests/test_outputs.py::test_generated_2 - AssertionError: 1 of 8...
FAILED ../../tests/test_outputs.py::test_generated_5 - AssertionError: 1 of 8...
FAILED ../../tests/test_outputs.py::test_generated_6 - AssertionError: 1 of 8...
FAILED ../../tests/test_outputs.py::test_generated_7 - AssertionError: 1 of 8...
=================== 7 failed, 20 passed in 73.52s (0:01:13) ====================
