============================= test session starts ==============================
platform linux -- Python 3.13.12, pytest-9.1.1, pluggy-1.6.0
rootdir: /tests
plugins: json-ctrf-0.5.2
collected 27 items

../../tests/test_outputs.py ........FF..........F..F..F                  [100%]

=================================== FAILURES ===================================
__________________________________ test_regex __________________________________

    def test_regex():
>       check("regex")

/tests/test_outputs.py:270: 
_ _ _ _ _ _ _ _ _ _ _ _ _ _ _ _ _ _ _ _ _ _ _ _ _ _ _ _ _ _ _ _ _ _ _ _ _ _ _ _ 

family = 'regex'

    def check(family):
        cases = [c for c in CASES if c["family"] == family]
        assert cases, f"no cases for {family}"
        # each case runs in its own fresh directories, so cases are independent and can run
        # side by side; map() keeps the corpus order, so the first failure reported is stable
        with ThreadPoolExecutor(max_workers=WORKERS) as pool:
            results = list(pool.map(lambda case: (case, run([GNU_ED], case), run(DEMOTE + CANDIDATE, case)), cases))
        failures = [(case, want, got) for case, want, got in results if got != want]
        if failures:
            case, want, got = failures[0]
            detail = (f"{len(failures)} of {len(cases)} cases differ; first: ed {case['args']!r} with "
                      f"files {[n for n, _t in case['files']]} and script {case['script']!r} on a "
                      f"{case['stdin']}: expected output {want[0]!r} (zero status: {want[1]}, files: "
                      f"{want[2]!r}), got {got[0]!r} (zero status: {got[1]}, files: {got[2]!r})")
>           raise AssertionError(detail)
E           AssertionError: 6 of 80 cases differ; first: ed [] with files [] and script 'a\n/\n.\ng#[-a]#p\nQ\n' on a pipe: expected output b'' (zero status: True, files: {}), got b'/\n' (zero status: True, files: {})

/tests/test_outputs.py:180: AssertionError
_____________________________ test_regex_extended ______________________________

    def test_regex_extended():
>       check("regex_extended")

/tests/test_outputs.py:274: 
_ _ _ _ _ _ _ _ _ _ _ _ _ _ _ _ _ _ _ _ _ _ _ _ _ _ _ _ _ _ _ _ _ _ _ _ _ _ _ _ 

family = 'regex_extended'

    def check(family):
        cases = [c for c in CASES if c["family"] == family]
        assert cases, f"no cases for {family}"
        # each case runs in its own fresh directories, so cases are independent and can run
        # side by side; map() keeps the corpus order, so the first failure reported is stable
        with ThreadPoolExecutor(max_workers=WORKERS) as pool:
            results = list(pool.map(lambda case: (case, run([GNU_ED], case), run(DEMOTE + CANDIDATE, case)), cases))
        failures = [(case, want, got) for case, want, got in results if got != want]
        if failures:
            case, want, got = failures[0]
            detail = (f"{len(failures)} of {len(cases)} cases differ; first: ed {case['args']!r} with "
                      f"files {[n for n, _t in case['files']]} and script {case['script']!r} on a "
                      f"{case['stdin']}: expected output {want[0]!r} (zero status: {want[1]}, files: "
                      f"{want[2]!r}), got {got[0]!r} (zero status: {got[1]}, files: {got[2]!r})")
>           raise AssertionError(detail)
E           AssertionError: 1 of 23 cases differ; first: ed ['-E'] with files [] and script 'a\naaab\n.\ns/(a{1,2})\\1b/X/p\nQ\n' on a pipe: expected output b'aX\n' (zero status: True, files: {}), got b'?\n' (zero status: False, files: {})

/tests/test_outputs.py:180: AssertionError
_______________________________ test_generated_2 _______________________________

    def test_generated_2():
>       check("generated_2")

/tests/test_outputs.py:318: 
_ _ _ _ _ _ _ _ _ _ _ _ _ _ _ _ _ _ _ _ _ _ _ _ _ _ _ _ _ _ _ _ _ _ _ _ _ _ _ _ 

family = 'generated_2'

    def check(family):
        cases = [c for c in CASES if c["family"] == family]
        assert cases, f"no cases for {family}"
        # each case runs in its own fresh directories, so cases are independent and can run
        # side by side; map() keeps the corpus order, so the first failure reported is stable
        with ThreadPoolExecutor(max_workers=WORKERS) as pool:
            results = list(pool.map(lambda case: (case, run([GNU_ED], case), run(DEMOTE + CANDIDATE, case)), cases))
        failures = [(case, want, got) for case, want, got in results if got != want]
        if failures:
            case, want, got = failures[0]
            detail = (f"{len(failures)} of {len(cases)} cases differ; first: ed {case['args']!r} with "
                      f"files {[n for n, _t in case['files']]} and script {case['script']!r} on a "
                      f"{case['stdin']}: expected output {want[0]!r} (zero status: {want[1]}, files: "
                      f"{want[2]!r}), got {got[0]!r} (zero status: {got[1]}, files: {got[2]!r})")
>           raise AssertionError(detail)
E           AssertionError: 2 of 80 cases differ; first: ed ['f.txt'] with files ['f.txt', 'other.txt'] and script ",s|a|\\n|gp\n,7-s,[-a],&&,pn\n5,10apn\na|b\ne.e\n.\n2,1p\n8,'ag#a\\{0\\}#\ns;[[:punct:]];&&;gn\n4u\n,p\n" on a pipe: expected output b'62\nn|b\n?\n12\te.e\n?\n?\n12\te..e\n?\nbetn two\nunder_score\nnnn\n/slnsh/\ndeltn four\n0\n{2}\nn.b\nn|b\nn|b\na|b\ne..e\n?\n' (zero status: False, files: {'f.txt': b'beta two\nunder_score\naaa\n/slash/\ndelta four\n0\n{2}\na.b\na|b\na|b\n', 'other.txt': b'a|b\nunder_score\nbeta two\nbeta two\na-b\nx1 y2 z3\n0\na-b\ntab\there\ne.e\na|b\nMixed Case\nMixed Case\n'}), got b'62\nn|b\n6\t00\n12\te.e\n?\n?\n12\te..e\n?\nbetn two\nunder__score\nnnn\n//slnsh/\ndeltn four\n00\n{2}\nn.b\nn|b\nn|b\na|b\ne..e\n?\n' (zero status: False, files: {'f.txt': b'beta two\nunder_score\naaa\n/slash/\ndelta four\n0\n{2}\na.b\na|b\na|b\n', 'other.txt': b'a|b\nunder_score\nbeta two\nbeta two\na-b\nx1 y2 z3\n0\na-b\ntab\there\ne.e\na|b\nMixed Case\nMixed Case\n'})

/tests/test_outputs.py:180: AssertionError
_______________________________ test_generated_5 _______________________________

    def test_generated_5():
>       check("generated_5")

/tests/test_outputs.py:330: 
_ _ _ _ _ _ _ _ _ _ _ _ _ _ _ _ _ _ _ _ _ _ _ _ _ _ _ _ _ _ _ _ _ _ _ _ _ _ _ _ 

family = 'generated_5'

    def check(family):
        cases = [c for c in CASES if c["family"] == family]
        assert cases, f"no cases for {family}"
        # each case runs in its own fresh directories, so cases are independent and can run
        # side by side; map() keeps the corpus order, so the first failure reported is stable
        with ThreadPoolExecutor(max_workers=WORKERS) as pool:
            results = list(pool.map(lambda case: (case, run([GNU_ED], case), run(DEMOTE + CANDIDATE, case)), cases))
        failures = [(case, want, got) for case, want, got in results if got != want]
        if failures:
            case, want, got = failures[0]
            detail = (f"{len(failures)} of {len(cases)} cases differ; first: ed {case['args']!r} with "
                      f"files {[n for n, _t in case['files']]} and script {case['script']!r} on a "
                      f"{case['stdin']}: expected output {want[0]!r} (zero status: {want[1]}, files: "
                      f"{want[2]!r}), got {got[0]!r} (zero status: {got[1]}, files: {got[2]!r})")
>           raise AssertionError(detail)
E           AssertionError: 1 of 80 cases differ; first: ed ['-l', 'f.txt'] with files ['f.txt', 'other.txt'] and script ';t2 +1\nupp\nf\n$;s#[]a]#\\1\n9;d\n+,.,+wq other.txt\n/[-a]/cp\nbeta\nbeta\ne.e\n.\n-2+1=\n,p\n' on a pipe: expected output b'93\n?\nf.txt\n#h1sh\n17\n?\ne.e\n12\na!b\nab*c\n  lead\n#hash\n\ndelta four\nab*c\n123\n/slash/\nx1 y2 z3\nbeta\nbeta\ne.e\nepsilon five\n#h1sh\n?\n' (zero status: True, files: {'f.txt': b'a!b\nab*c\n  lead\n\ndelta four\nab*c\n123\nMixed Case\n/slash/\nx1 y2 z3\ntab\there\nepsilon five\n#hash\n', 'other.txt': b'/slash/\nx1 y2 z3\n'}), got b'93\n?\nf.txt\n#h1sh\n17\n?\ne.e\n11\na!b\nab*c\n  lead\n#hash\n\ndelta four\nab*c\n123\n/slash/\nbeta\nbeta\ne.e\ntab\there\nepsilon five\n#h1sh\n?\n' (zero status: True, files: {'f.txt': b'a!b\nab*c\n  lead\n\ndelta four\nab*c\n123\nMixed Case\n/slash/\nx1 y2 z3\ntab\there\nepsilon five\n#hash\n', 'other.txt': b'/slash/\nx1 y2 z3\n'})

/tests/test_outputs.py:180: AssertionError
_______________________________ test_generated_8 _______________________________

    def test_generated_8():
>       check("generated_8")

/tests/test_outputs.py:342: 
_ _ _ _ _ _ _ _ _ _ _ _ _ _ _ _ _ _ _ _ _ _ _ _ _ _ _ _ _ _ _ _ _ _ _ _ _ _ _ _ 

family = 'generated_8'

    def check(family):
        cases = [c for c in CASES if c["family"] == family]
        assert cases, f"no cases for {family}"
        # each case runs in its own fresh directories, so cases are independent and can run
        # side by side; map() keeps the corpus order, so the first failure reported is stable
        with ThreadPoolExecutor(max_workers=WORKERS) as pool:
            results = list(pool.map(lambda case: (case, run([GNU_ED], case), run(DEMOTE + CANDIDATE, case)), cases))
        failures = [(case, want, got) for case, want, got in results if got != want]
        if failures:
            case, want, got = failures[0]
            detail = (f"{len(failures)} of {len(cases)} cases differ; first: ed {case['args']!r} with "
                      f"files {[n for n, _t in case['files']]} and script {case['script']!r} on a "
                      f"{case['stdin']}: expected output {want[0]!r} (zero status: {want[1]}, files: "
                      f"{want[2]!r}), got {got[0]!r} (zero status: {got[1]}, files: {got[2]!r})")
>           raise AssertionError(detail)
E           AssertionError: 2 of 80 cases differ; first: ed ['-E', 'f.txt'] with files ['f.txt', 'other.txt'] and script " /t|th/- , +2+ g,a^b,-1p\nka\nt.np\n'a-g/o+/-1p\n-;++sn\ns/[-a]/\\2\\1\n 'a , /t|th/ g#a{1,2}b#s/e/E\nsgp\nQ\n" on a pipe: expected output b'107\n?\n15\ta!b\n?\n21!b\n?\n?\n' (zero status: False, files: {'f.txt': b'a.b\ntab\there\ntt th t\nab*c\n#hash\ntt th t\n{2}\nepsilon five\ntrail  \nMixed Case\ntrail  \nMixed Case\ntrail  \na!b\n', 'other.txt': b'under_score\n#hash\nepsilon five\n{2}\nx1 y2 z3\n{2}\nunder_score\nMixed Case\na.b\ntab\there\na.b\nphalp\n'}), got b'107\n?\n15\ta!b\n?\n21!b\n?\n' (zero status: False, files: {'f.txt': b'a.b\ntab\there\ntt th t\nab*c\n#hash\ntt th t\n{2}\nepsilon five\ntrail  \nMixed Case\ntrail  \nMixed Case\ntrail  \na!b\n', 'other.txt': b'under_score\n#hash\nepsilon five\n{2}\nx1 y2 z3\n{2}\nunder_score\nMixed Case\na.b\ntab\there\na.b\nphalp\n'})

/tests/test_outputs.py:180: AssertionError
==================================== PASSES ====================================
=========================== short test summary info ============================
PASSED ../../tests/test_outputs.py::test_launcher_stops_delegation_and_foreign_code
PASSED ../../tests/test_outputs.py::test_addresses
PASSED ../../tests/test_outputs.py::test_append_insert_change
PASSED ../../tests/test_outputs.py::test_delete_join_move_copy
PASSED ../../tests/test_outputs.py::test_substitute
PASSED ../../tests/test_outputs.py::test_global_commands
PASSED ../../tests/test_outputs.py::test_undo
PASSED ../../tests/test_outputs.py::test_print_list_number
PASSED ../../tests/test_outputs.py::test_files_and_write
PASSED ../../tests/test_outputs.py::test_errors_and_exit
PASSED ../../tests/test_outputs.py::test_options
PASSED ../../tests/test_outputs.py::test_mixed_scripts_1
PASSED ../../tests/test_outputs.py::test_mixed_scripts_2
PASSED ../../tests/test_outputs.py::test_mixed_scripts_3
PASSED ../../tests/test_outputs.py::test_mixed_scripts_4
PASSED ../../tests/test_outputs.py::test_mixed_scripts_5
PASSED ../../tests/test_outputs.py::test_mixed_scripts_6
PASSED ../../tests/test_outputs.py::test_generated_1
PASSED ../../tests/test_outputs.py::test_generated_3
PASSED ../../tests/test_outputs.py::test_generated_4
PASSED ../../tests/test_outputs.py::test_generated_6
PASSED ../../tests/test_outputs.py::test_generated_7
FAILED ../../tests/test_outputs.py::test_regex - AssertionError: 6 of 80 case...
FAILED ../../tests/test_outputs.py::test_regex_extended - AssertionError: 1 o...
FAILED ../../tests/test_outputs.py::test_generated_2 - AssertionError: 2 of 8...
FAILED ../../tests/test_outputs.py::test_generated_5 - AssertionError: 1 of 8...
FAILED ../../tests/test_outputs.py::test_generated_8 - AssertionError: 2 of 8...
=================== 5 failed, 22 passed in 124.07s (0:02:04) ===================
