============================= test session starts ==============================
platform linux -- Python 3.13.12, pytest-9.1.1, pluggy-1.6.0
rootdir: /tests
plugins: json-ctrf-0.5.2
collected 27 items

../../tests/test_outputs.py .F......FFF................                  [100%]

=================================== FAILURES ===================================
________________________________ test_addresses ________________________________

    def test_addresses():
>       check("addresses")

/tests/test_outputs.py:242: 
_ _ _ _ _ _ _ _ _ _ _ _ _ _ _ _ _ _ _ _ _ _ _ _ _ _ _ _ _ _ _ _ _ _ _ _ _ _ _ _ 

family = 'addresses'

    def check(family):
        cases = [c for c in CASES if c["family"] == family]
        assert cases, f"no cases for {family}"
        # each case runs in its own fresh directories, so cases are independent and can run
        # side by side; map() keeps the corpus order, so the first failure reported is stable
        with ThreadPoolExecutor(max_workers=WORKERS) as pool:
            results = list(pool.map(lambda case: (case, run([GNU_ED], case), run(DEMOTE + CANDIDATE, case)), cases))
        failures = [(case, want, got) for case, want, got in results if got != want]
        if failures:
            case, want, got = failures[0]
            detail = (f"{len(failures)} of {len(cases)} cases differ; first: ed {case['args']!r} with "
                      f"files {[n for n, _t in case['files']]} and script {case['script']!r} on a "
                      f"{case['stdin']}: expected output {want[0]!r} (zero status: {want[1]}, files: "
                      f"{want[2]!r}), got {got[0]!r} (zero status: {got[1]}, files: {got[2]!r})")
>           raise AssertionError(detail)
E           AssertionError: 4 of 92 cases differ; first: ed ['-s', 'big.txt'] with files ['big.txt'] and script '34p\n45p\n59n\n60p\n61p\n$=\n34,36n\nQ\n' on a pipe: expected output b'line 34 of sixty\nline 45 of sixty\n59\tline 59 of sixty\nline 60 of sixty\n?\n60\n34\tline 34 of sixty\n35\tline 35 of sixty\n36\tline 36 of sixty\n' (zero status: False, files: {'big.txt': b'line 1 of sixty\nline 2 of sixty\nline 3 of sixty\nline 4 of sixty\nline 5 of sixty\nline 6 of sixty\nline 7 of sixty\nline 8 of sixty\nline 9 of sixty\nline 10 of sixty\nline 11 of sixty\nline 12 of sixty\nline 13 of sixty\nline 14 of sixty\nline 15 of sixty\nline 16 of sixty\nline 17 of sixty\nline 18 of sixty\nline 19 of sixty\nline 20 of sixty\nline 21 of sixty\nline 22 of sixty\nline 23 of sixty\nline 24 of sixty\nline 25 of sixty\nline 26 of sixty\nline 27 of sixty\nline 28 of sixty\nline 29 of sixty\nline 30 of sixty\nline 31 of sixty\nline 32 of sixty\nline 33 of sixty\nline 34 of sixty\nline 35 of sixty\nline 36 of sixty\nline 37 of sixty\nline 38 of sixty\nline 39 of sixty\nline 40 of sixty\nline 41 of sixty\nline 42 of sixty\nline 43 of sixty\nline 44 of sixty\nline 45 of sixty\nline 46 of sixty\nline 47 of sixty\nline 48 of sixty\nline 49 of sixty\nline 50 of sixty\nline 51 of sixty\nline 52 of sixty\nline 53 of sixty\nline 54 of sixty\nline 55 of sixty\nline 56 of sixty\nline 57 of sixty\nline 58 of sixty\nline 59 of sixty\nline 60 of sixty\n'}), got b'?\n?\n?\n?\n?\n32\n?\n' (zero status: False, files: {'big.txt': b'line 1 of sixty\nline 2 of sixty\nline 3 of sixty\nline 4 of sixty\nline 5 of sixty\nline 6 of sixty\nline 7 of sixty\nline 8 of sixty\nline 9 of sixty\nline 10 of sixty\nline 11 of sixty\nline 12 of sixty\nline 13 of sixty\nline 14 of sixty\nline 15 of sixty\nline 16 of sixty\nline 17 of sixty\nline 18 of sixty\nline 19 of sixty\nline 20 of sixty\nline 21 of sixty\nline 22 of sixty\nline 23 of sixty\nline 24 of sixty\nline 25 of sixty\nline 26 of sixty\nline 27 of sixty\nline 28 of sixty\nline 29 of sixty\nline 30 of sixty\nline 31 of sixty\nline 32 of sixty\nline 33 of sixty\nline 34 of sixty\nline 35 of sixty\nline 36 of sixty\nline 37 of sixty\nline 38 of sixty\nline 39 of sixty\nline 40 of sixty\nline 41 of sixty\nline 42 of sixty\nline 43 of sixty\nline 44 of sixty\nline 45 of sixty\nline 46 of sixty\nline 47 of sixty\nline 48 of sixty\nline 49 of sixty\nline 50 of sixty\nline 51 of sixty\nline 52 of sixty\nline 53 of sixty\nline 54 of sixty\nline 55 of sixty\nline 56 of sixty\nline 57 of sixty\nline 58 of sixty\nline 59 of sixty\nline 60 of sixty\n'})

/tests/test_outputs.py:180: AssertionError
__________________________________ test_regex __________________________________

    def test_regex():
>       check("regex")

/tests/test_outputs.py:270: 
_ _ _ _ _ _ _ _ _ _ _ _ _ _ _ _ _ _ _ _ _ _ _ _ _ _ _ _ _ _ _ _ _ _ _ _ _ _ _ _ 

family = 'regex'

    def check(family):
        cases = [c for c in CASES if c["family"] == family]
        assert cases, f"no cases for {family}"
        # each case runs in its own fresh directories, so cases are independent and can run
        # side by side; map() keeps the corpus order, so the first failure reported is stable
        with ThreadPoolExecutor(max_workers=WORKERS) as pool:
            results = list(pool.map(lambda case: (case, run([GNU_ED], case), run(DEMOTE + CANDIDATE, case)), cases))
        failures = [(case, want, got) for case, want, got in results if got != want]
        if failures:
            case, want, got = failures[0]
            detail = (f"{len(failures)} of {len(cases)} cases differ; first: ed {case['args']!r} with "
                      f"files {[n for n, _t in case['files']]} and script {case['script']!r} on a "
                      f"{case['stdin']}: expected output {want[0]!r} (zero status: {want[1]}, files: "
                      f"{want[2]!r}), got {got[0]!r} (zero status: {got[1]}, files: {got[2]!r})")
>           raise AssertionError(detail)
E           AssertionError: 1 of 80 cases differ; first: ed [] with files [] and script 'a\naaab\nxaabaab\n.\n1s/\\(a\\{1,2\\}\\)\\1b/X/p\n2s/\\(a\\{1,3\\}\\)b\\1b/Y/p\nQ\n' on a pipe: expected output b'aX\nxY\n' (zero status: True, files: {}), got b'?\nxY\n' (zero status: False, files: {})

/tests/test_outputs.py:180: AssertionError
_____________________________ test_regex_extended ______________________________

    def test_regex_extended():
>       check("regex_extended")

/tests/test_outputs.py:274: 
_ _ _ _ _ _ _ _ _ _ _ _ _ _ _ _ _ _ _ _ _ _ _ _ _ _ _ _ _ _ _ _ _ _ _ _ _ _ _ _ 

family = 'regex_extended'

    def check(family):
        cases = [c for c in CASES if c["family"] == family]
        assert cases, f"no cases for {family}"
        # each case runs in its own fresh directories, so cases are independent and can run
        # side by side; map() keeps the corpus order, so the first failure reported is stable
        with ThreadPoolExecutor(max_workers=WORKERS) as pool:
            results = list(pool.map(lambda case: (case, run([GNU_ED], case), run(DEMOTE + CANDIDATE, case)), cases))
        failures = [(case, want, got) for case, want, got in results if got != want]
        if failures:
            case, want, got = failures[0]
            detail = (f"{len(failures)} of {len(cases)} cases differ; first: ed {case['args']!r} with "
                      f"files {[n for n, _t in case['files']]} and script {case['script']!r} on a "
                      f"{case['stdin']}: expected output {want[0]!r} (zero status: {want[1]}, files: "
                      f"{want[2]!r}), got {got[0]!r} (zero status: {got[1]}, files: {got[2]!r})")
>           raise AssertionError(detail)
E           AssertionError: 1 of 23 cases differ; first: ed ['-E'] with files [] and script 'a\naaab\n.\ns/(a{1,2})\\1b/X/p\nQ\n' on a pipe: expected output b'aX\n' (zero status: True, files: {}), got b'?\n' (zero status: False, files: {})

/tests/test_outputs.py:180: AssertionError
_____________________________ test_files_and_write _____________________________

    def test_files_and_write():
>       check("files_and_write")

/tests/test_outputs.py:278: 
_ _ _ _ _ _ _ _ _ _ _ _ _ _ _ _ _ _ _ _ _ _ _ _ _ _ _ _ _ _ _ _ _ _ _ _ _ _ _ _ 

family = 'files_and_write'

    def check(family):
        cases = [c for c in CASES if c["family"] == family]
        assert cases, f"no cases for {family}"
        # each case runs in its own fresh directories, so cases are independent and can run
        # side by side; map() keeps the corpus order, so the first failure reported is stable
        with ThreadPoolExecutor(max_workers=WORKERS) as pool:
            results = list(pool.map(lambda case: (case, run([GNU_ED], case), run(DEMOTE + CANDIDATE, case)), cases))
        failures = [(case, want, got) for case, want, got in results if got != want]
        if failures:
            case, want, got = failures[0]
            detail = (f"{len(failures)} of {len(cases)} cases differ; first: ed {case['args']!r} with "
                      f"files {[n for n, _t in case['files']]} and script {case['script']!r} on a "
                      f"{case['stdin']}: expected output {want[0]!r} (zero status: {want[1]}, files: "
                      f"{want[2]!r}), got {got[0]!r} (zero status: {got[1]}, files: {got[2]!r})")
>           raise AssertionError(detail)
E           AssertionError: 2 of 85 cases differ; first: ed ['big.txt'] with files ['big.txt'] and script '33p\n' on a pipe: expected output b'264\nline 33\n' (zero status: True, files: {'big.txt': b'line 01\nline 02\nline 03\nline 04\nline 05\nline 06\nline 07\nline 08\nline 09\nline 10\nline 11\nline 12\nline 13\nline 14\nline 15\nline 16\nline 17\nline 18\nline 19\nline 20\nline 21\nline 22\nline 23\nline 24\nline 25\nline 26\nline 27\nline 28\nline 29\nline 30\nline 31\nline 32\nline 33\n'}), got b'256\n?\n' (zero status: False, files: {'big.txt': b'line 01\nline 02\nline 03\nline 04\nline 05\nline 06\nline 07\nline 08\nline 09\nline 10\nline 11\nline 12\nline 13\nline 14\nline 15\nline 16\nline 17\nline 18\nline 19\nline 20\nline 21\nline 22\nline 23\nline 24\nline 25\nline 26\nline 27\nline 28\nline 29\nline 30\nline 31\nline 32\nline 33\n'})

/tests/test_outputs.py:180: AssertionError
==================================== PASSES ====================================
=========================== short test summary info ============================
PASSED ../../tests/test_outputs.py::test_launcher_stops_delegation_and_foreign_code
PASSED ../../tests/test_outputs.py::test_append_insert_change
PASSED ../../tests/test_outputs.py::test_delete_join_move_copy
PASSED ../../tests/test_outputs.py::test_substitute
PASSED ../../tests/test_outputs.py::test_global_commands
PASSED ../../tests/test_outputs.py::test_undo
PASSED ../../tests/test_outputs.py::test_print_list_number
PASSED ../../tests/test_outputs.py::test_errors_and_exit
PASSED ../../tests/test_outputs.py::test_options
PASSED ../../tests/test_outputs.py::test_mixed_scripts_1
PASSED ../../tests/test_outputs.py::test_mixed_scripts_2
PASSED ../../tests/test_outputs.py::test_mixed_scripts_3
PASSED ../../tests/test_outputs.py::test_mixed_scripts_4
PASSED ../../tests/test_outputs.py::test_mixed_scripts_5
PASSED ../../tests/test_outputs.py::test_mixed_scripts_6
PASSED ../../tests/test_outputs.py::test_generated_1
PASSED ../../tests/test_outputs.py::test_generated_2
PASSED ../../tests/test_outputs.py::test_generated_3
PASSED ../../tests/test_outputs.py::test_generated_4
PASSED ../../tests/test_outputs.py::test_generated_5
PASSED ../../tests/test_outputs.py::test_generated_6
PASSED ../../tests/test_outputs.py::test_generated_7
PASSED ../../tests/test_outputs.py::test_generated_8
FAILED ../../tests/test_outputs.py::test_addresses - AssertionError: 4 of 92 ...
FAILED ../../tests/test_outputs.py::test_regex - AssertionError: 1 of 80 case...
FAILED ../../tests/test_outputs.py::test_regex_extended - AssertionError: 1 o...
FAILED ../../tests/test_outputs.py::test_files_and_write - AssertionError: 2 ...
=================== 4 failed, 23 passed in 79.80s (0:01:19) ====================
