============================= test session starts ==============================
platform linux -- Python 3.13.12, pytest-9.1.1, pluggy-1.6.0
rootdir: /tests
plugins: json-ctrf-0.5.2
collected 27 items

../../tests/test_outputs.py ....F...FF...FFFFFFFFFFFFFF                  [100%]

=================================== FAILURES ===================================
_______________________________ test_substitute ________________________________

    def test_substitute():
>       check("substitute")

/tests/test_outputs.py:223: 
_ _ _ _ _ _ _ _ _ _ _ _ _ _ _ _ _ _ _ _ _ _ _ _ _ _ _ _ _ _ _ _ _ _ _ _ _ _ _ _ 

family = 'substitute'

    def check(family):
        cases = [c for c in CASES if c["family"] == family]
        assert cases, f"no cases for {family}"
        failures = []
        for case in cases:
            want = run([GNU_ED], case)
            got = run(DEMOTE + CANDIDATE, case)
            if got != want:
                failures.append((case, want, got))
        if failures:
            case, want, got = failures[0]
            detail = (f"{len(failures)} of {len(cases)} cases differ; first: ed {case['args']!r} with "
                      f"files {[n for n, _t in case['files']]} and script {case['script']!r} on a "
                      f"{case['stdin']}: expected output {want[0]!r} (zero status: {want[1]}, files: "
                      f"{want[2]!r}), got {got[0]!r} (zero status: {got[1]}, files: {got[2]!r})")
>           raise AssertionError(detail)
E           AssertionError: 1 of 84 cases differ; first: ed ['-E'] with files [] and script 'a\nab\n.\ns/(a)/[\\2]/\np\nQ\n' on a pipe: expected output b'[2]b\n' (zero status: True, files: {}), got b'' (zero status: False, files: {})

/tests/test_outputs.py:169: AssertionError
__________________________________ test_regex __________________________________

    def test_regex():
>       check("regex")

/tests/test_outputs.py:239: 
_ _ _ _ _ _ _ _ _ _ _ _ _ _ _ _ _ _ _ _ _ _ _ _ _ _ _ _ _ _ _ _ _ _ _ _ _ _ _ _ 

family = 'regex'

    def check(family):
        cases = [c for c in CASES if c["family"] == family]
        assert cases, f"no cases for {family}"
        failures = []
        for case in cases:
            want = run([GNU_ED], case)
            got = run(DEMOTE + CANDIDATE, case)
            if got != want:
                failures.append((case, want, got))
        if failures:
            case, want, got = failures[0]
            detail = (f"{len(failures)} of {len(cases)} cases differ; first: ed {case['args']!r} with "
                      f"files {[n for n, _t in case['files']]} and script {case['script']!r} on a "
                      f"{case['stdin']}: expected output {want[0]!r} (zero status: {want[1]}, files: "
                      f"{want[2]!r}), got {got[0]!r} (zero status: {got[1]}, files: {got[2]!r})")
>           raise AssertionError(detail)
E           AssertionError: 1 of 68 cases differ; first: ed ['-E', 'f.txt'] with files ['f.txt'] and script 'g/y{32767}|z/p\ng/y{32768}|z/p\nQ\n' on a pipe: expected output b'5\nz\n?\n' (zero status: False, files: {'f.txt': b'z\nyy\n'}), got b'' (zero status: False, files: {'f.txt': b'z\nyy\n'})

/tests/test_outputs.py:169: AssertionError
_____________________________ test_regex_extended ______________________________

    def test_regex_extended():
>       check("regex_extended")

/tests/test_outputs.py:243: 
_ _ _ _ _ _ _ _ _ _ _ _ _ _ _ _ _ _ _ _ _ _ _ _ _ _ _ _ _ _ _ _ _ _ _ _ _ _ _ _ 

family = 'regex_extended'

    def check(family):
        cases = [c for c in CASES if c["family"] == family]
        assert cases, f"no cases for {family}"
        failures = []
        for case in cases:
            want = run([GNU_ED], case)
            got = run(DEMOTE + CANDIDATE, case)
            if got != want:
                failures.append((case, want, got))
        if failures:
            case, want, got = failures[0]
            detail = (f"{len(failures)} of {len(cases)} cases differ; first: ed {case['args']!r} with "
                      f"files {[n for n, _t in case['files']]} and script {case['script']!r} on a "
                      f"{case['stdin']}: expected output {want[0]!r} (zero status: {want[1]}, files: "
                      f"{want[2]!r}), got {got[0]!r} (zero status: {got[1]}, files: {got[2]!r})")
>           raise AssertionError(detail)
E           AssertionError: 14 of 14 cases differ; first: ed ['-s', '-E', 'f.txt'] with files ['f.txt'] and script ',s/o+/0/g\n,p\n' on a pipe: expected output b'a\tb  c\nf0 bar f0\nxx\n\n  lead\ntrail  \nf0f0\nbar\nabc\nabab\naaa\n?\n' (zero status: False, files: {'f.txt': b'a\tb  c\nfoo bar foo\nxx\n\n  lead\ntrail  \nfoofoo\nbar\nabc\nabab\naaa\n'}), got b'' (zero status: False, files: {'f.txt': b'a\tb  c\nfoo bar foo\nxx\n\n  lead\ntrail  \nfoofoo\nbar\nabc\nabab\naaa\n'})

/tests/test_outputs.py:169: AssertionError
_____________________________ test_mixed_scripts_1 _____________________________

    def test_mixed_scripts_1():
>       check("mixed_scripts_1")

/tests/test_outputs.py:259: 
_ _ _ _ _ _ _ _ _ _ _ _ _ _ _ _ _ _ _ _ _ _ _ _ _ _ _ _ _ _ _ _ _ _ _ _ _ _ _ _ 

family = 'mixed_scripts_1'

    def check(family):
        cases = [c for c in CASES if c["family"] == family]
        assert cases, f"no cases for {family}"
        failures = []
        for case in cases:
            want = run([GNU_ED], case)
            got = run(DEMOTE + CANDIDATE, case)
            if got != want:
                failures.append((case, want, got))
        if failures:
            case, want, got = failures[0]
            detail = (f"{len(failures)} of {len(cases)} cases differ; first: ed {case['args']!r} with "
                      f"files {[n for n, _t in case['files']]} and script {case['script']!r} on a "
                      f"{case['stdin']}: expected output {want[0]!r} (zero status: {want[1]}, files: "
                      f"{want[2]!r}), got {got[0]!r} (zero status: {got[1]}, files: {got[2]!r})")
>           raise AssertionError(detail)
E           AssertionError: 6 of 30 cases differ; first: ed ['-s', '-E', 'f.txt'] with files ['f.txt', 'other.txt'] and script '//=\n++1;//z5\ns//&/g\n/t/,+++s/^/%/gp\nd\n?a?;$-2y\n//-g/^.....$/s/e/E/\n$+1l\n//d\n,n\n' on a file: expected output b'?\n' (zero status: False, files: {'f.txt': b'alpha one\nbeta two\ngamma three\ndelta four\nepsilon five\nzeta six\neta seven\ntheta eight\niota nine\nkappa ten\n', 'other.txt': b'o1\no2\n'}), got b'' (zero status: False, files: {'f.txt': b'alpha one\nbeta two\ngamma three\ndelta four\nepsilon five\nzeta six\neta seven\ntheta eight\niota nine\nkappa ten\n', 'other.txt': b'o1\no2\n'})

/tests/test_outputs.py:169: AssertionError
_____________________________ test_mixed_scripts_2 _____________________________

    def test_mixed_scripts_2():
>       check("mixed_scripts_2")

/tests/test_outputs.py:263: 
_ _ _ _ _ _ _ _ _ _ _ _ _ _ _ _ _ _ _ _ _ _ _ _ _ _ _ _ _ _ _ _ _ _ _ _ _ _ _ _ 

family = 'mixed_scripts_2'

    def check(family):
        cases = [c for c in CASES if c["family"] == family]
        assert cases, f"no cases for {family}"
        failures = []
        for case in cases:
            want = run([GNU_ED], case)
            got = run(DEMOTE + CANDIDATE, case)
            if got != want:
                failures.append((case, want, got))
        if failures:
            case, want, got = failures[0]
            detail = (f"{len(failures)} of {len(cases)} cases differ; first: ed {case['args']!r} with "
                      f"files {[n for n, _t in case['files']]} and script {case['script']!r} on a "
                      f"{case['stdin']}: expected output {want[0]!r} (zero status: {want[1]}, files: "
                      f"{want[2]!r}), got {got[0]!r} (zero status: {got[1]}, files: {got[2]!r})")
>           raise AssertionError(detail)
E           AssertionError: 5 of 26 cases differ; first: ed ['-s', '-E', 'f.txt'] with files ['f.txt', 'other.txt'] and script ";?a?++r missing.txt\n$-1;/t/p\n9+\n'a;//s/t\\|th/\\\n/n\n,n\n" on a pipe: expected output b'?\niota nine\nkappa ten\nkappa ten\n?\nalpha one\n1\talpha one\n2\tbeta two\n3\tgamma three\n4\tdelta four\n5\tepsilon five\n6\tzeta six\n7\teta seven\n8\ttheta eight\n9\tiota nine\n10\tkappa ten\n' (zero status: False, files: {'f.txt': b'alpha one\nbeta two\ngamma three\ndelta four\nepsilon five\nzeta six\neta seven\ntheta eight\niota nine\nkappa ten\n', 'other.txt': b'o1\no2\n'}), got b'' (zero status: False, files: {'f.txt': b'alpha one\nbeta two\ngamma three\ndelta four\nepsilon five\nzeta six\neta seven\ntheta eight\niota nine\nkappa ten\n', 'other.txt': b'o1\no2\n'})

/tests/test_outputs.py:169: AssertionError
_____________________________ test_mixed_scripts_3 _____________________________

    def test_mixed_scripts_3():
>       check("mixed_scripts_3")

/tests/test_outputs.py:267: 
_ _ _ _ _ _ _ _ _ _ _ _ _ _ _ _ _ _ _ _ _ _ _ _ _ _ _ _ _ _ _ _ _ _ _ _ _ _ _ _ 

family = 'mixed_scripts_3'

    def check(family):
        cases = [c for c in CASES if c["family"] == family]
        assert cases, f"no cases for {family}"
        failures = []
        for case in cases:
            want = run([GNU_ED], case)
            got = run(DEMOTE + CANDIDATE, case)
            if got != want:
                failures.append((case, want, got))
        if failures:
            case, want, got = failures[0]
            detail = (f"{len(failures)} of {len(cases)} cases differ; first: ed {case['args']!r} with "
                      f"files {[n for n, _t in case['files']]} and script {case['script']!r} on a "
                      f"{case['stdin']}: expected output {want[0]!r} (zero status: {want[1]}, files: "
                      f"{want[2]!r}), got {got[0]!r} (zero status: {got[1]}, files: {got[2]!r})")
>           raise AssertionError(detail)
E           AssertionError: 3 of 23 cases differ; first: ed ['-s', '-E', 'f.txt'] with files ['f.txt', 'other.txt'] and script '$,/o\\|a/-2kb\n+=\n.-1d\n/t/,+-2a\n\n.\n11;n\n,w out.txt\n,n\n' on a file: expected output b'?\n' (zero status: False, files: {'f.txt': b'alpha one\nbeta two\ngamma three\ndelta four\nepsilon five\nzeta six\neta seven\ntheta eight\niota nine\nkappa ten\n', 'other.txt': b'o1\no2\n'}), got b'' (zero status: False, files: {'f.txt': b'alpha one\nbeta two\ngamma three\ndelta four\nepsilon five\nzeta six\neta seven\ntheta eight\niota nine\nkappa ten\n', 'other.txt': b'o1\no2\n'})

/tests/test_outputs.py:169: AssertionError
_____________________________ test_mixed_scripts_4 _____________________________

    def test_mixed_scripts_4():
>       check("mixed_scripts_4")

/tests/test_outputs.py:271: 
_ _ _ _ _ _ _ _ _ _ _ _ _ _ _ _ _ _ _ _ _ _ _ _ _ _ _ _ _ _ _ _ _ _ _ _ _ _ _ _ 

family = 'mixed_scripts_4'

    def check(family):
        cases = [c for c in CASES if c["family"] == family]
        assert cases, f"no cases for {family}"
        failures = []
        for case in cases:
            want = run([GNU_ED], case)
            got = run(DEMOTE + CANDIDATE, case)
            if got != want:
                failures.append((case, want, got))
        if failures:
            case, want, got = failures[0]
            detail = (f"{len(failures)} of {len(cases)} cases differ; first: ed {case['args']!r} with "
                      f"files {[n for n, _t in case['files']]} and script {case['script']!r} on a "
                      f"{case['stdin']}: expected output {want[0]!r} (zero status: {want[1]}, files: "
                      f"{want[2]!r}), got {got[0]!r} (zero status: {got[1]}, files: {got[2]!r})")
>           raise AssertionError(detail)
E           AssertionError: 6 of 26 cases differ; first: ed ['-s', '-E', 'f.txt'] with files ['f.txt', 'other.txt'] and script '?a?;d\n/nomatch/;//-1ka\n/e/;/nomatch/++d\n;?a?r other.txt\n/e/;/e/+n\n,n\n' on a pipe: expected output b'?\n?\n1\talpha one\n2\tbeta two\n3\tgamma three\n1\talpha one\n2\tbeta two\n3\tgamma three\n4\tdelta four\n5\tepsilon five\n6\tzeta six\n7\teta seven\n8\ttheta eight\n9\tkappa ten\n10\to1\n11\to2\n?\n' (zero status: False, files: {'f.txt': b'alpha one\nbeta two\ngamma three\ndelta four\nepsilon five\nzeta six\neta seven\ntheta eight\niota nine\nkappa ten\n', 'other.txt': b'o1\no2\n'}), got b'' (zero status: False, files: {'f.txt': b'alpha one\nbeta two\ngamma three\ndelta four\nepsilon five\nzeta six\neta seven\ntheta eight\niota nine\nkappa ten\n', 'other.txt': b'o1\no2\n'})

/tests/test_outputs.py:169: AssertionError
_____________________________ test_mixed_scripts_5 _____________________________

    def test_mixed_scripts_5():
>       check("mixed_scripts_5")

/tests/test_outputs.py:275: 
_ _ _ _ _ _ _ _ _ _ _ _ _ _ _ _ _ _ _ _ _ _ _ _ _ _ _ _ _ _ _ _ _ _ _ _ _ _ _ _ 

family = 'mixed_scripts_5'

    def check(family):
        cases = [c for c in CASES if c["family"] == family]
        assert cases, f"no cases for {family}"
        failures = []
        for case in cases:
            want = run([GNU_ED], case)
            got = run(DEMOTE + CANDIDATE, case)
            if got != want:
                failures.append((case, want, got))
        if failures:
            case, want, got = failures[0]
            detail = (f"{len(failures)} of {len(cases)} cases differ; first: ed {case['args']!r} with "
                      f"files {[n for n, _t in case['files']]} and script {case['script']!r} on a "
                      f"{case['stdin']}: expected output {want[0]!r} (zero status: {want[1]}, files: "
                      f"{want[2]!r}), got {got[0]!r} (zero status: {got[1]}, files: {got[2]!r})")
>           raise AssertionError(detail)
E           AssertionError: 3 of 17 cases differ; first: ed ['-s', '-E', 'f.txt'] with files ['f.txt', 'other.txt'] and script "//s/\\(.\\)\\(.\\)/\\\n/3g\n+;$j\n'a,-v/e/-1p\n/o\\|a/;/e/pn\n-;/t/++p\n.j\n,//-2c\n\n.\n'a,/o\\|a/n\n//,?a?v/a/p\n,n\n" on a pipe: expected output b'?\n?\n?\n?\n?\n?\n?\n1\t\n2\tiota nine\n3\tkappa ten\n?\n' (zero status: False, files: {'f.txt': b'alpha one\nbeta two\ngamma three\ndelta four\nepsilon five\nzeta six\neta seven\ntheta eight\niota nine\nkappa ten\n', 'other.txt': b'o1\no2\n'}), got b'' (zero status: False, files: {'f.txt': b'alpha one\nbeta two\ngamma three\ndelta four\nepsilon five\nzeta six\neta seven\ntheta eight\niota nine\nkappa ten\n', 'other.txt': b'o1\no2\n'})

/tests/test_outputs.py:169: AssertionError
_____________________________ test_mixed_scripts_6 _____________________________

    def test_mixed_scripts_6():
>       check("mixed_scripts_6")

/tests/test_outputs.py:279: 
_ _ _ _ _ _ _ _ _ _ _ _ _ _ _ _ _ _ _ _ _ _ _ _ _ _ _ _ _ _ _ _ _ _ _ _ _ _ _ _ 

family = 'mixed_scripts_6'

    def check(family):
        cases = [c for c in CASES if c["family"] == family]
        assert cases, f"no cases for {family}"
        failures = []
        for case in cases:
            want = run([GNU_ED], case)
            got = run(DEMOTE + CANDIDATE, case)
            if got != want:
                failures.append((case, want, got))
        if failures:
            case, want, got = failures[0]
            detail = (f"{len(failures)} of {len(cases)} cases differ; first: ed {case['args']!r} with "
                      f"files {[n for n, _t in case['files']]} and script {case['script']!r} on a "
                      f"{case['stdin']}: expected output {want[0]!r} (zero status: {want[1]}, files: "
                      f"{want[2]!r}), got {got[0]!r} (zero status: {got[1]}, files: {got[2]!r})")
>           raise AssertionError(detail)
E           AssertionError: 1 of 11 cases differ; first: ed ['-s', '-E', 'f.txt'] with files ['f.txt', 'other.txt'] and script '$,?a?+1kb\n/t/-2d\n;$d\n/t/;=\ns/e/%/\np\n,n\n' on a pipe: expected output b'?\n2\n?\nbeta two\n1\talpha one\n2\tbeta two\n3\tgamma three\n4\tdelta four\n5\tepsilon five\n6\tzeta six\n7\teta seven\n8\ttheta eight\n9\tiota nine\n?\n' (zero status: False, files: {'f.txt': b'alpha one\nbeta two\ngamma three\ndelta four\nepsilon five\nzeta six\neta seven\ntheta eight\niota nine\nkappa ten\n', 'other.txt': b'o1\no2\n'}), got b'' (zero status: False, files: {'f.txt': b'alpha one\nbeta two\ngamma three\ndelta four\nepsilon five\nzeta six\neta seven\ntheta eight\niota nine\nkappa ten\n', 'other.txt': b'o1\no2\n'})

/tests/test_outputs.py:169: AssertionError
_______________________________ test_generated_1 _______________________________

    def test_generated_1():
>       check("generated_1")

/tests/test_outputs.py:283: 
_ _ _ _ _ _ _ _ _ _ _ _ _ _ _ _ _ _ _ _ _ _ _ _ _ _ _ _ _ _ _ _ _ _ _ _ _ _ _ _ 

family = 'generated_1'

    def check(family):
        cases = [c for c in CASES if c["family"] == family]
        assert cases, f"no cases for {family}"
        failures = []
        for case in cases:
            want = run([GNU_ED], case)
            got = run(DEMOTE + CANDIDATE, case)
            if got != want:
                failures.append((case, want, got))
        if failures:
            case, want, got = failures[0]
            detail = (f"{len(failures)} of {len(cases)} cases differ; first: ed {case['args']!r} with "
                      f"files {[n for n, _t in case['files']]} and script {case['script']!r} on a "
                      f"{case['stdin']}: expected output {want[0]!r} (zero status: {want[1]}, files: "
                      f"{want[2]!r}), got {got[0]!r} (zero status: {got[1]}, files: {got[2]!r})")
>           raise AssertionError(detail)
E           AssertionError: 10 of 80 cases differ; first: ed ['f.txt', '-E'] with files ['f.txt', 'other.txt'] and script "1,2k\nupn\na\nbeta\n\n.\n$-1,++=\n=\ns.a^b.%.gn\n//,'a-s.^$.\\&.0\n'b+1\n;sp\n,p\n" on a pipe: expected output b'31\n?\n?\n?\n7\n?\n?\n?\n?\nx1 y2 z3\n123\na!b\nalpha one\n{2}\nbeta\n\n?\n' (zero status: False, files: {'f.txt': b'x1 y2 z3\n123\na!b\nalpha one\n{2}\n', 'other.txt': b'#hash\ntab\there\na-b\nalpha one\ntab\there\na|b\nMixed Case\nx1 y2 z3\nunder_score\n\nfoo bar foo\nfoo bar foo\n'}), got b'' (zero status: False, files: {'f.txt': b'x1 y2 z3\n123\na!b\nalpha one\n{2}\n', 'other.txt': b'#hash\ntab\there\na-b\nalpha one\ntab\there\na|b\nMixed Case\nx1 y2 z3\nunder_score\n\nfoo bar foo\nfoo bar foo\n'})

/tests/test_outputs.py:169: AssertionError
_______________________________ test_generated_2 _______________________________

    def test_generated_2():
>       check("generated_2")

/tests/test_outputs.py:287: 
_ _ _ _ _ _ _ _ _ _ _ _ _ _ _ _ _ _ _ _ _ _ _ _ _ _ _ _ _ _ _ _ _ _ _ _ _ _ _ _ 

family = 'generated_2'

    def check(family):
        cases = [c for c in CASES if c["family"] == family]
        assert cases, f"no cases for {family}"
        failures = []
        for case in cases:
            want = run([GNU_ED], case)
            got = run(DEMOTE + CANDIDATE, case)
            if got != want:
                failures.append((case, want, got))
        if failures:
            case, want, got = failures[0]
            detail = (f"{len(failures)} of {len(cases)} cases differ; first: ed {case['args']!r} with "
                      f"files {[n for n, _t in case['files']]} and script {case['script']!r} on a "
                      f"{case['stdin']}: expected output {want[0]!r} (zero status: {want[1]}, files: "
                      f"{want[2]!r}), got {got[0]!r} (zero status: {got[1]}, files: {got[2]!r})")
>           raise AssertionError(detail)
E           AssertionError: 21 of 80 cases differ; first: ed ['-E', '-s'] with files ['f.txt', 'other.txt'] and script "a\ngamma three\n0\n/slash/\n0\n.\nip\n..\nbeta\nnew\n.\ns#o+#\\n#\n. +1,$,3m1\n'a,-- +1s#(^a|b$)#\\\n#2\nw\n" on a file: expected output b'new\n?\n' (zero status: False, files: {'f.txt': b'a.b\nMixed Case\na.b\nunder_score\nfoo bar foo\na.b\n[-a]\n', 'other.txt': b'aaa\nunder_score\n{2}\n\n  lead\ngamma three\na-b\n'}), got b'' (zero status: False, files: {'f.txt': b'a.b\nMixed Case\na.b\nunder_score\nfoo bar foo\na.b\n[-a]\n', 'other.txt': b'aaa\nunder_score\n{2}\n\n  lead\ngamma three\na-b\n'})

/tests/test_outputs.py:169: AssertionError
_______________________________ test_generated_3 _______________________________

    def test_generated_3():
>       check("generated_3")

/tests/test_outputs.py:291: 
_ _ _ _ _ _ _ _ _ _ _ _ _ _ _ _ _ _ _ _ _ _ _ _ _ _ _ _ _ _ _ _ _ _ _ _ _ _ _ _ 

family = 'generated_3'

    def check(family):
        cases = [c for c in CASES if c["family"] == family]
        assert cases, f"no cases for {family}"
        failures = []
        for case in cases:
            want = run([GNU_ED], case)
            got = run(DEMOTE + CANDIDATE, case)
            if got != want:
                failures.append((case, want, got))
        if failures:
            case, want, got = failures[0]
            detail = (f"{len(failures)} of {len(cases)} cases differ; first: ed {case['args']!r} with "
                      f"files {[n for n, _t in case['files']]} and script {case['script']!r} on a "
                      f"{case['stdin']}: expected output {want[0]!r} (zero status: {want[1]}, files: "
                      f"{want[2]!r}), got {got[0]!r} (zero status: {got[1]}, files: {got[2]!r})")
>           raise AssertionError(detail)
E           AssertionError: 14 of 80 cases differ; first: ed ['-E', 'f.txt'] with files ['f.txt', 'other.txt'] and script "+++1,ap\n..\nnew\n .\n.\n'bs;(ab|a)(bc|c);\\\n\n11,.g;a{0};a\\\nadded\\\n.\n$-1;s.[[:digit:]]+.\\&\n,p\n" on a pipe: expected output b'104\n?\n?\n?\na-b\na-b\n?\n?\n?\ne.e\n123\nback\\slash\ndelta four\n{2}\nunder_score\nfoo bar foo\n{2}\ntt th t\ndelta four\nMixed Case\nadded\n/slash/\nadded\na-b\nadded\n?\n' (zero status: False, files: {'f.txt': b'e.e\n123\nback\\slash\ndelta four\n{2}\nunder_score\nfoo bar foo\n{2}\ntt th t\ndelta four\nMixed Case\n/slash/\na-b\n', 'other.txt': b'alpha one\n\ndelta four\n#hash\na!b\n'}), got b'' (zero status: False, files: {'f.txt': b'e.e\n123\nback\\slash\ndelta four\n{2}\nunder_score\nfoo bar foo\n{2}\ntt th t\ndelta four\nMixed Case\n/slash/\na-b\n', 'other.txt': b'alpha one\n\ndelta four\n#hash\na!b\n'})

/tests/test_outputs.py:169: AssertionError
_______________________________ test_generated_4 _______________________________

    def test_generated_4():
>       check("generated_4")

/tests/test_outputs.py:295: 
_ _ _ _ _ _ _ _ _ _ _ _ _ _ _ _ _ _ _ _ _ _ _ _ _ _ _ _ _ _ _ _ _ _ _ _ _ _ _ _ 

family = 'generated_4'

    def check(family):
        cases = [c for c in CASES if c["family"] == family]
        assert cases, f"no cases for {family}"
        failures = []
        for case in cases:
            want = run([GNU_ED], case)
            got = run(DEMOTE + CANDIDATE, case)
            if got != want:
                failures.append((case, want, got))
        if failures:
            case, want, got = failures[0]
            detail = (f"{len(failures)} of {len(cases)} cases differ; first: ed {case['args']!r} with "
                      f"files {[n for n, _t in case['files']]} and script {case['script']!r} on a "
                      f"{case['stdin']}: expected output {want[0]!r} (zero status: {want[1]}, files: "
                      f"{want[2]!r}), got {got[0]!r} (zero status: {got[1]}, files: {got[2]!r})")
>           raise AssertionError(detail)
E           AssertionError: 17 of 80 cases differ; first: ed ['-E'] with files ['f.txt', 'other.txt'] and script 'a\n[-a]\n{2}\nepsilon five\ndelta four\nalpha one\nfoo bar foo\nunder_score\nalpha one\n.\n2s|\\.|<&>|0\n//;1s,\\.,\\&,q\n-- +1,+2-1,7+1s#(a|ab)(c|bcd)?#E#pn\n,10-dp\nq\n,p\n' on a pipe: expected output b'?\n?\n?\n?\n?\n[-a]\n{2}\nepsilon five\ndelta four\nalpha one\nfoo bar foo\nunder_score\nalpha one\n?\n' (zero status: False, files: {'f.txt': b'123\na!b\nback\\slash\n123\n#hash\n[-a]\na-b\n', 'other.txt': b'tt th t\n0\n\ntt th t\na.b\n{2}\nab*c\n'}), got b'' (zero status: False, files: {'f.txt': b'123\na!b\nback\\slash\n123\n#hash\n[-a]\na-b\n', 'other.txt': b'tt th t\n0\n\ntt th t\na.b\n{2}\nab*c\n'})

/tests/test_outputs.py:169: AssertionError
_______________________________ test_generated_5 _______________________________

    def test_generated_5():
>       check("generated_5")

/tests/test_outputs.py:299: 
_ _ _ _ _ _ _ _ _ _ _ _ _ _ _ _ _ _ _ _ _ _ _ _ _ _ _ _ _ _ _ _ _ _ _ _ _ _ _ _ 

family = 'generated_5'

    def check(family):
        cases = [c for c in CASES if c["family"] == family]
        assert cases, f"no cases for {family}"
        failures = []
        for case in cases:
            want = run([GNU_ED], case)
            got = run(DEMOTE + CANDIDATE, case)
            if got != want:
                failures.append((case, want, got))
        if failures:
            case, want, got = failures[0]
            detail = (f"{len(failures)} of {len(cases)} cases differ; first: ed {case['args']!r} with "
                      f"files {[n for n, _t in case['files']]} and script {case['script']!r} on a "
                      f"{case['stdin']}: expected output {want[0]!r} (zero status: {want[1]}, files: "
                      f"{want[2]!r}), got {got[0]!r} (zero status: {got[1]}, files: {got[2]!r})")
>           raise AssertionError(detail)
E           AssertionError: 13 of 80 cases differ; first: ed ['-E', '-s'] with files ['f.txt', 'other.txt'] and script 'a\nab*c\n\n123\nback\\slash\ndelta four\n/slash/\nabab\n.\n?a{0}?,-# note\ne sub/new.txt\n1s/a/b/2g3\n,m+\nQ\n' on a file: expected output b'?\n' (zero status: False, files: {'f.txt': b'delta four\n\n\n', 'other.txt': b'a!b\ne.e\nx1 y2 z3\na|b\n/slash/\ntab\there\ntab\there\n0\n'}), got b'' (zero status: False, files: {'f.txt': b'delta four\n\n\n', 'other.txt': b'a!b\ne.e\nx1 y2 z3\na|b\n/slash/\ntab\there\ntab\there\n0\n'})

/tests/test_outputs.py:169: AssertionError
_______________________________ test_generated_6 _______________________________

    def test_generated_6():
>       check("generated_6")

/tests/test_outputs.py:303: 
_ _ _ _ _ _ _ _ _ _ _ _ _ _ _ _ _ _ _ _ _ _ _ _ _ _ _ _ _ _ _ _ _ _ _ _ _ _ _ _ 

family = 'generated_6'

    def check(family):
        cases = [c for c in CASES if c["family"] == family]
        assert cases, f"no cases for {family}"
        failures = []
        for case in cases:
            want = run([GNU_ED], case)
            got = run(DEMOTE + CANDIDATE, case)
            if got != want:
                failures.append((case, want, got))
        if failures:
            case, want, got = failures[0]
            detail = (f"{len(failures)} of {len(cases)} cases differ; first: ed {case['args']!r} with "
                      f"files {[n for n, _t in case['files']]} and script {case['script']!r} on a "
                      f"{case['stdin']}: expected output {want[0]!r} (zero status: {want[1]}, files: "
                      f"{want[2]!r}), got {got[0]!r} (zero status: {got[1]}, files: {got[2]!r})")
>           raise AssertionError(detail)
E           AssertionError: 14 of 80 cases differ; first: ed ['-E', '-s', 'f.txt'] with files ['f.txt', 'other.txt'] and script '---;ipn\nbeta\n.\n?t|th?+1;+2g/e.e/s/e/E/\n;wq\nsgp\n.-1;s;[-a];a\\\nb\nQ\n' on a file: expected output b'7\tbeta\n?\n' (zero status: False, files: {'f.txt': b'foo bar foo\na-b\nabab\nMixed Case\n[-a]\nbeta\nback\\slash\ntrail  \nunder_score\n/slash/\n', 'other.txt': b'abab\naaa\nabab\n#hash\n0\nfoo bar foo\nMixed Case\nabab\nfoo bar foo\naaa\naaa\nalpha one\nback\\slash\n'}), got b'' (zero status: False, files: {'f.txt': b'gamma three\nfoo bar foo\na-b\nabab\nMixed Case\n[-a]\nback\\slash\ntrail  \nunder_score\n/slash/\n', 'other.txt': b'abab\naaa\nabab\n#hash\n0\nfoo bar foo\nMixed Case\nabab\nfoo bar foo\naaa\naaa\nalpha one\nback\\slash\n'})

/tests/test_outputs.py:169: AssertionError
_______________________________ test_generated_7 _______________________________

    def test_generated_7():
>       check("generated_7")

/tests/test_outputs.py:307: 
_ _ _ _ _ _ _ _ _ _ _ _ _ _ _ _ _ _ _ _ _ _ _ _ _ _ _ _ _ _ _ _ _ _ _ _ _ _ _ _ 

family = 'generated_7'

    def check(family):
        cases = [c for c in CASES if c["family"] == family]
        assert cases, f"no cases for {family}"
        failures = []
        for case in cases:
            want = run([GNU_ED], case)
            got = run(DEMOTE + CANDIDATE, case)
            if got != want:
                failures.append((case, want, got))
        if failures:
            case, want, got = failures[0]
            detail = (f"{len(failures)} of {len(cases)} cases differ; first: ed {case['args']!r} with "
                      f"files {[n for n, _t in case['files']]} and script {case['script']!r} on a "
                      f"{case['stdin']}: expected output {want[0]!r} (zero status: {want[1]}, files: "
                      f"{want[2]!r}), got {got[0]!r} (zero status: {got[1]}, files: {got[2]!r})")
>           raise AssertionError(detail)
E           AssertionError: 14 of 80 cases differ; first: ed ['-E', 'f.txt'] with files ['f.txt', 'other.txt'] and script '2s/(a/\n $ +1 , -2 +1 s\nr\tmissing.txt\n3t??x\n,n\n' on a file: expected output b'27\n?\n' (zero status: False, files: {'f.txt': b'a-b\ndelta four\ntrail  \na.b\n', 'other.txt': b'e.e\nphalp\nfoo bar foo\nx1 y2 z3\ndelta four\nbeta two\na|b\n{2}\ne.e\nabab\nback\\slash\n'}), got b'' (zero status: False, files: {'f.txt': b'a-b\ndelta four\ntrail  \na.b\n', 'other.txt': b'e.e\nphalp\nfoo bar foo\nx1 y2 z3\ndelta four\nbeta two\na|b\n{2}\ne.e\nabab\nback\\slash\n'})

/tests/test_outputs.py:169: AssertionError
_______________________________ test_generated_8 _______________________________

    def test_generated_8():
>       check("generated_8")

/tests/test_outputs.py:311: 
_ _ _ _ _ _ _ _ _ _ _ _ _ _ _ _ _ _ _ _ _ _ _ _ _ _ _ _ _ _ _ _ _ _ _ _ _ _ _ _ 

family = 'generated_8'

    def check(family):
        cases = [c for c in CASES if c["family"] == family]
        assert cases, f"no cases for {family}"
        failures = []
        for case in cases:
            want = run([GNU_ED], case)
            got = run(DEMOTE + CANDIDATE, case)
            if got != want:
                failures.append((case, want, got))
        if failures:
            case, want, got = failures[0]
            detail = (f"{len(failures)} of {len(cases)} cases differ; first: ed {case['args']!r} with "
                      f"files {[n for n, _t in case['files']]} and script {case['script']!r} on a "
                      f"{case['stdin']}: expected output {want[0]!r} (zero status: {want[1]}, files: "
                      f"{want[2]!r}), got {got[0]!r} (zero status: {got[1]}, files: {got[2]!r})")
>           raise AssertionError(detail)
E           AssertionError: 15 of 80 cases differ; first: ed ['-E', 'f.txt'] with files ['f.txt', 'other.txt'] and script 's,a{0},E\neother.txt\n1-1a\na|b\n\n..\n.\nf\tf.txt\n$;$n\n,n\n' on a pipe: expected output b'65\nEgamma three\n?\nf.txt\n9\tEgamma three\n1\ta|b\n2\t\n3\t..\n4\tback\\slash\n5\tfoo bar foo\n6\tgamma three\n7\tfoo bar foo\n8\tphalp\n9\tEgamma three\n?\n' (zero status: False, files: {'f.txt': b'back\\slash\nfoo bar foo\ngamma three\nfoo bar foo\nphalp\ngamma three\n', 'other.txt': b'tab\there\n\n0\n'}), got b'' (zero status: False, files: {'f.txt': b'back\\slash\nfoo bar foo\ngamma three\nfoo bar foo\nphalp\ngamma three\n', 'other.txt': b'tab\there\n\n0\n'})

/tests/test_outputs.py:169: AssertionError
==================================== PASSES ====================================
=========================== short test summary info ============================
PASSED ../../tests/test_outputs.py::test_launcher_stops_delegation_and_foreign_code
PASSED ../../tests/test_outputs.py::test_addresses
PASSED ../../tests/test_outputs.py::test_append_insert_change
PASSED ../../tests/test_outputs.py::test_delete_join_move_copy
PASSED ../../tests/test_outputs.py::test_global_commands
PASSED ../../tests/test_outputs.py::test_undo
PASSED ../../tests/test_outputs.py::test_print_list_number
PASSED ../../tests/test_outputs.py::test_files_and_write
PASSED ../../tests/test_outputs.py::test_errors_and_exit
PASSED ../../tests/test_outputs.py::test_options
FAILED ../../tests/test_outputs.py::test_substitute - AssertionError: 1 of 84...
FAILED ../../tests/test_outputs.py::test_regex - AssertionError: 1 of 68 case...
FAILED ../../tests/test_outputs.py::test_regex_extended - AssertionError: 14 ...
FAILED ../../tests/test_outputs.py::test_mixed_scripts_1 - AssertionError: 6 ...
FAILED ../../tests/test_outputs.py::test_mixed_scripts_2 - AssertionError: 5 ...
FAILED ../../tests/test_outputs.py::test_mixed_scripts_3 - AssertionError: 3 ...
FAILED ../../tests/test_outputs.py::test_mixed_scripts_4 - AssertionError: 6 ...
FAILED ../../tests/test_outputs.py::test_mixed_scripts_5 - AssertionError: 3 ...
FAILED ../../tests/test_outputs.py::test_mixed_scripts_6 - AssertionError: 1 ...
FAILED ../../tests/test_outputs.py::test_generated_1 - AssertionError: 10 of ...
FAILED ../../tests/test_outputs.py::test_generated_2 - AssertionError: 21 of ...
FAILED ../../tests/test_outputs.py::test_generated_3 - AssertionError: 14 of ...
FAILED ../../tests/test_outputs.py::test_generated_4 - AssertionError: 17 of ...
FAILED ../../tests/test_outputs.py::test_generated_5 - AssertionError: 13 of ...
FAILED ../../tests/test_outputs.py::test_generated_6 - AssertionError: 14 of ...
FAILED ../../tests/test_outputs.py::test_generated_7 - AssertionError: 14 of ...
FAILED ../../tests/test_outputs.py::test_generated_8 - AssertionError: 15 of ...
=================== 17 failed, 10 passed in 70.34s (0:01:10) ===================
