============================= test session starts ==============================
platform linux -- Python 3.13.12, pytest-9.1.1, pluggy-1.6.0
rootdir: /tests
plugins: json-ctrf-0.5.2
collected 27 items

../../tests/test_outputs.py ..........F..........F...F.                  [100%]

=================================== FAILURES ===================================
_____________________________ test_files_and_write _____________________________

    def test_files_and_write():
>       check("files_and_write")

/tests/test_outputs.py:247: 
_ _ _ _ _ _ _ _ _ _ _ _ _ _ _ _ _ _ _ _ _ _ _ _ _ _ _ _ _ _ _ _ _ _ _ _ _ _ _ _ 

family = 'files_and_write'

    def check(family):
        cases = [c for c in CASES if c["family"] == family]
        assert cases, f"no cases for {family}"
        failures = []
        for case in cases:
            want = run([GNU_ED], case)
            got = run(DEMOTE + CANDIDATE, case)
            if got != want:
                failures.append((case, want, got))
        if failures:
            case, want, got = failures[0]
            detail = (f"{len(failures)} of {len(cases)} cases differ; first: ed {case['args']!r} with "
                      f"files {[n for n, _t in case['files']]} and script {case['script']!r} on a "
                      f"{case['stdin']}: expected output {want[0]!r} (zero status: {want[1]}, files: "
                      f"{want[2]!r}), got {got[0]!r} (zero status: {got[1]}, files: {got[2]!r})")
>           raise AssertionError(detail)
E           AssertionError: 2 of 79 cases differ; first: ed ['-s', 'f.txt'] with files ['f.txt', 'other.txt'] and script 'E other.txt\nf\n' on a pipe: expected output b'other.txt\n' (zero status: True, files: {'f.txt': b'alpha one\nbeta two\ngamma three\ndelta four\nepsilon five\nzeta six\neta seven\ntheta eight\niota nine\nkappa ten\n', 'other.txt': b'o1\no2\no3\n'}), got b'9\nother.txt\n' (zero status: True, files: {'f.txt': b'alpha one\nbeta two\ngamma three\ndelta four\nepsilon five\nzeta six\neta seven\ntheta eight\niota nine\nkappa ten\n', 'other.txt': b'o1\no2\no3\n'})

/tests/test_outputs.py:169: AssertionError
_______________________________ test_generated_3 _______________________________

    def test_generated_3():
>       check("generated_3")

/tests/test_outputs.py:291: 
_ _ _ _ _ _ _ _ _ _ _ _ _ _ _ _ _ _ _ _ _ _ _ _ _ _ _ _ _ _ _ _ _ _ _ _ _ _ _ _ 

family = 'generated_3'

    def check(family):
        cases = [c for c in CASES if c["family"] == family]
        assert cases, f"no cases for {family}"
        failures = []
        for case in cases:
            want = run([GNU_ED], case)
            got = run(DEMOTE + CANDIDATE, case)
            if got != want:
                failures.append((case, want, got))
        if failures:
            case, want, got = failures[0]
            detail = (f"{len(failures)} of {len(cases)} cases differ; first: ed {case['args']!r} with "
                      f"files {[n for n, _t in case['files']]} and script {case['script']!r} on a "
                      f"{case['stdin']}: expected output {want[0]!r} (zero status: {want[1]}, files: "
                      f"{want[2]!r}), got {got[0]!r} (zero status: {got[1]}, files: {got[2]!r})")
>           raise AssertionError(detail)
E           AssertionError: 1 of 80 cases differ; first: ed ['f.txt', '-s'] with files ['f.txt', 'other.txt'] and script '1s/a/b/2g3\nun\n-2,3+1,//p\n--u\n1s/a/b/2g3\n8s;o*;%;q\n. +1g;\\(\\);q\ns/a/b/q\nE\tother.txt\nQ\n' on a pipe: expected output b'?\n?\n?\n?\n?\n?\n?\n?\n' (zero status: False, files: {'f.txt': b'{2}\ntrail  \n0\ntrail  \n  lead\na-b\nunder_score\na-b\n', 'other.txt': b'a-b\nepsilon five\nMixed Case\nphalp\ntrail  \nabab\n'}), got b'?\n?\n?\n?\n?\n?\n?\n?\n47\n' (zero status: False, files: {'f.txt': b'{2}\ntrail  \n0\ntrail  \n  lead\na-b\nunder_score\na-b\n', 'other.txt': b'a-b\nepsilon five\nMixed Case\nphalp\ntrail  \nabab\n'})

/tests/test_outputs.py:169: AssertionError
_______________________________ test_generated_7 _______________________________

    def test_generated_7():
>       check("generated_7")

/tests/test_outputs.py:307: 
_ _ _ _ _ _ _ _ _ _ _ _ _ _ _ _ _ _ _ _ _ _ _ _ _ _ _ _ _ _ _ _ _ _ _ _ _ _ _ _ 

family = 'generated_7'

    def check(family):
        cases = [c for c in CASES if c["family"] == family]
        assert cases, f"no cases for {family}"
        failures = []
        for case in cases:
            want = run([GNU_ED], case)
            got = run(DEMOTE + CANDIDATE, case)
            if got != want:
                failures.append((case, want, got))
        if failures:
            case, want, got = failures[0]
            detail = (f"{len(failures)} of {len(cases)} cases differ; first: ed {case['args']!r} with "
                      f"files {[n for n, _t in case['files']]} and script {case['script']!r} on a "
                      f"{case['stdin']}: expected output {want[0]!r} (zero status: {want[1]}, files: "
                      f"{want[2]!r}), got {got[0]!r} (zero status: {got[1]}, files: {got[2]!r})")
>           raise AssertionError(detail)
E           AssertionError: 1 of 80 cases differ; first: ed ['-ls', 'new.txt'] with files ['f.txt', 'other.txt'] and script "a\na-b\n123\ntrail  \n.\ndp\n'a-,--ap\nbeta\na|b\nnew\n.\n++u\n;n\nE\tother.txt\nw\n" on a pipe: expected output b'123\n?\n?\n?\n?\n123\n?\n2\t123\n' (zero status: True, files: {'f.txt': b'ab*c\n\nback\\slash\n#hash\nback\\slash\nabab\n0\naaa\nepsilon five\nepsilon five\ntrail  \n123\n#hash\nbeta two\n', 'other.txt': b'a.b\nphalp\n'}), got b'123\n?\n?\n?\n?\n123\n?\n2\t123\n10\n' (zero status: True, files: {'f.txt': b'ab*c\n\nback\\slash\n#hash\nback\\slash\nabab\n0\naaa\nepsilon five\nepsilon five\ntrail  \n123\n#hash\nbeta two\n', 'other.txt': b'a.b\nphalp\n'})

/tests/test_outputs.py:169: AssertionError
==================================== PASSES ====================================
=========================== short test summary info ============================
PASSED ../../tests/test_outputs.py::test_launcher_stops_delegation_and_foreign_code
PASSED ../../tests/test_outputs.py::test_addresses
PASSED ../../tests/test_outputs.py::test_append_insert_change
PASSED ../../tests/test_outputs.py::test_delete_join_move_copy
PASSED ../../tests/test_outputs.py::test_substitute
PASSED ../../tests/test_outputs.py::test_global_commands
PASSED ../../tests/test_outputs.py::test_undo
PASSED ../../tests/test_outputs.py::test_print_list_number
PASSED ../../tests/test_outputs.py::test_regex
PASSED ../../tests/test_outputs.py::test_regex_extended
PASSED ../../tests/test_outputs.py::test_errors_and_exit
PASSED ../../tests/test_outputs.py::test_options
PASSED ../../tests/test_outputs.py::test_mixed_scripts_1
PASSED ../../tests/test_outputs.py::test_mixed_scripts_2
PASSED ../../tests/test_outputs.py::test_mixed_scripts_3
PASSED ../../tests/test_outputs.py::test_mixed_scripts_4
PASSED ../../tests/test_outputs.py::test_mixed_scripts_5
PASSED ../../tests/test_outputs.py::test_mixed_scripts_6
PASSED ../../tests/test_outputs.py::test_generated_1
PASSED ../../tests/test_outputs.py::test_generated_2
PASSED ../../tests/test_outputs.py::test_generated_4
PASSED ../../tests/test_outputs.py::test_generated_5
PASSED ../../tests/test_outputs.py::test_generated_6
PASSED ../../tests/test_outputs.py::test_generated_8
FAILED ../../tests/test_outputs.py::test_files_and_write - AssertionError: 2 ...
FAILED ../../tests/test_outputs.py::test_generated_3 - AssertionError: 1 of 8...
FAILED ../../tests/test_outputs.py::test_generated_7 - AssertionError: 1 of 8...
=================== 3 failed, 24 passed in 69.94s (0:01:09) ====================
