============================= test session starts ==============================
platform linux -- Python 3.13.12, pytest-9.1.1, pluggy-1.6.0
rootdir: /tests
plugins: json-ctrf-0.5.2
collected 27 items

../../tests/test_outputs.py .....F.............FF..FFFF                  [100%]

=================================== FAILURES ===================================
_____________________________ test_global_commands _____________________________

    def test_global_commands():
>       check("global_commands")

/tests/test_outputs.py:227: 
_ _ _ _ _ _ _ _ _ _ _ _ _ _ _ _ _ _ _ _ _ _ _ _ _ _ _ _ _ _ _ _ _ _ _ _ _ _ _ _ 

family = 'global_commands'

    def check(family):
        cases = [c for c in CASES if c["family"] == family]
        assert cases, f"no cases for {family}"
        failures = []
        for case in cases:
            want = run([GNU_ED], case)
            got = run(DEMOTE + CANDIDATE, case)
            if got != want:
                failures.append((case, want, got))
        if failures:
            case, want, got = failures[0]
            detail = (f"{len(failures)} of {len(cases)} cases differ; first: ed {case['args']!r} with "
                      f"files {[n for n, _t in case['files']]} and script {case['script']!r} on a "
                      f"{case['stdin']}: expected output {want[0]!r} (zero status: {want[1]}, files: "
                      f"{want[2]!r}), got {got[0]!r} (zero status: {got[1]}, files: {got[2]!r})")
>           raise AssertionError(detail)
E           AssertionError: 2 of 64 cases differ; first: ed ['-s', 'f.txt'] with files ['f.txt'] and script 'g/t/.,+1j\n,p\n' on a pipe: expected output b'?\nalpha one\nbeta twogamma three\ndelta fourepsilon five\nzeta sixeta seven\ntheta eightiota nine\nkappa ten\n?\n' (zero status: False, files: {'f.txt': b'alpha one\nbeta two\ngamma three\ndelta four\nepsilon five\nzeta six\neta seven\ntheta eight\niota nine\nkappa ten\n'}), got b'?\nalpha one\nbeta twogamma three\ndelta four\nepsilon five\nzeta six\neta seven\ntheta eight\niota nine\nkappa ten\n?\n' (zero status: False, files: {'f.txt': b'alpha one\nbeta two\ngamma three\ndelta four\nepsilon five\nzeta six\neta seven\ntheta eight\niota nine\nkappa ten\n'})

/tests/test_outputs.py:169: AssertionError
_______________________________ test_generated_1 _______________________________

    def test_generated_1():
>       check("generated_1")

/tests/test_outputs.py:283: 
_ _ _ _ _ _ _ _ _ _ _ _ _ _ _ _ _ _ _ _ _ _ _ _ _ _ _ _ _ _ _ _ _ _ _ _ _ _ _ _ 

family = 'generated_1'

    def check(family):
        cases = [c for c in CASES if c["family"] == family]
        assert cases, f"no cases for {family}"
        failures = []
        for case in cases:
            want = run([GNU_ED], case)
            got = run(DEMOTE + CANDIDATE, case)
            if got != want:
                failures.append((case, want, got))
        if failures:
            case, want, got = failures[0]
            detail = (f"{len(failures)} of {len(cases)} cases differ; first: ed {case['args']!r} with "
                      f"files {[n for n, _t in case['files']]} and script {case['script']!r} on a "
                      f"{case['stdin']}: expected output {want[0]!r} (zero status: {want[1]}, files: "
                      f"{want[2]!r}), got {got[0]!r} (zero status: {got[1]}, files: {got[2]!r})")
>           raise AssertionError(detail)
E           AssertionError: 1 of 80 cases differ; first: ed ['-ls', 'f.txt'] with files ['f.txt', 'other.txt'] and script '.m-pp\ng/[^a-e]/j\nc\n.\n,9wqmissing.txt\n1s/a/b/2g3\n$=\nu1\nw\n' on a pipe: expected output b'?\n?\n?\n4\n?\n' (zero status: True, files: {'f.txt': b'\ngamma threee.e\nab*cfoo bar foo\nunder_scoree.e\n', 'other.txt': b'\n#hash\na|b\nabab\nphalp\n'}), got b'?\n?\n?\n?\n?\n?\n8\n?\n' (zero status: True, files: {'f.txt': b'\ngamma threee.e\nab*c\nfoo bar foo\nunder_score\ne.e\nab*c\n[-a]\n', 'other.txt': b'\n#hash\na|b\nabab\nphalp\n'})

/tests/test_outputs.py:169: AssertionError
_______________________________ test_generated_2 _______________________________

    def test_generated_2():
>       check("generated_2")

/tests/test_outputs.py:287: 
_ _ _ _ _ _ _ _ _ _ _ _ _ _ _ _ _ _ _ _ _ _ _ _ _ _ _ _ _ _ _ _ _ _ _ _ _ _ _ _ 

family = 'generated_2'

    def check(family):
        cases = [c for c in CASES if c["family"] == family]
        assert cases, f"no cases for {family}"
        failures = []
        for case in cases:
            want = run([GNU_ED], case)
            got = run(DEMOTE + CANDIDATE, case)
            if got != want:
                failures.append((case, want, got))
        if failures:
            case, want, got = failures[0]
            detail = (f"{len(failures)} of {len(cases)} cases differ; first: ed {case['args']!r} with "
                      f"files {[n for n, _t in case['files']]} and script {case['script']!r} on a "
                      f"{case['stdin']}: expected output {want[0]!r} (zero status: {want[1]}, files: "
                      f"{want[2]!r}), got {got[0]!r} (zero status: {got[1]}, files: {got[2]!r})")
>           raise AssertionError(detail)
E           AssertionError: 2 of 80 cases differ; first: ed ['-E', '-s', 'f.txt'] with files ['f.txt', 'other.txt'] and script '%v.x?y.+d\n/(^a|b$)/-1,$,-2+an\nnew\n .\nq y\n.\n$,cp\n.\nd\n?(ab|a)(bc|c)?n\n%apn\na|b\n\n.\nux\n$;-2+1j\n,n\n' on a pipe: expected output b'?\n6\tq y\nq y\n?\n7\t\n?\n?\n1\tepsilon five\n2\ta.b\n3\tMixed Case\n4\tnew\n5\t .\n6\ta|b\n7\t\n?\n' (zero status: False, files: {'f.txt': b'epsilon five\ntt th t\na.b\nab*c\nMixed Case\n  lead\n/slash/\n', 'other.txt': b'e.e\nphalp\nMixed Case\nunder_score\naaa\ndelta four\nepsilon five\n'}), got b'?\n?\n?\n?\n?\n?\n  lead\n?\n6\t\n?\n?\n1\tepsilon five\n2\ta.b\n3\tab*c\n4\tMixed Case\n5\ta|b\n6\t\n?\n' (zero status: False, files: {'f.txt': b'epsilon five\ntt th t\na.b\nab*c\nMixed Case\n  lead\n/slash/\n', 'other.txt': b'e.e\nphalp\nMixed Case\nunder_score\naaa\ndelta four\nepsilon five\n'})

/tests/test_outputs.py:169: AssertionError
_______________________________ test_generated_5 _______________________________

    def test_generated_5():
>       check("generated_5")

/tests/test_outputs.py:299: 
_ _ _ _ _ _ _ _ _ _ _ _ _ _ _ _ _ _ _ _ _ _ _ _ _ _ _ _ _ _ _ _ _ _ _ _ _ _ _ _ 

family = 'generated_5'

    def check(family):
        cases = [c for c in CASES if c["family"] == family]
        assert cases, f"no cases for {family}"
        failures = []
        for case in cases:
            want = run([GNU_ED], case)
            got = run(DEMOTE + CANDIDATE, case)
            if got != want:
                failures.append((case, want, got))
        if failures:
            case, want, got = failures[0]
            detail = (f"{len(failures)} of {len(cases)} cases differ; first: ed {case['args']!r} with "
                      f"files {[n for n, _t in case['files']]} and script {case['script']!r} on a "
                      f"{case['stdin']}: expected output {want[0]!r} (zero status: {want[1]}, files: "
                      f"{want[2]!r}), got {got[0]!r} (zero status: {got[1]}, files: {got[2]!r})")
>           raise AssertionError(detail)
E           AssertionError: 1 of 80 cases differ; first: ed ['-E', 'f.txt'] with files ['f.txt', 'other.txt'] and script '--+,n\n,v;[[:digit:]]+;+d\nipn\n.\n/a|b/,g.a^b.d\nQ\n' on a pipe: expected output b'54\n6\tphalp\n?\n4\ttrail  \n' (zero status: False, files: {'f.txt': b'trail  \n{2}\nunder_score\n[-a]\nback\\slash\nphalp\ntrail  \n', 'other.txt': b'x1 y2 z3\nback\\slash\nfoo bar foo\na.b\nfoo bar foo\na!b\n\n'}), got b'54\n6\tphalp\n?\n' (zero status: False, files: {'f.txt': b'trail  \n{2}\nunder_score\n[-a]\nback\\slash\nphalp\ntrail  \n', 'other.txt': b'x1 y2 z3\nback\\slash\nfoo bar foo\na.b\nfoo bar foo\na!b\n\n'})

/tests/test_outputs.py:169: AssertionError
_______________________________ test_generated_6 _______________________________

    def test_generated_6():
>       check("generated_6")

/tests/test_outputs.py:303: 
_ _ _ _ _ _ _ _ _ _ _ _ _ _ _ _ _ _ _ _ _ _ _ _ _ _ _ _ _ _ _ _ _ _ _ _ _ _ _ _ 

family = 'generated_6'

    def check(family):
        cases = [c for c in CASES if c["family"] == family]
        assert cases, f"no cases for {family}"
        failures = []
        for case in cases:
            want = run([GNU_ED], case)
            got = run(DEMOTE + CANDIDATE, case)
            if got != want:
                failures.append((case, want, got))
        if failures:
            case, want, got = failures[0]
            detail = (f"{len(failures)} of {len(cases)} cases differ; first: ed {case['args']!r} with "
                      f"files {[n for n, _t in case['files']]} and script {case['script']!r} on a "
                      f"{case['stdin']}: expected output {want[0]!r} (zero status: {want[1]}, files: "
                      f"{want[2]!r}), got {got[0]!r} (zero status: {got[1]}, files: {got[2]!r})")
>           raise AssertionError(detail)
E           AssertionError: 1 of 80 cases differ; first: ed ['-s', '-l', 'f.txt'] with files ['f.txt', 'other.txt'] and script 's;!;%\nwqf.txt\ng/a\\{1,2\\}/j\n,n\n' on a pipe: expected output b'?\n?\n1\tababa-b\n2\talpha oneaaa\n3\tab*ca|b\n4\ta!ba!b\n5\t0\n6\tdelta fourtrail  \n7\t  leadab*c\n?\n' (zero status: True, files: {'f.txt': b'abab\na-b\nalpha one\naaa\nab*c\na|b\na!b\na!b\n0\ndelta four\ntrail  \n  lead\nab*c\n', 'other.txt': b'a|b\ngamma three\n#hash\nx1 y2 z3\na|b\n  lead\ntt th t\n/slash/\n'}), got b'?\n?\n?\n1\tababa-b\n2\talpha one\n3\taaa\n4\tab*c\n5\ta|b\n6\ta!b\n7\ta!b\n8\t0\n9\tdelta four\n10\ttrail  \n11\t  lead\n12\tab*c\n?\n' (zero status: True, files: {'f.txt': b'abab\na-b\nalpha one\naaa\nab*c\na|b\na!b\na!b\n0\ndelta four\ntrail  \n  lead\nab*c\n', 'other.txt': b'a|b\ngamma three\n#hash\nx1 y2 z3\na|b\n  lead\ntt th t\n/slash/\n'})

/tests/test_outputs.py:169: AssertionError
_______________________________ test_generated_7 _______________________________

    def test_generated_7():
>       check("generated_7")

/tests/test_outputs.py:307: 
_ _ _ _ _ _ _ _ _ _ _ _ _ _ _ _ _ _ _ _ _ _ _ _ _ _ _ _ _ _ _ _ _ _ _ _ _ _ _ _ 

family = 'generated_7'

    def check(family):
        cases = [c for c in CASES if c["family"] == family]
        assert cases, f"no cases for {family}"
        failures = []
        for case in cases:
            want = run([GNU_ED], case)
            got = run(DEMOTE + CANDIDATE, case)
            if got != want:
                failures.append((case, want, got))
        if failures:
            case, want, got = failures[0]
            detail = (f"{len(failures)} of {len(cases)} cases differ; first: ed {case['args']!r} with "
                      f"files {[n for n, _t in case['files']]} and script {case['script']!r} on a "
                      f"{case['stdin']}: expected output {want[0]!r} (zero status: {want[1]}, files: "
                      f"{want[2]!r}), got {got[0]!r} (zero status: {got[1]}, files: {got[2]!r})")
>           raise AssertionError(detail)
E           AssertionError: 2 of 80 cases differ; first: ed ['-E', 'f.txt'] with files ['f.txt', 'other.txt'] and script '5-1,+d\ng/a{1,2}b/+d\na\ne.e\ne.e\n.\n/(ab|a)(bc|c)/;$s\nw\n' on a pipe: expected output b'52\n?\n?\n51\n' (zero status: False, files: {'f.txt': b'[-a]\n/slash/\nfoo bar foo\ntab\there\ntab\there\ne.e\ne.e\n', 'other.txt': b'phalp\nab*c\nab*c\n\ntab\there\n#hash\n{2}\na!b\ntrail  \ntt th t\n/slash/\na!b\n\n'}), got b'52\n?\n?\n?\n55\n' (zero status: False, files: {'f.txt': b'e.e\ne.e\n[-a]\n/slash/\nfoo bar foo\ntab\there\ntab\there\na|b\n', 'other.txt': b'phalp\nab*c\nab*c\n\ntab\there\n#hash\n{2}\na!b\ntrail  \ntt th t\n/slash/\na!b\n\n'})

/tests/test_outputs.py:169: AssertionError
_______________________________ test_generated_8 _______________________________

    def test_generated_8():
>       check("generated_8")

/tests/test_outputs.py:311: 
_ _ _ _ _ _ _ _ _ _ _ _ _ _ _ _ _ _ _ _ _ _ _ _ _ _ _ _ _ _ _ _ _ _ _ _ _ _ _ _ 

family = 'generated_8'

    def check(family):
        cases = [c for c in CASES if c["family"] == family]
        assert cases, f"no cases for {family}"
        failures = []
        for case in cases:
            want = run([GNU_ED], case)
            got = run(DEMOTE + CANDIDATE, case)
            if got != want:
                failures.append((case, want, got))
        if failures:
            case, want, got = failures[0]
            detail = (f"{len(failures)} of {len(cases)} cases differ; first: ed {case['args']!r} with "
                      f"files {[n for n, _t in case['files']]} and script {case['script']!r} on a "
                      f"{case['stdin']}: expected output {want[0]!r} (zero status: {want[1]}, files: "
                      f"{want[2]!r}), got {got[0]!r} (zero status: {got[1]}, files: {got[2]!r})")
>           raise AssertionError(detail)
E           AssertionError: 1 of 80 cases differ; first: ed ['-ls', 'f.txt'] with files ['f.txt', 'other.txt'] and script 'v;[[.-.]];j\n12;$s\t\n$+1t4 +1p\n//+1;s\t\nQ\n' on a pipe: expected output b'?\n?\n?\n' (zero status: True, files: {'f.txt': b'a!b\nMixed Case\nbeta two\nalpha one\ntt th t\n123\ntt th t\n  lead\na.b\n\n', 'other.txt': b'foo bar foo\n{2}\na!b\nMixed Case\nfoo bar foo\nab*c\nabab\n0\ntab\there\na-b\n123\nMixed Case\n'}), got 'timeout' (zero status: None, files: None)

/tests/test_outputs.py:169: AssertionError
==================================== PASSES ====================================
=========================== short test summary info ============================
PASSED ../../tests/test_outputs.py::test_launcher_stops_delegation_and_foreign_code
PASSED ../../tests/test_outputs.py::test_addresses
PASSED ../../tests/test_outputs.py::test_append_insert_change
PASSED ../../tests/test_outputs.py::test_delete_join_move_copy
PASSED ../../tests/test_outputs.py::test_substitute
PASSED ../../tests/test_outputs.py::test_undo
PASSED ../../tests/test_outputs.py::test_print_list_number
PASSED ../../tests/test_outputs.py::test_regex
PASSED ../../tests/test_outputs.py::test_regex_extended
PASSED ../../tests/test_outputs.py::test_files_and_write
PASSED ../../tests/test_outputs.py::test_errors_and_exit
PASSED ../../tests/test_outputs.py::test_options
PASSED ../../tests/test_outputs.py::test_mixed_scripts_1
PASSED ../../tests/test_outputs.py::test_mixed_scripts_2
PASSED ../../tests/test_outputs.py::test_mixed_scripts_3
PASSED ../../tests/test_outputs.py::test_mixed_scripts_4
PASSED ../../tests/test_outputs.py::test_mixed_scripts_5
PASSED ../../tests/test_outputs.py::test_mixed_scripts_6
PASSED ../../tests/test_outputs.py::test_generated_3
PASSED ../../tests/test_outputs.py::test_generated_4
FAILED ../../tests/test_outputs.py::test_global_commands - AssertionError: 2 ...
FAILED ../../tests/test_outputs.py::test_generated_1 - AssertionError: 1 of 8...
FAILED ../../tests/test_outputs.py::test_generated_2 - AssertionError: 2 of 8...
FAILED ../../tests/test_outputs.py::test_generated_5 - AssertionError: 1 of 8...
FAILED ../../tests/test_outputs.py::test_generated_6 - AssertionError: 1 of 8...
FAILED ../../tests/test_outputs.py::test_generated_7 - AssertionError: 2 of 8...
FAILED ../../tests/test_outputs.py::test_generated_8 - AssertionError: 1 of 8...
=================== 7 failed, 20 passed in 89.48s (0:01:29) ====================
