============================= test session starts ==============================
platform linux -- Python 3.13.12, pytest-9.1.1, pluggy-1.6.0
rootdir: /tests
plugins: json-ctrf-0.5.2
collected 27 items

../../tests/test_outputs.py ....F..............F..FF..F                  [100%]

=================================== FAILURES ===================================
_______________________________ test_substitute ________________________________

    def test_substitute():
>       check("substitute")

/tests/test_outputs.py:223: 
_ _ _ _ _ _ _ _ _ _ _ _ _ _ _ _ _ _ _ _ _ _ _ _ _ _ _ _ _ _ _ _ _ _ _ _ _ _ _ _ 

family = 'substitute'

    def check(family):
        cases = [c for c in CASES if c["family"] == family]
        assert cases, f"no cases for {family}"
        failures = []
        for case in cases:
            want = run([GNU_ED], case)
            got = run(DEMOTE + CANDIDATE, case)
            if got != want:
                failures.append((case, want, got))
        if failures:
            case, want, got = failures[0]
            detail = (f"{len(failures)} of {len(cases)} cases differ; first: ed {case['args']!r} with "
                      f"files {[n for n, _t in case['files']]} and script {case['script']!r} on a "
                      f"{case['stdin']}: expected output {want[0]!r} (zero status: {want[1]}, files: "
                      f"{want[2]!r}), got {got[0]!r} (zero status: {got[1]}, files: {got[2]!r})")
>           raise AssertionError(detail)
E           AssertionError: 2 of 84 cases differ; first: ed [] with files [] and script 'a\nax\nb\n.\n1,2s/a/A/\n.=\nQ\n' on a pipe: expected output b'1\n' (zero status: True, files: {}), got b'2\n' (zero status: True, files: {})

/tests/test_outputs.py:169: AssertionError
_______________________________ test_generated_1 _______________________________

    def test_generated_1():
>       check("generated_1")

/tests/test_outputs.py:283: 
_ _ _ _ _ _ _ _ _ _ _ _ _ _ _ _ _ _ _ _ _ _ _ _ _ _ _ _ _ _ _ _ _ _ _ _ _ _ _ _ 

family = 'generated_1'

    def check(family):
        cases = [c for c in CASES if c["family"] == family]
        assert cases, f"no cases for {family}"
        failures = []
        for case in cases:
            want = run([GNU_ED], case)
            got = run(DEMOTE + CANDIDATE, case)
            if got != want:
                failures.append((case, want, got))
        if failures:
            case, want, got = failures[0]
            detail = (f"{len(failures)} of {len(cases)} cases differ; first: ed {case['args']!r} with "
                      f"files {[n for n, _t in case['files']]} and script {case['script']!r} on a "
                      f"{case['stdin']}: expected output {want[0]!r} (zero status: {want[1]}, files: "
                      f"{want[2]!r}), got {got[0]!r} (zero status: {got[1]}, files: {got[2]!r})")
>           raise AssertionError(detail)
E           AssertionError: 1 of 80 cases differ; first: ed ['-s', '-l', 'f.txt'] with files ['f.txt', 'other.txt'] and script "m/a\\{0\\}/np\n,t-\n2+,$-1,$s/[[:alpha:]]\\+/\\n/n\n$,m'bx\nup\nw\n" on a file: expected output b'2\t#hash\n25\tn Case\n?\n' (zero status: True, files: {'f.txt': b'123\nunder_score\na.b\n{2}\nback\\slash\n{2}\nabab\nphalp\nfoo bar foo\n/slash/\nMixed Case\n\n#hash\n', 'other.txt': b'under_score\na-b\ntrail  \nphalp\nabab\nabab\ntrail  \nx1 y2 z3\nfoo bar foo\ndelta four\nab*c\n#hash\n'}), got b'2\t#hash\n26\t\n?\n' (zero status: True, files: {'f.txt': b'123\nunder_score\na.b\n{2}\nback\\slash\n{2}\nabab\nphalp\nfoo bar foo\n/slash/\nMixed Case\n\n#hash\n', 'other.txt': b'under_score\na-b\ntrail  \nphalp\nabab\nabab\ntrail  \nx1 y2 z3\nfoo bar foo\ndelta four\nab*c\n#hash\n'})

/tests/test_outputs.py:169: AssertionError
_______________________________ test_generated_4 _______________________________

    def test_generated_4():
>       check("generated_4")

/tests/test_outputs.py:295: 
_ _ _ _ _ _ _ _ _ _ _ _ _ _ _ _ _ _ _ _ _ _ _ _ _ _ _ _ _ _ _ _ _ _ _ _ _ _ _ _ 

family = 'generated_4'

    def check(family):
        cases = [c for c in CASES if c["family"] == family]
        assert cases, f"no cases for {family}"
        failures = []
        for case in cases:
            want = run([GNU_ED], case)
            got = run(DEMOTE + CANDIDATE, case)
            if got != want:
                failures.append((case, want, got))
        if failures:
            case, want, got = failures[0]
            detail = (f"{len(failures)} of {len(cases)} cases differ; first: ed {case['args']!r} with "
                      f"files {[n for n, _t in case['files']]} and script {case['script']!r} on a "
                      f"{case['stdin']}: expected output {want[0]!r} (zero status: {want[1]}, files: "
                      f"{want[2]!r}), got {got[0]!r} (zero status: {got[1]}, files: {got[2]!r})")
>           raise AssertionError(detail)
E           AssertionError: 1 of 80 cases differ; first: ed ['f.txt'] with files ['f.txt', 'other.txt'] and script "%s/\\(.\\)\\1/a\\\nb/pn\nu\nr other.txt\n//,'a,-s;!;-&-;gn\n1,2k\n,n\n" on a pipe: expected output b'32\n3\tb bar foo\n60\n?\n?\n1\tMixed Case\n2\tfoo bar foo\n3\tx1 y2 z3\n4\tback\\slash\n5\tepsilon five\n6\tfoo bar foo\n7\t  lead\n8\t123\n9\tepsilon five\n?\n' (zero status: False, files: {'f.txt': b'Mixed Case\nfoo bar foo\nx1 y2 z3\n', 'other.txt': b'back\\slash\nepsilon five\nfoo bar foo\n  lead\n123\nepsilon five\n'}), got b'32\n4\tx1 y2 z3\n60\n?\n?\n1\tMixed Case\n2\tfoo bar foo\n3\tx1 y2 z3\n4\tback\\slash\n5\tepsilon five\n6\tfoo bar foo\n7\t  lead\n8\t123\n9\tepsilon five\n?\n' (zero status: False, files: {'f.txt': b'Mixed Case\nfoo bar foo\nx1 y2 z3\n', 'other.txt': b'back\\slash\nepsilon five\nfoo bar foo\n  lead\n123\nepsilon five\n'})

/tests/test_outputs.py:169: AssertionError
_______________________________ test_generated_5 _______________________________

    def test_generated_5():
>       check("generated_5")

/tests/test_outputs.py:299: 
_ _ _ _ _ _ _ _ _ _ _ _ _ _ _ _ _ _ _ _ _ _ _ _ _ _ _ _ _ _ _ _ _ _ _ _ _ _ _ _ 

family = 'generated_5'

    def check(family):
        cases = [c for c in CASES if c["family"] == family]
        assert cases, f"no cases for {family}"
        failures = []
        for case in cases:
            want = run([GNU_ED], case)
            got = run(DEMOTE + CANDIDATE, case)
            if got != want:
                failures.append((case, want, got))
        if failures:
            case, want, got = failures[0]
            detail = (f"{len(failures)} of {len(cases)} cases differ; first: ed {case['args']!r} with "
                      f"files {[n for n, _t in case['files']]} and script {case['script']!r} on a "
                      f"{case['stdin']}: expected output {want[0]!r} (zero status: {want[1]}, files: "
                      f"{want[2]!r}), got {got[0]!r} (zero status: {got[1]}, files: {got[2]!r})")
>           raise AssertionError(detail)
E           AssertionError: 1 of 80 cases differ; first: ed ['f.txt', '-s', '-l'] with files ['f.txt', 'other.txt'] and script '/[[:digit:]]/,dpn\n,s/\\*/a\\\nb/g\n.+;d\n%p\n,1 +1in\nbeta\n..\n.\n.+,$,.r\tmissing.txt\nupn\ntq\n,p\n' on a pipe: expected output b'?\na-b\ne.e\naba\nbc\n3\t..\n?\n?\n?\na-b\nbeta\n..\ne.e\naba\nbc\n?\n' (zero status: True, files: {'f.txt': b'a-b\ne.e\nab*c\nMixed Case\n', 'other.txt': b'epsilon five\nx1 y2 z3\n123\na-b\nback\\slash\nx1 y2 z3\nab*c\n'}), got b'?\n?\na-b\ne.e\naba\nbc\nMixed Case\n3\t..\n?\n?\n?\na-b\nbeta\n..\ne.e\naba\nbc\nMixed Case\n?\n' (zero status: True, files: {'f.txt': b'a-b\ne.e\nab*c\nMixed Case\n', 'other.txt': b'epsilon five\nx1 y2 z3\n123\na-b\nback\\slash\nx1 y2 z3\nab*c\n'})

/tests/test_outputs.py:169: AssertionError
_______________________________ test_generated_8 _______________________________

    def test_generated_8():
>       check("generated_8")

/tests/test_outputs.py:311: 
_ _ _ _ _ _ _ _ _ _ _ _ _ _ _ _ _ _ _ _ _ _ _ _ _ _ _ _ _ _ _ _ _ _ _ _ _ _ _ _ 

family = 'generated_8'

    def check(family):
        cases = [c for c in CASES if c["family"] == family]
        assert cases, f"no cases for {family}"
        failures = []
        for case in cases:
            want = run([GNU_ED], case)
            got = run(DEMOTE + CANDIDATE, case)
            if got != want:
                failures.append((case, want, got))
        if failures:
            case, want, got = failures[0]
            detail = (f"{len(failures)} of {len(cases)} cases differ; first: ed {case['args']!r} with "
                      f"files {[n for n, _t in case['files']]} and script {case['script']!r} on a "
                      f"{case['stdin']}: expected output {want[0]!r} (zero status: {want[1]}, files: "
                      f"{want[2]!r}), got {got[0]!r} (zero status: {got[1]}, files: {got[2]!r})")
>           raise AssertionError(detail)
E           AssertionError: 1 of 80 cases differ; first: ed ['f.txt', '-s', '-l'] with files ['f.txt', 'other.txt'] and script '.,??+1,??t/o*/\n-,//,??dx\n%srg\ne f.txt\n,.s,^$,-&-,\nn\n.;n\n4\n,n\n' on a pipe: expected output b'?\n?\n?\n3\t--\n3\t--\n0\n1\tgamma three\n2\tgamma three\n3\t--\n4\t0\n?\n' (zero status: True, files: {'f.txt': b'gamma three\ngamma three\n\n0\n', 'other.txt': b'tt th t\n123\na-b\nx1 y2 z3\n123\ndelta four\n#hash\na!b\n'}), got b'?\n?\n?\n4\t0\n4\t0\n0\n1\tgamma three\n2\tgamma three\n3\t--\n4\t0\n?\n' (zero status: True, files: {'f.txt': b'gamma three\ngamma three\n\n0\n', 'other.txt': b'tt th t\n123\na-b\nx1 y2 z3\n123\ndelta four\n#hash\na!b\n'})

/tests/test_outputs.py:169: AssertionError
==================================== PASSES ====================================
=========================== short test summary info ============================
PASSED ../../tests/test_outputs.py::test_launcher_stops_delegation_and_foreign_code
PASSED ../../tests/test_outputs.py::test_addresses
PASSED ../../tests/test_outputs.py::test_append_insert_change
PASSED ../../tests/test_outputs.py::test_delete_join_move_copy
PASSED ../../tests/test_outputs.py::test_global_commands
PASSED ../../tests/test_outputs.py::test_undo
PASSED ../../tests/test_outputs.py::test_print_list_number
PASSED ../../tests/test_outputs.py::test_regex
PASSED ../../tests/test_outputs.py::test_regex_extended
PASSED ../../tests/test_outputs.py::test_files_and_write
PASSED ../../tests/test_outputs.py::test_errors_and_exit
PASSED ../../tests/test_outputs.py::test_options
PASSED ../../tests/test_outputs.py::test_mixed_scripts_1
PASSED ../../tests/test_outputs.py::test_mixed_scripts_2
PASSED ../../tests/test_outputs.py::test_mixed_scripts_3
PASSED ../../tests/test_outputs.py::test_mixed_scripts_4
PASSED ../../tests/test_outputs.py::test_mixed_scripts_5
PASSED ../../tests/test_outputs.py::test_mixed_scripts_6
PASSED ../../tests/test_outputs.py::test_generated_2
PASSED ../../tests/test_outputs.py::test_generated_3
PASSED ../../tests/test_outputs.py::test_generated_6
PASSED ../../tests/test_outputs.py::test_generated_7
FAILED ../../tests/test_outputs.py::test_substitute - AssertionError: 2 of 84...
FAILED ../../tests/test_outputs.py::test_generated_1 - AssertionError: 1 of 8...
FAILED ../../tests/test_outputs.py::test_generated_4 - AssertionError: 1 of 8...
FAILED ../../tests/test_outputs.py::test_generated_5 - AssertionError: 1 of 8...
FAILED ../../tests/test_outputs.py::test_generated_8 - AssertionError: 1 of 8...
=================== 5 failed, 22 passed in 72.61s (0:01:12) ====================
