============================= test session starts ==============================
platform linux -- Python 3.13.12, pytest-9.1.1, pluggy-1.6.0
rootdir: /tests
plugins: json-ctrf-0.5.2
collected 27 items

../../tests/test_outputs.py .F...........FFFFFFFFFFFFFF                  [100%]

=================================== FAILURES ===================================
________________________________ test_addresses ________________________________

    def test_addresses():
>       check("addresses")

/tests/test_outputs.py:211: 
_ _ _ _ _ _ _ _ _ _ _ _ _ _ _ _ _ _ _ _ _ _ _ _ _ _ _ _ _ _ _ _ _ _ _ _ _ _ _ _ 

family = 'addresses'

    def check(family):
        cases = [c for c in CASES if c["family"] == family]
        assert cases, f"no cases for {family}"
        failures = []
        for case in cases:
            want = run([GNU_ED], case)
            got = run(DEMOTE + CANDIDATE, case)
            if got != want:
                failures.append((case, want, got))
        if failures:
            case, want, got = failures[0]
            detail = (f"{len(failures)} of {len(cases)} cases differ; first: ed {case['args']!r} with "
                      f"files {[n for n, _t in case['files']]} and script {case['script']!r} on a "
                      f"{case['stdin']}: expected output {want[0]!r} (zero status: {want[1]}, files: "
                      f"{want[2]!r}), got {got[0]!r} (zero status: {got[1]}, files: {got[2]!r})")
>           raise AssertionError(detail)
E           AssertionError: 2 of 82 cases differ; first: ed ['-s', 'f.txt'] with files ['f.txt'] and script '2;+2p\n' on a pipe: expected output b'beta two\ngamma three\ndelta four\n' (zero status: True, files: {'f.txt': b'alpha one\nbeta two\ngamma three\ndelta four\nepsilon five\nzeta six\neta seven\ntheta eight\niota nine\nkappa ten\n'}), got b'?\n' (zero status: False, files: {'f.txt': b'alpha one\nbeta two\ngamma three\ndelta four\nepsilon five\nzeta six\neta seven\ntheta eight\niota nine\nkappa ten\n'})

/tests/test_outputs.py:169: AssertionError
_____________________________ test_mixed_scripts_1 _____________________________

    def test_mixed_scripts_1():
>       check("mixed_scripts_1")

/tests/test_outputs.py:259: 
_ _ _ _ _ _ _ _ _ _ _ _ _ _ _ _ _ _ _ _ _ _ _ _ _ _ _ _ _ _ _ _ _ _ _ _ _ _ _ _ 

family = 'mixed_scripts_1'

    def check(family):
        cases = [c for c in CASES if c["family"] == family]
        assert cases, f"no cases for {family}"
        failures = []
        for case in cases:
            want = run([GNU_ED], case)
            got = run(DEMOTE + CANDIDATE, case)
            if got != want:
                failures.append((case, want, got))
        if failures:
            case, want, got = failures[0]
            detail = (f"{len(failures)} of {len(cases)} cases differ; first: ed {case['args']!r} with "
                      f"files {[n for n, _t in case['files']]} and script {case['script']!r} on a "
                      f"{case['stdin']}: expected output {want[0]!r} (zero status: {want[1]}, files: "
                      f"{want[2]!r}), got {got[0]!r} (zero status: {got[1]}, files: {got[2]!r})")
>           raise AssertionError(detail)
E           AssertionError: 3 of 30 cases differ; first: ed ['-s', 'f.txt'] with files ['f.txt', 'other.txt'] and script '-;v/e/s/e/E/\n,9n\n$;/o\\|a/\n+,d\n,w \nu\nu\ns\nr missing.txt\n,n\n' on a file: expected output b'1\talpha one\n2\tbeta two\n3\tgamma three\n4\tdelta four\n5\tepsilon five\n6\tzeta six\n7\teta seven\n8\ttheta eight\n9\tiota nine\nalpha one\n?\n' (zero status: False, files: {'f.txt': b'alpha one\ngamma three\ndelta four\nepsilon five\nzeta six\neta seven\ntheta eight\niota nine\nkappa ten\n', 'other.txt': b'o1\no2\n'}), got b'1\talpha one\n2\tbeta two\n3\tgamma three\n4\tdelta four\n5\tepsilon five\n6\tzeta six\n7\teta seven\n8\ttheta eight\n9\tiota nine\nkappa ten\n?\n' (zero status: False, files: {'f.txt': b'alpha one\nbeta two\ngamma three\ndelta four\nepsilon five\nzeta six\neta seven\ntheta eight\niota nine\nkappa ten\n', 'other.txt': b'o1\no2\n'})

/tests/test_outputs.py:169: AssertionError
_____________________________ test_mixed_scripts_2 _____________________________

    def test_mixed_scripts_2():
>       check("mixed_scripts_2")

/tests/test_outputs.py:263: 
_ _ _ _ _ _ _ _ _ _ _ _ _ _ _ _ _ _ _ _ _ _ _ _ _ _ _ _ _ _ _ _ _ _ _ _ _ _ _ _ 

family = 'mixed_scripts_2'

    def check(family):
        cases = [c for c in CASES if c["family"] == family]
        assert cases, f"no cases for {family}"
        failures = []
        for case in cases:
            want = run([GNU_ED], case)
            got = run(DEMOTE + CANDIDATE, case)
            if got != want:
                failures.append((case, want, got))
        if failures:
            case, want, got = failures[0]
            detail = (f"{len(failures)} of {len(cases)} cases differ; first: ed {case['args']!r} with "
                      f"files {[n for n, _t in case['files']]} and script {case['script']!r} on a "
                      f"{case['stdin']}: expected output {want[0]!r} (zero status: {want[1]}, files: "
                      f"{want[2]!r}), got {got[0]!r} (zero status: {got[1]}, files: {got[2]!r})")
>           raise AssertionError(detail)
E           AssertionError: 6 of 26 cases differ; first: ed ['-s', '-l', 'f.txt'] with files ['f.txt', 'other.txt'] and script "/e/;--j\n?a?+1,/t/s/\\(.\\)\\(.\\)/\\2\\1/3g\n4n\n,=\n//;6+2p\nr other.txt\n.w f.txt\n-;+-t'a\n,n\n" on a pipe: expected output b'?\n?\n4\tdelta four\n10\nzeta six\neta seven\ntheta eight\n?\n1\talpha one\n2\tbeta two\n3\tgamma three\n4\tdelta four\n5\tepsilon five\n6\tzeta six\n7\teta seven\n8\ttheta eight\n9\tiota nine\n10\tkappa ten\n11\to1\n12\to2\n?\n' (zero status: True, files: {'f.txt': b'o2\n', 'other.txt': b'o1\no2\n'}), got b'?\n?\n3\n?\n?\n1\talpha onebeta twogamma threedelta fourepsilon fivezeta sixeta seventheta eight\n2\tiota nine\n3\tkappa ten\n4\to1\n5\to2\n?\n' (zero status: True, files: {'f.txt': b'o2\n', 'other.txt': b'o1\no2\n'})

/tests/test_outputs.py:169: AssertionError
_____________________________ test_mixed_scripts_3 _____________________________

    def test_mixed_scripts_3():
>       check("mixed_scripts_3")

/tests/test_outputs.py:267: 
_ _ _ _ _ _ _ _ _ _ _ _ _ _ _ _ _ _ _ _ _ _ _ _ _ _ _ _ _ _ _ _ _ _ _ _ _ _ _ _ 

family = 'mixed_scripts_3'

    def check(family):
        cases = [c for c in CASES if c["family"] == family]
        assert cases, f"no cases for {family}"
        failures = []
        for case in cases:
            want = run([GNU_ED], case)
            got = run(DEMOTE + CANDIDATE, case)
            if got != want:
                failures.append((case, want, got))
        if failures:
            case, want, got = failures[0]
            detail = (f"{len(failures)} of {len(cases)} cases differ; first: ed {case['args']!r} with "
                      f"files {[n for n, _t in case['files']]} and script {case['script']!r} on a "
                      f"{case['stdin']}: expected output {want[0]!r} (zero status: {want[1]}, files: "
                      f"{want[2]!r}), got {got[0]!r} (zero status: {got[1]}, files: {got[2]!r})")
>           raise AssertionError(detail)
E           AssertionError: 5 of 23 cases differ; first: ed ['-s', '-E', 'f.txt'] with files ['f.txt', 'other.txt'] and script '/nomatch/d\n2,3d\n+++;.\n,n\n' on a pipe: expected output b'?\neta seven\n1\talpha one\n2\tdelta four\n3\tepsilon five\n4\tzeta six\n5\teta seven\n6\ttheta eight\n7\tiota nine\n8\tkappa ten\n?\n' (zero status: False, files: {'f.txt': b'alpha one\nbeta two\ngamma three\ndelta four\nepsilon five\nzeta six\neta seven\ntheta eight\niota nine\nkappa ten\n', 'other.txt': b'o1\no2\n'}), got b'?\ndelta four\n1\talpha one\n2\tdelta four\n3\tepsilon five\n4\tzeta six\n5\teta seven\n6\ttheta eight\n7\tiota nine\n8\tkappa ten\n?\n' (zero status: False, files: {'f.txt': b'alpha one\nbeta two\ngamma three\ndelta four\nepsilon five\nzeta six\neta seven\ntheta eight\niota nine\nkappa ten\n', 'other.txt': b'o1\no2\n'})

/tests/test_outputs.py:169: AssertionError
_____________________________ test_mixed_scripts_4 _____________________________

    def test_mixed_scripts_4():
>       check("mixed_scripts_4")

/tests/test_outputs.py:271: 
_ _ _ _ _ _ _ _ _ _ _ _ _ _ _ _ _ _ _ _ _ _ _ _ _ _ _ _ _ _ _ _ _ _ _ _ _ _ _ _ 

family = 'mixed_scripts_4'

    def check(family):
        cases = [c for c in CASES if c["family"] == family]
        assert cases, f"no cases for {family}"
        failures = []
        for case in cases:
            want = run([GNU_ED], case)
            got = run(DEMOTE + CANDIDATE, case)
            if got != want:
                failures.append((case, want, got))
        if failures:
            case, want, got = failures[0]
            detail = (f"{len(failures)} of {len(cases)} cases differ; first: ed {case['args']!r} with "
                      f"files {[n for n, _t in case['files']]} and script {case['script']!r} on a "
                      f"{case['stdin']}: expected output {want[0]!r} (zero status: {want[1]}, files: "
                      f"{want[2]!r}), got {got[0]!r} (zero status: {got[1]}, files: {got[2]!r})")
>           raise AssertionError(detail)
E           AssertionError: 4 of 26 cases differ; first: ed ['-s', '-E', 'f.txt'] with files ['f.txt', 'other.txt'] and script '?a?;d\n/nomatch/;//-1ka\n/e/;/nomatch/++d\n;?a?r other.txt\n/e/;/e/+n\n,n\n' on a pipe: expected output b'?\n?\n1\talpha one\n2\tbeta two\n3\tgamma three\n1\talpha one\n2\tbeta two\n3\tgamma three\n4\tdelta four\n5\tepsilon five\n6\tzeta six\n7\teta seven\n8\ttheta eight\n9\tkappa ten\n10\to1\n11\to2\n?\n' (zero status: False, files: {'f.txt': b'alpha one\nbeta two\ngamma three\ndelta four\nepsilon five\nzeta six\neta seven\ntheta eight\niota nine\nkappa ten\n', 'other.txt': b'o1\no2\n'}), got b'?\n?\n?\n1\talpha one\n2\tbeta two\n3\tgamma three\n4\tdelta four\n5\tepsilon five\n6\tzeta six\n7\teta seven\n8\ttheta eight\n9\to1\n10\to2\n11\tkappa ten\n?\n' (zero status: False, files: {'f.txt': b'alpha one\nbeta two\ngamma three\ndelta four\nepsilon five\nzeta six\neta seven\ntheta eight\niota nine\nkappa ten\n', 'other.txt': b'o1\no2\n'})

/tests/test_outputs.py:169: AssertionError
_____________________________ test_mixed_scripts_5 _____________________________

    def test_mixed_scripts_5():
>       check("mixed_scripts_5")

/tests/test_outputs.py:275: 
_ _ _ _ _ _ _ _ _ _ _ _ _ _ _ _ _ _ _ _ _ _ _ _ _ _ _ _ _ _ _ _ _ _ _ _ _ _ _ _ 

family = 'mixed_scripts_5'

    def check(family):
        cases = [c for c in CASES if c["family"] == family]
        assert cases, f"no cases for {family}"
        failures = []
        for case in cases:
            want = run([GNU_ED], case)
            got = run(DEMOTE + CANDIDATE, case)
            if got != want:
                failures.append((case, want, got))
        if failures:
            case, want, got = failures[0]
            detail = (f"{len(failures)} of {len(cases)} cases differ; first: ed {case['args']!r} with "
                      f"files {[n for n, _t in case['files']]} and script {case['script']!r} on a "
                      f"{case['stdin']}: expected output {want[0]!r} (zero status: {want[1]}, files: "
                      f"{want[2]!r}), got {got[0]!r} (zero status: {got[1]}, files: {got[2]!r})")
>           raise AssertionError(detail)
E           AssertionError: 14 of 17 cases differ; first: ed ['-s', 'f.txt'] with files ['f.txt', 'other.txt'] and script '5pn\n//,/t/d\n;/e/=\n?a?;/o\\|a/+2d\n-;/t/a\n\ne.e\n.\n,/t/n\n,n\n' on a pipe: expected output b'5\tepsilon five\n?\n6\n1\talpha one\n2\tbeta two\n3\tgamma three\n4\ttheta eight\n5\t\n6\te.e\n7\tiota nine\n1\talpha one\n2\tbeta two\n3\tgamma three\n4\ttheta eight\n5\t\n6\te.e\n7\tiota nine\n8\tkappa ten\n?\n' (zero status: False, files: {'f.txt': b'alpha one\nbeta two\ngamma three\ndelta four\nepsilon five\nzeta six\neta seven\ntheta eight\niota nine\nkappa ten\n', 'other.txt': b'o1\no2\n'}), got b'5\tepsilon five\n?\n6\n1\talpha one\n2\tbeta two\n1\talpha one\n2\tbeta two\n3\tgamma three\n4\tiota nine\n5\tkappa ten\n6\t\n7\te.e\n?\n' (zero status: False, files: {'f.txt': b'alpha one\nbeta two\ngamma three\ndelta four\nepsilon five\nzeta six\neta seven\ntheta eight\niota nine\nkappa ten\n', 'other.txt': b'o1\no2\n'})

/tests/test_outputs.py:169: AssertionError
_____________________________ test_mixed_scripts_6 _____________________________

    def test_mixed_scripts_6():
>       check("mixed_scripts_6")

/tests/test_outputs.py:279: 
_ _ _ _ _ _ _ _ _ _ _ _ _ _ _ _ _ _ _ _ _ _ _ _ _ _ _ _ _ _ _ _ _ _ _ _ _ _ _ _ 

family = 'mixed_scripts_6'

    def check(family):
        cases = [c for c in CASES if c["family"] == family]
        assert cases, f"no cases for {family}"
        failures = []
        for case in cases:
            want = run([GNU_ED], case)
            got = run(DEMOTE + CANDIDATE, case)
            if got != want:
                failures.append((case, want, got))
        if failures:
            case, want, got = failures[0]
            detail = (f"{len(failures)} of {len(cases)} cases differ; first: ed {case['args']!r} with "
                      f"files {[n for n, _t in case['files']]} and script {case['script']!r} on a "
                      f"{case['stdin']}: expected output {want[0]!r} (zero status: {want[1]}, files: "
                      f"{want[2]!r}), got {got[0]!r} (zero status: {got[1]}, files: {got[2]!r})")
>           raise AssertionError(detail)
E           AssertionError: 9 of 11 cases differ; first: ed ['-s', 'f.txt'] with files ['f.txt', 'other.txt'] and script 'c\n\n.\n/o\\|a/;.d\n/o\\|a/,+s/\\(.\\)\\(.\\)/&&/n\n/nomatch/;d\n,n\n' on a pipe: expected output b'2\tgagamma three\n?\n1\tbeta two\n2\tgagamma three\n3\tdelta four\n4\tepsilon five\n5\tzeta six\n6\teta seven\n7\ttheta eight\n8\tiota nine\n9\t\n?\n' (zero status: False, files: {'f.txt': b'alpha one\nbeta two\ngamma three\ndelta four\nepsilon five\nzeta six\neta seven\ntheta eight\niota nine\nkappa ten\n', 'other.txt': b'o1\no2\n'}), got b'?\n?\n?\n?\n' (zero status: False, files: {'f.txt': b'alpha one\nbeta two\ngamma three\ndelta four\nepsilon five\nzeta six\neta seven\ntheta eight\niota nine\nkappa ten\n', 'other.txt': b'o1\no2\n'})

/tests/test_outputs.py:169: AssertionError
_______________________________ test_generated_1 _______________________________

    def test_generated_1():
>       check("generated_1")

/tests/test_outputs.py:283: 
_ _ _ _ _ _ _ _ _ _ _ _ _ _ _ _ _ _ _ _ _ _ _ _ _ _ _ _ _ _ _ _ _ _ _ _ _ _ _ _ 

family = 'generated_1'

    def check(family):
        cases = [c for c in CASES if c["family"] == family]
        assert cases, f"no cases for {family}"
        failures = []
        for case in cases:
            want = run([GNU_ED], case)
            got = run(DEMOTE + CANDIDATE, case)
            if got != want:
                failures.append((case, want, got))
        if failures:
            case, want, got = failures[0]
            detail = (f"{len(failures)} of {len(cases)} cases differ; first: ed {case['args']!r} with "
                      f"files {[n for n, _t in case['files']]} and script {case['script']!r} on a "
                      f"{case['stdin']}: expected output {want[0]!r} (zero status: {want[1]}, files: "
                      f"{want[2]!r}), got {got[0]!r} (zero status: {got[1]}, files: {got[2]!r})")
>           raise AssertionError(detail)
E           AssertionError: 3 of 80 cases differ; first: ed ['-l', 'f.txt'] with files ['f.txt', 'other.txt'] and script "1;'bm++p\n,+2+dp\n;dp\nt.n\n2,1p\nipn\n .\n..\n.\n+2\nv;\\(a\\)\\(b\\);n\n??,/a$b/-1,8 +1ap\nbeta\nnew\n.\n,p\n" on a pipe: expected output b'58\n?\nMixed Case\n?\n?\n?\n2\t..\n?\n1\t .\n2\t..\n?\n?\n?\n..\n .\n..\n?\n' (zero status: True, files: {'f.txt': b'under_score\nphalp\na|b\na.b\nMixed Case\na|b\ne.e\n0\nMixed Case\n', 'other.txt': b'123\nfoo bar foo\na.b\ntrail  \n{2}\nMixed Case\na!b\nepsilon five\ne.e\ntrail  \n'}), got b'58\n?\n?\n0\n9\t0\n?\n10\t..\n?\n1\tunder_score\n2\tphalp\n3\ta|b\n4\ta.b\n5\tMixed Case\n6\ta|b\n7\te.e\n8\t0\n9\t .\n10\t..\n11\t0\n?\n?\n?\n0\nunder_score\nphalp\na|b\na.b\nMixed Case\na|b\ne.e\n0\n .\n..\n0\n?\n' (zero status: True, files: {'f.txt': b'under_score\nphalp\na|b\na.b\nMixed Case\na|b\ne.e\n0\nMixed Case\n', 'other.txt': b'123\nfoo bar foo\na.b\ntrail  \n{2}\nMixed Case\na!b\nepsilon five\ne.e\ntrail  \n'})

/tests/test_outputs.py:169: AssertionError
_______________________________ test_generated_2 _______________________________

    def test_generated_2():
>       check("generated_2")

/tests/test_outputs.py:287: 
_ _ _ _ _ _ _ _ _ _ _ _ _ _ _ _ _ _ _ _ _ _ _ _ _ _ _ _ _ _ _ _ _ _ _ _ _ _ _ _ 

family = 'generated_2'

    def check(family):
        cases = [c for c in CASES if c["family"] == family]
        assert cases, f"no cases for {family}"
        failures = []
        for case in cases:
            want = run([GNU_ED], case)
            got = run(DEMOTE + CANDIDATE, case)
            if got != want:
                failures.append((case, want, got))
        if failures:
            case, want, got = failures[0]
            detail = (f"{len(failures)} of {len(cases)} cases differ; first: ed {case['args']!r} with "
                      f"files {[n for n, _t in case['files']]} and script {case['script']!r} on a "
                      f"{case['stdin']}: expected output {want[0]!r} (zero status: {want[1]}, files: "
                      f"{want[2]!r}), got {got[0]!r} (zero status: {got[1]}, files: {got[2]!r})")
>           raise AssertionError(detail)
E           AssertionError: 5 of 80 cases differ; first: ed ['f.txt', '-sl'] with files ['f.txt', 'other.txt'] and script 'bogus\n=\nunp\n-;# note\n. +1dpp\n .+ , . an\n .\nnew\ne.e\n.\n10+a\na|b\n..\n.\nQ\n' on a pipe: expected output b'?\n13\n?\n?\n15\te.e\n' (zero status: True, files: {'f.txt': b'back\\slash\nMixed Case\nbeta two\ngamma three\nab*c\nx1 y2 z3\nphalp\nMixed Case\nunder_score\nepsilon five\na|b\nab*c\na|b\n', 'other.txt': b'ab*c\ntt th t\n[-a]\n[-a]\n\na!b\n'}), got b'?\n13\n?\n?\n?\na|b\n?\n?\na|b\n' (zero status: True, files: {'f.txt': b'back\\slash\nMixed Case\nbeta two\ngamma three\nab*c\nx1 y2 z3\nphalp\nMixed Case\nunder_score\nepsilon five\na|b\nab*c\na|b\n', 'other.txt': b'ab*c\ntt th t\n[-a]\n[-a]\n\na!b\n'})

/tests/test_outputs.py:169: AssertionError
_______________________________ test_generated_3 _______________________________

    def test_generated_3():
>       check("generated_3")

/tests/test_outputs.py:291: 
_ _ _ _ _ _ _ _ _ _ _ _ _ _ _ _ _ _ _ _ _ _ _ _ _ _ _ _ _ _ _ _ _ _ _ _ _ _ _ _ 

family = 'generated_3'

    def check(family):
        cases = [c for c in CASES if c["family"] == family]
        assert cases, f"no cases for {family}"
        failures = []
        for case in cases:
            want = run([GNU_ED], case)
            got = run(DEMOTE + CANDIDATE, case)
            if got != want:
                failures.append((case, want, got))
        if failures:
            case, want, got = failures[0]
            detail = (f"{len(failures)} of {len(cases)} cases differ; first: ed {case['args']!r} with "
                      f"files {[n for n, _t in case['files']]} and script {case['script']!r} on a "
                      f"{case['stdin']}: expected output {want[0]!r} (zero status: {want[1]}, files: "
                      f"{want[2]!r}), got {got[0]!r} (zero status: {got[1]}, files: {got[2]!r})")
>           raise AssertionError(detail)
E           AssertionError: 3 of 80 cases differ; first: ed ['f.txt', '-ls'] with files ['f.txt', 'other.txt'] and script ' 2 , 4 p\n2-;-2-p\nm$\nQ\n,$g|o\\{0,1\\}|t.\nm4-\n4g,[a-],s/zz/y/\n,\nw\n' on a file: expected output b'alpha one\nx1 y2 z3\n\n?\n' (zero status: True, files: {'f.txt': b'\nalpha one\nx1 y2 z3\n\n', 'other.txt': b'\ndelta four\n'}), got b'alpha one\nx1 y2 z3\n\n\n' (zero status: True, files: {'f.txt': b'\nalpha one\nx1 y2 z3\n\n', 'other.txt': b'\ndelta four\n'})

/tests/test_outputs.py:169: AssertionError
_______________________________ test_generated_4 _______________________________

    def test_generated_4():
>       check("generated_4")

/tests/test_outputs.py:295: 
_ _ _ _ _ _ _ _ _ _ _ _ _ _ _ _ _ _ _ _ _ _ _ _ _ _ _ _ _ _ _ _ _ _ _ _ _ _ _ _ 

family = 'generated_4'

    def check(family):
        cases = [c for c in CASES if c["family"] == family]
        assert cases, f"no cases for {family}"
        failures = []
        for case in cases:
            want = run([GNU_ED], case)
            got = run(DEMOTE + CANDIDATE, case)
            if got != want:
                failures.append((case, want, got))
        if failures:
            case, want, got = failures[0]
            detail = (f"{len(failures)} of {len(cases)} cases differ; first: ed {case['args']!r} with "
                      f"files {[n for n, _t in case['files']]} and script {case['script']!r} on a "
                      f"{case['stdin']}: expected output {want[0]!r} (zero status: {want[1]}, files: "
                      f"{want[2]!r}), got {got[0]!r} (zero status: {got[1]}, files: {got[2]!r})")
>           raise AssertionError(detail)
E           AssertionError: 3 of 80 cases differ; first: ed ['f.txt', '-sl'] with files ['f.txt', 'other.txt'] and script "s/a/b/q\n-2+;'a +1kb\n'b +1n\n;=\nupn\n.+p\nn\n,p\n" on a pipe: expected output b'?\n?\n?\n6\n?\ntrail  \n6\ttrail  \ngamma three\n  lead\ndelta four\nab*c\nabab\ntrail  \n' (zero status: True, files: {'f.txt': b'gamma three\n  lead\ndelta four\nab*c\nabab\ntrail  \n', 'other.txt': b'aaa\na|b\nback\\slash\ntab\there\n[-a]\n'}), got b'?\n?\n?\n6\n?\n?\n6\ttrail  \ngamma three\n  lead\ndelta four\nab*c\nabab\ntrail  \n' (zero status: True, files: {'f.txt': b'gamma three\n  lead\ndelta four\nab*c\nabab\ntrail  \n', 'other.txt': b'aaa\na|b\nback\\slash\ntab\there\n[-a]\n'})

/tests/test_outputs.py:169: AssertionError
_______________________________ test_generated_5 _______________________________

    def test_generated_5():
>       check("generated_5")

/tests/test_outputs.py:299: 
_ _ _ _ _ _ _ _ _ _ _ _ _ _ _ _ _ _ _ _ _ _ _ _ _ _ _ _ _ _ _ _ _ _ _ _ _ _ _ _ 

family = 'generated_5'

    def check(family):
        cases = [c for c in CASES if c["family"] == family]
        assert cases, f"no cases for {family}"
        failures = []
        for case in cases:
            want = run([GNU_ED], case)
            got = run(DEMOTE + CANDIDATE, case)
            if got != want:
                failures.append((case, want, got))
        if failures:
            case, want, got = failures[0]
            detail = (f"{len(failures)} of {len(cases)} cases differ; first: ed {case['args']!r} with "
                      f"files {[n for n, _t in case['files']]} and script {case['script']!r} on a "
                      f"{case['stdin']}: expected output {want[0]!r} (zero status: {want[1]}, files: "
                      f"{want[2]!r}), got {got[0]!r} (zero status: {got[1]}, files: {got[2]!r})")
>           raise AssertionError(detail)
E           AssertionError: 1 of 80 cases differ; first: ed ['-s', 'f.txt'] with files ['f.txt', 'other.txt'] and script '2,t$n\n?a*b?-1;?b\\{1,\\}?+1=\nupn\n,p\n' on a pipe: expected output b'9\tdelta four\n5\n8\ta-b\nback\\slash\ndelta four\nfoo bar foo\nback\\slash\ne.e\n[-a]\nbeta two\na-b\n' (zero status: True, files: {'f.txt': b'back\\slash\ndelta four\nfoo bar foo\nback\\slash\ne.e\n[-a]\nbeta two\na-b\n', 'other.txt': b'epsilon five\naaa\nx1 y2 z3\ntrail  \nMixed Case\na.b\nx1 y2 z3\n/slash/\n/slash/\ne.e\ndelta four\n{2}\nunder_score\n'}), got b'9\tdelta four\n9\n8\ta-b\nback\\slash\ndelta four\nfoo bar foo\nback\\slash\ne.e\n[-a]\nbeta two\na-b\n' (zero status: True, files: {'f.txt': b'back\\slash\ndelta four\nfoo bar foo\nback\\slash\ne.e\n[-a]\nbeta two\na-b\n', 'other.txt': b'epsilon five\naaa\nx1 y2 z3\ntrail  \nMixed Case\na.b\nx1 y2 z3\n/slash/\n/slash/\ne.e\ndelta four\n{2}\nunder_score\n'})

/tests/test_outputs.py:169: AssertionError
_______________________________ test_generated_6 _______________________________

    def test_generated_6():
>       check("generated_6")

/tests/test_outputs.py:303: 
_ _ _ _ _ _ _ _ _ _ _ _ _ _ _ _ _ _ _ _ _ _ _ _ _ _ _ _ _ _ _ _ _ _ _ _ _ _ _ _ 

family = 'generated_6'

    def check(family):
        cases = [c for c in CASES if c["family"] == family]
        assert cases, f"no cases for {family}"
        failures = []
        for case in cases:
            want = run([GNU_ED], case)
            got = run(DEMOTE + CANDIDATE, case)
            if got != want:
                failures.append((case, want, got))
        if failures:
            case, want, got = failures[0]
            detail = (f"{len(failures)} of {len(cases)} cases differ; first: ed {case['args']!r} with "
                      f"files {[n for n, _t in case['files']]} and script {case['script']!r} on a "
                      f"{case['stdin']}: expected output {want[0]!r} (zero status: {want[1]}, files: "
                      f"{want[2]!r}), got {got[0]!r} (zero status: {got[1]}, files: {got[2]!r})")
>           raise AssertionError(detail)
E           AssertionError: 7 of 80 cases differ; first: ed ['-E', '-s', 'f.txt'] with files ['f.txt', 'other.txt'] and script '---;ipn\nbeta\n.\n?t|th?+1;+2g/e.e/s/e/E/\n;wq\nsgp\n.-1;s;[-a];a\\\nb\nQ\n' on a file: expected output b'7\tbeta\n?\n' (zero status: False, files: {'f.txt': b'foo bar foo\na-b\nabab\nMixed Case\n[-a]\nbeta\nback\\slash\ntrail  \nunder_score\n/slash/\n', 'other.txt': b'abab\naaa\nabab\n#hash\n0\nfoo bar foo\nMixed Case\nabab\nfoo bar foo\naaa\naaa\nalpha one\nback\\slash\n'}), got b'7\tbeta\n?\n' (zero status: False, files: {'f.txt': b'beta\nback\\slash\ntrail  \nunder_score\n/slash/\n', 'other.txt': b'abab\naaa\nabab\n#hash\n0\nfoo bar foo\nMixed Case\nabab\nfoo bar foo\naaa\naaa\nalpha one\nback\\slash\n'})

/tests/test_outputs.py:169: AssertionError
_______________________________ test_generated_7 _______________________________

    def test_generated_7():
>       check("generated_7")

/tests/test_outputs.py:307: 
_ _ _ _ _ _ _ _ _ _ _ _ _ _ _ _ _ _ _ _ _ _ _ _ _ _ _ _ _ _ _ _ _ _ _ _ _ _ _ _ 

family = 'generated_7'

    def check(family):
        cases = [c for c in CASES if c["family"] == family]
        assert cases, f"no cases for {family}"
        failures = []
        for case in cases:
            want = run([GNU_ED], case)
            got = run(DEMOTE + CANDIDATE, case)
            if got != want:
                failures.append((case, want, got))
        if failures:
            case, want, got = failures[0]
            detail = (f"{len(failures)} of {len(cases)} cases differ; first: ed {case['args']!r} with "
                      f"files {[n for n, _t in case['files']]} and script {case['script']!r} on a "
                      f"{case['stdin']}: expected output {want[0]!r} (zero status: {want[1]}, files: "
                      f"{want[2]!r}), got {got[0]!r} (zero status: {got[1]}, files: {got[2]!r})")
>           raise AssertionError(detail)
E           AssertionError: 2 of 80 cases differ; first: ed ['-sE', 'f.txt'] with files ['f.txt', 'other.txt'] and script ',2-g#\\.#j\n--+1;/(^a|b$)/dn\n??\nQ\n' on a file: expected output b'12\t{2}\nabab\n' (zero status: True, files: {'f.txt': b'0\ndelta four\ntrail  \nx1 y2 z3\na-b\n{2}\n#hash\ntt th t\nalpha one\nabab\ntab\there\n{2}\n/slash/\na-b\n', 'other.txt': b'trail  \ne.e\n123\ntrail  \nunder_score\n\n'}), got b'?\n' (zero status: False, files: {'f.txt': b'0\ndelta four\ntrail  \nx1 y2 z3\na-b\n{2}\n#hash\ntt th t\nalpha one\nabab\ntab\there\n{2}\n/slash/\na-b\n', 'other.txt': b'trail  \ne.e\n123\ntrail  \nunder_score\n\n'})

/tests/test_outputs.py:169: AssertionError
_______________________________ test_generated_8 _______________________________

    def test_generated_8():
>       check("generated_8")

/tests/test_outputs.py:311: 
_ _ _ _ _ _ _ _ _ _ _ _ _ _ _ _ _ _ _ _ _ _ _ _ _ _ _ _ _ _ _ _ _ _ _ _ _ _ _ _ 

family = 'generated_8'

    def check(family):
        cases = [c for c in CASES if c["family"] == family]
        assert cases, f"no cases for {family}"
        failures = []
        for case in cases:
            want = run([GNU_ED], case)
            got = run(DEMOTE + CANDIDATE, case)
            if got != want:
                failures.append((case, want, got))
        if failures:
            case, want, got = failures[0]
            detail = (f"{len(failures)} of {len(cases)} cases differ; first: ed {case['args']!r} with "
                      f"files {[n for n, _t in case['files']]} and script {case['script']!r} on a "
                      f"{case['stdin']}: expected output {want[0]!r} (zero status: {want[1]}, files: "
                      f"{want[2]!r}), got {got[0]!r} (zero status: {got[1]}, files: {got[2]!r})")
>           raise AssertionError(detail)
E           AssertionError: 2 of 80 cases differ; first: ed ['new.txt', '-lsE'] with files ['f.txt', 'other.txt'] and script "a\naaa\nfoo bar foo\nMixed Case\ne.e\n.\n/[-a]/+1,$,'b+s,a^b,<&>,n\ncp\nnew\ne.e\n.\n'a-s/o+/<&>/gI\n-;++g.[^[:alpha:] ]..=\nip\n.\n'a,/t|th/,'b+1g#a{1,2}b#s/e/E\nsgp\n??+t+ +1p\n,n\n" on a pipe: expected output b'?\ne.e\n?\n?\nnew\n?\n?\n?\n1\taaa\n2\tfoo bar foo\n3\tMixed Case\n4\tnew\n5\te.e\n?\n' (zero status: True, files: {'f.txt': b'a.b\n  lead\nalpha one\ntrail  \nab*c\na.b\ntab\there\ntt th t\nab*c\n#hash\ntt th t\n{2}\nepsilon five\ntrail  \n', 'other.txt': b'trail  \nMixed Case\ntrail  \na!b\nfoo bar foo\nunder_score\n#hash\nepsilon five\n{2}\nx1 y2 z3\n{2}\nunder_score\nMixed Case\n'}), got b'?\ne.e\n?\n?\ne.e\n?\n?\n?\n1\taaa\n2\tfoo bar foo\n3\tMixed Case\n4\tnew\n5\te.e\n?\n' (zero status: True, files: {'f.txt': b'a.b\n  lead\nalpha one\ntrail  \nab*c\na.b\ntab\there\ntt th t\nab*c\n#hash\ntt th t\n{2}\nepsilon five\ntrail  \n', 'other.txt': b'trail  \nMixed Case\ntrail  \na!b\nfoo bar foo\nunder_score\n#hash\nepsilon five\n{2}\nx1 y2 z3\n{2}\nunder_score\nMixed Case\n'})

/tests/test_outputs.py:169: AssertionError
==================================== PASSES ====================================
=========================== short test summary info ============================
PASSED ../../tests/test_outputs.py::test_launcher_stops_delegation_and_foreign_code
PASSED ../../tests/test_outputs.py::test_append_insert_change
PASSED ../../tests/test_outputs.py::test_delete_join_move_copy
PASSED ../../tests/test_outputs.py::test_substitute
PASSED ../../tests/test_outputs.py::test_global_commands
PASSED ../../tests/test_outputs.py::test_undo
PASSED ../../tests/test_outputs.py::test_print_list_number
PASSED ../../tests/test_outputs.py::test_regex
PASSED ../../tests/test_outputs.py::test_regex_extended
PASSED ../../tests/test_outputs.py::test_files_and_write
PASSED ../../tests/test_outputs.py::test_errors_and_exit
PASSED ../../tests/test_outputs.py::test_options
FAILED ../../tests/test_outputs.py::test_addresses - AssertionError: 2 of 82 ...
FAILED ../../tests/test_outputs.py::test_mixed_scripts_1 - AssertionError: 3 ...
FAILED ../../tests/test_outputs.py::test_mixed_scripts_2 - AssertionError: 6 ...
FAILED ../../tests/test_outputs.py::test_mixed_scripts_3 - AssertionError: 5 ...
FAILED ../../tests/test_outputs.py::test_mixed_scripts_4 - AssertionError: 4 ...
FAILED ../../tests/test_outputs.py::test_mixed_scripts_5 - AssertionError: 14...
FAILED ../../tests/test_outputs.py::test_mixed_scripts_6 - AssertionError: 9 ...
FAILED ../../tests/test_outputs.py::test_generated_1 - AssertionError: 3 of 8...
FAILED ../../tests/test_outputs.py::test_generated_2 - AssertionError: 5 of 8...
FAILED ../../tests/test_outputs.py::test_generated_3 - AssertionError: 3 of 8...
FAILED ../../tests/test_outputs.py::test_generated_4 - AssertionError: 3 of 8...
FAILED ../../tests/test_outputs.py::test_generated_5 - AssertionError: 1 of 8...
FAILED ../../tests/test_outputs.py::test_generated_6 - AssertionError: 7 of 8...
FAILED ../../tests/test_outputs.py::test_generated_7 - AssertionError: 2 of 8...
FAILED ../../tests/test_outputs.py::test_generated_8 - AssertionError: 2 of 8...
=================== 15 failed, 12 passed in 99.99s (0:01:39) ===================
