============================= test session starts ==============================
platform linux -- Python 3.13.12, pytest-9.1.1, pluggy-1.6.0
rootdir: /tests
plugins: json-ctrf-0.5.2
collected 25 items

../../tests/test_outputs.py .FFFFFFFFFFFFFFFFFFFFFFFF                    [100%]

=================================== FAILURES ===================================
_____________________________ test_band_boundaries _____________________________

    def test_band_boundaries():
>       check("band_boundaries")

/tests/test_outputs.py:89: 
_ _ _ _ _ _ _ _ _ _ _ _ _ _ _ _ _ _ _ _ _ _ _ _ _ _ _ _ _ _ _ _ _ _ _ _ _ _ _ _ 
/tests/test_outputs.py:69: in check
    got, want = _run_port(name), _expected(name)
                ^^^^^^^^^^^^^^^
_ _ _ _ _ _ _ _ _ _ _ _ _ _ _ _ _ _ _ _ _ _ _ _ _ _ _ _ _ _ _ _ _ _ _ _ _ _ _ _ 

name = 'band_boundaries'

    def _run_port(name):
        """Run the port on one extract pair as an unprivileged user; return its output bytes."""
        scratch = tempfile.mkdtemp(prefix="wbill-")
        os.chmod(scratch, 0o777)
        readings = os.path.join(scratch, "custin.dat")
        payments = os.path.join(scratch, "payin.dat")
        output = os.path.join(scratch, "stmtout.txt")
        shutil.copyfile(os.path.join(CASES, name + ".dat"), readings)
        shutil.copyfile(os.path.join(CASES, name + ".pay"), payments)
        for path in (readings, payments):
            os.chmod(path, 0o444)
        env = {"PATH": "/usr/local/bin:/usr/bin:/bin", "HOME": scratch, "LANG": "C.UTF-8"}
        command = [PYTHON, "-s", "-S", PORT, readings, payments, output]
        demote = os.geteuid() == 0
        proc = subprocess.Popen(
            ["setpriv", "--reuid=65534", "--regid=65534", "--clear-groups", "--no-new-privs"] + command
            if demote else command,
            cwd=scratch, env=env, stdout=subprocess.PIPE, stderr=subprocess.PIPE, start_new_session=True)
        try:
            _, err = proc.communicate(timeout=120)
        except subprocess.TimeoutExpired:
            err = b"timed out after 120 s"
        finally:
            try:
                os.killpg(proc.pid, signal.SIGKILL)
            except ProcessLookupError:
                pass
            proc.wait()
        try:
>           assert proc.returncode == 0, "the port failed:\n" + err.decode("utf-8", "replace")[-2000:]
E           AssertionError: the port failed:
E             Traceback (most recent call last):
E               File "/app/port/wbill.py", line 16, in <module>
E                 main(sys.argv)
E                 ~~~~^^^^^^^^^^
E               File "/app/port/wbill.py", line 12, in main
E                 raise NotImplementedError("the WBILL port has not been written yet")
E             NotImplementedError: the WBILL port has not been written yet
E             
E           assert 1 == 0
E            +  where 1 = <Popen: returncode: 1 args: ['setpriv', '--reuid=65534', '--regid=65534', '-...>.returncode

/tests/test_outputs.py:60: AssertionError
_____________________________ test_credit_balances _____________________________

    def test_credit_balances():
>       check("credit_balances")

/tests/test_outputs.py:93: 
_ _ _ _ _ _ _ _ _ _ _ _ _ _ _ _ _ _ _ _ _ _ _ _ _ _ _ _ _ _ _ _ _ _ _ _ _ _ _ _ 
/tests/test_outputs.py:69: in check
    got, want = _run_port(name), _expected(name)
                ^^^^^^^^^^^^^^^
_ _ _ _ _ _ _ _ _ _ _ _ _ _ _ _ _ _ _ _ _ _ _ _ _ _ _ _ _ _ _ _ _ _ _ _ _ _ _ _ 

name = 'credit_balances'

    def _run_port(name):
        """Run the port on one extract pair as an unprivileged user; return its output bytes."""
        scratch = tempfile.mkdtemp(prefix="wbill-")
        os.chmod(scratch, 0o777)
        readings = os.path.join(scratch, "custin.dat")
        payments = os.path.join(scratch, "payin.dat")
        output = os.path.join(scratch, "stmtout.txt")
        shutil.copyfile(os.path.join(CASES, name + ".dat"), readings)
        shutil.copyfile(os.path.join(CASES, name + ".pay"), payments)
        for path in (readings, payments):
            os.chmod(path, 0o444)
        env = {"PATH": "/usr/local/bin:/usr/bin:/bin", "HOME": scratch, "LANG": "C.UTF-8"}
        command = [PYTHON, "-s", "-S", PORT, readings, payments, output]
        demote = os.geteuid() == 0
        proc = subprocess.Popen(
            ["setpriv", "--reuid=65534", "--regid=65534", "--clear-groups", "--no-new-privs"] + command
            if demote else command,
            cwd=scratch, env=env, stdout=subprocess.PIPE, stderr=subprocess.PIPE, start_new_session=True)
        try:
            _, err = proc.communicate(timeout=120)
        except subprocess.TimeoutExpired:
            err = b"timed out after 120 s"
        finally:
            try:
                os.killpg(proc.pid, signal.SIGKILL)
            except ProcessLookupError:
                pass
            proc.wait()
        try:
>           assert proc.returncode == 0, "the port failed:\n" + err.decode("utf-8", "replace")[-2000:]
E           AssertionError: the port failed:
E             Traceback (most recent call last):
E               File "/app/port/wbill.py", line 16, in <module>
E                 main(sys.argv)
E                 ~~~~^^^^^^^^^^
E               File "/app/port/wbill.py", line 12, in main
E                 raise NotImplementedError("the WBILL port has not been written yet")
E             NotImplementedError: the WBILL port has not been written yet
E             
E           assert 1 == 0
E            +  where 1 = <Popen: returncode: 1 args: ['setpriv', '--reuid=65534', '--regid=65534', '-...>.returncode

/tests/test_outputs.py:60: AssertionError
_____________________________ test_date_and_region _____________________________

    def test_date_and_region():
>       check("date_and_region")

/tests/test_outputs.py:97: 
_ _ _ _ _ _ _ _ _ _ _ _ _ _ _ _ _ _ _ _ _ _ _ _ _ _ _ _ _ _ _ _ _ _ _ _ _ _ _ _ 
/tests/test_outputs.py:69: in check
    got, want = _run_port(name), _expected(name)
                ^^^^^^^^^^^^^^^
_ _ _ _ _ _ _ _ _ _ _ _ _ _ _ _ _ _ _ _ _ _ _ _ _ _ _ _ _ _ _ _ _ _ _ _ _ _ _ _ 

name = 'date_and_region'

    def _run_port(name):
        """Run the port on one extract pair as an unprivileged user; return its output bytes."""
        scratch = tempfile.mkdtemp(prefix="wbill-")
        os.chmod(scratch, 0o777)
        readings = os.path.join(scratch, "custin.dat")
        payments = os.path.join(scratch, "payin.dat")
        output = os.path.join(scratch, "stmtout.txt")
        shutil.copyfile(os.path.join(CASES, name + ".dat"), readings)
        shutil.copyfile(os.path.join(CASES, name + ".pay"), payments)
        for path in (readings, payments):
            os.chmod(path, 0o444)
        env = {"PATH": "/usr/local/bin:/usr/bin:/bin", "HOME": scratch, "LANG": "C.UTF-8"}
        command = [PYTHON, "-s", "-S", PORT, readings, payments, output]
        demote = os.geteuid() == 0
        proc = subprocess.Popen(
            ["setpriv", "--reuid=65534", "--regid=65534", "--clear-groups", "--no-new-privs"] + command
            if demote else command,
            cwd=scratch, env=env, stdout=subprocess.PIPE, stderr=subprocess.PIPE, start_new_session=True)
        try:
            _, err = proc.communicate(timeout=120)
        except subprocess.TimeoutExpired:
            err = b"timed out after 120 s"
        finally:
            try:
                os.killpg(proc.pid, signal.SIGKILL)
            except ProcessLookupError:
                pass
            proc.wait()
        try:
>           assert proc.returncode == 0, "the port failed:\n" + err.decode("utf-8", "replace")[-2000:]
E           AssertionError: the port failed:
E             Traceback (most recent call last):
E               File "/app/port/wbill.py", line 16, in <module>
E                 main(sys.argv)
E                 ~~~~^^^^^^^^^^
E               File "/app/port/wbill.py", line 12, in main
E                 raise NotImplementedError("the WBILL port has not been written yet")
E             NotImplementedError: the WBILL port has not been written yet
E             
E           assert 1 == 0
E            +  where 1 = <Popen: returncode: 1 args: ['setpriv', '--reuid=65534', '--regid=65534', '-...>.returncode

/tests/test_outputs.py:60: AssertionError
______________________________ test_district_run _______________________________

    def test_district_run():
>       check("district_run")

/tests/test_outputs.py:101: 
_ _ _ _ _ _ _ _ _ _ _ _ _ _ _ _ _ _ _ _ _ _ _ _ _ _ _ _ _ _ _ _ _ _ _ _ _ _ _ _ 
/tests/test_outputs.py:69: in check
    got, want = _run_port(name), _expected(name)
                ^^^^^^^^^^^^^^^
_ _ _ _ _ _ _ _ _ _ _ _ _ _ _ _ _ _ _ _ _ _ _ _ _ _ _ _ _ _ _ _ _ _ _ _ _ _ _ _ 

name = 'district_run'

    def _run_port(name):
        """Run the port on one extract pair as an unprivileged user; return its output bytes."""
        scratch = tempfile.mkdtemp(prefix="wbill-")
        os.chmod(scratch, 0o777)
        readings = os.path.join(scratch, "custin.dat")
        payments = os.path.join(scratch, "payin.dat")
        output = os.path.join(scratch, "stmtout.txt")
        shutil.copyfile(os.path.join(CASES, name + ".dat"), readings)
        shutil.copyfile(os.path.join(CASES, name + ".pay"), payments)
        for path in (readings, payments):
            os.chmod(path, 0o444)
        env = {"PATH": "/usr/local/bin:/usr/bin:/bin", "HOME": scratch, "LANG": "C.UTF-8"}
        command = [PYTHON, "-s", "-S", PORT, readings, payments, output]
        demote = os.geteuid() == 0
        proc = subprocess.Popen(
            ["setpriv", "--reuid=65534", "--regid=65534", "--clear-groups", "--no-new-privs"] + command
            if demote else command,
            cwd=scratch, env=env, stdout=subprocess.PIPE, stderr=subprocess.PIPE, start_new_session=True)
        try:
            _, err = proc.communicate(timeout=120)
        except subprocess.TimeoutExpired:
            err = b"timed out after 120 s"
        finally:
            try:
                os.killpg(proc.pid, signal.SIGKILL)
            except ProcessLookupError:
                pass
            proc.wait()
        try:
>           assert proc.returncode == 0, "the port failed:\n" + err.decode("utf-8", "replace")[-2000:]
E           AssertionError: the port failed:
E             Traceback (most recent call last):
E               File "/app/port/wbill.py", line 16, in <module>
E                 main(sys.argv)
E                 ~~~~^^^^^^^^^^
E               File "/app/port/wbill.py", line 12, in main
E                 raise NotImplementedError("the WBILL port has not been written yet")
E             NotImplementedError: the WBILL port has not been written yet
E             
E           assert 1 == 0
E            +  where 1 = <Popen: returncode: 1 args: ['setpriv', '--reuid=65534', '--regid=65534', '-...>.returncode

/tests/test_outputs.py:60: AssertionError
_______________________________ test_empty_file ________________________________

    def test_empty_file():
>       check("empty_file")

/tests/test_outputs.py:105: 
_ _ _ _ _ _ _ _ _ _ _ _ _ _ _ _ _ _ _ _ _ _ _ _ _ _ _ _ _ _ _ _ _ _ _ _ _ _ _ _ 
/tests/test_outputs.py:69: in check
    got, want = _run_port(name), _expected(name)
                ^^^^^^^^^^^^^^^
_ _ _ _ _ _ _ _ _ _ _ _ _ _ _ _ _ _ _ _ _ _ _ _ _ _ _ _ _ _ _ _ _ _ _ _ _ _ _ _ 

name = 'empty_file'

    def _run_port(name):
        """Run the port on one extract pair as an unprivileged user; return its output bytes."""
        scratch = tempfile.mkdtemp(prefix="wbill-")
        os.chmod(scratch, 0o777)
        readings = os.path.join(scratch, "custin.dat")
        payments = os.path.join(scratch, "payin.dat")
        output = os.path.join(scratch, "stmtout.txt")
        shutil.copyfile(os.path.join(CASES, name + ".dat"), readings)
        shutil.copyfile(os.path.join(CASES, name + ".pay"), payments)
        for path in (readings, payments):
            os.chmod(path, 0o444)
        env = {"PATH": "/usr/local/bin:/usr/bin:/bin", "HOME": scratch, "LANG": "C.UTF-8"}
        command = [PYTHON, "-s", "-S", PORT, readings, payments, output]
        demote = os.geteuid() == 0
        proc = subprocess.Popen(
            ["setpriv", "--reuid=65534", "--regid=65534", "--clear-groups", "--no-new-privs"] + command
            if demote else command,
            cwd=scratch, env=env, stdout=subprocess.PIPE, stderr=subprocess.PIPE, start_new_session=True)
        try:
            _, err = proc.communicate(timeout=120)
        except subprocess.TimeoutExpired:
            err = b"timed out after 120 s"
        finally:
            try:
                os.killpg(proc.pid, signal.SIGKILL)
            except ProcessLookupError:
                pass
            proc.wait()
        try:
>           assert proc.returncode == 0, "the port failed:\n" + err.decode("utf-8", "replace")[-2000:]
E           AssertionError: the port failed:
E             Traceback (most recent call last):
E               File "/app/port/wbill.py", line 16, in <module>
E                 main(sys.argv)
E                 ~~~~^^^^^^^^^^
E               File "/app/port/wbill.py", line 12, in main
E                 raise NotImplementedError("the WBILL port has not been written yet")
E             NotImplementedError: the WBILL port has not been written yet
E             
E           assert 1 == 0
E            +  where 1 = <Popen: returncode: 1 args: ['setpriv', '--reuid=65534', '--regid=65534', '-...>.returncode

/tests/test_outputs.py:60: AssertionError
_____________________________ test_header_missing ______________________________

    def test_header_missing():
>       check("header_missing")

/tests/test_outputs.py:109: 
_ _ _ _ _ _ _ _ _ _ _ _ _ _ _ _ _ _ _ _ _ _ _ _ _ _ _ _ _ _ _ _ _ _ _ _ _ _ _ _ 
/tests/test_outputs.py:69: in check
    got, want = _run_port(name), _expected(name)
                ^^^^^^^^^^^^^^^
_ _ _ _ _ _ _ _ _ _ _ _ _ _ _ _ _ _ _ _ _ _ _ _ _ _ _ _ _ _ _ _ _ _ _ _ _ _ _ _ 

name = 'header_missing'

    def _run_port(name):
        """Run the port on one extract pair as an unprivileged user; return its output bytes."""
        scratch = tempfile.mkdtemp(prefix="wbill-")
        os.chmod(scratch, 0o777)
        readings = os.path.join(scratch, "custin.dat")
        payments = os.path.join(scratch, "payin.dat")
        output = os.path.join(scratch, "stmtout.txt")
        shutil.copyfile(os.path.join(CASES, name + ".dat"), readings)
        shutil.copyfile(os.path.join(CASES, name + ".pay"), payments)
        for path in (readings, payments):
            os.chmod(path, 0o444)
        env = {"PATH": "/usr/local/bin:/usr/bin:/bin", "HOME": scratch, "LANG": "C.UTF-8"}
        command = [PYTHON, "-s", "-S", PORT, readings, payments, output]
        demote = os.geteuid() == 0
        proc = subprocess.Popen(
            ["setpriv", "--reuid=65534", "--regid=65534", "--clear-groups", "--no-new-privs"] + command
            if demote else command,
            cwd=scratch, env=env, stdout=subprocess.PIPE, stderr=subprocess.PIPE, start_new_session=True)
        try:
            _, err = proc.communicate(timeout=120)
        except subprocess.TimeoutExpired:
            err = b"timed out after 120 s"
        finally:
            try:
                os.killpg(proc.pid, signal.SIGKILL)
            except ProcessLookupError:
                pass
            proc.wait()
        try:
>           assert proc.returncode == 0, "the port failed:\n" + err.decode("utf-8", "replace")[-2000:]
E           AssertionError: the port failed:
E             Traceback (most recent call last):
E               File "/app/port/wbill.py", line 16, in <module>
E                 main(sys.argv)
E                 ~~~~^^^^^^^^^^
E               File "/app/port/wbill.py", line 12, in main
E                 raise NotImplementedError("the WBILL port has not been written yet")
E             NotImplementedError: the WBILL port has not been written yet
E             
E           assert 1 == 0
E            +  where 1 = <Popen: returncode: 1 args: ['setpriv', '--reuid=65534', '--regid=65534', '-...>.returncode

/tests/test_outputs.py:60: AssertionError
_______________________________ test_header_only _______________________________

    def test_header_only():
>       check("header_only")

/tests/test_outputs.py:113: 
_ _ _ _ _ _ _ _ _ _ _ _ _ _ _ _ _ _ _ _ _ _ _ _ _ _ _ _ _ _ _ _ _ _ _ _ _ _ _ _ 
/tests/test_outputs.py:69: in check
    got, want = _run_port(name), _expected(name)
                ^^^^^^^^^^^^^^^
_ _ _ _ _ _ _ _ _ _ _ _ _ _ _ _ _ _ _ _ _ _ _ _ _ _ _ _ _ _ _ _ _ _ _ _ _ _ _ _ 

name = 'header_only'

    def _run_port(name):
        """Run the port on one extract pair as an unprivileged user; return its output bytes."""
        scratch = tempfile.mkdtemp(prefix="wbill-")
        os.chmod(scratch, 0o777)
        readings = os.path.join(scratch, "custin.dat")
        payments = os.path.join(scratch, "payin.dat")
        output = os.path.join(scratch, "stmtout.txt")
        shutil.copyfile(os.path.join(CASES, name + ".dat"), readings)
        shutil.copyfile(os.path.join(CASES, name + ".pay"), payments)
        for path in (readings, payments):
            os.chmod(path, 0o444)
        env = {"PATH": "/usr/local/bin:/usr/bin:/bin", "HOME": scratch, "LANG": "C.UTF-8"}
        command = [PYTHON, "-s", "-S", PORT, readings, payments, output]
        demote = os.geteuid() == 0
        proc = subprocess.Popen(
            ["setpriv", "--reuid=65534", "--regid=65534", "--clear-groups", "--no-new-privs"] + command
            if demote else command,
            cwd=scratch, env=env, stdout=subprocess.PIPE, stderr=subprocess.PIPE, start_new_session=True)
        try:
            _, err = proc.communicate(timeout=120)
        except subprocess.TimeoutExpired:
            err = b"timed out after 120 s"
        finally:
            try:
                os.killpg(proc.pid, signal.SIGKILL)
            except ProcessLookupError:
                pass
            proc.wait()
        try:
>           assert proc.returncode == 0, "the port failed:\n" + err.decode("utf-8", "replace")[-2000:]
E           AssertionError: the port failed:
E             Traceback (most recent call last):
E               File "/app/port/wbill.py", line 16, in <module>
E                 main(sys.argv)
E                 ~~~~^^^^^^^^^^
E               File "/app/port/wbill.py", line 12, in main
E                 raise NotImplementedError("the WBILL port has not been written yet")
E             NotImplementedError: the WBILL port has not been written yet
E             
E           assert 1 == 0
E            +  where 1 = <Popen: returncode: 1 args: ['setpriv', '--reuid=65534', '--regid=65534', '-...>.returncode

/tests/test_outputs.py:60: AssertionError
___________________________ test_header_out_of_place ___________________________

    def test_header_out_of_place():
>       check("header_out_of_place")

/tests/test_outputs.py:117: 
_ _ _ _ _ _ _ _ _ _ _ _ _ _ _ _ _ _ _ _ _ _ _ _ _ _ _ _ _ _ _ _ _ _ _ _ _ _ _ _ 
/tests/test_outputs.py:69: in check
    got, want = _run_port(name), _expected(name)
                ^^^^^^^^^^^^^^^
_ _ _ _ _ _ _ _ _ _ _ _ _ _ _ _ _ _ _ _ _ _ _ _ _ _ _ _ _ _ _ _ _ _ _ _ _ _ _ _ 

name = 'header_out_of_place'

    def _run_port(name):
        """Run the port on one extract pair as an unprivileged user; return its output bytes."""
        scratch = tempfile.mkdtemp(prefix="wbill-")
        os.chmod(scratch, 0o777)
        readings = os.path.join(scratch, "custin.dat")
        payments = os.path.join(scratch, "payin.dat")
        output = os.path.join(scratch, "stmtout.txt")
        shutil.copyfile(os.path.join(CASES, name + ".dat"), readings)
        shutil.copyfile(os.path.join(CASES, name + ".pay"), payments)
        for path in (readings, payments):
            os.chmod(path, 0o444)
        env = {"PATH": "/usr/local/bin:/usr/bin:/bin", "HOME": scratch, "LANG": "C.UTF-8"}
        command = [PYTHON, "-s", "-S", PORT, readings, payments, output]
        demote = os.geteuid() == 0
        proc = subprocess.Popen(
            ["setpriv", "--reuid=65534", "--regid=65534", "--clear-groups", "--no-new-privs"] + command
            if demote else command,
            cwd=scratch, env=env, stdout=subprocess.PIPE, stderr=subprocess.PIPE, start_new_session=True)
        try:
            _, err = proc.communicate(timeout=120)
        except subprocess.TimeoutExpired:
            err = b"timed out after 120 s"
        finally:
            try:
                os.killpg(proc.pid, signal.SIGKILL)
            except ProcessLookupError:
                pass
            proc.wait()
        try:
>           assert proc.returncode == 0, "the port failed:\n" + err.decode("utf-8", "replace")[-2000:]
E           AssertionError: the port failed:
E             Traceback (most recent call last):
E               File "/app/port/wbill.py", line 16, in <module>
E                 main(sys.argv)
E                 ~~~~^^^^^^^^^^
E               File "/app/port/wbill.py", line 12, in main
E                 raise NotImplementedError("the WBILL port has not been written yet")
E             NotImplementedError: the WBILL port has not been written yet
E             
E           assert 1 == 0
E            +  where 1 = <Popen: returncode: 1 args: ['setpriv', '--reuid=65534', '--regid=65534', '-...>.returncode

/tests/test_outputs.py:60: AssertionError
________________________ test_large_commercial_accounts ________________________

    def test_large_commercial_accounts():
>       check("large_commercial_accounts")

/tests/test_outputs.py:121: 
_ _ _ _ _ _ _ _ _ _ _ _ _ _ _ _ _ _ _ _ _ _ _ _ _ _ _ _ _ _ _ _ _ _ _ _ _ _ _ _ 
/tests/test_outputs.py:69: in check
    got, want = _run_port(name), _expected(name)
                ^^^^^^^^^^^^^^^
_ _ _ _ _ _ _ _ _ _ _ _ _ _ _ _ _ _ _ _ _ _ _ _ _ _ _ _ _ _ _ _ _ _ _ _ _ _ _ _ 

name = 'large_commercial_accounts'

    def _run_port(name):
        """Run the port on one extract pair as an unprivileged user; return its output bytes."""
        scratch = tempfile.mkdtemp(prefix="wbill-")
        os.chmod(scratch, 0o777)
        readings = os.path.join(scratch, "custin.dat")
        payments = os.path.join(scratch, "payin.dat")
        output = os.path.join(scratch, "stmtout.txt")
        shutil.copyfile(os.path.join(CASES, name + ".dat"), readings)
        shutil.copyfile(os.path.join(CASES, name + ".pay"), payments)
        for path in (readings, payments):
            os.chmod(path, 0o444)
        env = {"PATH": "/usr/local/bin:/usr/bin:/bin", "HOME": scratch, "LANG": "C.UTF-8"}
        command = [PYTHON, "-s", "-S", PORT, readings, payments, output]
        demote = os.geteuid() == 0
        proc = subprocess.Popen(
            ["setpriv", "--reuid=65534", "--regid=65534", "--clear-groups", "--no-new-privs"] + command
            if demote else command,
            cwd=scratch, env=env, stdout=subprocess.PIPE, stderr=subprocess.PIPE, start_new_session=True)
        try:
            _, err = proc.communicate(timeout=120)
        except subprocess.TimeoutExpired:
            err = b"timed out after 120 s"
        finally:
            try:
                os.killpg(proc.pid, signal.SIGKILL)
            except ProcessLookupError:
                pass
            proc.wait()
        try:
>           assert proc.returncode == 0, "the port failed:\n" + err.decode("utf-8", "replace")[-2000:]
E           AssertionError: the port failed:
E             Traceback (most recent call last):
E               File "/app/port/wbill.py", line 16, in <module>
E                 main(sys.argv)
E                 ~~~~^^^^^^^^^^
E               File "/app/port/wbill.py", line 12, in main
E                 raise NotImplementedError("the WBILL port has not been written yet")
E             NotImplementedError: the WBILL port has not been written yet
E             
E           assert 1 == 0
E            +  where 1 = <Popen: returncode: 1 args: ['setpriv', '--reuid=65534', '--regid=65534', '-...>.returncode

/tests/test_outputs.py:60: AssertionError
________________________________ test_long_run _________________________________

    def test_long_run():
>       check("long_run")

/tests/test_outputs.py:125: 
_ _ _ _ _ _ _ _ _ _ _ _ _ _ _ _ _ _ _ _ _ _ _ _ _ _ _ _ _ _ _ _ _ _ _ _ _ _ _ _ 
/tests/test_outputs.py:69: in check
    got, want = _run_port(name), _expected(name)
                ^^^^^^^^^^^^^^^
_ _ _ _ _ _ _ _ _ _ _ _ _ _ _ _ _ _ _ _ _ _ _ _ _ _ _ _ _ _ _ _ _ _ _ _ _ _ _ _ 

name = 'long_run'

    def _run_port(name):
        """Run the port on one extract pair as an unprivileged user; return its output bytes."""
        scratch = tempfile.mkdtemp(prefix="wbill-")
        os.chmod(scratch, 0o777)
        readings = os.path.join(scratch, "custin.dat")
        payments = os.path.join(scratch, "payin.dat")
        output = os.path.join(scratch, "stmtout.txt")
        shutil.copyfile(os.path.join(CASES, name + ".dat"), readings)
        shutil.copyfile(os.path.join(CASES, name + ".pay"), payments)
        for path in (readings, payments):
            os.chmod(path, 0o444)
        env = {"PATH": "/usr/local/bin:/usr/bin:/bin", "HOME": scratch, "LANG": "C.UTF-8"}
        command = [PYTHON, "-s", "-S", PORT, readings, payments, output]
        demote = os.geteuid() == 0
        proc = subprocess.Popen(
            ["setpriv", "--reuid=65534", "--regid=65534", "--clear-groups", "--no-new-privs"] + command
            if demote else command,
            cwd=scratch, env=env, stdout=subprocess.PIPE, stderr=subprocess.PIPE, start_new_session=True)
        try:
            _, err = proc.communicate(timeout=120)
        except subprocess.TimeoutExpired:
            err = b"timed out after 120 s"
        finally:
            try:
                os.killpg(proc.pid, signal.SIGKILL)
            except ProcessLookupError:
                pass
            proc.wait()
        try:
>           assert proc.returncode == 0, "the port failed:\n" + err.decode("utf-8", "replace")[-2000:]
E           AssertionError: the port failed:
E             Traceback (most recent call last):
E               File "/app/port/wbill.py", line 16, in <module>
E                 main(sys.argv)
E                 ~~~~^^^^^^^^^^
E               File "/app/port/wbill.py", line 12, in main
E                 raise NotImplementedError("the WBILL port has not been written yet")
E             NotImplementedError: the WBILL port has not been written yet
E             
E           assert 1 == 0
E            +  where 1 = <Popen: returncode: 1 args: ['setpriv', '--reuid=65534', '--regid=65534', '-...>.returncode

/tests/test_outputs.py:60: AssertionError
_____________________________ test_meter_rollover ______________________________

    def test_meter_rollover():
>       check("meter_rollover")

/tests/test_outputs.py:129: 
_ _ _ _ _ _ _ _ _ _ _ _ _ _ _ _ _ _ _ _ _ _ _ _ _ _ _ _ _ _ _ _ _ _ _ _ _ _ _ _ 
/tests/test_outputs.py:69: in check
    got, want = _run_port(name), _expected(name)
                ^^^^^^^^^^^^^^^
_ _ _ _ _ _ _ _ _ _ _ _ _ _ _ _ _ _ _ _ _ _ _ _ _ _ _ _ _ _ _ _ _ _ _ _ _ _ _ _ 

name = 'meter_rollover'

    def _run_port(name):
        """Run the port on one extract pair as an unprivileged user; return its output bytes."""
        scratch = tempfile.mkdtemp(prefix="wbill-")
        os.chmod(scratch, 0o777)
        readings = os.path.join(scratch, "custin.dat")
        payments = os.path.join(scratch, "payin.dat")
        output = os.path.join(scratch, "stmtout.txt")
        shutil.copyfile(os.path.join(CASES, name + ".dat"), readings)
        shutil.copyfile(os.path.join(CASES, name + ".pay"), payments)
        for path in (readings, payments):
            os.chmod(path, 0o444)
        env = {"PATH": "/usr/local/bin:/usr/bin:/bin", "HOME": scratch, "LANG": "C.UTF-8"}
        command = [PYTHON, "-s", "-S", PORT, readings, payments, output]
        demote = os.geteuid() == 0
        proc = subprocess.Popen(
            ["setpriv", "--reuid=65534", "--regid=65534", "--clear-groups", "--no-new-privs"] + command
            if demote else command,
            cwd=scratch, env=env, stdout=subprocess.PIPE, stderr=subprocess.PIPE, start_new_session=True)
        try:
            _, err = proc.communicate(timeout=120)
        except subprocess.TimeoutExpired:
            err = b"timed out after 120 s"
        finally:
            try:
                os.killpg(proc.pid, signal.SIGKILL)
            except ProcessLookupError:
                pass
            proc.wait()
        try:
>           assert proc.returncode == 0, "the port failed:\n" + err.decode("utf-8", "replace")[-2000:]
E           AssertionError: the port failed:
E             Traceback (most recent call last):
E               File "/app/port/wbill.py", line 16, in <module>
E                 main(sys.argv)
E                 ~~~~^^^^^^^^^^
E               File "/app/port/wbill.py", line 12, in main
E                 raise NotImplementedError("the WBILL port has not been written yet")
E             NotImplementedError: the WBILL port has not been written yet
E             
E           assert 1 == 0
E            +  where 1 = <Popen: returncode: 1 args: ['setpriv', '--reuid=65534', '--regid=65534', '-...>.returncode

/tests/test_outputs.py:60: AssertionError
__________________________ test_names_of_every_shape ___________________________

    def test_names_of_every_shape():
>       check("names_of_every_shape")

/tests/test_outputs.py:133: 
_ _ _ _ _ _ _ _ _ _ _ _ _ _ _ _ _ _ _ _ _ _ _ _ _ _ _ _ _ _ _ _ _ _ _ _ _ _ _ _ 
/tests/test_outputs.py:69: in check
    got, want = _run_port(name), _expected(name)
                ^^^^^^^^^^^^^^^
_ _ _ _ _ _ _ _ _ _ _ _ _ _ _ _ _ _ _ _ _ _ _ _ _ _ _ _ _ _ _ _ _ _ _ _ _ _ _ _ 

name = 'names_of_every_shape'

    def _run_port(name):
        """Run the port on one extract pair as an unprivileged user; return its output bytes."""
        scratch = tempfile.mkdtemp(prefix="wbill-")
        os.chmod(scratch, 0o777)
        readings = os.path.join(scratch, "custin.dat")
        payments = os.path.join(scratch, "payin.dat")
        output = os.path.join(scratch, "stmtout.txt")
        shutil.copyfile(os.path.join(CASES, name + ".dat"), readings)
        shutil.copyfile(os.path.join(CASES, name + ".pay"), payments)
        for path in (readings, payments):
            os.chmod(path, 0o444)
        env = {"PATH": "/usr/local/bin:/usr/bin:/bin", "HOME": scratch, "LANG": "C.UTF-8"}
        command = [PYTHON, "-s", "-S", PORT, readings, payments, output]
        demote = os.geteuid() == 0
        proc = subprocess.Popen(
            ["setpriv", "--reuid=65534", "--regid=65534", "--clear-groups", "--no-new-privs"] + command
            if demote else command,
            cwd=scratch, env=env, stdout=subprocess.PIPE, stderr=subprocess.PIPE, start_new_session=True)
        try:
            _, err = proc.communicate(timeout=120)
        except subprocess.TimeoutExpired:
            err = b"timed out after 120 s"
        finally:
            try:
                os.killpg(proc.pid, signal.SIGKILL)
            except ProcessLookupError:
                pass
            proc.wait()
        try:
>           assert proc.returncode == 0, "the port failed:\n" + err.decode("utf-8", "replace")[-2000:]
E           AssertionError: the port failed:
E             Traceback (most recent call last):
E               File "/app/port/wbill.py", line 16, in <module>
E                 main(sys.argv)
E                 ~~~~^^^^^^^^^^
E               File "/app/port/wbill.py", line 12, in main
E                 raise NotImplementedError("the WBILL port has not been written yet")
E             NotImplementedError: the WBILL port has not been written yet
E             
E           assert 1 == 0
E            +  where 1 = <Popen: returncode: 1 args: ['setpriv', '--reuid=65534', '--regid=65534', '-...>.returncode

/tests/test_outputs.py:60: AssertionError
__________________________ test_postings_amount_forms __________________________

    def test_postings_amount_forms():
>       check("postings_amount_forms")

/tests/test_outputs.py:137: 
_ _ _ _ _ _ _ _ _ _ _ _ _ _ _ _ _ _ _ _ _ _ _ _ _ _ _ _ _ _ _ _ _ _ _ _ _ _ _ _ 
/tests/test_outputs.py:69: in check
    got, want = _run_port(name), _expected(name)
                ^^^^^^^^^^^^^^^
_ _ _ _ _ _ _ _ _ _ _ _ _ _ _ _ _ _ _ _ _ _ _ _ _ _ _ _ _ _ _ _ _ _ _ _ _ _ _ _ 

name = 'postings_amount_forms'

    def _run_port(name):
        """Run the port on one extract pair as an unprivileged user; return its output bytes."""
        scratch = tempfile.mkdtemp(prefix="wbill-")
        os.chmod(scratch, 0o777)
        readings = os.path.join(scratch, "custin.dat")
        payments = os.path.join(scratch, "payin.dat")
        output = os.path.join(scratch, "stmtout.txt")
        shutil.copyfile(os.path.join(CASES, name + ".dat"), readings)
        shutil.copyfile(os.path.join(CASES, name + ".pay"), payments)
        for path in (readings, payments):
            os.chmod(path, 0o444)
        env = {"PATH": "/usr/local/bin:/usr/bin:/bin", "HOME": scratch, "LANG": "C.UTF-8"}
        command = [PYTHON, "-s", "-S", PORT, readings, payments, output]
        demote = os.geteuid() == 0
        proc = subprocess.Popen(
            ["setpriv", "--reuid=65534", "--regid=65534", "--clear-groups", "--no-new-privs"] + command
            if demote else command,
            cwd=scratch, env=env, stdout=subprocess.PIPE, stderr=subprocess.PIPE, start_new_session=True)
        try:
            _, err = proc.communicate(timeout=120)
        except subprocess.TimeoutExpired:
            err = b"timed out after 120 s"
        finally:
            try:
                os.killpg(proc.pid, signal.SIGKILL)
            except ProcessLookupError:
                pass
            proc.wait()
        try:
>           assert proc.returncode == 0, "the port failed:\n" + err.decode("utf-8", "replace")[-2000:]
E           AssertionError: the port failed:
E             Traceback (most recent call last):
E               File "/app/port/wbill.py", line 16, in <module>
E                 main(sys.argv)
E                 ~~~~^^^^^^^^^^
E               File "/app/port/wbill.py", line 12, in main
E                 raise NotImplementedError("the WBILL port has not been written yet")
E             NotImplementedError: the WBILL port has not been written yet
E             
E           assert 1 == 0
E            +  where 1 = <Popen: returncode: 1 args: ['setpriv', '--reuid=65534', '--regid=65534', '-...>.returncode

/tests/test_outputs.py:60: AssertionError
_____________________________ test_postings_empty ______________________________

    def test_postings_empty():
>       check("postings_empty")

/tests/test_outputs.py:141: 
_ _ _ _ _ _ _ _ _ _ _ _ _ _ _ _ _ _ _ _ _ _ _ _ _ _ _ _ _ _ _ _ _ _ _ _ _ _ _ _ 
/tests/test_outputs.py:69: in check
    got, want = _run_port(name), _expected(name)
                ^^^^^^^^^^^^^^^
_ _ _ _ _ _ _ _ _ _ _ _ _ _ _ _ _ _ _ _ _ _ _ _ _ _ _ _ _ _ _ _ _ _ _ _ _ _ _ _ 

name = 'postings_empty'

    def _run_port(name):
        """Run the port on one extract pair as an unprivileged user; return its output bytes."""
        scratch = tempfile.mkdtemp(prefix="wbill-")
        os.chmod(scratch, 0o777)
        readings = os.path.join(scratch, "custin.dat")
        payments = os.path.join(scratch, "payin.dat")
        output = os.path.join(scratch, "stmtout.txt")
        shutil.copyfile(os.path.join(CASES, name + ".dat"), readings)
        shutil.copyfile(os.path.join(CASES, name + ".pay"), payments)
        for path in (readings, payments):
            os.chmod(path, 0o444)
        env = {"PATH": "/usr/local/bin:/usr/bin:/bin", "HOME": scratch, "LANG": "C.UTF-8"}
        command = [PYTHON, "-s", "-S", PORT, readings, payments, output]
        demote = os.geteuid() == 0
        proc = subprocess.Popen(
            ["setpriv", "--reuid=65534", "--regid=65534", "--clear-groups", "--no-new-privs"] + command
            if demote else command,
            cwd=scratch, env=env, stdout=subprocess.PIPE, stderr=subprocess.PIPE, start_new_session=True)
        try:
            _, err = proc.communicate(timeout=120)
        except subprocess.TimeoutExpired:
            err = b"timed out after 120 s"
        finally:
            try:
                os.killpg(proc.pid, signal.SIGKILL)
            except ProcessLookupError:
                pass
            proc.wait()
        try:
>           assert proc.returncode == 0, "the port failed:\n" + err.decode("utf-8", "replace")[-2000:]
E           AssertionError: the port failed:
E             Traceback (most recent call last):
E               File "/app/port/wbill.py", line 16, in <module>
E                 main(sys.argv)
E                 ~~~~^^^^^^^^^^
E               File "/app/port/wbill.py", line 12, in main
E                 raise NotImplementedError("the WBILL port has not been written yet")
E             NotImplementedError: the WBILL port has not been written yet
E             
E           assert 1 == 0
E            +  where 1 = <Popen: returncode: 1 args: ['setpriv', '--reuid=65534', '--regid=65534', '-...>.returncode

/tests/test_outputs.py:60: AssertionError
_______________________ test_postings_kinds_and_accounts _______________________

    def test_postings_kinds_and_accounts():
>       check("postings_kinds_and_accounts")

/tests/test_outputs.py:145: 
_ _ _ _ _ _ _ _ _ _ _ _ _ _ _ _ _ _ _ _ _ _ _ _ _ _ _ _ _ _ _ _ _ _ _ _ _ _ _ _ 
/tests/test_outputs.py:69: in check
    got, want = _run_port(name), _expected(name)
                ^^^^^^^^^^^^^^^
_ _ _ _ _ _ _ _ _ _ _ _ _ _ _ _ _ _ _ _ _ _ _ _ _ _ _ _ _ _ _ _ _ _ _ _ _ _ _ _ 

name = 'postings_kinds_and_accounts'

    def _run_port(name):
        """Run the port on one extract pair as an unprivileged user; return its output bytes."""
        scratch = tempfile.mkdtemp(prefix="wbill-")
        os.chmod(scratch, 0o777)
        readings = os.path.join(scratch, "custin.dat")
        payments = os.path.join(scratch, "payin.dat")
        output = os.path.join(scratch, "stmtout.txt")
        shutil.copyfile(os.path.join(CASES, name + ".dat"), readings)
        shutil.copyfile(os.path.join(CASES, name + ".pay"), payments)
        for path in (readings, payments):
            os.chmod(path, 0o444)
        env = {"PATH": "/usr/local/bin:/usr/bin:/bin", "HOME": scratch, "LANG": "C.UTF-8"}
        command = [PYTHON, "-s", "-S", PORT, readings, payments, output]
        demote = os.geteuid() == 0
        proc = subprocess.Popen(
            ["setpriv", "--reuid=65534", "--regid=65534", "--clear-groups", "--no-new-privs"] + command
            if demote else command,
            cwd=scratch, env=env, stdout=subprocess.PIPE, stderr=subprocess.PIPE, start_new_session=True)
        try:
            _, err = proc.communicate(timeout=120)
        except subprocess.TimeoutExpired:
            err = b"timed out after 120 s"
        finally:
            try:
                os.killpg(proc.pid, signal.SIGKILL)
            except ProcessLookupError:
                pass
            proc.wait()
        try:
>           assert proc.returncode == 0, "the port failed:\n" + err.decode("utf-8", "replace")[-2000:]
E           AssertionError: the port failed:
E             Traceback (most recent call last):
E               File "/app/port/wbill.py", line 16, in <module>
E                 main(sys.argv)
E                 ~~~~^^^^^^^^^^
E               File "/app/port/wbill.py", line 12, in main
E                 raise NotImplementedError("the WBILL port has not been written yet")
E             NotImplementedError: the WBILL port has not been written yet
E             
E           assert 1 == 0
E            +  where 1 = <Popen: returncode: 1 args: ['setpriv', '--reuid=65534', '--regid=65534', '-...>.returncode

/tests/test_outputs.py:60: AssertionError
_____________________________ test_postings_memos ______________________________

    def test_postings_memos():
>       check("postings_memos")

/tests/test_outputs.py:149: 
_ _ _ _ _ _ _ _ _ _ _ _ _ _ _ _ _ _ _ _ _ _ _ _ _ _ _ _ _ _ _ _ _ _ _ _ _ _ _ _ 
/tests/test_outputs.py:69: in check
    got, want = _run_port(name), _expected(name)
                ^^^^^^^^^^^^^^^
_ _ _ _ _ _ _ _ _ _ _ _ _ _ _ _ _ _ _ _ _ _ _ _ _ _ _ _ _ _ _ _ _ _ _ _ _ _ _ _ 

name = 'postings_memos'

    def _run_port(name):
        """Run the port on one extract pair as an unprivileged user; return its output bytes."""
        scratch = tempfile.mkdtemp(prefix="wbill-")
        os.chmod(scratch, 0o777)
        readings = os.path.join(scratch, "custin.dat")
        payments = os.path.join(scratch, "payin.dat")
        output = os.path.join(scratch, "stmtout.txt")
        shutil.copyfile(os.path.join(CASES, name + ".dat"), readings)
        shutil.copyfile(os.path.join(CASES, name + ".pay"), payments)
        for path in (readings, payments):
            os.chmod(path, 0o444)
        env = {"PATH": "/usr/local/bin:/usr/bin:/bin", "HOME": scratch, "LANG": "C.UTF-8"}
        command = [PYTHON, "-s", "-S", PORT, readings, payments, output]
        demote = os.geteuid() == 0
        proc = subprocess.Popen(
            ["setpriv", "--reuid=65534", "--regid=65534", "--clear-groups", "--no-new-privs"] + command
            if demote else command,
            cwd=scratch, env=env, stdout=subprocess.PIPE, stderr=subprocess.PIPE, start_new_session=True)
        try:
            _, err = proc.communicate(timeout=120)
        except subprocess.TimeoutExpired:
            err = b"timed out after 120 s"
        finally:
            try:
                os.killpg(proc.pid, signal.SIGKILL)
            except ProcessLookupError:
                pass
            proc.wait()
        try:
>           assert proc.returncode == 0, "the port failed:\n" + err.decode("utf-8", "replace")[-2000:]
E           AssertionError: the port failed:
E             Traceback (most recent call last):
E               File "/app/port/wbill.py", line 16, in <module>
E                 main(sys.argv)
E                 ~~~~^^^^^^^^^^
E               File "/app/port/wbill.py", line 12, in main
E                 raise NotImplementedError("the WBILL port has not been written yet")
E             NotImplementedError: the WBILL port has not been written yet
E             
E           assert 1 == 0
E            +  where 1 = <Popen: returncode: 1 args: ['setpriv', '--reuid=65534', '--regid=65534', '-...>.returncode

/tests/test_outputs.py:60: AssertionError
____________________________ test_postings_ordinary ____________________________

    def test_postings_ordinary():
>       check("postings_ordinary")

/tests/test_outputs.py:153: 
_ _ _ _ _ _ _ _ _ _ _ _ _ _ _ _ _ _ _ _ _ _ _ _ _ _ _ _ _ _ _ _ _ _ _ _ _ _ _ _ 
/tests/test_outputs.py:69: in check
    got, want = _run_port(name), _expected(name)
                ^^^^^^^^^^^^^^^
_ _ _ _ _ _ _ _ _ _ _ _ _ _ _ _ _ _ _ _ _ _ _ _ _ _ _ _ _ _ _ _ _ _ _ _ _ _ _ _ 

name = 'postings_ordinary'

    def _run_port(name):
        """Run the port on one extract pair as an unprivileged user; return its output bytes."""
        scratch = tempfile.mkdtemp(prefix="wbill-")
        os.chmod(scratch, 0o777)
        readings = os.path.join(scratch, "custin.dat")
        payments = os.path.join(scratch, "payin.dat")
        output = os.path.join(scratch, "stmtout.txt")
        shutil.copyfile(os.path.join(CASES, name + ".dat"), readings)
        shutil.copyfile(os.path.join(CASES, name + ".pay"), payments)
        for path in (readings, payments):
            os.chmod(path, 0o444)
        env = {"PATH": "/usr/local/bin:/usr/bin:/bin", "HOME": scratch, "LANG": "C.UTF-8"}
        command = [PYTHON, "-s", "-S", PORT, readings, payments, output]
        demote = os.geteuid() == 0
        proc = subprocess.Popen(
            ["setpriv", "--reuid=65534", "--regid=65534", "--clear-groups", "--no-new-privs"] + command
            if demote else command,
            cwd=scratch, env=env, stdout=subprocess.PIPE, stderr=subprocess.PIPE, start_new_session=True)
        try:
            _, err = proc.communicate(timeout=120)
        except subprocess.TimeoutExpired:
            err = b"timed out after 120 s"
        finally:
            try:
                os.killpg(proc.pid, signal.SIGKILL)
            except ProcessLookupError:
                pass
            proc.wait()
        try:
>           assert proc.returncode == 0, "the port failed:\n" + err.decode("utf-8", "replace")[-2000:]
E           AssertionError: the port failed:
E             Traceback (most recent call last):
E               File "/app/port/wbill.py", line 16, in <module>
E                 main(sys.argv)
E                 ~~~~^^^^^^^^^^
E               File "/app/port/wbill.py", line 12, in main
E                 raise NotImplementedError("the WBILL port has not been written yet")
E             NotImplementedError: the WBILL port has not been written yet
E             
E           assert 1 == 0
E            +  where 1 = <Popen: returncode: 1 args: ['setpriv', '--reuid=65534', '--regid=65534', '-...>.returncode

/tests/test_outputs.py:60: AssertionError
_________________________ test_postings_rounding_modes _________________________

    def test_postings_rounding_modes():
>       check("postings_rounding_modes")

/tests/test_outputs.py:157: 
_ _ _ _ _ _ _ _ _ _ _ _ _ _ _ _ _ _ _ _ _ _ _ _ _ _ _ _ _ _ _ _ _ _ _ _ _ _ _ _ 
/tests/test_outputs.py:69: in check
    got, want = _run_port(name), _expected(name)
                ^^^^^^^^^^^^^^^
_ _ _ _ _ _ _ _ _ _ _ _ _ _ _ _ _ _ _ _ _ _ _ _ _ _ _ _ _ _ _ _ _ _ _ _ _ _ _ _ 

name = 'postings_rounding_modes'

    def _run_port(name):
        """Run the port on one extract pair as an unprivileged user; return its output bytes."""
        scratch = tempfile.mkdtemp(prefix="wbill-")
        os.chmod(scratch, 0o777)
        readings = os.path.join(scratch, "custin.dat")
        payments = os.path.join(scratch, "payin.dat")
        output = os.path.join(scratch, "stmtout.txt")
        shutil.copyfile(os.path.join(CASES, name + ".dat"), readings)
        shutil.copyfile(os.path.join(CASES, name + ".pay"), payments)
        for path in (readings, payments):
            os.chmod(path, 0o444)
        env = {"PATH": "/usr/local/bin:/usr/bin:/bin", "HOME": scratch, "LANG": "C.UTF-8"}
        command = [PYTHON, "-s", "-S", PORT, readings, payments, output]
        demote = os.geteuid() == 0
        proc = subprocess.Popen(
            ["setpriv", "--reuid=65534", "--regid=65534", "--clear-groups", "--no-new-privs"] + command
            if demote else command,
            cwd=scratch, env=env, stdout=subprocess.PIPE, stderr=subprocess.PIPE, start_new_session=True)
        try:
            _, err = proc.communicate(timeout=120)
        except subprocess.TimeoutExpired:
            err = b"timed out after 120 s"
        finally:
            try:
                os.killpg(proc.pid, signal.SIGKILL)
            except ProcessLookupError:
                pass
            proc.wait()
        try:
>           assert proc.returncode == 0, "the port failed:\n" + err.decode("utf-8", "replace")[-2000:]
E           AssertionError: the port failed:
E             Traceback (most recent call last):
E               File "/app/port/wbill.py", line 16, in <module>
E                 main(sys.argv)
E                 ~~~~^^^^^^^^^^
E               File "/app/port/wbill.py", line 12, in main
E                 raise NotImplementedError("the WBILL port has not been written yet")
E             NotImplementedError: the WBILL port has not been written yet
E             
E           assert 1 == 0
E            +  where 1 = <Popen: returncode: 1 args: ['setpriv', '--reuid=65534', '--regid=65534', '-...>.returncode

/tests/test_outputs.py:60: AssertionError
_______________________ test_postings_with_fewer_fields ________________________

    def test_postings_with_fewer_fields():
>       check("postings_with_fewer_fields")

/tests/test_outputs.py:161: 
_ _ _ _ _ _ _ _ _ _ _ _ _ _ _ _ _ _ _ _ _ _ _ _ _ _ _ _ _ _ _ _ _ _ _ _ _ _ _ _ 
/tests/test_outputs.py:69: in check
    got, want = _run_port(name), _expected(name)
                ^^^^^^^^^^^^^^^
_ _ _ _ _ _ _ _ _ _ _ _ _ _ _ _ _ _ _ _ _ _ _ _ _ _ _ _ _ _ _ _ _ _ _ _ _ _ _ _ 

name = 'postings_with_fewer_fields'

    def _run_port(name):
        """Run the port on one extract pair as an unprivileged user; return its output bytes."""
        scratch = tempfile.mkdtemp(prefix="wbill-")
        os.chmod(scratch, 0o777)
        readings = os.path.join(scratch, "custin.dat")
        payments = os.path.join(scratch, "payin.dat")
        output = os.path.join(scratch, "stmtout.txt")
        shutil.copyfile(os.path.join(CASES, name + ".dat"), readings)
        shutil.copyfile(os.path.join(CASES, name + ".pay"), payments)
        for path in (readings, payments):
            os.chmod(path, 0o444)
        env = {"PATH": "/usr/local/bin:/usr/bin:/bin", "HOME": scratch, "LANG": "C.UTF-8"}
        command = [PYTHON, "-s", "-S", PORT, readings, payments, output]
        demote = os.geteuid() == 0
        proc = subprocess.Popen(
            ["setpriv", "--reuid=65534", "--regid=65534", "--clear-groups", "--no-new-privs"] + command
            if demote else command,
            cwd=scratch, env=env, stdout=subprocess.PIPE, stderr=subprocess.PIPE, start_new_session=True)
        try:
            _, err = proc.communicate(timeout=120)
        except subprocess.TimeoutExpired:
            err = b"timed out after 120 s"
        finally:
            try:
                os.killpg(proc.pid, signal.SIGKILL)
            except ProcessLookupError:
                pass
            proc.wait()
        try:
>           assert proc.returncode == 0, "the port failed:\n" + err.decode("utf-8", "replace")[-2000:]
E           AssertionError: the port failed:
E             Traceback (most recent call last):
E               File "/app/port/wbill.py", line 16, in <module>
E                 main(sys.argv)
E                 ~~~~^^^^^^^^^^
E               File "/app/port/wbill.py", line 12, in main
E                 raise NotImplementedError("the WBILL port has not been written yet")
E             NotImplementedError: the WBILL port has not been written yet
E             
E           assert 1 == 0
E            +  where 1 = <Popen: returncode: 1 args: ['setpriv', '--reuid=65534', '--regid=65534', '-...>.returncode

/tests/test_outputs.py:60: AssertionError
____________________________ test_rejected_records _____________________________

    def test_rejected_records():
>       check("rejected_records")

/tests/test_outputs.py:165: 
_ _ _ _ _ _ _ _ _ _ _ _ _ _ _ _ _ _ _ _ _ _ _ _ _ _ _ _ _ _ _ _ _ _ _ _ _ _ _ _ 
/tests/test_outputs.py:69: in check
    got, want = _run_port(name), _expected(name)
                ^^^^^^^^^^^^^^^
_ _ _ _ _ _ _ _ _ _ _ _ _ _ _ _ _ _ _ _ _ _ _ _ _ _ _ _ _ _ _ _ _ _ _ _ _ _ _ _ 

name = 'rejected_records'

    def _run_port(name):
        """Run the port on one extract pair as an unprivileged user; return its output bytes."""
        scratch = tempfile.mkdtemp(prefix="wbill-")
        os.chmod(scratch, 0o777)
        readings = os.path.join(scratch, "custin.dat")
        payments = os.path.join(scratch, "payin.dat")
        output = os.path.join(scratch, "stmtout.txt")
        shutil.copyfile(os.path.join(CASES, name + ".dat"), readings)
        shutil.copyfile(os.path.join(CASES, name + ".pay"), payments)
        for path in (readings, payments):
            os.chmod(path, 0o444)
        env = {"PATH": "/usr/local/bin:/usr/bin:/bin", "HOME": scratch, "LANG": "C.UTF-8"}
        command = [PYTHON, "-s", "-S", PORT, readings, payments, output]
        demote = os.geteuid() == 0
        proc = subprocess.Popen(
            ["setpriv", "--reuid=65534", "--regid=65534", "--clear-groups", "--no-new-privs"] + command
            if demote else command,
            cwd=scratch, env=env, stdout=subprocess.PIPE, stderr=subprocess.PIPE, start_new_session=True)
        try:
            _, err = proc.communicate(timeout=120)
        except subprocess.TimeoutExpired:
            err = b"timed out after 120 s"
        finally:
            try:
                os.killpg(proc.pid, signal.SIGKILL)
            except ProcessLookupError:
                pass
            proc.wait()
        try:
>           assert proc.returncode == 0, "the port failed:\n" + err.decode("utf-8", "replace")[-2000:]
E           AssertionError: the port failed:
E             Traceback (most recent call last):
E               File "/app/port/wbill.py", line 16, in <module>
E                 main(sys.argv)
E                 ~~~~^^^^^^^^^^
E               File "/app/port/wbill.py", line 12, in main
E                 raise NotImplementedError("the WBILL port has not been written yet")
E             NotImplementedError: the WBILL port has not been written yet
E             
E           assert 1 == 0
E            +  where 1 = <Popen: returncode: 1 args: ['setpriv', '--reuid=65534', '--regid=65534', '-...>.returncode

/tests/test_outputs.py:60: AssertionError
___________________________ test_rounding_boundaries ___________________________

    def test_rounding_boundaries():
>       check("rounding_boundaries")

/tests/test_outputs.py:169: 
_ _ _ _ _ _ _ _ _ _ _ _ _ _ _ _ _ _ _ _ _ _ _ _ _ _ _ _ _ _ _ _ _ _ _ _ _ _ _ _ 
/tests/test_outputs.py:69: in check
    got, want = _run_port(name), _expected(name)
                ^^^^^^^^^^^^^^^
_ _ _ _ _ _ _ _ _ _ _ _ _ _ _ _ _ _ _ _ _ _ _ _ _ _ _ _ _ _ _ _ _ _ _ _ _ _ _ _ 

name = 'rounding_boundaries'

    def _run_port(name):
        """Run the port on one extract pair as an unprivileged user; return its output bytes."""
        scratch = tempfile.mkdtemp(prefix="wbill-")
        os.chmod(scratch, 0o777)
        readings = os.path.join(scratch, "custin.dat")
        payments = os.path.join(scratch, "payin.dat")
        output = os.path.join(scratch, "stmtout.txt")
        shutil.copyfile(os.path.join(CASES, name + ".dat"), readings)
        shutil.copyfile(os.path.join(CASES, name + ".pay"), payments)
        for path in (readings, payments):
            os.chmod(path, 0o444)
        env = {"PATH": "/usr/local/bin:/usr/bin:/bin", "HOME": scratch, "LANG": "C.UTF-8"}
        command = [PYTHON, "-s", "-S", PORT, readings, payments, output]
        demote = os.geteuid() == 0
        proc = subprocess.Popen(
            ["setpriv", "--reuid=65534", "--regid=65534", "--clear-groups", "--no-new-privs"] + command
            if demote else command,
            cwd=scratch, env=env, stdout=subprocess.PIPE, stderr=subprocess.PIPE, start_new_session=True)
        try:
            _, err = proc.communicate(timeout=120)
        except subprocess.TimeoutExpired:
            err = b"timed out after 120 s"
        finally:
            try:
                os.killpg(proc.pid, signal.SIGKILL)
            except ProcessLookupError:
                pass
            proc.wait()
        try:
>           assert proc.returncode == 0, "the port failed:\n" + err.decode("utf-8", "replace")[-2000:]
E           AssertionError: the port failed:
E             Traceback (most recent call last):
E               File "/app/port/wbill.py", line 16, in <module>
E                 main(sys.argv)
E                 ~~~~^^^^^^^^^^
E               File "/app/port/wbill.py", line 12, in main
E                 raise NotImplementedError("the WBILL port has not been written yet")
E             NotImplementedError: the WBILL port has not been written yet
E             
E           assert 1 == 0
E            +  where 1 = <Popen: returncode: 1 args: ['setpriv', '--reuid=65534', '--regid=65534', '-...>.returncode

/tests/test_outputs.py:60: AssertionError
_______________________________ test_short_lines _______________________________

    def test_short_lines():
>       check("short_lines")

/tests/test_outputs.py:173: 
_ _ _ _ _ _ _ _ _ _ _ _ _ _ _ _ _ _ _ _ _ _ _ _ _ _ _ _ _ _ _ _ _ _ _ _ _ _ _ _ 
/tests/test_outputs.py:69: in check
    got, want = _run_port(name), _expected(name)
                ^^^^^^^^^^^^^^^
_ _ _ _ _ _ _ _ _ _ _ _ _ _ _ _ _ _ _ _ _ _ _ _ _ _ _ _ _ _ _ _ _ _ _ _ _ _ _ _ 

name = 'short_lines'

    def _run_port(name):
        """Run the port on one extract pair as an unprivileged user; return its output bytes."""
        scratch = tempfile.mkdtemp(prefix="wbill-")
        os.chmod(scratch, 0o777)
        readings = os.path.join(scratch, "custin.dat")
        payments = os.path.join(scratch, "payin.dat")
        output = os.path.join(scratch, "stmtout.txt")
        shutil.copyfile(os.path.join(CASES, name + ".dat"), readings)
        shutil.copyfile(os.path.join(CASES, name + ".pay"), payments)
        for path in (readings, payments):
            os.chmod(path, 0o444)
        env = {"PATH": "/usr/local/bin:/usr/bin:/bin", "HOME": scratch, "LANG": "C.UTF-8"}
        command = [PYTHON, "-s", "-S", PORT, readings, payments, output]
        demote = os.geteuid() == 0
        proc = subprocess.Popen(
            ["setpriv", "--reuid=65534", "--regid=65534", "--clear-groups", "--no-new-privs"] + command
            if demote else command,
            cwd=scratch, env=env, stdout=subprocess.PIPE, stderr=subprocess.PIPE, start_new_session=True)
        try:
            _, err = proc.communicate(timeout=120)
        except subprocess.TimeoutExpired:
            err = b"timed out after 120 s"
        finally:
            try:
                os.killpg(proc.pid, signal.SIGKILL)
            except ProcessLookupError:
                pass
            proc.wait()
        try:
>           assert proc.returncode == 0, "the port failed:\n" + err.decode("utf-8", "replace")[-2000:]
E           AssertionError: the port failed:
E             Traceback (most recent call last):
E               File "/app/port/wbill.py", line 16, in <module>
E                 main(sys.argv)
E                 ~~~~^^^^^^^^^^
E               File "/app/port/wbill.py", line 12, in main
E                 raise NotImplementedError("the WBILL port has not been written yet")
E             NotImplementedError: the WBILL port has not been written yet
E             
E           assert 1 == 0
E            +  where 1 = <Popen: returncode: 1 args: ['setpriv', '--reuid=65534', '--regid=65534', '-...>.returncode

/tests/test_outputs.py:60: AssertionError
_______________________________ test_two_headers _______________________________

    def test_two_headers():
>       check("two_headers")

/tests/test_outputs.py:177: 
_ _ _ _ _ _ _ _ _ _ _ _ _ _ _ _ _ _ _ _ _ _ _ _ _ _ _ _ _ _ _ _ _ _ _ _ _ _ _ _ 
/tests/test_outputs.py:69: in check
    got, want = _run_port(name), _expected(name)
                ^^^^^^^^^^^^^^^
_ _ _ _ _ _ _ _ _ _ _ _ _ _ _ _ _ _ _ _ _ _ _ _ _ _ _ _ _ _ _ _ _ _ _ _ _ _ _ _ 

name = 'two_headers'

    def _run_port(name):
        """Run the port on one extract pair as an unprivileged user; return its output bytes."""
        scratch = tempfile.mkdtemp(prefix="wbill-")
        os.chmod(scratch, 0o777)
        readings = os.path.join(scratch, "custin.dat")
        payments = os.path.join(scratch, "payin.dat")
        output = os.path.join(scratch, "stmtout.txt")
        shutil.copyfile(os.path.join(CASES, name + ".dat"), readings)
        shutil.copyfile(os.path.join(CASES, name + ".pay"), payments)
        for path in (readings, payments):
            os.chmod(path, 0o444)
        env = {"PATH": "/usr/local/bin:/usr/bin:/bin", "HOME": scratch, "LANG": "C.UTF-8"}
        command = [PYTHON, "-s", "-S", PORT, readings, payments, output]
        demote = os.geteuid() == 0
        proc = subprocess.Popen(
            ["setpriv", "--reuid=65534", "--regid=65534", "--clear-groups", "--no-new-privs"] + command
            if demote else command,
            cwd=scratch, env=env, stdout=subprocess.PIPE, stderr=subprocess.PIPE, start_new_session=True)
        try:
            _, err = proc.communicate(timeout=120)
        except subprocess.TimeoutExpired:
            err = b"timed out after 120 s"
        finally:
            try:
                os.killpg(proc.pid, signal.SIGKILL)
            except ProcessLookupError:
                pass
            proc.wait()
        try:
>           assert proc.returncode == 0, "the port failed:\n" + err.decode("utf-8", "replace")[-2000:]
E           AssertionError: the port failed:
E             Traceback (most recent call last):
E               File "/app/port/wbill.py", line 16, in <module>
E                 main(sys.argv)
E                 ~~~~^^^^^^^^^^
E               File "/app/port/wbill.py", line 12, in main
E                 raise NotImplementedError("the WBILL port has not been written yet")
E             NotImplementedError: the WBILL port has not been written yet
E             
E           assert 1 == 0
E            +  where 1 = <Popen: returncode: 1 args: ['setpriv', '--reuid=65534', '--regid=65534', '-...>.returncode

/tests/test_outputs.py:60: AssertionError
______________________________ test_zero_amounts _______________________________

    def test_zero_amounts():
>       check("zero_amounts")

/tests/test_outputs.py:181: 
_ _ _ _ _ _ _ _ _ _ _ _ _ _ _ _ _ _ _ _ _ _ _ _ _ _ _ _ _ _ _ _ _ _ _ _ _ _ _ _ 
/tests/test_outputs.py:69: in check
    got, want = _run_port(name), _expected(name)
                ^^^^^^^^^^^^^^^
_ _ _ _ _ _ _ _ _ _ _ _ _ _ _ _ _ _ _ _ _ _ _ _ _ _ _ _ _ _ _ _ _ _ _ _ _ _ _ _ 

name = 'zero_amounts'

    def _run_port(name):
        """Run the port on one extract pair as an unprivileged user; return its output bytes."""
        scratch = tempfile.mkdtemp(prefix="wbill-")
        os.chmod(scratch, 0o777)
        readings = os.path.join(scratch, "custin.dat")
        payments = os.path.join(scratch, "payin.dat")
        output = os.path.join(scratch, "stmtout.txt")
        shutil.copyfile(os.path.join(CASES, name + ".dat"), readings)
        shutil.copyfile(os.path.join(CASES, name + ".pay"), payments)
        for path in (readings, payments):
            os.chmod(path, 0o444)
        env = {"PATH": "/usr/local/bin:/usr/bin:/bin", "HOME": scratch, "LANG": "C.UTF-8"}
        command = [PYTHON, "-s", "-S", PORT, readings, payments, output]
        demote = os.geteuid() == 0
        proc = subprocess.Popen(
            ["setpriv", "--reuid=65534", "--regid=65534", "--clear-groups", "--no-new-privs"] + command
            if demote else command,
            cwd=scratch, env=env, stdout=subprocess.PIPE, stderr=subprocess.PIPE, start_new_session=True)
        try:
            _, err = proc.communicate(timeout=120)
        except subprocess.TimeoutExpired:
            err = b"timed out after 120 s"
        finally:
            try:
                os.killpg(proc.pid, signal.SIGKILL)
            except ProcessLookupError:
                pass
            proc.wait()
        try:
>           assert proc.returncode == 0, "the port failed:\n" + err.decode("utf-8", "replace")[-2000:]
E           AssertionError: the port failed:
E             Traceback (most recent call last):
E               File "/app/port/wbill.py", line 16, in <module>
E                 main(sys.argv)
E                 ~~~~^^^^^^^^^^
E               File "/app/port/wbill.py", line 12, in main
E                 raise NotImplementedError("the WBILL port has not been written yet")
E             NotImplementedError: the WBILL port has not been written yet
E             
E           assert 1 == 0
E            +  where 1 = <Popen: returncode: 1 args: ['setpriv', '--reuid=65534', '--regid=65534', '-...>.returncode

/tests/test_outputs.py:60: AssertionError
==================================== PASSES ====================================
=========================== short test summary info ============================
PASSED ../../tests/test_outputs.py::test_every_case_has_an_expected_statement
FAILED ../../tests/test_outputs.py::test_band_boundaries - AssertionError: th...
FAILED ../../tests/test_outputs.py::test_credit_balances - AssertionError: th...
FAILED ../../tests/test_outputs.py::test_date_and_region - AssertionError: th...
FAILED ../../tests/test_outputs.py::test_district_run - AssertionError: the p...
FAILED ../../tests/test_outputs.py::test_empty_file - AssertionError: the por...
FAILED ../../tests/test_outputs.py::test_header_missing - AssertionError: the...
FAILED ../../tests/test_outputs.py::test_header_only - AssertionError: the po...
FAILED ../../tests/test_outputs.py::test_header_out_of_place - AssertionError...
FAILED ../../tests/test_outputs.py::test_large_commercial_accounts - Assertio...
FAILED ../../tests/test_outputs.py::test_long_run - AssertionError: the port ...
FAILED ../../tests/test_outputs.py::test_meter_rollover - AssertionError: the...
FAILED ../../tests/test_outputs.py::test_names_of_every_shape - AssertionErro...
FAILED ../../tests/test_outputs.py::test_postings_amount_forms - AssertionErr...
FAILED ../../tests/test_outputs.py::test_postings_empty - AssertionError: the...
FAILED ../../tests/test_outputs.py::test_postings_kinds_and_accounts - Assert...
FAILED ../../tests/test_outputs.py::test_postings_memos - AssertionError: the...
FAILED ../../tests/test_outputs.py::test_postings_ordinary - AssertionError: ...
FAILED ../../tests/test_outputs.py::test_postings_rounding_modes - AssertionE...
FAILED ../../tests/test_outputs.py::test_postings_with_fewer_fields - Asserti...
FAILED ../../tests/test_outputs.py::test_rejected_records - AssertionError: t...
FAILED ../../tests/test_outputs.py::test_rounding_boundaries - AssertionError...
FAILED ../../tests/test_outputs.py::test_short_lines - AssertionError: the po...
FAILED ../../tests/test_outputs.py::test_two_headers - AssertionError: the po...
FAILED ../../tests/test_outputs.py::test_zero_amounts - AssertionError: the p...
========================= 24 failed, 1 passed in 0.49s =========================
