============================= test session starts ==============================
platform linux -- Python 3.13.12, pytest-9.1.1, pluggy-1.6.0
rootdir: /tests
plugins: json-ctrf-0.5.2
collected 20 items

../../tests/test_outputs.py F.FFF...FF..F..FFF..                         [100%]

=================================== FAILURES ===================================
____________ test_rule_2_2_record_amplitude_uses_magnification_2080 ____________

    def test_rule_2_2_record_amplitude_uses_magnification_2080():
        """Station magnitudes at listed distances, depth 0: the record amplitude uses magnification 2080."""
>       check_file("gain.jsonl")

/tests/test_outputs.py:183: 
_ _ _ _ _ _ _ _ _ _ _ _ _ _ _ _ _ _ _ _ _ _ _ _ _ _ _ _ _ _ _ _ _ _ _ _ _ _ _ _ 
/tests/test_outputs.py:178: in check_file
    compare(reduce(row["bulletin"]), row["report"], f"{name} bulletin {number}")
/tests/test_outputs.py:164: in compare
    _number(event["ml"], ref["ml"], f"{where} ml")
_ _ _ _ _ _ _ _ _ _ _ _ _ _ _ _ _ _ _ _ _ _ _ _ _ _ _ _ _ _ _ _ _ _ _ _ _ _ _ _ 

actual = 3.901580574763322, expected = 5.0376171
where = 'gain.jsonl bulletin 0 event ev000002 ml'

    def _number(actual, expected, where):
        if expected is None:
            assert actual is None, f"{where}: {actual!r}, expected null"
            return
        assert isinstance(actual, (int, float)) and not isinstance(actual, bool), f"{where}: {actual!r} is not a number"
>       assert abs(actual - expected) <= TOL, f"{where}: {actual!r}, expected {expected!r}"
E       AssertionError: gain.jsonl bulletin 0 event ev000002 ml: 3.901580574763322, expected 5.0376171
E       assert 1.1360365252366784 <= 1.5e-06
E        +  where 1.1360365252366784 = abs((3.901580574763322 - 5.0376171))

/tests/test_outputs.py:153: AssertionError
___ test_rule_2_3_station_mean_leaves_out_amplitudes_under_three_times_noise ___

    def test_rule_2_3_station_mean_leaves_out_amplitudes_under_three_times_noise():
        """Only amplitudes at least three times their channel's noise enter a station's mean, on either side close to the line."""
>       check_file("readings.jsonl")

/tests/test_outputs.py:193: 
_ _ _ _ _ _ _ _ _ _ _ _ _ _ _ _ _ _ _ _ _ _ _ _ _ _ _ _ _ _ _ _ _ _ _ _ _ _ _ _ 
/tests/test_outputs.py:178: in check_file
    compare(reduce(row["bulletin"]), row["report"], f"{name} bulletin {number}")
/tests/test_outputs.py:164: in compare
    _number(event["ml"], ref["ml"], f"{where} ml")
_ _ _ _ _ _ _ _ _ _ _ _ _ _ _ _ _ _ _ _ _ _ _ _ _ _ _ _ _ _ _ _ _ _ _ _ _ _ _ _ 

actual = 3.5494349921060087, expected = 3.7297644
where = 'readings.jsonl bulletin 0 event ev000001 ml'

    def _number(actual, expected, where):
        if expected is None:
            assert actual is None, f"{where}: {actual!r}, expected null"
            return
        assert isinstance(actual, (int, float)) and not isinstance(actual, bool), f"{where}: {actual!r} is not a number"
>       assert abs(actual - expected) <= TOL, f"{where}: {actual!r}, expected {expected!r}"
E       AssertionError: readings.jsonl bulletin 0 event ev000001 ml: 3.5494349921060087, expected 3.7297644
E       assert 0.18032940789399143 <= 1.5e-06
E        +  where 0.18032940789399143 = abs((3.5494349921060087 - 3.7297644))

/tests/test_outputs.py:153: AssertionError
____________________ test_rule_3_1_distance_is_hypocentral _____________________

    def test_rule_3_1_distance_is_hypocentral():
        """The distance reported, corrected for and tested against the table is the hypocentral distance."""
>       check_file("hypocentral.jsonl")

/tests/test_outputs.py:198: 
_ _ _ _ _ _ _ _ _ _ _ _ _ _ _ _ _ _ _ _ _ _ _ _ _ _ _ _ _ _ _ _ _ _ _ _ _ _ _ _ 
/tests/test_outputs.py:178: in check_file
    compare(reduce(row["bulletin"]), row["report"], f"{name} bulletin {number}")
/tests/test_outputs.py:164: in compare
    _number(event["ml"], ref["ml"], f"{where} ml")
_ _ _ _ _ _ _ _ _ _ _ _ _ _ _ _ _ _ _ _ _ _ _ _ _ _ _ _ _ _ _ _ _ _ _ _ _ _ _ _ 

actual = 2.3047464343746173, expected = 2.9545956
where = 'hypocentral.jsonl bulletin 0 event ev000003 ml'

    def _number(actual, expected, where):
        if expected is None:
            assert actual is None, f"{where}: {actual!r}, expected null"
            return
        assert isinstance(actual, (int, float)) and not isinstance(actual, bool), f"{where}: {actual!r} is not a number"
>       assert abs(actual - expected) <= TOL, f"{where}: {actual!r}, expected {expected!r}"
E       AssertionError: hypocentral.jsonl bulletin 0 event ev000003 ml: 2.3047464343746173, expected 2.9545956
E       assert 0.6498491656253829 <= 1.5e-06
E        +  where 0.6498491656253829 = abs((2.3047464343746173 - 2.9545956))

/tests/test_outputs.py:153: AssertionError
___________ test_rule_3_3_correction_linear_between_listed_distances ___________

    def test_rule_3_3_correction_linear_between_listed_distances():
        """Between two listed distances the correction is interpolated linearly in distance."""
>       check_file("interpolation.jsonl")

/tests/test_outputs.py:203: 
_ _ _ _ _ _ _ _ _ _ _ _ _ _ _ _ _ _ _ _ _ _ _ _ _ _ _ _ _ _ _ _ _ _ _ _ _ _ _ _ 
/tests/test_outputs.py:178: in check_file
    compare(reduce(row["bulletin"]), row["report"], f"{name} bulletin {number}")
/tests/test_outputs.py:164: in compare
    _number(event["ml"], ref["ml"], f"{where} ml")
_ _ _ _ _ _ _ _ _ _ _ _ _ _ _ _ _ _ _ _ _ _ _ _ _ _ _ _ _ _ _ _ _ _ _ _ _ _ _ _ 

actual = 4.530060299379215, expected = 4.5900941
where = 'interpolation.jsonl bulletin 0 event ev000001 ml'

    def _number(actual, expected, where):
        if expected is None:
            assert actual is None, f"{where}: {actual!r}, expected null"
            return
        assert isinstance(actual, (int, float)) and not isinstance(actual, bool), f"{where}: {actual!r} is not a number"
>       assert abs(actual - expected) <= TOL, f"{where}: {actual!r}, expected {expected!r}"
E       AssertionError: interpolation.jsonl bulletin 0 event ev000001 ml: 4.530060299379215, expected 4.5900941
E       assert 0.06003380062078456 <= 1.5e-06
E        +  where 0.06003380062078456 = abs((4.530060299379215 - 4.5900941))

/tests/test_outputs.py:153: AssertionError
________ test_rule_4_3_station_magnitude_is_mean_of_channel_magnitudes _________

    def test_rule_4_3_station_magnitude_is_mean_of_channel_magnitudes():
        """A station's magnitude is the mean of its readings' channel magnitudes, whatever their channel codes, not its largest channel."""
>       check_file("station_mean.jsonl")

/tests/test_outputs.py:223: 
_ _ _ _ _ _ _ _ _ _ _ _ _ _ _ _ _ _ _ _ _ _ _ _ _ _ _ _ _ _ _ _ _ _ _ _ _ _ _ _ 
/tests/test_outputs.py:178: in check_file
    compare(reduce(row["bulletin"]), row["report"], f"{name} bulletin {number}")
/tests/test_outputs.py:164: in compare
    _number(event["ml"], ref["ml"], f"{where} ml")
_ _ _ _ _ _ _ _ _ _ _ _ _ _ _ _ _ _ _ _ _ _ _ _ _ _ _ _ _ _ _ _ _ _ _ _ _ _ _ _ 

actual = 2.25888949400324, expected = 2.6740881
where = 'station_mean.jsonl bulletin 0 event ev000001 ml'

    def _number(actual, expected, where):
        if expected is None:
            assert actual is None, f"{where}: {actual!r}, expected null"
            return
        assert isinstance(actual, (int, float)) and not isinstance(actual, bool), f"{where}: {actual!r} is not a number"
>       assert abs(actual - expected) <= TOL, f"{where}: {actual!r}, expected {expected!r}"
E       AssertionError: station_mean.jsonl bulletin 0 event ev000001 ml: 2.25888949400324, expected 2.6740881
E       assert 0.41519860599676006 <= 1.5e-06
E        +  where 0.41519860599676006 = abs((2.25888949400324 - 2.6740881))

/tests/test_outputs.py:153: AssertionError
_________________ test_two_sensors_of_one_site_are_one_station _________________

    def test_two_sensors_of_one_site_are_one_station():
        """A station with two recordings pools their readings and counts once in the median and the three-station minimum."""
>       check_file("shared_station.jsonl")

/tests/test_outputs.py:228: 
_ _ _ _ _ _ _ _ _ _ _ _ _ _ _ _ _ _ _ _ _ _ _ _ _ _ _ _ _ _ _ _ _ _ _ _ _ _ _ _ 
/tests/test_outputs.py:178: in check_file
    compare(reduce(row["bulletin"]), row["report"], f"{name} bulletin {number}")
/tests/test_outputs.py:164: in compare
    _number(event["ml"], ref["ml"], f"{where} ml")
_ _ _ _ _ _ _ _ _ _ _ _ _ _ _ _ _ _ _ _ _ _ _ _ _ _ _ _ _ _ _ _ _ _ _ _ _ _ _ _ 

actual = 4.163000515228452, expected = 4.7420291
where = 'shared_station.jsonl bulletin 0 event ev000003 ml'

    def _number(actual, expected, where):
        if expected is None:
            assert actual is None, f"{where}: {actual!r}, expected null"
            return
        assert isinstance(actual, (int, float)) and not isinstance(actual, bool), f"{where}: {actual!r} is not a number"
>       assert abs(actual - expected) <= TOL, f"{where}: {actual!r}, expected {expected!r}"
E       AssertionError: shared_station.jsonl bulletin 0 event ev000003 ml: 4.163000515228452, expected 4.7420291
E       assert 0.5790285847715477 <= 1.5e-06
E        +  where 0.5790285847715477 = abs((4.163000515228452 - 4.7420291))

/tests/test_outputs.py:153: AssertionError
______________ test_rule_5_2_even_number_takes_mean_of_middle_two ______________

    def test_rule_5_2_even_number_takes_mean_of_middle_two():
        """With an even number of contributing stations the network magnitude is the mean of the two middle ones."""
>       check_file("median_even.jsonl")

/tests/test_outputs.py:243: 
_ _ _ _ _ _ _ _ _ _ _ _ _ _ _ _ _ _ _ _ _ _ _ _ _ _ _ _ _ _ _ _ _ _ _ _ _ _ _ _ 
/tests/test_outputs.py:178: in check_file
    compare(reduce(row["bulletin"]), row["report"], f"{name} bulletin {number}")
/tests/test_outputs.py:164: in compare
    _number(event["ml"], ref["ml"], f"{where} ml")
_ _ _ _ _ _ _ _ _ _ _ _ _ _ _ _ _ _ _ _ _ _ _ _ _ _ _ _ _ _ _ _ _ _ _ _ _ _ _ _ 

actual = 3.1500975758370524, expected = 3.6797729
where = 'median_even.jsonl bulletin 0 event ev000001 ml'

    def _number(actual, expected, where):
        if expected is None:
            assert actual is None, f"{where}: {actual!r}, expected null"
            return
        assert isinstance(actual, (int, float)) and not isinstance(actual, bool), f"{where}: {actual!r} is not a number"
>       assert abs(actual - expected) <= TOL, f"{where}: {actual!r}, expected {expected!r}"
E       AssertionError: median_even.jsonl bulletin 0 event ev000001 ml: 3.1500975758370524, expected 3.6797729
E       assert 0.5296753241629477 <= 1.5e-06
E        +  where 0.5296753241629477 = abs((3.1500975758370524 - 3.6797729))

/tests/test_outputs.py:153: AssertionError
_______________________ test_section_one_limits_reached ________________________

    def test_section_one_limits_reached():
        """Fifty events, two hundred stations, forty recordings, and every amplitude, noise, depth and correction limit."""
        rows = load("limits.jsonl")
        bulletin = rows[0]["bulletin"]
        assert len(bulletin["events"]) == 50 and len(bulletin["stations"]) == 200
        assert max(len(e["recordings"]) for e in bulletin["events"]) == 40
>       check_file("limits.jsonl")

/tests/test_outputs.py:262: 
_ _ _ _ _ _ _ _ _ _ _ _ _ _ _ _ _ _ _ _ _ _ _ _ _ _ _ _ _ _ _ _ _ _ _ _ _ _ _ _ 
/tests/test_outputs.py:178: in check_file
    compare(reduce(row["bulletin"]), row["report"], f"{name} bulletin {number}")
/tests/test_outputs.py:164: in compare
    _number(event["ml"], ref["ml"], f"{where} ml")
_ _ _ _ _ _ _ _ _ _ _ _ _ _ _ _ _ _ _ _ _ _ _ _ _ _ _ _ _ _ _ _ _ _ _ _ _ _ _ _ 

actual = 4.482755477802333, expected = 4.6047485
where = 'limits.jsonl bulletin 0 event LLLLLLLLLLLLLLLLLLLL ml'

    def _number(actual, expected, where):
        if expected is None:
            assert actual is None, f"{where}: {actual!r}, expected null"
            return
        assert isinstance(actual, (int, float)) and not isinstance(actual, bool), f"{where}: {actual!r} is not a number"
>       assert abs(actual - expected) <= TOL, f"{where}: {actual!r}, expected {expected!r}"
E       AssertionError: limits.jsonl bulletin 0 event LLLLLLLLLLLLLLLLLLLL ml: 4.482755477802333, expected 4.6047485
E       assert 0.1219930221976675 <= 1.5e-06
E        +  where 0.1219930221976675 = abs((4.482755477802333 - 4.6047485))

/tests/test_outputs.py:153: AssertionError
__________________ test_report_keeps_file_and_recording_order __________________

    def test_report_keeps_file_and_recording_order():
        """Events keep file order and station rows keep recording order, whatever the ids and codes, at any length they may have."""
>       check_file("order.jsonl")

/tests/test_outputs.py:267: 
_ _ _ _ _ _ _ _ _ _ _ _ _ _ _ _ _ _ _ _ _ _ _ _ _ _ _ _ _ _ _ _ _ _ _ _ _ _ _ _ 
/tests/test_outputs.py:178: in check_file
    compare(reduce(row["bulletin"]), row["report"], f"{name} bulletin {number}")
/tests/test_outputs.py:164: in compare
    _number(event["ml"], ref["ml"], f"{where} ml")
_ _ _ _ _ _ _ _ _ _ _ _ _ _ _ _ _ _ _ _ _ _ _ _ _ _ _ _ _ _ _ _ _ _ _ _ _ _ _ _ 

actual = 5.833018351264528, expected = 6.052259
where = 'order.jsonl bulletin 0 event 15wx174845zw ml'

    def _number(actual, expected, where):
        if expected is None:
            assert actual is None, f"{where}: {actual!r}, expected null"
            return
        assert isinstance(actual, (int, float)) and not isinstance(actual, bool), f"{where}: {actual!r} is not a number"
>       assert abs(actual - expected) <= TOL, f"{where}: {actual!r}, expected {expected!r}"
E       AssertionError: order.jsonl bulletin 0 event 15wx174845zw ml: 5.833018351264528, expected 6.052259
E       assert 0.21924064873547255 <= 1.5e-06
E        +  where 0.21924064873547255 = abs((5.833018351264528 - 6.052259))

/tests/test_outputs.py:153: AssertionError
___________________________ test_generated_bulletins ___________________________

    def test_generated_bulletins():
        """Generated bulletins across the envelope: depths, distances, one or two channels, corrections, event sizes."""
>       check_file("generated.jsonl")

/tests/test_outputs.py:272: 
_ _ _ _ _ _ _ _ _ _ _ _ _ _ _ _ _ _ _ _ _ _ _ _ _ _ _ _ _ _ _ _ _ _ _ _ _ _ _ _ 
/tests/test_outputs.py:178: in check_file
    compare(reduce(row["bulletin"]), row["report"], f"{name} bulletin {number}")
/tests/test_outputs.py:164: in compare
    _number(event["ml"], ref["ml"], f"{where} ml")
_ _ _ _ _ _ _ _ _ _ _ _ _ _ _ _ _ _ _ _ _ _ _ _ _ _ _ _ _ _ _ _ _ _ _ _ _ _ _ _ 

actual = 4.034140568869364, expected = 4.135501
where = 'generated.jsonl bulletin 1 event ev000001 ml'

    def _number(actual, expected, where):
        if expected is None:
            assert actual is None, f"{where}: {actual!r}, expected null"
            return
        assert isinstance(actual, (int, float)) and not isinstance(actual, bool), f"{where}: {actual!r} is not a number"
>       assert abs(actual - expected) <= TOL, f"{where}: {actual!r}, expected {expected!r}"
E       AssertionError: generated.jsonl bulletin 1 event ev000001 ml: 4.034140568869364, expected 4.135501
E       assert 0.10136043113063575 <= 1.5e-06
E        +  where 0.10136043113063575 = abs((4.034140568869364 - 4.135501))

/tests/test_outputs.py:153: AssertionError
==================================== PASSES ====================================
=========================== short test summary info ============================
PASSED ../../tests/test_outputs.py::test_rule_2_2_record_amplitude_is_half_peak_to_peak
PASSED ../../tests/test_outputs.py::test_rule_3_3_listed_distances_and_table_ends
PASSED ../../tests/test_outputs.py::test_station_beyond_the_table_keeps_the_shipped_correction
PASSED ../../tests/test_outputs.py::test_rule_4_2_station_correction_is_added
PASSED ../../tests/test_outputs.py::test_off_table_sub_noise_and_two_sensor_sites_together
PASSED ../../tests/test_outputs.py::test_rule_5_2_network_magnitude_is_median_of_contributors
PASSED ../../tests/test_outputs.py::test_rule_5_3_fewer_than_three_contributors_has_no_network_magnitude
PASSED ../../tests/test_outputs.py::test_rule_5_3_three_contributors_give_a_network_magnitude
PASSED ../../tests/test_outputs.py::test_sandbox_cannot_read_ground_truth
PASSED ../../tests/test_outputs.py::test_submitted_driver_matches_ours
FAILED ../../tests/test_outputs.py::test_rule_2_2_record_amplitude_uses_magnification_2080
FAILED ../../tests/test_outputs.py::test_rule_2_3_station_mean_leaves_out_amplitudes_under_three_times_noise
FAILED ../../tests/test_outputs.py::test_rule_3_1_distance_is_hypocentral - A...
FAILED ../../tests/test_outputs.py::test_rule_3_3_correction_linear_between_listed_distances
FAILED ../../tests/test_outputs.py::test_rule_4_3_station_magnitude_is_mean_of_channel_magnitudes
FAILED ../../tests/test_outputs.py::test_two_sensors_of_one_site_are_one_station
FAILED ../../tests/test_outputs.py::test_rule_5_2_even_number_takes_mean_of_middle_two
FAILED ../../tests/test_outputs.py::test_section_one_limits_reached - Asserti...
FAILED ../../tests/test_outputs.py::test_report_keeps_file_and_recording_order
FAILED ../../tests/test_outputs.py::test_generated_bulletins - AssertionError...
======================== 10 failed, 10 passed in 0.55s =========================
