============================= test session starts ==============================
platform linux -- Python 3.13.12, pytest-9.1.1, pluggy-1.6.0
rootdir: /tests
plugins: json-ctrf-0.5.2
collected 20 items

../../tests/test_outputs.py ..FF.FF.FFFFFFFFFF..                         [100%]

=================================== FAILURES ===================================
___ test_rule_2_3_station_mean_leaves_out_amplitudes_under_three_times_noise ___

    def test_rule_2_3_station_mean_leaves_out_amplitudes_under_three_times_noise():
        """Only amplitudes at least three times their channel's noise enter a station's mean, on either side close to the line."""
>       check_file("readings.jsonl")

/tests/test_outputs.py:193: 
_ _ _ _ _ _ _ _ _ _ _ _ _ _ _ _ _ _ _ _ _ _ _ _ _ _ _ _ _ _ _ _ _ _ _ _ _ _ _ _ 
/tests/test_outputs.py:178: in check_file
    compare(reduce(row["bulletin"]), row["report"], f"{name} bulletin {number}")
/tests/test_outputs.py:164: in compare
    _number(event["ml"], ref["ml"], f"{where} ml")
_ _ _ _ _ _ _ _ _ _ _ _ _ _ _ _ _ _ _ _ _ _ _ _ _ _ _ _ _ _ _ _ _ _ _ _ _ _ _ _ 

actual = 3.7075129353138676, expected = 3.7297644
where = 'readings.jsonl bulletin 0 event ev000001 ml'

    def _number(actual, expected, where):
        if expected is None:
            assert actual is None, f"{where}: {actual!r}, expected null"
            return
        assert isinstance(actual, (int, float)) and not isinstance(actual, bool), f"{where}: {actual!r} is not a number"
>       assert abs(actual - expected) <= TOL, f"{where}: {actual!r}, expected {expected!r}"
E       AssertionError: readings.jsonl bulletin 0 event ev000001 ml: 3.7075129353138676, expected 3.7297644
E       assert 0.022251464686132483 <= 1.5e-06
E        +  where 0.022251464686132483 = abs((3.7075129353138676 - 3.7297644))

/tests/test_outputs.py:153: AssertionError
____________________ test_rule_3_1_distance_is_hypocentral _____________________

    def test_rule_3_1_distance_is_hypocentral():
        """The distance reported, corrected for and tested against the table is the hypocentral distance."""
>       check_file("hypocentral.jsonl")

/tests/test_outputs.py:198: 
_ _ _ _ _ _ _ _ _ _ _ _ _ _ _ _ _ _ _ _ _ _ _ _ _ _ _ _ _ _ _ _ _ _ _ _ _ _ _ _ 
/tests/test_outputs.py:178: in check_file
    compare(reduce(row["bulletin"]), row["report"], f"{name} bulletin {number}")
/tests/test_outputs.py:164: in compare
    _number(event["ml"], ref["ml"], f"{where} ml")
_ _ _ _ _ _ _ _ _ _ _ _ _ _ _ _ _ _ _ _ _ _ _ _ _ _ _ _ _ _ _ _ _ _ _ _ _ _ _ _ 

actual = None, expected = 2.9639583
where = 'hypocentral.jsonl bulletin 0 event ev000001 ml'

    def _number(actual, expected, where):
        if expected is None:
            assert actual is None, f"{where}: {actual!r}, expected null"
            return
>       assert isinstance(actual, (int, float)) and not isinstance(actual, bool), f"{where}: {actual!r} is not a number"
E       AssertionError: hypocentral.jsonl bulletin 0 event ev000001 ml: None is not a number
E       assert (False)
E        +  where False = isinstance(None, (<class 'int'>, <class 'float'>))

/tests/test_outputs.py:152: AssertionError
________________ test_rule_3_3_listed_distances_and_table_ends _________________

    def test_rule_3_3_listed_distances_and_table_ends():
        """At listed distances the correction is the listed value; stations just inside either end of the table contribute."""
>       check_file("table_ends.jsonl")

/tests/test_outputs.py:208: 
_ _ _ _ _ _ _ _ _ _ _ _ _ _ _ _ _ _ _ _ _ _ _ _ _ _ _ _ _ _ _ _ _ _ _ _ _ _ _ _ 
/tests/test_outputs.py:178: in check_file
    compare(reduce(row["bulletin"]), row["report"], f"{name} bulletin {number}")
/tests/test_outputs.py:164: in compare
    _number(event["ml"], ref["ml"], f"{where} ml")
_ _ _ _ _ _ _ _ _ _ _ _ _ _ _ _ _ _ _ _ _ _ _ _ _ _ _ _ _ _ _ _ _ _ _ _ _ _ _ _ 

actual = None, expected = 4.2815956
where = 'table_ends.jsonl bulletin 0 event ev000005 ml'

    def _number(actual, expected, where):
        if expected is None:
            assert actual is None, f"{where}: {actual!r}, expected null"
            return
>       assert isinstance(actual, (int, float)) and not isinstance(actual, bool), f"{where}: {actual!r} is not a number"
E       AssertionError: table_ends.jsonl bulletin 0 event ev000005 ml: None is not a number
E       assert (False)
E        +  where False = isinstance(None, (<class 'int'>, <class 'float'>))

/tests/test_outputs.py:152: AssertionError
__________ test_station_beyond_the_table_keeps_the_shipped_correction __________

    def test_station_beyond_the_table_keeps_the_shipped_correction():
        """A station nearer than 10 km or beyond 600 km keeps today's correction calculation and does not contribute."""
>       check_file("off_table.jsonl")

/tests/test_outputs.py:213: 
_ _ _ _ _ _ _ _ _ _ _ _ _ _ _ _ _ _ _ _ _ _ _ _ _ _ _ _ _ _ _ _ _ _ _ _ _ _ _ _ 
/tests/test_outputs.py:178: in check_file
    compare(reduce(row["bulletin"]), row["report"], f"{name} bulletin {number}")
            ^^^^^^^^^^^^^^^^^^^^^^^
_ _ _ _ _ _ _ _ _ _ _ _ _ _ _ _ _ _ _ _ _ _ _ _ _ _ _ _ _ _ _ _ _ _ _ _ _ _ _ _ 

bulletin = {'events': [{'depth_km': 0.0, 'id': 'ev000001', 'recordings': [{'amplitudes': [{...}], 'code': 'J7D', 'epi_km': 32.2},...code': 'NLPF2', 'correction': -0.45}, {'code': 'YPRI', 'correction': -0.26}, {'code': 'KZ', 'correction': -0.35}, ...]}

    def reduce(bulletin):
        """Run the documented command on one bulletin as the unprivileged user; return its parsed stdout."""
        stage, work = tempfile.mkdtemp(), tempfile.mkdtemp()
        os.chmod(stage, 0o755)
        os.chmod(work, 0o777)
        path = os.path.join(stage, "bulletin.json")
        with open(path, "w", encoding="utf-8") as handle:
            json.dump(bulletin, handle)
        os.chmod(path, 0o644)
        remaining = DEADLINE - time.monotonic()
        assert remaining > 0, "verifier time budget exhausted"
        code, out, err = run_unprivileged(["python3", "-I", "-S", str(DELIVERED_DRIVER), path], work, remaining)
>       assert code == 0, f"driver exited {code}: {err[-2000:]}"
E       AssertionError: driver exited 1: Traceback (most recent call last):
E           File "/app/tools/ml_bulletin.py", line 24, in <module>
E             sys.exit(main(sys.argv))
E                      ~~~~^^^^^^^^^^
E           File "/app/tools/ml_bulletin.py", line 18, in main
E             json.dump(reduce_bulletin(bulletin), sys.stdout)
E                       ~~~~~~~~~~~~~~~^^^^^^^^^^
E           File "/app/tools/../mlnet/bulletin.py", line 39, in reduce_bulletin
E             return {"events": [reduce_event(event, corrections) for event in bulletin["events"]]}
E                                ~~~~~~~~~~~~^^^^^^^^^^^^^^^^^^^^
E           File "/app/tools/../mlnet/bulletin.py", line 28, in reduce_event
E             "ml": station_magnitude(items, distance_km, corrections[code]),
E                   ~~~~~~~~~~~~~~~~~^^^^^^^^^^^^^^^^^^^^^^^^^^^^^^^^^^^^^^^
E           File "/app/tools/../mlnet/station.py", line 22, in station_magnitude
E             channel_magnitude(float(item["amplitude_nm"]), distance_km, correction)
E             ~~~~~~~~~~~~~~~~~^^^^^^^^^^^^^^^^^^^^^^^^^^^^^^^^^^^^^^^^^^^^^^^^^^^^^^
E           File "/app/tools/../mlnet/station.py", line 12, in channel_magnitude
E             return log_record_amplitude(amplitude_nm) + minus_log_a0(distance_km) + correction
E                                                         ~~~~~~~~~~~~^^^^^^^^^^^^^
E           File "/app/tools/../mlnet/attenuation.py", line 38, in minus_log_a0
E             x = math.log10(distance_km)
E         ValueError: math domain error
E         
E       assert 1 == 0

/tests/test_outputs.py:144: AssertionError
________ test_rule_4_3_station_magnitude_is_mean_of_channel_magnitudes _________

    def test_rule_4_3_station_magnitude_is_mean_of_channel_magnitudes():
        """A station's magnitude is the mean of its readings' channel magnitudes, whatever their channel codes, not its largest channel."""
>       check_file("station_mean.jsonl")

/tests/test_outputs.py:223: 
_ _ _ _ _ _ _ _ _ _ _ _ _ _ _ _ _ _ _ _ _ _ _ _ _ _ _ _ _ _ _ _ _ _ _ _ _ _ _ _ 
/tests/test_outputs.py:178: in check_file
    compare(reduce(row["bulletin"]), row["report"], f"{name} bulletin {number}")
/tests/test_outputs.py:164: in compare
    _number(event["ml"], ref["ml"], f"{where} ml")
_ _ _ _ _ _ _ _ _ _ _ _ _ _ _ _ _ _ _ _ _ _ _ _ _ _ _ _ _ _ _ _ _ _ _ _ _ _ _ _ 

actual = 2.580758686730931, expected = 2.6740881
where = 'station_mean.jsonl bulletin 0 event ev000001 ml'

    def _number(actual, expected, where):
        if expected is None:
            assert actual is None, f"{where}: {actual!r}, expected null"
            return
        assert isinstance(actual, (int, float)) and not isinstance(actual, bool), f"{where}: {actual!r} is not a number"
>       assert abs(actual - expected) <= TOL, f"{where}: {actual!r}, expected {expected!r}"
E       AssertionError: station_mean.jsonl bulletin 0 event ev000001 ml: 2.580758686730931, expected 2.6740881
E       assert 0.09332941326906896 <= 1.5e-06
E        +  where 0.09332941326906896 = abs((2.580758686730931 - 2.6740881))

/tests/test_outputs.py:153: AssertionError
_________________ test_two_sensors_of_one_site_are_one_station _________________

    def test_two_sensors_of_one_site_are_one_station():
        """A station with two recordings pools their readings and counts once in the median and the three-station minimum."""
>       check_file("shared_station.jsonl")

/tests/test_outputs.py:228: 
_ _ _ _ _ _ _ _ _ _ _ _ _ _ _ _ _ _ _ _ _ _ _ _ _ _ _ _ _ _ _ _ _ _ _ _ _ _ _ _ 
/tests/test_outputs.py:178: in check_file
    compare(reduce(row["bulletin"]), row["report"], f"{name} bulletin {number}")
/tests/test_outputs.py:171: in compare
    _number(row["distance_km"], exp["distance_km"], f"{at} distance_km")
_ _ _ _ _ _ _ _ _ _ _ _ _ _ _ _ _ _ _ _ _ _ _ _ _ _ _ _ _ _ _ _ _ _ _ _ _ _ _ _ 

actual = 29.4, expected = 41.2960046
where = 'shared_station.jsonl bulletin 0 event ev000001 station 0 (N) distance_km'

    def _number(actual, expected, where):
        if expected is None:
            assert actual is None, f"{where}: {actual!r}, expected null"
            return
        assert isinstance(actual, (int, float)) and not isinstance(actual, bool), f"{where}: {actual!r} is not a number"
>       assert abs(actual - expected) <= TOL, f"{where}: {actual!r}, expected {expected!r}"
E       AssertionError: shared_station.jsonl bulletin 0 event ev000001 station 0 (N) distance_km: 29.4, expected 41.2960046
E       assert 11.896004600000005 <= 1.5e-06
E        +  where 11.896004600000005 = abs((29.4 - 41.2960046))

/tests/test_outputs.py:153: AssertionError
____________ test_off_table_sub_noise_and_two_sensor_sites_together ____________

    def test_off_table_sub_noise_and_two_sensor_sites_together():
        """Sub-noise amplitudes at stations off the table and at two-sensor sites, two-sensor sites off the table."""
>       check_file("combined.jsonl")

/tests/test_outputs.py:233: 
_ _ _ _ _ _ _ _ _ _ _ _ _ _ _ _ _ _ _ _ _ _ _ _ _ _ _ _ _ _ _ _ _ _ _ _ _ _ _ _ 
/tests/test_outputs.py:178: in check_file
    compare(reduce(row["bulletin"]), row["report"], f"{name} bulletin {number}")
/tests/test_outputs.py:164: in compare
    _number(event["ml"], ref["ml"], f"{where} ml")
_ _ _ _ _ _ _ _ _ _ _ _ _ _ _ _ _ _ _ _ _ _ _ _ _ _ _ _ _ _ _ _ _ _ _ _ _ _ _ _ 

actual = 2.3112758487381053, expected = 2.3114687
where = 'combined.jsonl bulletin 0 event tog-near ml'

    def _number(actual, expected, where):
        if expected is None:
            assert actual is None, f"{where}: {actual!r}, expected null"
            return
        assert isinstance(actual, (int, float)) and not isinstance(actual, bool), f"{where}: {actual!r} is not a number"
>       assert abs(actual - expected) <= TOL, f"{where}: {actual!r}, expected {expected!r}"
E       AssertionError: combined.jsonl bulletin 0 event tog-near ml: 2.3112758487381053, expected 2.3114687
E       assert 0.00019285126189449997 <= 1.5e-06
E        +  where 0.00019285126189449997 = abs((2.3112758487381053 - 2.3114687))

/tests/test_outputs.py:153: AssertionError
__________ test_rule_5_2_network_magnitude_is_median_of_contributors ___________

    def test_rule_5_2_network_magnitude_is_median_of_contributors():
        """With an odd number of contributing stations the network magnitude is the middle one."""
>       check_file("median.jsonl")

/tests/test_outputs.py:238: 
_ _ _ _ _ _ _ _ _ _ _ _ _ _ _ _ _ _ _ _ _ _ _ _ _ _ _ _ _ _ _ _ _ _ _ _ _ _ _ _ 
/tests/test_outputs.py:178: in check_file
    compare(reduce(row["bulletin"]), row["report"], f"{name} bulletin {number}")
/tests/test_outputs.py:164: in compare
    _number(event["ml"], ref["ml"], f"{where} ml")
_ _ _ _ _ _ _ _ _ _ _ _ _ _ _ _ _ _ _ _ _ _ _ _ _ _ _ _ _ _ _ _ _ _ _ _ _ _ _ _ 

actual = 5.426817838797932, expected = 5.4789074
where = 'median.jsonl bulletin 0 event ev000001 ml'

    def _number(actual, expected, where):
        if expected is None:
            assert actual is None, f"{where}: {actual!r}, expected null"
            return
        assert isinstance(actual, (int, float)) and not isinstance(actual, bool), f"{where}: {actual!r} is not a number"
>       assert abs(actual - expected) <= TOL, f"{where}: {actual!r}, expected {expected!r}"
E       AssertionError: median.jsonl bulletin 0 event ev000001 ml: 5.426817838797932, expected 5.4789074
E       assert 0.052089561202067536 <= 1.5e-06
E        +  where 0.052089561202067536 = abs((5.426817838797932 - 5.4789074))

/tests/test_outputs.py:153: AssertionError
______________ test_rule_5_2_even_number_takes_mean_of_middle_two ______________

    def test_rule_5_2_even_number_takes_mean_of_middle_two():
        """With an even number of contributing stations the network magnitude is the mean of the two middle ones."""
>       check_file("median_even.jsonl")

/tests/test_outputs.py:243: 
_ _ _ _ _ _ _ _ _ _ _ _ _ _ _ _ _ _ _ _ _ _ _ _ _ _ _ _ _ _ _ _ _ _ _ _ _ _ _ _ 
/tests/test_outputs.py:178: in check_file
    compare(reduce(row["bulletin"]), row["report"], f"{name} bulletin {number}")
/tests/test_outputs.py:164: in compare
    _number(event["ml"], ref["ml"], f"{where} ml")
_ _ _ _ _ _ _ _ _ _ _ _ _ _ _ _ _ _ _ _ _ _ _ _ _ _ _ _ _ _ _ _ _ _ _ _ _ _ _ _ 

actual = 3.6744676573831208, expected = 3.6797729
where = 'median_even.jsonl bulletin 0 event ev000001 ml'

    def _number(actual, expected, where):
        if expected is None:
            assert actual is None, f"{where}: {actual!r}, expected null"
            return
        assert isinstance(actual, (int, float)) and not isinstance(actual, bool), f"{where}: {actual!r} is not a number"
>       assert abs(actual - expected) <= TOL, f"{where}: {actual!r}, expected {expected!r}"
E       AssertionError: median_even.jsonl bulletin 0 event ev000001 ml: 3.6744676573831208, expected 3.6797729
E       assert 0.005305242616879369 <= 1.5e-06
E        +  where 0.005305242616879369 = abs((3.6744676573831208 - 3.6797729))

/tests/test_outputs.py:153: AssertionError
_____ test_rule_5_3_fewer_than_three_contributors_has_no_network_magnitude _____

    def test_rule_5_3_fewer_than_three_contributors_has_no_network_magnitude():
        """Events with one or two contributing stations report a null network magnitude."""
>       check_file("fewer_than_three.jsonl")

/tests/test_outputs.py:248: 
_ _ _ _ _ _ _ _ _ _ _ _ _ _ _ _ _ _ _ _ _ _ _ _ _ _ _ _ _ _ _ _ _ _ _ _ _ _ _ _ 
/tests/test_outputs.py:178: in check_file
    compare(reduce(row["bulletin"]), row["report"], f"{name} bulletin {number}")
/tests/test_outputs.py:171: in compare
    _number(row["distance_km"], exp["distance_km"], f"{at} distance_km")
_ _ _ _ _ _ _ _ _ _ _ _ _ _ _ _ _ _ _ _ _ _ _ _ _ _ _ _ _ _ _ _ _ _ _ _ _ _ _ _ 

actual = 85.0, expected = 102.9028668
where = 'fewer_than_three.jsonl bulletin 0 event ev000001 station 0 (RY) distance_km'

    def _number(actual, expected, where):
        if expected is None:
            assert actual is None, f"{where}: {actual!r}, expected null"
            return
        assert isinstance(actual, (int, float)) and not isinstance(actual, bool), f"{where}: {actual!r} is not a number"
>       assert abs(actual - expected) <= TOL, f"{where}: {actual!r}, expected {expected!r}"
E       AssertionError: fewer_than_three.jsonl bulletin 0 event ev000001 station 0 (RY) distance_km: 85.0, expected 102.9028668
E       assert 17.902866799999998 <= 1.5e-06
E        +  where 17.902866799999998 = abs((85.0 - 102.9028668))

/tests/test_outputs.py:153: AssertionError
__________ test_rule_5_3_three_contributors_give_a_network_magnitude ___________

    def test_rule_5_3_three_contributors_give_a_network_magnitude():
        """Events with exactly three contributing stations get a network magnitude."""
>       check_file("three.jsonl")

/tests/test_outputs.py:253: 
_ _ _ _ _ _ _ _ _ _ _ _ _ _ _ _ _ _ _ _ _ _ _ _ _ _ _ _ _ _ _ _ _ _ _ _ _ _ _ _ 
/tests/test_outputs.py:178: in check_file
    compare(reduce(row["bulletin"]), row["report"], f"{name} bulletin {number}")
/tests/test_outputs.py:164: in compare
    _number(event["ml"], ref["ml"], f"{where} ml")
_ _ _ _ _ _ _ _ _ _ _ _ _ _ _ _ _ _ _ _ _ _ _ _ _ _ _ _ _ _ _ _ _ _ _ _ _ _ _ _ 

actual = 3.222353957282174, expected = 3.2331721
where = 'three.jsonl bulletin 0 event ev000001 ml'

    def _number(actual, expected, where):
        if expected is None:
            assert actual is None, f"{where}: {actual!r}, expected null"
            return
        assert isinstance(actual, (int, float)) and not isinstance(actual, bool), f"{where}: {actual!r} is not a number"
>       assert abs(actual - expected) <= TOL, f"{where}: {actual!r}, expected {expected!r}"
E       AssertionError: three.jsonl bulletin 0 event ev000001 ml: 3.222353957282174, expected 3.2331721
E       assert 0.010818142717825996 <= 1.5e-06
E        +  where 0.010818142717825996 = abs((3.222353957282174 - 3.2331721))

/tests/test_outputs.py:153: AssertionError
_______________________ test_section_one_limits_reached ________________________

    def test_section_one_limits_reached():
        """Fifty events, two hundred stations, forty recordings, and every amplitude, noise, depth and correction limit."""
        rows = load("limits.jsonl")
        bulletin = rows[0]["bulletin"]
        assert len(bulletin["events"]) == 50 and len(bulletin["stations"]) == 200
        assert max(len(e["recordings"]) for e in bulletin["events"]) == 40
>       check_file("limits.jsonl")

/tests/test_outputs.py:262: 
_ _ _ _ _ _ _ _ _ _ _ _ _ _ _ _ _ _ _ _ _ _ _ _ _ _ _ _ _ _ _ _ _ _ _ _ _ _ _ _ 
/tests/test_outputs.py:178: in check_file
    compare(reduce(row["bulletin"]), row["report"], f"{name} bulletin {number}")
/tests/test_outputs.py:164: in compare
    _number(event["ml"], ref["ml"], f"{where} ml")
_ _ _ _ _ _ _ _ _ _ _ _ _ _ _ _ _ _ _ _ _ _ _ _ _ _ _ _ _ _ _ _ _ _ _ _ _ _ _ _ 

actual = 4.436116554682218, expected = 4.6047485
where = 'limits.jsonl bulletin 0 event LLLLLLLLLLLLLLLLLLLL ml'

    def _number(actual, expected, where):
        if expected is None:
            assert actual is None, f"{where}: {actual!r}, expected null"
            return
        assert isinstance(actual, (int, float)) and not isinstance(actual, bool), f"{where}: {actual!r} is not a number"
>       assert abs(actual - expected) <= TOL, f"{where}: {actual!r}, expected {expected!r}"
E       AssertionError: limits.jsonl bulletin 0 event LLLLLLLLLLLLLLLLLLLL ml: 4.436116554682218, expected 4.6047485
E       assert 0.1686319453177827 <= 1.5e-06
E        +  where 0.1686319453177827 = abs((4.436116554682218 - 4.6047485))

/tests/test_outputs.py:153: AssertionError
__________________ test_report_keeps_file_and_recording_order __________________

    def test_report_keeps_file_and_recording_order():
        """Events keep file order and station rows keep recording order, whatever the ids and codes, at any length they may have."""
>       check_file("order.jsonl")

/tests/test_outputs.py:267: 
_ _ _ _ _ _ _ _ _ _ _ _ _ _ _ _ _ _ _ _ _ _ _ _ _ _ _ _ _ _ _ _ _ _ _ _ _ _ _ _ 
/tests/test_outputs.py:178: in check_file
    compare(reduce(row["bulletin"]), row["report"], f"{name} bulletin {number}")
/tests/test_outputs.py:164: in compare
    _number(event["ml"], ref["ml"], f"{where} ml")
_ _ _ _ _ _ _ _ _ _ _ _ _ _ _ _ _ _ _ _ _ _ _ _ _ _ _ _ _ _ _ _ _ _ _ _ _ _ _ _ 

actual = 5.09379152750264, expected = 4.6426629
where = 'order.jsonl bulletin 0 event v77vy7uvv97vu64 ml'

    def _number(actual, expected, where):
        if expected is None:
            assert actual is None, f"{where}: {actual!r}, expected null"
            return
        assert isinstance(actual, (int, float)) and not isinstance(actual, bool), f"{where}: {actual!r} is not a number"
>       assert abs(actual - expected) <= TOL, f"{where}: {actual!r}, expected {expected!r}"
E       AssertionError: order.jsonl bulletin 0 event v77vy7uvv97vu64 ml: 5.09379152750264, expected 4.6426629
E       assert 0.4511286275026398 <= 1.5e-06
E        +  where 0.4511286275026398 = abs((5.09379152750264 - 4.6426629))

/tests/test_outputs.py:153: AssertionError
___________________________ test_generated_bulletins ___________________________

    def test_generated_bulletins():
        """Generated bulletins across the envelope: depths, distances, one or two channels, corrections, event sizes."""
>       check_file("generated.jsonl")

/tests/test_outputs.py:272: 
_ _ _ _ _ _ _ _ _ _ _ _ _ _ _ _ _ _ _ _ _ _ _ _ _ _ _ _ _ _ _ _ _ _ _ _ _ _ _ _ 
/tests/test_outputs.py:178: in check_file
    compare(reduce(row["bulletin"]), row["report"], f"{name} bulletin {number}")
/tests/test_outputs.py:164: in compare
    _number(event["ml"], ref["ml"], f"{where} ml")
_ _ _ _ _ _ _ _ _ _ _ _ _ _ _ _ _ _ _ _ _ _ _ _ _ _ _ _ _ _ _ _ _ _ _ _ _ _ _ _ 

actual = 4.290642162179871, expected = 4.2959449
where = 'generated.jsonl bulletin 0 event ev000001 ml'

    def _number(actual, expected, where):
        if expected is None:
            assert actual is None, f"{where}: {actual!r}, expected null"
            return
        assert isinstance(actual, (int, float)) and not isinstance(actual, bool), f"{where}: {actual!r} is not a number"
>       assert abs(actual - expected) <= TOL, f"{where}: {actual!r}, expected {expected!r}"
E       AssertionError: generated.jsonl bulletin 0 event ev000001 ml: 4.290642162179871, expected 4.2959449
E       assert 0.005302737820128911 <= 1.5e-06
E        +  where 0.005302737820128911 = abs((4.290642162179871 - 4.2959449))

/tests/test_outputs.py:153: AssertionError
==================================== PASSES ====================================
=========================== short test summary info ============================
PASSED ../../tests/test_outputs.py::test_rule_2_2_record_amplitude_uses_magnification_2080
PASSED ../../tests/test_outputs.py::test_rule_2_2_record_amplitude_is_half_peak_to_peak
PASSED ../../tests/test_outputs.py::test_rule_3_3_correction_linear_between_listed_distances
PASSED ../../tests/test_outputs.py::test_rule_4_2_station_correction_is_added
PASSED ../../tests/test_outputs.py::test_sandbox_cannot_read_ground_truth
PASSED ../../tests/test_outputs.py::test_submitted_driver_matches_ours
FAILED ../../tests/test_outputs.py::test_rule_2_3_station_mean_leaves_out_amplitudes_under_three_times_noise
FAILED ../../tests/test_outputs.py::test_rule_3_1_distance_is_hypocentral - A...
FAILED ../../tests/test_outputs.py::test_rule_3_3_listed_distances_and_table_ends
FAILED ../../tests/test_outputs.py::test_station_beyond_the_table_keeps_the_shipped_correction
FAILED ../../tests/test_outputs.py::test_rule_4_3_station_magnitude_is_mean_of_channel_magnitudes
FAILED ../../tests/test_outputs.py::test_two_sensors_of_one_site_are_one_station
FAILED ../../tests/test_outputs.py::test_off_table_sub_noise_and_two_sensor_sites_together
FAILED ../../tests/test_outputs.py::test_rule_5_2_network_magnitude_is_median_of_contributors
FAILED ../../tests/test_outputs.py::test_rule_5_2_even_number_takes_mean_of_middle_two
FAILED ../../tests/test_outputs.py::test_rule_5_3_fewer_than_three_contributors_has_no_network_magnitude
FAILED ../../tests/test_outputs.py::test_rule_5_3_three_contributors_give_a_network_magnitude
FAILED ../../tests/test_outputs.py::test_section_one_limits_reached - Asserti...
FAILED ../../tests/test_outputs.py::test_report_keeps_file_and_recording_order
FAILED ../../tests/test_outputs.py::test_generated_bulletins - AssertionError...
========================= 14 failed, 6 passed in 0.82s =========================
