============================= test session starts ==============================
platform linux -- Python 3.13.12, pytest-9.1.1, pluggy-1.6.0
rootdir: /tests
plugins: json-ctrf-0.5.2
collected 16 items

../../tests/test_outputs.py FFFFFFFFFFFFFFF.                             [100%]

=================================== FAILURES ===================================
________________________ test_case_1_visible_collection ________________________

    def test_case_1_visible_collection():
>       _check_family("case1")

/tests/test_outputs.py:143: 
_ _ _ _ _ _ _ _ _ _ _ _ _ _ _ _ _ _ _ _ _ _ _ _ _ _ _ _ _ _ _ _ _ _ _ _ _ _ _ _ 

family = 'case1'

    def _check_family(family):
        tar_path, rows = _load(family)
        failures = []
        for row in rows:
            got, proc = _run_case(tar_path, row["case"])
            bad = _differences(got, row["report"])
            if bad:
                failures.append(f"{row['case']}: {', '.join(bad)} (exit {proc.returncode}; stderr {proc.stderr[-300:]!r})")
>       assert not failures, f"{len(failures)} of {len(rows)} {family} cases wrong: " + "; ".join(failures)
E       AssertionError: 1 of 1 case1 cases wrong: H01f621: <report keys> (exit 0; stderr '')
E       assert not ["H01f621: <report keys> (exit 0; stderr '')"]

/tests/test_outputs.py:139: AssertionError
__________ test_rule_1_host_clock_error_is_corrected_in_every_source ___________

    def test_rule_1_host_clock_error_is_corrected_in_every_source():
>       _check_family("clock")

/tests/test_outputs.py:147: 
_ _ _ _ _ _ _ _ _ _ _ _ _ _ _ _ _ _ _ _ _ _ _ _ _ _ _ _ _ _ _ _ _ _ _ _ _ _ _ _ 

family = 'clock'

    def _check_family(family):
        tar_path, rows = _load(family)
        failures = []
        for row in rows:
            got, proc = _run_case(tar_path, row["case"])
            bad = _differences(got, row["report"])
            if bad:
                failures.append(f"{row['case']}: {', '.join(bad)} (exit {proc.returncode}; stderr {proc.stderr[-300:]!r})")
>       assert not failures, f"{len(failures)} of {len(rows)} {family} cases wrong: " + "; ".join(failures)
E       AssertionError: 2 of 2 clock cases wrong: H042b34: <report keys> (exit 0; stderr ''); H05ff9c: <report keys> (exit 0; stderr '')
E       assert not ["H042b34: <report keys> (exit 0; stderr '')", "H05ff9c: <report keys> (exit 0; stderr '')"]

/tests/test_outputs.py:139: AssertionError
__________________ test_rule_1_year_is_placed_across_new_year __________________

    def test_rule_1_year_is_placed_across_new_year():
>       _check_family("year")

/tests/test_outputs.py:151: 
_ _ _ _ _ _ _ _ _ _ _ _ _ _ _ _ _ _ _ _ _ _ _ _ _ _ _ _ _ _ _ _ _ _ _ _ _ _ _ _ 

family = 'year'

    def _check_family(family):
        tar_path, rows = _load(family)
        failures = []
        for row in rows:
            got, proc = _run_case(tar_path, row["case"])
            bad = _differences(got, row["report"])
            if bad:
                failures.append(f"{row['case']}: {', '.join(bad)} (exit {proc.returncode}; stderr {proc.stderr[-300:]!r})")
>       assert not failures, f"{len(failures)} of {len(rows)} {family} cases wrong: " + "; ".join(failures)
E       AssertionError: 2 of 2 year cases wrong: H023df5: <report keys> (exit 0; stderr ''); H0374c0: <report keys> (exit 0; stderr '')
E       assert not ["H023df5: <report keys> (exit 0; stderr '')", "H0374c0: <report keys> (exit 0; stderr '')"]

/tests/test_outputs.py:139: AssertionError
___________________ test_rule_1_local_offsets_convert_to_utc ___________________

    def test_rule_1_local_offsets_convert_to_utc():
>       _check_family("tz")

/tests/test_outputs.py:155: 
_ _ _ _ _ _ _ _ _ _ _ _ _ _ _ _ _ _ _ _ _ _ _ _ _ _ _ _ _ _ _ _ _ _ _ _ _ _ _ _ 

family = 'tz'

    def _check_family(family):
        tar_path, rows = _load(family)
        failures = []
        for row in rows:
            got, proc = _run_case(tar_path, row["case"])
            bad = _differences(got, row["report"])
            if bad:
                failures.append(f"{row['case']}: {', '.join(bad)} (exit {proc.returncode}; stderr {proc.stderr[-300:]!r})")
>       assert not failures, f"{len(failures)} of {len(rows)} {family} cases wrong: " + "; ".join(failures)
E       AssertionError: 2 of 2 tz cases wrong: H169d15: <report keys> (exit 0; stderr ''); H171d70: <report keys> (exit 0; stderr '')
E       assert not ["H169d15: <report keys> (exit 0; stderr '')", "H171d70: <report keys> (exit 0; stderr '')"]

/tests/test_outputs.py:139: AssertionError
_________ test_rule_2_hostile_address_five_failures_within_600_seconds _________

    def test_rule_2_hostile_address_five_failures_within_600_seconds():
>       _check_family("brute")

/tests/test_outputs.py:159: 
_ _ _ _ _ _ _ _ _ _ _ _ _ _ _ _ _ _ _ _ _ _ _ _ _ _ _ _ _ _ _ _ _ _ _ _ _ _ _ _ 

family = 'brute'

    def _check_family(family):
        tar_path, rows = _load(family)
        failures = []
        for row in rows:
            got, proc = _run_case(tar_path, row["case"])
            bad = _differences(got, row["report"])
            if bad:
                failures.append(f"{row['case']}: {', '.join(bad)} (exit {proc.returncode}; stderr {proc.stderr[-300:]!r})")
>       assert not failures, f"{len(failures)} of {len(rows)} {family} cases wrong: " + "; ".join(failures)
E       AssertionError: 2 of 2 brute cases wrong: H08c9f8: <report keys> (exit 0; stderr ''); H092ef7: <report keys> (exit 0; stderr '')
E       assert not ["H08c9f8: <report keys> (exit 0; stderr '')", "H092ef7: <report keys> (exit 0; stderr '')"]

/tests/test_outputs.py:139: AssertionError
___________ test_rule_2_btmp_keeps_failures_rotated_out_of_auth_log ____________

    def test_rule_2_btmp_keeps_failures_rotated_out_of_auth_log():
>       _check_family("rotation")

/tests/test_outputs.py:163: 
_ _ _ _ _ _ _ _ _ _ _ _ _ _ _ _ _ _ _ _ _ _ _ _ _ _ _ _ _ _ _ _ _ _ _ _ _ _ _ _ 

family = 'rotation'

    def _check_family(family):
        tar_path, rows = _load(family)
        failures = []
        for row in rows:
            got, proc = _run_case(tar_path, row["case"])
            bad = _differences(got, row["report"])
            if bad:
                failures.append(f"{row['case']}: {', '.join(bad)} (exit {proc.returncode}; stderr {proc.stderr[-300:]!r})")
>       assert not failures, f"{len(failures)} of {len(rows)} {family} cases wrong: " + "; ".join(failures)
E       AssertionError: 2 of 2 rotation cases wrong: H069eec: <report keys> (exit 0; stderr ''); H076955: <report keys> (exit 0; stderr '')
E       assert not ["H069eec: <report keys> (exit 0; stderr '')", "H076955: <report keys> (exit 0; stderr '')"]

/tests/test_outputs.py:139: AssertionError
________________ test_rule_4_planted_key_ties_a_second_address _________________

    def test_rule_4_planted_key_ties_a_second_address():
>       _check_family("key")

/tests/test_outputs.py:167: 
_ _ _ _ _ _ _ _ _ _ _ _ _ _ _ _ _ _ _ _ _ _ _ _ _ _ _ _ _ _ _ _ _ _ _ _ _ _ _ _ 

family = 'key'

    def _check_family(family):
        tar_path, rows = _load(family)
        failures = []
        for row in rows:
            got, proc = _run_case(tar_path, row["case"])
            bad = _differences(got, row["report"])
            if bad:
                failures.append(f"{row['case']}: {', '.join(bad)} (exit {proc.returncode}; stderr {proc.stderr[-300:]!r})")
>       assert not failures, f"{len(failures)} of {len(rows)} {family} cases wrong: " + "; ".join(failures)
E       AssertionError: 2 of 2 key cases wrong: H120d7c: <report keys> (exit 0; stderr ''); H1304f8: <report keys> (exit 0; stderr '')
E       assert not ["H120d7c: <report keys> (exit 0; stderr '')", "H1304f8: <report keys> (exit 0; stderr '')"]

/tests/test_outputs.py:139: AssertionError
______________ test_rule_5_escalation_is_on_the_intruder_terminal ______________

    def test_rule_5_escalation_is_on_the_intruder_terminal():
>       _check_family("sudo")

/tests/test_outputs.py:171: 
_ _ _ _ _ _ _ _ _ _ _ _ _ _ _ _ _ _ _ _ _ _ _ _ _ _ _ _ _ _ _ _ _ _ _ _ _ _ _ _ 

family = 'sudo'

    def _check_family(family):
        tar_path, rows = _load(family)
        failures = []
        for row in rows:
            got, proc = _run_case(tar_path, row["case"])
            bad = _differences(got, row["report"])
            if bad:
                failures.append(f"{row['case']}: {', '.join(bad)} (exit {proc.returncode}; stderr {proc.stderr[-300:]!r})")
>       assert not failures, f"{len(failures)} of {len(rows)} {family} cases wrong: " + "; ".join(failures)
E       AssertionError: 2 of 2 sudo cases wrong: H10e951: <report keys> (exit 0; stderr ''); H11f6cc: <report keys> (exit 0; stderr '')
E       assert not ["H10e951: <report keys> (exit 0; stderr '')", "H11f6cc: <report keys> (exit 0; stderr '')"]

/tests/test_outputs.py:139: AssertionError
_____________ test_rule_5_escalation_by_a_root_login_without_sudo ______________

    def test_rule_5_escalation_by_a_root_login_without_sudo():
>       _check_family("rootlogin")

/tests/test_outputs.py:175: 
_ _ _ _ _ _ _ _ _ _ _ _ _ _ _ _ _ _ _ _ _ _ _ _ _ _ _ _ _ _ _ _ _ _ _ _ _ _ _ _ 

family = 'rootlogin'

    def _check_family(family):
        tar_path, rows = _load(family)
        failures = []
        for row in rows:
            got, proc = _run_case(tar_path, row["case"])
            bad = _differences(got, row["report"])
            if bad:
                failures.append(f"{row['case']}: {', '.join(bad)} (exit {proc.returncode}; stderr {proc.stderr[-300:]!r})")
>       assert not failures, f"{len(failures)} of {len(rows)} {family} cases wrong: " + "; ".join(failures)
E       AssertionError: 1 of 1 rootlogin cases wrong: H27dd19: <report keys> (exit 0; stderr '')
E       assert not ["H27dd19: <report keys> (exit 0; stderr '')"]

/tests/test_outputs.py:139: AssertionError
___________ test_rule_6_persistence_by_ctime_and_not_package_writes ____________

    def test_rule_6_persistence_by_ctime_and_not_package_writes():
>       _check_family("ctime")

/tests/test_outputs.py:179: 
_ _ _ _ _ _ _ _ _ _ _ _ _ _ _ _ _ _ _ _ _ _ _ _ _ _ _ _ _ _ _ _ _ _ _ _ _ _ _ _ 

family = 'ctime'

    def _check_family(family):
        tar_path, rows = _load(family)
        failures = []
        for row in rows:
            got, proc = _run_case(tar_path, row["case"])
            bad = _differences(got, row["report"])
            if bad:
                failures.append(f"{row['case']}: {', '.join(bad)} (exit {proc.returncode}; stderr {proc.stderr[-300:]!r})")
>       assert not failures, f"{len(failures)} of {len(rows)} {family} cases wrong: " + "; ".join(failures)
E       AssertionError: 2 of 2 ctime cases wrong: H149175: <report keys> (exit 0; stderr ''); H153991: <report keys> (exit 0; stderr '')
E       assert not ["H149175: <report keys> (exit 0; stderr '')", "H153991: <report keys> (exit 0; stderr '')"]

/tests/test_outputs.py:139: AssertionError
________________ test_rule_7_activity_with_a_session_still_open ________________

    def test_rule_7_activity_with_a_session_still_open():
>       _check_family("open")

/tests/test_outputs.py:183: 
_ _ _ _ _ _ _ _ _ _ _ _ _ _ _ _ _ _ _ _ _ _ _ _ _ _ _ _ _ _ _ _ _ _ _ _ _ _ _ _ 

family = 'open'

    def _check_family(family):
        tar_path, rows = _load(family)
        failures = []
        for row in rows:
            got, proc = _run_case(tar_path, row["case"])
            bad = _differences(got, row["report"])
            if bad:
                failures.append(f"{row['case']}: {', '.join(bad)} (exit {proc.returncode}; stderr {proc.stderr[-300:]!r})")
>       assert not failures, f"{len(failures)} of {len(rows)} {family} cases wrong: " + "; ".join(failures)
E       AssertionError: 3 of 3 open cases wrong: H187b40: <report keys> (exit 0; stderr ''); H19fcb6: <report keys> (exit 0; stderr ''); H203452: <report keys> (exit 0; stderr '')
E       assert not ["H187b40: <report keys> (exit 0; stderr '')", "H19fcb6: <report keys> (exit 0; stderr '')", "H203452: <report keys> (exit 0; stderr '')"]

/tests/test_outputs.py:139: AssertionError
_____________________________ test_range_ends_low ______________________________

    def test_range_ends_low():
>       _check_family("edge_lo")

/tests/test_outputs.py:187: 
_ _ _ _ _ _ _ _ _ _ _ _ _ _ _ _ _ _ _ _ _ _ _ _ _ _ _ _ _ _ _ _ _ _ _ _ _ _ _ _ 

family = 'edge_lo'

    def _check_family(family):
        tar_path, rows = _load(family)
        failures = []
        for row in rows:
            got, proc = _run_case(tar_path, row["case"])
            bad = _differences(got, row["report"])
            if bad:
                failures.append(f"{row['case']}: {', '.join(bad)} (exit {proc.returncode}; stderr {proc.stderr[-300:]!r})")
>       assert not failures, f"{len(failures)} of {len(rows)} {family} cases wrong: " + "; ".join(failures)
E       AssertionError: 1 of 1 edge_lo cases wrong: H245138: <report keys> (exit 0; stderr '')
E       assert not ["H245138: <report keys> (exit 0; stderr '')"]

/tests/test_outputs.py:139: AssertionError
_____________________________ test_range_ends_high _____________________________

    def test_range_ends_high():
>       _check_family("edge_hi")

/tests/test_outputs.py:191: 
_ _ _ _ _ _ _ _ _ _ _ _ _ _ _ _ _ _ _ _ _ _ _ _ _ _ _ _ _ _ _ _ _ _ _ _ _ _ _ _ 

family = 'edge_hi'

    def _check_family(family):
        tar_path, rows = _load(family)
        failures = []
        for row in rows:
            got, proc = _run_case(tar_path, row["case"])
            bad = _differences(got, row["report"])
            if bad:
                failures.append(f"{row['case']}: {', '.join(bad)} (exit {proc.returncode}; stderr {proc.stderr[-300:]!r})")
>       assert not failures, f"{len(failures)} of {len(rows)} {family} cases wrong: " + "; ".join(failures)
E       AssertionError: 1 of 1 edge_hi cases wrong: H25178f: <report keys> (exit 0; stderr '')
E       assert not ["H25178f: <report keys> (exit 0; stderr '')"]

/tests/test_outputs.py:139: AssertionError
__________________________ test_range_ends_late_year ___________________________

    def test_range_ends_late_year():
>       _check_family("edge_late")

/tests/test_outputs.py:195: 
_ _ _ _ _ _ _ _ _ _ _ _ _ _ _ _ _ _ _ _ _ _ _ _ _ _ _ _ _ _ _ _ _ _ _ _ _ _ _ _ 

family = 'edge_late'

    def _check_family(family):
        tar_path, rows = _load(family)
        failures = []
        for row in rows:
            got, proc = _run_case(tar_path, row["case"])
            bad = _differences(got, row["report"])
            if bad:
                failures.append(f"{row['case']}: {', '.join(bad)} (exit {proc.returncode}; stderr {proc.stderr[-300:]!r})")
>       assert not failures, f"{len(failures)} of {len(rows)} {family} cases wrong: " + "; ".join(failures)
E       AssertionError: 1 of 1 edge_late cases wrong: H26858b: <report keys> (exit 0; stderr '')
E       assert not ["H26858b: <report keys> (exit 0; stderr '')"]

/tests/test_outputs.py:139: AssertionError
_______________________________ test_broad_hosts _______________________________

    def test_broad_hosts():
>       _check_family("broad")

/tests/test_outputs.py:199: 
_ _ _ _ _ _ _ _ _ _ _ _ _ _ _ _ _ _ _ _ _ _ _ _ _ _ _ _ _ _ _ _ _ _ _ _ _ _ _ _ 

family = 'broad'

    def _check_family(family):
        tar_path, rows = _load(family)
        failures = []
        for row in rows:
            got, proc = _run_case(tar_path, row["case"])
            bad = _differences(got, row["report"])
            if bad:
                failures.append(f"{row['case']}: {', '.join(bad)} (exit {proc.returncode}; stderr {proc.stderr[-300:]!r})")
>       assert not failures, f"{len(failures)} of {len(rows)} {family} cases wrong: " + "; ".join(failures)
E       AssertionError: 3 of 3 broad cases wrong: H218b4a: <report keys> (exit 0; stderr ''); H22745a: <report keys> (exit 0; stderr ''); H23725d: <report keys> (exit 0; stderr '')
E       assert not ["H218b4a: <report keys> (exit 0; stderr '')", "H22745a: <report keys> (exit 0; stderr '')", "H23725d: <report keys> (exit 0; stderr '')"]

/tests/test_outputs.py:139: AssertionError
==================================== PASSES ====================================
=========================== short test summary info ============================
PASSED ../../tests/test_outputs.py::test_candidate_cannot_read_verifier_files
FAILED ../../tests/test_outputs.py::test_case_1_visible_collection - Assertio...
FAILED ../../tests/test_outputs.py::test_rule_1_host_clock_error_is_corrected_in_every_source
FAILED ../../tests/test_outputs.py::test_rule_1_year_is_placed_across_new_year
FAILED ../../tests/test_outputs.py::test_rule_1_local_offsets_convert_to_utc
FAILED ../../tests/test_outputs.py::test_rule_2_hostile_address_five_failures_within_600_seconds
FAILED ../../tests/test_outputs.py::test_rule_2_btmp_keeps_failures_rotated_out_of_auth_log
FAILED ../../tests/test_outputs.py::test_rule_4_planted_key_ties_a_second_address
FAILED ../../tests/test_outputs.py::test_rule_5_escalation_is_on_the_intruder_terminal
FAILED ../../tests/test_outputs.py::test_rule_5_escalation_by_a_root_login_without_sudo
FAILED ../../tests/test_outputs.py::test_rule_6_persistence_by_ctime_and_not_package_writes
FAILED ../../tests/test_outputs.py::test_rule_7_activity_with_a_session_still_open
FAILED ../../tests/test_outputs.py::test_range_ends_low - AssertionError: 1 o...
FAILED ../../tests/test_outputs.py::test_range_ends_high - AssertionError: 1 ...
FAILED ../../tests/test_outputs.py::test_range_ends_late_year - AssertionErro...
FAILED ../../tests/test_outputs.py::test_broad_hosts - AssertionError: 3 of 3...
========================= 15 failed, 1 passed in 0.57s =========================
