============================= test session starts ==============================
platform linux -- Python 3.13.12, pytest-9.1.1, pluggy-1.6.0
rootdir: /tests
plugins: json-ctrf-0.5.2
collected 13 items

../../tests/test_outputs.py ...FF.F..FF..                                [100%]

=================================== FAILURES ===================================
_______________ test_rule_3_3_fuel_on_transport_and_residential ________________

    def test_rule_3_3_fuel_on_transport_and_residential():
        """A ground parcel's fuel: 14.25 per cent of transport and residential together, an exact half cent going up."""
>       check_family("fuel")

/tests/test_outputs.py:230: 
_ _ _ _ _ _ _ _ _ _ _ _ _ _ _ _ _ _ _ _ _ _ _ _ _ _ _ _ _ _ _ _ _ _ _ _ _ _ _ _ 
/tests/test_outputs.py:210: in check_family
    compare(invoice(row["manifest"]), row["invoice"], f"{name} {row['manifest']['manifest']}")
/tests/test_outputs.py:205: in compare
    _same(row[key], ref[key], f"{label} parcels[{index}] ({ref['id']}) {key}")
_ _ _ _ _ _ _ _ _ _ _ _ _ _ _ _ _ _ _ _ _ _ _ _ _ _ _ _ _ _ _ _ _ _ _ _ _ _ _ _ 

actual = 'F10', expected = 'FG0', where = 'fuel PB4-0005 parcels[0] (FG0) id'

    def _same(actual, expected, where):
>       assert type(actual) is type(expected) and actual == expected, f"{where}: {actual!r}, expected {expected!r}"
E       AssertionError: fuel PB4-0005 parcels[0] (FG0) id: 'F10', expected 'FG0'
E       assert (<class 'str'> is <class 'str'> and 'F10' == 'FG0'
E        +  where <class 'str'> = type('F10')
E        +  and   <class 'str'> = type('FG0')
E         
E         - FG0
E         + F10)

/tests/test_outputs.py:192: AssertionError
____________________ test_rule_3_4_totals_and_parcel_order _____________________

    def test_rule_3_4_totals_and_parcel_order():
        """Every parcel's total and the manifest total, parcels in manifest order, ids of one to twelve characters."""
>       check_family("order_and_totals")

/tests/test_outputs.py:235: 
_ _ _ _ _ _ _ _ _ _ _ _ _ _ _ _ _ _ _ _ _ _ _ _ _ _ _ _ _ _ _ _ _ _ _ _ _ _ _ _ 
/tests/test_outputs.py:210: in check_family
    compare(invoice(row["manifest"]), row["invoice"], f"{name} {row['manifest']['manifest']}")
/tests/test_outputs.py:205: in compare
    _same(row[key], ref[key], f"{label} parcels[{index}] ({ref['id']}) {key}")
_ _ _ _ _ _ _ _ _ _ _ _ _ _ _ _ _ _ _ _ _ _ _ _ _ _ _ _ _ _ _ _ _ _ _ _ _ _ _ _ 

actual = '0', expected = 'ZZ-9'
where = 'order_and_totals PB4-0006 parcels[0] (ZZ-9) id'

    def _same(actual, expected, where):
>       assert type(actual) is type(expected) and actual == expected, f"{where}: {actual!r}, expected {expected!r}"
E       AssertionError: order_and_totals PB4-0006 parcels[0] (ZZ-9) id: '0', expected 'ZZ-9'
E       assert (<class 'str'> is <class 'str'> and '0' == 'ZZ-9'
E        +  where <class 'str'> = type('0')
E        +  and   <class 'str'> = type('ZZ-9')
E         
E         - ZZ-9
E         + 0)

/tests/test_outputs.py:192: AssertionError
_______________ test_express_parcel_keeps_todays_fuel_surcharge ________________

    def test_express_parcel_keeps_todays_fuel_surcharge():
        """The rules give no fuel rule for an express parcel: today's step stands."""
>       check_family("express_fuel")

/tests/test_outputs.py:245: 
_ _ _ _ _ _ _ _ _ _ _ _ _ _ _ _ _ _ _ _ _ _ _ _ _ _ _ _ _ _ _ _ _ _ _ _ _ _ _ _ 
/tests/test_outputs.py:210: in check_family
    compare(invoice(row["manifest"]), row["invoice"], f"{name} {row['manifest']['manifest']}")
/tests/test_outputs.py:205: in compare
    _same(row[key], ref[key], f"{label} parcels[{index}] ({ref['id']}) {key}")
_ _ _ _ _ _ _ _ _ _ _ _ _ _ _ _ _ _ _ _ _ _ _ _ _ _ _ _ _ _ _ _ _ _ _ _ _ _ _ _ 

actual = 'X10', expected = 'X2'
where = 'express_fuel PB4-0009 parcels[2] (X2) id'

    def _same(actual, expected, where):
>       assert type(actual) is type(expected) and actual == expected, f"{where}: {actual!r}, expected {expected!r}"
E       AssertionError: express_fuel PB4-0009 parcels[2] (X2) id: 'X10', expected 'X2'
E       assert (<class 'str'> is <class 'str'> and 'X10' == 'X2'
E        +  where <class 'str'> = type('X10')
E        +  and   <class 'str'> = type('X2')
E         
E         - X2
E         + X10)

/tests/test_outputs.py:192: AssertionError
_________________________ test_rule_1_3_limits_reached _________________________

    def test_rule_1_3_limits_reached():
        """300 ground parcels; sides of 2 and 108 inches; weights of 1 and 1,500 tenths; every zone."""
        assert len(load("limits")[0]["manifest"]["parcels"]) == 300
>       check_family("limits")

/tests/test_outputs.py:261: 
_ _ _ _ _ _ _ _ _ _ _ _ _ _ _ _ _ _ _ _ _ _ _ _ _ _ _ _ _ _ _ _ _ _ _ _ _ _ _ _ 
/tests/test_outputs.py:210: in check_family
    compare(invoice(row["manifest"]), row["invoice"], f"{name} {row['manifest']['manifest']}")
/tests/test_outputs.py:205: in compare
    _same(row[key], ref[key], f"{label} parcels[{index}] ({ref['id']}) {key}")
_ _ _ _ _ _ _ _ _ _ _ _ _ _ _ _ _ _ _ _ _ _ _ _ _ _ _ _ _ _ _ _ _ _ _ _ _ _ _ _ 

actual = '9', expected = 'ABCDEFGHIJKL'
where = 'limits PB4-0016 parcels[0] (ABCDEFGHIJKL) id'

    def _same(actual, expected, where):
>       assert type(actual) is type(expected) and actual == expected, f"{where}: {actual!r}, expected {expected!r}"
E       AssertionError: limits PB4-0016 parcels[0] (ABCDEFGHIJKL) id: '9', expected 'ABCDEFGHIJKL'
E       assert (<class 'str'> is <class 'str'> and '9' == 'ABCDEFGHIJKL'
E        +  where <class 'str'> = type('9')
E        +  and   <class 'str'> = type('ABCDEFGHIJKL')
E         
E         - ABCDEFGHIJKL
E         + 9)

/tests/test_outputs.py:192: AssertionError
___________________________ test_generated_manifests ___________________________

    def test_generated_manifests():
        """Seeded manifests of ground boxes, as sealed and under fresh labels."""
>       check_family("generated")

/tests/test_outputs.py:281: 
_ _ _ _ _ _ _ _ _ _ _ _ _ _ _ _ _ _ _ _ _ _ _ _ _ _ _ _ _ _ _ _ _ _ _ _ _ _ _ _ 
/tests/test_outputs.py:210: in check_family
    compare(invoice(row["manifest"]), row["invoice"], f"{name} {row['manifest']['manifest']}")
/tests/test_outputs.py:205: in compare
    _same(row[key], ref[key], f"{label} parcels[{index}] ({ref['id']}) {key}")
_ _ _ _ _ _ _ _ _ _ _ _ _ _ _ _ _ _ _ _ _ _ _ _ _ _ _ _ _ _ _ _ _ _ _ _ _ _ _ _ 

actual = '0012', expected = 'BD-R31B0'
where = 'generated PB4-0012 parcels[0] (BD-R31B0) id'

    def _same(actual, expected, where):
>       assert type(actual) is type(expected) and actual == expected, f"{where}: {actual!r}, expected {expected!r}"
E       AssertionError: generated PB4-0012 parcels[0] (BD-R31B0) id: '0012', expected 'BD-R31B0'
E       assert (<class 'str'> is <class 'str'> and '0012' == 'BD-R31B0'
E        +  where <class 'str'> = type('0012')
E        +  and   <class 'str'> = type('BD-R31B0')
E         
E         - BD-R31B0
E         + 0012)

/tests/test_outputs.py:192: AssertionError
==================================== PASSES ====================================
=========================== short test summary info ============================
PASSED ../../tests/test_outputs.py::test_rule_2_2_box_divisor
PASSED ../../tests/test_outputs.py::test_rule_2_3_billable_weight_rounded_up
PASSED ../../tests/test_outputs.py::test_rule_3_2_ground_parcel_to_a_home
PASSED ../../tests/test_outputs.py::test_parcel_that_is_not_a_box_keeps_todays_divisor
PASSED ../../tests/test_outputs.py::test_express_parcel_to_a_home_keeps_todays_surcharge
PASSED ../../tests/test_outputs.py::test_figures_left_to_todays_code_together
PASSED ../../tests/test_outputs.py::test_candidate_cannot_read_verifier_state
PASSED ../../tests/test_outputs.py::test_submitted_driver_unchanged
FAILED ../../tests/test_outputs.py::test_rule_3_3_fuel_on_transport_and_residential
FAILED ../../tests/test_outputs.py::test_rule_3_4_totals_and_parcel_order - A...
FAILED ../../tests/test_outputs.py::test_express_parcel_keeps_todays_fuel_surcharge
FAILED ../../tests/test_outputs.py::test_rule_1_3_limits_reached - AssertionE...
FAILED ../../tests/test_outputs.py::test_generated_manifests - AssertionError...
========================= 5 failed, 8 passed in 0.65s ==========================
