============================= test session starts ==============================
platform linux -- Python 3.13.12, pytest-9.1.1, pluggy-1.6.0
rootdir: /tests
plugins: json-ctrf-0.5.2
collected 13 items

../../tests/test_outputs.py F.F.F.FF.FF..                                [100%]

=================================== FAILURES ===================================
__________________________ test_rule_2_2_box_divisor ___________________________

    def test_rule_2_2_box_divisor():
        """A box's dimensional weight is its volume over 139; sides in any order, smallest and largest boxes."""
>       check_family("box_divisor")

/tests/test_outputs.py:215: 
_ _ _ _ _ _ _ _ _ _ _ _ _ _ _ _ _ _ _ _ _ _ _ _ _ _ _ _ _ _ _ _ _ _ _ _ _ _ _ _ 
/tests/test_outputs.py:210: in check_family
    compare(invoice(row["manifest"]), row["invoice"], f"{name} {row['manifest']['manifest']}")
/tests/test_outputs.py:199: in compare
    _same(actual["total"], expected["total"], f"{label} total")
_ _ _ _ _ _ _ _ _ _ _ _ _ _ _ _ _ _ _ _ _ _ _ _ _ _ _ _ _ _ _ _ _ _ _ _ _ _ _ _ 

actual = 48735, expected = 1018082, where = 'box_divisor PB4-0001 total'

    def _same(actual, expected, where):
>       assert type(actual) is type(expected) and actual == expected, f"{where}: {actual!r}, expected {expected!r}"
E       AssertionError: box_divisor PB4-0001 total: 48735, expected 1018082
E       assert (<class 'int'> is <class 'int'> and 48735 == 1018082)
E        +  where <class 'int'> = type(48735)
E        +  and   <class 'int'> = type(1018082)

/tests/test_outputs.py:192: AssertionError
____________________ test_rule_3_2_ground_parcel_to_a_home _____________________

    def test_rule_3_2_ground_parcel_to_a_home():
        """A ground parcel going to a home carries 530 cents; a business delivery carries none."""
>       check_family("ground_home")

/tests/test_outputs.py:225: 
_ _ _ _ _ _ _ _ _ _ _ _ _ _ _ _ _ _ _ _ _ _ _ _ _ _ _ _ _ _ _ _ _ _ _ _ _ _ _ _ 
/tests/test_outputs.py:210: in check_family
    compare(invoice(row["manifest"]), row["invoice"], f"{name} {row['manifest']['manifest']}")
/tests/test_outputs.py:199: in compare
    _same(actual["total"], expected["total"], f"{label} total")
_ _ _ _ _ _ _ _ _ _ _ _ _ _ _ _ _ _ _ _ _ _ _ _ _ _ _ _ _ _ _ _ _ _ _ _ _ _ _ _ 

actual = 86156, expected = 93829, where = 'ground_home PB4-0004 total'

    def _same(actual, expected, where):
>       assert type(actual) is type(expected) and actual == expected, f"{where}: {actual!r}, expected {expected!r}"
E       AssertionError: ground_home PB4-0004 total: 86156, expected 93829
E       assert (<class 'int'> is <class 'int'> and 86156 == 93829)
E        +  where <class 'int'> = type(86156)
E        +  and   <class 'int'> = type(93829)

/tests/test_outputs.py:192: AssertionError
____________________ test_rule_3_4_totals_and_parcel_order _____________________

    def test_rule_3_4_totals_and_parcel_order():
        """Every parcel's total and the manifest total, parcels in manifest order, ids of one to twelve characters."""
>       check_family("order_and_totals")

/tests/test_outputs.py:235: 
_ _ _ _ _ _ _ _ _ _ _ _ _ _ _ _ _ _ _ _ _ _ _ _ _ _ _ _ _ _ _ _ _ _ _ _ _ _ _ _ 
/tests/test_outputs.py:210: in check_family
    compare(invoice(row["manifest"]), row["invoice"], f"{name} {row['manifest']['manifest']}")
/tests/test_outputs.py:199: in compare
    _same(actual["total"], expected["total"], f"{label} total")
_ _ _ _ _ _ _ _ _ _ _ _ _ _ _ _ _ _ _ _ _ _ _ _ _ _ _ _ _ _ _ _ _ _ _ _ _ _ _ _ 

actual = 45942, expected = 114894, where = 'order_and_totals PB4-0006 total'

    def _same(actual, expected, where):
>       assert type(actual) is type(expected) and actual == expected, f"{where}: {actual!r}, expected {expected!r}"
E       AssertionError: order_and_totals PB4-0006 total: 45942, expected 114894
E       assert (<class 'int'> is <class 'int'> and 45942 == 114894)
E        +  where <class 'int'> = type(45942)
E        +  and   <class 'int'> = type(114894)

/tests/test_outputs.py:192: AssertionError
_______________ test_express_parcel_keeps_todays_fuel_surcharge ________________

    def test_express_parcel_keeps_todays_fuel_surcharge():
        """The rules give no fuel rule for an express parcel: today's step stands."""
>       check_family("express_fuel")

/tests/test_outputs.py:245: 
_ _ _ _ _ _ _ _ _ _ _ _ _ _ _ _ _ _ _ _ _ _ _ _ _ _ _ _ _ _ _ _ _ _ _ _ _ _ _ _ 
/tests/test_outputs.py:210: in check_family
    compare(invoice(row["manifest"]), row["invoice"], f"{name} {row['manifest']['manifest']}")
/tests/test_outputs.py:199: in compare
    _same(actual["total"], expected["total"], f"{label} total")
_ _ _ _ _ _ _ _ _ _ _ _ _ _ _ _ _ _ _ _ _ _ _ _ _ _ _ _ _ _ _ _ _ _ _ _ _ _ _ _ 

actual = 84186, expected = 2018975, where = 'express_fuel PB4-0009 total'

    def _same(actual, expected, where):
>       assert type(actual) is type(expected) and actual == expected, f"{where}: {actual!r}, expected {expected!r}"
E       AssertionError: express_fuel PB4-0009 total: 84186, expected 2018975
E       assert (<class 'int'> is <class 'int'> and 84186 == 2018975)
E        +  where <class 'int'> = type(84186)
E        +  and   <class 'int'> = type(2018975)

/tests/test_outputs.py:192: AssertionError
_____________ test_express_parcel_to_a_home_keeps_todays_surcharge _____________

    def test_express_parcel_to_a_home_keeps_todays_surcharge():
        """The rules give no residential amount for an express parcel going to a home: today's step stands."""
>       check_family("express_home")

/tests/test_outputs.py:250: 
_ _ _ _ _ _ _ _ _ _ _ _ _ _ _ _ _ _ _ _ _ _ _ _ _ _ _ _ _ _ _ _ _ _ _ _ _ _ _ _ 
/tests/test_outputs.py:210: in check_family
    compare(invoice(row["manifest"]), row["invoice"], f"{name} {row['manifest']['manifest']}")
/tests/test_outputs.py:199: in compare
    _same(actual["total"], expected["total"], f"{label} total")
_ _ _ _ _ _ _ _ _ _ _ _ _ _ _ _ _ _ _ _ _ _ _ _ _ _ _ _ _ _ _ _ _ _ _ _ _ _ _ _ 

actual = 58703, expected = 68471, where = 'express_home PB4-0010 total'

    def _same(actual, expected, where):
>       assert type(actual) is type(expected) and actual == expected, f"{where}: {actual!r}, expected {expected!r}"
E       AssertionError: express_home PB4-0010 total: 58703, expected 68471
E       assert (<class 'int'> is <class 'int'> and 58703 == 68471)
E        +  where <class 'int'> = type(58703)
E        +  and   <class 'int'> = type(68471)

/tests/test_outputs.py:192: AssertionError
_________________________ test_rule_1_3_limits_reached _________________________

    def test_rule_1_3_limits_reached():
        """300 ground parcels; sides of 2 and 108 inches; weights of 1 and 1,500 tenths; every zone."""
        assert len(load("limits")[0]["manifest"]["parcels"]) == 300
>       check_family("limits")

/tests/test_outputs.py:261: 
_ _ _ _ _ _ _ _ _ _ _ _ _ _ _ _ _ _ _ _ _ _ _ _ _ _ _ _ _ _ _ _ _ _ _ _ _ _ _ _ 
/tests/test_outputs.py:210: in check_family
    compare(invoice(row["manifest"]), row["invoice"], f"{name} {row['manifest']['manifest']}")
/tests/test_outputs.py:199: in compare
    _same(actual["total"], expected["total"], f"{label} total")
_ _ _ _ _ _ _ _ _ _ _ _ _ _ _ _ _ _ _ _ _ _ _ _ _ _ _ _ _ _ _ _ _ _ _ _ _ _ _ _ 

actual = 5413896, expected = 67614658, where = 'limits PB4-0016 total'

    def _same(actual, expected, where):
>       assert type(actual) is type(expected) and actual == expected, f"{where}: {actual!r}, expected {expected!r}"
E       AssertionError: limits PB4-0016 total: 5413896, expected 67614658
E       assert (<class 'int'> is <class 'int'> and 5413896 == 67614658)
E        +  where <class 'int'> = type(5413896)
E        +  and   <class 'int'> = type(67614658)

/tests/test_outputs.py:192: AssertionError
___________________________ test_generated_manifests ___________________________

    def test_generated_manifests():
        """Seeded manifests of ground boxes, as sealed and under fresh labels."""
>       check_family("generated")

/tests/test_outputs.py:281: 
_ _ _ _ _ _ _ _ _ _ _ _ _ _ _ _ _ _ _ _ _ _ _ _ _ _ _ _ _ _ _ _ _ _ _ _ _ _ _ _ 
/tests/test_outputs.py:210: in check_family
    compare(invoice(row["manifest"]), row["invoice"], f"{name} {row['manifest']['manifest']}")
/tests/test_outputs.py:199: in compare
    _same(actual["total"], expected["total"], f"{label} total")
_ _ _ _ _ _ _ _ _ _ _ _ _ _ _ _ _ _ _ _ _ _ _ _ _ _ _ _ _ _ _ _ _ _ _ _ _ _ _ _ 

actual = 295992, expected = 944973, where = 'generated PB4-0012 total'

    def _same(actual, expected, where):
>       assert type(actual) is type(expected) and actual == expected, f"{where}: {actual!r}, expected {expected!r}"
E       AssertionError: generated PB4-0012 total: 295992, expected 944973
E       assert (<class 'int'> is <class 'int'> and 295992 == 944973)
E        +  where <class 'int'> = type(295992)
E        +  and   <class 'int'> = type(944973)

/tests/test_outputs.py:192: AssertionError
==================================== PASSES ====================================
=========================== short test summary info ============================
PASSED ../../tests/test_outputs.py::test_rule_2_3_billable_weight_rounded_up
PASSED ../../tests/test_outputs.py::test_rule_3_3_fuel_on_transport_and_residential
PASSED ../../tests/test_outputs.py::test_parcel_that_is_not_a_box_keeps_todays_divisor
PASSED ../../tests/test_outputs.py::test_figures_left_to_todays_code_together
PASSED ../../tests/test_outputs.py::test_candidate_cannot_read_verifier_state
PASSED ../../tests/test_outputs.py::test_submitted_driver_unchanged
FAILED ../../tests/test_outputs.py::test_rule_2_2_box_divisor - AssertionErro...
FAILED ../../tests/test_outputs.py::test_rule_3_2_ground_parcel_to_a_home - A...
FAILED ../../tests/test_outputs.py::test_rule_3_4_totals_and_parcel_order - A...
FAILED ../../tests/test_outputs.py::test_express_parcel_keeps_todays_fuel_surcharge
FAILED ../../tests/test_outputs.py::test_express_parcel_to_a_home_keeps_todays_surcharge
FAILED ../../tests/test_outputs.py::test_rule_1_3_limits_reached - AssertionE...
FAILED ../../tests/test_outputs.py::test_generated_manifests - AssertionError...
========================= 7 failed, 6 passed in 0.63s ==========================
