============================= test session starts ==============================
platform linux -- Python 3.13.12, pytest-9.1.1, pluggy-1.6.0
rootdir: /tests
plugins: json-ctrf-0.5.2
collected 13 items

../../tests/test_outputs.py F.......FF...                                [100%]

=================================== FAILURES ===================================
__________________________ test_rule_2_2_box_divisor ___________________________

    def test_rule_2_2_box_divisor():
        """A box's dimensional weight is its volume over 139; sides in any order, smallest and largest boxes."""
>       check_family("box_divisor")

/tests/test_outputs.py:215: 
_ _ _ _ _ _ _ _ _ _ _ _ _ _ _ _ _ _ _ _ _ _ _ _ _ _ _ _ _ _ _ _ _ _ _ _ _ _ _ _ 
/tests/test_outputs.py:210: in check_family
    compare(invoice(row["manifest"]), row["invoice"], f"{name} {row['manifest']['manifest']}")
/tests/test_outputs.py:199: in compare
    _same(actual["total"], expected["total"], f"{label} total")
_ _ _ _ _ _ _ _ _ _ _ _ _ _ _ _ _ _ _ _ _ _ _ _ _ _ _ _ _ _ _ _ _ _ _ _ _ _ _ _ 

actual = 1015152, expected = 1018082, where = 'box_divisor PB4-0001 total'

    def _same(actual, expected, where):
>       assert type(actual) is type(expected) and actual == expected, f"{where}: {actual!r}, expected {expected!r}"
E       AssertionError: box_divisor PB4-0001 total: 1015152, expected 1018082
E       assert (<class 'int'> is <class 'int'> and 1015152 == 1018082)
E        +  where <class 'int'> = type(1015152)
E        +  and   <class 'int'> = type(1018082)

/tests/test_outputs.py:192: AssertionError
__________________ test_figures_left_to_todays_code_together ___________________

    def test_figures_left_to_todays_code_together():
        """Parcels that are not boxes and express parcels, some going to homes, beside ground boxes."""
>       check_family("together")

/tests/test_outputs.py:255: 
_ _ _ _ _ _ _ _ _ _ _ _ _ _ _ _ _ _ _ _ _ _ _ _ _ _ _ _ _ _ _ _ _ _ _ _ _ _ _ _ 
/tests/test_outputs.py:210: in check_family
    compare(invoice(row["manifest"]), row["invoice"], f"{name} {row['manifest']['manifest']}")
/tests/test_outputs.py:199: in compare
    _same(actual["total"], expected["total"], f"{label} total")
_ _ _ _ _ _ _ _ _ _ _ _ _ _ _ _ _ _ _ _ _ _ _ _ _ _ _ _ _ _ _ _ _ _ _ _ _ _ _ _ 

actual = 26238, expected = 29236, where = 'together PB4-0011 total'

    def _same(actual, expected, where):
>       assert type(actual) is type(expected) and actual == expected, f"{where}: {actual!r}, expected {expected!r}"
E       AssertionError: together PB4-0011 total: 26238, expected 29236
E       assert (<class 'int'> is <class 'int'> and 26238 == 29236)
E        +  where <class 'int'> = type(26238)
E        +  and   <class 'int'> = type(29236)

/tests/test_outputs.py:192: AssertionError
_________________________ test_rule_1_3_limits_reached _________________________

    def test_rule_1_3_limits_reached():
        """300 ground parcels; sides of 2 and 108 inches; weights of 1 and 1,500 tenths; every zone."""
        assert len(load("limits")[0]["manifest"]["parcels"]) == 300
>       check_family("limits")

/tests/test_outputs.py:261: 
_ _ _ _ _ _ _ _ _ _ _ _ _ _ _ _ _ _ _ _ _ _ _ _ _ _ _ _ _ _ _ _ _ _ _ _ _ _ _ _ 
/tests/test_outputs.py:210: in check_family
    compare(invoice(row["manifest"]), row["invoice"], f"{name} {row['manifest']['manifest']}")
/tests/test_outputs.py:199: in compare
    _same(actual["total"], expected["total"], f"{label} total")
_ _ _ _ _ _ _ _ _ _ _ _ _ _ _ _ _ _ _ _ _ _ _ _ _ _ _ _ _ _ _ _ _ _ _ _ _ _ _ _ 

actual = 67415908, expected = 67614658, where = 'limits PB4-0016 total'

    def _same(actual, expected, where):
>       assert type(actual) is type(expected) and actual == expected, f"{where}: {actual!r}, expected {expected!r}"
E       AssertionError: limits PB4-0016 total: 67415908, expected 67614658
E       assert (<class 'int'> is <class 'int'> and 67415908 == 67614658)
E        +  where <class 'int'> = type(67415908)
E        +  and   <class 'int'> = type(67614658)

/tests/test_outputs.py:192: AssertionError
==================================== PASSES ====================================
=========================== short test summary info ============================
PASSED ../../tests/test_outputs.py::test_rule_2_3_billable_weight_rounded_up
PASSED ../../tests/test_outputs.py::test_rule_3_2_ground_parcel_to_a_home
PASSED ../../tests/test_outputs.py::test_rule_3_3_fuel_on_transport_and_residential
PASSED ../../tests/test_outputs.py::test_rule_3_4_totals_and_parcel_order
PASSED ../../tests/test_outputs.py::test_parcel_that_is_not_a_box_keeps_todays_divisor
PASSED ../../tests/test_outputs.py::test_express_parcel_keeps_todays_fuel_surcharge
PASSED ../../tests/test_outputs.py::test_express_parcel_to_a_home_keeps_todays_surcharge
PASSED ../../tests/test_outputs.py::test_generated_manifests
PASSED ../../tests/test_outputs.py::test_candidate_cannot_read_verifier_state
PASSED ../../tests/test_outputs.py::test_submitted_driver_unchanged
FAILED ../../tests/test_outputs.py::test_rule_2_2_box_divisor - AssertionErro...
FAILED ../../tests/test_outputs.py::test_figures_left_to_todays_code_together
FAILED ../../tests/test_outputs.py::test_rule_1_3_limits_reached - AssertionE...
========================= 3 failed, 10 passed in 0.87s =========================
