============================= test session starts ==============================
platform linux -- Python 3.13.12, pytest-9.1.1, pluggy-1.6.0
rootdir: /tests
plugins: json-ctrf-0.5.2
collected 13 items

../../tests/test_outputs.py ..FFFF.FFFF..                                [100%]

=================================== FAILURES ===================================
____________________ test_rule_3_2_ground_parcel_to_a_home _____________________

    def test_rule_3_2_ground_parcel_to_a_home():
        """A ground parcel going to a home carries 530 cents; a business delivery carries none."""
>       check_family("ground_home")

/tests/test_outputs.py:225: 
_ _ _ _ _ _ _ _ _ _ _ _ _ _ _ _ _ _ _ _ _ _ _ _ _ _ _ _ _ _ _ _ _ _ _ _ _ _ _ _ 
/tests/test_outputs.py:210: in check_family
    compare(invoice(row["manifest"]), row["invoice"], f"{name} {row['manifest']['manifest']}")
/tests/test_outputs.py:199: in compare
    _same(actual["total"], expected["total"], f"{label} total")
_ _ _ _ _ _ _ _ _ _ _ _ _ _ _ _ _ _ _ _ _ _ _ _ _ _ _ _ _ _ _ _ _ _ _ _ _ _ _ _ 

actual = 93553, expected = 93829, where = 'ground_home PB4-0004 total'

    def _same(actual, expected, where):
>       assert type(actual) is type(expected) and actual == expected, f"{where}: {actual!r}, expected {expected!r}"
E       AssertionError: ground_home PB4-0004 total: 93553, expected 93829
E       assert (<class 'int'> is <class 'int'> and 93553 == 93829)
E        +  where <class 'int'> = type(93553)
E        +  and   <class 'int'> = type(93829)

/tests/test_outputs.py:192: AssertionError
_______________ test_rule_3_3_fuel_on_transport_and_residential ________________

    def test_rule_3_3_fuel_on_transport_and_residential():
        """A ground parcel's fuel: 14.25 per cent of transport and residential together, an exact half cent going up."""
>       check_family("fuel")

/tests/test_outputs.py:230: 
_ _ _ _ _ _ _ _ _ _ _ _ _ _ _ _ _ _ _ _ _ _ _ _ _ _ _ _ _ _ _ _ _ _ _ _ _ _ _ _ 
/tests/test_outputs.py:210: in check_family
    compare(invoice(row["manifest"]), row["invoice"], f"{name} {row['manifest']['manifest']}")
/tests/test_outputs.py:199: in compare
    _same(actual["total"], expected["total"], f"{label} total")
_ _ _ _ _ _ _ _ _ _ _ _ _ _ _ _ _ _ _ _ _ _ _ _ _ _ _ _ _ _ _ _ _ _ _ _ _ _ _ _ 

actual = 83650, expected = 84201, where = 'fuel PB4-0005 total'

    def _same(actual, expected, where):
>       assert type(actual) is type(expected) and actual == expected, f"{where}: {actual!r}, expected {expected!r}"
E       AssertionError: fuel PB4-0005 total: 83650, expected 84201
E       assert (<class 'int'> is <class 'int'> and 83650 == 84201)
E        +  where <class 'int'> = type(83650)
E        +  and   <class 'int'> = type(84201)

/tests/test_outputs.py:192: AssertionError
____________________ test_rule_3_4_totals_and_parcel_order _____________________

    def test_rule_3_4_totals_and_parcel_order():
        """Every parcel's total and the manifest total, parcels in manifest order, ids of one to twelve characters."""
>       check_family("order_and_totals")

/tests/test_outputs.py:235: 
_ _ _ _ _ _ _ _ _ _ _ _ _ _ _ _ _ _ _ _ _ _ _ _ _ _ _ _ _ _ _ _ _ _ _ _ _ _ _ _ 
/tests/test_outputs.py:210: in check_family
    compare(invoice(row["manifest"]), row["invoice"], f"{name} {row['manifest']['manifest']}")
/tests/test_outputs.py:199: in compare
    _same(actual["total"], expected["total"], f"{label} total")
_ _ _ _ _ _ _ _ _ _ _ _ _ _ _ _ _ _ _ _ _ _ _ _ _ _ _ _ _ _ _ _ _ _ _ _ _ _ _ _ 

actual = 114803, expected = 114894, where = 'order_and_totals PB4-0006 total'

    def _same(actual, expected, where):
>       assert type(actual) is type(expected) and actual == expected, f"{where}: {actual!r}, expected {expected!r}"
E       AssertionError: order_and_totals PB4-0006 total: 114803, expected 114894
E       assert (<class 'int'> is <class 'int'> and 114803 == 114894)
E        +  where <class 'int'> = type(114803)
E        +  and   <class 'int'> = type(114894)

/tests/test_outputs.py:192: AssertionError
______________ test_parcel_that_is_not_a_box_keeps_todays_divisor ______________

    def test_parcel_that_is_not_a_box_keeps_todays_divisor():
        """The rules give no divisor for a parcel with a side under 2 inches: today's step stands."""
>       check_family("not_a_box")

/tests/test_outputs.py:240: 
_ _ _ _ _ _ _ _ _ _ _ _ _ _ _ _ _ _ _ _ _ _ _ _ _ _ _ _ _ _ _ _ _ _ _ _ _ _ _ _ 
/tests/test_outputs.py:210: in check_family
    compare(invoice(row["manifest"]), row["invoice"], f"{name} {row['manifest']['manifest']}")
/tests/test_outputs.py:199: in compare
    _same(actual["total"], expected["total"], f"{label} total")
_ _ _ _ _ _ _ _ _ _ _ _ _ _ _ _ _ _ _ _ _ _ _ _ _ _ _ _ _ _ _ _ _ _ _ _ _ _ _ _ 

actual = 24975, expected = 25067, where = 'not_a_box PB4-0008 total'

    def _same(actual, expected, where):
>       assert type(actual) is type(expected) and actual == expected, f"{where}: {actual!r}, expected {expected!r}"
E       AssertionError: not_a_box PB4-0008 total: 24975, expected 25067
E       assert (<class 'int'> is <class 'int'> and 24975 == 25067)
E        +  where <class 'int'> = type(24975)
E        +  and   <class 'int'> = type(25067)

/tests/test_outputs.py:192: AssertionError
_____________ test_express_parcel_to_a_home_keeps_todays_surcharge _____________

    def test_express_parcel_to_a_home_keeps_todays_surcharge():
        """The rules give no residential amount for an express parcel going to a home: today's step stands."""
>       check_family("express_home")

/tests/test_outputs.py:250: 
_ _ _ _ _ _ _ _ _ _ _ _ _ _ _ _ _ _ _ _ _ _ _ _ _ _ _ _ _ _ _ _ _ _ _ _ _ _ _ _ 
/tests/test_outputs.py:210: in check_family
    compare(invoice(row["manifest"]), row["invoice"], f"{name} {row['manifest']['manifest']}")
/tests/test_outputs.py:199: in compare
    _same(actual["total"], expected["total"], f"{label} total")
_ _ _ _ _ _ _ _ _ _ _ _ _ _ _ _ _ _ _ _ _ _ _ _ _ _ _ _ _ _ _ _ _ _ _ _ _ _ _ _ 

actual = 68379, expected = 68471, where = 'express_home PB4-0010 total'

    def _same(actual, expected, where):
>       assert type(actual) is type(expected) and actual == expected, f"{where}: {actual!r}, expected {expected!r}"
E       AssertionError: express_home PB4-0010 total: 68379, expected 68471
E       assert (<class 'int'> is <class 'int'> and 68379 == 68471)
E        +  where <class 'int'> = type(68379)
E        +  and   <class 'int'> = type(68471)

/tests/test_outputs.py:192: AssertionError
__________________ test_figures_left_to_todays_code_together ___________________

    def test_figures_left_to_todays_code_together():
        """Parcels that are not boxes and express parcels, some going to homes, beside ground boxes."""
>       check_family("together")

/tests/test_outputs.py:255: 
_ _ _ _ _ _ _ _ _ _ _ _ _ _ _ _ _ _ _ _ _ _ _ _ _ _ _ _ _ _ _ _ _ _ _ _ _ _ _ _ 
/tests/test_outputs.py:210: in check_family
    compare(invoice(row["manifest"]), row["invoice"], f"{name} {row['manifest']['manifest']}")
/tests/test_outputs.py:199: in compare
    _same(actual["total"], expected["total"], f"{label} total")
_ _ _ _ _ _ _ _ _ _ _ _ _ _ _ _ _ _ _ _ _ _ _ _ _ _ _ _ _ _ _ _ _ _ _ _ _ _ _ _ 

actual = 29144, expected = 29236, where = 'together PB4-0011 total'

    def _same(actual, expected, where):
>       assert type(actual) is type(expected) and actual == expected, f"{where}: {actual!r}, expected {expected!r}"
E       AssertionError: together PB4-0011 total: 29144, expected 29236
E       assert (<class 'int'> is <class 'int'> and 29144 == 29236)
E        +  where <class 'int'> = type(29144)
E        +  and   <class 'int'> = type(29236)

/tests/test_outputs.py:192: AssertionError
_________________________ test_rule_1_3_limits_reached _________________________

    def test_rule_1_3_limits_reached():
        """300 ground parcels; sides of 2 and 108 inches; weights of 1 and 1,500 tenths; every zone."""
        assert len(load("limits")[0]["manifest"]["parcels"]) == 300
>       check_family("limits")

/tests/test_outputs.py:261: 
_ _ _ _ _ _ _ _ _ _ _ _ _ _ _ _ _ _ _ _ _ _ _ _ _ _ _ _ _ _ _ _ _ _ _ _ _ _ _ _ 
/tests/test_outputs.py:210: in check_family
    compare(invoice(row["manifest"]), row["invoice"], f"{name} {row['manifest']['manifest']}")
/tests/test_outputs.py:199: in compare
    _same(actual["total"], expected["total"], f"{label} total")
_ _ _ _ _ _ _ _ _ _ _ _ _ _ _ _ _ _ _ _ _ _ _ _ _ _ _ _ _ _ _ _ _ _ _ _ _ _ _ _ 

actual = 67601320, expected = 67614658, where = 'limits PB4-0016 total'

    def _same(actual, expected, where):
>       assert type(actual) is type(expected) and actual == expected, f"{where}: {actual!r}, expected {expected!r}"
E       AssertionError: limits PB4-0016 total: 67601320, expected 67614658
E       assert (<class 'int'> is <class 'int'> and 67601320 == 67614658)
E        +  where <class 'int'> = type(67601320)
E        +  and   <class 'int'> = type(67614658)

/tests/test_outputs.py:192: AssertionError
___________________________ test_generated_manifests ___________________________

    def test_generated_manifests():
        """Seeded manifests of ground boxes, as sealed and under fresh labels."""
>       check_family("generated")

/tests/test_outputs.py:281: 
_ _ _ _ _ _ _ _ _ _ _ _ _ _ _ _ _ _ _ _ _ _ _ _ _ _ _ _ _ _ _ _ _ _ _ _ _ _ _ _ 
/tests/test_outputs.py:210: in check_family
    compare(invoice(row["manifest"]), row["invoice"], f"{name} {row['manifest']['manifest']}")
/tests/test_outputs.py:199: in compare
    _same(actual["total"], expected["total"], f"{label} total")
_ _ _ _ _ _ _ _ _ _ _ _ _ _ _ _ _ _ _ _ _ _ _ _ _ _ _ _ _ _ _ _ _ _ _ _ _ _ _ _ 

actual = 944244, expected = 944973, where = 'generated PB4-0012 total'

    def _same(actual, expected, where):
>       assert type(actual) is type(expected) and actual == expected, f"{where}: {actual!r}, expected {expected!r}"
E       AssertionError: generated PB4-0012 total: 944244, expected 944973
E       assert (<class 'int'> is <class 'int'> and 944244 == 944973)
E        +  where <class 'int'> = type(944244)
E        +  and   <class 'int'> = type(944973)

/tests/test_outputs.py:192: AssertionError
==================================== PASSES ====================================
=========================== short test summary info ============================
PASSED ../../tests/test_outputs.py::test_rule_2_2_box_divisor
PASSED ../../tests/test_outputs.py::test_rule_2_3_billable_weight_rounded_up
PASSED ../../tests/test_outputs.py::test_express_parcel_keeps_todays_fuel_surcharge
PASSED ../../tests/test_outputs.py::test_candidate_cannot_read_verifier_state
PASSED ../../tests/test_outputs.py::test_submitted_driver_unchanged
FAILED ../../tests/test_outputs.py::test_rule_3_2_ground_parcel_to_a_home - A...
FAILED ../../tests/test_outputs.py::test_rule_3_3_fuel_on_transport_and_residential
FAILED ../../tests/test_outputs.py::test_rule_3_4_totals_and_parcel_order - A...
FAILED ../../tests/test_outputs.py::test_parcel_that_is_not_a_box_keeps_todays_divisor
FAILED ../../tests/test_outputs.py::test_express_parcel_to_a_home_keeps_todays_surcharge
FAILED ../../tests/test_outputs.py::test_figures_left_to_todays_code_together
FAILED ../../tests/test_outputs.py::test_rule_1_3_limits_reached - AssertionE...
FAILED ../../tests/test_outputs.py::test_generated_manifests - AssertionError...
========================= 8 failed, 5 passed in 0.69s ==========================
