============================= test session starts ==============================
platform linux -- Python 3.13.12, pytest-9.1.1, pluggy-1.6.0
rootdir: /tests
plugins: json-ctrf-0.5.2
collected 13 items

../../tests/test_outputs.py FFFFFF.FFFF..                                [100%]

=================================== FAILURES ===================================
__________________________ test_rule_2_2_box_divisor ___________________________

    def test_rule_2_2_box_divisor():
        """A box's dimensional weight is its volume over 139; sides in any order, smallest and largest boxes."""
>       check_family("box_divisor")

/tests/test_outputs.py:215: 
_ _ _ _ _ _ _ _ _ _ _ _ _ _ _ _ _ _ _ _ _ _ _ _ _ _ _ _ _ _ _ _ _ _ _ _ _ _ _ _ 
/tests/test_outputs.py:210: in check_family
    compare(invoice(row["manifest"]), row["invoice"], f"{name} {row['manifest']['manifest']}")
/tests/test_outputs.py:199: in compare
    _same(actual["total"], expected["total"], f"{label} total")
_ _ _ _ _ _ _ _ _ _ _ _ _ _ _ _ _ _ _ _ _ _ _ _ _ _ _ _ _ _ _ _ _ _ _ _ _ _ _ _ 

actual = 1018079, expected = 1018082, where = 'box_divisor PB4-0001 total'

    def _same(actual, expected, where):
>       assert type(actual) is type(expected) and actual == expected, f"{where}: {actual!r}, expected {expected!r}"
E       AssertionError: box_divisor PB4-0001 total: 1018079, expected 1018082
E       assert (<class 'int'> is <class 'int'> and 1018079 == 1018082)
E        +  where <class 'int'> = type(1018079)
E        +  and   <class 'int'> = type(1018082)

/tests/test_outputs.py:192: AssertionError
___________________ test_rule_2_3_billable_weight_rounded_up ___________________

    def test_rule_2_3_billable_weight_rounded_up():
        """The larger weight rounded up to the next whole pound; a whole pound stays."""
>       check_family("rounding_up")

/tests/test_outputs.py:220: 
_ _ _ _ _ _ _ _ _ _ _ _ _ _ _ _ _ _ _ _ _ _ _ _ _ _ _ _ _ _ _ _ _ _ _ _ _ _ _ _ 
/tests/test_outputs.py:210: in check_family
    compare(invoice(row["manifest"]), row["invoice"], f"{name} {row['manifest']['manifest']}")
/tests/test_outputs.py:199: in compare
    _same(actual["total"], expected["total"], f"{label} total")
_ _ _ _ _ _ _ _ _ _ _ _ _ _ _ _ _ _ _ _ _ _ _ _ _ _ _ _ _ _ _ _ _ _ _ _ _ _ _ _ 

actual = 60726, expected = 60731, where = 'rounding_up PB4-0003 total'

    def _same(actual, expected, where):
>       assert type(actual) is type(expected) and actual == expected, f"{where}: {actual!r}, expected {expected!r}"
E       AssertionError: rounding_up PB4-0003 total: 60726, expected 60731
E       assert (<class 'int'> is <class 'int'> and 60726 == 60731)
E        +  where <class 'int'> = type(60726)
E        +  and   <class 'int'> = type(60731)

/tests/test_outputs.py:192: AssertionError
____________________ test_rule_3_2_ground_parcel_to_a_home _____________________

    def test_rule_3_2_ground_parcel_to_a_home():
        """A ground parcel going to a home carries 530 cents; a business delivery carries none."""
>       check_family("ground_home")

/tests/test_outputs.py:225: 
_ _ _ _ _ _ _ _ _ _ _ _ _ _ _ _ _ _ _ _ _ _ _ _ _ _ _ _ _ _ _ _ _ _ _ _ _ _ _ _ 
/tests/test_outputs.py:210: in check_family
    compare(invoice(row["manifest"]), row["invoice"], f"{name} {row['manifest']['manifest']}")
/tests/test_outputs.py:199: in compare
    _same(actual["total"], expected["total"], f"{label} total")
_ _ _ _ _ _ _ _ _ _ _ _ _ _ _ _ _ _ _ _ _ _ _ _ _ _ _ _ _ _ _ _ _ _ _ _ _ _ _ _ 

actual = 93826, expected = 93829, where = 'ground_home PB4-0004 total'

    def _same(actual, expected, where):
>       assert type(actual) is type(expected) and actual == expected, f"{where}: {actual!r}, expected {expected!r}"
E       AssertionError: ground_home PB4-0004 total: 93826, expected 93829
E       assert (<class 'int'> is <class 'int'> and 93826 == 93829)
E        +  where <class 'int'> = type(93826)
E        +  and   <class 'int'> = type(93829)

/tests/test_outputs.py:192: AssertionError
_______________ test_rule_3_3_fuel_on_transport_and_residential ________________

    def test_rule_3_3_fuel_on_transport_and_residential():
        """A ground parcel's fuel: 14.25 per cent of transport and residential together, an exact half cent going up."""
>       check_family("fuel")

/tests/test_outputs.py:230: 
_ _ _ _ _ _ _ _ _ _ _ _ _ _ _ _ _ _ _ _ _ _ _ _ _ _ _ _ _ _ _ _ _ _ _ _ _ _ _ _ 
/tests/test_outputs.py:210: in check_family
    compare(invoice(row["manifest"]), row["invoice"], f"{name} {row['manifest']['manifest']}")
/tests/test_outputs.py:199: in compare
    _same(actual["total"], expected["total"], f"{label} total")
_ _ _ _ _ _ _ _ _ _ _ _ _ _ _ _ _ _ _ _ _ _ _ _ _ _ _ _ _ _ _ _ _ _ _ _ _ _ _ _ 

actual = 84192, expected = 84201, where = 'fuel PB4-0005 total'

    def _same(actual, expected, where):
>       assert type(actual) is type(expected) and actual == expected, f"{where}: {actual!r}, expected {expected!r}"
E       AssertionError: fuel PB4-0005 total: 84192, expected 84201
E       assert (<class 'int'> is <class 'int'> and 84192 == 84201)
E        +  where <class 'int'> = type(84192)
E        +  and   <class 'int'> = type(84201)

/tests/test_outputs.py:192: AssertionError
____________________ test_rule_3_4_totals_and_parcel_order _____________________

    def test_rule_3_4_totals_and_parcel_order():
        """Every parcel's total and the manifest total, parcels in manifest order, ids of one to twelve characters."""
>       check_family("order_and_totals")

/tests/test_outputs.py:235: 
_ _ _ _ _ _ _ _ _ _ _ _ _ _ _ _ _ _ _ _ _ _ _ _ _ _ _ _ _ _ _ _ _ _ _ _ _ _ _ _ 
/tests/test_outputs.py:210: in check_family
    compare(invoice(row["manifest"]), row["invoice"], f"{name} {row['manifest']['manifest']}")
/tests/test_outputs.py:199: in compare
    _same(actual["total"], expected["total"], f"{label} total")
_ _ _ _ _ _ _ _ _ _ _ _ _ _ _ _ _ _ _ _ _ _ _ _ _ _ _ _ _ _ _ _ _ _ _ _ _ _ _ _ 

actual = 114893, expected = 114894, where = 'order_and_totals PB4-0006 total'

    def _same(actual, expected, where):
>       assert type(actual) is type(expected) and actual == expected, f"{where}: {actual!r}, expected {expected!r}"
E       AssertionError: order_and_totals PB4-0006 total: 114893, expected 114894
E       assert (<class 'int'> is <class 'int'> and 114893 == 114894)
E        +  where <class 'int'> = type(114893)
E        +  and   <class 'int'> = type(114894)

/tests/test_outputs.py:192: AssertionError
______________ test_parcel_that_is_not_a_box_keeps_todays_divisor ______________

    def test_parcel_that_is_not_a_box_keeps_todays_divisor():
        """The rules give no divisor for a parcel with a side under 2 inches: today's step stands."""
>       check_family("not_a_box")

/tests/test_outputs.py:240: 
_ _ _ _ _ _ _ _ _ _ _ _ _ _ _ _ _ _ _ _ _ _ _ _ _ _ _ _ _ _ _ _ _ _ _ _ _ _ _ _ 
/tests/test_outputs.py:210: in check_family
    compare(invoice(row["manifest"]), row["invoice"], f"{name} {row['manifest']['manifest']}")
/tests/test_outputs.py:199: in compare
    _same(actual["total"], expected["total"], f"{label} total")
_ _ _ _ _ _ _ _ _ _ _ _ _ _ _ _ _ _ _ _ _ _ _ _ _ _ _ _ _ _ _ _ _ _ _ _ _ _ _ _ 

actual = 25061, expected = 25067, where = 'not_a_box PB4-0008 total'

    def _same(actual, expected, where):
>       assert type(actual) is type(expected) and actual == expected, f"{where}: {actual!r}, expected {expected!r}"
E       AssertionError: not_a_box PB4-0008 total: 25061, expected 25067
E       assert (<class 'int'> is <class 'int'> and 25061 == 25067)
E        +  where <class 'int'> = type(25061)
E        +  and   <class 'int'> = type(25067)

/tests/test_outputs.py:192: AssertionError
_____________ test_express_parcel_to_a_home_keeps_todays_surcharge _____________

    def test_express_parcel_to_a_home_keeps_todays_surcharge():
        """The rules give no residential amount for an express parcel going to a home: today's step stands."""
>       check_family("express_home")

/tests/test_outputs.py:250: 
_ _ _ _ _ _ _ _ _ _ _ _ _ _ _ _ _ _ _ _ _ _ _ _ _ _ _ _ _ _ _ _ _ _ _ _ _ _ _ _ 
/tests/test_outputs.py:210: in check_family
    compare(invoice(row["manifest"]), row["invoice"], f"{name} {row['manifest']['manifest']}")
/tests/test_outputs.py:199: in compare
    _same(actual["total"], expected["total"], f"{label} total")
_ _ _ _ _ _ _ _ _ _ _ _ _ _ _ _ _ _ _ _ _ _ _ _ _ _ _ _ _ _ _ _ _ _ _ _ _ _ _ _ 

actual = 68470, expected = 68471, where = 'express_home PB4-0010 total'

    def _same(actual, expected, where):
>       assert type(actual) is type(expected) and actual == expected, f"{where}: {actual!r}, expected {expected!r}"
E       AssertionError: express_home PB4-0010 total: 68470, expected 68471
E       assert (<class 'int'> is <class 'int'> and 68470 == 68471)
E        +  where <class 'int'> = type(68470)
E        +  and   <class 'int'> = type(68471)

/tests/test_outputs.py:192: AssertionError
__________________ test_figures_left_to_todays_code_together ___________________

    def test_figures_left_to_todays_code_together():
        """Parcels that are not boxes and express parcels, some going to homes, beside ground boxes."""
>       check_family("together")

/tests/test_outputs.py:255: 
_ _ _ _ _ _ _ _ _ _ _ _ _ _ _ _ _ _ _ _ _ _ _ _ _ _ _ _ _ _ _ _ _ _ _ _ _ _ _ _ 
/tests/test_outputs.py:210: in check_family
    compare(invoice(row["manifest"]), row["invoice"], f"{name} {row['manifest']['manifest']}")
/tests/test_outputs.py:199: in compare
    _same(actual["total"], expected["total"], f"{label} total")
_ _ _ _ _ _ _ _ _ _ _ _ _ _ _ _ _ _ _ _ _ _ _ _ _ _ _ _ _ _ _ _ _ _ _ _ _ _ _ _ 

actual = 29235, expected = 29236, where = 'together PB4-0011 total'

    def _same(actual, expected, where):
>       assert type(actual) is type(expected) and actual == expected, f"{where}: {actual!r}, expected {expected!r}"
E       AssertionError: together PB4-0011 total: 29235, expected 29236
E       assert (<class 'int'> is <class 'int'> and 29235 == 29236)
E        +  where <class 'int'> = type(29235)
E        +  and   <class 'int'> = type(29236)

/tests/test_outputs.py:192: AssertionError
_________________________ test_rule_1_3_limits_reached _________________________

    def test_rule_1_3_limits_reached():
        """300 ground parcels; sides of 2 and 108 inches; weights of 1 and 1,500 tenths; every zone."""
        assert len(load("limits")[0]["manifest"]["parcels"]) == 300
>       check_family("limits")

/tests/test_outputs.py:261: 
_ _ _ _ _ _ _ _ _ _ _ _ _ _ _ _ _ _ _ _ _ _ _ _ _ _ _ _ _ _ _ _ _ _ _ _ _ _ _ _ 
/tests/test_outputs.py:210: in check_family
    compare(invoice(row["manifest"]), row["invoice"], f"{name} {row['manifest']['manifest']}")
/tests/test_outputs.py:199: in compare
    _same(actual["total"], expected["total"], f"{label} total")
_ _ _ _ _ _ _ _ _ _ _ _ _ _ _ _ _ _ _ _ _ _ _ _ _ _ _ _ _ _ _ _ _ _ _ _ _ _ _ _ 

actual = 67614518, expected = 67614658, where = 'limits PB4-0016 total'

    def _same(actual, expected, where):
>       assert type(actual) is type(expected) and actual == expected, f"{where}: {actual!r}, expected {expected!r}"
E       AssertionError: limits PB4-0016 total: 67614518, expected 67614658
E       assert (<class 'int'> is <class 'int'> and 67614518 == 67614658)
E        +  where <class 'int'> = type(67614518)
E        +  and   <class 'int'> = type(67614658)

/tests/test_outputs.py:192: AssertionError
___________________________ test_generated_manifests ___________________________

    def test_generated_manifests():
        """Seeded manifests of ground boxes, as sealed and under fresh labels."""
>       check_family("generated")

/tests/test_outputs.py:281: 
_ _ _ _ _ _ _ _ _ _ _ _ _ _ _ _ _ _ _ _ _ _ _ _ _ _ _ _ _ _ _ _ _ _ _ _ _ _ _ _ 
/tests/test_outputs.py:210: in check_family
    compare(invoice(row["manifest"]), row["invoice"], f"{name} {row['manifest']['manifest']}")
/tests/test_outputs.py:199: in compare
    _same(actual["total"], expected["total"], f"{label} total")
_ _ _ _ _ _ _ _ _ _ _ _ _ _ _ _ _ _ _ _ _ _ _ _ _ _ _ _ _ _ _ _ _ _ _ _ _ _ _ _ 

actual = 944968, expected = 944973, where = 'generated PB4-0012 total'

    def _same(actual, expected, where):
>       assert type(actual) is type(expected) and actual == expected, f"{where}: {actual!r}, expected {expected!r}"
E       AssertionError: generated PB4-0012 total: 944968, expected 944973
E       assert (<class 'int'> is <class 'int'> and 944968 == 944973)
E        +  where <class 'int'> = type(944968)
E        +  and   <class 'int'> = type(944973)

/tests/test_outputs.py:192: AssertionError
==================================== PASSES ====================================
=========================== short test summary info ============================
PASSED ../../tests/test_outputs.py::test_express_parcel_keeps_todays_fuel_surcharge
PASSED ../../tests/test_outputs.py::test_candidate_cannot_read_verifier_state
PASSED ../../tests/test_outputs.py::test_submitted_driver_unchanged
FAILED ../../tests/test_outputs.py::test_rule_2_2_box_divisor - AssertionErro...
FAILED ../../tests/test_outputs.py::test_rule_2_3_billable_weight_rounded_up
FAILED ../../tests/test_outputs.py::test_rule_3_2_ground_parcel_to_a_home - A...
FAILED ../../tests/test_outputs.py::test_rule_3_3_fuel_on_transport_and_residential
FAILED ../../tests/test_outputs.py::test_rule_3_4_totals_and_parcel_order - A...
FAILED ../../tests/test_outputs.py::test_parcel_that_is_not_a_box_keeps_todays_divisor
FAILED ../../tests/test_outputs.py::test_express_parcel_to_a_home_keeps_todays_surcharge
FAILED ../../tests/test_outputs.py::test_figures_left_to_todays_code_together
FAILED ../../tests/test_outputs.py::test_rule_1_3_limits_reached - AssertionE...
FAILED ../../tests/test_outputs.py::test_generated_manifests - AssertionError...
========================= 10 failed, 3 passed in 0.68s =========================
