============================= test session starts ==============================
platform linux -- Python 3.13.12, pytest-9.1.1, pluggy-1.6.0
rootdir: /tests
plugins: json-ctrf-0.5.2
collected 13 items

../../tests/test_outputs.py .....F..F....                                [100%]

=================================== FAILURES ===================================
______________ test_parcel_that_is_not_a_box_keeps_todays_divisor ______________

    def test_parcel_that_is_not_a_box_keeps_todays_divisor():
        """The rules give no divisor for a parcel with a side under 2 inches: today's step stands."""
>       check_family("not_a_box")

/tests/test_outputs.py:240: 
_ _ _ _ _ _ _ _ _ _ _ _ _ _ _ _ _ _ _ _ _ _ _ _ _ _ _ _ _ _ _ _ _ _ _ _ _ _ _ _ 
/tests/test_outputs.py:210: in check_family
    compare(invoice(row["manifest"]), row["invoice"], f"{name} {row['manifest']['manifest']}")
/tests/test_outputs.py:199: in compare
    _same(actual["total"], expected["total"], f"{label} total")
_ _ _ _ _ _ _ _ _ _ _ _ _ _ _ _ _ _ _ _ _ _ _ _ _ _ _ _ _ _ _ _ _ _ _ _ _ _ _ _ 

actual = 29428, expected = 25067, where = 'not_a_box PB4-0008 total'

    def _same(actual, expected, where):
>       assert type(actual) is type(expected) and actual == expected, f"{where}: {actual!r}, expected {expected!r}"
E       AssertionError: not_a_box PB4-0008 total: 29428, expected 25067
E       assert (<class 'int'> is <class 'int'> and 29428 == 25067)
E        +  where <class 'int'> = type(29428)
E        +  and   <class 'int'> = type(25067)

/tests/test_outputs.py:192: AssertionError
__________________ test_figures_left_to_todays_code_together ___________________

    def test_figures_left_to_todays_code_together():
        """Parcels that are not boxes and express parcels, some going to homes, beside ground boxes."""
>       check_family("together")

/tests/test_outputs.py:255: 
_ _ _ _ _ _ _ _ _ _ _ _ _ _ _ _ _ _ _ _ _ _ _ _ _ _ _ _ _ _ _ _ _ _ _ _ _ _ _ _ 
/tests/test_outputs.py:210: in check_family
    compare(invoice(row["manifest"]), row["invoice"], f"{name} {row['manifest']['manifest']}")
/tests/test_outputs.py:199: in compare
    _same(actual["total"], expected["total"], f"{label} total")
_ _ _ _ _ _ _ _ _ _ _ _ _ _ _ _ _ _ _ _ _ _ _ _ _ _ _ _ _ _ _ _ _ _ _ _ _ _ _ _ 

actual = 30734, expected = 29236, where = 'together PB4-0011 total'

    def _same(actual, expected, where):
>       assert type(actual) is type(expected) and actual == expected, f"{where}: {actual!r}, expected {expected!r}"
E       AssertionError: together PB4-0011 total: 30734, expected 29236
E       assert (<class 'int'> is <class 'int'> and 30734 == 29236)
E        +  where <class 'int'> = type(30734)
E        +  and   <class 'int'> = type(29236)

/tests/test_outputs.py:192: AssertionError
==================================== PASSES ====================================
=========================== short test summary info ============================
PASSED ../../tests/test_outputs.py::test_rule_2_2_box_divisor
PASSED ../../tests/test_outputs.py::test_rule_2_3_billable_weight_rounded_up
PASSED ../../tests/test_outputs.py::test_rule_3_2_ground_parcel_to_a_home
PASSED ../../tests/test_outputs.py::test_rule_3_3_fuel_on_transport_and_residential
PASSED ../../tests/test_outputs.py::test_rule_3_4_totals_and_parcel_order
PASSED ../../tests/test_outputs.py::test_express_parcel_keeps_todays_fuel_surcharge
PASSED ../../tests/test_outputs.py::test_express_parcel_to_a_home_keeps_todays_surcharge
PASSED ../../tests/test_outputs.py::test_rule_1_3_limits_reached
PASSED ../../tests/test_outputs.py::test_generated_manifests
PASSED ../../tests/test_outputs.py::test_candidate_cannot_read_verifier_state
PASSED ../../tests/test_outputs.py::test_submitted_driver_unchanged
FAILED ../../tests/test_outputs.py::test_parcel_that_is_not_a_box_keeps_todays_divisor
FAILED ../../tests/test_outputs.py::test_figures_left_to_todays_code_together
========================= 2 failed, 11 passed in 0.86s =========================
