============================= test session starts ==============================
platform linux -- Python 3.13.12, pytest-9.1.1, pluggy-1.6.0
rootdir: /tests
plugins: json-ctrf-0.5.2
collected 13 items

../../tests/test_outputs.py ......FF.....                                [100%]

=================================== FAILURES ===================================
_______________ test_express_parcel_keeps_todays_fuel_surcharge ________________

    def test_express_parcel_keeps_todays_fuel_surcharge():
        """The rules give no fuel rule for an express parcel: today's step stands."""
>       check_family("express_fuel")

/tests/test_outputs.py:245: 
_ _ _ _ _ _ _ _ _ _ _ _ _ _ _ _ _ _ _ _ _ _ _ _ _ _ _ _ _ _ _ _ _ _ _ _ _ _ _ _ 
/tests/test_outputs.py:210: in check_family
    compare(invoice(row["manifest"]), row["invoice"], f"{name} {row['manifest']['manifest']}")
/tests/test_outputs.py:199: in compare
    _same(actual["total"], expected["total"], f"{label} total")
_ _ _ _ _ _ _ _ _ _ _ _ _ _ _ _ _ _ _ _ _ _ _ _ _ _ _ _ _ _ _ _ _ _ _ _ _ _ _ _ 

actual = 2018981, expected = 2018975, where = 'express_fuel PB4-0009 total'

    def _same(actual, expected, where):
>       assert type(actual) is type(expected) and actual == expected, f"{where}: {actual!r}, expected {expected!r}"
E       AssertionError: express_fuel PB4-0009 total: 2018981, expected 2018975
E       assert (<class 'int'> is <class 'int'> and 2018981 == 2018975)
E        +  where <class 'int'> = type(2018981)
E        +  and   <class 'int'> = type(2018975)

/tests/test_outputs.py:192: AssertionError
_____________ test_express_parcel_to_a_home_keeps_todays_surcharge _____________

    def test_express_parcel_to_a_home_keeps_todays_surcharge():
        """The rules give no residential amount for an express parcel going to a home: today's step stands."""
>       check_family("express_home")

/tests/test_outputs.py:250: 
_ _ _ _ _ _ _ _ _ _ _ _ _ _ _ _ _ _ _ _ _ _ _ _ _ _ _ _ _ _ _ _ _ _ _ _ _ _ _ _ 
/tests/test_outputs.py:210: in check_family
    compare(invoice(row["manifest"]), row["invoice"], f"{name} {row['manifest']['manifest']}")
/tests/test_outputs.py:199: in compare
    _same(actual["total"], expected["total"], f"{label} total")
_ _ _ _ _ _ _ _ _ _ _ _ _ _ _ _ _ _ _ _ _ _ _ _ _ _ _ _ _ _ _ _ _ _ _ _ _ _ _ _ 

actual = 68472, expected = 68471, where = 'express_home PB4-0010 total'

    def _same(actual, expected, where):
>       assert type(actual) is type(expected) and actual == expected, f"{where}: {actual!r}, expected {expected!r}"
E       AssertionError: express_home PB4-0010 total: 68472, expected 68471
E       assert (<class 'int'> is <class 'int'> and 68472 == 68471)
E        +  where <class 'int'> = type(68472)
E        +  and   <class 'int'> = type(68471)

/tests/test_outputs.py:192: AssertionError
==================================== PASSES ====================================
=========================== short test summary info ============================
PASSED ../../tests/test_outputs.py::test_rule_2_2_box_divisor
PASSED ../../tests/test_outputs.py::test_rule_2_3_billable_weight_rounded_up
PASSED ../../tests/test_outputs.py::test_rule_3_2_ground_parcel_to_a_home
PASSED ../../tests/test_outputs.py::test_rule_3_3_fuel_on_transport_and_residential
PASSED ../../tests/test_outputs.py::test_rule_3_4_totals_and_parcel_order
PASSED ../../tests/test_outputs.py::test_parcel_that_is_not_a_box_keeps_todays_divisor
PASSED ../../tests/test_outputs.py::test_figures_left_to_todays_code_together
PASSED ../../tests/test_outputs.py::test_rule_1_3_limits_reached
PASSED ../../tests/test_outputs.py::test_generated_manifests
PASSED ../../tests/test_outputs.py::test_candidate_cannot_read_verifier_state
PASSED ../../tests/test_outputs.py::test_submitted_driver_unchanged
FAILED ../../tests/test_outputs.py::test_express_parcel_keeps_todays_fuel_surcharge
FAILED ../../tests/test_outputs.py::test_express_parcel_to_a_home_keeps_todays_surcharge
========================= 2 failed, 11 passed in 0.86s =========================
