2020-12-27 06:21:38 startup archives unpack
2020-12-27 06:21:38 install logwatch:all <none> 8.11-4
2020-12-27 06:21:38 status half-installed logwatch:all 8.11-4
2020-12-27 06:21:38 configure logwatch:all 8.11-4 8.11-4
2020-12-27 06:21:38 status installed logwatch:all 8.11-4
2020-12-27 12:18:46 startup archives unpack
2020-12-27 12:18:46 install anacron:all <none> 5.16-2
2020-12-27 12:18:46 status half-installed anacron:all 5.16-2
2020-12-27 12:18:46 configure anacron:all 5.16-2 5.16-2
2020-12-27 12:18:46 status installed anacron:all 5.16-2
2020-12-27 21:07:52 startup archives unpack
2020-12-27 21:07:52 install certbot:all <none> 5.14-4
2020-12-27 21:07:52 status half-installed certbot:all 5.14-4
2020-12-27 21:07:52 configure certbot:all 5.14-4 5.14-4
2020-12-27 21:07:52 status installed certbot:all 5.14-4
2020-12-28 00:22:17 startup archives unpack
2020-12-28 00:22:17 install unattended-upgrades:all <none> 6.11-3
2020-12-28 00:22:17 status half-installed unattended-upgrades:all 6.11-3
2020-12-28 00:22:17 configure unattended-upgrades:all 6.11-3 6.11-3
2020-12-28 00:22:17 status installed unattended-upgrades:all 6.11-3
2020-12-29 23:59:07 startup archives unpack
2020-12-29 23:59:07 install needrestart:all <none> 3.6-1
2020-12-29 23:59:07 status half-installed needrestart:all 3.6-1
2020-12-29 23:59:07 configure needrestart:all 3.6-1 3.6-1
2020-12-29 23:59:07 status installed needrestart:all 3.6-1
