============================= test session starts ==============================
platform linux -- Python 3.13.12, pytest-9.1.1, pluggy-1.6.0
rootdir: /tests
plugins: json-ctrf-0.5.2
collected 26 items

../../tests/test_outputs.py ....F..FF..........F.F...F                   [100%]

=================================== FAILURES ===================================
___________________ test_rule_3_3_no_week_paid_gives_nought ____________________

    def test_rule_3_3_no_week_paid_gives_nought():
        """With nothing counting toward the base period the average weekly wage, rate and amounts are nought."""
>       check_family("no_base_wages")

/tests/test_outputs.py:268: 
_ _ _ _ _ _ _ _ _ _ _ _ _ _ _ _ _ _ _ _ _ _ _ _ _ _ _ _ _ _ _ _ _ _ _ _ _ _ _ _ 
/tests/test_outputs.py:243: in check_family
    compare(run(row["job"]), row["statements"], f"{name} job {number}")
_ _ _ _ _ _ _ _ _ _ _ _ _ _ _ _ _ _ _ _ _ _ _ _ _ _ _ _ _ _ _ _ _ _ _ _ _ _ _ _ 

actual = {'statements': [{'claim': 'W345021', 'aww': 0, 'rate': 30000, 'waiting_days': 3, ...}, {'claim': 'W440022', 'aww': 0, 'rate': 30000, 'waiting_days': 3, ...}]}
expected = {'statements': [{'claim': 'W345021', 'aww': 0, 'rate': 0, 'waiting_days': 3, ...}, {'claim': 'W440022', 'aww': 0, 'rate': 0, 'waiting_days': 3, ...}]}
label = 'no_base_wages job 0'

    def compare(actual, expected, label):
        """The whole output: one key, statements in job order, each with exactly the README's keys, every value
        but the claim number an integer (a float or a boolean is not), all equal to the expected ones."""
        assert isinstance(actual, dict) and list(actual) == ["statements"], f"{label}: top-level keys {list(actual) if isinstance(actual, dict) else actual!r}"
        got, want = actual["statements"], expected["statements"]
        assert isinstance(got, list) and len(got) == len(want), f"{label}: {len(got) if isinstance(got, list) else got!r} statements, expected {len(want)}"
        for index, (row, ref) in enumerate(zip(got, want)):
            where = f"{label} statement {index} ({ref['claim']!r})"
            assert isinstance(row, dict) and set(row) == FIELDS, f"{where}: keys {sorted(row) if isinstance(row, dict) else row!r}"
            for key in sorted(FIELDS):
>               assert type(row[key]) is type(ref[key]) and row[key] == ref[key], f"{where} {key}: {row[key]!r}, expected {ref[key]!r}"
E               AssertionError: no_base_wages job 0 statement 0 ('W345021') rate: 30000, expected 0
E               assert (<class 'int'> is <class 'int'> and 30000 == 0)
E                +  where <class 'int'> = type(30000)
E                +  and   <class 'int'> = type(0)

/tests/test_outputs.py:238: AssertionError
_______________ test_rule_2_4_row_in_force_on_the_date_of_injury _______________

    def test_rule_2_4_row_in_force_on_the_date_of_injury():
        """The maximum and minimum come from the row in force on the date of injury: the day before, on and after a change."""
>       check_family("row_in_force")

/tests/test_outputs.py:283: 
_ _ _ _ _ _ _ _ _ _ _ _ _ _ _ _ _ _ _ _ _ _ _ _ _ _ _ _ _ _ _ _ _ _ _ _ _ _ _ _ 
/tests/test_outputs.py:243: in check_family
    compare(run(row["job"]), row["statements"], f"{name} job {number}")
_ _ _ _ _ _ _ _ _ _ _ _ _ _ _ _ _ _ _ _ _ _ _ _ _ _ _ _ _ _ _ _ _ _ _ _ _ _ _ _ 

actual = {'statements': [{'claim': 'W214027', 'aww': 189278, 'rate': 80000, 'waiting_days': 3, ...}, {'claim': 'W735028', 'aww': 28928, 'rate': 38000, 'waiting_days': 3, ...}]}
expected = {'statements': [{'claim': 'W214027', 'aww': 189278, 'rate': 80000, 'waiting_days': 3, ...}, {'claim': 'W735028', 'aww': 28928, 'rate': 28928, 'waiting_days': 3, ...}]}
label = 'row_in_force job 0'

    def compare(actual, expected, label):
        """The whole output: one key, statements in job order, each with exactly the README's keys, every value
        but the claim number an integer (a float or a boolean is not), all equal to the expected ones."""
        assert isinstance(actual, dict) and list(actual) == ["statements"], f"{label}: top-level keys {list(actual) if isinstance(actual, dict) else actual!r}"
        got, want = actual["statements"], expected["statements"]
        assert isinstance(got, list) and len(got) == len(want), f"{label}: {len(got) if isinstance(got, list) else got!r} statements, expected {len(want)}"
        for index, (row, ref) in enumerate(zip(got, want)):
            where = f"{label} statement {index} ({ref['claim']!r})"
            assert isinstance(row, dict) and set(row) == FIELDS, f"{where}: keys {sorted(row) if isinstance(row, dict) else row!r}"
            for key in sorted(FIELDS):
>               assert type(row[key]) is type(ref[key]) and row[key] == ref[key], f"{where} {key}: {row[key]!r}, expected {ref[key]!r}"
E               AssertionError: row_in_force job 0 statement 1 ('W735028') rate: 38000, expected 28928
E               assert (<class 'int'> is <class 'int'> and 38000 == 28928)
E                +  where <class 'int'> = type(38000)
E                +  and   <class 'int'> = type(28928)

/tests/test_outputs.py:238: AssertionError
____________________ test_rule_3_5_low_wage_rate_is_the_aww ____________________

    def test_rule_3_5_low_wage_rate_is_the_aww():
        """An average weekly wage below the minimum is itself the weekly rate; one at the minimum is not below it."""
>       check_family("low_wage_rate")

/tests/test_outputs.py:288: 
_ _ _ _ _ _ _ _ _ _ _ _ _ _ _ _ _ _ _ _ _ _ _ _ _ _ _ _ _ _ _ _ _ _ _ _ _ _ _ _ 
/tests/test_outputs.py:243: in check_family
    compare(run(row["job"]), row["statements"], f"{name} job {number}")
_ _ _ _ _ _ _ _ _ _ _ _ _ _ _ _ _ _ _ _ _ _ _ _ _ _ _ _ _ _ _ _ _ _ _ _ _ _ _ _ 

actual = {'statements': [{'claim': 'W884039', 'aww': 44999, 'rate': 45000, 'waiting_days': 3, ...}, {'claim': 'W799040', 'aww':...000, 'rate': 45000, 'waiting_days': 3, ...}, {'claim': 'W937042', 'aww': 2000, 'rate': 45000, 'waiting_days': 3, ...}]}
expected = {'statements': [{'claim': 'W884039', 'aww': 44999, 'rate': 44999, 'waiting_days': 3, ...}, {'claim': 'W799040', 'aww':...0000, 'rate': 30000, 'waiting_days': 3, ...}, {'claim': 'W937042', 'aww': 2000, 'rate': 2000, 'waiting_days': 3, ...}]}
label = 'low_wage_rate job 0'

    def compare(actual, expected, label):
        """The whole output: one key, statements in job order, each with exactly the README's keys, every value
        but the claim number an integer (a float or a boolean is not), all equal to the expected ones."""
        assert isinstance(actual, dict) and list(actual) == ["statements"], f"{label}: top-level keys {list(actual) if isinstance(actual, dict) else actual!r}"
        got, want = actual["statements"], expected["statements"]
        assert isinstance(got, list) and len(got) == len(want), f"{label}: {len(got) if isinstance(got, list) else got!r} statements, expected {len(want)}"
        for index, (row, ref) in enumerate(zip(got, want)):
            where = f"{label} statement {index} ({ref['claim']!r})"
            assert isinstance(row, dict) and set(row) == FIELDS, f"{where}: keys {sorted(row) if isinstance(row, dict) else row!r}"
            for key in sorted(FIELDS):
>               assert type(row[key]) is type(ref[key]) and row[key] == ref[key], f"{where} {key}: {row[key]!r}, expected {ref[key]!r}"
E               AssertionError: low_wage_rate job 0 statement 0 ('W884039') rate: 45000, expected 44999
E               assert (<class 'int'> is <class 'int'> and 45000 == 44999)
E                +  where <class 'int'> = type(45000)
E                +  and   <class 'int'> = type(44999)

/tests/test_outputs.py:238: AssertionError
_______________________ test_section_one_limits_reached ________________________

    def test_section_one_limits_reached():
        """40 rate rows, 200 claims, 120 wage lines, 12 periods, 104 partial weeks, 1 and 500,000 cents, 2016 and 2035."""
>       check_family("limits_claims")

/tests/test_outputs.py:396: 
_ _ _ _ _ _ _ _ _ _ _ _ _ _ _ _ _ _ _ _ _ _ _ _ _ _ _ _ _ _ _ _ _ _ _ _ _ _ _ _ 
/tests/test_outputs.py:243: in check_family
    compare(run(row["job"]), row["statements"], f"{name} job {number}")
_ _ _ _ _ _ _ _ _ _ _ _ _ _ _ _ _ _ _ _ _ _ _ _ _ _ _ _ _ _ _ _ _ _ _ _ _ _ _ _ 

actual = {'statements': [{'claim': 'W320102', 'aww': 60512, 'rate': 40341, 'waiting_days': 3, ...}, {'claim': 'W189103', 'aww':...: 79050, 'rate': 78777, 'waiting_days': 3, ...}, {'claim': 'W667106', 'aww': 0, 'rate': 1000, 'waiting_days': 1, ...}]}
expected = {'statements': [{'claim': 'W320102', 'aww': 60512, 'rate': 40341, 'waiting_days': 3, ...}, {'claim': 'W189103', 'aww':...ww': 79050, 'rate': 78777, 'waiting_days': 3, ...}, {'claim': 'W667106', 'aww': 0, 'rate': 0, 'waiting_days': 1, ...}]}
label = 'limits_claims job 0'

    def compare(actual, expected, label):
        """The whole output: one key, statements in job order, each with exactly the README's keys, every value
        but the claim number an integer (a float or a boolean is not), all equal to the expected ones."""
        assert isinstance(actual, dict) and list(actual) == ["statements"], f"{label}: top-level keys {list(actual) if isinstance(actual, dict) else actual!r}"
        got, want = actual["statements"], expected["statements"]
        assert isinstance(got, list) and len(got) == len(want), f"{label}: {len(got) if isinstance(got, list) else got!r} statements, expected {len(want)}"
        for index, (row, ref) in enumerate(zip(got, want)):
            where = f"{label} statement {index} ({ref['claim']!r})"
            assert isinstance(row, dict) and set(row) == FIELDS, f"{where}: keys {sorted(row) if isinstance(row, dict) else row!r}"
            for key in sorted(FIELDS):
>               assert type(row[key]) is type(ref[key]) and row[key] == ref[key], f"{where} {key}: {row[key]!r}, expected {ref[key]!r}"
E               AssertionError: limits_claims job 0 statement 1 ('W189103') rate: 399999, expected 80617
E               assert (<class 'int'> is <class 'int'> and 399999 == 80617)
E                +  where <class 'int'> = type(399999)
E                +  and   <class 'int'> = type(80617)

/tests/test_outputs.py:238: AssertionError
_____________________________ test_generated_jobs ______________________________

    def test_generated_jobs():
        """Seeded jobs over the governed domain, as sealed and under fresh claim numbers and orders."""
>       check_family("generated")

/tests/test_outputs.py:445: 
_ _ _ _ _ _ _ _ _ _ _ _ _ _ _ _ _ _ _ _ _ _ _ _ _ _ _ _ _ _ _ _ _ _ _ _ _ _ _ _ 
/tests/test_outputs.py:243: in check_family
    compare(run(row["job"]), row["statements"], f"{name} job {number}")
_ _ _ _ _ _ _ _ _ _ _ _ _ _ _ _ _ _ _ _ _ _ _ _ _ _ _ _ _ _ _ _ _ _ _ _ _ _ _ _ 

actual = {'statements': [{'claim': 'W100111', 'aww': 17283, 'rate': 42712, 'waiting_days': 3, ...}, {'claim': 'W499112', 'aww':...4, 'rate': 42712, 'waiting_days': 3, ...}, {'claim': 'W835113', 'aww': 148478, 'rate': 94860, 'waiting_days': 3, ...}]}
expected = {'statements': [{'claim': 'W100111', 'aww': 17283, 'rate': 17283, 'waiting_days': 3, ...}, {'claim': 'W499112', 'aww':...4, 'rate': 36104, 'waiting_days': 3, ...}, {'claim': 'W835113', 'aww': 148478, 'rate': 94860, 'waiting_days': 3, ...}]}
label = 'generated job 1'

    def compare(actual, expected, label):
        """The whole output: one key, statements in job order, each with exactly the README's keys, every value
        but the claim number an integer (a float or a boolean is not), all equal to the expected ones."""
        assert isinstance(actual, dict) and list(actual) == ["statements"], f"{label}: top-level keys {list(actual) if isinstance(actual, dict) else actual!r}"
        got, want = actual["statements"], expected["statements"]
        assert isinstance(got, list) and len(got) == len(want), f"{label}: {len(got) if isinstance(got, list) else got!r} statements, expected {len(want)}"
        for index, (row, ref) in enumerate(zip(got, want)):
            where = f"{label} statement {index} ({ref['claim']!r})"
            assert isinstance(row, dict) and set(row) == FIELDS, f"{where}: keys {sorted(row) if isinstance(row, dict) else row!r}"
            for key in sorted(FIELDS):
>               assert type(row[key]) is type(ref[key]) and row[key] == ref[key], f"{where} {key}: {row[key]!r}, expected {ref[key]!r}"
E               AssertionError: generated job 1 statement 0 ('W100111') rate: 42712, expected 17283
E               assert (<class 'int'> is <class 'int'> and 42712 == 17283)
E                +  where <class 'int'> = type(42712)
E                +  and   <class 'int'> = type(17283)

/tests/test_outputs.py:238: AssertionError
_________________________ test_jobs_drawn_at_run_time __________________________

    def test_jobs_drawn_at_run_time():
        """Jobs with every figure and date drawn on this run, graded against the verifier's copy of the model."""
        rng = random.Random(DRAW_SEED)
        for number in range(4):
            job = _draw_job(rng)
            within_limits(job)
            assert not trap_inputs(job), f"drawn job {number} carries {trap_inputs(job)}"
            assert len({p for p, c in job["claims"][0]["wages"] if c >= WEEKS_PAY}) > 52
>           compare(run(job), manual_model.statements(job), f"drawn job {number} (seed {DRAW_SEED})")

/tests/test_outputs.py:548: 
_ _ _ _ _ _ _ _ _ _ _ _ _ _ _ _ _ _ _ _ _ _ _ _ _ _ _ _ _ _ _ _ _ _ _ _ _ _ _ _ 

actual = {'statements': [{'claim': 'H', 'aww': 2000, 'rate': 120245, 'waiting_days': 2, ...}, {'claim': '2F08F929KYPJNY9UD5D579...5, 'rate': 120245, 'waiting_days': 3, ...}, {'claim': 'S', 'aww': 14658, 'rate': 120245, 'waiting_days': 3, ...}, ...]}
expected = {'statements': [{'claim': 'H', 'aww': 2000, 'rate': 2000, 'waiting_days': 2, ...}, {'claim': '2F08F929KYPJNY9UD5D5798J...2045, 'rate': 2045, 'waiting_days': 3, ...}, {'claim': 'S', 'aww': 14658, 'rate': 14658, 'waiting_days': 3, ...}, ...]}
label = 'drawn job 0 (seed 4321660613770722877)'

    def compare(actual, expected, label):
        """The whole output: one key, statements in job order, each with exactly the README's keys, every value
        but the claim number an integer (a float or a boolean is not), all equal to the expected ones."""
        assert isinstance(actual, dict) and list(actual) == ["statements"], f"{label}: top-level keys {list(actual) if isinstance(actual, dict) else actual!r}"
        got, want = actual["statements"], expected["statements"]
        assert isinstance(got, list) and len(got) == len(want), f"{label}: {len(got) if isinstance(got, list) else got!r} statements, expected {len(want)}"
        for index, (row, ref) in enumerate(zip(got, want)):
            where = f"{label} statement {index} ({ref['claim']!r})"
            assert isinstance(row, dict) and set(row) == FIELDS, f"{where}: keys {sorted(row) if isinstance(row, dict) else row!r}"
            for key in sorted(FIELDS):
>               assert type(row[key]) is type(ref[key]) and row[key] == ref[key], f"{where} {key}: {row[key]!r}, expected {ref[key]!r}"
E               AssertionError: drawn job 0 (seed 4321660613770722877) statement 0 ('H') rate: 120245, expected 2000
E               assert (<class 'int'> is <class 'int'> and 120245 == 2000)
E                +  where <class 'int'> = type(120245)
E                +  and   <class 'int'> = type(2000)

/tests/test_outputs.py:238: AssertionError
==================================== PASSES ====================================
=========================== short test summary info ============================
PASSED ../../tests/test_outputs.py::test_rule_3_1_weeks_pay_counts_toward_the_week_it_pays
PASSED ../../tests/test_outputs.py::test_rule_2_2_line_of_exactly_2000_cents_is_a_weeks_pay
PASSED ../../tests/test_outputs.py::test_rule_2_3_base_period_ends_before_the_week_of_injury
PASSED ../../tests/test_outputs.py::test_rule_3_3_average_weekly_wage_divides_by_thirteen
PASSED ../../tests/test_outputs.py::test_rule_3_4_rate_is_two_thirds
PASSED ../../tests/test_outputs.py::test_rule_3_4_maximum_and_minimum_bound_the_rate
PASSED ../../tests/test_outputs.py::test_rule_2_5_both_ends_of_a_period_count
PASSED ../../tests/test_outputs.py::test_rule_2_6_three_waiting_days
PASSED ../../tests/test_outputs.py::test_rule_4_1_retroactive_from_fourteen_days
PASSED ../../tests/test_outputs.py::test_rule_4_3_amount_rounded_to_the_cent
PASSED ../../tests/test_outputs.py::test_rule_5_1_partial_week_pays_two_thirds_capped_at_the_rate
PASSED ../../tests/test_outputs.py::test_rule_2_8_week_of_exactly_1000_cents_is_partial_disability
PASSED ../../tests/test_outputs.py::test_rule_2_7_week_earning_the_aww_has_no_wage_loss
PASSED ../../tests/test_outputs.py::test_correction_below_a_weeks_pay_keeps_its_paydays_week
PASSED ../../tests/test_outputs.py::test_week_below_1000_cents_keeps_todays_share
PASSED ../../tests/test_outputs.py::test_statement_order_and_keys
PASSED ../../tests/test_outputs.py::test_rule_3_4_row_figures_at_their_ends_decide_the_rate
PASSED ../../tests/test_outputs.py::test_candidate_cannot_read_verifier_state
PASSED ../../tests/test_outputs.py::test_submitted_driver_unchanged
PASSED ../../tests/test_outputs.py::test_register_of_more_than_52_distinct_paydays
FAILED ../../tests/test_outputs.py::test_rule_3_3_no_week_paid_gives_nought
FAILED ../../tests/test_outputs.py::test_rule_2_4_row_in_force_on_the_date_of_injury
FAILED ../../tests/test_outputs.py::test_rule_3_5_low_wage_rate_is_the_aww - ...
FAILED ../../tests/test_outputs.py::test_section_one_limits_reached - Asserti...
FAILED ../../tests/test_outputs.py::test_generated_jobs - AssertionError: gen...
FAILED ../../tests/test_outputs.py::test_jobs_drawn_at_run_time - AssertionEr...
========================= 6 failed, 20 passed in 1.10s =========================
