============================= test session starts ==============================
platform linux -- Python 3.13.12, pytest-9.1.1, pluggy-1.6.0
rootdir: /tests
plugins: json-ctrf-0.5.2
collected 26 items

../../tests/test_outputs.py ........................FF                   [100%]

=================================== FAILURES ===================================
________________ test_register_of_more_than_52_distinct_paydays ________________

    def test_register_of_more_than_52_distinct_paydays():
        """1.4 allows a register of every Friday for 400 days before the injury to 30 after: 53 and 57 distinct
        paydays of 2,000 cents, 12 and 13 of them counting toward the base period, worked by hand."""
        rates = [{"from": "2016-01-01", "max": 400_000, "min": 1_000}]
        for lines, aww, rate in [(53, 1_846, 1_231), (57, 2_000, 1_333)]:
            paydays = [((date(2024, 1, 5) + timedelta(days=7 * k)).isoformat(), 2_000) for k in range(lines)]
            claim, statement = _worked(f"SPAN{lines}", "2025-01-06", paydays, aww, rate)
            job = {"rates": rates, "claims": [claim]}
            within_limits(job)
            assert not trap_inputs(job) and len({p for p, _c in claim["wages"]}) == lines
            assert manual_model.statements(job) == {"statements": [statement]}
>           compare(run(job), {"statements": [statement]}, f"register of {lines} distinct paydays")
                    ^^^^^^^^

/tests/test_outputs.py:486: 
_ _ _ _ _ _ _ _ _ _ _ _ _ _ _ _ _ _ _ _ _ _ _ _ _ _ _ _ _ _ _ _ _ _ _ _ _ _ _ _ 

job = {'rates': [{'from': '2016-01-01', 'max': 400000, 'min': 1000}], 'claims': [{'claim': 'SPAN53', 'injury': '2025-01-06',...4-01-26', 2000], ['2024-02-02', 2000], ['2024-02-09', 2000], ...], 'disability': [['2025-01-06', '2025-01-06']], ...}]}
shipped = False

    def run(job, shipped=False):
        """Run the driver on one job (the candidate's package, or the shipped copy); return its parsed stdout."""
        stage = tempfile.mkdtemp()
        work = tempfile.mkdtemp()
        os.chmod(stage, 0o755)
        os.chmod(work, 0o777)
        path = os.path.join(stage, "job.json")
        with open(path, "w", encoding="utf-8") as handle:
            json.dump(job, handle)
        os.chmod(path, 0o644)
        remaining = DEADLINE - time.monotonic()
        assert remaining > 0, "verifier time budget exhausted"
        uid, driver = (SHIPPED_UID, str(SHIPPED_RUN / "app" / "tools" / "tdbenefit_run.py")) if shipped else (CANDIDATE_UID, str(DELIVERED_DRIVER))
        code, out, err = run_as(uid, ["python3", "-I", "-S", driver, path], work, remaining)
        shutil.rmtree(stage, ignore_errors=True)
        shutil.rmtree(work, ignore_errors=True)
>       assert code == 0, f"driver exited {code}: {err[-2000:]}"
E       AssertionError: driver exited 1: Traceback (most recent call last):
E           File "/app/tools/tdbenefit_run.py", line 24, in <module>
E             sys.exit(main(sys.argv))
E                      ~~~~^^^^^^^^^^
E           File "/app/tools/tdbenefit_run.py", line 18, in main
E             json.dump(build_statements(job), sys.stdout)
E                       ~~~~~~~~~~~~~~~~^^^^^
E           File "/app/tools/../src/tdbenefit/statement.py", line 29, in build_statements
E             return {"statements": [claim_statement(claim, table) for claim in job["claims"]]}
E                                    ~~~~~~~~~~~~~~~^^^^^^^^^^^^^^
E           File "/app/tools/../src/tdbenefit/statement.py", line 15, in claim_statement
E             aww = average_weekly_wage(claim["wages"], injury)
E           File "/app/tools/../src/tdbenefit/payroll.py", line 41, in average_weekly_wage
E             in_base = base_period_lines(lines, injury)
E           File "/app/tools/../src/tdbenefit/payroll.py", line 36, in base_period_lines
E             return [(week, cents) for week, cents in credit_lines(lines) if week in weeks]
E                                                      ~~~~~~~~~~~~^^^^^^^
E           File "/app/tools/../src/tdbenefit/payroll.py", line 17, in credit_lines
E             raise ValueError("register holds more than 52 paydays")
E         ValueError: register holds more than 52 paydays
E         
E       assert 1 == 0

/tests/test_outputs.py:142: AssertionError
_________________________ test_jobs_drawn_at_run_time __________________________

    def test_jobs_drawn_at_run_time():
        """Jobs with every figure and date drawn on this run, graded against the verifier's copy of the model."""
        rng = random.Random(DRAW_SEED)
        for number in range(4):
            job = _draw_job(rng)
            within_limits(job)
            assert not trap_inputs(job), f"drawn job {number} carries {trap_inputs(job)}"
            assert len({p for p, c in job["claims"][0]["wages"] if c >= WEEKS_PAY}) > 52
>           compare(run(job), manual_model.statements(job), f"drawn job {number} (seed {DRAW_SEED})")
                    ^^^^^^^^

/tests/test_outputs.py:548: 
_ _ _ _ _ _ _ _ _ _ _ _ _ _ _ _ _ _ _ _ _ _ _ _ _ _ _ _ _ _ _ _ _ _ _ _ _ _ _ _ 

job = {'rates': [{'from': '2016-03-09', 'max': 327049, 'min': 273783}, {'from': '2016-05-10', 'max': 85610, 'min': 48531}, {...19-11-27'], ['2019-12-16', '2019-12-19'], ['2019-12-25', '2019-12-25'], ['2019-12-27', '2020-01-28'], ...], ...}, ...]}
shipped = False

    def run(job, shipped=False):
        """Run the driver on one job (the candidate's package, or the shipped copy); return its parsed stdout."""
        stage = tempfile.mkdtemp()
        work = tempfile.mkdtemp()
        os.chmod(stage, 0o755)
        os.chmod(work, 0o777)
        path = os.path.join(stage, "job.json")
        with open(path, "w", encoding="utf-8") as handle:
            json.dump(job, handle)
        os.chmod(path, 0o644)
        remaining = DEADLINE - time.monotonic()
        assert remaining > 0, "verifier time budget exhausted"
        uid, driver = (SHIPPED_UID, str(SHIPPED_RUN / "app" / "tools" / "tdbenefit_run.py")) if shipped else (CANDIDATE_UID, str(DELIVERED_DRIVER))
        code, out, err = run_as(uid, ["python3", "-I", "-S", driver, path], work, remaining)
        shutil.rmtree(stage, ignore_errors=True)
        shutil.rmtree(work, ignore_errors=True)
>       assert code == 0, f"driver exited {code}: {err[-2000:]}"
E       AssertionError: driver exited 1: Traceback (most recent call last):
E           File "/app/tools/tdbenefit_run.py", line 24, in <module>
E             sys.exit(main(sys.argv))
E                      ~~~~^^^^^^^^^^
E           File "/app/tools/tdbenefit_run.py", line 18, in main
E             json.dump(build_statements(job), sys.stdout)
E                       ~~~~~~~~~~~~~~~~^^^^^
E           File "/app/tools/../src/tdbenefit/statement.py", line 29, in build_statements
E             return {"statements": [claim_statement(claim, table) for claim in job["claims"]]}
E                                    ~~~~~~~~~~~~~~~^^^^^^^^^^^^^^
E           File "/app/tools/../src/tdbenefit/statement.py", line 15, in claim_statement
E             aww = average_weekly_wage(claim["wages"], injury)
E           File "/app/tools/../src/tdbenefit/payroll.py", line 41, in average_weekly_wage
E             in_base = base_period_lines(lines, injury)
E           File "/app/tools/../src/tdbenefit/payroll.py", line 36, in base_period_lines
E             return [(week, cents) for week, cents in credit_lines(lines) if week in weeks]
E                                                      ~~~~~~~~~~~~^^^^^^^
E           File "/app/tools/../src/tdbenefit/payroll.py", line 17, in credit_lines
E             raise ValueError("register holds more than 52 paydays")
E         ValueError: register holds more than 52 paydays
E         
E       assert 1 == 0

/tests/test_outputs.py:142: AssertionError
==================================== PASSES ====================================
=========================== short test summary info ============================
PASSED ../../tests/test_outputs.py::test_rule_3_1_weeks_pay_counts_toward_the_week_it_pays
PASSED ../../tests/test_outputs.py::test_rule_2_2_line_of_exactly_2000_cents_is_a_weeks_pay
PASSED ../../tests/test_outputs.py::test_rule_2_3_base_period_ends_before_the_week_of_injury
PASSED ../../tests/test_outputs.py::test_rule_3_3_average_weekly_wage_divides_by_thirteen
PASSED ../../tests/test_outputs.py::test_rule_3_3_no_week_paid_gives_nought
PASSED ../../tests/test_outputs.py::test_rule_3_4_rate_is_two_thirds
PASSED ../../tests/test_outputs.py::test_rule_3_4_maximum_and_minimum_bound_the_rate
PASSED ../../tests/test_outputs.py::test_rule_2_4_row_in_force_on_the_date_of_injury
PASSED ../../tests/test_outputs.py::test_rule_3_5_low_wage_rate_is_the_aww
PASSED ../../tests/test_outputs.py::test_rule_2_5_both_ends_of_a_period_count
PASSED ../../tests/test_outputs.py::test_rule_2_6_three_waiting_days
PASSED ../../tests/test_outputs.py::test_rule_4_1_retroactive_from_fourteen_days
PASSED ../../tests/test_outputs.py::test_rule_4_3_amount_rounded_to_the_cent
PASSED ../../tests/test_outputs.py::test_rule_5_1_partial_week_pays_two_thirds_capped_at_the_rate
PASSED ../../tests/test_outputs.py::test_rule_2_8_week_of_exactly_1000_cents_is_partial_disability
PASSED ../../tests/test_outputs.py::test_rule_2_7_week_earning_the_aww_has_no_wage_loss
PASSED ../../tests/test_outputs.py::test_correction_below_a_weeks_pay_keeps_its_paydays_week
PASSED ../../tests/test_outputs.py::test_week_below_1000_cents_keeps_todays_share
PASSED ../../tests/test_outputs.py::test_statement_order_and_keys
PASSED ../../tests/test_outputs.py::test_section_one_limits_reached
PASSED ../../tests/test_outputs.py::test_rule_3_4_row_figures_at_their_ends_decide_the_rate
PASSED ../../tests/test_outputs.py::test_generated_jobs
PASSED ../../tests/test_outputs.py::test_candidate_cannot_read_verifier_state
PASSED ../../tests/test_outputs.py::test_submitted_driver_unchanged
FAILED ../../tests/test_outputs.py::test_register_of_more_than_52_distinct_paydays
FAILED ../../tests/test_outputs.py::test_jobs_drawn_at_run_time - AssertionEr...
========================= 2 failed, 24 passed in 1.03s =========================
