============================= test session starts ==============================
platform linux -- Python 3.13.12, pytest-9.1.1, pluggy-1.6.0
rootdir: /tests
plugins: json-ctrf-0.5.2
collected 8 items

../../tests/test_outputs.py .F......                                     [100%]

=================================== FAILURES ===================================
_________________________ test_day_1_plan_meets_target _________________________

    def test_day_1_plan_meets_target():
>       check_target("day-1")

/tests/test_outputs.py:63: 
_ _ _ _ _ _ _ _ _ _ _ _ _ _ _ _ _ _ _ _ _ _ _ _ _ _ _ _ _ _ _ _ _ _ _ _ _ _ _ _ 

name = 'day-1'

    def check_target(name):
        cost = _cost(name)
>       assert cost <= TARGETS[name], f"{name}: plan costs {cost}, target is {TARGETS[name]}"
E       AssertionError: day-1: plan costs 9077225, target is 7241380
E       assert 9077225 <= 7241380

/tests/test_outputs.py:55: AssertionError
==================================== PASSES ====================================
=========================== short test summary info ============================
PASSED ../../tests/test_outputs.py::test_day_1_plan_is_valid
PASSED ../../tests/test_outputs.py::test_day_2_plan_is_valid
PASSED ../../tests/test_outputs.py::test_day_2_plan_meets_target
PASSED ../../tests/test_outputs.py::test_day_3_plan_is_valid
PASSED ../../tests/test_outputs.py::test_day_3_plan_meets_target
PASSED ../../tests/test_outputs.py::test_day_4_plan_is_valid
PASSED ../../tests/test_outputs.py::test_day_4_plan_meets_target
FAILED ../../tests/test_outputs.py::test_day_1_plan_meets_target - AssertionE...
========================= 1 failed, 7 passed in 0.11s ==========================
