{
  "axis_prechecks": {
    "coherent_contract": "mechanically_ready",
    "correct_reference_solution": "mechanically_ready",
    "deterministic_execution": "mechanically_ready",
    "protected_ground_truth": "mechanically_ready",
    "sound_verifier": "mechanically_ready"
  },
  "blockers": [],
  "deterministic_panel_precheck": "pass",
  "mode": "full",
  "profile": "builder_certified",
  "review_questions": [
    "Does the declared causal graph match the actual domain semantics?",
    "Could another contract-correct reference implementation be rejected?",
    "Are any important semantic branches absent from the authored partition inventory?"
  ],
  "schema_version": 1,
  "semantic_review_required": true,
  "status": "pass",
  "task_slug": "tbrain-gnu-sed-reimplementation",
  "task_snapshot_sha256": "1d540e54c2e83a8c84e73245eb671d5c1d4e27c2b5f0a834cc0bd4a6a8cc3d5b",
  "warnings": []
}
