============================= test session starts ==============================
platform linux -- Python 3.13.12, pytest-9.1.1, pluggy-1.6.0
rootdir: /tests
plugins: json-ctrf-0.5.2
collected 11 items

../../tests/test_outputs.py ...F...FF..                                  [100%]

=================================== FAILURES ===================================
______________________ test_rule_3_2_total_and_line_order ______________________

    def test_rule_3_2_total_and_line_order():
        """Every charge and the total, lines in file order, ids of one to ten characters."""
>       check_family("order_and_total")

/tests/test_outputs.py:236: 
_ _ _ _ _ _ _ _ _ _ _ _ _ _ _ _ _ _ _ _ _ _ _ _ _ _ _ _ _ _ _ _ _ _ _ _ _ _ _ _ 
/tests/test_outputs.py:216: in check_family
    compare(run(row["usage"]), row["statement"], f"{name} {row['usage']['account']}")
/tests/test_outputs.py:211: in compare
    _same(row[key], ref[key], f"{label} lines[{index}] ({ref['id']}) {key}")
_ _ _ _ _ _ _ _ _ _ _ _ _ _ _ _ _ _ _ _ _ _ _ _ _ _ _ _ _ _ _ _ _ _ _ _ _ _ _ _ 

actual = '0', expected = 'ZZZZZZZZZZ'
where = 'order_and_total MD2-0004 lines[0] (ZZZZZZZZZZ) id'

    def _same(actual, expected, where):
>       assert type(actual) is type(expected) and actual == expected, f"{where}: {actual!r}, expected {expected!r}"
E       AssertionError: order_and_total MD2-0004 lines[0] (ZZZZZZZZZZ) id: '0', expected 'ZZZZZZZZZZ'
E       assert (<class 'str'> is <class 'str'> and '0' == 'ZZZZZZZZZZ'
E        +  where <class 'str'> = type('0')
E        +  and   <class 'str'> = type('ZZZZZZZZZZ')
E         
E         - ZZZZZZZZZZ
E         + 0)

/tests/test_outputs.py:198: AssertionError
_________________________ test_rule_1_2_limits_reached _________________________

    def test_rule_1_2_limits_reached():
        """200 lines; 60 sessions; sessions of 1 and 2,000,000 kB; rates 1 and 500."""
        assert len(load("limits")[0]["usage"]["lines"]) == 200
>       check_family("limits")

/tests/test_outputs.py:257: 
_ _ _ _ _ _ _ _ _ _ _ _ _ _ _ _ _ _ _ _ _ _ _ _ _ _ _ _ _ _ _ _ _ _ _ _ _ _ _ _ 
/tests/test_outputs.py:216: in check_family
    compare(run(row["usage"]), row["statement"], f"{name} {row['usage']['account']}")
/tests/test_outputs.py:211: in compare
    _same(row[key], ref[key], f"{label} lines[{index}] ({ref['id']}) {key}")
_ _ _ _ _ _ _ _ _ _ _ _ _ _ _ _ _ _ _ _ _ _ _ _ _ _ _ _ _ _ _ _ _ _ _ _ _ _ _ _ 

actual = '9', expected = 'ABCDEFGHIJ'
where = 'limits MD2-0013 lines[0] (ABCDEFGHIJ) id'

    def _same(actual, expected, where):
>       assert type(actual) is type(expected) and actual == expected, f"{where}: {actual!r}, expected {expected!r}"
E       AssertionError: limits MD2-0013 lines[0] (ABCDEFGHIJ) id: '9', expected 'ABCDEFGHIJ'
E       assert (<class 'str'> is <class 'str'> and '9' == 'ABCDEFGHIJ'
E        +  where <class 'str'> = type('9')
E        +  and   <class 'str'> = type('ABCDEFGHIJ')
E         
E         - ABCDEFGHIJ
E         + 9)

/tests/test_outputs.py:198: AssertionError
_________________________ test_generated_account_files _________________________

    def test_generated_account_files():
        """Seeded files of BASIC and PLUS lines over their allowance, as sealed and under fresh labels, the account's
        name among them any string at all."""
>       check_family("generated")

/tests/test_outputs.py:277: 
_ _ _ _ _ _ _ _ _ _ _ _ _ _ _ _ _ _ _ _ _ _ _ _ _ _ _ _ _ _ _ _ _ _ _ _ _ _ _ _ 
/tests/test_outputs.py:216: in check_family
    compare(run(row["usage"]), row["statement"], f"{name} {row['usage']['account']}")
/tests/test_outputs.py:211: in compare
    _same(row[key], ref[key], f"{label} lines[{index}] ({ref['id']}) {key}")
_ _ _ _ _ _ _ _ _ _ _ _ _ _ _ _ _ _ _ _ _ _ _ _ _ _ _ _ _ _ _ _ _ _ _ _ _ _ _ _ 

actual = '7F6H1', expected = 'WF5UR40'
where = 'generated MD2-0009 lines[0] (WF5UR40) id'

    def _same(actual, expected, where):
>       assert type(actual) is type(expected) and actual == expected, f"{where}: {actual!r}, expected {expected!r}"
E       AssertionError: generated MD2-0009 lines[0] (WF5UR40) id: '7F6H1', expected 'WF5UR40'
E       assert (<class 'str'> is <class 'str'> and '7F6H1' == 'WF5UR40'
E        +  where <class 'str'> = type('7F6H1')
E        +  and   <class 'str'> = type('WF5UR40')
E         
E         - WF5UR40
E         + 7F6H1)

/tests/test_outputs.py:198: AssertionError
==================================== PASSES ====================================
=========================== short test summary info ============================
PASSED ../../tests/test_outputs.py::test_rule_2_1_sessions_in_whole_megabytes
PASSED ../../tests/test_outputs.py::test_rule_2_2_plan_allowances
PASSED ../../tests/test_outputs.py::test_rule_3_1_one_cent_after_the_first_1024_mb
PASSED ../../tests/test_outputs.py::test_flex_line_keeps_todays_allowance
PASSED ../../tests/test_outputs.py::test_line_not_over_keeps_todays_overage_and_charge
PASSED ../../tests/test_outputs.py::test_figures_left_to_todays_code_together
PASSED ../../tests/test_outputs.py::test_candidate_cannot_read_verifier_state
PASSED ../../tests/test_outputs.py::test_submitted_driver_unchanged
FAILED ../../tests/test_outputs.py::test_rule_3_2_total_and_line_order - Asse...
FAILED ../../tests/test_outputs.py::test_rule_1_2_limits_reached - AssertionE...
FAILED ../../tests/test_outputs.py::test_generated_account_files - AssertionE...
========================= 3 failed, 8 passed in 0.38s ==========================
