============================= test session starts ==============================
platform linux -- Python 3.13.12, pytest-9.1.1, pluggy-1.6.0
rootdir: /tests
plugins: json-ctrf-0.5.2
collected 8 items

../../tests/test_outputs.py FFFFFFFF                                     [100%]

=================================== FAILURES ===================================
___________________________ test_ash_roster_is_valid ___________________________

    def test_ash_roster_is_valid():
>       _penalty("ash")

/tests/test_outputs.py:45: 
_ _ _ _ _ _ _ _ _ _ _ _ _ _ _ _ _ _ _ _ _ _ _ _ _ _ _ _ _ _ _ _ _ _ _ _ _ _ _ _ 

name = 'ash'

    def _penalty(name):
        path = os.path.join(ROSTERS, name + ".json")
>       assert os.path.isfile(path), f"no roster at {path}"
E       AssertionError: no roster at /app/rosters/ash.json
E       assert False
E        +  where False = <function isfile at 0xffff96c16ac0>('/app/rosters/ash.json')
E        +    where <function isfile at 0xffff96c16ac0> = <module 'posixpath' (frozen)>.isfile
E        +      where <module 'posixpath' (frozen)> = os.path

/tests/test_outputs.py:31: AssertionError
_________________________ test_ash_roster_meets_target _________________________

    def test_ash_roster_meets_target():
>       check_target("ash")

/tests/test_outputs.py:49: 
_ _ _ _ _ _ _ _ _ _ _ _ _ _ _ _ _ _ _ _ _ _ _ _ _ _ _ _ _ _ _ _ _ _ _ _ _ _ _ _ 
/tests/test_outputs.py:40: in check_target
    penalty = _penalty(name)
              ^^^^^^^^^^^^^^
_ _ _ _ _ _ _ _ _ _ _ _ _ _ _ _ _ _ _ _ _ _ _ _ _ _ _ _ _ _ _ _ _ _ _ _ _ _ _ _ 

name = 'ash'

    def _penalty(name):
        path = os.path.join(ROSTERS, name + ".json")
>       assert os.path.isfile(path), f"no roster at {path}"
E       AssertionError: no roster at /app/rosters/ash.json
E       assert False
E        +  where False = <function isfile at 0xffff96c16ac0>('/app/rosters/ash.json')
E        +    where <function isfile at 0xffff96c16ac0> = <module 'posixpath' (frozen)>.isfile
E        +      where <module 'posixpath' (frozen)> = os.path

/tests/test_outputs.py:31: AssertionError
__________________________ test_birch_roster_is_valid __________________________

    def test_birch_roster_is_valid():
>       _penalty("birch")

/tests/test_outputs.py:53: 
_ _ _ _ _ _ _ _ _ _ _ _ _ _ _ _ _ _ _ _ _ _ _ _ _ _ _ _ _ _ _ _ _ _ _ _ _ _ _ _ 

name = 'birch'

    def _penalty(name):
        path = os.path.join(ROSTERS, name + ".json")
>       assert os.path.isfile(path), f"no roster at {path}"
E       AssertionError: no roster at /app/rosters/birch.json
E       assert False
E        +  where False = <function isfile at 0xffff96c16ac0>('/app/rosters/birch.json')
E        +    where <function isfile at 0xffff96c16ac0> = <module 'posixpath' (frozen)>.isfile
E        +      where <module 'posixpath' (frozen)> = os.path

/tests/test_outputs.py:31: AssertionError
________________________ test_birch_roster_meets_target ________________________

    def test_birch_roster_meets_target():
>       check_target("birch")

/tests/test_outputs.py:57: 
_ _ _ _ _ _ _ _ _ _ _ _ _ _ _ _ _ _ _ _ _ _ _ _ _ _ _ _ _ _ _ _ _ _ _ _ _ _ _ _ 
/tests/test_outputs.py:40: in check_target
    penalty = _penalty(name)
              ^^^^^^^^^^^^^^
_ _ _ _ _ _ _ _ _ _ _ _ _ _ _ _ _ _ _ _ _ _ _ _ _ _ _ _ _ _ _ _ _ _ _ _ _ _ _ _ 

name = 'birch'

    def _penalty(name):
        path = os.path.join(ROSTERS, name + ".json")
>       assert os.path.isfile(path), f"no roster at {path}"
E       AssertionError: no roster at /app/rosters/birch.json
E       assert False
E        +  where False = <function isfile at 0xffff96c16ac0>('/app/rosters/birch.json')
E        +    where <function isfile at 0xffff96c16ac0> = <module 'posixpath' (frozen)>.isfile
E        +      where <module 'posixpath' (frozen)> = os.path

/tests/test_outputs.py:31: AssertionError
__________________________ test_cedar_roster_is_valid __________________________

    def test_cedar_roster_is_valid():
>       _penalty("cedar")

/tests/test_outputs.py:61: 
_ _ _ _ _ _ _ _ _ _ _ _ _ _ _ _ _ _ _ _ _ _ _ _ _ _ _ _ _ _ _ _ _ _ _ _ _ _ _ _ 

name = 'cedar'

    def _penalty(name):
        path = os.path.join(ROSTERS, name + ".json")
>       assert os.path.isfile(path), f"no roster at {path}"
E       AssertionError: no roster at /app/rosters/cedar.json
E       assert False
E        +  where False = <function isfile at 0xffff96c16ac0>('/app/rosters/cedar.json')
E        +    where <function isfile at 0xffff96c16ac0> = <module 'posixpath' (frozen)>.isfile
E        +      where <module 'posixpath' (frozen)> = os.path

/tests/test_outputs.py:31: AssertionError
________________________ test_cedar_roster_meets_target ________________________

    def test_cedar_roster_meets_target():
>       check_target("cedar")

/tests/test_outputs.py:65: 
_ _ _ _ _ _ _ _ _ _ _ _ _ _ _ _ _ _ _ _ _ _ _ _ _ _ _ _ _ _ _ _ _ _ _ _ _ _ _ _ 
/tests/test_outputs.py:40: in check_target
    penalty = _penalty(name)
              ^^^^^^^^^^^^^^
_ _ _ _ _ _ _ _ _ _ _ _ _ _ _ _ _ _ _ _ _ _ _ _ _ _ _ _ _ _ _ _ _ _ _ _ _ _ _ _ 

name = 'cedar'

    def _penalty(name):
        path = os.path.join(ROSTERS, name + ".json")
>       assert os.path.isfile(path), f"no roster at {path}"
E       AssertionError: no roster at /app/rosters/cedar.json
E       assert False
E        +  where False = <function isfile at 0xffff96c16ac0>('/app/rosters/cedar.json')
E        +    where <function isfile at 0xffff96c16ac0> = <module 'posixpath' (frozen)>.isfile
E        +      where <module 'posixpath' (frozen)> = os.path

/tests/test_outputs.py:31: AssertionError
__________________________ test_dale_roster_is_valid ___________________________

    def test_dale_roster_is_valid():
>       _penalty("dale")

/tests/test_outputs.py:69: 
_ _ _ _ _ _ _ _ _ _ _ _ _ _ _ _ _ _ _ _ _ _ _ _ _ _ _ _ _ _ _ _ _ _ _ _ _ _ _ _ 

name = 'dale'

    def _penalty(name):
        path = os.path.join(ROSTERS, name + ".json")
>       assert os.path.isfile(path), f"no roster at {path}"
E       AssertionError: no roster at /app/rosters/dale.json
E       assert False
E        +  where False = <function isfile at 0xffff96c16ac0>('/app/rosters/dale.json')
E        +    where <function isfile at 0xffff96c16ac0> = <module 'posixpath' (frozen)>.isfile
E        +      where <module 'posixpath' (frozen)> = os.path

/tests/test_outputs.py:31: AssertionError
________________________ test_dale_roster_meets_target _________________________

    def test_dale_roster_meets_target():
>       check_target("dale")

/tests/test_outputs.py:73: 
_ _ _ _ _ _ _ _ _ _ _ _ _ _ _ _ _ _ _ _ _ _ _ _ _ _ _ _ _ _ _ _ _ _ _ _ _ _ _ _ 
/tests/test_outputs.py:40: in check_target
    penalty = _penalty(name)
              ^^^^^^^^^^^^^^
_ _ _ _ _ _ _ _ _ _ _ _ _ _ _ _ _ _ _ _ _ _ _ _ _ _ _ _ _ _ _ _ _ _ _ _ _ _ _ _ 

name = 'dale'

    def _penalty(name):
        path = os.path.join(ROSTERS, name + ".json")
>       assert os.path.isfile(path), f"no roster at {path}"
E       AssertionError: no roster at /app/rosters/dale.json
E       assert False
E        +  where False = <function isfile at 0xffff96c16ac0>('/app/rosters/dale.json')
E        +    where <function isfile at 0xffff96c16ac0> = <module 'posixpath' (frozen)>.isfile
E        +      where <module 'posixpath' (frozen)> = os.path

/tests/test_outputs.py:31: AssertionError
=========================== short test summary info ============================
FAILED ../../tests/test_outputs.py::test_ash_roster_is_valid - AssertionError...
FAILED ../../tests/test_outputs.py::test_ash_roster_meets_target - AssertionE...
FAILED ../../tests/test_outputs.py::test_birch_roster_is_valid - AssertionErr...
FAILED ../../tests/test_outputs.py::test_birch_roster_meets_target - Assertio...
FAILED ../../tests/test_outputs.py::test_cedar_roster_is_valid - AssertionErr...
FAILED ../../tests/test_outputs.py::test_cedar_roster_meets_target - Assertio...
FAILED ../../tests/test_outputs.py::test_dale_roster_is_valid - AssertionErro...
FAILED ../../tests/test_outputs.py::test_dale_roster_meets_target - Assertion...
============================== 8 failed in 0.03s ===============================
