============================= test session starts ==============================
platform linux -- Python 3.13.12, pytest-9.1.1, pluggy-1.6.0
rootdir: /tests
plugins: json-ctrf-0.5.2
collected 16 items

../../tests/test_outputs.py ...FF.F....FF...                             [100%]

=================================== FAILURES ===================================
_________________________ test_rule_3_3_refuelling_fee _________________________

    def test_rule_3_3_refuelling_fee():
        """Each eighth short at the fuel rate plus the 1,500-cent refuelling fee."""
>       check_family("refuelling")

/tests/test_outputs.py:252: 
_ _ _ _ _ _ _ _ _ _ _ _ _ _ _ _ _ _ _ _ _ _ _ _ _ _ _ _ _ _ _ _ _ _ _ _ _ _ _ _ 
/tests/test_outputs.py:232: in check_family
    compare(bill_run(row["agreements"]), row["bills"], f"{name} {row['agreements']['branch']}")
/tests/test_outputs.py:221: in compare
    _same(actual[key], expected[key], f"{label} {key}")
_ _ _ _ _ _ _ _ _ _ _ _ _ _ _ _ _ _ _ _ _ _ _ _ _ _ _ _ _ _ _ _ _ _ _ _ _ _ _ _ 

actual = 60899, expected = 66899, where = 'refuelling RC3-0006 revenue'

    def _same(actual, expected, where):
>       assert type(actual) is type(expected) and actual == expected, f"{where}: {actual!r}, expected {expected!r}"
E       AssertionError: refuelling RC3-0006 revenue: 60899, expected 66899
E       assert (<class 'int'> is <class 'int'> and 60899 == 66899)
E        +  where <class 'int'> = type(60899)
E        +  and   <class 'int'> = type(66899)

/tests/test_outputs.py:214: AssertionError
_______________________ test_rule_4_1_fuel_is_not_taxed ________________________

    def test_rule_4_1_fuel_is_not_taxed():
        """Tax is 8.25 per cent of the time and mileage charges only."""
>       check_family("tax_base")

/tests/test_outputs.py:257: 
_ _ _ _ _ _ _ _ _ _ _ _ _ _ _ _ _ _ _ _ _ _ _ _ _ _ _ _ _ _ _ _ _ _ _ _ _ _ _ _ 
/tests/test_outputs.py:232: in check_family
    compare(bill_run(row["agreements"]), row["bills"], f"{name} {row['agreements']['branch']}")
/tests/test_outputs.py:221: in compare
    _same(actual[key], expected[key], f"{label} {key}")
_ _ _ _ _ _ _ _ _ _ _ _ _ _ _ _ _ _ _ _ _ _ _ _ _ _ _ _ _ _ _ _ _ _ _ _ _ _ _ _ 

actual = 58708, expected = 60208, where = 'tax_base RC3-0007 revenue'

    def _same(actual, expected, where):
>       assert type(actual) is type(expected) and actual == expected, f"{where}: {actual!r}, expected {expected!r}"
E       AssertionError: tax_base RC3-0007 revenue: 58708, expected 60208
E       assert (<class 'int'> is <class 'int'> and 58708 == 60208)
E        +  where <class 'int'> = type(58708)
E        +  and   <class 'int'> = type(60208)

/tests/test_outputs.py:214: AssertionError
_______________________ test_bill_order_and_file_totals ________________________

    def test_bill_order_and_file_totals():
        """Bills in file order; revenue and tax summed over the file."""
>       check_family("order_and_totals")

/tests/test_outputs.py:267: 
_ _ _ _ _ _ _ _ _ _ _ _ _ _ _ _ _ _ _ _ _ _ _ _ _ _ _ _ _ _ _ _ _ _ _ _ _ _ _ _ 
/tests/test_outputs.py:232: in check_family
    compare(bill_run(row["agreements"]), row["bills"], f"{name} {row['agreements']['branch']}")
/tests/test_outputs.py:221: in compare
    _same(actual[key], expected[key], f"{label} {key}")
_ _ _ _ _ _ _ _ _ _ _ _ _ _ _ _ _ _ _ _ _ _ _ _ _ _ _ _ _ _ _ _ _ _ _ _ _ _ _ _ 

actual = 106803, expected = 108303, where = 'order_and_totals RC3-0010 revenue'

    def _same(actual, expected, where):
>       assert type(actual) is type(expected) and actual == expected, f"{where}: {actual!r}, expected {expected!r}"
E       AssertionError: order_and_totals RC3-0010 revenue: 106803, expected 108303
E       assert (<class 'int'> is <class 'int'> and 106803 == 108303)
E        +  where <class 'int'> = type(106803)
E        +  and   <class 'int'> = type(108303)

/tests/test_outputs.py:214: AssertionError
_________________________ test_rule_1_3_limits_reached _________________________

    def test_rule_1_3_limits_reached():
        """200 agreements; 60-day and one-day rentals; the years 2000 and 2099; every rate and reading at its ends."""
        rows = load("limits")
        assert len(rows[0]["agreements"]["agreements"]) == 200
>       check_family("limits")

/tests/test_outputs.py:294: 
_ _ _ _ _ _ _ _ _ _ _ _ _ _ _ _ _ _ _ _ _ _ _ _ _ _ _ _ _ _ _ _ _ _ _ _ _ _ _ _ 
/tests/test_outputs.py:232: in check_family
    compare(bill_run(row["agreements"]), row["bills"], f"{name} {row['agreements']['branch']}")
/tests/test_outputs.py:221: in compare
    _same(actual[key], expected[key], f"{label} {key}")
_ _ _ _ _ _ _ _ _ _ _ _ _ _ _ _ _ _ _ _ _ _ _ _ _ _ _ _ _ _ _ _ _ _ _ _ _ _ _ _ 

actual = 119774712, expected = 120074712, where = 'limits RC3-0019 revenue'

    def _same(actual, expected, where):
>       assert type(actual) is type(expected) and actual == expected, f"{where}: {actual!r}, expected {expected!r}"
E       AssertionError: limits RC3-0019 revenue: 119774712, expected 120074712
E       assert (<class 'int'> is <class 'int'> and 119774712 == 120074712)
E        +  where <class 'int'> = type(119774712)
E        +  and   <class 'int'> = type(120074712)

/tests/test_outputs.py:214: AssertionError
________________________ test_generated_agreement_files ________________________

    def test_generated_agreement_files():
        """Seeded day rentals over the rest of the rule 1.3 domain, as sealed and under fresh labels: every file twice,
        under branch names that are empty, one letter, long, non-ASCII, quoted, backslashed, spaced or freshly drawn."""
>       check_family("generated")

/tests/test_outputs.py:325: 
_ _ _ _ _ _ _ _ _ _ _ _ _ _ _ _ _ _ _ _ _ _ _ _ _ _ _ _ _ _ _ _ _ _ _ _ _ _ _ _ 
/tests/test_outputs.py:232: in check_family
    compare(bill_run(row["agreements"]), row["bills"], f"{name} {row['agreements']['branch']}")
/tests/test_outputs.py:221: in compare
    _same(actual[key], expected[key], f"{label} {key}")
_ _ _ _ _ _ _ _ _ _ _ _ _ _ _ _ _ _ _ _ _ _ _ _ _ _ _ _ _ _ _ _ _ _ _ _ _ _ _ _ 

actual = 11666654, expected = 11680154, where = 'generated RC3-0015 revenue'

    def _same(actual, expected, where):
>       assert type(actual) is type(expected) and actual == expected, f"{where}: {actual!r}, expected {expected!r}"
E       AssertionError: generated RC3-0015 revenue: 11666654, expected 11680154
E       assert (<class 'int'> is <class 'int'> and 11666654 == 11680154)
E        +  where <class 'int'> = type(11666654)
E        +  and   <class 'int'> = type(11680154)

/tests/test_outputs.py:214: AssertionError
==================================== PASSES ====================================
=========================== short test summary info ============================
PASSED ../../tests/test_outputs.py::test_rule_2_3_whole_days_and_59_minutes_free
PASSED ../../tests/test_outputs.py::test_rule_3_2_allowance_150_miles_a_day
PASSED ../../tests/test_outputs.py::test_rule_2_4_odometer_turns_over
PASSED ../../tests/test_outputs.py::test_rule_1_2_tax_half_cent_goes_up
PASSED ../../tests/test_outputs.py::test_rental_under_a_day_keeps_todays_days
PASSED ../../tests/test_outputs.py::test_rule_3_2_allowance_on_a_rental_under_a_day
PASSED ../../tests/test_outputs.py::test_car_back_as_full_or_fuller_keeps_todays_fuel_charge
PASSED ../../tests/test_outputs.py::test_figures_left_to_todays_code_together
PASSED ../../tests/test_outputs.py::test_candidate_cannot_read_verifier_state
PASSED ../../tests/test_outputs.py::test_only_the_package_changed
PASSED ../../tests/test_outputs.py::test_submitted_driver_unchanged
FAILED ../../tests/test_outputs.py::test_rule_3_3_refuelling_fee - AssertionE...
FAILED ../../tests/test_outputs.py::test_rule_4_1_fuel_is_not_taxed - Asserti...
FAILED ../../tests/test_outputs.py::test_bill_order_and_file_totals - Asserti...
FAILED ../../tests/test_outputs.py::test_rule_1_3_limits_reached - AssertionE...
FAILED ../../tests/test_outputs.py::test_generated_agreement_files - Assertio...
========================= 5 failed, 11 passed in 0.58s =========================
