============================= test session starts ==============================
platform linux -- Python 3.13.12, pytest-9.1.1, pluggy-1.6.0
rootdir: /tests
plugins: json-ctrf-0.5.2
collected 17 items

../../tests/test_outputs.py .................                            [100%]

==================================== PASSES ====================================
=========================== short test summary info ============================
PASSED ../../tests/test_outputs.py::test_binary_input
PASSED ../../tests/test_outputs.py::test_context
PASSED ../../tests/test_outputs.py::test_files_and_status
PASSED ../../tests/test_outputs.py::test_mixed_1
PASSED ../../tests/test_outputs.py::test_mixed_2
PASSED ../../tests/test_outputs.py::test_mixed_3
PASSED ../../tests/test_outputs.py::test_mixed_4
PASSED ../../tests/test_outputs.py::test_mixed_5
PASSED ../../tests/test_outputs.py::test_mixed_6
PASSED ../../tests/test_outputs.py::test_mixed_7
PASSED ../../tests/test_outputs.py::test_mixed_8
PASSED ../../tests/test_outputs.py::test_null_data
PASSED ../../tests/test_outputs.py::test_only_matching
PASSED ../../tests/test_outputs.py::test_output_controls
PASSED ../../tests/test_outputs.py::test_patterns
PASSED ../../tests/test_outputs.py::test_launcher_stops_delegation_and_foreign_code
PASSED ../../tests/test_outputs.py::test_delivered_package_is_standard_library_python
======================== 17 passed in 116.54s (0:01:56) ========================
