============================= test session starts ==============================
platform linux -- Python 3.13.12, pytest-9.1.1, pluggy-1.6.0
rootdir: /tests
plugins: json-ctrf-0.5.2
collected 8 items

../../tests/test_outputs.py .F......                                     [100%]

=================================== FAILURES ===================================
_________________________ test_mon_layout_meets_target _________________________

    def test_mon_layout_meets_target():
>       check_target("mon")

/tests/test_outputs.py:49: 
_ _ _ _ _ _ _ _ _ _ _ _ _ _ _ _ _ _ _ _ _ _ _ _ _ _ _ _ _ _ _ _ _ _ _ _ _ _ _ _ 

name = 'mon'

    def check_target(name):
        cost = _cost(name)
>       assert cost <= TARGETS[name], f"{name}: layout costs {cost}, target is {TARGETS[name]}"
E       AssertionError: mon: layout costs 7114, target is 4635
E       assert 7114 <= 4635

/tests/test_outputs.py:41: AssertionError
==================================== PASSES ====================================
=========================== short test summary info ============================
PASSED ../../tests/test_outputs.py::test_mon_layout_is_valid
PASSED ../../tests/test_outputs.py::test_wed_layout_is_valid
PASSED ../../tests/test_outputs.py::test_wed_layout_meets_target
PASSED ../../tests/test_outputs.py::test_fri_layout_is_valid
PASSED ../../tests/test_outputs.py::test_fri_layout_meets_target
PASSED ../../tests/test_outputs.py::test_sat_layout_is_valid
PASSED ../../tests/test_outputs.py::test_sat_layout_meets_target
FAILED ../../tests/test_outputs.py::test_mon_layout_meets_target - AssertionE...
========================= 1 failed, 7 passed in 0.18s ==========================
