============================= test session starts ==============================
platform linux -- Python 3.13.12, pytest-9.1.1, pluggy-1.6.0
rootdir: /tests
plugins: json-ctrf-0.5.2
collected 27 items

../../tests/test_outputs.py ..F................FFFFFFFF                  [100%]

=================================== FAILURES ===================================
__________________________ test_append_insert_change ___________________________

    def test_append_insert_change():
>       check("append_insert_change")

/tests/test_outputs.py:228: 
_ _ _ _ _ _ _ _ _ _ _ _ _ _ _ _ _ _ _ _ _ _ _ _ _ _ _ _ _ _ _ _ _ _ _ _ _ _ _ _ 

family = 'append_insert_change'

    def check(family):
        cases = [c for c in CASES if c["family"] == family]
        assert cases, f"no cases for {family}"
        # each case runs in its own fresh directories, so cases are independent and can run
        # side by side; map() keeps the corpus order, so the first failure reported is stable
        with ThreadPoolExecutor(max_workers=WORKERS) as pool:
            results = list(pool.map(lambda case: (case, run([GNU_ED], case), run(DEMOTE + CANDIDATE, case)), cases))
        failures = [(case, want, got) for case, want, got in results if got != want]
        if failures:
            case, want, got = failures[0]
            detail = (f"{len(failures)} of {len(cases)} cases differ; first: ed {case['args']!r} with "
                      f"files {[n for n, _t in case['files']]} and script {case['script']!r} on a "
                      f"{case['stdin']}: expected output {want[0]!r} (zero status: {want[1]}, files: "
                      f"{want[2]!r}), got {got[0]!r} (zero status: {got[1]}, files: {got[2]!r})")
>           raise AssertionError(detail)
E           AssertionError: 2 of 45 cases differ; first: ed ['-s', 'f.txt'] with files ['f.txt'] and script '1ap\nb\n.\nQ\n' on a pipe: expected output b'b\n' (zero status: True, files: {'f.txt': b'a\n'}), got b'' (zero status: True, files: {'f.txt': b'a\n'})

/tests/test_outputs.py:179: AssertionError
_______________________________ test_generated_1 _______________________________

    def test_generated_1():
>       check("generated_1")

/tests/test_outputs.py:296: 
_ _ _ _ _ _ _ _ _ _ _ _ _ _ _ _ _ _ _ _ _ _ _ _ _ _ _ _ _ _ _ _ _ _ _ _ _ _ _ _ 

family = 'generated_1'

    def check(family):
        cases = [c for c in CASES if c["family"] == family]
        assert cases, f"no cases for {family}"
        # each case runs in its own fresh directories, so cases are independent and can run
        # side by side; map() keeps the corpus order, so the first failure reported is stable
        with ThreadPoolExecutor(max_workers=WORKERS) as pool:
            results = list(pool.map(lambda case: (case, run([GNU_ED], case), run(DEMOTE + CANDIDATE, case)), cases))
        failures = [(case, want, got) for case, want, got in results if got != want]
        if failures:
            case, want, got = failures[0]
            detail = (f"{len(failures)} of {len(cases)} cases differ; first: ed {case['args']!r} with "
                      f"files {[n for n, _t in case['files']]} and script {case['script']!r} on a "
                      f"{case['stdin']}: expected output {want[0]!r} (zero status: {want[1]}, files: "
                      f"{want[2]!r}), got {got[0]!r} (zero status: {got[1]}, files: {got[2]!r})")
>           raise AssertionError(detail)
E           AssertionError: 11 of 80 cases differ; first: ed ['-sl', 'f.txt'] with files ['f.txt', 'other.txt'] and script ',v;[a;p\nap\nq y\nq y\n.\n;p\nkb\nQ\n' on a pipe: expected output b'?\nq y\nq y\n' (zero status: True, files: {'f.txt': b'[-a]\nab*c\ntab\there\ntt th t\n123\nfoo bar foo\n123\n', 'other.txt': b'/slash/\n  lead\nepsilon five\ntrail  \n#hash\na|b\nab*c\ne.e\n  lead\n0\ndelta four\ne.e\n123\na.b\n'}), got b'?\nq y\n' (zero status: True, files: {'f.txt': b'[-a]\nab*c\ntab\there\ntt th t\n123\nfoo bar foo\n123\n', 'other.txt': b'/slash/\n  lead\nepsilon five\ntrail  \n#hash\na|b\nab*c\ne.e\n  lead\n0\ndelta four\ne.e\n123\na.b\n'})

/tests/test_outputs.py:179: AssertionError
_______________________________ test_generated_2 _______________________________

    def test_generated_2():
>       check("generated_2")

/tests/test_outputs.py:300: 
_ _ _ _ _ _ _ _ _ _ _ _ _ _ _ _ _ _ _ _ _ _ _ _ _ _ _ _ _ _ _ _ _ _ _ _ _ _ _ _ 

family = 'generated_2'

    def check(family):
        cases = [c for c in CASES if c["family"] == family]
        assert cases, f"no cases for {family}"
        # each case runs in its own fresh directories, so cases are independent and can run
        # side by side; map() keeps the corpus order, so the first failure reported is stable
        with ThreadPoolExecutor(max_workers=WORKERS) as pool:
            results = list(pool.map(lambda case: (case, run([GNU_ED], case), run(DEMOTE + CANDIDATE, case)), cases))
        failures = [(case, want, got) for case, want, got in results if got != want]
        if failures:
            case, want, got = failures[0]
            detail = (f"{len(failures)} of {len(cases)} cases differ; first: ed {case['args']!r} with "
                      f"files {[n for n, _t in case['files']]} and script {case['script']!r} on a "
                      f"{case['stdin']}: expected output {want[0]!r} (zero status: {want[1]}, files: "
                      f"{want[2]!r}), got {got[0]!r} (zero status: {got[1]}, files: {got[2]!r})")
>           raise AssertionError(detail)
E           AssertionError: 5 of 80 cases differ; first: ed ['f.txt'] with files ['f.txt', 'other.txt'] and script ",s|a|\\n|gp\n,7-s,[-a],&&,pn\n5,10apn\na|b\ne.e\n.\n2,1p\n8,'ag#a\\{0\\}#\ns;[[:punct:]];&&;gn\n4u\n,p\n" on a pipe: expected output b'62\nn|b\n?\n12\te.e\n?\n?\n12\te..e\n?\nbetn two\nunder_score\nnnn\n/slnsh/\ndeltn four\n0\n{2}\nn.b\nn|b\nn|b\na|b\ne..e\n?\n' (zero status: False, files: {'f.txt': b'beta two\nunder_score\naaa\n/slash/\ndelta four\n0\n{2}\na.b\na|b\na|b\n', 'other.txt': b'a|b\nunder_score\nbeta two\nbeta two\na-b\nx1 y2 z3\n0\na-b\ntab\there\ne.e\na|b\nMixed Case\nMixed Case\n'}), got b'62\nn|b\n?\n?\n?\n12\te..e\n?\nbetn two\nunder_score\nnnn\n/slnsh/\ndeltn four\n0\n{2}\nn.b\nn|b\nn|b\na|b\ne..e\n?\n' (zero status: False, files: {'f.txt': b'beta two\nunder_score\naaa\n/slash/\ndelta four\n0\n{2}\na.b\na|b\na|b\n', 'other.txt': b'a|b\nunder_score\nbeta two\nbeta two\na-b\nx1 y2 z3\n0\na-b\ntab\there\ne.e\na|b\nMixed Case\nMixed Case\n'})

/tests/test_outputs.py:179: AssertionError
_______________________________ test_generated_3 _______________________________

    def test_generated_3():
>       check("generated_3")

/tests/test_outputs.py:304: 
_ _ _ _ _ _ _ _ _ _ _ _ _ _ _ _ _ _ _ _ _ _ _ _ _ _ _ _ _ _ _ _ _ _ _ _ _ _ _ _ 

family = 'generated_3'

    def check(family):
        cases = [c for c in CASES if c["family"] == family]
        assert cases, f"no cases for {family}"
        # each case runs in its own fresh directories, so cases are independent and can run
        # side by side; map() keeps the corpus order, so the first failure reported is stable
        with ThreadPoolExecutor(max_workers=WORKERS) as pool:
            results = list(pool.map(lambda case: (case, run([GNU_ED], case), run(DEMOTE + CANDIDATE, case)), cases))
        failures = [(case, want, got) for case, want, got in results if got != want]
        if failures:
            case, want, got = failures[0]
            detail = (f"{len(failures)} of {len(cases)} cases differ; first: ed {case['args']!r} with "
                      f"files {[n for n, _t in case['files']]} and script {case['script']!r} on a "
                      f"{case['stdin']}: expected output {want[0]!r} (zero status: {want[1]}, files: "
                      f"{want[2]!r}), got {got[0]!r} (zero status: {got[1]}, files: {got[2]!r})")
>           raise AssertionError(detail)
E           AssertionError: 6 of 80 cases differ; first: ed ['f.txt', '-E', '-s'] with files ['f.txt', 'other.txt'] and script '$t9\n,n\napn\n.\np\n??-t/[[:digit:]]+/np\n# note\nc\nbeta\n.\n,p\n' on a pipe: expected output b'1\t[-a]\n2\tab*c\n3\tab*c\n4\tunder_score\n5\tback\\slash\n6\tepsilon five\n7\tdelta four\n8\tunder_score\n9\tfoo bar foo\n10\tab*c\n11\tbeta two\n12\tab*c\n12\tab*c\nab*c\n?\n[-a]\nab*c\nab*c\nunder_score\nback\\slash\nepsilon five\ndelta four\nunder_score\nfoo bar foo\nab*c\nbeta two\nbeta\n?\n' (zero status: False, files: {'f.txt': b'[-a]\nab*c\nab*c\nunder_score\nback\\slash\nepsilon five\ndelta four\nunder_score\nfoo bar foo\nbeta two\nab*c\n', 'other.txt': b'phalp\na!b\nphalp\n'}), got b'1\t[-a]\n2\tab*c\n3\tab*c\n4\tunder_score\n5\tback\\slash\n6\tepsilon five\n7\tdelta four\n8\tunder_score\n9\tfoo bar foo\n10\tab*c\n11\tbeta two\n12\tab*c\nab*c\n?\n[-a]\nab*c\nab*c\nunder_score\nback\\slash\nepsilon five\ndelta four\nunder_score\nfoo bar foo\nab*c\nbeta two\nbeta\n?\n' (zero status: False, files: {'f.txt': b'[-a]\nab*c\nab*c\nunder_score\nback\\slash\nepsilon five\ndelta four\nunder_score\nfoo bar foo\nbeta two\nab*c\n', 'other.txt': b'phalp\na!b\nphalp\n'})

/tests/test_outputs.py:179: AssertionError
_______________________________ test_generated_4 _______________________________

    def test_generated_4():
>       check("generated_4")

/tests/test_outputs.py:308: 
_ _ _ _ _ _ _ _ _ _ _ _ _ _ _ _ _ _ _ _ _ _ _ _ _ _ _ _ _ _ _ _ _ _ _ _ _ _ _ _ 

family = 'generated_4'

    def check(family):
        cases = [c for c in CASES if c["family"] == family]
        assert cases, f"no cases for {family}"
        # each case runs in its own fresh directories, so cases are independent and can run
        # side by side; map() keeps the corpus order, so the first failure reported is stable
        with ThreadPoolExecutor(max_workers=WORKERS) as pool:
            results = list(pool.map(lambda case: (case, run([GNU_ED], case), run(DEMOTE + CANDIDATE, case)), cases))
        failures = [(case, want, got) for case, want, got in results if got != want]
        if failures:
            case, want, got = failures[0]
            detail = (f"{len(failures)} of {len(cases)} cases differ; first: ed {case['args']!r} with "
                      f"files {[n for n, _t in case['files']]} and script {case['script']!r} on a "
                      f"{case['stdin']}: expected output {want[0]!r} (zero status: {want[1]}, files: "
                      f"{want[2]!r}), got {got[0]!r} (zero status: {got[1]}, files: {got[2]!r})")
>           raise AssertionError(detail)
E           AssertionError: 9 of 80 cases differ; first: ed ['-l', 'new.txt'] with files ['f.txt', 'other.txt'] and script 'a\nunder_score\ntab\there\n\nMixed Case\ngamma three\ndelta four\ne.e\na!b\n.\nu\nap\nq y\n\nbeta\n.\n$s/\\(ab\\)*/E/gp\nupp\n\nWmissing.txt\nw\n' on a pipe: expected output b'beta\n?\n?\n?\n?\n10\n' (zero status: True, files: {'f.txt': b'trail  \nunder_score\ntrail  \na!b\n\nab*c\ndelta four\n0\nepsilon five\n  lead\nalpha one\n  lead\ngamma three\ntrail  \n', 'new.txt': b'q y\n\nbeta\n', 'other.txt': b'abab\n0\na!b\nx1 y2 z3\ntab\there\naaa\n  lead\n[-a]\nepsilon five\n\nalpha one\nab*c\nphalp\n'}), got b'?\n?\n?\n?\n10\n' (zero status: True, files: {'f.txt': b'trail  \nunder_score\ntrail  \na!b\n\nab*c\ndelta four\n0\nepsilon five\n  lead\nalpha one\n  lead\ngamma three\ntrail  \n', 'new.txt': b'q y\n\nbeta\n', 'other.txt': b'abab\n0\na!b\nx1 y2 z3\ntab\there\naaa\n  lead\n[-a]\nepsilon five\n\nalpha one\nab*c\nphalp\n'})

/tests/test_outputs.py:179: AssertionError
_______________________________ test_generated_5 _______________________________

    def test_generated_5():
>       check("generated_5")

/tests/test_outputs.py:312: 
_ _ _ _ _ _ _ _ _ _ _ _ _ _ _ _ _ _ _ _ _ _ _ _ _ _ _ _ _ _ _ _ _ _ _ _ _ _ _ _ 

family = 'generated_5'

    def check(family):
        cases = [c for c in CASES if c["family"] == family]
        assert cases, f"no cases for {family}"
        # each case runs in its own fresh directories, so cases are independent and can run
        # side by side; map() keeps the corpus order, so the first failure reported is stable
        with ThreadPoolExecutor(max_workers=WORKERS) as pool:
            results = list(pool.map(lambda case: (case, run([GNU_ED], case), run(DEMOTE + CANDIDATE, case)), cases))
        failures = [(case, want, got) for case, want, got in results if got != want]
        if failures:
            case, want, got = failures[0]
            detail = (f"{len(failures)} of {len(cases)} cases differ; first: ed {case['args']!r} with "
                      f"files {[n for n, _t in case['files']]} and script {case['script']!r} on a "
                      f"{case['stdin']}: expected output {want[0]!r} (zero status: {want[1]}, files: "
                      f"{want[2]!r}), got {got[0]!r} (zero status: {got[1]}, files: {got[2]!r})")
>           raise AssertionError(detail)
E           AssertionError: 6 of 80 cases differ; first: ed ['f.txt'] with files ['f.txt', 'other.txt'] and script '- +1;3j\n$;4s;$;E;g2\n-2+1,an\n.\np x\n,p\n' on a pipe: expected output b'97\n?\n?\n13\tabab\n?\ngamma three\nx1 y2 z3\nab*c\n{2}\nbeta two\nab*c\ngamma three\ngamma three\ne.e\na-b\n\ndelta four\nabab\n123\n' (zero status: False, files: {'f.txt': b'gamma three\nx1 y2 z3\nab*c\n{2}\nbeta two\nab*c\ngamma three\ngamma three\ne.e\na-b\n\ndelta four\nabab\n123\n', 'other.txt': b'[-a]\n  lead\n\ntrail  \n'}), got b'97\n?\n?\n?\ngamma three\nx1 y2 z3\nab*c\n{2}\nbeta two\nab*c\ngamma three\ngamma three\ne.e\na-b\n\ndelta four\nabab\n123\n' (zero status: False, files: {'f.txt': b'gamma three\nx1 y2 z3\nab*c\n{2}\nbeta two\nab*c\ngamma three\ngamma three\ne.e\na-b\n\ndelta four\nabab\n123\n', 'other.txt': b'[-a]\n  lead\n\ntrail  \n'})

/tests/test_outputs.py:179: AssertionError
_______________________________ test_generated_6 _______________________________

    def test_generated_6():
>       check("generated_6")

/tests/test_outputs.py:316: 
_ _ _ _ _ _ _ _ _ _ _ _ _ _ _ _ _ _ _ _ _ _ _ _ _ _ _ _ _ _ _ _ _ _ _ _ _ _ _ _ 

family = 'generated_6'

    def check(family):
        cases = [c for c in CASES if c["family"] == family]
        assert cases, f"no cases for {family}"
        # each case runs in its own fresh directories, so cases are independent and can run
        # side by side; map() keeps the corpus order, so the first failure reported is stable
        with ThreadPoolExecutor(max_workers=WORKERS) as pool:
            results = list(pool.map(lambda case: (case, run([GNU_ED], case), run(DEMOTE + CANDIDATE, case)), cases))
        failures = [(case, want, got) for case, want, got in results if got != want]
        if failures:
            case, want, got = failures[0]
            detail = (f"{len(failures)} of {len(cases)} cases differ; first: ed {case['args']!r} with "
                      f"files {[n for n, _t in case['files']]} and script {case['script']!r} on a "
                      f"{case['stdin']}: expected output {want[0]!r} (zero status: {want[1]}, files: "
                      f"{want[2]!r}), got {got[0]!r} (zero status: {got[1]}, files: {got[2]!r})")
>           raise AssertionError(detail)
E           AssertionError: 7 of 80 cases differ; first: ed ['-sE', 'f.txt'] with files ['f.txt', 'other.txt'] and script ',2ap\nbeta\n.\np x\n.t//\n$,$npp\n/a^b/ap\n .\nbeta\n.\n13u\nw\n' on a pipe: expected output b'beta\n?\n?\n?\n?\nbeta\n?\nbeta\n?\n' (zero status: False, files: {'f.txt': b'[-a]\naaa\nbeta\nphalp\nab*c\n123\na.b\nx1 y2 z3\ne.e\ntrail  \na|b\ntrail  \ne.e\nbeta two\ngamma three\n', 'other.txt': b'foo bar foo\na!b\na-b\n[-a]\na|b\nbeta two\nunder_score\nx1 y2 z3\na|b\ne.e\ntt th t\n0\nepsilon five\nx1 y2 z3\n'}), got b'?\n?\n?\n?\nbeta\n?\nbeta\n?\n' (zero status: False, files: {'f.txt': b'[-a]\naaa\nbeta\nphalp\nab*c\n123\na.b\nx1 y2 z3\ne.e\ntrail  \na|b\ntrail  \ne.e\nbeta two\ngamma three\n', 'other.txt': b'foo bar foo\na!b\na-b\n[-a]\na|b\nbeta two\nunder_score\nx1 y2 z3\na|b\ne.e\ntt th t\n0\nepsilon five\nx1 y2 z3\n'})

/tests/test_outputs.py:179: AssertionError
_______________________________ test_generated_7 _______________________________

    def test_generated_7():
>       check("generated_7")

/tests/test_outputs.py:320: 
_ _ _ _ _ _ _ _ _ _ _ _ _ _ _ _ _ _ _ _ _ _ _ _ _ _ _ _ _ _ _ _ _ _ _ _ _ _ _ _ 

family = 'generated_7'

    def check(family):
        cases = [c for c in CASES if c["family"] == family]
        assert cases, f"no cases for {family}"
        # each case runs in its own fresh directories, so cases are independent and can run
        # side by side; map() keeps the corpus order, so the first failure reported is stable
        with ThreadPoolExecutor(max_workers=WORKERS) as pool:
            results = list(pool.map(lambda case: (case, run([GNU_ED], case), run(DEMOTE + CANDIDATE, case)), cases))
        failures = [(case, want, got) for case, want, got in results if got != want]
        if failures:
            case, want, got = failures[0]
            detail = (f"{len(failures)} of {len(cases)} cases differ; first: ed {case['args']!r} with "
                      f"files {[n for n, _t in case['files']]} and script {case['script']!r} on a "
                      f"{case['stdin']}: expected output {want[0]!r} (zero status: {want[1]}, files: "
                      f"{want[2]!r}), got {got[0]!r} (zero status: {got[1]}, files: {got[2]!r})")
>           raise AssertionError(detail)
E           AssertionError: 7 of 80 cases differ; first: ed ['-E', 'f.txt'] with files ['f.txt', 'other.txt'] and script 'dn\n-2+g|a{2,}|s/./&&/\\\n.=\n3 +1,4an\nq y\n.\nm-2\n,n\n' on a pipe: expected output b'68\n6\tabab\n5\tq y\n1\tunder_score\n2\tx1 y2 z3\n3\ttab\there\n4\tq y\n5\tbeta two\n6\tMixed Case\n7\tabab\n?\n' (zero status: False, files: {'f.txt': b'under_score\nx1 y2 z3\ntab\there\nbeta two\nMixed Case\nabab\nepsilon five\n', 'other.txt': b'a|b\n[-a]\nMixed Case\n{2}\nabab\na-b\ntt th t\n[-a]\n'}), got b'68\n6\tabab\n1\tunder_score\n2\tx1 y2 z3\n3\ttab\there\n4\tq y\n5\tbeta two\n6\tMixed Case\n7\tabab\n?\n' (zero status: False, files: {'f.txt': b'under_score\nx1 y2 z3\ntab\there\nbeta two\nMixed Case\nabab\nepsilon five\n', 'other.txt': b'a|b\n[-a]\nMixed Case\n{2}\nabab\na-b\ntt th t\n[-a]\n'})

/tests/test_outputs.py:179: AssertionError
_______________________________ test_generated_8 _______________________________

    def test_generated_8():
>       check("generated_8")

/tests/test_outputs.py:324: 
_ _ _ _ _ _ _ _ _ _ _ _ _ _ _ _ _ _ _ _ _ _ _ _ _ _ _ _ _ _ _ _ _ _ _ _ _ _ _ _ 

family = 'generated_8'

    def check(family):
        cases = [c for c in CASES if c["family"] == family]
        assert cases, f"no cases for {family}"
        # each case runs in its own fresh directories, so cases are independent and can run
        # side by side; map() keeps the corpus order, so the first failure reported is stable
        with ThreadPoolExecutor(max_workers=WORKERS) as pool:
            results = list(pool.map(lambda case: (case, run([GNU_ED], case), run(DEMOTE + CANDIDATE, case)), cases))
        failures = [(case, want, got) for case, want, got in results if got != want]
        if failures:
            case, want, got = failures[0]
            detail = (f"{len(failures)} of {len(cases)} cases differ; first: ed {case['args']!r} with "
                      f"files {[n for n, _t in case['files']]} and script {case['script']!r} on a "
                      f"{case['stdin']}: expected output {want[0]!r} (zero status: {want[1]}, files: "
                      f"{want[2]!r}), got {got[0]!r} (zero status: {got[1]}, files: {got[2]!r})")
>           raise AssertionError(detail)
E           AssertionError: 7 of 80 cases differ; first: ed ['-l'] with files ['f.txt', 'other.txt'] and script 'a\n[-a]\ndelta four\nbeta two\n\nbeta two\n.\nan\nq y\n.\n;srg\nE\tmissing.txt\n++u\n,n\n' on a file: expected output b'6\tq y\n?\n' (zero status: True, files: {'f.txt': b'{2}\na!b\nab*c\n0\nalpha one\nx1 y2 z3\ntt th t\na|b\n\naaa\n', 'other.txt': b'a!b\na-b\ne.e\n'}), got b'?\n' (zero status: True, files: {'f.txt': b'{2}\na!b\nab*c\n0\nalpha one\nx1 y2 z3\ntt th t\na|b\n\naaa\n', 'other.txt': b'a!b\na-b\ne.e\n'})

/tests/test_outputs.py:179: AssertionError
==================================== PASSES ====================================
=========================== short test summary info ============================
PASSED ../../tests/test_outputs.py::test_launcher_stops_delegation_and_foreign_code
PASSED ../../tests/test_outputs.py::test_addresses
PASSED ../../tests/test_outputs.py::test_delete_join_move_copy
PASSED ../../tests/test_outputs.py::test_substitute
PASSED ../../tests/test_outputs.py::test_global_commands
PASSED ../../tests/test_outputs.py::test_undo
PASSED ../../tests/test_outputs.py::test_print_list_number
PASSED ../../tests/test_outputs.py::test_regex
PASSED ../../tests/test_outputs.py::test_regex_extended
PASSED ../../tests/test_outputs.py::test_files_and_write
PASSED ../../tests/test_outputs.py::test_errors_and_exit
PASSED ../../tests/test_outputs.py::test_options
PASSED ../../tests/test_outputs.py::test_mixed_scripts_1
PASSED ../../tests/test_outputs.py::test_mixed_scripts_2
PASSED ../../tests/test_outputs.py::test_mixed_scripts_3
PASSED ../../tests/test_outputs.py::test_mixed_scripts_4
PASSED ../../tests/test_outputs.py::test_mixed_scripts_5
PASSED ../../tests/test_outputs.py::test_mixed_scripts_6
FAILED ../../tests/test_outputs.py::test_append_insert_change - AssertionErro...
FAILED ../../tests/test_outputs.py::test_generated_1 - AssertionError: 11 of ...
FAILED ../../tests/test_outputs.py::test_generated_2 - AssertionError: 5 of 8...
FAILED ../../tests/test_outputs.py::test_generated_3 - AssertionError: 6 of 8...
FAILED ../../tests/test_outputs.py::test_generated_4 - AssertionError: 9 of 8...
FAILED ../../tests/test_outputs.py::test_generated_5 - AssertionError: 6 of 8...
FAILED ../../tests/test_outputs.py::test_generated_6 - AssertionError: 7 of 8...
FAILED ../../tests/test_outputs.py::test_generated_7 - AssertionError: 7 of 8...
FAILED ../../tests/test_outputs.py::test_generated_8 - AssertionError: 7 of 8...
======================== 9 failed, 18 passed in 12.00s =========================
