============================= test session starts ==============================
platform linux -- Python 3.13.12, pytest-9.1.1, pluggy-1.6.0
rootdir: /tests
plugins: json-ctrf-0.5.2
collected 27 items

../../tests/test_outputs.py .FFFFFF.FFFFFFFFFFFFFFFFFFF                  [100%]

=================================== FAILURES ===================================
________________________________ test_addresses ________________________________

    def test_addresses():
>       check("addresses")

/tests/test_outputs.py:224: 
_ _ _ _ _ _ _ _ _ _ _ _ _ _ _ _ _ _ _ _ _ _ _ _ _ _ _ _ _ _ _ _ _ _ _ _ _ _ _ _ 

family = 'addresses'

    def check(family):
        cases = [c for c in CASES if c["family"] == family]
        assert cases, f"no cases for {family}"
        # each case runs in its own fresh directories, so cases are independent and can run
        # side by side; map() keeps the corpus order, so the first failure reported is stable
        with ThreadPoolExecutor(max_workers=WORKERS) as pool:
            results = list(pool.map(lambda case: (case, run([GNU_ED], case), run(DEMOTE + CANDIDATE, case)), cases))
        failures = [(case, want, got) for case, want, got in results if got != want]
        if failures:
            case, want, got = failures[0]
            detail = (f"{len(failures)} of {len(cases)} cases differ; first: ed {case['args']!r} with "
                      f"files {[n for n, _t in case['files']]} and script {case['script']!r} on a "
                      f"{case['stdin']}: expected output {want[0]!r} (zero status: {want[1]}, files: "
                      f"{want[2]!r}), got {got[0]!r} (zero status: {got[1]}, files: {got[2]!r})")
>           raise AssertionError(detail)
E           AssertionError: 1 of 85 cases differ; first: ed ['f.txt'] with files ['f.txt'] and script "1ka\n1s/a/A/\n'ap\n" on a pipe: expected output b'4\n?\n?\n' (zero status: False, files: {'f.txt': b'a\nb\n'}), got b'4\n?\n' (zero status: False, files: {'f.txt': b'a\nb\n'})

/tests/test_outputs.py:179: AssertionError
__________________________ test_append_insert_change ___________________________

    def test_append_insert_change():
>       check("append_insert_change")

/tests/test_outputs.py:228: 
_ _ _ _ _ _ _ _ _ _ _ _ _ _ _ _ _ _ _ _ _ _ _ _ _ _ _ _ _ _ _ _ _ _ _ _ _ _ _ _ 

family = 'append_insert_change'

    def check(family):
        cases = [c for c in CASES if c["family"] == family]
        assert cases, f"no cases for {family}"
        # each case runs in its own fresh directories, so cases are independent and can run
        # side by side; map() keeps the corpus order, so the first failure reported is stable
        with ThreadPoolExecutor(max_workers=WORKERS) as pool:
            results = list(pool.map(lambda case: (case, run([GNU_ED], case), run(DEMOTE + CANDIDATE, case)), cases))
        failures = [(case, want, got) for case, want, got in results if got != want]
        if failures:
            case, want, got = failures[0]
            detail = (f"{len(failures)} of {len(cases)} cases differ; first: ed {case['args']!r} with "
                      f"files {[n for n, _t in case['files']]} and script {case['script']!r} on a "
                      f"{case['stdin']}: expected output {want[0]!r} (zero status: {want[1]}, files: "
                      f"{want[2]!r}), got {got[0]!r} (zero status: {got[1]}, files: {got[2]!r})")
>           raise AssertionError(detail)
E           AssertionError: 14 of 45 cases differ; first: ed ['-s', 'f.txt'] with files ['f.txt'] and script '2a\nnew line\n.\n,p\n' on a pipe: expected output b'alpha one\nbeta two\nnew line\ngamma three\ndelta four\nepsilon five\nzeta six\neta seven\ntheta eight\niota nine\nkappa ten\n?\n' (zero status: False, files: {'f.txt': b'alpha one\nbeta two\ngamma three\ndelta four\nepsilon five\nzeta six\neta seven\ntheta eight\niota nine\nkappa ten\n'}), got b'alpha one\nbeta two\nnew line\ngamma three\ndelta four\nepsilon five\nzeta six\neta seven\ntheta eight\niota nine\nkappa ten\n' (zero status: True, files: {'f.txt': b'alpha one\nbeta two\ngamma three\ndelta four\nepsilon five\nzeta six\neta seven\ntheta eight\niota nine\nkappa ten\n'})

/tests/test_outputs.py:179: AssertionError
__________________________ test_delete_join_move_copy __________________________

    def test_delete_join_move_copy():
>       check("delete_join_move_copy")

/tests/test_outputs.py:232: 
_ _ _ _ _ _ _ _ _ _ _ _ _ _ _ _ _ _ _ _ _ _ _ _ _ _ _ _ _ _ _ _ _ _ _ _ _ _ _ _ 

family = 'delete_join_move_copy'

    def check(family):
        cases = [c for c in CASES if c["family"] == family]
        assert cases, f"no cases for {family}"
        # each case runs in its own fresh directories, so cases are independent and can run
        # side by side; map() keeps the corpus order, so the first failure reported is stable
        with ThreadPoolExecutor(max_workers=WORKERS) as pool:
            results = list(pool.map(lambda case: (case, run([GNU_ED], case), run(DEMOTE + CANDIDATE, case)), cases))
        failures = [(case, want, got) for case, want, got in results if got != want]
        if failures:
            case, want, got = failures[0]
            detail = (f"{len(failures)} of {len(cases)} cases differ; first: ed {case['args']!r} with "
                      f"files {[n for n, _t in case['files']]} and script {case['script']!r} on a "
                      f"{case['stdin']}: expected output {want[0]!r} (zero status: {want[1]}, files: "
                      f"{want[2]!r}), got {got[0]!r} (zero status: {got[1]}, files: {got[2]!r})")
>           raise AssertionError(detail)
E           AssertionError: 17 of 30 cases differ; first: ed ['-s', 'f.txt'] with files ['f.txt'] and script '2,4d\n,p\n.=\n' on a pipe: expected output b'alpha one\nepsilon five\nzeta six\neta seven\ntheta eight\niota nine\nkappa ten\n7\n?\n' (zero status: False, files: {'f.txt': b'alpha one\nbeta two\ngamma three\ndelta four\nepsilon five\nzeta six\neta seven\ntheta eight\niota nine\nkappa ten\n'}), got b'alpha one\nepsilon five\nzeta six\neta seven\ntheta eight\niota nine\nkappa ten\n7\n' (zero status: True, files: {'f.txt': b'alpha one\nbeta two\ngamma three\ndelta four\nepsilon five\nzeta six\neta seven\ntheta eight\niota nine\nkappa ten\n'})

/tests/test_outputs.py:179: AssertionError
_______________________________ test_substitute ________________________________

    def test_substitute():
>       check("substitute")

/tests/test_outputs.py:236: 
_ _ _ _ _ _ _ _ _ _ _ _ _ _ _ _ _ _ _ _ _ _ _ _ _ _ _ _ _ _ _ _ _ _ _ _ _ _ _ _ 

family = 'substitute'

    def check(family):
        cases = [c for c in CASES if c["family"] == family]
        assert cases, f"no cases for {family}"
        # each case runs in its own fresh directories, so cases are independent and can run
        # side by side; map() keeps the corpus order, so the first failure reported is stable
        with ThreadPoolExecutor(max_workers=WORKERS) as pool:
            results = list(pool.map(lambda case: (case, run([GNU_ED], case), run(DEMOTE + CANDIDATE, case)), cases))
        failures = [(case, want, got) for case, want, got in results if got != want]
        if failures:
            case, want, got = failures[0]
            detail = (f"{len(failures)} of {len(cases)} cases differ; first: ed {case['args']!r} with "
                      f"files {[n for n, _t in case['files']]} and script {case['script']!r} on a "
                      f"{case['stdin']}: expected output {want[0]!r} (zero status: {want[1]}, files: "
                      f"{want[2]!r}), got {got[0]!r} (zero status: {got[1]}, files: {got[2]!r})")
>           raise AssertionError(detail)
E           AssertionError: 33 of 84 cases differ; first: ed ['-s', 'f.txt'] with files ['f.txt'] and script ',s/e/E/\n,p\n' on a pipe: expected output b'alpha onE\nbEta two\ngamma thrEe\ndElta four\nEpsilon five\nzEta six\nEta seven\nthEta eight\niota ninE\nkappa tEn\n?\n' (zero status: False, files: {'f.txt': b'alpha one\nbeta two\ngamma three\ndelta four\nepsilon five\nzeta six\neta seven\ntheta eight\niota nine\nkappa ten\n'}), got b'alpha onE\nbEta two\ngamma thrEe\ndElta four\nEpsilon five\nzEta six\nEta seven\nthEta eight\niota ninE\nkappa tEn\n' (zero status: True, files: {'f.txt': b'alpha one\nbeta two\ngamma three\ndelta four\nepsilon five\nzeta six\neta seven\ntheta eight\niota nine\nkappa ten\n'})

/tests/test_outputs.py:179: AssertionError
_____________________________ test_global_commands _____________________________

    def test_global_commands():
>       check("global_commands")

/tests/test_outputs.py:240: 
_ _ _ _ _ _ _ _ _ _ _ _ _ _ _ _ _ _ _ _ _ _ _ _ _ _ _ _ _ _ _ _ _ _ _ _ _ _ _ _ 

family = 'global_commands'

    def check(family):
        cases = [c for c in CASES if c["family"] == family]
        assert cases, f"no cases for {family}"
        # each case runs in its own fresh directories, so cases are independent and can run
        # side by side; map() keeps the corpus order, so the first failure reported is stable
        with ThreadPoolExecutor(max_workers=WORKERS) as pool:
            results = list(pool.map(lambda case: (case, run([GNU_ED], case), run(DEMOTE + CANDIDATE, case)), cases))
        failures = [(case, want, got) for case, want, got in results if got != want]
        if failures:
            case, want, got = failures[0]
            detail = (f"{len(failures)} of {len(cases)} cases differ; first: ed {case['args']!r} with "
                      f"files {[n for n, _t in case['files']]} and script {case['script']!r} on a "
                      f"{case['stdin']}: expected output {want[0]!r} (zero status: {want[1]}, files: "
                      f"{want[2]!r}), got {got[0]!r} (zero status: {got[1]}, files: {got[2]!r})")
>           raise AssertionError(detail)
E           AssertionError: 14 of 63 cases differ; first: ed ['-s', 'f.txt'] with files ['f.txt'] and script 'g/a/s/a/A/\\\ns/A/@/\n,p\n' on a pipe: expected output b'@lpha one\nbet@ two\ng@mma three\ndelt@ four\nepsilon five\nzet@ six\net@ seven\nthet@ eight\niot@ nine\nk@ppa ten\n?\n' (zero status: False, files: {'f.txt': b'alpha one\nbeta two\ngamma three\ndelta four\nepsilon five\nzeta six\neta seven\ntheta eight\niota nine\nkappa ten\n'}), got b'@lpha one\nbet@ two\ng@mma three\ndelt@ four\nepsilon five\nzet@ six\net@ seven\nthet@ eight\niot@ nine\nk@ppa ten\n' (zero status: True, files: {'f.txt': b'alpha one\nbeta two\ngamma three\ndelta four\nepsilon five\nzeta six\neta seven\ntheta eight\niota nine\nkappa ten\n'})

/tests/test_outputs.py:179: AssertionError
__________________________________ test_undo ___________________________________

    def test_undo():
>       check("undo")

/tests/test_outputs.py:244: 
_ _ _ _ _ _ _ _ _ _ _ _ _ _ _ _ _ _ _ _ _ _ _ _ _ _ _ _ _ _ _ _ _ _ _ _ _ _ _ _ 

family = 'undo'

    def check(family):
        cases = [c for c in CASES if c["family"] == family]
        assert cases, f"no cases for {family}"
        # each case runs in its own fresh directories, so cases are independent and can run
        # side by side; map() keeps the corpus order, so the first failure reported is stable
        with ThreadPoolExecutor(max_workers=WORKERS) as pool:
            results = list(pool.map(lambda case: (case, run([GNU_ED], case), run(DEMOTE + CANDIDATE, case)), cases))
        failures = [(case, want, got) for case, want, got in results if got != want]
        if failures:
            case, want, got = failures[0]
            detail = (f"{len(failures)} of {len(cases)} cases differ; first: ed {case['args']!r} with "
                      f"files {[n for n, _t in case['files']]} and script {case['script']!r} on a "
                      f"{case['stdin']}: expected output {want[0]!r} (zero status: {want[1]}, files: "
                      f"{want[2]!r}), got {got[0]!r} (zero status: {got[1]}, files: {got[2]!r})")
>           raise AssertionError(detail)
E           AssertionError: 4 of 16 cases differ; first: ed ['-s', 'f.txt'] with files ['f.txt'] and script '2d\nu\nu\n,p\n' on a pipe: expected output b'alpha one\ngamma three\ndelta four\nepsilon five\nzeta six\neta seven\ntheta eight\niota nine\nkappa ten\n?\n' (zero status: False, files: {'f.txt': b'alpha one\nbeta two\ngamma three\ndelta four\nepsilon five\nzeta six\neta seven\ntheta eight\niota nine\nkappa ten\n'}), got b'alpha one\ngamma three\ndelta four\nepsilon five\nzeta six\neta seven\ntheta eight\niota nine\nkappa ten\n' (zero status: True, files: {'f.txt': b'alpha one\nbeta two\ngamma three\ndelta four\nepsilon five\nzeta six\neta seven\ntheta eight\niota nine\nkappa ten\n'})

/tests/test_outputs.py:179: AssertionError
__________________________________ test_regex __________________________________

    def test_regex():
>       check("regex")

/tests/test_outputs.py:252: 
_ _ _ _ _ _ _ _ _ _ _ _ _ _ _ _ _ _ _ _ _ _ _ _ _ _ _ _ _ _ _ _ _ _ _ _ _ _ _ _ 

family = 'regex'

    def check(family):
        cases = [c for c in CASES if c["family"] == family]
        assert cases, f"no cases for {family}"
        # each case runs in its own fresh directories, so cases are independent and can run
        # side by side; map() keeps the corpus order, so the first failure reported is stable
        with ThreadPoolExecutor(max_workers=WORKERS) as pool:
            results = list(pool.map(lambda case: (case, run([GNU_ED], case), run(DEMOTE + CANDIDATE, case)), cases))
        failures = [(case, want, got) for case, want, got in results if got != want]
        if failures:
            case, want, got = failures[0]
            detail = (f"{len(failures)} of {len(cases)} cases differ; first: ed {case['args']!r} with "
                      f"files {[n for n, _t in case['files']]} and script {case['script']!r} on a "
                      f"{case['stdin']}: expected output {want[0]!r} (zero status: {want[1]}, files: "
                      f"{want[2]!r}), got {got[0]!r} (zero status: {got[1]}, files: {got[2]!r})")
>           raise AssertionError(detail)
E           AssertionError: 6 of 75 cases differ; first: ed ['-s', 'f.txt'] with files ['f.txt'] and script ',s/[[:digit:]]\\+/#/g\n,p\n' on a pipe: expected output b'a\tb  c\nfoo bar foo\nxx\n\n  lead\ntrail  \nfoofoo\nbar\nabc\nABC # #\nabab\naaa\n?\n' (zero status: False, files: {'f.txt': b'a\tb  c\nfoo bar foo\nxx\n\n  lead\ntrail  \nfoofoo\nbar\nabc\nABC 12 34\nabab\naaa\n'}), got b'a\tb  c\nfoo bar foo\nxx\n\n  lead\ntrail  \nfoofoo\nbar\nabc\nABC # #\nabab\naaa\n' (zero status: True, files: {'f.txt': b'a\tb  c\nfoo bar foo\nxx\n\n  lead\ntrail  \nfoofoo\nbar\nabc\nABC 12 34\nabab\naaa\n'})

/tests/test_outputs.py:179: AssertionError
_____________________________ test_regex_extended ______________________________

    def test_regex_extended():
>       check("regex_extended")

/tests/test_outputs.py:256: 
_ _ _ _ _ _ _ _ _ _ _ _ _ _ _ _ _ _ _ _ _ _ _ _ _ _ _ _ _ _ _ _ _ _ _ _ _ _ _ _ 

family = 'regex_extended'

    def check(family):
        cases = [c for c in CASES if c["family"] == family]
        assert cases, f"no cases for {family}"
        # each case runs in its own fresh directories, so cases are independent and can run
        # side by side; map() keeps the corpus order, so the first failure reported is stable
        with ThreadPoolExecutor(max_workers=WORKERS) as pool:
            results = list(pool.map(lambda case: (case, run([GNU_ED], case), run(DEMOTE + CANDIDATE, case)), cases))
        failures = [(case, want, got) for case, want, got in results if got != want]
        if failures:
            case, want, got = failures[0]
            detail = (f"{len(failures)} of {len(cases)} cases differ; first: ed {case['args']!r} with "
                      f"files {[n for n, _t in case['files']]} and script {case['script']!r} on a "
                      f"{case['stdin']}: expected output {want[0]!r} (zero status: {want[1]}, files: "
                      f"{want[2]!r}), got {got[0]!r} (zero status: {got[1]}, files: {got[2]!r})")
>           raise AssertionError(detail)
E           AssertionError: 4 of 19 cases differ; first: ed ['-s', '-E', 'f.txt'] with files ['f.txt'] and script ',s/o+/0/g\n,p\n' on a pipe: expected output b'a\tb  c\nf0 bar f0\nxx\n\n  lead\ntrail  \nf0f0\nbar\nabc\nabab\naaa\n?\n' (zero status: False, files: {'f.txt': b'a\tb  c\nfoo bar foo\nxx\n\n  lead\ntrail  \nfoofoo\nbar\nabc\nabab\naaa\n'}), got b'a\tb  c\nf0 bar f0\nxx\n\n  lead\ntrail  \nf0f0\nbar\nabc\nabab\naaa\n' (zero status: True, files: {'f.txt': b'a\tb  c\nfoo bar foo\nxx\n\n  lead\ntrail  \nfoofoo\nbar\nabc\nabab\naaa\n'})

/tests/test_outputs.py:179: AssertionError
_____________________________ test_files_and_write _____________________________

    def test_files_and_write():
>       check("files_and_write")

/tests/test_outputs.py:260: 
_ _ _ _ _ _ _ _ _ _ _ _ _ _ _ _ _ _ _ _ _ _ _ _ _ _ _ _ _ _ _ _ _ _ _ _ _ _ _ _ 

family = 'files_and_write'

    def check(family):
        cases = [c for c in CASES if c["family"] == family]
        assert cases, f"no cases for {family}"
        # each case runs in its own fresh directories, so cases are independent and can run
        # side by side; map() keeps the corpus order, so the first failure reported is stable
        with ThreadPoolExecutor(max_workers=WORKERS) as pool:
            results = list(pool.map(lambda case: (case, run([GNU_ED], case), run(DEMOTE + CANDIDATE, case)), cases))
        failures = [(case, want, got) for case, want, got in results if got != want]
        if failures:
            case, want, got = failures[0]
            detail = (f"{len(failures)} of {len(cases)} cases differ; first: ed {case['args']!r} with "
                      f"files {[n for n, _t in case['files']]} and script {case['script']!r} on a "
                      f"{case['stdin']}: expected output {want[0]!r} (zero status: {want[1]}, files: "
                      f"{want[2]!r}), got {got[0]!r} (zero status: {got[1]}, files: {got[2]!r})")
>           raise AssertionError(detail)
E           AssertionError: 6 of 85 cases differ; first: ed ['-s', 'f.txt'] with files ['f.txt', 'other.txt'] and script '$r f.txt\n,n\n' on a pipe: expected output b'1\talpha one\n2\tbeta two\n3\tgamma three\n4\tdelta four\n5\tepsilon five\n6\tzeta six\n7\teta seven\n8\ttheta eight\n9\tiota nine\n10\tkappa ten\n11\talpha one\n12\tbeta two\n13\tgamma three\n14\tdelta four\n15\tepsilon five\n16\tzeta six\n17\teta seven\n18\ttheta eight\n19\tiota nine\n20\tkappa ten\n?\n' (zero status: False, files: {'f.txt': b'alpha one\nbeta two\ngamma three\ndelta four\nepsilon five\nzeta six\neta seven\ntheta eight\niota nine\nkappa ten\n', 'other.txt': b'o1\no2\no3\n'}), got b'1\talpha one\n2\tbeta two\n3\tgamma three\n4\tdelta four\n5\tepsilon five\n6\tzeta six\n7\teta seven\n8\ttheta eight\n9\tiota nine\n10\tkappa ten\n11\talpha one\n12\tbeta two\n13\tgamma three\n14\tdelta four\n15\tepsilon five\n16\tzeta six\n17\teta seven\n18\ttheta eight\n19\tiota nine\n20\tkappa ten\n' (zero status: True, files: {'f.txt': b'alpha one\nbeta two\ngamma three\ndelta four\nepsilon five\nzeta six\neta seven\ntheta eight\niota nine\nkappa ten\n', 'other.txt': b'o1\no2\no3\n'})

/tests/test_outputs.py:179: AssertionError
_____________________________ test_errors_and_exit _____________________________

    def test_errors_and_exit():
>       check("errors_and_exit")

/tests/test_outputs.py:264: 
_ _ _ _ _ _ _ _ _ _ _ _ _ _ _ _ _ _ _ _ _ _ _ _ _ _ _ _ _ _ _ _ _ _ _ _ _ _ _ _ 

family = 'errors_and_exit'

    def check(family):
        cases = [c for c in CASES if c["family"] == family]
        assert cases, f"no cases for {family}"
        # each case runs in its own fresh directories, so cases are independent and can run
        # side by side; map() keeps the corpus order, so the first failure reported is stable
        with ThreadPoolExecutor(max_workers=WORKERS) as pool:
            results = list(pool.map(lambda case: (case, run([GNU_ED], case), run(DEMOTE + CANDIDATE, case)), cases))
        failures = [(case, want, got) for case, want, got in results if got != want]
        if failures:
            case, want, got = failures[0]
            detail = (f"{len(failures)} of {len(cases)} cases differ; first: ed {case['args']!r} with "
                      f"files {[n for n, _t in case['files']]} and script {case['script']!r} on a "
                      f"{case['stdin']}: expected output {want[0]!r} (zero status: {want[1]}, files: "
                      f"{want[2]!r}), got {got[0]!r} (zero status: {got[1]}, files: {got[2]!r})")
>           raise AssertionError(detail)
E           AssertionError: 4 of 30 cases differ; first: ed ['-s', 'f.txt'] with files ['f.txt'] and script '2d\nq\n,p\n' on a pipe: expected output b'?\nalpha one\ngamma three\ndelta four\nepsilon five\nzeta six\neta seven\ntheta eight\niota nine\nkappa ten\n?\n' (zero status: False, files: {'f.txt': b'alpha one\nbeta two\ngamma three\ndelta four\nepsilon five\nzeta six\neta seven\ntheta eight\niota nine\nkappa ten\n'}), got b'?\nalpha one\ngamma three\ndelta four\nepsilon five\nzeta six\neta seven\ntheta eight\niota nine\nkappa ten\n' (zero status: False, files: {'f.txt': b'alpha one\nbeta two\ngamma three\ndelta four\nepsilon five\nzeta six\neta seven\ntheta eight\niota nine\nkappa ten\n'})

/tests/test_outputs.py:179: AssertionError
_________________________________ test_options _________________________________

    def test_options():
>       check("options")

/tests/test_outputs.py:268: 
_ _ _ _ _ _ _ _ _ _ _ _ _ _ _ _ _ _ _ _ _ _ _ _ _ _ _ _ _ _ _ _ _ _ _ _ _ _ _ _ 

family = 'options'

    def check(family):
        cases = [c for c in CASES if c["family"] == family]
        assert cases, f"no cases for {family}"
        # each case runs in its own fresh directories, so cases are independent and can run
        # side by side; map() keeps the corpus order, so the first failure reported is stable
        with ThreadPoolExecutor(max_workers=WORKERS) as pool:
            results = list(pool.map(lambda case: (case, run([GNU_ED], case), run(DEMOTE + CANDIDATE, case)), cases))
        failures = [(case, want, got) for case, want, got in results if got != want]
        if failures:
            case, want, got = failures[0]
            detail = (f"{len(failures)} of {len(cases)} cases differ; first: ed {case['args']!r} with "
                      f"files {[n for n, _t in case['files']]} and script {case['script']!r} on a "
                      f"{case['stdin']}: expected output {want[0]!r} (zero status: {want[1]}, files: "
                      f"{want[2]!r}), got {got[0]!r} (zero status: {got[1]}, files: {got[2]!r})")
>           raise AssertionError(detail)
E           AssertionError: 2 of 9 cases differ; first: ed ['-s'] with files [] and script 'a\nx\n.\nw\n' on a pipe: expected output b'?\n?\n' (zero status: False, files: {}), got b'?\n' (zero status: False, files: {})

/tests/test_outputs.py:179: AssertionError
_____________________________ test_mixed_scripts_1 _____________________________

    def test_mixed_scripts_1():
>       check("mixed_scripts_1")

/tests/test_outputs.py:272: 
_ _ _ _ _ _ _ _ _ _ _ _ _ _ _ _ _ _ _ _ _ _ _ _ _ _ _ _ _ _ _ _ _ _ _ _ _ _ _ _ 

family = 'mixed_scripts_1'

    def check(family):
        cases = [c for c in CASES if c["family"] == family]
        assert cases, f"no cases for {family}"
        # each case runs in its own fresh directories, so cases are independent and can run
        # side by side; map() keeps the corpus order, so the first failure reported is stable
        with ThreadPoolExecutor(max_workers=WORKERS) as pool:
            results = list(pool.map(lambda case: (case, run([GNU_ED], case), run(DEMOTE + CANDIDATE, case)), cases))
        failures = [(case, want, got) for case, want, got in results if got != want]
        if failures:
            case, want, got = failures[0]
            detail = (f"{len(failures)} of {len(cases)} cases differ; first: ed {case['args']!r} with "
                      f"files {[n for n, _t in case['files']]} and script {case['script']!r} on a "
                      f"{case['stdin']}: expected output {want[0]!r} (zero status: {want[1]}, files: "
                      f"{want[2]!r}), got {got[0]!r} (zero status: {got[1]}, files: {got[2]!r})")
>           raise AssertionError(detail)
E           AssertionError: 5 of 19 cases differ; first: ed ['f.txt'] with files ['f.txt', 'other.txt'] and script '.d\n//,/t/-1w \ns//&/g\n,n\n' on a pipe: expected output b'106\n?\n?\n1\talpha one\n2\tbeta two\n3\tgamma three\n4\tdelta four\n5\tepsilon five\n6\tzeta six\n7\teta seven\n8\ttheta eight\n9\tiota nine\n?\n' (zero status: False, files: {'f.txt': b'alpha one\nbeta two\ngamma three\ndelta four\nepsilon five\nzeta six\neta seven\ntheta eight\niota nine\nkappa ten\n', 'other.txt': b'o1\no2\n'}), got b'106\n?\n?\n1\talpha one\n2\tbeta two\n3\tgamma three\n4\tdelta four\n5\tepsilon five\n6\tzeta six\n7\teta seven\n8\ttheta eight\n9\tiota nine\n' (zero status: False, files: {'f.txt': b'alpha one\nbeta two\ngamma three\ndelta four\nepsilon five\nzeta six\neta seven\ntheta eight\niota nine\nkappa ten\n', 'other.txt': b'o1\no2\n'})

/tests/test_outputs.py:179: AssertionError
_____________________________ test_mixed_scripts_2 _____________________________

    def test_mixed_scripts_2():
>       check("mixed_scripts_2")

/tests/test_outputs.py:276: 
_ _ _ _ _ _ _ _ _ _ _ _ _ _ _ _ _ _ _ _ _ _ _ _ _ _ _ _ _ _ _ _ _ _ _ _ _ _ _ _ 

family = 'mixed_scripts_2'

    def check(family):
        cases = [c for c in CASES if c["family"] == family]
        assert cases, f"no cases for {family}"
        # each case runs in its own fresh directories, so cases are independent and can run
        # side by side; map() keeps the corpus order, so the first failure reported is stable
        with ThreadPoolExecutor(max_workers=WORKERS) as pool:
            results = list(pool.map(lambda case: (case, run([GNU_ED], case), run(DEMOTE + CANDIDATE, case)), cases))
        failures = [(case, want, got) for case, want, got in results if got != want]
        if failures:
            case, want, got = failures[0]
            detail = (f"{len(failures)} of {len(cases)} cases differ; first: ed {case['args']!r} with "
                      f"files {[n for n, _t in case['files']]} and script {case['script']!r} on a "
                      f"{case['stdin']}: expected output {want[0]!r} (zero status: {want[1]}, files: "
                      f"{want[2]!r}), got {got[0]!r} (zero status: {got[1]}, files: {got[2]!r})")
>           raise AssertionError(detail)
E           AssertionError: 10 of 16 cases differ; first: ed ['-s', '-l', 'f.txt'] with files ['f.txt', 'other.txt'] and script "/e/;--j\n?a?+1,/t/s/\\(.\\)\\(.\\)/\\2\\1/3g\n4n\n,=\n//;6+2p\nr other.txt\n.w f.txt\n-;+-t'a\n,n\n" on a pipe: expected output b'?\n?\n4\tdelta four\n10\nzeta six\neta seven\ntheta eight\n?\n1\talpha one\n2\tbeta two\n3\tgamma three\n4\tdelta four\n5\tepsilon five\n6\tzeta six\n7\teta seven\n8\ttheta eight\n9\tiota nine\n10\tkappa ten\n11\to1\n12\to2\n?\n' (zero status: True, files: {'f.txt': b'o2\n', 'other.txt': b'o1\no2\n'}), got b'?\n?\n4\tdelta four\n10\nzeta six\neta seven\ntheta eight\n?\n1\talpha one\n2\tbeta two\n3\tgamma three\n4\tdelta four\n5\tepsilon five\n6\tzeta six\n7\teta seven\n8\ttheta eight\n9\tiota nine\n10\tkappa ten\n11\to1\n12\to2\n' (zero status: True, files: {'f.txt': b'o2\n', 'other.txt': b'o1\no2\n'})

/tests/test_outputs.py:179: AssertionError
_____________________________ test_mixed_scripts_3 _____________________________

    def test_mixed_scripts_3():
>       check("mixed_scripts_3")

/tests/test_outputs.py:280: 
_ _ _ _ _ _ _ _ _ _ _ _ _ _ _ _ _ _ _ _ _ _ _ _ _ _ _ _ _ _ _ _ _ _ _ _ _ _ _ _ 

family = 'mixed_scripts_3'

    def check(family):
        cases = [c for c in CASES if c["family"] == family]
        assert cases, f"no cases for {family}"
        # each case runs in its own fresh directories, so cases are independent and can run
        # side by side; map() keeps the corpus order, so the first failure reported is stable
        with ThreadPoolExecutor(max_workers=WORKERS) as pool:
            results = list(pool.map(lambda case: (case, run([GNU_ED], case), run(DEMOTE + CANDIDATE, case)), cases))
        failures = [(case, want, got) for case, want, got in results if got != want]
        if failures:
            case, want, got = failures[0]
            detail = (f"{len(failures)} of {len(cases)} cases differ; first: ed {case['args']!r} with "
                      f"files {[n for n, _t in case['files']]} and script {case['script']!r} on a "
                      f"{case['stdin']}: expected output {want[0]!r} (zero status: {want[1]}, files: "
                      f"{want[2]!r}), got {got[0]!r} (zero status: {got[1]}, files: {got[2]!r})")
>           raise AssertionError(detail)
E           AssertionError: 6 of 19 cases differ; first: ed ['-s', 'f.txt'] with files ['f.txt', 'other.txt'] and script '+++;/t/kb\n/o\\|a/d\n;pn\n,n\n' on a pipe: expected output b'?\n1\tbeta two\n2\tgamma three\n3\tdelta four\n4\tepsilon five\n5\tzeta six\n6\teta seven\n7\ttheta eight\n8\tiota nine\n9\tkappa ten\n1\tbeta two\n2\tgamma three\n3\tdelta four\n4\tepsilon five\n5\tzeta six\n6\teta seven\n7\ttheta eight\n8\tiota nine\n9\tkappa ten\n?\n' (zero status: False, files: {'f.txt': b'alpha one\nbeta two\ngamma three\ndelta four\nepsilon five\nzeta six\neta seven\ntheta eight\niota nine\nkappa ten\n', 'other.txt': b'o1\no2\n'}), got b'?\n1\tbeta two\n2\tgamma three\n3\tdelta four\n4\tepsilon five\n5\tzeta six\n6\teta seven\n7\ttheta eight\n8\tiota nine\n9\tkappa ten\n1\tbeta two\n2\tgamma three\n3\tdelta four\n4\tepsilon five\n5\tzeta six\n6\teta seven\n7\ttheta eight\n8\tiota nine\n9\tkappa ten\n' (zero status: False, files: {'f.txt': b'alpha one\nbeta two\ngamma three\ndelta four\nepsilon five\nzeta six\neta seven\ntheta eight\niota nine\nkappa ten\n', 'other.txt': b'o1\no2\n'})

/tests/test_outputs.py:179: AssertionError
_____________________________ test_mixed_scripts_4 _____________________________

    def test_mixed_scripts_4():
>       check("mixed_scripts_4")

/tests/test_outputs.py:284: 
_ _ _ _ _ _ _ _ _ _ _ _ _ _ _ _ _ _ _ _ _ _ _ _ _ _ _ _ _ _ _ _ _ _ _ _ _ _ _ _ 

family = 'mixed_scripts_4'

    def check(family):
        cases = [c for c in CASES if c["family"] == family]
        assert cases, f"no cases for {family}"
        # each case runs in its own fresh directories, so cases are independent and can run
        # side by side; map() keeps the corpus order, so the first failure reported is stable
        with ThreadPoolExecutor(max_workers=WORKERS) as pool:
            results = list(pool.map(lambda case: (case, run([GNU_ED], case), run(DEMOTE + CANDIDATE, case)), cases))
        failures = [(case, want, got) for case, want, got in results if got != want]
        if failures:
            case, want, got = failures[0]
            detail = (f"{len(failures)} of {len(cases)} cases differ; first: ed {case['args']!r} with "
                      f"files {[n for n, _t in case['files']]} and script {case['script']!r} on a "
                      f"{case['stdin']}: expected output {want[0]!r} (zero status: {want[1]}, files: "
                      f"{want[2]!r}), got {got[0]!r} (zero status: {got[1]}, files: {got[2]!r})")
>           raise AssertionError(detail)
E           AssertionError: 11 of 21 cases differ; first: ed ['-s', 'f.txt'] with files ['f.txt', 'other.txt'] and script "'ag/e/j\n/t/i\n\n.\n;-t\n,n\n" on a pipe: expected output b'?\n?\n1\talpha one\n2\t\n3\tbeta two\n4\tgamma three\n5\tdelta four\n6\tepsilon five\n7\tzeta six\n8\teta seven\n9\ttheta eight\n10\tiota nine\n11\tkappa ten\n?\n' (zero status: False, files: {'f.txt': b'alpha one\nbeta two\ngamma three\ndelta four\nepsilon five\nzeta six\neta seven\ntheta eight\niota nine\nkappa ten\n', 'other.txt': b'o1\no2\n'}), got b'?\n?\n1\talpha one\n2\t\n3\tbeta two\n4\tgamma three\n5\tdelta four\n6\tepsilon five\n7\tzeta six\n8\teta seven\n9\ttheta eight\n10\tiota nine\n11\tkappa ten\n' (zero status: False, files: {'f.txt': b'alpha one\nbeta two\ngamma three\ndelta four\nepsilon five\nzeta six\neta seven\ntheta eight\niota nine\nkappa ten\n', 'other.txt': b'o1\no2\n'})

/tests/test_outputs.py:179: AssertionError
_____________________________ test_mixed_scripts_5 _____________________________

    def test_mixed_scripts_5():
>       check("mixed_scripts_5")

/tests/test_outputs.py:288: 
_ _ _ _ _ _ _ _ _ _ _ _ _ _ _ _ _ _ _ _ _ _ _ _ _ _ _ _ _ _ _ _ _ _ _ _ _ _ _ _ 

family = 'mixed_scripts_5'

    def check(family):
        cases = [c for c in CASES if c["family"] == family]
        assert cases, f"no cases for {family}"
        # each case runs in its own fresh directories, so cases are independent and can run
        # side by side; map() keeps the corpus order, so the first failure reported is stable
        with ThreadPoolExecutor(max_workers=WORKERS) as pool:
            results = list(pool.map(lambda case: (case, run([GNU_ED], case), run(DEMOTE + CANDIDATE, case)), cases))
        failures = [(case, want, got) for case, want, got in results if got != want]
        if failures:
            case, want, got = failures[0]
            detail = (f"{len(failures)} of {len(cases)} cases differ; first: ed {case['args']!r} with "
                      f"files {[n for n, _t in case['files']]} and script {case['script']!r} on a "
                      f"{case['stdin']}: expected output {want[0]!r} (zero status: {want[1]}, files: "
                      f"{want[2]!r}), got {got[0]!r} (zero status: {got[1]}, files: {got[2]!r})")
>           raise AssertionError(detail)
E           AssertionError: 16 of 17 cases differ; first: ed ['-s', 'f.txt'] with files ['f.txt', 'other.txt'] and script '5pn\n//,/t/d\n;/e/=\n?a?;/o\\|a/+2d\n-;/t/a\n\ne.e\n.\n,/t/n\n,n\n' on a pipe: expected output b'5\tepsilon five\n?\n6\n1\talpha one\n2\tbeta two\n3\tgamma three\n4\ttheta eight\n5\t\n6\te.e\n7\tiota nine\n1\talpha one\n2\tbeta two\n3\tgamma three\n4\ttheta eight\n5\t\n6\te.e\n7\tiota nine\n8\tkappa ten\n?\n' (zero status: False, files: {'f.txt': b'alpha one\nbeta two\ngamma three\ndelta four\nepsilon five\nzeta six\neta seven\ntheta eight\niota nine\nkappa ten\n', 'other.txt': b'o1\no2\n'}), got b'5\tepsilon five\n?\n6\n1\talpha one\n2\tbeta two\n3\tgamma three\n4\ttheta eight\n5\t\n6\te.e\n7\tiota nine\n1\talpha one\n2\tbeta two\n3\tgamma three\n4\ttheta eight\n5\t\n6\te.e\n7\tiota nine\n8\tkappa ten\n' (zero status: False, files: {'f.txt': b'alpha one\nbeta two\ngamma three\ndelta four\nepsilon five\nzeta six\neta seven\ntheta eight\niota nine\nkappa ten\n', 'other.txt': b'o1\no2\n'})

/tests/test_outputs.py:179: AssertionError
_____________________________ test_mixed_scripts_6 _____________________________

    def test_mixed_scripts_6():
>       check("mixed_scripts_6")

/tests/test_outputs.py:292: 
_ _ _ _ _ _ _ _ _ _ _ _ _ _ _ _ _ _ _ _ _ _ _ _ _ _ _ _ _ _ _ _ _ _ _ _ _ _ _ _ 

family = 'mixed_scripts_6'

    def check(family):
        cases = [c for c in CASES if c["family"] == family]
        assert cases, f"no cases for {family}"
        # each case runs in its own fresh directories, so cases are independent and can run
        # side by side; map() keeps the corpus order, so the first failure reported is stable
        with ThreadPoolExecutor(max_workers=WORKERS) as pool:
            results = list(pool.map(lambda case: (case, run([GNU_ED], case), run(DEMOTE + CANDIDATE, case)), cases))
        failures = [(case, want, got) for case, want, got in results if got != want]
        if failures:
            case, want, got = failures[0]
            detail = (f"{len(failures)} of {len(cases)} cases differ; first: ed {case['args']!r} with "
                      f"files {[n for n, _t in case['files']]} and script {case['script']!r} on a "
                      f"{case['stdin']}: expected output {want[0]!r} (zero status: {want[1]}, files: "
                      f"{want[2]!r}), got {got[0]!r} (zero status: {got[1]}, files: {got[2]!r})")
>           raise AssertionError(detail)
E           AssertionError: 10 of 10 cases differ; first: ed ['-s', 'f.txt'] with files ['f.txt', 'other.txt'] and script 'c\n\n.\n/o\\|a/;.d\n/o\\|a/,+s/\\(.\\)\\(.\\)/&&/n\n/nomatch/;d\n,n\n' on a pipe: expected output b'2\tgagamma three\n?\n1\tbeta two\n2\tgagamma three\n3\tdelta four\n4\tepsilon five\n5\tzeta six\n6\teta seven\n7\ttheta eight\n8\tiota nine\n9\t\n?\n' (zero status: False, files: {'f.txt': b'alpha one\nbeta two\ngamma three\ndelta four\nepsilon five\nzeta six\neta seven\ntheta eight\niota nine\nkappa ten\n', 'other.txt': b'o1\no2\n'}), got b'2\tgagamma three\n?\n1\tbeta two\n2\tgagamma three\n3\tdelta four\n4\tepsilon five\n5\tzeta six\n6\teta seven\n7\ttheta eight\n8\tiota nine\n9\t\n' (zero status: False, files: {'f.txt': b'alpha one\nbeta two\ngamma three\ndelta four\nepsilon five\nzeta six\neta seven\ntheta eight\niota nine\nkappa ten\n', 'other.txt': b'o1\no2\n'})

/tests/test_outputs.py:179: AssertionError
_______________________________ test_generated_1 _______________________________

    def test_generated_1():
>       check("generated_1")

/tests/test_outputs.py:296: 
_ _ _ _ _ _ _ _ _ _ _ _ _ _ _ _ _ _ _ _ _ _ _ _ _ _ _ _ _ _ _ _ _ _ _ _ _ _ _ _ 

family = 'generated_1'

    def check(family):
        cases = [c for c in CASES if c["family"] == family]
        assert cases, f"no cases for {family}"
        # each case runs in its own fresh directories, so cases are independent and can run
        # side by side; map() keeps the corpus order, so the first failure reported is stable
        with ThreadPoolExecutor(max_workers=WORKERS) as pool:
            results = list(pool.map(lambda case: (case, run([GNU_ED], case), run(DEMOTE + CANDIDATE, case)), cases))
        failures = [(case, want, got) for case, want, got in results if got != want]
        if failures:
            case, want, got = failures[0]
            detail = (f"{len(failures)} of {len(cases)} cases differ; first: ed {case['args']!r} with "
                      f"files {[n for n, _t in case['files']]} and script {case['script']!r} on a "
                      f"{case['stdin']}: expected output {want[0]!r} (zero status: {want[1]}, files: "
                      f"{want[2]!r}), got {got[0]!r} (zero status: {got[1]}, files: {got[2]!r})")
>           raise AssertionError(detail)
E           AssertionError: 24 of 80 cases differ; first: ed ['f.txt', '-E'] with files ['f.txt', 'other.txt'] and script "1,2k\nupn\na\nbeta\n\n.\n$-1,++=\n=\ns.a^b.%.gn\n//,'a-s.^$.\\&.0\n'b+1\n;sp\n,p\n" on a pipe: expected output b'31\n?\n?\n?\n7\n?\n?\n?\n?\nx1 y2 z3\n123\na!b\nalpha one\n{2}\nbeta\n\n?\n' (zero status: False, files: {'f.txt': b'x1 y2 z3\n123\na!b\nalpha one\n{2}\n', 'other.txt': b'#hash\ntab\there\na-b\nalpha one\ntab\there\na|b\nMixed Case\nx1 y2 z3\nunder_score\n\nfoo bar foo\nfoo bar foo\n'}), got b'31\n?\n?\n?\n7\n?\n?\n?\n?\nx1 y2 z3\n123\na!b\nalpha one\n{2}\nbeta\n\n' (zero status: False, files: {'f.txt': b'x1 y2 z3\n123\na!b\nalpha one\n{2}\n', 'other.txt': b'#hash\ntab\there\na-b\nalpha one\ntab\there\na|b\nMixed Case\nx1 y2 z3\nunder_score\n\nfoo bar foo\nfoo bar foo\n'})

/tests/test_outputs.py:179: AssertionError
_______________________________ test_generated_2 _______________________________

    def test_generated_2():
>       check("generated_2")

/tests/test_outputs.py:300: 
_ _ _ _ _ _ _ _ _ _ _ _ _ _ _ _ _ _ _ _ _ _ _ _ _ _ _ _ _ _ _ _ _ _ _ _ _ _ _ _ 

family = 'generated_2'

    def check(family):
        cases = [c for c in CASES if c["family"] == family]
        assert cases, f"no cases for {family}"
        # each case runs in its own fresh directories, so cases are independent and can run
        # side by side; map() keeps the corpus order, so the first failure reported is stable
        with ThreadPoolExecutor(max_workers=WORKERS) as pool:
            results = list(pool.map(lambda case: (case, run([GNU_ED], case), run(DEMOTE + CANDIDATE, case)), cases))
        failures = [(case, want, got) for case, want, got in results if got != want]
        if failures:
            case, want, got = failures[0]
            detail = (f"{len(failures)} of {len(cases)} cases differ; first: ed {case['args']!r} with "
                      f"files {[n for n, _t in case['files']]} and script {case['script']!r} on a "
                      f"{case['stdin']}: expected output {want[0]!r} (zero status: {want[1]}, files: "
                      f"{want[2]!r}), got {got[0]!r} (zero status: {got[1]}, files: {got[2]!r})")
>           raise AssertionError(detail)
E           AssertionError: 22 of 80 cases differ; first: ed ['new.txt'] with files ['f.txt', 'other.txt'] and script 'a\nepsilon five\nbeta two\nx1 y2 z3\na-b\n.\n + +1 , --+ jpn\n/[[:alpha:]]\\+/,//t3np\n$;.-a\nq y\n.\n+2-1,4-,??# note\n4-,t$+1\n;n\n,$g|.|s/e/E\n,p\n' on a pipe: expected output b'?\n4\tepsilon five\n?\n5\tq y\n6\ta-b\nEpsilon five\nEpsilon five\nbEta two\nbEta two\nx1 y2 z3\nx1 y2 z3\nEpsilon five\nEpsilon five\nq y\nq y\na-b\na-b\nEpsilon five\nbEta two\nx1 y2 z3\nEpsilon five\nq y\na-b\n?\n' (zero status: False, files: {'f.txt': b'0\n#hash\nepsilon five\na.b\ngamma three\nalpha one\n', 'other.txt': b'trail  \n  lead\ndelta four\n/slash/\nbeta two\n123\n#hash\nphalp\n'}), got b'?\n4\tepsilon five\n?\n5\tq y\n6\ta-b\nEpsilon five\nEpsilon five\nbEta two\nbEta two\nx1 y2 z3\nx1 y2 z3\nEpsilon five\nEpsilon five\nq y\nq y\na-b\na-b\nEpsilon five\nbEta two\nx1 y2 z3\nEpsilon five\nq y\na-b\n' (zero status: False, files: {'f.txt': b'0\n#hash\nepsilon five\na.b\ngamma three\nalpha one\n', 'other.txt': b'trail  \n  lead\ndelta four\n/slash/\nbeta two\n123\n#hash\nphalp\n'})

/tests/test_outputs.py:179: AssertionError
_______________________________ test_generated_3 _______________________________

    def test_generated_3():
>       check("generated_3")

/tests/test_outputs.py:304: 
_ _ _ _ _ _ _ _ _ _ _ _ _ _ _ _ _ _ _ _ _ _ _ _ _ _ _ _ _ _ _ _ _ _ _ _ _ _ _ _ 

family = 'generated_3'

    def check(family):
        cases = [c for c in CASES if c["family"] == family]
        assert cases, f"no cases for {family}"
        # each case runs in its own fresh directories, so cases are independent and can run
        # side by side; map() keeps the corpus order, so the first failure reported is stable
        with ThreadPoolExecutor(max_workers=WORKERS) as pool:
            results = list(pool.map(lambda case: (case, run([GNU_ED], case), run(DEMOTE + CANDIDATE, case)), cases))
        failures = [(case, want, got) for case, want, got in results if got != want]
        if failures:
            case, want, got = failures[0]
            detail = (f"{len(failures)} of {len(cases)} cases differ; first: ed {case['args']!r} with "
                      f"files {[n for n, _t in case['files']]} and script {case['script']!r} on a "
                      f"{case['stdin']}: expected output {want[0]!r} (zero status: {want[1]}, files: "
                      f"{want[2]!r}), got {got[0]!r} (zero status: {got[1]}, files: {got[2]!r})")
>           raise AssertionError(detail)
E           AssertionError: 30 of 80 cases differ; first: ed ['-lsE'] with files ['f.txt', 'other.txt'] and script "a\ne.e\n  lead\n.\n 3 , 'a- wqout.txt\n'av|(.)\\1|s/e/E/\n??,.+1s,a^b,a\\\nb\n++;1ap\n..\n.\n,n\n" on a pipe: expected output b'?\n?\n?\n?\n?\n?\n  lead\n1\te.e\n2\t  lead\n?\n' (zero status: True, files: {'f.txt': b'alpha one\n{2}\n', 'other.txt': b'/slash/\nphalp\na-b\nbeta two\nback\\slash\ntt th t\nbeta two\n0\ne.e\n/slash/\nfoo bar foo\nabab\n  lead\n'}), got b'?\n?\n?\n?\n?\n?\n  lead\n1\te.e\n2\t  lead\n' (zero status: True, files: {'f.txt': b'alpha one\n{2}\n', 'other.txt': b'/slash/\nphalp\na-b\nbeta two\nback\\slash\ntt th t\nbeta two\n0\ne.e\n/slash/\nfoo bar foo\nabab\n  lead\n'})

/tests/test_outputs.py:179: AssertionError
_______________________________ test_generated_4 _______________________________

    def test_generated_4():
>       check("generated_4")

/tests/test_outputs.py:308: 
_ _ _ _ _ _ _ _ _ _ _ _ _ _ _ _ _ _ _ _ _ _ _ _ _ _ _ _ _ _ _ _ _ _ _ _ _ _ _ _ 

family = 'generated_4'

    def check(family):
        cases = [c for c in CASES if c["family"] == family]
        assert cases, f"no cases for {family}"
        # each case runs in its own fresh directories, so cases are independent and can run
        # side by side; map() keeps the corpus order, so the first failure reported is stable
        with ThreadPoolExecutor(max_workers=WORKERS) as pool:
            results = list(pool.map(lambda case: (case, run([GNU_ED], case), run(DEMOTE + CANDIDATE, case)), cases))
        failures = [(case, want, got) for case, want, got in results if got != want]
        if failures:
            case, want, got = failures[0]
            detail = (f"{len(failures)} of {len(cases)} cases differ; first: ed {case['args']!r} with "
                      f"files {[n for n, _t in case['files']]} and script {case['script']!r} on a "
                      f"{case['stdin']}: expected output {want[0]!r} (zero status: {want[1]}, files: "
                      f"{want[2]!r}), got {got[0]!r} (zero status: {got[1]}, files: {got[2]!r})")
>           raise AssertionError(detail)
E           AssertionError: 15 of 80 cases differ; first: ed ['-sE'] with files ['f.txt', 'other.txt'] and script "a\n  lead\ne.e\n.\n$ +1ap\n.\n,'ag;a{0};.=\ng;(^a|b$);c\\\nchg\\\n.\n$ +1g;[[:digit:]]+;n\n,'av.(a|ab)(c|bcd)?.d\nq\n+,s#a{1,2}b#%\n# note\n# note\n,p\n" on a pipe: expected output b'?\ne.e\n?\n?\n?\n?\n?\n  lead\ne.e\n?\n' (zero status: False, files: {'f.txt': b'{2}\n{2}\na|b\ndelta four\n\nbeta two\na!b\n', 'other.txt': b'Mixed Case\n123\ndelta four\ntab\there\nback\\slash\nabab\na.b\nphalp\nab*c\nunder_score\n'}), got b'?\ne.e\n?\n?\n?\n?\n?\n  lead\ne.e\n' (zero status: False, files: {'f.txt': b'{2}\n{2}\na|b\ndelta four\n\nbeta two\na!b\n', 'other.txt': b'Mixed Case\n123\ndelta four\ntab\there\nback\\slash\nabab\na.b\nphalp\nab*c\nunder_score\n'})

/tests/test_outputs.py:179: AssertionError
_______________________________ test_generated_5 _______________________________

    def test_generated_5():
>       check("generated_5")

/tests/test_outputs.py:312: 
_ _ _ _ _ _ _ _ _ _ _ _ _ _ _ _ _ _ _ _ _ _ _ _ _ _ _ _ _ _ _ _ _ _ _ _ _ _ _ _ 

family = 'generated_5'

    def check(family):
        cases = [c for c in CASES if c["family"] == family]
        assert cases, f"no cases for {family}"
        # each case runs in its own fresh directories, so cases are independent and can run
        # side by side; map() keeps the corpus order, so the first failure reported is stable
        with ThreadPoolExecutor(max_workers=WORKERS) as pool:
            results = list(pool.map(lambda case: (case, run([GNU_ED], case), run(DEMOTE + CANDIDATE, case)), cases))
        failures = [(case, want, got) for case, want, got in results if got != want]
        if failures:
            case, want, got = failures[0]
            detail = (f"{len(failures)} of {len(cases)} cases differ; first: ed {case['args']!r} with "
                      f"files {[n for n, _t in case['files']]} and script {case['script']!r} on a "
                      f"{case['stdin']}: expected output {want[0]!r} (zero status: {want[1]}, files: "
                      f"{want[2]!r}), got {got[0]!r} (zero status: {got[1]}, files: {got[2]!r})")
>           raise AssertionError(detail)
E           AssertionError: 26 of 80 cases differ; first: ed ['-s', '-l'] with files ['f.txt', 'other.txt'] and script 'a\nphalp\nepsilon five\n123\n.\n3s\t\n3-d\n$;// +1g.[]a].a\\\nadded\\\n.\n+++;s,[[.-.]],\\&,\n,p\n' on a pipe: expected output b'?\n?\n?\n123\n?\nphalp\n123\n?\n' (zero status: True, files: {'f.txt': b'epsilon five\n123\na-b\nback\\slash\na-b\n/slash/\n', 'other.txt': b'a|b\nback\\slash\nabab\n/slash/\na!b\nalpha one\nback\\slash\nunder_score\nepsilon five\ngamma three\n\nphalp\nepsilon five\n'}), got b'?\n?\n?\n123\n?\nphalp\n123\n' (zero status: True, files: {'f.txt': b'epsilon five\n123\na-b\nback\\slash\na-b\n/slash/\n', 'other.txt': b'a|b\nback\\slash\nabab\n/slash/\na!b\nalpha one\nback\\slash\nunder_score\nepsilon five\ngamma three\n\nphalp\nepsilon five\n'})

/tests/test_outputs.py:179: AssertionError
_______________________________ test_generated_6 _______________________________

    def test_generated_6():
>       check("generated_6")

/tests/test_outputs.py:316: 
_ _ _ _ _ _ _ _ _ _ _ _ _ _ _ _ _ _ _ _ _ _ _ _ _ _ _ _ _ _ _ _ _ _ _ _ _ _ _ _ 

family = 'generated_6'

    def check(family):
        cases = [c for c in CASES if c["family"] == family]
        assert cases, f"no cases for {family}"
        # each case runs in its own fresh directories, so cases are independent and can run
        # side by side; map() keeps the corpus order, so the first failure reported is stable
        with ThreadPoolExecutor(max_workers=WORKERS) as pool:
            results = list(pool.map(lambda case: (case, run([GNU_ED], case), run(DEMOTE + CANDIDATE, case)), cases))
        failures = [(case, want, got) for case, want, got in results if got != want]
        if failures:
            case, want, got = failures[0]
            detail = (f"{len(failures)} of {len(cases)} cases differ; first: ed {case['args']!r} with "
                      f"files {[n for n, _t in case['files']]} and script {case['script']!r} on a "
                      f"{case['stdin']}: expected output {want[0]!r} (zero status: {want[1]}, files: "
                      f"{want[2]!r}), got {got[0]!r} (zero status: {got[1]}, files: {got[2]!r})")
>           raise AssertionError(detail)
E           AssertionError: 22 of 80 cases differ; first: ed ['-s', 'new.txt'] with files ['f.txt', 'other.txt'] and script 'a\nabab\n0\na|b\na|b\na!b\naaa\na-b\ne.e\n.\n,np\ntq\na\n.\nup\nu\n++;an\n.\n6+1,1g,\\*,n\n,.-1a\n .\na|b\n .\n.\n;kb\n,n\n' on a pipe: expected output b'1\tabab\n2\t0\n3\ta|b\n4\ta|b\n5\ta!b\n6\taaa\n7\ta-b\n8\te.e\n?\n?\n?\n?\ne.e\n?\n1\tabab\n2\t0\n3\ta|b\n4\ta|b\n5\ta!b\n6\taaa\n7\ta-b\n8\t .\n9\ta|b\n10\t .\n11\te.e\n?\n' (zero status: False, files: {'f.txt': b'0\na|b\nMixed Case\na.b\nab*c\n123\n{2}\nx1 y2 z3\n\naaa\na!b\n', 'other.txt': b'a.b\na|b\nbeta two\ntab\there\nunder_score\nabab\nx1 y2 z3\nalpha one\nunder_score\n\n'}), got b'1\tabab\n2\t0\n3\ta|b\n4\ta|b\n5\ta!b\n6\taaa\n7\ta-b\n8\te.e\n?\n?\n?\n?\ne.e\n?\n1\tabab\n2\t0\n3\ta|b\n4\ta|b\n5\ta!b\n6\taaa\n7\ta-b\n8\t .\n9\ta|b\n10\t .\n11\te.e\n' (zero status: False, files: {'f.txt': b'0\na|b\nMixed Case\na.b\nab*c\n123\n{2}\nx1 y2 z3\n\naaa\na!b\n', 'other.txt': b'a.b\na|b\nbeta two\ntab\there\nunder_score\nabab\nx1 y2 z3\nalpha one\nunder_score\n\n'})

/tests/test_outputs.py:179: AssertionError
_______________________________ test_generated_7 _______________________________

    def test_generated_7():
>       check("generated_7")

/tests/test_outputs.py:320: 
_ _ _ _ _ _ _ _ _ _ _ _ _ _ _ _ _ _ _ _ _ _ _ _ _ _ _ _ _ _ _ _ _ _ _ _ _ _ _ _ 

family = 'generated_7'

    def check(family):
        cases = [c for c in CASES if c["family"] == family]
        assert cases, f"no cases for {family}"
        # each case runs in its own fresh directories, so cases are independent and can run
        # side by side; map() keeps the corpus order, so the first failure reported is stable
        with ThreadPoolExecutor(max_workers=WORKERS) as pool:
            results = list(pool.map(lambda case: (case, run([GNU_ED], case), run(DEMOTE + CANDIDATE, case)), cases))
        failures = [(case, want, got) for case, want, got in results if got != want]
        if failures:
            case, want, got = failures[0]
            detail = (f"{len(failures)} of {len(cases)} cases differ; first: ed {case['args']!r} with "
                      f"files {[n for n, _t in case['files']]} and script {case['script']!r} on a "
                      f"{case['stdin']}: expected output {want[0]!r} (zero status: {want[1]}, files: "
                      f"{want[2]!r}), got {got[0]!r} (zero status: {got[1]}, files: {got[2]!r})")
>           raise AssertionError(detail)
E           AssertionError: 20 of 80 cases differ; first: ed ['-l', 'new.txt'] with files ['f.txt', 'other.txt'] and script "a\na.b\nab*c\ntab\there\ntab\there\nfoo bar foo\n  lead\na.b\n.\n;g#.*#\n6ip\nq y\nnew\n.\n7g.a\\{1,2\\}.s/a/A/\\\np\n 2+1 , -- sg\n,'ai\n.\n+2-1,i\nnew\n.\n 'a +1 , 7+ s;1;\\\\;g\n.,2-1sp\n,n\n" on a pipe: expected output b'a.b\nnew\n?\n?\nnew\n?\n?\n1\ta.b\n2\tab*c\n3\ttab\there\n4\ttab\there\n5\tfoo bar foo\n6\tq y\n7\tnew\n8\tnew\n9\t  lead\n10\ta.b\n?\n' (zero status: True, files: {'f.txt': b'\ntrail  \na-b\n[-a]\n/slash/\na|b\nbeta two\n', 'other.txt': b'\na|b\na-b\nabab\ngamma three\ntt th t\nback\\slash\na|b\n{2}\ntt th t\nalpha one\ntrail  \ntab\there\na-b\n'}), got b'a.b\nnew\n?\n?\nnew\n?\n?\n1\ta.b\n2\tab*c\n3\ttab\there\n4\ttab\there\n5\tfoo bar foo\n6\tq y\n7\tnew\n8\tnew\n9\t  lead\n10\ta.b\n' (zero status: True, files: {'f.txt': b'\ntrail  \na-b\n[-a]\n/slash/\na|b\nbeta two\n', 'other.txt': b'\na|b\na-b\nabab\ngamma three\ntt th t\nback\\slash\na|b\n{2}\ntt th t\nalpha one\ntrail  \ntab\there\na-b\n'})

/tests/test_outputs.py:179: AssertionError
_______________________________ test_generated_8 _______________________________

    def test_generated_8():
>       check("generated_8")

/tests/test_outputs.py:324: 
_ _ _ _ _ _ _ _ _ _ _ _ _ _ _ _ _ _ _ _ _ _ _ _ _ _ _ _ _ _ _ _ _ _ _ _ _ _ _ _ 

family = 'generated_8'

    def check(family):
        cases = [c for c in CASES if c["family"] == family]
        assert cases, f"no cases for {family}"
        # each case runs in its own fresh directories, so cases are independent and can run
        # side by side; map() keeps the corpus order, so the first failure reported is stable
        with ThreadPoolExecutor(max_workers=WORKERS) as pool:
            results = list(pool.map(lambda case: (case, run([GNU_ED], case), run(DEMOTE + CANDIDATE, case)), cases))
        failures = [(case, want, got) for case, want, got in results if got != want]
        if failures:
            case, want, got = failures[0]
            detail = (f"{len(failures)} of {len(cases)} cases differ; first: ed {case['args']!r} with "
                      f"files {[n for n, _t in case['files']]} and script {case['script']!r} on a "
                      f"{case['stdin']}: expected output {want[0]!r} (zero status: {want[1]}, files: "
                      f"{want[2]!r}), got {got[0]!r} (zero status: {got[1]}, files: {got[2]!r})")
>           raise AssertionError(detail)
E           AssertionError: 16 of 80 cases differ; first: ed ['-l', 'new.txt'] with files ['f.txt', 'other.txt'] and script 'a\na.b\n{2}\n.\n -+ , +2- dp\n.-a\n\n.\n2,1dpp\n-,0-,.-1d\ncp x\n,p\n' on a pipe: expected output b'?\n?\n?\n?\na.b\n\n{2}\n?\n' (zero status: True, files: {'f.txt': b'a.b\ntt th t\n{2}\n\na.b\nbeta two\nbeta two\nphalp\nx1 y2 z3\nbeta two\nunder_score\n', 'other.txt': b'/slash/\n{2}\ntab\there\nalpha one\ntrail  \na!b\nalpha one\n  lead\n{2}\nbeta two\n#hash\nfoo bar foo\nMixed Case\na!b\n'}), got b'?\n?\n?\n?\na.b\n\n{2}\n' (zero status: True, files: {'f.txt': b'a.b\ntt th t\n{2}\n\na.b\nbeta two\nbeta two\nphalp\nx1 y2 z3\nbeta two\nunder_score\n', 'other.txt': b'/slash/\n{2}\ntab\there\nalpha one\ntrail  \na!b\nalpha one\n  lead\n{2}\nbeta two\n#hash\nfoo bar foo\nMixed Case\na!b\n'})

/tests/test_outputs.py:179: AssertionError
==================================== PASSES ====================================
=========================== short test summary info ============================
PASSED ../../tests/test_outputs.py::test_launcher_stops_delegation_and_foreign_code
PASSED ../../tests/test_outputs.py::test_print_list_number
FAILED ../../tests/test_outputs.py::test_addresses - AssertionError: 1 of 85 ...
FAILED ../../tests/test_outputs.py::test_append_insert_change - AssertionErro...
FAILED ../../tests/test_outputs.py::test_delete_join_move_copy - AssertionErr...
FAILED ../../tests/test_outputs.py::test_substitute - AssertionError: 33 of 8...
FAILED ../../tests/test_outputs.py::test_global_commands - AssertionError: 14...
FAILED ../../tests/test_outputs.py::test_undo - AssertionError: 4 of 16 cases...
FAILED ../../tests/test_outputs.py::test_regex - AssertionError: 6 of 75 case...
FAILED ../../tests/test_outputs.py::test_regex_extended - AssertionError: 4 o...
FAILED ../../tests/test_outputs.py::test_files_and_write - AssertionError: 6 ...
FAILED ../../tests/test_outputs.py::test_errors_and_exit - AssertionError: 4 ...
FAILED ../../tests/test_outputs.py::test_options - AssertionError: 2 of 9 cas...
FAILED ../../tests/test_outputs.py::test_mixed_scripts_1 - AssertionError: 5 ...
FAILED ../../tests/test_outputs.py::test_mixed_scripts_2 - AssertionError: 10...
FAILED ../../tests/test_outputs.py::test_mixed_scripts_3 - AssertionError: 6 ...
FAILED ../../tests/test_outputs.py::test_mixed_scripts_4 - AssertionError: 11...
FAILED ../../tests/test_outputs.py::test_mixed_scripts_5 - AssertionError: 16...
FAILED ../../tests/test_outputs.py::test_mixed_scripts_6 - AssertionError: 10...
FAILED ../../tests/test_outputs.py::test_generated_1 - AssertionError: 24 of ...
FAILED ../../tests/test_outputs.py::test_generated_2 - AssertionError: 22 of ...
FAILED ../../tests/test_outputs.py::test_generated_3 - AssertionError: 30 of ...
FAILED ../../tests/test_outputs.py::test_generated_4 - AssertionError: 15 of ...
FAILED ../../tests/test_outputs.py::test_generated_5 - AssertionError: 26 of ...
FAILED ../../tests/test_outputs.py::test_generated_6 - AssertionError: 22 of ...
FAILED ../../tests/test_outputs.py::test_generated_7 - AssertionError: 20 of ...
FAILED ../../tests/test_outputs.py::test_generated_8 - AssertionError: 16 of ...
======================== 25 failed, 2 passed in 18.34s =========================
