============================= test session starts ==============================
platform linux -- Python 3.13.12, pytest-9.1.1, pluggy-1.6.0
rootdir: /tests
plugins: json-ctrf-0.5.2
collected 27 items

../../tests/test_outputs.py .....F...............FFFFF.                  [100%]

=================================== FAILURES ===================================
_____________________________ test_global_commands _____________________________

    def test_global_commands():
>       check("global_commands")

/tests/test_outputs.py:240: 
_ _ _ _ _ _ _ _ _ _ _ _ _ _ _ _ _ _ _ _ _ _ _ _ _ _ _ _ _ _ _ _ _ _ _ _ _ _ _ _ 

family = 'global_commands'

    def check(family):
        cases = [c for c in CASES if c["family"] == family]
        assert cases, f"no cases for {family}"
        # each case runs in its own fresh directories, so cases are independent and can run
        # side by side; map() keeps the corpus order, so the first failure reported is stable
        with ThreadPoolExecutor(max_workers=WORKERS) as pool:
            results = list(pool.map(lambda case: (case, run([GNU_ED], case), run(DEMOTE + CANDIDATE, case)), cases))
        failures = [(case, want, got) for case, want, got in results if got != want]
        if failures:
            case, want, got = failures[0]
            detail = (f"{len(failures)} of {len(cases)} cases differ; first: ed {case['args']!r} with "
                      f"files {[n for n, _t in case['files']]} and script {case['script']!r} on a "
                      f"{case['stdin']}: expected output {want[0]!r} (zero status: {want[1]}, files: "
                      f"{want[2]!r}), got {got[0]!r} (zero status: {got[1]}, files: {got[2]!r})")
>           raise AssertionError(detail)
E           AssertionError: 2 of 63 cases differ; first: ed ['-s', 'f.txt'] with files ['f.txt'] and script 'g/t/.,+1j\n,p\n' on a pipe: expected output b'?\nalpha one\nbeta twogamma three\ndelta fourepsilon five\nzeta sixeta seven\ntheta eightiota nine\nkappa ten\n?\n' (zero status: False, files: {'f.txt': b'alpha one\nbeta two\ngamma three\ndelta four\nepsilon five\nzeta six\neta seven\ntheta eight\niota nine\nkappa ten\n'}), got b'?\nalpha one\nbeta twogamma three\ndelta four\nepsilon five\nzeta six\neta seven\ntheta eight\niota nine\nkappa ten\n?\n' (zero status: False, files: {'f.txt': b'alpha one\nbeta two\ngamma three\ndelta four\nepsilon five\nzeta six\neta seven\ntheta eight\niota nine\nkappa ten\n'})

/tests/test_outputs.py:179: AssertionError
_______________________________ test_generated_3 _______________________________

    def test_generated_3():
>       check("generated_3")

/tests/test_outputs.py:304: 
_ _ _ _ _ _ _ _ _ _ _ _ _ _ _ _ _ _ _ _ _ _ _ _ _ _ _ _ _ _ _ _ _ _ _ _ _ _ _ _ 

family = 'generated_3'

    def check(family):
        cases = [c for c in CASES if c["family"] == family]
        assert cases, f"no cases for {family}"
        # each case runs in its own fresh directories, so cases are independent and can run
        # side by side; map() keeps the corpus order, so the first failure reported is stable
        with ThreadPoolExecutor(max_workers=WORKERS) as pool:
            results = list(pool.map(lambda case: (case, run([GNU_ED], case), run(DEMOTE + CANDIDATE, case)), cases))
        failures = [(case, want, got) for case, want, got in results if got != want]
        if failures:
            case, want, got = failures[0]
            detail = (f"{len(failures)} of {len(cases)} cases differ; first: ed {case['args']!r} with "
                      f"files {[n for n, _t in case['files']]} and script {case['script']!r} on a "
                      f"{case['stdin']}: expected output {want[0]!r} (zero status: {want[1]}, files: "
                      f"{want[2]!r}), got {got[0]!r} (zero status: {got[1]}, files: {got[2]!r})")
>           raise AssertionError(detail)
E           AssertionError: 1 of 80 cases differ; first: ed ['f.txt', '-s', '-l'] with files ['f.txt', 'other.txt'] and script "v/a\\?b/+d\nt'b\n-u\n,p\n" on a pipe: expected output b'?\n?\na-b\n{2}\nback\\slash\na|b\n{2}\naaa\na.b\ndelta four\ngamma three\n?\n' (zero status: True, files: {'f.txt': b'a-b\n{2}\nfoo bar foo\nback\\slash\na|b\n{2}\naaa\naaa\ntt th t\na.b\ndelta four\ntrail  \ngamma three\ngamma three\n', 'other.txt': b'Mixed Case\n123\n  lead\nabab\nunder_score\ntt th t\n#hash\n'}), got b'?\n?\n?\na-b\n{2}\nback\\slash\na|b\n{2}\naaa\ntt th t\na.b\ndelta four\ntrail  \ngamma three\ngamma three\n?\n' (zero status: True, files: {'f.txt': b'a-b\n{2}\nfoo bar foo\nback\\slash\na|b\n{2}\naaa\naaa\ntt th t\na.b\ndelta four\ntrail  \ngamma three\ngamma three\n', 'other.txt': b'Mixed Case\n123\n  lead\nabab\nunder_score\ntt th t\n#hash\n'})

/tests/test_outputs.py:179: AssertionError
_______________________________ test_generated_4 _______________________________

    def test_generated_4():
>       check("generated_4")

/tests/test_outputs.py:308: 
_ _ _ _ _ _ _ _ _ _ _ _ _ _ _ _ _ _ _ _ _ _ _ _ _ _ _ _ _ _ _ _ _ _ _ _ _ _ _ _ 

family = 'generated_4'

    def check(family):
        cases = [c for c in CASES if c["family"] == family]
        assert cases, f"no cases for {family}"
        # each case runs in its own fresh directories, so cases are independent and can run
        # side by side; map() keeps the corpus order, so the first failure reported is stable
        with ThreadPoolExecutor(max_workers=WORKERS) as pool:
            results = list(pool.map(lambda case: (case, run([GNU_ED], case), run(DEMOTE + CANDIDATE, case)), cases))
        failures = [(case, want, got) for case, want, got in results if got != want]
        if failures:
            case, want, got = failures[0]
            detail = (f"{len(failures)} of {len(cases)} cases differ; first: ed {case['args']!r} with "
                      f"files {[n for n, _t in case['files']]} and script {case['script']!r} on a "
                      f"{case['stdin']}: expected output {want[0]!r} (zero status: {want[1]}, files: "
                      f"{want[2]!r}), got {got[0]!r} (zero status: {got[1]}, files: {got[2]!r})")
>           raise AssertionError(detail)
E           AssertionError: 1 of 80 cases differ; first: ed ['f.txt', '-l'] with files ['f.txt', 'other.txt'] and script '\n??=\n=\n++1;s,[[=a=]],a\\\nb\n,1+g;.;j\nv,[[:punct:]],s/e/E\nkb\n,g#\\*#p\n,n\n' on a pipe: expected output b'7\n?\n?\n2\n?\n?\n1\t[-a]0\n?\n' (zero status: True, files: {'f.txt': b'[-a]\n0\n', 'other.txt': b'tt th t\n\n[-a]\n123\nMixed Case\nback\\slash\n\nx1 y2 z3\ndelta four\n  lead\ndelta four\n'}), got b'7\n?\n?\n2\n?\n?\n?\n1\t[-a]0\n?\n' (zero status: True, files: {'f.txt': b'[-a]\n0\n', 'other.txt': b'tt th t\n\n[-a]\n123\nMixed Case\nback\\slash\n\nx1 y2 z3\ndelta four\n  lead\ndelta four\n'})

/tests/test_outputs.py:179: AssertionError
_______________________________ test_generated_5 _______________________________

    def test_generated_5():
>       check("generated_5")

/tests/test_outputs.py:312: 
_ _ _ _ _ _ _ _ _ _ _ _ _ _ _ _ _ _ _ _ _ _ _ _ _ _ _ _ _ _ _ _ _ _ _ _ _ _ _ _ 

family = 'generated_5'

    def check(family):
        cases = [c for c in CASES if c["family"] == family]
        assert cases, f"no cases for {family}"
        # each case runs in its own fresh directories, so cases are independent and can run
        # side by side; map() keeps the corpus order, so the first failure reported is stable
        with ThreadPoolExecutor(max_workers=WORKERS) as pool:
            results = list(pool.map(lambda case: (case, run([GNU_ED], case), run(DEMOTE + CANDIDATE, case)), cases))
        failures = [(case, want, got) for case, want, got in results if got != want]
        if failures:
            case, want, got = failures[0]
            detail = (f"{len(failures)} of {len(cases)} cases differ; first: ed {case['args']!r} with "
                      f"files {[n for n, _t in case['files']]} and script {case['script']!r} on a "
                      f"{case['stdin']}: expected output {want[0]!r} (zero status: {want[1]}, files: "
                      f"{want[2]!r}), got {got[0]!r} (zero status: {got[1]}, files: {got[2]!r})")
>           raise AssertionError(detail)
E           AssertionError: 1 of 80 cases differ; first: ed ['-s', '-l', 'f.txt'] with files ['f.txt', 'other.txt'] and script ',ka\ng#.*#+d\ns/a\\{1,2\\}/E\nQ\n' on a pipe: expected output b'?\nE-b\n' (zero status: True, files: {'f.txt': b'aaa\nMixed Case\nalpha one\nx1 y2 z3\na-b\n', 'other.txt': b'  lead\n\na!b\n  lead\ntrail  \nMixed Case\ntab\there\n{2}\ngamma three\na-b\n123\nunder_score\ne.e\n\n'}), got b'?\n?\n' (zero status: True, files: {'f.txt': b'aaa\nMixed Case\nalpha one\nx1 y2 z3\na-b\n', 'other.txt': b'  lead\n\na!b\n  lead\ntrail  \nMixed Case\ntab\there\n{2}\ngamma three\na-b\n123\nunder_score\ne.e\n\n'})

/tests/test_outputs.py:179: AssertionError
_______________________________ test_generated_6 _______________________________

    def test_generated_6():
>       check("generated_6")

/tests/test_outputs.py:316: 
_ _ _ _ _ _ _ _ _ _ _ _ _ _ _ _ _ _ _ _ _ _ _ _ _ _ _ _ _ _ _ _ _ _ _ _ _ _ _ _ 

family = 'generated_6'

    def check(family):
        cases = [c for c in CASES if c["family"] == family]
        assert cases, f"no cases for {family}"
        # each case runs in its own fresh directories, so cases are independent and can run
        # side by side; map() keeps the corpus order, so the first failure reported is stable
        with ThreadPoolExecutor(max_workers=WORKERS) as pool:
            results = list(pool.map(lambda case: (case, run([GNU_ED], case), run(DEMOTE + CANDIDATE, case)), cases))
        failures = [(case, want, got) for case, want, got in results if got != want]
        if failures:
            case, want, got = failures[0]
            detail = (f"{len(failures)} of {len(cases)} cases differ; first: ed {case['args']!r} with "
                      f"files {[n for n, _t in case['files']]} and script {case['script']!r} on a "
                      f"{case['stdin']}: expected output {want[0]!r} (zero status: {want[1]}, files: "
                      f"{want[2]!r}), got {got[0]!r} (zero status: {got[1]}, files: {got[2]!r})")
>           raise AssertionError(detail)
E           AssertionError: 1 of 80 cases differ; first: ed ['f.txt', '-s'] with files ['f.txt', 'other.txt'] and script '.s|a$b|-&-|g2\n 7 , 1 v/[[:space:]]/w out.txt\n11,v/o*/u\n,sn\ng#a\\{0\\}#+d\n/[a-]/u\n4-;m+2\nu\nkA\n,n\n' on a pipe: expected output b'?\n?\n?\n?\n?\n?\n1\t{2}\n2\tepsilon five\n3\ta|b\n4\tphalp\n5\te.e\n6\te.e\n7\t0\n?\n' (zero status: False, files: {'f.txt': b'{2}\nback\\slash\nepsilon five\n[-a]\na|b\ndelta four\nphalp\nunder_score\ne.e\na.b\ne.e\nbeta two\n0\n', 'other.txt': b'delta four\ne.e\nepsilon five\nabab\na!b\nMixed Case\nback\\slash\ntrail  \ntrail  \n'}), got b'?\n?\n?\n?\n?\n?\n1\t{2}\n2\tepsilon five\n3\t[-a]\n4\ta|b\n5\tdelta four\n6\tphalp\n7\tunder_score\n8\te.e\n9\ta.b\n10\te.e\n11\tbeta two\n12\t0\n?\n' (zero status: False, files: {'f.txt': b'{2}\nback\\slash\nepsilon five\n[-a]\na|b\ndelta four\nphalp\nunder_score\ne.e\na.b\ne.e\nbeta two\n0\n', 'other.txt': b'delta four\ne.e\nepsilon five\nabab\na!b\nMixed Case\nback\\slash\ntrail  \ntrail  \n'})

/tests/test_outputs.py:179: AssertionError
_______________________________ test_generated_7 _______________________________

    def test_generated_7():
>       check("generated_7")

/tests/test_outputs.py:320: 
_ _ _ _ _ _ _ _ _ _ _ _ _ _ _ _ _ _ _ _ _ _ _ _ _ _ _ _ _ _ _ _ _ _ _ _ _ _ _ _ 

family = 'generated_7'

    def check(family):
        cases = [c for c in CASES if c["family"] == family]
        assert cases, f"no cases for {family}"
        # each case runs in its own fresh directories, so cases are independent and can run
        # side by side; map() keeps the corpus order, so the first failure reported is stable
        with ThreadPoolExecutor(max_workers=WORKERS) as pool:
            results = list(pool.map(lambda case: (case, run([GNU_ED], case), run(DEMOTE + CANDIDATE, case)), cases))
        failures = [(case, want, got) for case, want, got in results if got != want]
        if failures:
            case, want, got = failures[0]
            detail = (f"{len(failures)} of {len(cases)} cases differ; first: ed {case['args']!r} with "
                      f"files {[n for n, _t in case['files']]} and script {case['script']!r} on a "
                      f"{case['stdin']}: expected output {want[0]!r} (zero status: {want[1]}, files: "
                      f"{want[2]!r}), got {got[0]!r} (zero status: {got[1]}, files: {got[2]!r})")
>           raise AssertionError(detail)
E           AssertionError: 1 of 80 cases differ; first: ed ['-E', 'f.txt'] with files ['f.txt', 'other.txt'] and script '5-1,+d\ng/a{1,2}b/+d\na\ne.e\ne.e\n.\n/(ab|a)(bc|c)/;$s\nw\n' on a pipe: expected output b'52\n?\n?\n51\n' (zero status: False, files: {'f.txt': b'[-a]\n/slash/\nfoo bar foo\ntab\there\ntab\there\ne.e\ne.e\n', 'other.txt': b'phalp\nab*c\nab*c\n\ntab\there\n#hash\n{2}\na!b\ntrail  \ntt th t\n/slash/\na!b\n\n'}), got b'52\n?\n?\n?\n55\n' (zero status: False, files: {'f.txt': b'e.e\ne.e\n[-a]\n/slash/\nfoo bar foo\ntab\there\ntab\there\na|b\n', 'other.txt': b'phalp\nab*c\nab*c\n\ntab\there\n#hash\n{2}\na!b\ntrail  \ntt th t\n/slash/\na!b\n\n'})

/tests/test_outputs.py:179: AssertionError
==================================== PASSES ====================================
=========================== short test summary info ============================
PASSED ../../tests/test_outputs.py::test_launcher_stops_delegation_and_foreign_code
PASSED ../../tests/test_outputs.py::test_addresses
PASSED ../../tests/test_outputs.py::test_append_insert_change
PASSED ../../tests/test_outputs.py::test_delete_join_move_copy
PASSED ../../tests/test_outputs.py::test_substitute
PASSED ../../tests/test_outputs.py::test_undo
PASSED ../../tests/test_outputs.py::test_print_list_number
PASSED ../../tests/test_outputs.py::test_regex
PASSED ../../tests/test_outputs.py::test_regex_extended
PASSED ../../tests/test_outputs.py::test_files_and_write
PASSED ../../tests/test_outputs.py::test_errors_and_exit
PASSED ../../tests/test_outputs.py::test_options
PASSED ../../tests/test_outputs.py::test_mixed_scripts_1
PASSED ../../tests/test_outputs.py::test_mixed_scripts_2
PASSED ../../tests/test_outputs.py::test_mixed_scripts_3
PASSED ../../tests/test_outputs.py::test_mixed_scripts_4
PASSED ../../tests/test_outputs.py::test_mixed_scripts_5
PASSED ../../tests/test_outputs.py::test_mixed_scripts_6
PASSED ../../tests/test_outputs.py::test_generated_1
PASSED ../../tests/test_outputs.py::test_generated_2
PASSED ../../tests/test_outputs.py::test_generated_8
FAILED ../../tests/test_outputs.py::test_global_commands - AssertionError: 2 ...
FAILED ../../tests/test_outputs.py::test_generated_3 - AssertionError: 1 of 8...
FAILED ../../tests/test_outputs.py::test_generated_4 - AssertionError: 1 of 8...
FAILED ../../tests/test_outputs.py::test_generated_5 - AssertionError: 1 of 8...
FAILED ../../tests/test_outputs.py::test_generated_6 - AssertionError: 1 of 8...
FAILED ../../tests/test_outputs.py::test_generated_7 - AssertionError: 1 of 8...
======================== 6 failed, 21 passed in 14.06s =========================
