============================= test session starts ==============================
platform linux -- Python 3.13.12, pytest-9.1.1, pluggy-1.6.0
rootdir: /tests
plugins: json-ctrf-0.5.2
collected 27 items

../../tests/test_outputs.py ....F................F.FFF.                  [100%]

=================================== FAILURES ===================================
_______________________________ test_substitute ________________________________

    def test_substitute():
>       check("substitute")

/tests/test_outputs.py:236: 
_ _ _ _ _ _ _ _ _ _ _ _ _ _ _ _ _ _ _ _ _ _ _ _ _ _ _ _ _ _ _ _ _ _ _ _ _ _ _ _ 

family = 'substitute'

    def check(family):
        cases = [c for c in CASES if c["family"] == family]
        assert cases, f"no cases for {family}"
        # each case runs in its own fresh directories, so cases are independent and can run
        # side by side; map() keeps the corpus order, so the first failure reported is stable
        with ThreadPoolExecutor(max_workers=WORKERS) as pool:
            results = list(pool.map(lambda case: (case, run([GNU_ED], case), run(DEMOTE + CANDIDATE, case)), cases))
        failures = [(case, want, got) for case, want, got in results if got != want]
        if failures:
            case, want, got = failures[0]
            detail = (f"{len(failures)} of {len(cases)} cases differ; first: ed {case['args']!r} with "
                      f"files {[n for n, _t in case['files']]} and script {case['script']!r} on a "
                      f"{case['stdin']}: expected output {want[0]!r} (zero status: {want[1]}, files: "
                      f"{want[2]!r}), got {got[0]!r} (zero status: {got[1]}, files: {got[2]!r})")
>           raise AssertionError(detail)
E           AssertionError: 2 of 84 cases differ; first: ed ['f.txt'] with files ['f.txt'] and script '1,2s/[ab]/<&>\nQ\n' on a pipe: expected output b'4\n<b>\n' (zero status: True, files: {'f.txt': b'a\nb\n'}), got b'4\n<a>' (zero status: True, files: {'f.txt': b'a\nb\n'})

/tests/test_outputs.py:179: AssertionError
_______________________________ test_generated_3 _______________________________

    def test_generated_3():
>       check("generated_3")

/tests/test_outputs.py:304: 
_ _ _ _ _ _ _ _ _ _ _ _ _ _ _ _ _ _ _ _ _ _ _ _ _ _ _ _ _ _ _ _ _ _ _ _ _ _ _ _ 

family = 'generated_3'

    def check(family):
        cases = [c for c in CASES if c["family"] == family]
        assert cases, f"no cases for {family}"
        # each case runs in its own fresh directories, so cases are independent and can run
        # side by side; map() keeps the corpus order, so the first failure reported is stable
        with ThreadPoolExecutor(max_workers=WORKERS) as pool:
            results = list(pool.map(lambda case: (case, run([GNU_ED], case), run(DEMOTE + CANDIDATE, case)), cases))
        failures = [(case, want, got) for case, want, got in results if got != want]
        if failures:
            case, want, got = failures[0]
            detail = (f"{len(failures)} of {len(cases)} cases differ; first: ed {case['args']!r} with "
                      f"files {[n for n, _t in case['files']]} and script {case['script']!r} on a "
                      f"{case['stdin']}: expected output {want[0]!r} (zero status: {want[1]}, files: "
                      f"{want[2]!r}), got {got[0]!r} (zero status: {got[1]}, files: {got[2]!r})")
>           raise AssertionError(detail)
E           AssertionError: 2 of 80 cases differ; first: ed ['-sl', 'f.txt'] with files ['f.txt', 'other.txt'] and script '. +1s;e.e;\\n;gn\ns\n,s;.*;a\\\nb\ndpp\n,p\n' on a pipe: expected output b'?\n?\nb\n?\na\nb\na\nb\na\nb\na\nb\na\nb\na\nb\na\nb\na\nb\n?\n' (zero status: True, files: {'f.txt': b'under_score\nfoo bar foo\nbeta two\na|b\n#hash\ndelta four\ntrail  \n123\n', 'other.txt': b'foo bar foo\nabab\nback\\slash\nalpha one\ne.e\nabab\n'}), got b'?\n?\na?\na\nb\na\nb\na\nb\na\nb\na\nb\na\nb\na\nb\na\nb\n?\n' (zero status: True, files: {'f.txt': b'under_score\nfoo bar foo\nbeta two\na|b\n#hash\ndelta four\ntrail  \n123\n', 'other.txt': b'foo bar foo\nabab\nback\\slash\nalpha one\ne.e\nabab\n'})

/tests/test_outputs.py:179: AssertionError
_______________________________ test_generated_5 _______________________________

    def test_generated_5():
>       check("generated_5")

/tests/test_outputs.py:312: 
_ _ _ _ _ _ _ _ _ _ _ _ _ _ _ _ _ _ _ _ _ _ _ _ _ _ _ _ _ _ _ _ _ _ _ _ _ _ _ _ 

family = 'generated_5'

    def check(family):
        cases = [c for c in CASES if c["family"] == family]
        assert cases, f"no cases for {family}"
        # each case runs in its own fresh directories, so cases are independent and can run
        # side by side; map() keeps the corpus order, so the first failure reported is stable
        with ThreadPoolExecutor(max_workers=WORKERS) as pool:
            results = list(pool.map(lambda case: (case, run([GNU_ED], case), run(DEMOTE + CANDIDATE, case)), cases))
        failures = [(case, want, got) for case, want, got in results if got != want]
        if failures:
            case, want, got = failures[0]
            detail = (f"{len(failures)} of {len(cases)} cases differ; first: ed {case['args']!r} with "
                      f"files {[n for n, _t in case['files']]} and script {case['script']!r} on a "
                      f"{case['stdin']}: expected output {want[0]!r} (zero status: {want[1]}, files: "
                      f"{want[2]!r}), got {got[0]!r} (zero status: {got[1]}, files: {got[2]!r})")
>           raise AssertionError(detail)
E           AssertionError: 1 of 80 cases differ; first: ed ['-sl', 'f.txt'] with files ['f.txt', 'other.txt'] and script ",s/[[:alpha:]]\\+/\\1\n3,1d\n'a+1;d\n $+1 , + np\nka\n?x*y*?ka\n1=\nQ\n" on a pipe: expected output b'1 Case\n?\n?\n?\n1\n' (zero status: True, files: {'f.txt': b'0\nab*c\n\nab*c\n/slash/\nabab\nMixed Case\n', 'other.txt': b'trail  \nbeta two\nepsilon five\nx1 y2 z3\n'}), got b'0?\n?\n?\n1\n' (zero status: True, files: {'f.txt': b'0\nab*c\n\nab*c\n/slash/\nabab\nMixed Case\n', 'other.txt': b'trail  \nbeta two\nepsilon five\nx1 y2 z3\n'})

/tests/test_outputs.py:179: AssertionError
_______________________________ test_generated_6 _______________________________

    def test_generated_6():
>       check("generated_6")

/tests/test_outputs.py:316: 
_ _ _ _ _ _ _ _ _ _ _ _ _ _ _ _ _ _ _ _ _ _ _ _ _ _ _ _ _ _ _ _ _ _ _ _ _ _ _ _ 

family = 'generated_6'

    def check(family):
        cases = [c for c in CASES if c["family"] == family]
        assert cases, f"no cases for {family}"
        # each case runs in its own fresh directories, so cases are independent and can run
        # side by side; map() keeps the corpus order, so the first failure reported is stable
        with ThreadPoolExecutor(max_workers=WORKERS) as pool:
            results = list(pool.map(lambda case: (case, run([GNU_ED], case), run(DEMOTE + CANDIDATE, case)), cases))
        failures = [(case, want, got) for case, want, got in results if got != want]
        if failures:
            case, want, got = failures[0]
            detail = (f"{len(failures)} of {len(cases)} cases differ; first: ed {case['args']!r} with "
                      f"files {[n for n, _t in case['files']]} and script {case['script']!r} on a "
                      f"{case['stdin']}: expected output {want[0]!r} (zero status: {want[1]}, files: "
                      f"{want[2]!r}), got {got[0]!r} (zero status: {got[1]}, files: {got[2]!r})")
>           raise AssertionError(detail)
E           AssertionError: 1 of 80 cases differ; first: ed ['-s', '-l', 'f.txt'] with files ['f.txt', 'other.txt'] and script 'pn\n,.s#[[:punct:]]#\\\n\nu\n $ , 11+1 dp\n--,\n.+1u\n2p\n,p\n' on a pipe: expected output b'14\ta.b\nb\n?\naaa\n?\nphalp\nphalp\nphalp\naaa\ne.e\ne.e\nepsilon five\nab*c\nabab\n0\n[-a]\ngamma three\naaa\n0\na.b\n' (zero status: True, files: {'f.txt': b'phalp\nphalp\naaa\ne.e\ne.e\nepsilon five\nab*c\nabab\n0\n[-a]\ngamma three\naaa\n0\na.b\n', 'other.txt': b'aaa\nunder_score\nx1 y2 z3\nepsilon five\nback\\slash\n  lead\nalpha one\nepsilon five\nfoo bar foo\n'}), got b'14\ta.b\nphalp?\naaa\n?\nphalp\nphalp\nphalp\naaa\ne.e\ne.e\nepsilon five\nab*c\nabab\n0\n[-a]\ngamma three\naaa\n0\na.b\n' (zero status: True, files: {'f.txt': b'phalp\nphalp\naaa\ne.e\ne.e\nepsilon five\nab*c\nabab\n0\n[-a]\ngamma three\naaa\n0\na.b\n', 'other.txt': b'aaa\nunder_score\nx1 y2 z3\nepsilon five\nback\\slash\n  lead\nalpha one\nepsilon five\nfoo bar foo\n'})

/tests/test_outputs.py:179: AssertionError
_______________________________ test_generated_7 _______________________________

    def test_generated_7():
>       check("generated_7")

/tests/test_outputs.py:320: 
_ _ _ _ _ _ _ _ _ _ _ _ _ _ _ _ _ _ _ _ _ _ _ _ _ _ _ _ _ _ _ _ _ _ _ _ _ _ _ _ 

family = 'generated_7'

    def check(family):
        cases = [c for c in CASES if c["family"] == family]
        assert cases, f"no cases for {family}"
        # each case runs in its own fresh directories, so cases are independent and can run
        # side by side; map() keeps the corpus order, so the first failure reported is stable
        with ThreadPoolExecutor(max_workers=WORKERS) as pool:
            results = list(pool.map(lambda case: (case, run([GNU_ED], case), run(DEMOTE + CANDIDATE, case)), cases))
        failures = [(case, want, got) for case, want, got in results if got != want]
        if failures:
            case, want, got = failures[0]
            detail = (f"{len(failures)} of {len(cases)} cases differ; first: ed {case['args']!r} with "
                      f"files {[n for n, _t in case['files']]} and script {case['script']!r} on a "
                      f"{case['stdin']}: expected output {want[0]!r} (zero status: {want[1]}, files: "
                      f"{want[2]!r}), got {got[0]!r} (zero status: {got[1]}, files: {got[2]!r})")
>           raise AssertionError(detail)
E           AssertionError: 1 of 80 cases differ; first: ed ['-E', 'f.txt'] with files ['f.txt', 'other.txt'] and script 's/(o)(o)?/a\\\nb\nu\n+-1,4t//+1\na\n.\nun\n,p\n' on a pipe: expected output b'61\nbre\n?\n?\nepsilon five\ne.e\n123\n123\n  lead\nabab\ne.e\naaa\n123\nunder_score\n' (zero status: False, files: {'f.txt': b'epsilon five\ne.e\n123\n123\n  lead\nabab\ne.e\naaa\n123\nunder_score\n', 'other.txt': b'a.b\naaa\nepsilon five\na|b\nMixed Case\ntab\there\n\ntrail  \ntt th t\n{2}\n\nx1 y2 z3\nepsilon five\nabab\n'}), got b'61\nunder_sca?\n?\nepsilon five\ne.e\n123\n123\n  lead\nabab\ne.e\naaa\n123\nunder_score\n' (zero status: False, files: {'f.txt': b'epsilon five\ne.e\n123\n123\n  lead\nabab\ne.e\naaa\n123\nunder_score\n', 'other.txt': b'a.b\naaa\nepsilon five\na|b\nMixed Case\ntab\there\n\ntrail  \ntt th t\n{2}\n\nx1 y2 z3\nepsilon five\nabab\n'})

/tests/test_outputs.py:179: AssertionError
==================================== PASSES ====================================
=========================== short test summary info ============================
PASSED ../../tests/test_outputs.py::test_launcher_stops_delegation_and_foreign_code
PASSED ../../tests/test_outputs.py::test_addresses
PASSED ../../tests/test_outputs.py::test_append_insert_change
PASSED ../../tests/test_outputs.py::test_delete_join_move_copy
PASSED ../../tests/test_outputs.py::test_global_commands
PASSED ../../tests/test_outputs.py::test_undo
PASSED ../../tests/test_outputs.py::test_print_list_number
PASSED ../../tests/test_outputs.py::test_regex
PASSED ../../tests/test_outputs.py::test_regex_extended
PASSED ../../tests/test_outputs.py::test_files_and_write
PASSED ../../tests/test_outputs.py::test_errors_and_exit
PASSED ../../tests/test_outputs.py::test_options
PASSED ../../tests/test_outputs.py::test_mixed_scripts_1
PASSED ../../tests/test_outputs.py::test_mixed_scripts_2
PASSED ../../tests/test_outputs.py::test_mixed_scripts_3
PASSED ../../tests/test_outputs.py::test_mixed_scripts_4
PASSED ../../tests/test_outputs.py::test_mixed_scripts_5
PASSED ../../tests/test_outputs.py::test_mixed_scripts_6
PASSED ../../tests/test_outputs.py::test_generated_1
PASSED ../../tests/test_outputs.py::test_generated_2
PASSED ../../tests/test_outputs.py::test_generated_4
PASSED ../../tests/test_outputs.py::test_generated_8
FAILED ../../tests/test_outputs.py::test_substitute - AssertionError: 2 of 84...
FAILED ../../tests/test_outputs.py::test_generated_3 - AssertionError: 2 of 8...
FAILED ../../tests/test_outputs.py::test_generated_5 - AssertionError: 1 of 8...
FAILED ../../tests/test_outputs.py::test_generated_6 - AssertionError: 1 of 8...
FAILED ../../tests/test_outputs.py::test_generated_7 - AssertionError: 1 of 8...
======================== 5 failed, 22 passed in 12.11s =========================
