============================= test session starts ==============================
platform linux -- Python 3.13.12, pytest-9.1.1, pluggy-1.6.0
rootdir: /tests
plugins: json-ctrf-0.5.2
collected 27 items

../../tests/test_outputs.py ..........F........FF.FFFFF                  [100%]

=================================== FAILURES ===================================
_____________________________ test_files_and_write _____________________________

    def test_files_and_write():
>       check("files_and_write")

/tests/test_outputs.py:260: 
_ _ _ _ _ _ _ _ _ _ _ _ _ _ _ _ _ _ _ _ _ _ _ _ _ _ _ _ _ _ _ _ _ _ _ _ _ _ _ _ 

family = 'files_and_write'

    def check(family):
        cases = [c for c in CASES if c["family"] == family]
        assert cases, f"no cases for {family}"
        # each case runs in its own fresh directories, so cases are independent and can run
        # side by side; map() keeps the corpus order, so the first failure reported is stable
        with ThreadPoolExecutor(max_workers=WORKERS) as pool:
            results = list(pool.map(lambda case: (case, run([GNU_ED], case), run(DEMOTE + CANDIDATE, case)), cases))
        failures = [(case, want, got) for case, want, got in results if got != want]
        if failures:
            case, want, got = failures[0]
            detail = (f"{len(failures)} of {len(cases)} cases differ; first: ed {case['args']!r} with "
                      f"files {[n for n, _t in case['files']]} and script {case['script']!r} on a "
                      f"{case['stdin']}: expected output {want[0]!r} (zero status: {want[1]}, files: "
                      f"{want[2]!r}), got {got[0]!r} (zero status: {got[1]}, files: {got[2]!r})")
>           raise AssertionError(detail)
E           AssertionError: 3 of 85 cases differ; first: ed ['-s'] with files [] and script 'a\nx\n.\nw\tout\nQ\n' on a pipe: expected output b'' (zero status: True, files: {'out': b'x\n'}), got b'?\n' (zero status: False, files: {})

/tests/test_outputs.py:179: AssertionError
_______________________________ test_generated_1 _______________________________

    def test_generated_1():
>       check("generated_1")

/tests/test_outputs.py:296: 
_ _ _ _ _ _ _ _ _ _ _ _ _ _ _ _ _ _ _ _ _ _ _ _ _ _ _ _ _ _ _ _ _ _ _ _ _ _ _ _ 

family = 'generated_1'

    def check(family):
        cases = [c for c in CASES if c["family"] == family]
        assert cases, f"no cases for {family}"
        # each case runs in its own fresh directories, so cases are independent and can run
        # side by side; map() keeps the corpus order, so the first failure reported is stable
        with ThreadPoolExecutor(max_workers=WORKERS) as pool:
            results = list(pool.map(lambda case: (case, run([GNU_ED], case), run(DEMOTE + CANDIDATE, case)), cases))
        failures = [(case, want, got) for case, want, got in results if got != want]
        if failures:
            case, want, got = failures[0]
            detail = (f"{len(failures)} of {len(cases)} cases differ; first: ed {case['args']!r} with "
                      f"files {[n for n, _t in case['files']]} and script {case['script']!r} on a "
                      f"{case['stdin']}: expected output {want[0]!r} (zero status: {want[1]}, files: "
                      f"{want[2]!r}), got {got[0]!r} (zero status: {got[1]}, files: {got[2]!r})")
>           raise AssertionError(detail)
E           AssertionError: 3 of 80 cases differ; first: ed ['f.txt'] with files ['f.txt', 'other.txt'] and script 'e\tsub/new.txt\n//+1g;!;d\n;g|.|s//X/g\n 5+1 , 5 \n$-m5\n4# note\n4-u\nu\n7u\nQ\n' on a pipe: expected output b'56\n?\n?\n?\n?\n?\n?\n?\n?\n?\n' (zero status: False, files: {'f.txt': b'a!b\nphalp\nfoo bar foo\na!b\na|b\ndelta four\n123\nback\\slash\n', 'other.txt': b'\nabab\nfoo bar foo\n0\n[-a]\n123\n#hash\ne.e\na!b\nalpha one\na|b\n/slash/\na|b\na!b\n'}), got b'56\n?\n?\na|b\n?\n?\n' (zero status: False, files: {'f.txt': b'a!b\nphalp\nfoo bar foo\na!b\na|b\ndelta four\n123\nback\\slash\n', 'other.txt': b'\nabab\nfoo bar foo\n0\n[-a]\n123\n#hash\ne.e\na!b\nalpha one\na|b\n/slash/\na|b\na!b\n'})

/tests/test_outputs.py:179: AssertionError
_______________________________ test_generated_2 _______________________________

    def test_generated_2():
>       check("generated_2")

/tests/test_outputs.py:300: 
_ _ _ _ _ _ _ _ _ _ _ _ _ _ _ _ _ _ _ _ _ _ _ _ _ _ _ _ _ _ _ _ _ _ _ _ _ _ _ _ 

family = 'generated_2'

    def check(family):
        cases = [c for c in CASES if c["family"] == family]
        assert cases, f"no cases for {family}"
        # each case runs in its own fresh directories, so cases are independent and can run
        # side by side; map() keeps the corpus order, so the first failure reported is stable
        with ThreadPoolExecutor(max_workers=WORKERS) as pool:
            results = list(pool.map(lambda case: (case, run([GNU_ED], case), run(DEMOTE + CANDIDATE, case)), cases))
        failures = [(case, want, got) for case, want, got in results if got != want]
        if failures:
            case, want, got = failures[0]
            detail = (f"{len(failures)} of {len(cases)} cases differ; first: ed {case['args']!r} with "
                      f"files {[n for n, _t in case['files']]} and script {case['script']!r} on a "
                      f"{case['stdin']}: expected output {want[0]!r} (zero status: {want[1]}, files: "
                      f"{want[2]!r}), got {got[0]!r} (zero status: {got[1]}, files: {got[2]!r})")
>           raise AssertionError(detail)
E           AssertionError: 1 of 80 cases differ; first: ed ['-sl', 'f.txt'] with files ['f.txt', 'other.txt'] and script '.W\tother.txt\n/\\(a\\|al\\)\\(p\\|ph\\)/p\ns#*a#E#gI\n /^\\*/ , 3 +1 =\nQ\n' on a pipe: expected output b'?\n?\n?\n' (zero status: True, files: {'f.txt': b'under_score\ngamma three\nunder_score\nepsilon five\nx1 y2 z3\n\n', 'other.txt': b'x1 y2 z3\ntt th t\na|b\nunder_score\nabab\n[-a]\nbeta two\nalpha one\nab*c\nunder_score\n  lead\ne.e\na!b\n\n\n'}), got b'?\n?\n?\n?\n' (zero status: True, files: {'f.txt': b'under_score\ngamma three\nunder_score\nepsilon five\nx1 y2 z3\n\n', 'other.txt': b'x1 y2 z3\ntt th t\na|b\nunder_score\nabab\n[-a]\nbeta two\nalpha one\nab*c\nunder_score\n  lead\ne.e\na!b\n\n'})

/tests/test_outputs.py:179: AssertionError
_______________________________ test_generated_4 _______________________________

    def test_generated_4():
>       check("generated_4")

/tests/test_outputs.py:308: 
_ _ _ _ _ _ _ _ _ _ _ _ _ _ _ _ _ _ _ _ _ _ _ _ _ _ _ _ _ _ _ _ _ _ _ _ _ _ _ _ 

family = 'generated_4'

    def check(family):
        cases = [c for c in CASES if c["family"] == family]
        assert cases, f"no cases for {family}"
        # each case runs in its own fresh directories, so cases are independent and can run
        # side by side; map() keeps the corpus order, so the first failure reported is stable
        with ThreadPoolExecutor(max_workers=WORKERS) as pool:
            results = list(pool.map(lambda case: (case, run([GNU_ED], case), run(DEMOTE + CANDIDATE, case)), cases))
        failures = [(case, want, got) for case, want, got in results if got != want]
        if failures:
            case, want, got = failures[0]
            detail = (f"{len(failures)} of {len(cases)} cases differ; first: ed {case['args']!r} with "
                      f"files {[n for n, _t in case['files']]} and script {case['script']!r} on a "
                      f"{case['stdin']}: expected output {want[0]!r} (zero status: {want[1]}, files: "
                      f"{want[2]!r}), got {got[0]!r} (zero status: {got[1]}, files: {got[2]!r})")
>           raise AssertionError(detail)
E           AssertionError: 5 of 80 cases differ; first: ed ['-l', 'f.txt'] with files ['f.txt', 'other.txt'] and script '# note\ns,e,\\2\\1,3g\n$;d\n$;g;\\(a;c\\\nchg\\\n.\n0d\n3-wq\tout.txt\nupp\nip\nbeta\n.\n6 +1,$,6p\nQ\n' on a pipe: expected output b'68\n?\n?\n?\nx1 y2 z3\n?\n5\n?\n?\nbeta\n?\n' (zero status: True, files: {'f.txt': b'/slash/\n[-a]\na|b\nunder_score\na!b\n[-a]\ntab\there\nx1 y2 z3\nfoo bar foo\n', 'other.txt': b'back\\slash\ntrail  \ntab\there\ne.e\na.b\ntab\there\ntt th t\n[-a]\n[-a]\nepsilon five\nfoo bar foo\n', 'out.txt': b'[-a]\n'}), got b'68\n?\n?\n?\nx1 y2 z3\n?\n?\n?\nbeta\n?\n' (zero status: True, files: {'f.txt': b'/slash/\n[-a]\na|b\nunder_score\na!b\n[-a]\ntab\there\nx1 y2 z3\nfoo bar foo\n', 'other.txt': b'back\\slash\ntrail  \ntab\there\ne.e\na.b\ntab\there\ntt th t\n[-a]\n[-a]\nepsilon five\nfoo bar foo\n'})

/tests/test_outputs.py:179: AssertionError
_______________________________ test_generated_5 _______________________________

    def test_generated_5():
>       check("generated_5")

/tests/test_outputs.py:312: 
_ _ _ _ _ _ _ _ _ _ _ _ _ _ _ _ _ _ _ _ _ _ _ _ _ _ _ _ _ _ _ _ _ _ _ _ _ _ _ _ 

family = 'generated_5'

    def check(family):
        cases = [c for c in CASES if c["family"] == family]
        assert cases, f"no cases for {family}"
        # each case runs in its own fresh directories, so cases are independent and can run
        # side by side; map() keeps the corpus order, so the first failure reported is stable
        with ThreadPoolExecutor(max_workers=WORKERS) as pool:
            results = list(pool.map(lambda case: (case, run([GNU_ED], case), run(DEMOTE + CANDIDATE, case)), cases))
        failures = [(case, want, got) for case, want, got in results if got != want]
        if failures:
            case, want, got = failures[0]
            detail = (f"{len(failures)} of {len(cases)} cases differ; first: ed {case['args']!r} with "
                      f"files {[n for n, _t in case['files']]} and script {case['script']!r} on a "
                      f"{case['stdin']}: expected output {want[0]!r} (zero status: {want[1]}, files: "
                      f"{want[2]!r}), got {got[0]!r} (zero status: {got[1]}, files: {got[2]!r})")
>           raise AssertionError(detail)
E           AssertionError: 5 of 80 cases differ; first: ed ['-s', 'new.txt'] with files ['f.txt', 'other.txt'] and script 'a\na-b\n123\n.\n1+,??-,//+g|x*y*|q\ng.\\*.t.\n=5\ncpn\n..\ne.e\nq y\n.\n=5\nE\tf.txt\np\nj\n2,/a\\{0\\}/,-2+1g,[^a-e],c\\\nchg\\\n.\n,n\n' on a pipe: expected output b'?\n?\n4\tq y\n?\nphalp\n?\n1\tchg\n2\tchg\n3\tchg\n4\tchg\n5\tchg\n6\tchg\n7\taaa\n8\tchg\n9\tchg\n10\tabab\n11\tchg\n12\tchg\n13\tchg\n14\tphalp\n?\n' (zero status: False, files: {'f.txt': b'a|b\ndelta four\nx1 y2 z3\nphalp\n#hash\ne.e\naaa\nab*c\n/slash/\nabab\n[-a]\nx1 y2 z3\ntrail  \nphalp\n', 'other.txt': b'delta four\nepsilon five\nabab\nfoo bar foo\nphalp\ndelta four\na!b\n[-a]\n'}), got b'?\n?\n4\tq y\n?\n?\nq y\n?\n1\tchg\n2\tchg\n3\tchg\n4\tq y\n?\n' (zero status: False, files: {'f.txt': b'a|b\ndelta four\nx1 y2 z3\nphalp\n#hash\ne.e\naaa\nab*c\n/slash/\nabab\n[-a]\nx1 y2 z3\ntrail  \nphalp\n', 'other.txt': b'delta four\nepsilon five\nabab\nfoo bar foo\nphalp\ndelta four\na!b\n[-a]\n'})

/tests/test_outputs.py:179: AssertionError
_______________________________ test_generated_6 _______________________________

    def test_generated_6():
>       check("generated_6")

/tests/test_outputs.py:316: 
_ _ _ _ _ _ _ _ _ _ _ _ _ _ _ _ _ _ _ _ _ _ _ _ _ _ _ _ _ _ _ _ _ _ _ _ _ _ _ _ 

family = 'generated_6'

    def check(family):
        cases = [c for c in CASES if c["family"] == family]
        assert cases, f"no cases for {family}"
        # each case runs in its own fresh directories, so cases are independent and can run
        # side by side; map() keeps the corpus order, so the first failure reported is stable
        with ThreadPoolExecutor(max_workers=WORKERS) as pool:
            results = list(pool.map(lambda case: (case, run([GNU_ED], case), run(DEMOTE + CANDIDATE, case)), cases))
        failures = [(case, want, got) for case, want, got in results if got != want]
        if failures:
            case, want, got = failures[0]
            detail = (f"{len(failures)} of {len(cases)} cases differ; first: ed {case['args']!r} with "
                      f"files {[n for n, _t in case['files']]} and script {case['script']!r} on a "
                      f"{case['stdin']}: expected output {want[0]!r} (zero status: {want[1]}, files: "
                      f"{want[2]!r}), got {got[0]!r} (zero status: {got[1]}, files: {got[2]!r})")
>           raise AssertionError(detail)
E           AssertionError: 3 of 80 cases differ; first: ed ['f.txt', '-sl'] with files ['f.txt', 'other.txt'] and script '.# note\n??ka\ne\tf.txt\n3 +1=\n/a/t++pn\nEsub/new.txt\nu\nt++\n.u\n,p\n' on a pipe: expected output b'?\n4\n?\n?\n?\n?\n?\na|b\nabab\n[-a]\ngamma three\nabab\ngamma three\n' (zero status: True, files: {'f.txt': b'a|b\nabab\n[-a]\ngamma three\nabab\ngamma three\n', 'other.txt': b'tt th t\ndelta four\nabab\ntt th t\naaa\nbeta two\n0\na-b\ntab\there\n0\n{2}\n'}), got b'?\n?\n4\n?\n?\n?\n?\n?\na|b\nabab\n[-a]\ngamma three\nabab\ngamma three\n' (zero status: True, files: {'f.txt': b'a|b\nabab\n[-a]\ngamma three\nabab\ngamma three\n', 'other.txt': b'tt th t\ndelta four\nabab\ntt th t\naaa\nbeta two\n0\na-b\ntab\there\n0\n{2}\n'})

/tests/test_outputs.py:179: AssertionError
_______________________________ test_generated_7 _______________________________

    def test_generated_7():
>       check("generated_7")

/tests/test_outputs.py:320: 
_ _ _ _ _ _ _ _ _ _ _ _ _ _ _ _ _ _ _ _ _ _ _ _ _ _ _ _ _ _ _ _ _ _ _ _ _ _ _ _ 

family = 'generated_7'

    def check(family):
        cases = [c for c in CASES if c["family"] == family]
        assert cases, f"no cases for {family}"
        # each case runs in its own fresh directories, so cases are independent and can run
        # side by side; map() keeps the corpus order, so the first failure reported is stable
        with ThreadPoolExecutor(max_workers=WORKERS) as pool:
            results = list(pool.map(lambda case: (case, run([GNU_ED], case), run(DEMOTE + CANDIDATE, case)), cases))
        failures = [(case, want, got) for case, want, got in results if got != want]
        if failures:
            case, want, got = failures[0]
            detail = (f"{len(failures)} of {len(cases)} cases differ; first: ed {case['args']!r} with "
                      f"files {[n for n, _t in case['files']]} and script {case['script']!r} on a "
                      f"{case['stdin']}: expected output {want[0]!r} (zero status: {want[1]}, files: "
                      f"{want[2]!r}), got {got[0]!r} (zero status: {got[1]}, files: {got[2]!r})")
>           raise AssertionError(detail)
E           AssertionError: 2 of 80 cases differ; first: ed ['f.txt'] with files ['f.txt', 'other.txt'] and script "1g#$#s/zz/y/\nW\tf.txt\n1p\n'a+,s;[[:space:]];\\&;gp\n,s;a^;\\1\n2g#1#s/e/E\n,p\n" on a file: expected output b'11\n11\n  lead\n?\n' (zero status: False, files: {'f.txt': b'  lead\naaa\n  lead\naaa\n', 'other.txt': b'ab*c\na|b\n/slash/\n\n  lead\na|b\ntab\there\na|b\ne.e\n  lead\nalpha one\nab*c\n'}), got b'11\n?\n' (zero status: False, files: {'f.txt': b'  lead\naaa\n', 'other.txt': b'ab*c\na|b\n/slash/\n\n  lead\na|b\ntab\there\na|b\ne.e\n  lead\nalpha one\nab*c\n'})

/tests/test_outputs.py:179: AssertionError
_______________________________ test_generated_8 _______________________________

    def test_generated_8():
>       check("generated_8")

/tests/test_outputs.py:324: 
_ _ _ _ _ _ _ _ _ _ _ _ _ _ _ _ _ _ _ _ _ _ _ _ _ _ _ _ _ _ _ _ _ _ _ _ _ _ _ _ 

family = 'generated_8'

    def check(family):
        cases = [c for c in CASES if c["family"] == family]
        assert cases, f"no cases for {family}"
        # each case runs in its own fresh directories, so cases are independent and can run
        # side by side; map() keeps the corpus order, so the first failure reported is stable
        with ThreadPoolExecutor(max_workers=WORKERS) as pool:
            results = list(pool.map(lambda case: (case, run([GNU_ED], case), run(DEMOTE + CANDIDATE, case)), cases))
        failures = [(case, want, got) for case, want, got in results if got != want]
        if failures:
            case, want, got = failures[0]
            detail = (f"{len(failures)} of {len(cases)} cases differ; first: ed {case['args']!r} with "
                      f"files {[n for n, _t in case['files']]} and script {case['script']!r} on a "
                      f"{case['stdin']}: expected output {want[0]!r} (zero status: {want[1]}, files: "
                      f"{want[2]!r}), got {got[0]!r} (zero status: {got[1]}, files: {got[2]!r})")
>           raise AssertionError(detail)
E           AssertionError: 2 of 80 cases differ; first: ed ['-s'] with files ['f.txt', 'other.txt'] and script "a\ntab\there\n\n.\nf\tmissing.txt\ns;e;\\1;gI\nw\tother.txt\n,1-1jpn\n,2kb\ns/a/b/q\n'a# note\n2,1p\nap\n..\nq y\na|b\n.\n,p\n" on a file: expected output b'missing.txt\n?\n' (zero status: False, files: {'f.txt': b'#hash\nbeta two\ne.e\ndelta four\nepsilon five\ntt th t\n#hash\nx1 y2 z3\na|b\nphalp\ngamma three\n', 'other.txt': b'e.e\n123\na!b\na|b\nunder_score\nfoo bar foo\nalpha one\ntrail  \ntab\there\nback\\slash\nfoo bar foo\ngamma three\n'}), got b'?\n' (zero status: False, files: {'f.txt': b'#hash\nbeta two\ne.e\ndelta four\nepsilon five\ntt th t\n#hash\nx1 y2 z3\na|b\nphalp\ngamma three\n', 'other.txt': b'e.e\n123\na!b\na|b\nunder_score\nfoo bar foo\nalpha one\ntrail  \ntab\there\nback\\slash\nfoo bar foo\ngamma three\n'})

/tests/test_outputs.py:179: AssertionError
==================================== PASSES ====================================
=========================== short test summary info ============================
PASSED ../../tests/test_outputs.py::test_launcher_stops_delegation_and_foreign_code
PASSED ../../tests/test_outputs.py::test_addresses
PASSED ../../tests/test_outputs.py::test_append_insert_change
PASSED ../../tests/test_outputs.py::test_delete_join_move_copy
PASSED ../../tests/test_outputs.py::test_substitute
PASSED ../../tests/test_outputs.py::test_global_commands
PASSED ../../tests/test_outputs.py::test_undo
PASSED ../../tests/test_outputs.py::test_print_list_number
PASSED ../../tests/test_outputs.py::test_regex
PASSED ../../tests/test_outputs.py::test_regex_extended
PASSED ../../tests/test_outputs.py::test_errors_and_exit
PASSED ../../tests/test_outputs.py::test_options
PASSED ../../tests/test_outputs.py::test_mixed_scripts_1
PASSED ../../tests/test_outputs.py::test_mixed_scripts_2
PASSED ../../tests/test_outputs.py::test_mixed_scripts_3
PASSED ../../tests/test_outputs.py::test_mixed_scripts_4
PASSED ../../tests/test_outputs.py::test_mixed_scripts_5
PASSED ../../tests/test_outputs.py::test_mixed_scripts_6
PASSED ../../tests/test_outputs.py::test_generated_3
FAILED ../../tests/test_outputs.py::test_files_and_write - AssertionError: 3 ...
FAILED ../../tests/test_outputs.py::test_generated_1 - AssertionError: 3 of 8...
FAILED ../../tests/test_outputs.py::test_generated_2 - AssertionError: 1 of 8...
FAILED ../../tests/test_outputs.py::test_generated_4 - AssertionError: 5 of 8...
FAILED ../../tests/test_outputs.py::test_generated_5 - AssertionError: 5 of 8...
FAILED ../../tests/test_outputs.py::test_generated_6 - AssertionError: 3 of 8...
FAILED ../../tests/test_outputs.py::test_generated_7 - AssertionError: 2 of 8...
FAILED ../../tests/test_outputs.py::test_generated_8 - AssertionError: 2 of 8...
======================== 8 failed, 19 passed in 12.41s =========================
