============================= test session starts ==============================
platform linux -- Python 3.13.12, pytest-9.1.1, pluggy-1.6.0
rootdir: /tests
plugins: json-ctrf-0.5.2
collected 27 items

../../tests/test_outputs.py ..........F.........F.F.FF.                  [100%]

=================================== FAILURES ===================================
_____________________________ test_files_and_write _____________________________

    def test_files_and_write():
>       check("files_and_write")

/tests/test_outputs.py:260: 
_ _ _ _ _ _ _ _ _ _ _ _ _ _ _ _ _ _ _ _ _ _ _ _ _ _ _ _ _ _ _ _ _ _ _ _ _ _ _ _ 

family = 'files_and_write'

    def check(family):
        cases = [c for c in CASES if c["family"] == family]
        assert cases, f"no cases for {family}"
        # each case runs in its own fresh directories, so cases are independent and can run
        # side by side; map() keeps the corpus order, so the first failure reported is stable
        with ThreadPoolExecutor(max_workers=WORKERS) as pool:
            results = list(pool.map(lambda case: (case, run([GNU_ED], case), run(DEMOTE + CANDIDATE, case)), cases))
        failures = [(case, want, got) for case, want, got in results if got != want]
        if failures:
            case, want, got = failures[0]
            detail = (f"{len(failures)} of {len(cases)} cases differ; first: ed {case['args']!r} with "
                      f"files {[n for n, _t in case['files']]} and script {case['script']!r} on a "
                      f"{case['stdin']}: expected output {want[0]!r} (zero status: {want[1]}, files: "
                      f"{want[2]!r}), got {got[0]!r} (zero status: {got[1]}, files: {got[2]!r})")
>           raise AssertionError(detail)
E           AssertionError: 4 of 85 cases differ; first: ed ['-s', 'f.txt'] with files ['f.txt', 'other.txt'] and script '2W part.txt\n4W part.txt\n' on a pipe: expected output b'' (zero status: True, files: {'f.txt': b'alpha one\nbeta two\ngamma three\ndelta four\nepsilon five\nzeta six\neta seven\ntheta eight\niota nine\nkappa ten\n', 'other.txt': b'o1\no2\no3\n', 'part.txt': b'beta two\ndelta four\n'}), got b'' (zero status: True, files: {'f.txt': b'alpha one\nbeta two\ngamma three\ndelta four\nepsilon five\nzeta six\neta seven\ntheta eight\niota nine\nkappa ten\n', 'other.txt': b'o1\no2\no3\n', 'part.txt': b'delta four\n'})

/tests/test_outputs.py:179: AssertionError
_______________________________ test_generated_2 _______________________________

    def test_generated_2():
>       check("generated_2")

/tests/test_outputs.py:300: 
_ _ _ _ _ _ _ _ _ _ _ _ _ _ _ _ _ _ _ _ _ _ _ _ _ _ _ _ _ _ _ _ _ _ _ _ _ _ _ _ 

family = 'generated_2'

    def check(family):
        cases = [c for c in CASES if c["family"] == family]
        assert cases, f"no cases for {family}"
        # each case runs in its own fresh directories, so cases are independent and can run
        # side by side; map() keeps the corpus order, so the first failure reported is stable
        with ThreadPoolExecutor(max_workers=WORKERS) as pool:
            results = list(pool.map(lambda case: (case, run([GNU_ED], case), run(DEMOTE + CANDIDATE, case)), cases))
        failures = [(case, want, got) for case, want, got in results if got != want]
        if failures:
            case, want, got = failures[0]
            detail = (f"{len(failures)} of {len(cases)} cases differ; first: ed {case['args']!r} with "
                      f"files {[n for n, _t in case['files']]} and script {case['script']!r} on a "
                      f"{case['stdin']}: expected output {want[0]!r} (zero status: {want[1]}, files: "
                      f"{want[2]!r}), got {got[0]!r} (zero status: {got[1]}, files: {got[2]!r})")
>           raise AssertionError(detail)
E           AssertionError: 1 of 80 cases differ; first: ed ['-sl', 'f.txt'] with files ['f.txt', 'other.txt'] and script '.W\tother.txt\n/\\(a\\|al\\)\\(p\\|ph\\)/p\ns#*a#E#gI\n /^\\*/ , 3 +1 =\nQ\n' on a pipe: expected output b'?\n?\n?\n' (zero status: True, files: {'f.txt': b'under_score\ngamma three\nunder_score\nepsilon five\nx1 y2 z3\n\n', 'other.txt': b'x1 y2 z3\ntt th t\na|b\nunder_score\nabab\n[-a]\nbeta two\nalpha one\nab*c\nunder_score\n  lead\ne.e\na!b\n\n\n'}), got b'?\n?\n?\n' (zero status: True, files: {'f.txt': b'under_score\ngamma three\nunder_score\nepsilon five\nx1 y2 z3\n\n', 'other.txt': b'\n'})

/tests/test_outputs.py:179: AssertionError
_______________________________ test_generated_4 _______________________________

    def test_generated_4():
>       check("generated_4")

/tests/test_outputs.py:308: 
_ _ _ _ _ _ _ _ _ _ _ _ _ _ _ _ _ _ _ _ _ _ _ _ _ _ _ _ _ _ _ _ _ _ _ _ _ _ _ _ 

family = 'generated_4'

    def check(family):
        cases = [c for c in CASES if c["family"] == family]
        assert cases, f"no cases for {family}"
        # each case runs in its own fresh directories, so cases are independent and can run
        # side by side; map() keeps the corpus order, so the first failure reported is stable
        with ThreadPoolExecutor(max_workers=WORKERS) as pool:
            results = list(pool.map(lambda case: (case, run([GNU_ED], case), run(DEMOTE + CANDIDATE, case)), cases))
        failures = [(case, want, got) for case, want, got in results if got != want]
        if failures:
            case, want, got = failures[0]
            detail = (f"{len(failures)} of {len(cases)} cases differ; first: ed {case['args']!r} with "
                      f"files {[n for n, _t in case['files']]} and script {case['script']!r} on a "
                      f"{case['stdin']}: expected output {want[0]!r} (zero status: {want[1]}, files: "
                      f"{want[2]!r}), got {got[0]!r} (zero status: {got[1]}, files: {got[2]!r})")
>           raise AssertionError(detail)
E           AssertionError: 1 of 80 cases differ; first: ed ['-sl', 'f.txt'] with files ['f.txt', 'other.txt'] and script 'u\n.;$# note\n;jpp\n11W\n,p\n' on a pipe: expected output b'?\n?\nfoo bar foo\ndelta four\ndelta four\nab*c\nunder_score\nab*c\n[-a]\n\na.b\nunder_score\ntt th t\n' (zero status: True, files: {'f.txt': b'foo bar foo\ndelta four\ndelta four\nab*c\nunder_score\nab*c\n[-a]\n\na.b\nunder_score\ntt th t\ntt th t\n', 'other.txt': b'epsilon five\ndelta four\nfoo bar foo\nMixed Case\nMixed Case\naaa\nepsilon five\na!b\n\nback\\slash\nMixed Case\n'}), got b'?\n?\nfoo bar foo\ndelta four\ndelta four\nab*c\nunder_score\nab*c\n[-a]\n\na.b\nunder_score\ntt th t\n' (zero status: True, files: {'f.txt': b'tt th t\n', 'other.txt': b'epsilon five\ndelta four\nfoo bar foo\nMixed Case\nMixed Case\naaa\nepsilon five\na!b\n\nback\\slash\nMixed Case\n'})

/tests/test_outputs.py:179: AssertionError
_______________________________ test_generated_6 _______________________________

    def test_generated_6():
>       check("generated_6")

/tests/test_outputs.py:316: 
_ _ _ _ _ _ _ _ _ _ _ _ _ _ _ _ _ _ _ _ _ _ _ _ _ _ _ _ _ _ _ _ _ _ _ _ _ _ _ _ 

family = 'generated_6'

    def check(family):
        cases = [c for c in CASES if c["family"] == family]
        assert cases, f"no cases for {family}"
        # each case runs in its own fresh directories, so cases are independent and can run
        # side by side; map() keeps the corpus order, so the first failure reported is stable
        with ThreadPoolExecutor(max_workers=WORKERS) as pool:
            results = list(pool.map(lambda case: (case, run([GNU_ED], case), run(DEMOTE + CANDIDATE, case)), cases))
        failures = [(case, want, got) for case, want, got in results if got != want]
        if failures:
            case, want, got = failures[0]
            detail = (f"{len(failures)} of {len(cases)} cases differ; first: ed {case['args']!r} with "
                      f"files {[n for n, _t in case['files']]} and script {case['script']!r} on a "
                      f"{case['stdin']}: expected output {want[0]!r} (zero status: {want[1]}, files: "
                      f"{want[2]!r}), got {got[0]!r} (zero status: {got[1]}, files: {got[2]!r})")
>           raise AssertionError(detail)
E           AssertionError: 1 of 80 cases differ; first: ed ['f.txt', '-s', '-l'] with files ['f.txt', 'other.txt'] and script '/$/s/\\{2\\}/\\n/p\n,.W other.txt\n7-;d\ng#[[.-.]]#n\n2,1p\n+;c\na|b\n..\n.\n# note\n,p\n' on a pipe: expected output b'?\n6\t[-a]\n?\nab*c\naaa\naaa\ntt th t\nMixed Case\n[-a]\na|b\n..\ngamma three\n0\n?\n' (zero status: True, files: {'f.txt': b'ab*c\naaa\naaa\ntt th t\nMixed Case\n  lead\n[-a]\naaa\ngamma three\n0\n', 'other.txt': b'back\\slash\nbeta two\nabab\n{2}\nback\\slash\ngamma three\na!b\nab*c\naaa\naaa\ntt th t\nMixed Case\n  lead\n[-a]\naaa\ngamma three\n0\n'}), got b'?\n6\t[-a]\n?\nab*c\naaa\naaa\ntt th t\nMixed Case\n[-a]\na|b\n..\ngamma three\n0\n?\n' (zero status: True, files: {'f.txt': b'ab*c\naaa\naaa\ntt th t\nMixed Case\n  lead\n[-a]\naaa\ngamma three\n0\n', 'other.txt': b'ab*c\naaa\naaa\ntt th t\nMixed Case\n  lead\n[-a]\naaa\ngamma three\n0\n'})

/tests/test_outputs.py:179: AssertionError
_______________________________ test_generated_7 _______________________________

    def test_generated_7():
>       check("generated_7")

/tests/test_outputs.py:320: 
_ _ _ _ _ _ _ _ _ _ _ _ _ _ _ _ _ _ _ _ _ _ _ _ _ _ _ _ _ _ _ _ _ _ _ _ _ _ _ _ 

family = 'generated_7'

    def check(family):
        cases = [c for c in CASES if c["family"] == family]
        assert cases, f"no cases for {family}"
        # each case runs in its own fresh directories, so cases are independent and can run
        # side by side; map() keeps the corpus order, so the first failure reported is stable
        with ThreadPoolExecutor(max_workers=WORKERS) as pool:
            results = list(pool.map(lambda case: (case, run([GNU_ED], case), run(DEMOTE + CANDIDATE, case)), cases))
        failures = [(case, want, got) for case, want, got in results if got != want]
        if failures:
            case, want, got = failures[0]
            detail = (f"{len(failures)} of {len(cases)} cases differ; first: ed {case['args']!r} with "
                      f"files {[n for n, _t in case['files']]} and script {case['script']!r} on a "
                      f"{case['stdin']}: expected output {want[0]!r} (zero status: {want[1]}, files: "
                      f"{want[2]!r}), got {got[0]!r} (zero status: {got[1]}, files: {got[2]!r})")
>           raise AssertionError(detail)
E           AssertionError: 1 of 80 cases differ; first: ed ['f.txt'] with files ['f.txt', 'other.txt'] and script "1g#$#s/zz/y/\nW\tf.txt\n1p\n'a+,s;[[:space:]];\\&;gp\n,s;a^;\\1\n2g#1#s/e/E\n,p\n" on a file: expected output b'11\n11\n  lead\n?\n' (zero status: False, files: {'f.txt': b'  lead\naaa\n  lead\naaa\n', 'other.txt': b'ab*c\na|b\n/slash/\n\n  lead\na|b\ntab\there\na|b\ne.e\n  lead\nalpha one\nab*c\n'}), got b'11\n11\n  lead\n?\n' (zero status: False, files: {'f.txt': b'  lead\naaa\n', 'other.txt': b'ab*c\na|b\n/slash/\n\n  lead\na|b\ntab\there\na|b\ne.e\n  lead\nalpha one\nab*c\n'})

/tests/test_outputs.py:179: AssertionError
==================================== PASSES ====================================
=========================== short test summary info ============================
PASSED ../../tests/test_outputs.py::test_launcher_stops_delegation_and_foreign_code
PASSED ../../tests/test_outputs.py::test_addresses
PASSED ../../tests/test_outputs.py::test_append_insert_change
PASSED ../../tests/test_outputs.py::test_delete_join_move_copy
PASSED ../../tests/test_outputs.py::test_substitute
PASSED ../../tests/test_outputs.py::test_global_commands
PASSED ../../tests/test_outputs.py::test_undo
PASSED ../../tests/test_outputs.py::test_print_list_number
PASSED ../../tests/test_outputs.py::test_regex
PASSED ../../tests/test_outputs.py::test_regex_extended
PASSED ../../tests/test_outputs.py::test_errors_and_exit
PASSED ../../tests/test_outputs.py::test_options
PASSED ../../tests/test_outputs.py::test_mixed_scripts_1
PASSED ../../tests/test_outputs.py::test_mixed_scripts_2
PASSED ../../tests/test_outputs.py::test_mixed_scripts_3
PASSED ../../tests/test_outputs.py::test_mixed_scripts_4
PASSED ../../tests/test_outputs.py::test_mixed_scripts_5
PASSED ../../tests/test_outputs.py::test_mixed_scripts_6
PASSED ../../tests/test_outputs.py::test_generated_1
PASSED ../../tests/test_outputs.py::test_generated_3
PASSED ../../tests/test_outputs.py::test_generated_5
PASSED ../../tests/test_outputs.py::test_generated_8
FAILED ../../tests/test_outputs.py::test_files_and_write - AssertionError: 4 ...
FAILED ../../tests/test_outputs.py::test_generated_2 - AssertionError: 1 of 8...
FAILED ../../tests/test_outputs.py::test_generated_4 - AssertionError: 1 of 8...
FAILED ../../tests/test_outputs.py::test_generated_6 - AssertionError: 1 of 8...
FAILED ../../tests/test_outputs.py::test_generated_7 - AssertionError: 1 of 8...
======================== 5 failed, 22 passed in 13.45s =========================
