============================= test session starts ==============================
platform linux -- Python 3.13.12, pytest-9.1.1, pluggy-1.6.0
rootdir: /tests
plugins: json-ctrf-0.5.2
collected 27 items

../../tests/test_outputs.py ........F..........FFFFFFF.                  [100%]

=================================== FAILURES ===================================
__________________________________ test_regex __________________________________

    def test_regex():
>       check("regex")

/tests/test_outputs.py:252: 
_ _ _ _ _ _ _ _ _ _ _ _ _ _ _ _ _ _ _ _ _ _ _ _ _ _ _ _ _ _ _ _ _ _ _ _ _ _ _ _ 

family = 'regex'

    def check(family):
        cases = [c for c in CASES if c["family"] == family]
        assert cases, f"no cases for {family}"
        # each case runs in its own fresh directories, so cases are independent and can run
        # side by side; map() keeps the corpus order, so the first failure reported is stable
        with ThreadPoolExecutor(max_workers=WORKERS) as pool:
            results = list(pool.map(lambda case: (case, run([GNU_ED], case), run(DEMOTE + CANDIDATE, case)), cases))
        failures = [(case, want, got) for case, want, got in results if got != want]
        if failures:
            case, want, got = failures[0]
            detail = (f"{len(failures)} of {len(cases)} cases differ; first: ed {case['args']!r} with "
                      f"files {[n for n, _t in case['files']]} and script {case['script']!r} on a "
                      f"{case['stdin']}: expected output {want[0]!r} (zero status: {want[1]}, files: "
                      f"{want[2]!r}), got {got[0]!r} (zero status: {got[1]}, files: {got[2]!r})")
>           raise AssertionError(detail)
E           AssertionError: 2 of 75 cases differ; first: ed ['-s', 'f.txt'] with files ['f.txt'] and script 'g/a\\{0\\}/p\nQ\n' on a pipe: expected output b'x\n' (zero status: True, files: {'f.txt': b'x\n'}), got b'?\n' (zero status: False, files: {'f.txt': b'x\n'})

/tests/test_outputs.py:179: AssertionError
_______________________________ test_generated_1 _______________________________

    def test_generated_1():
>       check("generated_1")

/tests/test_outputs.py:296: 
_ _ _ _ _ _ _ _ _ _ _ _ _ _ _ _ _ _ _ _ _ _ _ _ _ _ _ _ _ _ _ _ _ _ _ _ _ _ _ _ 

family = 'generated_1'

    def check(family):
        cases = [c for c in CASES if c["family"] == family]
        assert cases, f"no cases for {family}"
        # each case runs in its own fresh directories, so cases are independent and can run
        # side by side; map() keeps the corpus order, so the first failure reported is stable
        with ThreadPoolExecutor(max_workers=WORKERS) as pool:
            results = list(pool.map(lambda case: (case, run([GNU_ED], case), run(DEMOTE + CANDIDATE, case)), cases))
        failures = [(case, want, got) for case, want, got in results if got != want]
        if failures:
            case, want, got = failures[0]
            detail = (f"{len(failures)} of {len(cases)} cases differ; first: ed {case['args']!r} with "
                      f"files {[n for n, _t in case['files']]} and script {case['script']!r} on a "
                      f"{case['stdin']}: expected output {want[0]!r} (zero status: {want[1]}, files: "
                      f"{want[2]!r}), got {got[0]!r} (zero status: {got[1]}, files: {got[2]!r})")
>           raise AssertionError(detail)
E           AssertionError: 3 of 80 cases differ; first: ed ['-sE', 'f.txt'] with files ['f.txt', 'other.txt'] and script '/a{0}/,m6+1np\napn\ne.e\n .\n.\n5+1;6 +1s|(o)(o)?|\\n|0\n/a|b/,=\n+++1s#a|b#-&-#0\nunp\n/(.)\\1/sg\n++;2=\ndnp\n,p\n' on a pipe: expected output b'7\tbeta two\n9\t .\n?\n7\n?\n7\tbeta two\n?\n?\n6\ta|b\n{2}\ndelta four\nMixed Case\n123\nab*c\na|b\n?\n' (zero status: False, files: {'f.txt': b'beta two\n{2}\ndelta four\nMixed Case\n123\nab*c\na|b\n', 'other.txt': b'alpha one\n0\ntab\there\nabab\nalpha one\na!b\n'}), got b'?\n9\t .\n?\n7\n?\n7\ta|b\n?\n?\n6\tab*c\nbeta two\n{2}\ndelta four\nMixed Case\n123\nab*c\n?\n' (zero status: False, files: {'f.txt': b'beta two\n{2}\ndelta four\nMixed Case\n123\nab*c\na|b\n', 'other.txt': b'alpha one\n0\ntab\there\nabab\nalpha one\na!b\n'})

/tests/test_outputs.py:179: AssertionError
_______________________________ test_generated_2 _______________________________

    def test_generated_2():
>       check("generated_2")

/tests/test_outputs.py:300: 
_ _ _ _ _ _ _ _ _ _ _ _ _ _ _ _ _ _ _ _ _ _ _ _ _ _ _ _ _ _ _ _ _ _ _ _ _ _ _ _ 

family = 'generated_2'

    def check(family):
        cases = [c for c in CASES if c["family"] == family]
        assert cases, f"no cases for {family}"
        # each case runs in its own fresh directories, so cases are independent and can run
        # side by side; map() keeps the corpus order, so the first failure reported is stable
        with ThreadPoolExecutor(max_workers=WORKERS) as pool:
            results = list(pool.map(lambda case: (case, run([GNU_ED], case), run(DEMOTE + CANDIDATE, case)), cases))
        failures = [(case, want, got) for case, want, got in results if got != want]
        if failures:
            case, want, got = failures[0]
            detail = (f"{len(failures)} of {len(cases)} cases differ; first: ed {case['args']!r} with "
                      f"files {[n for n, _t in case['files']]} and script {case['script']!r} on a "
                      f"{case['stdin']}: expected output {want[0]!r} (zero status: {want[1]}, files: "
                      f"{want[2]!r}), got {got[0]!r} (zero status: {got[1]}, files: {got[2]!r})")
>           raise AssertionError(detail)
E           AssertionError: 1 of 80 cases differ; first: ed ['-ls', 'f.txt'] with files ['f.txt', 'other.txt'] and script '$p\n,s,a\\{0\\},E,2\n??kb\n 5+ , + dp\n,4d\nw\n' on a pipe: expected output b'x1 y2 z3\n?\n' (zero status: True, files: {'f.txt': b'E/slash/\nE  lead\nEx1 y2 z3\nE#hash\nE[-a]\nEa!b\nEfoo bar foo\nEtab\there\nEx1 y2 z3\n', 'other.txt': b'back\\slash\nunder_score\nback\\slash\nx1 y2 z3\ngamma three\na!b\n'}), got b'x1 y2 z3\n?\n?\n?\n' (zero status: True, files: {'f.txt': b'/slash/\n  lead\nx1 y2 z3\n#hash\n[-a]\na!b\nfoo bar foo\ntab\there\nx1 y2 z3\n', 'other.txt': b'back\\slash\nunder_score\nback\\slash\nx1 y2 z3\ngamma three\na!b\n'})

/tests/test_outputs.py:179: AssertionError
_______________________________ test_generated_3 _______________________________

    def test_generated_3():
>       check("generated_3")

/tests/test_outputs.py:304: 
_ _ _ _ _ _ _ _ _ _ _ _ _ _ _ _ _ _ _ _ _ _ _ _ _ _ _ _ _ _ _ _ _ _ _ _ _ _ _ _ 

family = 'generated_3'

    def check(family):
        cases = [c for c in CASES if c["family"] == family]
        assert cases, f"no cases for {family}"
        # each case runs in its own fresh directories, so cases are independent and can run
        # side by side; map() keeps the corpus order, so the first failure reported is stable
        with ThreadPoolExecutor(max_workers=WORKERS) as pool:
            results = list(pool.map(lambda case: (case, run([GNU_ED], case), run(DEMOTE + CANDIDATE, case)), cases))
        failures = [(case, want, got) for case, want, got in results if got != want]
        if failures:
            case, want, got = failures[0]
            detail = (f"{len(failures)} of {len(cases)} cases differ; first: ed {case['args']!r} with "
                      f"files {[n for n, _t in case['files']]} and script {case['script']!r} on a "
                      f"{case['stdin']}: expected output {want[0]!r} (zero status: {want[1]}, files: "
                      f"{want[2]!r}), got {got[0]!r} (zero status: {got[1]}, files: {got[2]!r})")
>           raise AssertionError(detail)
E           AssertionError: 4 of 80 cases differ; first: ed ['-l'] with files ['f.txt', 'other.txt'] and script 'a\ndelta four\ntrail  \na|b\n#hash\n.\n.+1,3apn\n..\n.\n +2 , . jp\ntq\nd\n/1/,?$?+1s#[.]##2\ns/[[:punct:]]/a\\\nb/0\nt?a\\{0\\}?\n,p\n' on a pipe: expected output b'?\n?\n#hash\n?\n?\n?\n?\ndelta four\ntrail  \na|b\na|b\n?\n' (zero status: True, files: {'f.txt': b'a|b\ne.e\nbeta two\n#hash\n#hash\n  lead\n#hash\nalpha one\ntt th t\n/slash/\n[-a]\nalpha one\n', 'other.txt': b'{2}\nMixed Case\nphalp\n  lead\nback\\slash\nMixed Case\n0\n0\nfoo bar foo\naaa\nbeta two\n'}), got b'?\n?\n#hash\n?\n?\n?\n?\n?\ndelta four\ntrail  \na|b\n?\n' (zero status: True, files: {'f.txt': b'a|b\ne.e\nbeta two\n#hash\n#hash\n  lead\n#hash\nalpha one\ntt th t\n/slash/\n[-a]\nalpha one\n', 'other.txt': b'{2}\nMixed Case\nphalp\n  lead\nback\\slash\nMixed Case\n0\n0\nfoo bar foo\naaa\nbeta two\n'})

/tests/test_outputs.py:179: AssertionError
_______________________________ test_generated_4 _______________________________

    def test_generated_4():
>       check("generated_4")

/tests/test_outputs.py:308: 
_ _ _ _ _ _ _ _ _ _ _ _ _ _ _ _ _ _ _ _ _ _ _ _ _ _ _ _ _ _ _ _ _ _ _ _ _ _ _ _ 

family = 'generated_4'

    def check(family):
        cases = [c for c in CASES if c["family"] == family]
        assert cases, f"no cases for {family}"
        # each case runs in its own fresh directories, so cases are independent and can run
        # side by side; map() keeps the corpus order, so the first failure reported is stable
        with ThreadPoolExecutor(max_workers=WORKERS) as pool:
            results = list(pool.map(lambda case: (case, run([GNU_ED], case), run(DEMOTE + CANDIDATE, case)), cases))
        failures = [(case, want, got) for case, want, got in results if got != want]
        if failures:
            case, want, got = failures[0]
            detail = (f"{len(failures)} of {len(cases)} cases differ; first: ed {case['args']!r} with "
                      f"files {[n for n, _t in case['files']]} and script {case['script']!r} on a "
                      f"{case['stdin']}: expected output {want[0]!r} (zero status: {want[1]}, files: "
                      f"{want[2]!r}), got {got[0]!r} (zero status: {got[1]}, files: {got[2]!r})")
>           raise AssertionError(detail)
E           AssertionError: 3 of 80 cases differ; first: ed ['f.txt'] with files ['f.txt', 'other.txt'] and script 'u\nu\n5=\nux\n$v|o\\{0,1\\}|s/e/E/\n,.px\n,p\n' on a pipe: expected output b'33\n?\n?\n5\n?\n?\nMixed Case\nx1 y2 z3\n[-a]\naaa\na.b\n' (zero status: False, files: {'f.txt': b'Mixed Case\nx1 y2 z3\n[-a]\naaa\na.b\n', 'other.txt': b'under_score\n[-a]\na.b\n'}), got b'33\n?\n?\n5\n?\n?\n?\nMixed Case\nx1 y2 z3\n[-a]\naaa\na.b\n' (zero status: False, files: {'f.txt': b'Mixed Case\nx1 y2 z3\n[-a]\naaa\na.b\n', 'other.txt': b'under_score\n[-a]\na.b\n'})

/tests/test_outputs.py:179: AssertionError
_______________________________ test_generated_5 _______________________________

    def test_generated_5():
>       check("generated_5")

/tests/test_outputs.py:312: 
_ _ _ _ _ _ _ _ _ _ _ _ _ _ _ _ _ _ _ _ _ _ _ _ _ _ _ _ _ _ _ _ _ _ _ _ _ _ _ _ 

family = 'generated_5'

    def check(family):
        cases = [c for c in CASES if c["family"] == family]
        assert cases, f"no cases for {family}"
        # each case runs in its own fresh directories, so cases are independent and can run
        # side by side; map() keeps the corpus order, so the first failure reported is stable
        with ThreadPoolExecutor(max_workers=WORKERS) as pool:
            results = list(pool.map(lambda case: (case, run([GNU_ED], case), run(DEMOTE + CANDIDATE, case)), cases))
        failures = [(case, want, got) for case, want, got in results if got != want]
        if failures:
            case, want, got = failures[0]
            detail = (f"{len(failures)} of {len(cases)} cases differ; first: ed {case['args']!r} with "
                      f"files {[n for n, _t in case['files']]} and script {case['script']!r} on a "
                      f"{case['stdin']}: expected output {want[0]!r} (zero status: {want[1]}, files: "
                      f"{want[2]!r}), got {got[0]!r} (zero status: {got[1]}, files: {got[2]!r})")
>           raise AssertionError(detail)
E           AssertionError: 1 of 80 cases differ; first: ed ['-s', 'new.txt'] with files ['f.txt', 'other.txt'] and script 'a\na-b\n123\n.\n1+,??-,//+g|x*y*|q\ng.\\*.t.\n=5\ncpn\n..\ne.e\nq y\n.\n=5\nE\tf.txt\np\nj\n2,/a\\{0\\}/,-2+1g,[^a-e],c\\\nchg\\\n.\n,n\n' on a pipe: expected output b'?\n?\n4\tq y\n?\nphalp\n?\n1\tchg\n2\tchg\n3\tchg\n4\tchg\n5\tchg\n6\tchg\n7\taaa\n8\tchg\n9\tchg\n10\tabab\n11\tchg\n12\tchg\n13\tchg\n14\tphalp\n?\n' (zero status: False, files: {'f.txt': b'a|b\ndelta four\nx1 y2 z3\nphalp\n#hash\ne.e\naaa\nab*c\n/slash/\nabab\n[-a]\nx1 y2 z3\ntrail  \nphalp\n', 'other.txt': b'delta four\nepsilon five\nabab\nfoo bar foo\nphalp\ndelta four\na!b\n[-a]\n'}), got b'?\n?\n4\tq y\n?\nphalp\n?\n?\n?\nphalp\n1\ta|b\n2\tdelta four\n3\tx1 y2 z3\n4\tphalp\n5\t#hash\n6\te.e\n7\taaa\n8\tab*c\n9\t/slash/\n10\tabab\n11\t[-a]\n12\tx1 y2 z3\n13\ttrail  \n14\tphalp\n' (zero status: False, files: {'f.txt': b'a|b\ndelta four\nx1 y2 z3\nphalp\n#hash\ne.e\naaa\nab*c\n/slash/\nabab\n[-a]\nx1 y2 z3\ntrail  \nphalp\n', 'other.txt': b'delta four\nepsilon five\nabab\nfoo bar foo\nphalp\ndelta four\na!b\n[-a]\n'})

/tests/test_outputs.py:179: AssertionError
_______________________________ test_generated_6 _______________________________

    def test_generated_6():
>       check("generated_6")

/tests/test_outputs.py:316: 
_ _ _ _ _ _ _ _ _ _ _ _ _ _ _ _ _ _ _ _ _ _ _ _ _ _ _ _ _ _ _ _ _ _ _ _ _ _ _ _ 

family = 'generated_6'

    def check(family):
        cases = [c for c in CASES if c["family"] == family]
        assert cases, f"no cases for {family}"
        # each case runs in its own fresh directories, so cases are independent and can run
        # side by side; map() keeps the corpus order, so the first failure reported is stable
        with ThreadPoolExecutor(max_workers=WORKERS) as pool:
            results = list(pool.map(lambda case: (case, run([GNU_ED], case), run(DEMOTE + CANDIDATE, case)), cases))
        failures = [(case, want, got) for case, want, got in results if got != want]
        if failures:
            case, want, got = failures[0]
            detail = (f"{len(failures)} of {len(cases)} cases differ; first: ed {case['args']!r} with "
                      f"files {[n for n, _t in case['files']]} and script {case['script']!r} on a "
                      f"{case['stdin']}: expected output {want[0]!r} (zero status: {want[1]}, files: "
                      f"{want[2]!r}), got {got[0]!r} (zero status: {got[1]}, files: {got[2]!r})")
>           raise AssertionError(detail)
E           AssertionError: 6 of 80 cases differ; first: ed ['-s', 'f.txt'] with files ['f.txt', 'other.txt'] and script '---1,s;o*;<&>\n . , // n\n/.*/ +1,s#o\\{0,1\\}#\\&#p\n.-1u\n;in\n.\nw\n' on a file: expected output b'<>Mixed Case\n7\t<>Mixed Case\n8\ta!b\n&delta four\n?\n' (zero status: False, files: {'f.txt': b'/slash/\n{2}\na!b\n[-a]\nepsilon five\nepsilon five\nMixed Case\na!b\nMixed Case\ndelta four\n', 'other.txt': b'tab\there\nalpha one\n'}), got b'<>Mixed Case\n7\t<>Mixed Case\n8\ta!b\n?\n' (zero status: False, files: {'f.txt': b'/slash/\n{2}\na!b\n[-a]\nepsilon five\nepsilon five\nMixed Case\na!b\nMixed Case\ndelta four\n', 'other.txt': b'tab\there\nalpha one\n'})

/tests/test_outputs.py:179: AssertionError
_______________________________ test_generated_7 _______________________________

    def test_generated_7():
>       check("generated_7")

/tests/test_outputs.py:320: 
_ _ _ _ _ _ _ _ _ _ _ _ _ _ _ _ _ _ _ _ _ _ _ _ _ _ _ _ _ _ _ _ _ _ _ _ _ _ _ _ 

family = 'generated_7'

    def check(family):
        cases = [c for c in CASES if c["family"] == family]
        assert cases, f"no cases for {family}"
        # each case runs in its own fresh directories, so cases are independent and can run
        # side by side; map() keeps the corpus order, so the first failure reported is stable
        with ThreadPoolExecutor(max_workers=WORKERS) as pool:
            results = list(pool.map(lambda case: (case, run([GNU_ED], case), run(DEMOTE + CANDIDATE, case)), cases))
        failures = [(case, want, got) for case, want, got in results if got != want]
        if failures:
            case, want, got = failures[0]
            detail = (f"{len(failures)} of {len(cases)} cases differ; first: ed {case['args']!r} with "
                      f"files {[n for n, _t in case['files']]} and script {case['script']!r} on a "
                      f"{case['stdin']}: expected output {want[0]!r} (zero status: {want[1]}, files: "
                      f"{want[2]!r}), got {got[0]!r} (zero status: {got[1]}, files: {got[2]!r})")
>           raise AssertionError(detail)
E           AssertionError: 1 of 80 cases differ; first: ed ['-s', 'f.txt'] with files ['f.txt', 'other.txt'] and script "f f.txt\n?.?m'anp\nu\n?o\\{0,1\\}?# note\nw\n" on a pipe: expected output b'f.txt\n?\n?\n' (zero status: False, files: {'f.txt': b'\nfoo bar foo\n', 'other.txt': b'tab\there\n\nalpha one\nx1 y2 z3\naaa\ntab\there\nback\\slash\na|b\n123\n[-a]\nabab\n'}), got b'f.txt\n?\n?\n?\n' (zero status: False, files: {'f.txt': b'\nfoo bar foo\n', 'other.txt': b'tab\there\n\nalpha one\nx1 y2 z3\naaa\ntab\there\nback\\slash\na|b\n123\n[-a]\nabab\n'})

/tests/test_outputs.py:179: AssertionError
==================================== PASSES ====================================
=========================== short test summary info ============================
PASSED ../../tests/test_outputs.py::test_launcher_stops_delegation_and_foreign_code
PASSED ../../tests/test_outputs.py::test_addresses
PASSED ../../tests/test_outputs.py::test_append_insert_change
PASSED ../../tests/test_outputs.py::test_delete_join_move_copy
PASSED ../../tests/test_outputs.py::test_substitute
PASSED ../../tests/test_outputs.py::test_global_commands
PASSED ../../tests/test_outputs.py::test_undo
PASSED ../../tests/test_outputs.py::test_print_list_number
PASSED ../../tests/test_outputs.py::test_regex_extended
PASSED ../../tests/test_outputs.py::test_files_and_write
PASSED ../../tests/test_outputs.py::test_errors_and_exit
PASSED ../../tests/test_outputs.py::test_options
PASSED ../../tests/test_outputs.py::test_mixed_scripts_1
PASSED ../../tests/test_outputs.py::test_mixed_scripts_2
PASSED ../../tests/test_outputs.py::test_mixed_scripts_3
PASSED ../../tests/test_outputs.py::test_mixed_scripts_4
PASSED ../../tests/test_outputs.py::test_mixed_scripts_5
PASSED ../../tests/test_outputs.py::test_mixed_scripts_6
PASSED ../../tests/test_outputs.py::test_generated_8
FAILED ../../tests/test_outputs.py::test_regex - AssertionError: 2 of 75 case...
FAILED ../../tests/test_outputs.py::test_generated_1 - AssertionError: 3 of 8...
FAILED ../../tests/test_outputs.py::test_generated_2 - AssertionError: 1 of 8...
FAILED ../../tests/test_outputs.py::test_generated_3 - AssertionError: 4 of 8...
FAILED ../../tests/test_outputs.py::test_generated_4 - AssertionError: 3 of 8...
FAILED ../../tests/test_outputs.py::test_generated_5 - AssertionError: 1 of 8...
FAILED ../../tests/test_outputs.py::test_generated_6 - AssertionError: 6 of 8...
FAILED ../../tests/test_outputs.py::test_generated_7 - AssertionError: 1 of 8...
======================== 8 failed, 19 passed in 11.73s =========================
