============================= test session starts ==============================
platform linux -- Python 3.13.12, pytest-9.1.1, pluggy-1.6.0
rootdir: /tests
plugins: json-ctrf-0.5.2
collected 16 items

../../tests/test_outputs.py FFFFFFFFFFFFF...                             [100%]

=================================== FAILURES ===================================
_________________ test_rule_2_3_whole_days_and_59_minutes_free _________________

    def test_rule_2_3_whole_days_and_59_minutes_free():
        """A day rental is charged its whole days, and one more only past 59 minutes over."""
>       check_family("grace")

/tests/test_outputs.py:237: 
_ _ _ _ _ _ _ _ _ _ _ _ _ _ _ _ _ _ _ _ _ _ _ _ _ _ _ _ _ _ _ _ _ _ _ _ _ _ _ _ 
/tests/test_outputs.py:232: in check_family
    compare(bill_run(row["agreements"]), row["bills"], f"{name} {row['agreements']['branch']}")
/tests/test_outputs.py:221: in compare
    _same(actual[key], expected[key], f"{label} {key}")
_ _ _ _ _ _ _ _ _ _ _ _ _ _ _ _ _ _ _ _ _ _ _ _ _ _ _ _ _ _ _ _ _ _ _ _ _ _ _ _ 

actual = 124487, expected = 113664, where = 'grace RC3-0001 revenue'

    def _same(actual, expected, where):
>       assert type(actual) is type(expected) and actual == expected, f"{where}: {actual!r}, expected {expected!r}"
E       AssertionError: grace RC3-0001 revenue: 124487, expected 113664
E       assert (<class 'int'> is <class 'int'> and 124487 == 113664)
E        +  where <class 'int'> = type(124487)
E        +  and   <class 'int'> = type(113664)

/tests/test_outputs.py:214: AssertionError
___________________ test_rule_3_2_allowance_150_miles_a_day ____________________

    def test_rule_3_2_allowance_150_miles_a_day():
        """150 free miles for each day charged; the mile rate beyond, at rates of nought to 500."""
>       check_family("allowance")

/tests/test_outputs.py:242: 
_ _ _ _ _ _ _ _ _ _ _ _ _ _ _ _ _ _ _ _ _ _ _ _ _ _ _ _ _ _ _ _ _ _ _ _ _ _ _ _ 
/tests/test_outputs.py:232: in check_family
    compare(bill_run(row["agreements"]), row["bills"], f"{name} {row['agreements']['branch']}")
/tests/test_outputs.py:221: in compare
    _same(actual[key], expected[key], f"{label} {key}")
_ _ _ _ _ _ _ _ _ _ _ _ _ _ _ _ _ _ _ _ _ _ _ _ _ _ _ _ _ _ _ _ _ _ _ _ _ _ _ _ 

actual = 263511, expected = 114237, where = 'allowance RC3-0003 revenue'

    def _same(actual, expected, where):
>       assert type(actual) is type(expected) and actual == expected, f"{where}: {actual!r}, expected {expected!r}"
E       AssertionError: allowance RC3-0003 revenue: 263511, expected 114237
E       assert (<class 'int'> is <class 'int'> and 263511 == 114237)
E        +  where <class 'int'> = type(263511)
E        +  and   <class 'int'> = type(114237)

/tests/test_outputs.py:214: AssertionError
______________________ test_rule_2_4_odometer_turns_over _______________________

    def test_rule_2_4_odometer_turns_over():
        """A reading coming back smaller than the one going out has turned over at 1,000,000."""
>       check_family("turnover")

/tests/test_outputs.py:247: 
_ _ _ _ _ _ _ _ _ _ _ _ _ _ _ _ _ _ _ _ _ _ _ _ _ _ _ _ _ _ _ _ _ _ _ _ _ _ _ _ 
/tests/test_outputs.py:232: in check_family
    compare(bill_run(row["agreements"]), row["bills"], f"{name} {row['agreements']['branch']}")
/tests/test_outputs.py:221: in compare
    _same(actual[key], expected[key], f"{label} {key}")
_ _ _ _ _ _ _ _ _ _ _ _ _ _ _ _ _ _ _ _ _ _ _ _ _ _ _ _ _ _ _ _ _ _ _ _ _ _ _ _ 

actual = 725274, expected = 1345548, where = 'turnover RC3-0005 revenue'

    def _same(actual, expected, where):
>       assert type(actual) is type(expected) and actual == expected, f"{where}: {actual!r}, expected {expected!r}"
E       AssertionError: turnover RC3-0005 revenue: 725274, expected 1345548
E       assert (<class 'int'> is <class 'int'> and 725274 == 1345548)
E        +  where <class 'int'> = type(725274)
E        +  and   <class 'int'> = type(1345548)

/tests/test_outputs.py:214: AssertionError
_________________________ test_rule_3_3_refuelling_fee _________________________

    def test_rule_3_3_refuelling_fee():
        """Each eighth short at the fuel rate plus the 1,500-cent refuelling fee."""
>       check_family("refuelling")

/tests/test_outputs.py:252: 
_ _ _ _ _ _ _ _ _ _ _ _ _ _ _ _ _ _ _ _ _ _ _ _ _ _ _ _ _ _ _ _ _ _ _ _ _ _ _ _ 
/tests/test_outputs.py:232: in check_family
    compare(bill_run(row["agreements"]), row["bills"], f"{name} {row['agreements']['branch']}")
/tests/test_outputs.py:221: in compare
    _same(actual[key], expected[key], f"{label} {key}")
_ _ _ _ _ _ _ _ _ _ _ _ _ _ _ _ _ _ _ _ _ _ _ _ _ _ _ _ _ _ _ _ _ _ _ _ _ _ _ _ 

actual = 62350, expected = 66899, where = 'refuelling RC3-0006 revenue'

    def _same(actual, expected, where):
>       assert type(actual) is type(expected) and actual == expected, f"{where}: {actual!r}, expected {expected!r}"
E       AssertionError: refuelling RC3-0006 revenue: 62350, expected 66899
E       assert (<class 'int'> is <class 'int'> and 62350 == 66899)
E        +  where <class 'int'> = type(62350)
E        +  and   <class 'int'> = type(66899)

/tests/test_outputs.py:214: AssertionError
_______________________ test_rule_4_1_fuel_is_not_taxed ________________________

    def test_rule_4_1_fuel_is_not_taxed():
        """Tax is 8.25 per cent of the time and mileage charges only."""
>       check_family("tax_base")

/tests/test_outputs.py:257: 
_ _ _ _ _ _ _ _ _ _ _ _ _ _ _ _ _ _ _ _ _ _ _ _ _ _ _ _ _ _ _ _ _ _ _ _ _ _ _ _ 
/tests/test_outputs.py:232: in check_family
    compare(bill_run(row["agreements"]), row["bills"], f"{name} {row['agreements']['branch']}")
/tests/test_outputs.py:221: in compare
    _same(actual[key], expected[key], f"{label} {key}")
_ _ _ _ _ _ _ _ _ _ _ _ _ _ _ _ _ _ _ _ _ _ _ _ _ _ _ _ _ _ _ _ _ _ _ _ _ _ _ _ 

actual = 66027, expected = 60208, where = 'tax_base RC3-0007 revenue'

    def _same(actual, expected, where):
>       assert type(actual) is type(expected) and actual == expected, f"{where}: {actual!r}, expected {expected!r}"
E       AssertionError: tax_base RC3-0007 revenue: 66027, expected 60208
E       assert (<class 'int'> is <class 'int'> and 66027 == 60208)
E        +  where <class 'int'> = type(66027)
E        +  and   <class 'int'> = type(60208)

/tests/test_outputs.py:214: AssertionError
_____________________ test_rule_1_2_tax_half_cent_goes_up ______________________

    def test_rule_1_2_tax_half_cent_goes_up():
        """The tax to the nearest cent, an exact half cent going up."""
>       check_family("tax_rounding")

/tests/test_outputs.py:262: 
_ _ _ _ _ _ _ _ _ _ _ _ _ _ _ _ _ _ _ _ _ _ _ _ _ _ _ _ _ _ _ _ _ _ _ _ _ _ _ _ 
/tests/test_outputs.py:232: in check_family
    compare(bill_run(row["agreements"]), row["bills"], f"{name} {row['agreements']['branch']}")
/tests/test_outputs.py:221: in compare
    _same(actual[key], expected[key], f"{label} {key}")
_ _ _ _ _ _ _ _ _ _ _ _ _ _ _ _ _ _ _ _ _ _ _ _ _ _ _ _ _ _ _ _ _ _ _ _ _ _ _ _ 

actual = 18521, expected = 18419, where = 'tax_rounding RC3-0009 revenue'

    def _same(actual, expected, where):
>       assert type(actual) is type(expected) and actual == expected, f"{where}: {actual!r}, expected {expected!r}"
E       AssertionError: tax_rounding RC3-0009 revenue: 18521, expected 18419
E       assert (<class 'int'> is <class 'int'> and 18521 == 18419)
E        +  where <class 'int'> = type(18521)
E        +  and   <class 'int'> = type(18419)

/tests/test_outputs.py:214: AssertionError
_______________________ test_bill_order_and_file_totals ________________________

    def test_bill_order_and_file_totals():
        """Bills in file order; revenue and tax summed over the file."""
>       check_family("order_and_totals")

/tests/test_outputs.py:267: 
_ _ _ _ _ _ _ _ _ _ _ _ _ _ _ _ _ _ _ _ _ _ _ _ _ _ _ _ _ _ _ _ _ _ _ _ _ _ _ _ 
/tests/test_outputs.py:232: in check_family
    compare(bill_run(row["agreements"]), row["bills"], f"{name} {row['agreements']['branch']}")
/tests/test_outputs.py:221: in compare
    _same(actual[key], expected[key], f"{label} {key}")
_ _ _ _ _ _ _ _ _ _ _ _ _ _ _ _ _ _ _ _ _ _ _ _ _ _ _ _ _ _ _ _ _ _ _ _ _ _ _ _ 

actual = 122106, expected = 108303, where = 'order_and_totals RC3-0010 revenue'

    def _same(actual, expected, where):
>       assert type(actual) is type(expected) and actual == expected, f"{where}: {actual!r}, expected {expected!r}"
E       AssertionError: order_and_totals RC3-0010 revenue: 122106, expected 108303
E       assert (<class 'int'> is <class 'int'> and 122106 == 108303)
E        +  where <class 'int'> = type(122106)
E        +  and   <class 'int'> = type(108303)

/tests/test_outputs.py:214: AssertionError
__________________ test_rental_under_a_day_keeps_todays_days ___________________

    def test_rental_under_a_day_keeps_todays_days():
        """The manual gives no days for a rental under a day: today's step (every day begun) stands."""
>       check_family("short_days")

/tests/test_outputs.py:272: 
_ _ _ _ _ _ _ _ _ _ _ _ _ _ _ _ _ _ _ _ _ _ _ _ _ _ _ _ _ _ _ _ _ _ _ _ _ _ _ _ 
/tests/test_outputs.py:232: in check_family
    compare(bill_run(row["agreements"]), row["bills"], f"{name} {row['agreements']['branch']}")
/tests/test_outputs.py:221: in compare
    _same(actual[key], expected[key], f"{label} {key}")
_ _ _ _ _ _ _ _ _ _ _ _ _ _ _ _ _ _ _ _ _ _ _ _ _ _ _ _ _ _ _ _ _ _ _ _ _ _ _ _ 

actual = 27060, expected = 27065, where = 'short_days RC3-0011 revenue'

    def _same(actual, expected, where):
>       assert type(actual) is type(expected) and actual == expected, f"{where}: {actual!r}, expected {expected!r}"
E       AssertionError: short_days RC3-0011 revenue: 27060, expected 27065
E       assert (<class 'int'> is <class 'int'> and 27060 == 27065)
E        +  where <class 'int'> = type(27060)
E        +  and   <class 'int'> = type(27065)

/tests/test_outputs.py:214: AssertionError
_______________ test_rule_3_2_allowance_on_a_rental_under_a_day ________________

    def test_rule_3_2_allowance_on_a_rental_under_a_day():
        """A rental under a day of an hour or more drives 150 miles free for the day it is charged for."""
>       check_family("short_allowance")

/tests/test_outputs.py:277: 
_ _ _ _ _ _ _ _ _ _ _ _ _ _ _ _ _ _ _ _ _ _ _ _ _ _ _ _ _ _ _ _ _ _ _ _ _ _ _ _ 
/tests/test_outputs.py:232: in check_family
    compare(bill_run(row["agreements"]), row["bills"], f"{name} {row['agreements']['branch']}")
/tests/test_outputs.py:221: in compare
    _same(actual[key], expected[key], f"{label} {key}")
_ _ _ _ _ _ _ _ _ _ _ _ _ _ _ _ _ _ _ _ _ _ _ _ _ _ _ _ _ _ _ _ _ _ _ _ _ _ _ _ 

actual = 53733, expected = 24087, where = 'short_allowance RC3-0012 revenue'

    def _same(actual, expected, where):
>       assert type(actual) is type(expected) and actual == expected, f"{where}: {actual!r}, expected {expected!r}"
E       AssertionError: short_allowance RC3-0012 revenue: 53733, expected 24087
E       assert (<class 'int'> is <class 'int'> and 53733 == 24087)
E        +  where <class 'int'> = type(53733)
E        +  and   <class 'int'> = type(24087)

/tests/test_outputs.py:214: AssertionError
___________ test_car_back_as_full_or_fuller_keeps_todays_fuel_charge ___________

    def test_car_back_as_full_or_fuller_keeps_todays_fuel_charge():
        """The manual gives no fuel charge for a car back with as much fuel or more: today's step stands."""
>       check_family("fuel_not_short")

/tests/test_outputs.py:282: 
_ _ _ _ _ _ _ _ _ _ _ _ _ _ _ _ _ _ _ _ _ _ _ _ _ _ _ _ _ _ _ _ _ _ _ _ _ _ _ _ 
/tests/test_outputs.py:232: in check_family
    compare(bill_run(row["agreements"]), row["bills"], f"{name} {row['agreements']['branch']}")
/tests/test_outputs.py:221: in compare
    _same(actual[key], expected[key], f"{label} {key}")
_ _ _ _ _ _ _ _ _ _ _ _ _ _ _ _ _ _ _ _ _ _ _ _ _ _ _ _ _ _ _ _ _ _ _ _ _ _ _ _ 

actual = 25276, expected = 26650, where = 'fuel_not_short RC3-0013 revenue'

    def _same(actual, expected, where):
>       assert type(actual) is type(expected) and actual == expected, f"{where}: {actual!r}, expected {expected!r}"
E       AssertionError: fuel_not_short RC3-0013 revenue: 25276, expected 26650
E       assert (<class 'int'> is <class 'int'> and 25276 == 26650)
E        +  where <class 'int'> = type(25276)
E        +  and   <class 'int'> = type(26650)

/tests/test_outputs.py:214: AssertionError
__________________ test_figures_left_to_todays_code_together ___________________

    def test_figures_left_to_todays_code_together():
        """Rentals under an hour and under a day, cars back fuller, in one file."""
>       check_family("traps_combined")

/tests/test_outputs.py:287: 
_ _ _ _ _ _ _ _ _ _ _ _ _ _ _ _ _ _ _ _ _ _ _ _ _ _ _ _ _ _ _ _ _ _ _ _ _ _ _ _ 
/tests/test_outputs.py:232: in check_family
    compare(bill_run(row["agreements"]), row["bills"], f"{name} {row['agreements']['branch']}")
/tests/test_outputs.py:221: in compare
    _same(actual[key], expected[key], f"{label} {key}")
_ _ _ _ _ _ _ _ _ _ _ _ _ _ _ _ _ _ _ _ _ _ _ _ _ _ _ _ _ _ _ _ _ _ _ _ _ _ _ _ 

actual = 22299, expected = 18651, where = 'traps_combined RC3-0014 revenue'

    def _same(actual, expected, where):
>       assert type(actual) is type(expected) and actual == expected, f"{where}: {actual!r}, expected {expected!r}"
E       AssertionError: traps_combined RC3-0014 revenue: 22299, expected 18651
E       assert (<class 'int'> is <class 'int'> and 22299 == 18651)
E        +  where <class 'int'> = type(22299)
E        +  and   <class 'int'> = type(18651)

/tests/test_outputs.py:214: AssertionError
_________________________ test_rule_1_3_limits_reached _________________________

    def test_rule_1_3_limits_reached():
        """200 agreements; 60-day and one-day rentals; the years 2000 and 2099; every rate and reading at its ends."""
        rows = load("limits")
        assert len(rows[0]["agreements"]["agreements"]) == 200
>       check_family("limits")

/tests/test_outputs.py:294: 
_ _ _ _ _ _ _ _ _ _ _ _ _ _ _ _ _ _ _ _ _ _ _ _ _ _ _ _ _ _ _ _ _ _ _ _ _ _ _ _ 
/tests/test_outputs.py:232: in check_family
    compare(bill_run(row["agreements"]), row["bills"], f"{name} {row['agreements']['branch']}")
/tests/test_outputs.py:221: in compare
    _same(actual[key], expected[key], f"{label} {key}")
_ _ _ _ _ _ _ _ _ _ _ _ _ _ _ _ _ _ _ _ _ _ _ _ _ _ _ _ _ _ _ _ _ _ _ _ _ _ _ _ 

actual = 130149829, expected = 120074712, where = 'limits RC3-0019 revenue'

    def _same(actual, expected, where):
>       assert type(actual) is type(expected) and actual == expected, f"{where}: {actual!r}, expected {expected!r}"
E       AssertionError: limits RC3-0019 revenue: 130149829, expected 120074712
E       assert (<class 'int'> is <class 'int'> and 130149829 == 120074712)
E        +  where <class 'int'> = type(130149829)
E        +  and   <class 'int'> = type(120074712)

/tests/test_outputs.py:214: AssertionError
________________________ test_generated_agreement_files ________________________

    def test_generated_agreement_files():
        """Seeded day rentals over the rest of the rule 1.3 domain, as sealed and under fresh labels: every file twice,
        under branch names that are empty, one letter, long, non-ASCII, quoted, backslashed, spaced or freshly drawn."""
>       check_family("generated")

/tests/test_outputs.py:325: 
_ _ _ _ _ _ _ _ _ _ _ _ _ _ _ _ _ _ _ _ _ _ _ _ _ _ _ _ _ _ _ _ _ _ _ _ _ _ _ _ 
/tests/test_outputs.py:232: in check_family
    compare(bill_run(row["agreements"]), row["bills"], f"{name} {row['agreements']['branch']}")
/tests/test_outputs.py:221: in compare
    _same(actual[key], expected[key], f"{label} {key}")
_ _ _ _ _ _ _ _ _ _ _ _ _ _ _ _ _ _ _ _ _ _ _ _ _ _ _ _ _ _ _ _ _ _ _ _ _ _ _ _ 

actual = 13536507, expected = 11680154, where = 'generated RC3-0015 revenue'

    def _same(actual, expected, where):
>       assert type(actual) is type(expected) and actual == expected, f"{where}: {actual!r}, expected {expected!r}"
E       AssertionError: generated RC3-0015 revenue: 13536507, expected 11680154
E       assert (<class 'int'> is <class 'int'> and 13536507 == 11680154)
E        +  where <class 'int'> = type(13536507)
E        +  and   <class 'int'> = type(11680154)

/tests/test_outputs.py:214: AssertionError
==================================== PASSES ====================================
=========================== short test summary info ============================
PASSED ../../tests/test_outputs.py::test_candidate_cannot_read_verifier_state
PASSED ../../tests/test_outputs.py::test_only_the_package_changed
PASSED ../../tests/test_outputs.py::test_submitted_driver_unchanged
FAILED ../../tests/test_outputs.py::test_rule_2_3_whole_days_and_59_minutes_free
FAILED ../../tests/test_outputs.py::test_rule_3_2_allowance_150_miles_a_day
FAILED ../../tests/test_outputs.py::test_rule_2_4_odometer_turns_over - Asser...
FAILED ../../tests/test_outputs.py::test_rule_3_3_refuelling_fee - AssertionE...
FAILED ../../tests/test_outputs.py::test_rule_4_1_fuel_is_not_taxed - Asserti...
FAILED ../../tests/test_outputs.py::test_rule_1_2_tax_half_cent_goes_up - Ass...
FAILED ../../tests/test_outputs.py::test_bill_order_and_file_totals - Asserti...
FAILED ../../tests/test_outputs.py::test_rental_under_a_day_keeps_todays_days
FAILED ../../tests/test_outputs.py::test_rule_3_2_allowance_on_a_rental_under_a_day
FAILED ../../tests/test_outputs.py::test_car_back_as_full_or_fuller_keeps_todays_fuel_charge
FAILED ../../tests/test_outputs.py::test_figures_left_to_todays_code_together
FAILED ../../tests/test_outputs.py::test_rule_1_3_limits_reached - AssertionE...
FAILED ../../tests/test_outputs.py::test_generated_agreement_files - Assertio...
========================= 13 failed, 3 passed in 0.46s =========================
