== preflight: tbrain-cobol-statement-port ==
---- | ---------------------------- | ------
PASS | layout:task.toml             | present
PASS | layout:instruction.md        | present
PASS | layout:environment/Dockerfile | present
PASS | layout:environment/.dockerignore | present
PASS | layout:tests/Dockerfile      | present
PASS | layout:tests/test.sh         | present
PASS | layout:solution/             | present
PASS | dockerignore:.gitignore      | present
PASS | dockerignore:.pytest_cache   | present
PASS | dockerignore:.mypy_cache     | present
PASS | dockerignore:.ruff_cache     | present
PASS | dockerignore:node_modules    | present
PASS | dockerignore:.git            | present
PASS | dockerignore:.env            | present
PASS | dockerignore:solution+tests  | outside the environment/ build context
PASS | dockerfile:syntax-line       | absent
PASS | dockerfile:bind-mount        | absent
PASS | toml:author                  | anonymous
PASS | toml:artifacts               | top-level declaration present
PASS | toml:subcategory             | present
PASS | toml:expert-hours            | present
PASS | toml:separate-verifier       | enabled
PASS | toml:network-mode            | environment public; agent/verifier explicitly valid
PASS | toml:no-terminus2            | obsolete fields absent
PASS | policy:static                | metadata, all Docker stages, verifier, compose, and test runner pass
PASS | leak:canary/memory-refs      | clean
PASS | leak:stray-files             | clean
PASS | instruction:external-url     | none
PASS | binary-name                  | not applicable (no BIN= declaration)
PASS | zip:arcnames                 | 132 entries, forward-slash clean
PASS | zip:no-wrapper-dir           | task.toml at root
PASS | zip:crlf                     | clean
  zip staged pending all checks: /var/folders/p_/h2_xd20n0cx7t9ztytms9x_80000gn/T/tmp.YilGJp8riZ/tbrain-cobol-statement-port.zip
PASS | verifier:reward-dir-mode     | /logs/verifier is created with mode 0700
PASS | verifier:unprivileged-candidate | candidate-controlled subprocesses are demoted
PASS | verifier:explicit-promise-alignment | mechanical preservation-promise checks pass
PASS | verifier:test-identity       | no request.node.name leak detected
PASS | verifier:interpreter-permissions | no unsafe dual Bash-path restore pattern detected
PASS | rubric:format                | 14 criteria, closed-set + sum OK
PASS | docker:daemon                | Docker daemon responded within 15 seconds
PASS | docker:agent-build           | preflight-agent-tbrain-cobol-statement-port
PASS | docker:verifier-build        | preflight-verifier-tbrain-cobol-statement-port
PASS | docker:oracle                | separate-verifier reward 1
PASS | docker:nop                   | separate-verifier reward 0
PASS | docker:noexec-tmp            | oracle reward 1 under noexec /tmp
PASS | determinism:repeat           | three Oracle runs agree
PASS | determinism:ordering         | collection order is pinned or explicitly randomized
NOTE | panel:receipt                | no --panel-report given; builder_certified packaging requires one
----
  report written: workspace/reports/tbrain-cobol-statement-port/rev5/preflight.json
  zip written: workspace/revision/8eaa9cda-42c4-4d68-80a5-6bd99aa99c15/revisions/tbrain-cobol-statement-port-rev5.zip
  evidence written: /Users/quochoangdev/HDTechLS/hd-labs-terminus-skills-v3/workspace/reports/tbrain-cobol-statement-port/rev5/preflight-evidence
RESULT: all mechanical checks passed; semantic/manual review remains required.
