============================= test session starts ==============================
platform linux -- Python 3.13.12, pytest-9.1.1, pluggy-1.6.0
rootdir: /tests
plugins: json-ctrf-0.5.2
collected 24 items

../../tests/test_outputs.py .......F............FFFF                     [100%]

=================================== FAILURES ===================================
_____________________________ test_multiple_ranges _____________________________

    def test_multiple_ranges():
>       check("multiple_ranges")

/tests/test_outputs.py:146: 
_ _ _ _ _ _ _ _ _ _ _ _ _ _ _ _ _ _ _ _ _ _ _ _ _ _ _ _ _ _ _ _ _ _ _ _ _ _ _ _ 

family = 'multiple_ranges'

    def check(family):
        cases = [c for c in CASES if c["family"] == family]
        assert cases, f"no cases for {family}"
        failures = []
        for case in cases:
            path = workdir(case)
            try:
                want = run([GNU_SED], case, path)
                got = run(DEMOTE + CANDIDATE, case, path)
            finally:
                shutil.rmtree(path, ignore_errors=True)
            if got != want:
                failures.append((case, want, got))
        if failures:
            case, want, got = failures[0]
            files = [name for name, _text in case.get("files", [])]
            detail = (f"{len(failures)} of {len(cases)} cases differ; first: sed {arguments(case)!r} "
                      f"with files {files} on stdin {case['input'][:60]!r}: expected {want[0]!r} "
                      f"(status {want[1]}), got {got[0]!r} (status {got[1]})")
>           raise AssertionError(detail)
E           AssertionError: 8 of 11 cases differ; first: sed ['-n', '-e', '4,~4p'] with files [] on stdin 'one\ntwo\nthree\nfour\nfive\nsix\nseven\neight\nnine\nten\n': expected b'four\nfive\nsix\nseven\neight\n' (status 0), got b'four\n' (status 0)

/tests/test_outputs.py:114: AssertionError
_____________________________ test_mixed_scripts_1 _____________________________

    def test_mixed_scripts_1():
>       check("mixed_scripts_1")

/tests/test_outputs.py:198: 
_ _ _ _ _ _ _ _ _ _ _ _ _ _ _ _ _ _ _ _ _ _ _ _ _ _ _ _ _ _ _ _ _ _ _ _ _ _ _ _ 

family = 'mixed_scripts_1'

    def check(family):
        cases = [c for c in CASES if c["family"] == family]
        assert cases, f"no cases for {family}"
        failures = []
        for case in cases:
            path = workdir(case)
            try:
                want = run([GNU_SED], case, path)
                got = run(DEMOTE + CANDIDATE, case, path)
            finally:
                shutil.rmtree(path, ignore_errors=True)
            if got != want:
                failures.append((case, want, got))
        if failures:
            case, want, got = failures[0]
            files = [name for name, _text in case.get("files", [])]
            detail = (f"{len(failures)} of {len(cases)} cases differ; first: sed {arguments(case)!r} "
                      f"with files {files} on stdin {case['input'][:60]!r}: expected {want[0]!r} "
                      f"(status {want[1]}), got {got[0]!r} (status {got[1]})")
>           raise AssertionError(detail)
E           AssertionError: 2 of 147 cases differ; first: sed ['-E', '-e', '/ab/I,~1N;/e/,5!l'] with files [] on stdin 'aaa bbb aaa\nabab abba\nbaaab\nqq\n': expected b'aaa bbb aaa$\naaa bbb aaa\nabab abba\\nbaaab$\nabab abba\nbaaab\nqq\n' (status 0), got b'aaa bbb aaa$\naaa bbb aaa\nabab abba\\nbaaab$\nabab abba\nbaaab\nqq$\nqq\n' (status 0)

/tests/test_outputs.py:114: AssertionError
_____________________________ test_mixed_scripts_2 _____________________________

    def test_mixed_scripts_2():
>       check("mixed_scripts_2")

/tests/test_outputs.py:202: 
_ _ _ _ _ _ _ _ _ _ _ _ _ _ _ _ _ _ _ _ _ _ _ _ _ _ _ _ _ _ _ _ _ _ _ _ _ _ _ _ 

family = 'mixed_scripts_2'

    def check(family):
        cases = [c for c in CASES if c["family"] == family]
        assert cases, f"no cases for {family}"
        failures = []
        for case in cases:
            path = workdir(case)
            try:
                want = run([GNU_SED], case, path)
                got = run(DEMOTE + CANDIDATE, case, path)
            finally:
                shutil.rmtree(path, ignore_errors=True)
            if got != want:
                failures.append((case, want, got))
        if failures:
            case, want, got = failures[0]
            files = [name for name, _text in case.get("files", [])]
            detail = (f"{len(failures)} of {len(cases)} cases differ; first: sed {arguments(case)!r} "
                      f"with files {files} on stdin {case['input'][:60]!r}: expected {want[0]!r} "
                      f"(status {want[1]}), got {got[0]!r} (status {got[1]})")
>           raise AssertionError(detail)
E           AssertionError: 1 of 161 cases differ; first: sed ['-e', '4s/^./\\l&/;6,~3s/[]a-c]\\+/[&]/p;c\\\nCHG\ns/\\Bb/[&]/p'] with files [] on stdin 'alpha beta gamma\nabc abcd ab\nfoo=1;bar=22;baz=333\n  indented': expected b'CHG\nCHG\nCHG\nCHG\nCHG\nCHG\nl[a]st line here\nCHG\n' (status 0), got b'CHG\nCHG\nCHG\nCHG\nCHG\nCHG\nCHG\n' (status 0)

/tests/test_outputs.py:114: AssertionError
_____________________________ test_mixed_scripts_3 _____________________________

    def test_mixed_scripts_3():
>       check("mixed_scripts_3")

/tests/test_outputs.py:206: 
_ _ _ _ _ _ _ _ _ _ _ _ _ _ _ _ _ _ _ _ _ _ _ _ _ _ _ _ _ _ _ _ _ _ _ _ _ _ _ _ 

family = 'mixed_scripts_3'

    def check(family):
        cases = [c for c in CASES if c["family"] == family]
        assert cases, f"no cases for {family}"
        failures = []
        for case in cases:
            path = workdir(case)
            try:
                want = run([GNU_SED], case, path)
                got = run(DEMOTE + CANDIDATE, case, path)
            finally:
                shutil.rmtree(path, ignore_errors=True)
            if got != want:
                failures.append((case, want, got))
        if failures:
            case, want, got = failures[0]
            files = [name for name, _text in case.get("files", [])]
            detail = (f"{len(failures)} of {len(cases)} cases differ; first: sed {arguments(case)!r} "
                      f"with files {files} on stdin {case['input'][:60]!r}: expected {want[0]!r} "
                      f"(status {want[1]}), got {got[0]!r} (status {got[1]})")
>           raise AssertionError(detail)
E           AssertionError: 2 of 160 cases differ; first: sed ['-e', '1,/[0-9]/h;/^k/,~1s/[^]a]/[&]/2g;s/\\(a\\|ab\\)\\(c\\|bcd\\)*/\\U\\1\\E-&/gI'] with files [] on stdin 'key: value\nkey2:  spaced value\n# comment\nkey3:\nend\n': expected b'k[e][y][:][ ][v]A-a[l][u][e]\nk[e][y][2][:][ ][ ][s][p]A-a[c][e][d][ ][v]A-a[l][u][e]\n# comment\nk[e][y][3][:]\ne[n][d]\n' (status 0), got b'k[e][y][:][ ][v]A-a[l][u][e]\nk[e][y][2][:][ ][ ][s][p]A-a[c][e][d][ ][v]A-a[l][u][e]\n# comment\nk[e][y][3][:]\nend\n' (status 0)

/tests/test_outputs.py:114: AssertionError
_____________________________ test_mixed_scripts_4 _____________________________

    def test_mixed_scripts_4():
>       check("mixed_scripts_4")

/tests/test_outputs.py:210: 
_ _ _ _ _ _ _ _ _ _ _ _ _ _ _ _ _ _ _ _ _ _ _ _ _ _ _ _ _ _ _ _ _ _ _ _ _ _ _ _ 

family = 'mixed_scripts_4'

    def check(family):
        cases = [c for c in CASES if c["family"] == family]
        assert cases, f"no cases for {family}"
        failures = []
        for case in cases:
            path = workdir(case)
            try:
                want = run([GNU_SED], case, path)
                got = run(DEMOTE + CANDIDATE, case, path)
            finally:
                shutil.rmtree(path, ignore_errors=True)
            if got != want:
                failures.append((case, want, got))
        if failures:
            case, want, got = failures[0]
            files = [name for name, _text in case.get("files", [])]
            detail = (f"{len(failures)} of {len(cases)} cases differ; first: sed {arguments(case)!r} "
                      f"with files {files} on stdin {case['input'][:60]!r}: expected {want[0]!r} "
                      f"(status {want[1]}), got {got[0]!r} (status {got[1]})")
>           raise AssertionError(detail)
E           AssertionError: 1 of 148 cases differ; first: sed ['-e', '2~3,~3p;/e/,~4s/[^]a]/-/;/^k/D;p', 'f1', 'f2'] with files ['f1', 'f2'] on stdin '': expected b'aaa bbb aaa\naaa bbb aaa\nabab abba\nabab abba\nabab abba\nbaaab\nbaaab\nbaaab\nqq\nqq\n3.14 is pi\n3.14 is pi\n3.14 is pi\n42\n42\n42\n-7 and +8\n-7 and +8\n1e10\n-e10\n-e10\n0x1F\n-x1F\n-x1F\n' (status 0), got b'aaa bbb aaa\naaa bbb aaa\nabab abba\nabab abba\nabab abba\nbaaab\nbaaab\nbaaab\nqq\nqq\n3.14 is pi\n3.14 is pi\n3.14 is pi\n42\n42\n42\n-7 and +8\n-7 and +8\n1e10\n-e10\n-e10\n0x1F\n0x1F\n0x1F\n' (status 0)

/tests/test_outputs.py:114: AssertionError
==================================== PASSES ====================================
=========================== short test summary info ============================
PASSED ../../tests/test_outputs.py::test_substitution_and_regex_escapes
PASSED ../../tests/test_outputs.py::test_leftmost_longest_matching
PASSED ../../tests/test_outputs.py::test_back_references
PASSED ../../tests/test_outputs.py::test_bracket_expressions
PASSED ../../tests/test_outputs.py::test_case_conversion
PASSED ../../tests/test_outputs.py::test_step_and_regex_addresses
PASSED ../../tests/test_outputs.py::test_plus_ranges
PASSED ../../tests/test_outputs.py::test_zero_address
PASSED ../../tests/test_outputs.py::test_append_insert_change
PASSED ../../tests/test_outputs.py::test_hold_space
PASSED ../../tests/test_outputs.py::test_multiline_commands
PASSED ../../tests/test_outputs.py::test_branching_and_t_flag
PASSED ../../tests/test_outputs.py::test_quit_and_exit_status
PASSED ../../tests/test_outputs.py::test_l_command
PASSED ../../tests/test_outputs.py::test_y_z_and_line_numbers
PASSED ../../tests/test_outputs.py::test_comments_and_first_line
PASSED ../../tests/test_outputs.py::test_several_files
PASSED ../../tests/test_outputs.py::test_options_and_script_argument
PASSED ../../tests/test_outputs.py::test_empty_input
FAILED ../../tests/test_outputs.py::test_multiple_ranges - AssertionError: 8 ...
FAILED ../../tests/test_outputs.py::test_mixed_scripts_1 - AssertionError: 2 ...
FAILED ../../tests/test_outputs.py::test_mixed_scripts_2 - AssertionError: 1 ...
FAILED ../../tests/test_outputs.py::test_mixed_scripts_3 - AssertionError: 2 ...
FAILED ../../tests/test_outputs.py::test_mixed_scripts_4 - AssertionError: 1 ...
======================== 5 failed, 19 passed in 55.57s =========================
